Reading timing models for corner nom_typ_1p20V_25C…
Reading timing library for the 'nom_typ_1p20V_25C' corner at '/home/jaikrishn/IHP-Open-PDK/ihp-sg13g2/libs.ref/sg13g2_stdcell/lib/sg13g2_stdcell_typ_1p20V_25C.lib'…
Reading timing library for the 'nom_typ_1p20V_25C' corner at '/home/jaikrishn/IHP-Open-PDK/ihp-sg13g2/libs.ref/sg13g2_io/lib/sg13g2_io_typ_1p2V_3p3V_25C.lib'…
Reading technology LEF file at '/home/jaikrishn/IHP-Open-PDK/ihp-sg13g2/libs.ref/sg13g2_stdcell/lef/sg13g2_tech.lef'…
[INFO ODB-0227] LEF file: /home/jaikrishn/IHP-Open-PDK/ihp-sg13g2/libs.ref/sg13g2_stdcell/lef/sg13g2_tech.lef, created 19 layers, 70 vias
Reading cell LEF file at '/home/jaikrishn/IHP-Open-PDK/ihp-sg13g2/libs.ref/sg13g2_stdcell/lef/sg13g2_stdcell.lef'…
[INFO ODB-0227] LEF file: /home/jaikrishn/IHP-Open-PDK/ihp-sg13g2/libs.ref/sg13g2_stdcell/lef/sg13g2_stdcell.lef, created 84 library cells
Reading gpio pad LEF file at '/home/jaikrishn/IHP-Open-PDK/ihp-sg13g2/libs.ref/sg13g2_io/lef/sg13g2_io.lef'…
[INFO ODB-0227] LEF file: /home/jaikrishn/IHP-Open-PDK/ihp-sg13g2/libs.ref/sg13g2_io/lef/sg13g2_io.lef, created 22 library cells
Reading top-level netlist at '/home/jaikrishn/Documents/hardware/picorv32_axi4lite_port/phyisical_design/macros/interconnect/runs/run_1/06-yosys-synthesis/interconnect_macro.nl.v'…
Linking design 'interconnect_macro' from netlist…
Reading design constraints file at '/home/jaikrishn/Documents/hardware/picorv32_axi4lite_port/phyisical_design/macros/interconnect/constraint.sdc'…
[INFO] No information on clock propagation in input SDC file-- propagating all clocks.
Using site height: 3.78 and site width: 0.48…
[INFO] Using relative sizing for the floorplan.
+ initialize_floorplan -site CoreSite -utilization 25.0 -aspect_ratio 1.0 -core_space 15.12 15.12 5.76 5.76
[INFO IFP-0107] Defining die area using utilization: 25.00% and aspect ratio: 1.
[INFO IFP-0001] Added 43 rows of 344 site CoreSite.
[INFO IFP-0100] Die BBox:  (  0.000  0.000 ) ( 176.975 195.695 ) um
[INFO IFP-0101] Core BBox: (  5.760 15.120 ) ( 170.880 177.660 ) um
[INFO IFP-0102] Core area:                        26838.605 um^2
[INFO IFP-0103] Total instances area:              6843.917 um^2
[INFO IFP-0104] Effective utilization:                0.255
[INFO IFP-0105] Number of instances:                    833
[INFO IFP-0030] Inserted 0 tiecells using sg13g2_tielo/L_LO.
[INFO IFP-0030] Inserted 0 tiecells using sg13g2_tiehi/L_HI.
[INFO] Extracting DIE_AREA and CORE_AREA from the floorplan
[INFO] Floorplanned on a die area of 0.0 0.0 176.975 195.695 (µm).
[INFO] Floorplanned on a core area of 5.76 15.12 170.88 177.66 (µm).
Writing metric design__die__bbox: 0.0 0.0 176.975 195.695
Writing metric design__core__bbox: 5.76 15.12 170.88 177.66
Setting global connections for newly added cells…
[INFO] Setting global connections...
[INFO ODB-0403] 0 connections made, 0 conflicts skipped.
Updating metrics…
Cell type report:                       Count       Area
  Buffer                                  424    3077.22
  Inverter                                 45     244.94
  Multi-Input combinational cell          364    3521.75
  Total                                   833    6843.92
Writing OpenROAD database to '/home/jaikrishn/Documents/hardware/picorv32_axi4lite_port/phyisical_design/macros/interconnect/runs/run_1/13-openroad-floorplan/interconnect_macro.odb'…
Writing netlist to '/home/jaikrishn/Documents/hardware/picorv32_axi4lite_port/phyisical_design/macros/interconnect/runs/run_1/13-openroad-floorplan/interconnect_macro.nl.v'…
Writing powered netlist to '/home/jaikrishn/Documents/hardware/picorv32_axi4lite_port/phyisical_design/macros/interconnect/runs/run_1/13-openroad-floorplan/interconnect_macro.pnl.v'…
Writing layout to '/home/jaikrishn/Documents/hardware/picorv32_axi4lite_port/phyisical_design/macros/interconnect/runs/run_1/13-openroad-floorplan/interconnect_macro.def'…
Writing timing constraints to '/home/jaikrishn/Documents/hardware/picorv32_axi4lite_port/phyisical_design/macros/interconnect/runs/run_1/13-openroad-floorplan/interconnect_macro.sdc'…
