Clock: clk_i
Sources: clk_i 
Generated: no
Virtual: yes
Propagated: no
Period: 10.000000

===========================================================================
report_clock_properties
============================================================================
Clock                   Period          Waveform
----------------------------------------------------
clk_i                10.000000    0.000000  5.000000

===========================================================================
report_clock_latency
============================================================================
Clock clk_i
rise -> rise
    min     max
0.000000 0.000000 source latency
0.552338         network latency _13906_/CLK
        0.655151 network latency _14607_/CLK
---------------
0.552338 0.655151 latency
        0.102813 skew

fall -> fall
    min     max
0.000000 0.000000 source latency
0.554287         network latency _13906_/CLK
        0.654671 network latency _14607_/CLK
---------------
0.554287 0.654671 latency
        0.100384 skew



===========================================================================
report_clock_min_period
============================================================================
clk_i period_min = 6.02 fmax = 166.19
