
===========================================================================
 report_power
============================================================================
======================= nom_typ_1p20V_25C Corner ===================================

Group                    Internal    Switching      Leakage        Total
                            Power        Power        Power        Power (Watts)
------------------------------------------------------------------------
Sequential           5.452803e-04 1.229128e-05 4.539702e-08 5.576171e-04  60.8%
Combinational        3.651996e-05 7.485124e-05 1.047514e-07 1.114760e-04  12.2%
Clock                1.356788e-04 1.112391e-04 8.395700e-07 2.477574e-04  27.0%
Macro                0.000000e+00 0.000000e+00 0.000000e+00 0.000000e+00   0.0%
Pad                  0.000000e+00 0.000000e+00 0.000000e+00 0.000000e+00   0.0%
------------------------------------------------------------------------
Total                7.174795e-04 1.983815e-04 9.897141e-07 9.168508e-04 100.0%
                            78.3%        21.6%         0.1%

