Clock: clk_i
Sources: clk_i 
Generated: no
Virtual: yes
Propagated: no
Period: 10.000000

===========================================================================
report_clock_properties
============================================================================
Clock                   Period          Waveform
----------------------------------------------------
clk_i                10.000000    0.000000  5.000000

===========================================================================
report_clock_latency
============================================================================
Clock clk_i
rise -> rise
    min     max
0.000000 0.000000 source latency
0.244820         network latency _1346_/CLK
        0.271971 network latency _1261_/CLK
---------------
0.244820 0.271971 latency
        0.027151 skew

fall -> fall
    min     max
0.000000 0.000000 source latency
0.253912         network latency _1346_/CLK
        0.278441 network latency _1261_/CLK
---------------
0.253912 0.278441 latency
        0.024529 skew



===========================================================================
report_clock_min_period
============================================================================
clk_i period_min = 2.38 fmax = 419.88
