
===========================================================================
report_checks -unconstrained
===========================================================================
======================= nom_typ_1p20V_25C Corner ===================================

Startpoint: _1397_ (rising edge-triggered flip-flop clocked by clk_i)
Endpoint: _1274_ (rising edge-triggered flip-flop clocked by clk_i)
Path Group: clk_i
Path Type: max

Fanout         Cap        Slew       Delay        Time   Description
---------------------------------------------------------------------------------------------
                      0.200000    0.000000    0.000000   clock clk_i (rise edge)
                                  0.000000    0.000000   clock network delay (ideal)
                      0.200000    0.000000    0.000000 ^ _1397_/CLK (sg13g2_dfrbpq_1)
   103    0.429341    1.737188    1.418098    1.418098 ^ _1397_/Q (sg13g2_dfrbpq_1)
                                                         u_boot_ctrl.state[9] (net)
                      1.737188    0.000000    1.418098 ^ _0845_/A (sg13g2_nor2_1)
     9    0.029424    0.409693    0.502597    1.920694 v _0845_/Y (sg13g2_nor2_1)
                                                         _0275_ (net)
                      0.409693    0.000000    1.920694 v _0879_/A (sg13g2_nor4_1)
     8    0.026551    0.512003    0.514531    2.435225 ^ _0879_/Y (sg13g2_nor4_1)
                                                         _0298_ (net)
                      0.512003    0.000000    2.435225 ^ _0890_/B (sg13g2_nand3_1)
     1    0.003330    0.114876    0.161336    2.596561 v _0890_/Y (sg13g2_nand3_1)
                                                         _0306_ (net)
                      0.114876    0.000000    2.596561 v _0899_/B1 (sg13g2_a221oi_1)
     1    0.001604    0.110978    0.132244    2.728806 ^ _0899_/Y (sg13g2_a221oi_1)
                                                         _0056_ (net)
                      0.110978    0.000000    2.728806 ^ _1274_/D (sg13g2_dfrbpq_1)
                                              2.728806   data arrival time

                      0.200000   10.000000   10.000000   clock clk_i (rise edge)
                                  0.000000   10.000000   clock network delay (ideal)
                                 -0.200000    9.800000   clock uncertainty
                                  0.000000    9.800000   clock reconvergence pessimism
                                              9.800000 ^ _1274_/CLK (sg13g2_dfrbpq_1)
                                 -0.115072    9.684928   library setup time
                                              9.684928   data required time
---------------------------------------------------------------------------------------------
                                              9.684928   data required time
                                             -2.728806   data arrival time
---------------------------------------------------------------------------------------------
                                              6.956122   slack (MET)




===========================================================================
report_checks --slack_max -0.01
============================================================================
======================= nom_typ_1p20V_25C Corner ===================================

No paths found.


===========================================================================
 report_check_types -max_slew -max_cap -max_fanout -violators
============================================================================
======================= nom_typ_1p20V_25C Corner ===================================

max fanout

Pin                                   Limit Fanout  Slack
---------------------------------------------------------
_1397_/Q                                  8    103    -95 (VIOLATED)
_0716_/Y                                  8     61    -53 (VIOLATED)
_1361_/Q                                  8     40    -32 (VIOLATED)
_1392_/Q                                  8     39    -31 (VIOLATED)
_0717_/Y                                  8     36    -28 (VIOLATED)
_1365_/Q                                  8     20    -12 (VIOLATED)
_1145_/Y                                  8     19    -11 (VIOLATED)
_0843_/Y                                  8     17     -9 (VIOLATED)
_0846_/X                                  8     12     -4 (VIOLATED)
_0896_/Y                                  8     12     -4 (VIOLATED)
_1151_/Y                                  8     12     -4 (VIOLATED)
_1146_/Y                                  8     11     -3 (VIOLATED)
_1386_/Q                                  8     11     -3 (VIOLATED)
_0744_/Y                                  8     10     -2 (VIOLATED)
_1271_/Q                                  8     10     -2 (VIOLATED)
_0699_/Y                                  8      9        (VIOLATED)
_0841_/Y                                  8      9        (VIOLATED)
_0845_/Y                                  8      9        (VIOLATED)
_1259_/Q                                  8      9        (VIOLATED)
_1387_/Q                                  8      9        (VIOLATED)

max capacitance

Pin                                        Limit         Cap       Slack
------------------------------------------------------------------------
_1397_/Q                                0.300000    0.429341   -0.129341 (VIOLATED)



===========================================================================
report_parasitic_annotation -report_unannotated
============================================================================
Found 874 unannotated drivers.
 clk_i
 rst_ni
 spi_miso
 _0699_/Y
 _0700_/Y
 _0701_/Y
 _0702_/Y
 _0703_/Y
 _0704_/Y
 _0705_/Y
 _0706_/Y
 _0707_/Y
 _0708_/Y
 _0709_/Y
 _0710_/Y
 _0711_/Y
 _0712_/Y
 _0713_/Y
 _0714_/Y
 _0715_/Y
 _0716_/Y
 _0717_/Y
 _0718_/Y
 _0719_/Y
 _0720_/X
 _0721_/X
 _0722_/X
 _0723_/Y
 _0724_/X
 _0725_/X
 _0726_/X
 _0727_/Y
 _0728_/Y
 _0729_/Y
 _0730_/Y
 _0731_/X
 _0732_/Y
 _0733_/Y
 _0734_/Y
 _0735_/Y
 _0736_/Y
 _0737_/Y
 _0738_/Y
 _0739_/Y
 _0740_/Y
 _0741_/Y
 _0742_/Y
 _0743_/X
 _0744_/Y
 _0745_/X
 _0746_/Y
 _0747_/Y
 _0748_/Y
 _0749_/Y
 _0750_/Y
 _0751_/Y
 _0752_/Y
 _0753_/Y
 _0754_/Y
 _0755_/Y
 _0756_/Y
 _0757_/Y
 _0758_/X
 _0759_/X
 _0760_/Y
 _0761_/Y
 _0762_/Y
 _0763_/Y
 _0764_/Y
 _0765_/Y
 _0766_/Y
 _0767_/Y
 _0768_/Y
 _0769_/Y
 _0770_/Y
 _0771_/Y
 _0772_/Y
 _0773_/Y
 _0774_/Y
 _0775_/Y
 _0776_/Y
 _0777_/Y
 _0778_/Y
 _0779_/Y
 _0780_/Y
 _0781_/Y
 _0782_/Y
 _0783_/Y
 _0784_/Y
 _0785_/Y
 _0786_/Y
 _0787_/Y
 _0788_/Y
 _0789_/Y
 _0790_/Y
 _0791_/Y
 _0792_/Y
 _0793_/Y
 _0794_/Y
 _0795_/Y
 _0796_/Y
 _0797_/Y
 _0798_/Y
 _0799_/Y
 _0800_/Y
 _0801_/Y
 _0802_/Y
 _0803_/Y
 _0804_/Y
 _0805_/Y
 _0806_/Y
 _0807_/Y
 _0808_/Y
 _0809_/Y
 _0810_/Y
 _0811_/Y
 _0812_/Y
 _0813_/Y
 _0814_/Y
 _0815_/Y
 _0816_/Y
 _0817_/Y
 _0818_/Y
 _0819_/Y
 _0820_/Y
 _0821_/Y
 _0822_/Y
 _0823_/Y
 _0824_/Y
 _0825_/Y
 _0826_/Y
 _0827_/Y
 _0828_/X
 _0829_/X
 _0830_/Y
 _0831_/Y
 _0832_/Y
 _0833_/Y
 _0834_/Y
 _0835_/Y
 _0836_/X
 _0837_/X
 _0838_/X
 _0839_/Y
 _0840_/Y
 _0841_/Y
 _0842_/X
 _0843_/Y
 _0844_/Y
 _0845_/Y
 _0846_/X
 _0847_/Y
 _0848_/X
 _0849_/Y
 _0850_/X
 _0851_/Y
 _0852_/X
 _0853_/Y
 _0854_/Y
 _0855_/Y
 _0856_/Y
 _0857_/Y
 _0858_/Y
 _0859_/Y
 _0860_/Y
 _0861_/Y
 _0862_/Y
 _0863_/Y
 _0864_/X
 _0865_/Y
 _0866_/Y
 _0867_/Y
 _0868_/Y
 _0869_/Y
 _0870_/Y
 _0871_/Y
 _0872_/Y
 _0873_/Y
 _0874_/Y
 _0875_/Y
 _0876_/Y
 _0877_/Y
 _0878_/Y
 _0879_/Y
 _0880_/Y
 _0881_/Y
 _0882_/Y
 _0883_/Y
 _0884_/X
 _0885_/Y
 _0886_/X
 _0887_/Y
 _0888_/Y
 _0889_/X
 _0890_/Y
 _0891_/Y
 _0892_/Y
 _0893_/Y
 _0894_/Y
 _0895_/Y
 _0896_/Y
 _0897_/Y
 _0898_/Y
 _0899_/Y
 _0900_/X
 _0901_/X
 _0902_/Y
 _0903_/X
 _0904_/X
 _0905_/Y
 _0906_/Y
 _0907_/Y
 _0908_/X
 _0909_/Y
 _0910_/X
 _0911_/Y
 _0912_/Y
 _0913_/Y
 _0914_/Y
 _0915_/Y
 _0916_/Y
 _0917_/Y
 _0918_/Y
 _0919_/Y
 _0920_/Y
 _0921_/Y
 _0922_/Y
 _0923_/Y
 _0924_/Y
 _0925_/Y
 _0926_/Y
 _0927_/Y
 _0928_/Y
 _0929_/Y
 _0930_/Y
 _0931_/X
 _0932_/Y
 _0933_/Y
 _0934_/Y
 _0935_/Y
 _0936_/X
 _0937_/Y
 _0938_/Y
 _0939_/X
 _0940_/Y
 _0941_/Y
 _0942_/X
 _0943_/Y
 _0944_/Y
 _0945_/X
 _0946_/Y
 _0947_/Y
 _0948_/Y
 _0949_/Y
 _0950_/Y
 _0951_/X
 _0952_/Y
 _0953_/Y
 _0954_/Y
 _0955_/Y
 _0956_/Y
 _0957_/Y
 _0958_/Y
 _0959_/Y
 _0960_/Y
 _0961_/Y
 _0962_/Y
 _0963_/Y
 _0964_/Y
 _0965_/Y
 _0966_/Y
 _0967_/Y
 _0968_/Y
 _0969_/Y
 _0970_/Y
 _0971_/Y
 _0972_/Y
 _0973_/Y
 _0974_/Y
 _0975_/Y
 _0976_/Y
 _0977_/Y
 _0978_/Y
 _0979_/Y
 _0980_/Y
 _0981_/Y
 _0982_/Y
 _0983_/Y
 _0984_/Y
 _0985_/Y
 _0986_/Y
 _0987_/Y
 _0988_/Y
 _0989_/Y
 _0990_/Y
 _0991_/Y
 _0992_/Y
 _0993_/Y
 _0994_/Y
 _0995_/Y
 _0996_/Y
 _0997_/Y
 _0998_/Y
 _0999_/Y
 _1000_/Y
 _1001_/Y
 _1002_/Y
 _1003_/Y
 _1004_/Y
 _1005_/Y
 _1006_/Y
 _1007_/Y
 _1008_/Y
 _1009_/Y
 _1010_/Y
 _1011_/Y
 _1012_/Y
 _1013_/Y
 _1014_/Y
 _1015_/Y
 _1016_/Y
 _1017_/Y
 _1018_/Y
 _1019_/Y
 _1020_/Y
 _1021_/Y
 _1022_/Y
 _1023_/Y
 _1024_/Y
 _1025_/Y
 _1026_/Y
 _1027_/Y
 _1028_/Y
 _1029_/Y
 _1030_/Y
 _1031_/Y
 _1032_/Y
 _1033_/Y
 _1034_/Y
 _1035_/Y
 _1036_/Y
 _1037_/Y
 _1038_/Y
 _1039_/Y
 _1040_/Y
 _1041_/Y
 _1042_/Y
 _1043_/Y
 _1044_/Y
 _1045_/Y
 _1046_/Y
 _1047_/Y
 _1048_/Y
 _1049_/Y
 _1050_/Y
 _1051_/Y
 _1052_/Y
 _1053_/Y
 _1054_/Y
 _1055_/Y
 _1056_/Y
 _1057_/Y
 _1058_/Y
 _1059_/Y
 _1060_/Y
 _1061_/Y
 _1062_/Y
 _1063_/Y
 _1064_/Y
 _1065_/Y
 _1066_/Y
 _1067_/Y
 _1068_/Y
 _1069_/Y
 _1070_/Y
 _1071_/Y
 _1072_/Y
 _1073_/X
 _1074_/X
 _1075_/X
 _1076_/X
 _1077_/X
 _1078_/X
 _1079_/X
 _1080_/X
 _1081_/X
 _1082_/X
 _1083_/X
 _1084_/X
 _1085_/X
 _1086_/X
 _1087_/X
 _1088_/X
 _1089_/X
 _1090_/X
 _1091_/X
 _1092_/X
 _1093_/X
 _1094_/X
 _1095_/X
 _1096_/X
 _1097_/X
 _1098_/X
 _1099_/X
 _1100_/X
 _1101_/X
 _1102_/X
 _1103_/X
 _1104_/X
 _1105_/X
 _1106_/X
 _1107_/X
 _1108_/X
 _1109_/X
 _1110_/X
 _1111_/X
 _1112_/X
 _1113_/X
 _1114_/X
 _1115_/X
 _1116_/X
 _1117_/X
 _1118_/X
 _1119_/X
 _1120_/X
 _1121_/X
 _1122_/X
 _1123_/X
 _1124_/X
 _1125_/X
 _1126_/X
 _1127_/X
 _1128_/X
 _1129_/X
 _1130_/X
 _1131_/X
 _1132_/X
 _1133_/X
 _1134_/X
 _1135_/X
 _1136_/X
 _1137_/Y
 _1138_/Y
 _1139_/Y
 _1140_/Y
 _1141_/Y
 _1142_/X
 _1143_/X
 _1144_/X
 _1145_/Y
 _1146_/Y
 _1147_/Y
 _1148_/Y
 _1149_/Y
 _1150_/Y
 _1151_/Y
 _1152_/Y
 _1153_/Y
 _1154_/Y
 _1155_/Y
 _1156_/Y
 _1157_/Y
 _1158_/Y
 _1159_/Y
 _1160_/X
 _1161_/X
 _1162_/Y
 _1163_/Y
 _1164_/Y
 _1165_/Y
 _1166_/Y
 _1167_/Y
 _1168_/Y
 _1169_/Y
 _1170_/X
 _1171_/Y
 _1172_/Y
 _1173_/Y
 _1174_/Y
 _1175_/Y
 _1176_/Y
 _1177_/Y
 _1178_/Y
 _1179_/X
 _1180_/Y
 _1181_/Y
 _1182_/Y
 _1183_/Y
 _1184_/Y
 _1185_/Y
 _1186_/Y
 _1187_/Y
 _1188_/Y
 _1189_/Y
 _1190_/Y
 _1191_/Y
 _1192_/Y
 _1193_/Y
 _1194_/Y
 _1195_/Y
 _1196_/Y
 _1197_/Y
 _1198_/Y
 _1199_/Y
 _1200_/Y
 _1201_/Y
 _1202_/Y
 _1203_/Y
 _1204_/Y
 _1205_/Y
 _1206_/Y
 _1207_/Y
 _1208_/Y
 _1209_/Y
 _1210_/Y
 _1211_/Y
 _1212_/Y
 _1213_/Y
 _1214_/Y
 _1215_/Y
 _1216_/Y
 _1217_/Y
 _1218_/Y
 _1219_/Y
 _1220_/Y
 _1221_/Y
 _1222_/Y
 _1223_/Y
 _1224_/X
 _1225_/Y
 _1226_/Y
 _1227_/X
 _1228_/Q
 _1229_/Q
 _1230_/Q
 _1231_/Q
 _1232_/Q
 _1233_/Q
 _1234_/Q
 _1235_/Q
 _1236_/Q
 _1237_/Q
 _1238_/Q
 _1239_/Q
 _1240_/Q
 _1241_/Q
 _1242_/Q
 _1243_/Q
 _1244_/Q
 _1245_/Q
 _1246_/Q
 _1247_/Q
 _1248_/Q
 _1249_/Q
 _1250_/Q
 _1251_/Q
 _1252_/Q
 _1253_/Q
 _1254_/Q
 _1255_/Q
 _1256_/Q
 _1257_/Q
 _1258_/Q
 _1259_/Q
 _1260_/Q
 _1261_/Q
 _1262_/Q
 _1263_/Q
 _1264_/Q
 _1265_/Q
 _1266_/Q
 _1267_/Q
 _1268_/Q
 _1269_/Q
 _1270_/Q
 _1271_/Q
 _1272_/Q
 _1273_/Q
 _1274_/Q
 _1275_/Q
 _1276_/Q
 _1277_/Q
 _1278_/Q
 _1279_/Q
 _1280_/Q
 _1281_/Q
 _1282_/Q
 _1283_/Q
 _1284_/Q
 _1285_/Q
 _1286_/Q
 _1287_/Q
 _1288_/Q
 _1289_/Q
 _1290_/Q
 _1291_/Q
 _1292_/Q
 _1293_/Q
 _1294_/Q
 _1295_/Q
 _1296_/Q
 _1297_/Q
 _1298_/Q
 _1299_/Q
 _1300_/Q
 _1301_/Q
 _1302_/Q
 _1303_/Q
 _1304_/Q
 _1305_/Q
 _1306_/Q
 _1307_/Q
 _1308_/Q
 _1309_/Q
 _1310_/Q
 _1311_/Q
 _1312_/Q
 _1313_/Q
 _1314_/Q
 _1315_/Q
 _1316_/Q
 _1317_/Q
 _1318_/Q
 _1319_/Q
 _1320_/Q
 _1321_/Q
 _1322_/Q
 _1323_/Q
 _1324_/Q
 _1325_/Q
 _1326_/Q
 _1327_/Q
 _1328_/Q
 _1329_/Q
 _1330_/Q
 _1331_/Q
 _1332_/Q
 _1333_/Q
 _1334_/Q
 _1335_/Q
 _1336_/Q
 _1337_/Q
 _1338_/Q
 _1339_/Q
 _1340_/Q
 _1341_/Q
 _1342_/Q
 _1343_/Q
 _1344_/Q
 _1345_/Q
 _1346_/Q
 _1347_/Q
 _1348_/Q
 _1349_/Q
 _1350_/Q
 _1351_/Q
 _1352_/Q
 _1353_/Q
 _1354_/Q
 _1355_/Q
 _1356_/Q
 _1357_/Q
 _1358_/Q
 _1359_/Q
 _1360_/Q
 _1361_/Q
 _1362_/Q
 _1363_/Q
 _1364_/Q
 _1365_/Q
 _1366_/Q
 _1367_/Q
 _1368_/Q
 _1369_/Q
 _1370_/Q
 _1371_/Q
 _1372_/Q
 _1373_/Q
 _1374_/Q
 _1375_/Q
 _1376_/Q
 _1377_/Q
 _1378_/Q
 _1379_/Q
 _1380_/Q
 _1381_/Q
 _1382_/Q
 _1383_/Q
 _1384_/Q
 _1385_/Q
 _1386_/Q
 _1387_/Q
 _1388_/Q
 _1389_/Q
 _1390_/Q
 _1391_/Q
 _1392_/Q
 _1393_/Q
 _1394_/Q
 _1395_/Q
 _1396_/Q
 _1397_/Q
 _1398_/L_HI
 _1399_/L_HI
 _1400_/L_HI
 _1401_/L_HI
 _1402_/L_HI
 _1403_/L_HI
 _1404_/L_HI
 _1405_/L_HI
 _1406_/L_HI
 _1407_/L_HI
 _1408_/L_HI
 _1409_/L_HI
 _1410_/L_HI
 _1411_/L_HI
 _1412_/L_HI
 _1413_/L_HI
 _1414_/L_HI
 _1415_/L_HI
 _1416_/L_HI
 _1417_/L_HI
 _1418_/L_HI
 _1419_/L_HI
 _1420_/L_HI
 _1421_/L_HI
 _1422_/L_HI
 _1423_/L_HI
 _1424_/L_HI
 _1425_/L_HI
 _1426_/L_HI
 _1427_/L_HI
 _1428_/L_HI
 _1429_/L_HI
 _1430_/L_HI
 _1431_/L_HI
 _1432_/L_HI
 _1433_/L_HI
 _1434_/L_HI
 _1435_/L_HI
 _1436_/L_HI
 _1437_/L_HI
 _1438_/L_HI
 _1439_/L_HI
 _1440_/L_HI
 _1441_/L_HI
 _1442_/L_HI
 _1443_/L_HI
 _1444_/L_HI
 _1445_/L_HI
 _1446_/L_HI
 _1447_/L_HI
 _1448_/L_HI
 _1449_/L_HI
 _1450_/L_HI
 _1451_/L_HI
 _1452_/L_HI
 _1453_/L_HI
 _1454_/L_HI
 _1455_/L_HI
 _1456_/L_HI
 _1457_/L_HI
 _1458_/L_HI
 _1459_/L_HI
 _1460_/L_HI
 _1461_/L_HI
 _1462_/L_HI
 _1463_/L_HI
 _1464_/L_HI
 _1465_/L_HI
 _1466_/L_HI
 _1467_/L_HI
 _1468_/L_HI
 _1469_/L_HI
 _1470_/L_HI
 _1471_/L_HI
 _1472_/L_HI
 _1473_/L_HI
 _1474_/L_HI
 _1475_/L_HI
 _1476_/L_HI
 _1477_/L_HI
 _1478_/L_HI
 _1479_/L_HI
 _1480_/L_HI
 _1481_/L_HI
 _1482_/L_HI
 _1483_/L_HI
 _1484_/L_HI
 _1485_/L_HI
 _1486_/L_HI
 _1487_/L_HI
 _1488_/L_HI
 _1489_/L_HI
 _1490_/L_HI
 _1491_/L_HI
 _1492_/L_HI
 _1493_/L_HI
 _1494_/L_HI
 _1495_/L_HI
 _1496_/L_HI
 _1497_/L_HI
 _1498_/L_HI
 _1499_/L_HI
 _1500_/L_HI
 _1501_/L_HI
 _1502_/L_HI
 _1503_/L_HI
 _1504_/L_HI
 _1505_/L_HI
 _1506_/L_HI
 _1507_/L_HI
 _1508_/L_HI
 _1509_/L_HI
 _1510_/L_HI
 _1511_/L_HI
 _1512_/L_HI
 _1513_/L_HI
 _1514_/L_HI
 _1515_/L_HI
 _1516_/L_HI
 _1517_/L_HI
 _1518_/L_HI
 _1519_/L_HI
 _1520_/L_HI
 _1521_/L_HI
 _1522_/L_HI
 _1523_/L_HI
 _1524_/L_HI
 _1525_/L_HI
 _1526_/L_HI
 _1527_/L_HI
 _1528_/L_HI
 _1529_/L_HI
 _1530_/L_HI
 _1531_/L_HI
 _1532_/L_HI
 _1533_/L_HI
 _1534_/L_HI
 _1535_/L_HI
 _1536_/L_HI
 _1537_/L_HI
 _1538_/L_HI
 _1539_/L_HI
 _1540_/L_HI
 _1541_/L_HI
 _1542_/L_HI
 _1543_/L_HI
 _1544_/L_HI
 _1545_/L_HI
 _1546_/L_HI
 _1547_/L_HI
 _1548_/L_HI
 _1549_/L_HI
 _1550_/L_HI
 _1551_/L_HI
 _1552_/L_HI
 _1553_/L_HI
 _1554_/L_HI
 _1555_/L_HI
 _1556_/L_HI
 _1557_/L_HI
 _1558_/L_HI
 _1559_/L_HI
 _1560_/L_HI
 _1561_/L_HI
 _1562_/L_HI
 _1563_/L_HI
 _1564_/L_HI
 _1565_/L_HI
 _1566_/L_HI
 _1567_/L_HI
 _1568_/L_LO
 _1569_/L_LO
Found 0 partially unannotated drivers.

===========================================================================
max slew violation count 0
max fanout violation count 20
max cap violation count 1
============================================================================

===========================================================================
check_setup -verbose -unconstrained_endpoints -multiple_clock -no_clock -no_input_delay -loops -generated_clocks
===========================================================================
Warning: There is 1 unconstrained endpoint.
  _1388_/D
