Reading timing models for corner nom_typ_1p20V_25C…
Reading timing library for the 'nom_typ_1p20V_25C' corner at '/home/jaikrishn/IHP-Open-PDK/ihp-sg13g2/libs.ref/sg13g2_stdcell/lib/sg13g2_stdcell_typ_1p20V_25C.lib'…
Reading timing library for the 'nom_typ_1p20V_25C' corner at '/home/jaikrishn/IHP-Open-PDK/ihp-sg13g2/libs.ref/sg13g2_io/lib/sg13g2_io_typ_1p2V_3p3V_25C.lib'…
Reading OpenROAD database at '/home/jaikrishn/Documents/hardware/picorv32_axi4lite_port/phyisical_design/macros/picorv32/runs/run_3/26-odb-customioplacement/picorv32_macro.odb'…
Reading design constraints file at '/home/jaikrishn/Documents/hardware/picorv32_axi4lite_port/phyisical_design/macros/picorv32/constraint.sdc'…
[INFO] No information on clock propagation in input SDC file-- propagating all clocks.
[INFO] Setting signal min routing layer to: Metal2 and clock min routing layer to Metal2. 
[INFO] Setting signal max routing layer to: Metal5 and clock max routing layer to Metal5. 
+ global_placement -density 0.45 -routability_driven -pad_right 0 -pad_left 0 -init_wirelength_coef 0.25
[INFO GPL-0001] ---- Initialize GPL Main Data Structures
[INFO GPL-0002] DBU: 1000
[INFO GPL-0003] SiteSize: (  0.480  3.780 ) um
[INFO GPL-0004] CoreBBox: (  5.760 15.120 ) ( 715.680 721.980 ) um
[INFO GPL-0036] Movable instances area:     176553.821 um^2
[INFO GPL-0037] Total instances area:       176553.821 um^2
[INFO GPL-0035] Pin density area adjust:     12440.013 um^2
[INFO GPL-0032] ---- Initialize Region: Top-level
[INFO GPL-0006] Number of instances:              9273
[INFO GPL-0007] Movable instances:                9273
[INFO GPL-0008] Fixed instances:                     0
[INFO GPL-0009] Dummy instances:                     0
[INFO GPL-0010] Number of nets:                   9312
[INFO GPL-0011] Number of pins:                  33496
[INFO GPL-0012] Die BBox:  (  0.000  0.000 ) ( 721.760 740.480 ) um
[INFO GPL-0013] Core BBox: (  5.760 15.120 ) ( 715.680 721.980 ) um
[INFO GPL-0016] Core area:                  501814.051 um^2
[INFO GPL-0014] Region name: top-level.
[INFO GPL-0015] Region area:                501814.051 um^2
[INFO GPL-0017] Fixed instances area:            0.000 um^2
[INFO GPL-0018] Movable instances area:     188993.833 um^2
[INFO GPL-0019] Utilization:                    37.662 %
[INFO GPL-0020] Standard cells area:        188993.833 um^2
[INFO GPL-0021] Large instances area:            0.000 um^2
[INFO GPL-0005] ---- Execute Conjugate Gradient Initial Placement.
[INFO GPL-0051] Source of initial instance position counters:
	Odb location = 0	Core center = 9273	Region center = 0
[InitialPlace]  Iter: 1 conjugate gradient residual: 0.00304763 HPWL: 277526500
[InitialPlace]  Iter: 2 conjugate gradient residual: 0.00033414 HPWL: 195410564
[InitialPlace]  Iter: 3 conjugate gradient residual: 0.00004886 HPWL: 190582090
[InitialPlace]  Iter: 4 conjugate gradient residual: 0.00021680 HPWL: 186661120
[InitialPlace]  Iter: 5 conjugate gradient residual: 0.00007551 HPWL: 184197814
[InitialPlace]  Iter: 6 conjugate gradient residual: 0.00010303 HPWL: 182606847
[InitialPlace]  Iter: 7 conjugate gradient residual: 0.00008697 HPWL: 181544579
[InitialPlace]  Iter: 8 conjugate gradient residual: 0.00035896 HPWL: 180832367
[InitialPlace]  Iter: 9 conjugate gradient residual: 0.00004198 HPWL: 180189780
[InitialPlace]  Iter: 10 conjugate gradient residual: 0.00004139 HPWL: 179765412
[InitialPlace]  Iter: 11 conjugate gradient residual: 0.00005878 HPWL: 179399722
[InitialPlace]  Iter: 12 conjugate gradient residual: 0.00004415 HPWL: 179243672
[InitialPlace]  Iter: 13 conjugate gradient residual: 0.00007369 HPWL: 179036575
[InitialPlace]  Iter: 14 conjugate gradient residual: 0.00002783 HPWL: 178939363
[InitialPlace]  Iter: 15 conjugate gradient residual: 0.00003714 HPWL: 178802800
[InitialPlace]  Iter: 16 conjugate gradient residual: 0.00003264 HPWL: 178760690
[InitialPlace]  Iter: 17 conjugate gradient residual: 0.00005134 HPWL: 178665908
[InitialPlace]  Iter: 18 conjugate gradient residual: 0.00002415 HPWL: 178664709
[InitialPlace]  Iter: 19 conjugate gradient residual: 0.00003190 HPWL: 178618587
[InitialPlace]  Iter: 20 conjugate gradient residual: 0.00035242 HPWL: 178628006
[INFO GPL-0033] ---- Initialize Nesterov Region: Top-level
[INFO GPL-0023] Placement target density:       0.4500
[INFO GPL-0024] Movable insts average area:     20.381 um^2
[INFO GPL-0025] Ideal bin area:                 45.291 um^2
[INFO GPL-0026] Ideal bin count:                 11079
[INFO GPL-0027] Total bin area:             501814.051 um^2
[INFO GPL-0028] Bin count (X, Y):          64 ,     64
[INFO GPL-0029] Bin size (W * H):      11.092 * 11.045 um
[INFO GPL-0030] Number of bins:                   4096
[INFO GPL-0007] ---- Execute Nesterov Global Placement.
[INFO GPL-0031] HPWL: Half-Perimeter Wirelength
Iteration | Overflow |     HPWL (um) |  HPWL(%) |   Penalty | Group
---------------------------------------------------------------
        0 |   0.9863 |  8.946284e+04 |   +0.00% |  1.89e-16 |      
       10 |   0.9589 |  1.178403e+05 |  +31.72% |  3.08e-16 |      
       20 |   0.9558 |  1.228427e+05 |   +4.25% |  5.01e-16 |      
       30 |   0.9541 |  1.243837e+05 |   +1.25% |  8.15e-16 |      
       40 |   0.9523 |  1.260648e+05 |   +1.35% |  1.33e-15 |      
       50 |   0.9520 |  1.264022e+05 |   +0.27% |  2.16e-15 |      
       60 |   0.9515 |  1.258795e+05 |   -0.41% |  3.52e-15 |      
       70 |   0.9527 |  1.245484e+05 |   -1.06% |  5.74e-15 |      
       80 |   0.9530 |  1.228041e+05 |   -1.40% |  9.35e-15 |      
       90 |   0.9536 |  1.209224e+05 |   -1.53% |  1.52e-14 |      
      100 |   0.9543 |  1.189738e+05 |   -1.61% |  2.48e-14 |      
      110 |   0.9543 |  1.171953e+05 |   -1.49% |  4.04e-14 |      
      120 |   0.9542 |  1.158664e+05 |   -1.13% |  6.58e-14 |      
      130 |   0.9533 |  1.152225e+05 |   -0.56% |  1.07e-13 |      
      140 |   0.9532 |  1.153676e+05 |   +0.13% |  1.75e-13 |      
      150 |   0.9527 |  1.164581e+05 |   +0.95% |  2.84e-13 |      
      160 |   0.9514 |  1.188161e+05 |   +2.02% |  4.63e-13 |      
      170 |   0.9481 |  1.229832e+05 |   +3.51% |  7.54e-13 |      
      180 |   0.9424 |  1.299535e+05 |   +5.67% |  1.23e-12 |      
      190 |   0.9338 |  1.388973e+05 |   +6.88% |  2.00e-12 |      
      200 |   0.9251 |  1.487870e+05 |   +7.12% |  3.25e-12 |      
      210 |   0.9142 |  1.606621e+05 |   +7.98% |  5.29e-12 |      
      220 |   0.8956 |  1.757304e+05 |   +9.38% |  8.60e-12 |      
      230 |   0.8708 |  1.933919e+05 |  +10.05% |  1.40e-11 |      
      240 |   0.8464 |  2.115097e+05 |   +9.37% |  2.27e-11 |      
      250 |   0.8163 |  2.289239e+05 |   +8.23% |  3.69e-11 |      
      260 |   0.7835 |  2.438005e+05 |   +6.50% |  6.01e-11 |      
      270 |   0.7463 |  2.581231e+05 |   +5.87% |  9.77e-11 |      
      280 |   0.7081 |  2.706824e+05 |   +4.87% |  1.59e-10 |      
      290 |   0.6629 |  2.819505e+05 |   +4.16% |  2.59e-10 |      
      300 |   0.6198 |  2.964736e+05 |   +5.15% |  4.21e-10 |      
[INFO GPL-0038] Routability snapshot saved at iter = 306
      305 |   0.5969 |  3.018015e+05 |          |           |      
      310 |   0.5761 |  3.053336e+05 |   +2.99% |  6.84e-10 |      
      320 |   0.5279 |  3.115605e+05 |   +2.04% |  1.11e-09 |      
      330 |   0.4835 |  3.146477e+05 |   +0.99% |  1.81e-09 |      
      340 |   0.4403 |  3.198700e+05 |   +1.66% |  2.95e-09 |      
      350 |   0.3983 |  3.235961e+05 |   +1.16% |  4.81e-09 |      
      360 |   0.3537 |  3.274163e+05 |   +1.18% |  7.83e-09 |      
      370 |   0.3175 |  3.292992e+05 |   +0.58% |  1.19e-08 |      
[INFO GPL-0040] Routability iteration: 1
[WARNING GRT-0281] Net clk_i has a large fanout of 1595 terminals.
[INFO GPL-0041] Total routing overflow: 0.0000
[INFO GPL-0042] Number of overflowed tiles: 0 (0.00%)
[INFO GPL-0043] Average top 0.5% routing congestion: 0.8293
[INFO GPL-0044] Average top 1.0% routing congestion: 0.8025
[INFO GPL-0045] Average top 2.0% routing congestion: 0.7698
[INFO GPL-0046] Average top 5.0% routing congestion: 0.7169
[INFO GPL-0047] Routability iteration weighted routing congestion: 0.8159
[INFO GPL-0050] Weighted routing congestion is lower than target routing congestion(1.0100), end routability optimization.
[INFO GPL-0090] Routability finished. Target routing congestion achieved succesfully.
Iteration | Overflow |     HPWL (um) |  HPWL(%) |   Penalty | Group
---------------------------------------------------------------
      380 |   0.2880 |  3.310246e+05 |   +0.52% |  1.75e-08 |      
      390 |   0.2622 |  3.324751e+05 |   +0.44% |  2.58e-08 |      
      400 |   0.2316 |  3.331169e+05 |   +0.19% |  3.80e-08 |      
      410 |   0.2069 |  3.339591e+05 |   +0.25% |  5.59e-08 |      
      420 |   0.1773 |  3.343103e+05 |   +0.11% |  8.24e-08 |      
      430 |   0.1510 |  3.349180e+05 |   +0.18% |  1.21e-07 |      
      440 |   0.1267 |  3.354344e+05 |   +0.15% |  1.79e-07 |      
      450 |   0.1020 |  3.358515e+05 |   +0.12% |  2.63e-07 |      
      452 |   0.0987 |  3.358180e+05 |          |  2.96e-07 |      
---------------------------------------------------------------
[INFO GPL-1001] Global placement finished at iteration 452
[INFO GPL-1003] Routability mode iteration count: 71
[INFO GPL-1005] Routability final weighted congestion: 0.7819
[INFO GPL-1002] Placed Cell Area            188993.8334
[INFO GPL-1003] Available Free Area         501814.0512
[INFO GPL-1004] Minimum Feasible Density        0.3800 (cell_area / free_area)
[INFO GPL-1006]   Suggested Target Densities:
[INFO GPL-1007]     - For 90% usage of free space: 0.4185
[INFO GPL-1008]     - For 80% usage of free space: 0.4708
[INFO GPL-1009]     - For 50% usage of free space: 0.7532
[INFO GPL-1011] Original area (um^2): 188993.83
[INFO GPL-1012] Total routability artificial inflation: 0.00 (+0.00%)
[INFO GPL-1014] Final placement area: 188993.83 (+0.00%)
Setting global connections for newly added cells…
[INFO] Setting global connections...
[INFO ODB-0403] 0 connections made, 0 conflicts skipped.
Updating metrics…
Cell type report:                       Count       Area
  Buffer                                   63     457.23
  Inverter                                 71     386.47
  Sequential cell                        1594   78088.15
  Multi-Input combinational cell         7545   97621.98
  Total                                  9273  176553.82
Writing OpenROAD database to '/home/jaikrishn/Documents/hardware/picorv32_axi4lite_port/phyisical_design/macros/picorv32/runs/run_3/28-openroad-globalplacement/picorv32_macro.odb'…
Writing netlist to '/home/jaikrishn/Documents/hardware/picorv32_axi4lite_port/phyisical_design/macros/picorv32/runs/run_3/28-openroad-globalplacement/picorv32_macro.nl.v'…
Writing powered netlist to '/home/jaikrishn/Documents/hardware/picorv32_axi4lite_port/phyisical_design/macros/picorv32/runs/run_3/28-openroad-globalplacement/picorv32_macro.pnl.v'…
Writing layout to '/home/jaikrishn/Documents/hardware/picorv32_axi4lite_port/phyisical_design/macros/picorv32/runs/run_3/28-openroad-globalplacement/picorv32_macro.def'…
Writing timing constraints to '/home/jaikrishn/Documents/hardware/picorv32_axi4lite_port/phyisical_design/macros/picorv32/runs/run_3/28-openroad-globalplacement/picorv32_macro.sdc'…
