
===========================================================================
Violator List
============================================================================
[hold in-reg] mem_axi_rdata[7] -> _15176_/D : -0.263149
[hold in-reg] mem_axi_wready -> _14764_/D : -0.261724
[hold in-reg] mem_axi_rdata[6] -> _15175_/D : -0.255480
[hold in-reg] mem_axi_rdata[12] -> _15181_/D : -0.254981
[hold in-reg] mem_axi_rdata[10] -> _15179_/D : -0.252368
[hold in-reg] mem_axi_rdata[3] -> _15172_/D : -0.249351
[hold in-reg] mem_axi_rdata[2] -> _15171_/D : -0.248709
[hold in-reg] mem_axi_rdata[0] -> _15169_/D : -0.246760
[hold in-reg] mem_axi_rdata[1] -> _15170_/D : -0.245661
[hold in-reg] mem_axi_rdata[13] -> _15182_/D : -0.242570
[hold in-reg] mem_axi_rdata[8] -> _15177_/D : -0.240465
[hold in-reg] mem_axi_awready -> _14762_/D : -0.235268
[hold in-reg] mem_axi_rdata[14] -> _15183_/D : -0.234274
[hold in-reg] mem_axi_rdata[11] -> _15180_/D : -0.233066
[hold in-reg] mem_axi_rdata[4] -> _15173_/D : -0.223837
[hold in-reg] mem_axi_rdata[9] -> _15178_/D : -0.220441
[hold in-reg] mem_axi_rdata[27] -> _15196_/D : -0.204258
[hold in-reg] mem_axi_rdata[15] -> _15184_/D : -0.185503
[hold in-reg] mem_axi_rdata[25] -> _15194_/D : -0.183995
[hold in-reg] mem_axi_rdata[5] -> _15174_/D : -0.181562
[hold in-reg] mem_axi_rdata[22] -> _15191_/D : -0.176017
[hold in-reg] mem_axi_rdata[28] -> _15197_/D : -0.173811
[hold in-reg] mem_axi_rdata[24] -> _15193_/D : -0.173441
[hold in-reg] mem_axi_rdata[29] -> _15198_/D : -0.173413
[hold in-reg] mem_axi_rdata[17] -> _15186_/D : -0.172580
[hold in-reg] mem_axi_rdata[20] -> _15189_/D : -0.170980
[hold in-reg] mem_axi_rdata[31] -> _15200_/D : -0.166556
[hold in-reg] mem_axi_rdata[23] -> _15192_/D : -0.163827
[hold in-reg] mem_axi_rdata[26] -> _15195_/D : -0.163282
[hold in-reg] mem_axi_rdata[30] -> _15199_/D : -0.161516
[hold in-reg] mem_axi_rdata[21] -> _15190_/D : -0.160364
[hold in-reg] mem_axi_rdata[18] -> _15187_/D : -0.160285
[hold in-reg] mem_axi_rdata[16] -> _15185_/D : -0.158163
[hold in-reg] mem_axi_rdata[7] -> _15110_/D : -0.156120
[hold in-reg] mem_axi_rdata[19] -> _15188_/D : -0.155318
[hold in-reg] mem_axi_rdata[2] -> _15070_/D : -0.153820
[hold in-reg] mem_axi_rdata[12] -> _14757_/D : -0.149496
[hold in-reg] mem_axi_rdata[10] -> _15113_/D : -0.145476
[hold in-reg] mem_axi_rdata[5] -> _15069_/D : -0.144862
[hold in-reg] mem_axi_rdata[8] -> _15111_/D : -0.135707
[hold in-reg] mem_axi_rdata[13] -> _14758_/D : -0.135070
[hold in-reg] mem_axi_rdata[9] -> _15022_/D : -0.134262
[hold in-reg] mem_axi_rdata[7] -> _15028_/D : -0.130069
[hold in-reg] mem_axi_bvalid -> _14749_/D : -0.130023
[hold in-reg] mem_axi_rdata[11] -> _15114_/D : -0.126513
[hold in-reg] mem_axi_rdata[14] -> _14759_/D : -0.126374
[hold in-reg] mem_axi_rdata[5] -> _15129_/D : -0.126180
[hold in-reg] mem_axi_bvalid -> _14765_/D : -0.124853
[hold in-reg] mem_axi_rdata[8] -> _15021_/D : -0.123708
[hold in-reg] mem_axi_rdata[1] -> _15128_/D : -0.119019
[hold in-reg] mem_axi_rdata[6] -> _15027_/D : -0.117373
[hold in-reg] mem_axi_rdata[10] -> _15023_/D : -0.116346
[hold in-reg] mem_axi_rdata[9] -> _15112_/D : -0.112738
[hold in-reg] mem_axi_rdata[3] -> _15024_/D : -0.104877
[hold in-reg] mem_axi_rdata[10] -> _15031_/D : -0.095079
[hold in-reg] mem_axi_rdata[27] -> _14753_/D : -0.092198
[hold in-reg] mem_axi_rdata[5] -> _15124_/D : -0.091737
[hold in-reg] mem_axi_rdata[14] -> _15071_/D : -0.090051
[hold in-reg] mem_axi_rdata[6] -> _15127_/D : -0.089642
[hold in-reg] mem_axi_rdata[8] -> _15029_/D : -0.087009
[hold in-reg] mem_axi_rdata[4] -> _15025_/D : -0.086145
[hold in-reg] mem_axi_rdata[5] -> _15026_/D : -0.082718
[hold in-reg] mem_axi_rdata[11] -> _15032_/D : -0.081979
[hold in-reg] mem_axi_rdata[15] -> _15115_/D : -0.080405
[hold in-reg] mem_axi_rdata[15] -> _13657_/D : -0.080337
[hold in-reg] mem_axi_rdata[25] -> _14751_/D : -0.078050
[hold in-reg] mem_axi_rdata[6] -> _15068_/D : -0.073783
[hold in-reg] mem_axi_rdata[22] -> _15121_/D : -0.072424
[hold in-reg] mem_axi_rdata[22] -> _15212_/D : -0.072398
[hold in-reg] mem_axi_rdata[29] -> _14755_/D : -0.069381
[hold in-reg] mem_axi_rdata[28] -> _14754_/D : -0.068976
[hold in-reg] mem_axi_rdata[20] -> _15119_/D : -0.067761
[hold in-reg] mem_axi_rdata[17] -> _13659_/D : -0.067373
[hold in-reg] mem_axi_rdata[24] -> _14750_/D : -0.067026
[hold in-reg] mem_axi_rdata[24] -> _15214_/D : -0.066683
[hold in-reg] mem_axi_rdata[17] -> _15117_/D : -0.066464
[hold in-reg] mem_axi_rdata[17] -> _15038_/D : -0.062718
[hold in-reg] mem_axi_rdata[31] -> _14761_/D : -0.061942
[hold in-reg] mem_axi_rdata[30] -> _14756_/D : -0.058874
[hold in-reg] mem_axi_rdata[26] -> _14752_/D : -0.058762
[hold in-reg] mem_axi_rdata[23] -> _15122_/D : -0.057397
[hold in-reg] mem_axi_rdata[16] -> _15116_/D : -0.057244
[hold in-reg] mem_axi_rdata[21] -> _15120_/D : -0.055170
[hold in-reg] mem_axi_rdata[18] -> _13660_/D : -0.054627
[hold in-reg] mem_axi_rdata[16] -> _15037_/D : -0.053997
[hold in-reg] mem_axi_rdata[18] -> _15118_/D : -0.053836
[hold in-reg] mem_axi_rdata[21] -> _15211_/D : -0.052770
[hold in-reg] mem_axi_rdata[16] -> _13658_/D : -0.052751
[hold in-reg] mem_axi_rdata[28] -> _15049_/D : -0.052363
[hold in-reg] mem_axi_rdata[24] -> _15045_/D : -0.049337
[hold in-reg] mem_axi_rdata[19] -> _14760_/D : -0.049169
[hold in-reg] mem_axi_rdata[19] -> _13661_/D : -0.049048
[hold in-reg] mem_axi_rdata[20] -> _15041_/D : -0.048052
[hold in-reg] mem_axi_arready -> _14763_/D : -0.046102
[hold in-reg] mem_axi_rdata[20] -> _15210_/D : -0.045675
[hold in-reg] mem_axi_rdata[23] -> _15044_/D : -0.043980
[hold in-reg] mem_axi_rdata[18] -> _15039_/D : -0.041476
[hold in-reg] mem_axi_rdata[19] -> _15040_/D : -0.041172
[hold in-reg] mem_axi_rdata[21] -> _15042_/D : -0.035084
[hold in-reg] mem_axi_rdata[23] -> _15213_/D : -0.034972
[hold in-reg] mem_axi_rdata[26] -> _15047_/D : -0.034285
[hold in-reg] mem_axi_rdata[5] -> _15130_/D : -0.019922
[hold in-reg] mem_axi_rdata[14] -> _15035_/D : -0.019162
[hold in-reg] mem_axi_rdata[22] -> _15043_/D : -0.018718
[hold in-reg] mem_axi_rdata[12] -> _15033_/D : -0.017246
[hold in-reg] mem_axi_rdata[9] -> _15030_/D : -0.001509
Writing metric timing__hold_vio__count__corner:nom_typ_1p20V_25C: 106
Writing metric timing__hold_r2r__ws__corner:nom_typ_1p20V_25C: 0.173867
Writing metric timing__hold_r2r_vio__count__corner:nom_typ_1p20V_25C: 0
Writing metric timing__setup_vio__count__corner:nom_typ_1p20V_25C: 0
Writing metric timing__setup_r2r__ws__corner:nom_typ_1p20V_25C: 5.290509
Writing metric timing__setup_r2r_vio__count__corner:nom_typ_1p20V_25C: 0
