Clock: clk_i
Sources: clk_i 
Generated: no
Virtual: yes
Propagated: no
Period: 10.000000

===========================================================================
report_clock_properties
============================================================================
Clock                   Period          Waveform
----------------------------------------------------
clk_i                10.000000    0.000000  5.000000

===========================================================================
report_clock_latency
============================================================================
Clock clk_i
rise -> rise
    min     max
0.000000 0.000000 source latency
0.286454         network latency _1354_/CLK
        0.310744 network latency _1253_/CLK
---------------
0.286454 0.310744 latency
        0.024290 skew

fall -> fall
    min     max
0.000000 0.000000 source latency
0.292203         network latency _1354_/CLK
        0.314050 network latency _1253_/CLK
---------------
0.292203 0.314050 latency
        0.021847 skew



===========================================================================
report_clock_min_period
============================================================================
clk_i period_min = 2.64 fmax = 378.14
