Clock: clk_i
Sources: clk_i 
Generated: no
Virtual: yes
Propagated: no
Period: 10.000000

===========================================================================
report_clock_properties
============================================================================
Clock                   Period          Waveform
----------------------------------------------------
clk_i                10.000000    0.000000  5.000000

===========================================================================
report_clock_latency
============================================================================
Clock clk_i
rise -> rise
    min     max
0.000000 0.000000 source latency
0.415124         network latency _14197_/CLK
        0.474517 network latency _14945_/CLK
---------------
0.415124 0.474517 latency
        0.059393 skew

fall -> fall
    min     max
0.000000 0.000000 source latency
0.422819         network latency _14197_/CLK
        0.478042 network latency _14945_/CLK
---------------
0.422819 0.478042 latency
        0.055222 skew



===========================================================================
report_clock_min_period
============================================================================
clk_i period_min = 5.72 fmax = 174.74
