
===========================================================================
report_checks -unconstrained
===========================================================================
======================= nom_typ_1p20V_25C Corner ===================================

Startpoint: m_araddr[30] (input port clocked by clk_i)
Endpoint: m_arready (output port clocked by clk_i)
Path Group: clk_i
Path Type: max

Fanout         Cap        Slew       Delay        Time   Description
---------------------------------------------------------------------------------------------
                                  0.000000    0.000000   clock clk_i (rise edge)
                                  0.000000    0.000000   clock network delay (propagated)
                                  2.000000    2.000000 ^ input external delay
     1    0.002631    0.019882    0.002228    2.002228 ^ m_araddr[30] (in)
                                                         m_araddr[30] (net)
                      0.019882    0.000000    2.002228 ^ hold854/A (sg13g2_dlygate4sd3_1)
     1    0.005266    0.041970    0.360446    2.362674 ^ hold854/X (sg13g2_dlygate4sd3_1)
                                                         net854 (net)
                      0.042392    0.000357    2.363031 ^ input19/A (sg13g2_buf_1)
     2    0.010060    0.049778    0.086143    2.449174 ^ input19/X (sg13g2_buf_1)
                                                         net19 (net)
                      0.049783    0.000562    2.449736 ^ fanout786/A (sg13g2_buf_1)
     8    0.038793    0.163740    0.168323    2.618059 ^ fanout786/X (sg13g2_buf_1)
                                                         net786 (net)
                      0.164159    0.006764    2.624823 ^ _0405_/D (sg13g2_nand4_1)
     1    0.003810    0.096852    0.147566    2.772389 v _0405_/Y (sg13g2_nand4_1)
                                                         _0057_ (net)
                      0.096852    0.000152    2.772541 v _0407_/A (sg13g2_nor2_1)
     2    0.015476    0.147340    0.154552    2.927093 ^ _0407_/Y (sg13g2_nor2_1)
                                                         _0059_ (net)
                      0.147348    0.000925    2.928018 ^ fanout728/A (sg13g2_buf_1)
     6    0.051906    0.216455    0.239829    3.167847 ^ fanout728/X (sg13g2_buf_1)
                                                         net728 (net)
                      0.216495    0.002471    3.170318 ^ fanout726/A (sg13g2_buf_1)
     8    0.050511    0.211186    0.251763    3.422082 ^ fanout726/X (sg13g2_buf_1)
                                                         net726 (net)
                      0.211454    0.006196    3.428278 ^ _0417_/A (sg13g2_nand2_1)
     1    0.005236    0.071711    0.097268    3.525546 v _0417_/Y (sg13g2_nand2_1)
                                                         _0069_ (net)
                      0.071711    0.000315    3.525861 v fanout706/A (sg13g2_buf_1)
     5    0.040321    0.129589    0.167184    3.693045 v fanout706/X (sg13g2_buf_1)
                                                         net706 (net)
                      0.129625    0.001828    3.694873 v fanout705/A (sg13g2_buf_1)
     8    0.061537    0.194986    0.233558    3.928431 v fanout705/X (sg13g2_buf_1)
                                                         net705 (net)
                      0.195018    0.002109    3.930540 v fanout703/A (sg13g2_buf_1)
     8    0.049826    0.159206    0.224518    4.155058 v fanout703/X (sg13g2_buf_1)
                                                         net703 (net)
                      0.159367    0.003526    4.158583 v _0556_/A2 (sg13g2_a22oi_1)
     1    0.006179    0.096578    0.139499    4.298082 ^ _0556_/Y (sg13g2_a22oi_1)
                                                         _0176_ (net)
                      0.096578    0.000257    4.298339 ^ _0560_/A2 (sg13g2_o21ai_1)
     1    0.014049    0.099779    0.123512    4.421851 v _0560_/Y (sg13g2_o21ai_1)
                                                         net210 (net)
                      0.099811    0.001453    4.423304 v output210/A (sg13g2_buf_1)
     1    0.055114    0.175099    0.211662    4.634966 v output210/X (sg13g2_buf_1)
                                                         m_arready (net)
                      0.175208    0.002836    4.637802 v m_arready (out)
                                              4.637802   data arrival time

                                 10.000000   10.000000   clock clk_i (rise edge)
                                  0.000000   10.000000   clock network delay (propagated)
                                 -0.200000    9.800000   clock uncertainty
                                  0.000000    9.800000   clock reconvergence pessimism
                                 -2.000000    7.800000   output external delay
                                              7.800000   data required time
---------------------------------------------------------------------------------------------
                                              7.800000   data required time
                                             -4.637802   data arrival time
---------------------------------------------------------------------------------------------
                                              3.162198   slack (MET)




===========================================================================
report_checks --slack_max -0.01
============================================================================
======================= nom_typ_1p20V_25C Corner ===================================

No paths found.


===========================================================================
 report_check_types -max_slew -max_cap -max_fanout -violators
============================================================================
======================= nom_typ_1p20V_25C Corner ===================================



===========================================================================
report_parasitic_annotation -report_unannotated
============================================================================
Found 2 unannotated drivers.
 clk_i
 rst_ni
Found 0 partially unannotated drivers.

===========================================================================
max slew violation count 0
max fanout violation count 0
max cap violation count 0
============================================================================

===========================================================================
check_setup -verbose -unconstrained_endpoints -multiple_clock -no_clock -no_input_delay -loops -generated_clocks
===========================================================================
