2026-09-16 00:02:45 +0530: Memory Usage (423168K) : Starting running IHP-SG13G2 KLayout DRC runset on /home/jaikrishn/Documents/hardware/picorv32_axi4lite_port/phyisical_design/macros/picorv32/runs/run_4/58-klayout-streamout/picorv32_macro.gds
2026-09-16 00:02:45 +0530: Memory Usage (423324K) : Ruby Version for klayout: 3.3.10
2026-09-16 00:02:46 +0530: Memory Usage (432312K) : Loading database to memory is complete.
2026-09-16 00:02:46 +0530: Memory Usage (432312K) : IHP-SG13G2 KLayout DRC runset output at: /home/jaikrishn/Documents/hardware/picorv32_axi4lite_port/phyisical_design/macros/picorv32/runs/run_4/65-klayout-drc/reports/drc.klayout.lyrdb
2026-09-16 00:02:46 +0530: Memory Usage (432496K) : Evaluate switches.
2026-09-16 00:02:46 +0530: Memory Usage (432496K) : tables selected: main
2026-09-16 00:02:46 +0530: Memory Usage (432496K) : KLayout will use 12 thread(s) in tiling mode.
2026-09-16 00:02:46 +0530: Memory Usage (432496K) : deep mode is enabled.
2026-09-16 00:02:46 +0530: Memory Usage (432496K) : FEOL enabled: true
2026-09-16 00:02:46 +0530: Memory Usage (432496K) : BEOL enabled: true
2026-09-16 00:02:46 +0530: Memory Usage (432496K) : OFFGRID enabled: true
2026-09-16 00:02:46 +0530: Memory Usage (432496K) : ANGLE enabled: true
2026-09-16 00:02:46 +0530: Memory Usage (432496K) : PIN enabled: true
2026-09-16 00:02:46 +0530: Memory Usage (432496K) : FORBIDDEN enabled: true
2026-09-16 00:02:46 +0530: Memory Usage (432496K) : RECOMMENDED enabled: false
2026-09-16 00:02:46 +0530: Memory Usage (432496K) : PreCheck DRC enabled: false
2026-09-16 00:02:46 +0530: Memory Usage (432496K) : CONNECTIVITY_RULES enabled: true.
2026-09-16 00:02:46 +0530: Memory Usage (432496K) : Read in polygons from layers.
2026-09-16 00:02:46 +0530: Memory Usage (439332K) : activ_drw has 156983 polygons
2026-09-16 00:02:46 +0530: Memory Usage (439332K) : activ_pin has 0 polygons
2026-09-16 00:02:46 +0530: Memory Usage (439332K) : activ_mask has 0 polygons
2026-09-16 00:02:46 +0530: Memory Usage (439332K) : activ_filler has 0 polygons
2026-09-16 00:02:46 +0530: Memory Usage (439460K) : activ_nofill has 0 polygons
2026-09-16 00:02:46 +0530: Memory Usage (439460K) : activ_opc has 0 polygons
2026-09-16 00:02:46 +0530: Memory Usage (439460K) : activ_iopc has 0 polygons
2026-09-16 00:02:46 +0530: Memory Usage (439460K) : activ_noqrc has 0 polygons
2026-09-16 00:02:46 +0530: Memory Usage (439460K) : biwind_drw has 0 polygons
2026-09-16 00:02:46 +0530: Memory Usage (439460K) : biwind_opc has 0 polygons
2026-09-16 00:02:46 +0530: Memory Usage (439460K) : pemwind_drw has 0 polygons
2026-09-16 00:02:46 +0530: Memory Usage (439460K) : gatpoly_drw has 158466 polygons
2026-09-16 00:02:46 +0530: Memory Usage (439460K) : gatpoly_pin has 0 polygons
2026-09-16 00:02:46 +0530: Memory Usage (439460K) : gatpoly_filler has 0 polygons
2026-09-16 00:02:46 +0530: Memory Usage (439460K) : gatpoly_nofill has 0 polygons
2026-09-16 00:02:46 +0530: Memory Usage (439460K) : gatpoly_opc has 0 polygons
2026-09-16 00:02:46 +0530: Memory Usage (439460K) : gatpoly_iopc has 0 polygons
2026-09-16 00:02:46 +0530: Memory Usage (439460K) : gatpoly_noqrc has 0 polygons
2026-09-16 00:02:46 +0530: Memory Usage (439460K) : cont_drw has 1147152 polygons
2026-09-16 00:02:46 +0530: Memory Usage (439460K) : cont_opc has 0 polygons
2026-09-16 00:02:46 +0530: Memory Usage (439460K) : nsd_drw has 0 polygons
2026-09-16 00:02:46 +0530: Memory Usage (439460K) : nsd_block has 0 polygons
2026-09-16 00:02:46 +0530: Memory Usage (439460K) : metal1_drw has 283826 polygons
2026-09-16 00:02:46 +0530: Memory Usage (439460K) : metal1_pin has 110105 polygons
2026-09-16 00:02:46 +0530: Memory Usage (439460K) : metal1_mask has 0 polygons
2026-09-16 00:02:46 +0530: Memory Usage (439460K) : metal1_filler has 0 polygons
2026-09-16 00:02:46 +0530: Memory Usage (439460K) : metal1_nofill has 0 polygons
2026-09-16 00:02:46 +0530: Memory Usage (439460K) : metal1_slit has 0 polygons
2026-09-16 00:02:46 +0530: Memory Usage (439616K) : metal1_text has 108646 polygons
2026-09-16 00:02:46 +0530: Memory Usage (439616K) : metal1_opc has 0 polygons
2026-09-16 00:02:46 +0530: Memory Usage (439616K) : metal1_noqrc has 0 polygons
2026-09-16 00:02:46 +0530: Memory Usage (439616K) : metal1_res has 0 polygons
2026-09-16 00:02:46 +0530: Memory Usage (439616K) : metal1_iprobe has 0 polygons
2026-09-16 00:02:46 +0530: Memory Usage (439616K) : metal1_diffprb has 0 polygons
2026-09-16 00:02:46 +0530: Memory Usage (439616K) : passiv_drw has 0 polygons
2026-09-16 00:02:46 +0530: Memory Usage (439616K) : passiv_pin has 0 polygons
2026-09-16 00:02:46 +0530: Memory Usage (439616K) : passiv_sbump has 0 polygons
2026-09-16 00:02:46 +0530: Memory Usage (439616K) : passiv_pillar has 0 polygons
2026-09-16 00:02:46 +0530: Memory Usage (439616K) : passiv_pdl has 0 polygons
2026-09-16 00:02:46 +0530: Memory Usage (441664K) : metal2_drw has 145728 polygons
2026-09-16 00:02:46 +0530: Memory Usage (441664K) : metal2_pin has 78 polygons
2026-09-16 00:02:46 +0530: Memory Usage (441664K) : metal2_mask has 0 polygons
2026-09-16 00:02:46 +0530: Memory Usage (441664K) : metal2_filler has 0 polygons
2026-09-16 00:02:46 +0530: Memory Usage (441664K) : metal2_nofill has 0 polygons
2026-09-16 00:02:46 +0530: Memory Usage (441664K) : metal2_slit has 0 polygons
2026-09-16 00:02:46 +0530: Memory Usage (441664K) : metal2_text has 78 polygons
2026-09-16 00:02:46 +0530: Memory Usage (441664K) : metal2_opc has 0 polygons
2026-09-16 00:02:46 +0530: Memory Usage (441664K) : metal2_noqrc has 0 polygons
2026-09-16 00:02:46 +0530: Memory Usage (441664K) : metal2_res has 0 polygons
2026-09-16 00:02:46 +0530: Memory Usage (441664K) : metal2_iprobe has 0 polygons
2026-09-16 00:02:46 +0530: Memory Usage (441664K) : metal2_diffprb has 0 polygons
2026-09-16 00:02:46 +0530: Memory Usage (441664K) : baspoly_drw has 0 polygons
2026-09-16 00:02:46 +0530: Memory Usage (441664K) : baspoly_pin has 0 polygons
2026-09-16 00:02:46 +0530: Memory Usage (441664K) : psd_drw has 71773 polygons
2026-09-16 00:02:46 +0530: Memory Usage (441664K) : nldb_drw has 0 polygons
2026-09-16 00:02:46 +0530: Memory Usage (441664K) : digibnd_drw has 0 polygons
2026-09-16 00:02:46 +0530: Memory Usage (441664K) : via1_drw has 45288 polygons
2026-09-16 00:02:46 +0530: Memory Usage (441664K) : backmetal1_drw has 0 polygons
2026-09-16 00:02:46 +0530: Memory Usage (441664K) : backmetal1_pin has 0 polygons
2026-09-16 00:02:46 +0530: Memory Usage (441664K) : backmetal1_mask has 0 polygons
2026-09-16 00:02:46 +0530: Memory Usage (441664K) : backmetal1_filler has 0 polygons
2026-09-16 00:02:46 +0530: Memory Usage (441664K) : backmetal1_nofill has 0 polygons
2026-09-16 00:02:46 +0530: Memory Usage (441664K) : backmetal1_slit has 0 polygons
2026-09-16 00:02:46 +0530: Memory Usage (441664K) : backmetal1_text has 0 polygons
2026-09-16 00:02:46 +0530: Memory Usage (441664K) : backmetal1_opc has 0 polygons
2026-09-16 00:02:46 +0530: Memory Usage (441664K) : backmetal1_noqrc has 0 polygons
2026-09-16 00:02:46 +0530: Memory Usage (441664K) : backmetal1_res has 0 polygons
2026-09-16 00:02:46 +0530: Memory Usage (441664K) : backmetal1_iprobe has 0 polygons
2026-09-16 00:02:46 +0530: Memory Usage (441664K) : backmetal1_diffprb has 0 polygons
2026-09-16 00:02:46 +0530: Memory Usage (441664K) : backpassiv_drw has 0 polygons
2026-09-16 00:02:46 +0530: Memory Usage (441664K) : res_drw has 0 polygons
2026-09-16 00:02:46 +0530: Memory Usage (441664K) : sram_drw has 0 polygons
2026-09-16 00:02:46 +0530: Memory Usage (441664K) : trans_drw has 0 polygons
2026-09-16 00:02:46 +0530: Memory Usage (441664K) : ind_drw has 0 polygons
2026-09-16 00:02:46 +0530: Memory Usage (441664K) : ind_pin has 0 polygons
2026-09-16 00:02:46 +0530: Memory Usage (441664K) : ind_text has 0 polygons
2026-09-16 00:02:46 +0530: Memory Usage (441664K) : salblock_drw has 0 polygons
2026-09-16 00:02:46 +0530: Memory Usage (441664K) : via2_drw has 45714 polygons
2026-09-16 00:02:46 +0530: Memory Usage (441664K) : metal3_drw has 75527 polygons
2026-09-16 00:02:47 +0530: Memory Usage (441664K) : metal3_pin has 73 polygons
2026-09-16 00:02:47 +0530: Memory Usage (441664K) : metal3_mask has 0 polygons
2026-09-16 00:02:47 +0530: Memory Usage (441664K) : metal3_filler has 0 polygons
2026-09-16 00:02:47 +0530: Memory Usage (441664K) : metal3_nofill has 0 polygons
2026-09-16 00:02:47 +0530: Memory Usage (441664K) : metal3_slit has 0 polygons
2026-09-16 00:02:47 +0530: Memory Usage (441664K) : metal3_text has 73 polygons
2026-09-16 00:02:47 +0530: Memory Usage (441664K) : metal3_opc has 0 polygons
2026-09-16 00:02:47 +0530: Memory Usage (441664K) : metal3_noqrc has 0 polygons
2026-09-16 00:02:47 +0530: Memory Usage (441664K) : metal3_res has 0 polygons
2026-09-16 00:02:47 +0530: Memory Usage (441664K) : metal3_iprobe has 0 polygons
2026-09-16 00:02:47 +0530: Memory Usage (441664K) : metal3_diffprb has 0 polygons
2026-09-16 00:02:47 +0530: Memory Usage (441664K) : nwell_drw has 35815 polygons
2026-09-16 00:02:47 +0530: Memory Usage (441664K) : nwell_pin has 0 polygons
2026-09-16 00:02:47 +0530: Memory Usage (441664K) : nbulay_drw has 0 polygons
2026-09-16 00:02:47 +0530: Memory Usage (441664K) : nbulay_pin has 0 polygons
2026-09-16 00:02:47 +0530: Memory Usage (441664K) : nbulay_block has 0 polygons
2026-09-16 00:02:47 +0530: Memory Usage (441664K) : emwind_drw has 0 polygons
2026-09-16 00:02:47 +0530: Memory Usage (441664K) : emwind_opc has 0 polygons
2026-09-16 00:02:47 +0530: Memory Usage (441664K) : deepco_drw has 0 polygons
2026-09-16 00:02:47 +0530: Memory Usage (441664K) : deepco_drw has 0 polygons
2026-09-16 00:02:47 +0530: Memory Usage (441664K) : mim_drw has 0 polygons
2026-09-16 00:02:47 +0530: Memory Usage (441664K) : edgeseal_drw has 0 polygons
2026-09-16 00:02:47 +0530: Memory Usage (441664K) : edgeseal_bound has 0 polygons
2026-09-16 00:02:47 +0530: Memory Usage (441664K) : substrate_drw has 0 polygons
2026-09-16 00:02:47 +0530: Memory Usage (441664K) : substrate_text has 0 polygons
2026-09-16 00:02:47 +0530: Memory Usage (441664K) : dfpad_drw has 0 polygons
2026-09-16 00:02:47 +0530: Memory Usage (441664K) : dfpad_pillar has 0 polygons
2026-09-16 00:02:47 +0530: Memory Usage (441664K) : dfpad_sbump has 0 polygons
2026-09-16 00:02:47 +0530: Memory Usage (441664K) : thickgateox_drw has 0 polygons
2026-09-16 00:02:47 +0530: Memory Usage (441664K) : pldb_drw has 0 polygons
2026-09-16 00:02:47 +0530: Memory Usage (441664K) : pwell_drw has 0 polygons
2026-09-16 00:02:47 +0530: Memory Usage (441664K) : pwell_pin has 0 polygons
2026-09-16 00:02:47 +0530: Memory Usage (441664K) : pwell_block has 0 polygons
2026-09-16 00:02:47 +0530: Memory Usage (441664K) : ic_drw has 0 polygons
2026-09-16 00:02:47 +0530: Memory Usage (441664K) : via3_drw has 12500 polygons
2026-09-16 00:02:47 +0530: Memory Usage (441664K) : metal4_drw has 11131 polygons
2026-09-16 00:02:47 +0530: Memory Usage (441664K) : metal4_pin has 0 polygons
2026-09-16 00:02:47 +0530: Memory Usage (441664K) : metal4_mask has 0 polygons
2026-09-16 00:02:47 +0530: Memory Usage (441664K) : metal4_filler has 0 polygons
2026-09-16 00:02:47 +0530: Memory Usage (441664K) : metal4_nofill has 0 polygons
2026-09-16 00:02:47 +0530: Memory Usage (441664K) : metal4_slit has 0 polygons
2026-09-16 00:02:47 +0530: Memory Usage (441664K) : metal4_text has 0 polygons
2026-09-16 00:02:47 +0530: Memory Usage (441664K) : metal4_opc has 0 polygons
2026-09-16 00:02:47 +0530: Memory Usage (441664K) : metal4_noqrc has 0 polygons
2026-09-16 00:02:47 +0530: Memory Usage (441664K) : metal4_res has 0 polygons
2026-09-16 00:02:47 +0530: Memory Usage (441664K) : metal4_iprobe has 0 polygons
2026-09-16 00:02:47 +0530: Memory Usage (441664K) : metal4_diffprb has 0 polygons
2026-09-16 00:02:47 +0530: Memory Usage (441664K) : heattrans_drw has 0 polygons
2026-09-16 00:02:47 +0530: Memory Usage (441664K) : heatres_drw has 0 polygons
2026-09-16 00:02:47 +0530: Memory Usage (441664K) : pempoly_drw has 0 polygons
2026-09-16 00:02:47 +0530: Memory Usage (441664K) : fbe_drw has 0 polygons
2026-09-16 00:02:47 +0530: Memory Usage (441664K) : empoly_drw has 0 polygons
2026-09-16 00:02:47 +0530: Memory Usage (441664K) : ldmos_drw has 0 polygons
2026-09-16 00:02:47 +0530: Memory Usage (441664K) : pbiwind_drw has 0 polygons
2026-09-16 00:02:47 +0530: Memory Usage (441664K) : digisub_drw has 0 polygons
2026-09-16 00:02:47 +0530: Memory Usage (441664K) : nodrc_drw has 0 polygons
2026-09-16 00:02:47 +0530: Memory Usage (441664K) : text_drw has 66 polygons
2026-09-16 00:02:47 +0530: Memory Usage (441664K) : via4_drw has 8394 polygons
2026-09-16 00:02:47 +0530: Memory Usage (441664K) : metal5_drw has 5538 polygons
2026-09-16 00:02:47 +0530: Memory Usage (441664K) : metal5_pin has 0 polygons
2026-09-16 00:02:47 +0530: Memory Usage (441664K) : metal5_mask has 0 polygons
2026-09-16 00:02:47 +0530: Memory Usage (441664K) : metal5_filler has 0 polygons
2026-09-16 00:02:47 +0530: Memory Usage (441664K) : metal5_nofill has 0 polygons
2026-09-16 00:02:47 +0530: Memory Usage (441664K) : metal5_slit has 0 polygons
2026-09-16 00:02:47 +0530: Memory Usage (441664K) : metal5_text has 0 polygons
2026-09-16 00:02:47 +0530: Memory Usage (441664K) : metal5_opc has 0 polygons
2026-09-16 00:02:47 +0530: Memory Usage (441664K) : metal5_noqrc has 0 polygons
2026-09-16 00:02:47 +0530: Memory Usage (441664K) : metal5_res has 0 polygons
2026-09-16 00:02:47 +0530: Memory Usage (441664K) : metal5_iprobe has 0 polygons
2026-09-16 00:02:47 +0530: Memory Usage (441664K) : metal5_diffprb has 0 polygons
2026-09-16 00:02:47 +0530: Memory Usage (441664K) : radhard_drw has 0 polygons
2026-09-16 00:02:47 +0530: Memory Usage (441664K) : memcap_drw has 0 polygons
2026-09-16 00:02:47 +0530: Memory Usage (441664K) : varicap_drw has 0 polygons
2026-09-16 00:02:47 +0530: Memory Usage (441664K) : flash_drw has 0 polygons
2026-09-16 00:02:47 +0530: Memory Usage (441664K) : intbondvia_drw has 0 polygons
2026-09-16 00:02:47 +0530: Memory Usage (441664K) : intbondmet_drw has 0 polygons
2026-09-16 00:02:47 +0530: Memory Usage (441664K) : devbondvia_drw has 0 polygons
2026-09-16 00:02:47 +0530: Memory Usage (441664K) : devbondmet_drw has 0 polygons
2026-09-16 00:02:47 +0530: Memory Usage (441664K) : devtrench_drw has 0 polygons
2026-09-16 00:02:47 +0530: Memory Usage (441664K) : redist_drw has 0 polygons
2026-09-16 00:02:47 +0530: Memory Usage (441664K) : graphbot_drw has 0 polygons
2026-09-16 00:02:47 +0530: Memory Usage (441664K) : graphtop_drw has 0 polygons
2026-09-16 00:02:47 +0530: Memory Usage (441664K) : antvia1_drw has 0 polygons
2026-09-16 00:02:47 +0530: Memory Usage (441664K) : antmetal2_drw has 0 polygons
2026-09-16 00:02:47 +0530: Memory Usage (441664K) : graphcont_drw has 0 polygons
2026-09-16 00:02:47 +0530: Memory Usage (441664K) : siwg_drw has 0 polygons
2026-09-16 00:02:47 +0530: Memory Usage (441664K) : siwg_filler has 0 polygons
2026-09-16 00:02:47 +0530: Memory Usage (441664K) : siwg_nofill has 0 polygons
2026-09-16 00:02:47 +0530: Memory Usage (441664K) : sigrating_drw has 0 polygons
2026-09-16 00:02:47 +0530: Memory Usage (441664K) : singrating_drw has 0 polygons
2026-09-16 00:02:47 +0530: Memory Usage (441664K) : graphpas_drw has 0 polygons
2026-09-16 00:02:47 +0530: Memory Usage (441664K) : emwind3_drw has 0 polygons
2026-09-16 00:02:47 +0530: Memory Usage (441664K) : emwihv3_drw has 0 polygons
2026-09-16 00:02:47 +0530: Memory Usage (441664K) : redbulay_drw has 0 polygons
2026-09-16 00:02:47 +0530: Memory Usage (441664K) : smos_drw has 0 polygons
2026-09-16 00:02:47 +0530: Memory Usage (441664K) : graphpad_drw has 0 polygons
2026-09-16 00:02:47 +0530: Memory Usage (441664K) : polimide_drw has 0 polygons
2026-09-16 00:02:47 +0530: Memory Usage (441664K) : polimide_pin has 0 polygons
2026-09-16 00:02:47 +0530: Memory Usage (441664K) : recog_drw has 0 polygons
2026-09-16 00:02:47 +0530: Memory Usage (441664K) : recog_pin has 0 polygons
2026-09-16 00:02:47 +0530: Memory Usage (441664K) : recog_esd has 0 polygons
2026-09-16 00:02:47 +0530: Memory Usage (441664K) : recog_diode has 66 polygons
2026-09-16 00:02:47 +0530: Memory Usage (441664K) : recog_tsv has 0 polygons
2026-09-16 00:02:47 +0530: Memory Usage (441664K) : recog_iprobe has 0 polygons
2026-09-16 00:02:47 +0530: Memory Usage (441664K) : recog_diffprb has 0 polygons
2026-09-16 00:02:48 +0530: Memory Usage (441664K) : recog_pillar has 0 polygons
2026-09-16 00:02:48 +0530: Memory Usage (441664K) : recog_sbump has 0 polygons
2026-09-16 00:02:48 +0530: Memory Usage (441664K) : recog_otp has 0 polygons
2026-09-16 00:02:48 +0530: Memory Usage (441664K) : recog_pdiode has 0 polygons
2026-09-16 00:02:48 +0530: Memory Usage (441664K) : recog_mom has 0 polygons
2026-09-16 00:02:48 +0530: Memory Usage (441664K) : recog_momf has 0 polygons
2026-09-16 00:02:48 +0530: Memory Usage (441664K) : recog_pcm has 0 polygons
2026-09-16 00:02:48 +0530: Memory Usage (441664K) : colopen_drw has 0 polygons
2026-09-16 00:02:48 +0530: Memory Usage (441664K) : graphmetal1_drw has 0 polygons
2026-09-16 00:02:48 +0530: Memory Usage (441664K) : graphmetal1_filler has 0 polygons
2026-09-16 00:02:48 +0530: Memory Usage (441664K) : graphmetal1_nofill has 0 polygons
2026-09-16 00:02:48 +0530: Memory Usage (441664K) : graphmetal1_slit has 0 polygons
2026-09-16 00:02:48 +0530: Memory Usage (441664K) : graphmetal1_opc has 0 polygons
2026-09-16 00:02:48 +0530: Memory Usage (441664K) : graphmet1l_drw has 0 polygons
2026-09-16 00:02:48 +0530: Memory Usage (441664K) : graphmet1l_filler has 0 polygons
2026-09-16 00:02:48 +0530: Memory Usage (441664K) : graphmet1l_nofill has 0 polygons
2026-09-16 00:02:48 +0530: Memory Usage (441664K) : graphmet1l_slit has 0 polygons
2026-09-16 00:02:48 +0530: Memory Usage (441664K) : graphmet1l_opc has 0 polygons
2026-09-16 00:02:48 +0530: Memory Usage (441664K) : extblock_drw has 0 polygons
2026-09-16 00:02:48 +0530: Memory Usage (441664K) : nldd_drw has 0 polygons
2026-09-16 00:02:48 +0530: Memory Usage (441664K) : pldd_drw has 0 polygons
2026-09-16 00:02:48 +0530: Memory Usage (441664K) : next_drw has 0 polygons
2026-09-16 00:02:48 +0530: Memory Usage (441664K) : pext_drw has 0 polygons
2026-09-16 00:02:48 +0530: Memory Usage (441664K) : nexthv_drw has 0 polygons
2026-09-16 00:02:48 +0530: Memory Usage (441664K) : pexthv_drw has 0 polygons
2026-09-16 00:02:48 +0530: Memory Usage (441664K) : graphgate_drw has 0 polygons
2026-09-16 00:02:48 +0530: Memory Usage (441664K) : sinwg_drw has 0 polygons
2026-09-16 00:02:48 +0530: Memory Usage (441664K) : sinwg_filler has 0 polygons
2026-09-16 00:02:48 +0530: Memory Usage (441664K) : sinwg_nofill has 0 polygons
2026-09-16 00:02:48 +0530: Memory Usage (441664K) : mempad_drw has 0 polygons
2026-09-16 00:02:48 +0530: Memory Usage (441664K) : topvia1_drw has 3190 polygons
2026-09-16 00:02:48 +0530: Memory Usage (441664K) : topmetal1_drw has 1815 polygons
2026-09-16 00:02:48 +0530: Memory Usage (441664K) : topmetal1_pin has 18 polygons
2026-09-16 00:02:48 +0530: Memory Usage (441664K) : topmetal1_mask has 0 polygons
2026-09-16 00:02:48 +0530: Memory Usage (441664K) : topmetal1_filler has 0 polygons
2026-09-16 00:02:48 +0530: Memory Usage (441664K) : topmetal1_nofill has 0 polygons
2026-09-16 00:02:48 +0530: Memory Usage (441664K) : topmetal1_slit has 0 polygons
2026-09-16 00:02:48 +0530: Memory Usage (441664K) : topmetal1_text has 2 polygons
2026-09-16 00:02:48 +0530: Memory Usage (441664K) : topmetal1_noqrc has 0 polygons
2026-09-16 00:02:48 +0530: Memory Usage (441664K) : topmetal1_res has 0 polygons
2026-09-16 00:02:48 +0530: Memory Usage (441664K) : topmetal1_iprobe has 0 polygons
2026-09-16 00:02:48 +0530: Memory Usage (441664K) : topmetal1_diffprb has 0 polygons
2026-09-16 00:02:48 +0530: Memory Usage (441664K) : inldpwl_drw has 0 polygons
2026-09-16 00:02:48 +0530: Memory Usage (441664K) : polyres_drw has 0 polygons
2026-09-16 00:02:48 +0530: Memory Usage (441664K) : polyres_pin has 0 polygons
2026-09-16 00:02:48 +0530: Memory Usage (441664K) : vmim_drw has 0 polygons
2026-09-16 00:02:48 +0530: Memory Usage (441664K) : nbulaycut_drw has 0 polygons
2026-09-16 00:02:48 +0530: Memory Usage (441664K) : antmetal1_drw has 0 polygons
2026-09-16 00:02:48 +0530: Memory Usage (441664K) : topvia2_drw has 162 polygons
2026-09-16 00:02:48 +0530: Memory Usage (441664K) : topmetal2_drw has 198 polygons
2026-09-16 00:02:48 +0530: Memory Usage (441664K) : topmetal2_pin has 18 polygons
2026-09-16 00:02:48 +0530: Memory Usage (441664K) : topmetal2_mask has 0 polygons
2026-09-16 00:02:48 +0530: Memory Usage (441664K) : topmetal2_filler has 0 polygons
2026-09-16 00:02:48 +0530: Memory Usage (441664K) : topmetal2_nofill has 0 polygons
2026-09-16 00:02:48 +0530: Memory Usage (441664K) : topmetal2_slit has 0 polygons
2026-09-16 00:02:48 +0530: Memory Usage (441664K) : topmetal2_text has 2 polygons
2026-09-16 00:02:48 +0530: Memory Usage (441664K) : topmetal2_noqrc has 0 polygons
2026-09-16 00:02:48 +0530: Memory Usage (441664K) : topmetal2_res has 0 polygons
2026-09-16 00:02:48 +0530: Memory Usage (441664K) : topmetal2_iprobe has 0 polygons
2026-09-16 00:02:48 +0530: Memory Usage (441664K) : topmetal2_diffprb has 0 polygons
2026-09-16 00:02:48 +0530: Memory Usage (441664K) : snsring_drw has 0 polygons
2026-09-16 00:02:48 +0530: Memory Usage (441664K) : sensor_drw has 0 polygons
2026-09-16 00:02:48 +0530: Memory Usage (441664K) : snsarms_drw has 0 polygons
2026-09-16 00:02:48 +0530: Memory Usage (441664K) : snscmosvia_drw has 0 polygons
2026-09-16 00:02:48 +0530: Memory Usage (441664K) : colwind_drw has 0 polygons
2026-09-16 00:02:48 +0530: Memory Usage (441664K) : flm_drw has 0 polygons
2026-09-16 00:02:48 +0530: Memory Usage (441664K) : hafniumox_drw has 0 polygons
2026-09-16 00:02:48 +0530: Memory Usage (441664K) : memvia_drw has 0 polygons
2026-09-16 00:02:48 +0530: Memory Usage (441664K) : thinfilmres_drw has 0 polygons
2026-09-16 00:02:48 +0530: Memory Usage (441664K) : rfmem_drw has 0 polygons
2026-09-16 00:02:48 +0530: Memory Usage (441664K) : norcx_drw has 0 polygons
2026-09-16 00:02:48 +0530: Memory Usage (441664K) : norcx_m2m3 has 0 polygons
2026-09-16 00:02:48 +0530: Memory Usage (441664K) : norcx_m2m4 has 0 polygons
2026-09-16 00:02:48 +0530: Memory Usage (441664K) : norcx_m2m5 has 0 polygons
2026-09-16 00:02:48 +0530: Memory Usage (441664K) : norcx_m2tm1 has 0 polygons
2026-09-16 00:02:48 +0530: Memory Usage (441664K) : norcx_m2tm2 has 0 polygons
2026-09-16 00:02:48 +0530: Memory Usage (441664K) : norcx_m3m4 has 0 polygons
2026-09-16 00:02:48 +0530: Memory Usage (441664K) : norcx_m3m5 has 0 polygons
2026-09-16 00:02:48 +0530: Memory Usage (441664K) : norcx_m3tm1 has 0 polygons
2026-09-16 00:02:48 +0530: Memory Usage (441664K) : norcx_m3tm2 has 0 polygons
2026-09-16 00:02:48 +0530: Memory Usage (441664K) : norcx_m4m5 has 0 polygons
2026-09-16 00:02:48 +0530: Memory Usage (441664K) : norcx_m4tm1 has 0 polygons
2026-09-16 00:02:48 +0530: Memory Usage (441664K) : norcx_m4tm2 has 0 polygons
2026-09-16 00:02:48 +0530: Memory Usage (441664K) : norcx_m5tm1 has 0 polygons
2026-09-16 00:02:48 +0530: Memory Usage (441664K) : norcx_m5tm2 has 0 polygons
2026-09-16 00:02:48 +0530: Memory Usage (441664K) : norcx_tm1tm2 has 0 polygons
2026-09-16 00:02:48 +0530: Memory Usage (441664K) : norcx_m1sub has 0 polygons
2026-09-16 00:02:48 +0530: Memory Usage (441664K) : norcx_m2sub has 0 polygons
2026-09-16 00:02:48 +0530: Memory Usage (441664K) : norcx_m3sub has 0 polygons
2026-09-16 00:02:48 +0530: Memory Usage (441664K) : norcx_m4sub has 0 polygons
2026-09-16 00:02:48 +0530: Memory Usage (441664K) : norcx_m5sub has 0 polygons
2026-09-16 00:02:48 +0530: Memory Usage (441664K) : norcx_tm1sub has 0 polygons
2026-09-16 00:02:48 +0530: Memory Usage (441664K) : norcx_tm2sub has 0 polygons
2026-09-16 00:02:48 +0530: Memory Usage (441664K) : snsbotvia_drw has 0 polygons
2026-09-16 00:02:48 +0530: Memory Usage (441664K) : snstopvia_drw has 0 polygons
2026-09-16 00:02:48 +0530: Memory Usage (441664K) : deepvia_drw has 0 polygons
2026-09-16 00:02:48 +0530: Memory Usage (441664K) : fgetch_drw has 0 polygons
2026-09-16 00:02:48 +0530: Memory Usage (441664K) : ctrgat_drw has 0 polygons
2026-09-16 00:02:48 +0530: Memory Usage (441664K) : fgimp_drw has 0 polygons
2026-09-16 00:02:48 +0530: Memory Usage (441664K) : emwihv_drw has 0 polygons
2026-09-16 00:02:48 +0530: Memory Usage (441664K) : lbe_drw has 0 polygons
2026-09-16 00:02:48 +0530: Memory Usage (441664K) : alcustop_drw has 0 polygons
2026-09-16 00:02:48 +0530: Memory Usage (441664K) : nometfiller_drw has 0 polygons
2026-09-16 00:02:48 +0530: Memory Usage (441664K) : prboundary_drw has 0 polygons
2026-09-16 00:02:48 +0530: Memory Usage (441664K) : exchange0_drw has 0 polygons
2026-09-16 00:02:48 +0530: Memory Usage (441664K) : exchange0_pin has 0 polygons
2026-09-16 00:02:48 +0530: Memory Usage (441664K) : exchange0_text has 0 polygons
2026-09-16 00:02:48 +0530: Memory Usage (441664K) : exchange1_drw has 0 polygons
2026-09-16 00:02:48 +0530: Memory Usage (441664K) : exchange1_pin has 0 polygons
2026-09-16 00:02:48 +0530: Memory Usage (441664K) : exchange1_text has 0 polygons
2026-09-16 00:02:48 +0530: Memory Usage (441664K) : exchange2_drw has 0 polygons
2026-09-16 00:02:48 +0530: Memory Usage (441664K) : exchange2_pin has 0 polygons
2026-09-16 00:02:48 +0530: Memory Usage (441664K) : exchange2_text has 0 polygons
2026-09-16 00:02:48 +0530: Memory Usage (441664K) : exchange3_drw has 0 polygons
2026-09-16 00:02:48 +0530: Memory Usage (441664K) : exchange3_pin has 0 polygons
2026-09-16 00:02:48 +0530: Memory Usage (441664K) : exchange3_text has 0 polygons
2026-09-16 00:02:49 +0530: Memory Usage (441664K) : exchange4_drw has 0 polygons
2026-09-16 00:02:49 +0530: Memory Usage (441664K) : exchange4_pin has 0 polygons
2026-09-16 00:02:49 +0530: Memory Usage (441664K) : exchange4_text has 0 polygons
2026-09-16 00:02:49 +0530: Memory Usage (441664K) : isonwell_drw has 0 polygons
2026-09-16 00:02:49 +0530: Memory Usage (441664K) : Total no. of polygons in the design is 2428425
2026-09-16 00:02:49 +0530: Memory Usage (441664K) : Loaded TECH DRC rules values from /home/jaikrishn/IHP-Open-PDK/ihp-sg13g2/libs.tech/klayout/python/sg13g2_pycell_lib/sg13g2_tech_mod.json
2026-09-16 00:02:49 +0530: Memory Usage (441664K) : Loaded default DRC rules values from /home/jaikrishn/IHP-Open-PDK/ihp-sg13g2/libs.tech/klayout/tech/drc/rule_decks/sg13g2_tech_default.json
2026-09-16 00:02:49 +0530: Memory Usage (441664K) : The following rules values were missing in tech json and default values were used:
2026-09-16 00:02:49 +0530: Memory Usage (441664K) :   - NW_f1_digibnd
2026-09-16 00:02:49 +0530: Memory Usage (441664K) :   - Cnt_c_digibnd
2026-09-16 00:02:49 +0530: Memory Usage (441664K) :   - Cnt_c_sram
2026-09-16 00:02:49 +0530: Memory Usage (441664K) :   - Sdiod_b
2026-09-16 00:02:49 +0530: Memory Usage (441664K) :   - Sdiod_c
2026-09-16 00:02:49 +0530: Memory Usage (448740K) : Total area of the design is 469473.10042499995 um^2.
2026-09-16 00:02:49 +0530: Memory Usage (448740K) : The design dimensions are 675.885 µm * 694.605 µm.
2026-09-16 00:02:49 +0530: Memory Usage (448740K) : Starting general IHP-SG13G2 derivations.
2026-09-16 00:02:49 +0530: Memory Usage (448740K) : Starting Pwell derivations
2026-09-16 00:02:50 +0530: Memory Usage (478104K) : Starting n-Activ derivations
2026-09-16 00:02:50 +0530: Memory Usage (508568K) : Starting p-Activ derivations
2026-09-16 00:02:51 +0530: Memory Usage (509464K) : Starting ptap derivations
2026-09-16 00:02:52 +0530: Memory Usage (539032K) : Starting ntap derivations
2026-09-16 00:02:53 +0530: Memory Usage (556712K) : Starting pact FET derivations
2026-09-16 00:02:54 +0530: Memory Usage (562572K) : Starting nact FET derivations
2026-09-16 00:02:54 +0530: Memory Usage (574948K) : Starting Gate derivations
2026-09-16 00:02:55 +0530: Memory Usage (582336K) : Starting cont/contbar general derivations
2026-09-16 00:02:58 +0530: Memory Usage (764864K) : Starting pad general derivations
2026-09-16 00:02:58 +0530: Memory Usage (764864K) : Starting schottky_nbl general derivations
2026-09-16 00:02:59 +0530: Memory Usage (764864K) : Starting SVaricap general derivations
2026-09-16 00:03:00 +0530: Memory Usage (777408K) : Starting HBT general derivations
2026-09-16 00:03:00 +0530: Memory Usage (777408K) : Starting IHP-SG13G2 DRC connectivity related derivations.
2026-09-16 00:03:00 +0530: Memory Usage (777408K) : Starting IHP-SG13G2 DRC connectivity setup
2026-09-16 00:03:05 +0530: Memory Usage (777560K) : Starting IHP-SG13G2 DRC rules.
2026-09-16 00:03:05 +0530: Memory Usage (777560K) : Running all FEOL rules
2026-09-16 00:03:05 +0530: Memory Usage (777560K) : Running all BEOL rules
2026-09-16 00:03:05 +0530: Memory Usage (777560K) : Running all PIN rules
2026-09-16 00:03:05 +0530: Memory Usage (777560K) : Running all FORBIDDEN rules
2026-09-16 00:03:05 +0530: Memory Usage (777560K) : Starting 5.1 NWell table
2026-09-16 00:03:05 +0530: Memory Usage (777560K) : Executing rule NW.b
2026-09-16 00:03:06 +0530: Memory Usage (791004K) : Executing rule NW.b1
2026-09-16 00:03:06 +0530: Memory Usage (791260K) : Executing rule NW.f1
2026-09-16 00:03:06 +0530: Memory Usage (791260K) : Executing rule NW.f1.digibnd
2026-09-16 00:03:06 +0530: Memory Usage (791260K) : Starting 5.2 PWell:block
2026-09-16 00:03:06 +0530: Memory Usage (791260K) : Executing rule PWB.e
2026-09-16 00:03:06 +0530: Memory Usage (791260K) : Executing rule PWB.e1
2026-09-16 00:03:06 +0530: Memory Usage (791260K) : Executing rule PWB.f
2026-09-16 00:03:06 +0530: Memory Usage (791260K) : Executing rule PWB.f1
2026-09-16 00:03:07 +0530: Memory Usage (791260K) : Starting 5.3 nBuLay table
2026-09-16 00:03:07 +0530: Memory Usage (791260K) : Executing rule NBL.b
2026-09-16 00:03:07 +0530: Memory Usage (791388K) : Executing rule NBL.c
2026-09-16 00:03:07 +0530: Memory Usage (791388K) : Executing rule NBL.d
2026-09-16 00:03:07 +0530: Memory Usage (794588K) : Executing rule NBL.e
2026-09-16 00:03:07 +0530: Memory Usage (800348K) : Executing rule NBL.f
2026-09-16 00:03:07 +0530: Memory Usage (801372K) : Starting 5.5. Activ table
2026-09-16 00:03:07 +0530: Memory Usage (801372K) : Executing rule Act.a
2026-09-16 00:03:08 +0530: Memory Usage (801372K) : Executing rule Act.b
2026-09-16 00:03:09 +0530: Memory Usage (832732K) : Starting 5.6 Activ:filler table
2026-09-16 00:03:10 +0530: Memory Usage (832732K) : Executing rule AFil.c1
2026-09-16 00:03:10 +0530: Memory Usage (832732K) : Executing rule AFil.c
2026-09-16 00:03:10 +0530: Memory Usage (832732K) : Executing rule AFil.d
2026-09-16 00:03:10 +0530: Memory Usage (832732K) : Executing rule AFil.e
2026-09-16 00:03:10 +0530: Memory Usage (832732K) : Executing rule AFil.j
2026-09-16 00:03:10 +0530: Memory Usage (832732K) : Starting 5.7. ThickGateOx table
2026-09-16 00:03:10 +0530: Memory Usage (832732K) : Executing rule TGO.f
2026-09-16 00:03:10 +0530: Memory Usage (832732K) : Starting 5.8. GatPoly table
2026-09-16 00:03:10 +0530: Memory Usage (832732K) : Executing rule Gat.a
2026-09-16 00:03:10 +0530: Memory Usage (832732K) : Executing rule Gat.b
2026-09-16 00:03:10 +0530: Memory Usage (842972K) : Executing rule Gat.d
2026-09-16 00:03:10 +0530: Memory Usage (852828K) : Executing rule Gat.a1
2026-09-16 00:03:11 +0530: Memory Usage (853580K) : Executing rule Gat.a2
2026-09-16 00:03:12 +0530: Memory Usage (862412K) : Executing rule Gat.g
2026-09-16 00:03:12 +0530: Memory Usage (862540K) : Starting 5.9 GatPoly:filler
2026-09-16 00:03:12 +0530: Memory Usage (862540K) : Executing rule GFil.d
2026-09-16 00:03:12 +0530: Memory Usage (862540K) : Executing rule GFil.e
2026-09-16 00:03:12 +0530: Memory Usage (862540K) : Executing rule GFil.i
2026-09-16 00:03:12 +0530: Memory Usage (862540K) : Starting 5.10 pSD table
2026-09-16 00:03:12 +0530: Memory Usage (862540K) : Executing rule pSD.c1
2026-09-16 00:03:14 +0530: Memory Usage (899120K) : Starting 5.14. Cont table
2026-09-16 00:03:14 +0530: Memory Usage (899120K) : Executing rule Cnt.a
2026-09-16 00:03:17 +0530: Memory Usage (1016240K) : Executing rule Cnt.b
2026-09-16 00:03:19 +0530: Memory Usage (1016108K) : Executing rule Cnt.c
2026-09-16 00:03:24 +0530: Memory Usage (1078952K) : Executing rule Cnt.c.digibnd
2026-09-16 00:03:24 +0530: Memory Usage (1078952K) : Executing rule Cnt.c.SRAM
2026-09-16 00:03:24 +0530: Memory Usage (1078952K) : Executing rule Cnt.d
2026-09-16 00:03:25 +0530: Memory Usage (1089064K) : Executing rule Cnt.e
2026-09-16 00:03:26 +0530: Memory Usage (1089192K) : Executing rule Cnt.g1
2026-09-16 00:03:28 +0530: Memory Usage (1089192K) : Executing rule Cnt.g2
2026-09-16 00:03:31 +0530: Memory Usage (1106088K) : Starting 5.15. ContBar table
2026-09-16 00:03:31 +0530: Memory Usage (1106088K) : Executing rule CntB.a
2026-09-16 00:03:35 +0530: Memory Usage (1110696K) : Executing rule CntB.a1
2026-09-16 00:03:35 +0530: Memory Usage (1110696K) : Executing rule CntB.b1
2026-09-16 00:03:35 +0530: Memory Usage (1110696K) : Executing rule CntB.h1
2026-09-16 00:03:35 +0530: Memory Usage (1110696K) : Starting 6.1.3 NPN Substrate-Tie table
2026-09-16 00:03:35 +0530: Memory Usage (1110696K) : Starting 6.7 Schottky diode table
2026-09-16 00:03:35 +0530: Memory Usage (1110696K) : Executing rule Sdiod.b
2026-09-16 00:03:35 +0530: Memory Usage (1110696K) : Executing rule Sdiod.c
2026-09-16 00:03:35 +0530: Memory Usage (1110696K) : Executing rule Sdiod.d
2026-09-16 00:03:35 +0530: Memory Usage (1110696K) : Executing rule Sdiod.e
2026-09-16 00:03:35 +0530: Memory Usage (1110696K) : Starting 7.2 Latch-up table
2026-09-16 00:03:35 +0530: Memory Usage (1110696K) : Executing rule LU.b
2026-09-16 00:03:37 +0530: Memory Usage (1127208K) : Starting 5.16. Metal1 table
2026-09-16 00:03:37 +0530: Memory Usage (1127208K) : Executing rule M1.a
2026-09-16 00:03:39 +0530: Memory Usage (1127208K) : Executing rule M1.b
2026-09-16 00:03:46 +0530: Memory Usage (1191664K) : Executing rule M1.e
2026-09-16 00:04:36 +0530: Memory Usage (1202928K) : Executing rule M1.f
2026-09-16 00:04:39 +0530: Memory Usage (1202928K) : Executing rule M1.g
2026-09-16 00:04:39 +0530: Memory Usage (1224844K) : Executing rule M1.i
2026-09-16 00:04:40 +0530: Memory Usage (1297060K) : Starting 5.17 Metaln table
2026-09-16 00:04:40 +0530: Memory Usage (1297060K) : Executing rule M2.a
2026-09-16 00:04:41 +0530: Memory Usage (1231492K) : Executing rule M2.b
2026-09-16 00:04:43 +0530: Memory Usage (1261316K) : Executing rule M2.e
2026-09-16 00:04:44 +0530: Memory Usage (1261316K) : Executing rule M2.f
2026-09-16 00:04:44 +0530: Memory Usage (1261316K) : Executing rule M2.g
2026-09-16 00:04:44 +0530: Memory Usage (1261316K) : Executing rule M2.i
2026-09-16 00:04:45 +0530: Memory Usage (1292036K) : Executing rule M3.a
2026-09-16 00:04:45 +0530: Memory Usage (1292036K) : Executing rule M3.b
2026-09-16 00:04:46 +0530: Memory Usage (1292164K) : Executing rule M3.e
2026-09-16 00:04:47 +0530: Memory Usage (1292164K) : Executing rule M3.f
2026-09-16 00:04:47 +0530: Memory Usage (1292164K) : Executing rule M3.g
2026-09-16 00:04:47 +0530: Memory Usage (1292164K) : Executing rule M3.i
2026-09-16 00:04:47 +0530: Memory Usage (1292292K) : Executing rule M4.a
2026-09-16 00:04:47 +0530: Memory Usage (1292292K) : Executing rule M4.b
2026-09-16 00:04:48 +0530: Memory Usage (1292292K) : Executing rule M4.e
2026-09-16 00:04:48 +0530: Memory Usage (1292292K) : Executing rule M4.f
2026-09-16 00:04:48 +0530: Memory Usage (1292292K) : Executing rule M4.g
2026-09-16 00:04:48 +0530: Memory Usage (1292292K) : Executing rule M4.i
2026-09-16 00:04:48 +0530: Memory Usage (1292420K) : Executing rule M5.a
2026-09-16 00:04:48 +0530: Memory Usage (1292420K) : Executing rule M5.b
2026-09-16 00:04:48 +0530: Memory Usage (1292416K) : Executing rule M5.e
2026-09-16 00:04:48 +0530: Memory Usage (1292416K) : Executing rule M5.f
2026-09-16 00:04:49 +0530: Memory Usage (1292416K) : Executing rule M5.g
2026-09-16 00:04:49 +0530: Memory Usage (1292544K) : Executing rule M5.i
2026-09-16 00:04:49 +0530: Memory Usage (1292416K) : Starting 5.18 Metaln:filler table
2026-09-16 00:04:49 +0530: Memory Usage (1292416K) : Executing rule M1Fil.c
2026-09-16 00:04:49 +0530: Memory Usage (1292416K) : Executing rule M1Fil.a2
2026-09-16 00:04:49 +0530: Memory Usage (1292416K) : Executing rule M2Fil.c
2026-09-16 00:04:49 +0530: Memory Usage (1292416K) : Executing rule M2Fil.a2
2026-09-16 00:04:49 +0530: Memory Usage (1292416K) : Executing rule M3Fil.c
2026-09-16 00:04:49 +0530: Memory Usage (1292416K) : Executing rule M3Fil.a2
2026-09-16 00:04:49 +0530: Memory Usage (1292416K) : Executing rule M4Fil.c
2026-09-16 00:04:49 +0530: Memory Usage (1292416K) : Executing rule M4Fil.a2
2026-09-16 00:04:49 +0530: Memory Usage (1292416K) : Executing rule M5Fil.c
2026-09-16 00:04:49 +0530: Memory Usage (1292416K) : Executing rule M5Fil.a2
2026-09-16 00:04:49 +0530: Memory Usage (1292416K) : Starting 5.19. Via1 table
2026-09-16 00:04:49 +0530: Memory Usage (1292416K) : Starting 5.19. Via1 table derivations
2026-09-16 00:04:49 +0530: Memory Usage (1292416K) : Executing rule V1.a
2026-09-16 00:04:49 +0530: Memory Usage (1292416K) : Executing rule V1.b
2026-09-16 00:04:49 +0530: Memory Usage (1292544K) : Executing rule V1.c
2026-09-16 00:04:50 +0530: Memory Usage (1292672K) : Starting 5.20. Vian table
2026-09-16 00:04:50 +0530: Memory Usage (1292672K) : Executing rule V2.a
2026-09-16 00:04:50 +0530: Memory Usage (1292672K) : Executing rule V2.b
2026-09-16 00:04:50 +0530: Memory Usage (1296768K) : Executing rule V2.c
2026-09-16 00:04:51 +0530: Memory Usage (1306496K) : Executing rule V3.a
2026-09-16 00:04:51 +0530: Memory Usage (1306496K) : Executing rule V3.b
2026-09-16 00:04:51 +0530: Memory Usage (1306364K) : Executing rule V3.c
2026-09-16 00:04:51 +0530: Memory Usage (1306364K) : Executing rule V4.a
2026-09-16 00:04:51 +0530: Memory Usage (1306364K) : Executing rule V4.b
2026-09-16 00:04:51 +0530: Memory Usage (1306364K) : Executing rule V4.c
2026-09-16 00:04:52 +0530: Memory Usage (1306492K) : Starting 5.21. TopVia1 table
2026-09-16 00:04:52 +0530: Memory Usage (1306492K) : Executing rule TV1.a
2026-09-16 00:04:52 +0530: Memory Usage (1306492K) : Executing rule TV1.b
2026-09-16 00:04:52 +0530: Memory Usage (1306492K) : Executing rule TV1.c
2026-09-16 00:04:52 +0530: Memory Usage (1306360K) : Executing rule TV1.d
2026-09-16 00:04:52 +0530: Memory Usage (1306360K) : Starting 5.22. TopMetal1 table
2026-09-16 00:04:52 +0530: Memory Usage (1306360K) : Executing rule TM1.a
2026-09-16 00:04:52 +0530: Memory Usage (1306360K) : Executing rule TM1.b
2026-09-16 00:04:52 +0530: Memory Usage (1306488K) : Starting 5.23 TopMetal1:filler table
2026-09-16 00:04:52 +0530: Memory Usage (1306488K) : Executing rule TM1Fil.c
2026-09-16 00:04:53 +0530: Memory Usage (1306488K) : Executing rule TM1Fil.a1
2026-09-16 00:04:53 +0530: Memory Usage (1306488K) : Starting 5.24. TopVia2 table
2026-09-16 00:04:53 +0530: Memory Usage (1306488K) : Executing rule TV2.a
2026-09-16 00:04:53 +0530: Memory Usage (1306488K) : Executing rule TV2.b
2026-09-16 00:04:53 +0530: Memory Usage (1306488K) : Executing rule TV2.c
2026-09-16 00:04:53 +0530: Memory Usage (1306352K) : Executing rule TV2.d
2026-09-16 00:04:53 +0530: Memory Usage (1306352K) : Starting 5.25. TopMetal2 table
2026-09-16 00:04:53 +0530: Memory Usage (1306352K) : Executing rule TM2.a
2026-09-16 00:04:53 +0530: Memory Usage (1306352K) : Executing rule TM2.b
2026-09-16 00:04:53 +0530: Memory Usage (1306480K) : Starting 5.26 TopMetal2:filler table
2026-09-16 00:04:53 +0530: Memory Usage (1306480K) : Executing rule TM2Fil.c
2026-09-16 00:04:53 +0530: Memory Usage (1306480K) : Executing rule TM2Fil.a1
2026-09-16 00:04:53 +0530: Memory Usage (1306480K) : Starting 5.27. Passiv table
2026-09-16 00:04:53 +0530: Memory Usage (1306480K) : Executing rule Pas.a
2026-09-16 00:04:53 +0530: Memory Usage (1306480K) : Executing rule Pas.b
2026-09-16 00:04:53 +0530: Memory Usage (1306480K) : Executing rule Pas.c
2026-09-16 00:04:53 +0530: Memory Usage (1306480K) : Starting 6.9.2 Copper Pillar table
2026-09-16 00:04:53 +0530: Memory Usage (1306480K) : Executing rule Padc.a
2026-09-16 00:04:53 +0530: Memory Usage (1306480K) : Executing rule Padc.b
2026-09-16 00:04:53 +0530: Memory Usage (1306480K) : Executing rule Padc.c
2026-09-16 00:04:53 +0530: Memory Usage (1306480K) : Executing rule Padb.f
2026-09-16 00:04:53 +0530: Memory Usage (1306480K) : Starting 6.9 Pad table
2026-09-16 00:04:53 +0530: Memory Usage (1306480K) : Executing rule Pad.m
2026-09-16 00:04:54 +0530: Memory Usage (1306480K) : Executing rule Pad.i
2026-09-16 00:04:54 +0530: Memory Usage (1306480K) : Starting 6.9.1 Solder Bump
2026-09-16 00:04:54 +0530: Memory Usage (1306480K) : Executing rule Padb.a
2026-09-16 00:04:54 +0530: Memory Usage (1306480K) : Executing rule Padb.b
2026-09-16 00:04:54 +0530: Memory Usage (1306480K) : Executing rule Padb.c
2026-09-16 00:04:54 +0530: Memory Usage (1306480K) : Executing rule Padb.f
2026-09-16 00:04:54 +0530: Memory Usage (1306480K) : Executing rule Padb.d
2026-09-16 00:04:54 +0530: Memory Usage (1306480K) : Starting 6.10 Sealring table
2026-09-16 00:04:54 +0530: Memory Usage (1306480K) : Executing rule Seal.l
2026-09-16 00:04:54 +0530: Memory Usage (1306480K) : Executing rule Seal.n
2026-09-16 00:04:54 +0530: Memory Usage (1306480K) : Executing rule seal.b_metal1
2026-09-16 00:04:54 +0530: Memory Usage (1306480K) : Executing rule seal.b_metal2
2026-09-16 00:04:54 +0530: Memory Usage (1306480K) : Executing rule seal.b_metal3
2026-09-16 00:04:54 +0530: Memory Usage (1306480K) : Executing rule seal.b_metal4
2026-09-16 00:04:54 +0530: Memory Usage (1306480K) : Executing rule seal.b_metal5
2026-09-16 00:04:54 +0530: Memory Usage (1306480K) : Executing rule seal.b_topmetal1
2026-09-16 00:04:54 +0530: Memory Usage (1306480K) : Executing rule seal.b_topmetal2
2026-09-16 00:04:54 +0530: Memory Usage (1306480K) : Executing rule seal.b_activ
2026-09-16 00:04:54 +0530: Memory Usage (1306480K) : Executing rule seal.b_psd
2026-09-16 00:04:54 +0530: Memory Usage (1306480K) : Executing rule Seal.k
2026-09-16 00:04:54 +0530: Memory Usage (1306480K) : Executing rule Seal.m
2026-09-16 00:04:54 +0530: Memory Usage (1306480K) : Starting 6.11 MIM table
2026-09-16 00:04:54 +0530: Memory Usage (1306480K) : Executing rule MIM.c
2026-09-16 00:04:54 +0530: Memory Usage (1306480K) : Executing rule MIM.d
2026-09-16 00:04:54 +0530: Memory Usage (1306480K) : Starting 7.3 Metal Slits table
2026-09-16 00:04:54 +0530: Memory Usage (1306480K) : Executing rule Slt.e1_M1
2026-09-16 00:04:54 +0530: Memory Usage (1306480K) : Executing rule Slt.e1_M2
2026-09-16 00:04:54 +0530: Memory Usage (1306480K) : Executing rule Slt.e1_M3
2026-09-16 00:04:54 +0530: Memory Usage (1306480K) : Executing rule Slt.e1_M4
2026-09-16 00:04:54 +0530: Memory Usage (1306480K) : Executing rule Slt.e1_M5
2026-09-16 00:04:54 +0530: Memory Usage (1306480K) : Executing rule Slt.e1_TM1
2026-09-16 00:04:54 +0530: Memory Usage (1306480K) : Executing rule Slt.e1_TM2
2026-09-16 00:04:54 +0530: Memory Usage (1306480K) : Starting 9.1. LBE table
2026-09-16 00:04:54 +0530: Memory Usage (1306480K) : Executing rule LBE.a
2026-09-16 00:04:54 +0530: Memory Usage (1306480K) : Executing rule LBE.b
2026-09-16 00:04:54 +0530: Memory Usage (1306480K) : Executing rule LBE.b1
2026-09-16 00:04:54 +0530: Memory Usage (1306480K) : Executing rule LBE.c
2026-09-16 00:04:54 +0530: Memory Usage (1306480K) : Executing rule LBE.d
2026-09-16 00:04:54 +0530: Memory Usage (1306480K) : Executing rule LBE.h
2026-09-16 00:04:54 +0530: Memory Usage (1306480K) : Starting 7.4. PIN table
2026-09-16 00:04:54 +0530: Memory Usage (1306480K) : Executing rule Pin.a
2026-09-16 00:04:54 +0530: Memory Usage (1306480K) : Executing rule Pin.b
2026-09-16 00:04:54 +0530: Memory Usage (1306480K) : Executing rule Pin.e
2026-09-16 00:04:56 +0530: Memory Usage (1337200K) : Executing rule Pin.f_M2
2026-09-16 00:04:56 +0530: Memory Usage (1337200K) : Executing rule Pin.f_M3
2026-09-16 00:04:56 +0530: Memory Usage (1337200K) : Executing rule Pin.f_M4
2026-09-16 00:04:56 +0530: Memory Usage (1337200K) : Executing rule Pin.f_M5
2026-09-16 00:04:56 +0530: Memory Usage (1337200K) : Executing rule Pin.g
2026-09-16 00:04:56 +0530: Memory Usage (1337200K) : Executing rule Pin.h
2026-09-16 00:04:56 +0530: Memory Usage (1337200K) : Starting 3.1. offgrid table
2026-09-16 00:04:56 +0530: Memory Usage (1337200K) : Executing rule activ_drw_Offgrid
2026-09-16 00:04:57 +0530: Memory Usage (1337332K) : Executing rule activ_mask_Offgrid
2026-09-16 00:04:57 +0530: Memory Usage (1337332K) : Executing rule activ_filler_Offgrid
2026-09-16 00:04:57 +0530: Memory Usage (1337332K) : Executing rule activ_opc_Offgrid
2026-09-16 00:04:57 +0530: Memory Usage (1337332K) : Executing rule activ_iopc_Offgrid
2026-09-16 00:04:57 +0530: Memory Usage (1337332K) : Executing rule biwind_drw_Offgrid
2026-09-16 00:04:57 +0530: Memory Usage (1337332K) : Executing rule biwind_opc_Offgrid
2026-09-16 00:04:57 +0530: Memory Usage (1337332K) : Executing rule pemwind_drw_Offgrid
2026-09-16 00:04:57 +0530: Memory Usage (1337332K) : Executing rule gatpoly_drw_Offgrid
2026-09-16 00:04:57 +0530: Memory Usage (1337332K) : Executing rule gatpoly_filler_Offgrid
2026-09-16 00:04:57 +0530: Memory Usage (1337332K) : Executing rule gatpoly_opc_Offgrid
2026-09-16 00:04:57 +0530: Memory Usage (1337332K) : Executing rule gatpoly_iopc_Offgrid
2026-09-16 00:04:57 +0530: Memory Usage (1337332K) : Executing rule gatpoly_noqrc_Offgrid
2026-09-16 00:04:57 +0530: Memory Usage (1337332K) : Executing rule cont_drw_Offgrid
2026-09-16 00:05:04 +0530: Memory Usage (1357940K) : Executing rule cont_opc_Offgrid
2026-09-16 00:05:05 +0530: Memory Usage (1357940K) : Executing rule nsd_drw_Offgrid
2026-09-16 00:05:05 +0530: Memory Usage (1357940K) : Executing rule nsd_block_Offgrid
2026-09-16 00:05:05 +0530: Memory Usage (1357940K) : Executing rule metal1_drw_Offgrid
2026-09-16 00:05:06 +0530: Memory Usage (1357940K) : Executing rule metal1_mask_Offgrid
2026-09-16 00:05:07 +0530: Memory Usage (1357940K) : Executing rule metal1_filler_Offgrid
2026-09-16 00:05:07 +0530: Memory Usage (1357940K) : Executing rule metal1_slit_Offgrid
2026-09-16 00:05:07 +0530: Memory Usage (1357940K) : Executing rule metal1_opc_Offgrid
2026-09-16 00:05:07 +0530: Memory Usage (1357940K) : Executing rule metal1_noqrc_Offgrid
2026-09-16 00:05:07 +0530: Memory Usage (1357940K) : Executing rule metal1_res_Offgrid
2026-09-16 00:05:07 +0530: Memory Usage (1357940K) : Executing rule metal1_iprobe_Offgrid
2026-09-16 00:05:07 +0530: Memory Usage (1357940K) : Executing rule metal1_diffprb_Offgrid
2026-09-16 00:05:07 +0530: Memory Usage (1357940K) : Executing rule passiv_drw_Offgrid
2026-09-16 00:05:07 +0530: Memory Usage (1357940K) : Executing rule passiv_pillar_Offgrid
2026-09-16 00:05:07 +0530: Memory Usage (1357940K) : Executing rule passiv_sbump_Offgrid
2026-09-16 00:05:07 +0530: Memory Usage (1357940K) : Executing rule passiv_pdl_Offgrid
2026-09-16 00:05:07 +0530: Memory Usage (1357940K) : Executing rule metal2_drw_Offgrid
2026-09-16 00:05:08 +0530: Memory Usage (1357940K) : Executing rule metal2_mask_Offgrid
2026-09-16 00:05:08 +0530: Memory Usage (1357940K) : Executing rule metal2_filler_Offgrid
2026-09-16 00:05:08 +0530: Memory Usage (1357940K) : Executing rule metal2_slit_Offgrid
2026-09-16 00:05:08 +0530: Memory Usage (1357940K) : Executing rule metal2_opc_Offgrid
2026-09-16 00:05:08 +0530: Memory Usage (1357940K) : Executing rule metal2_noqrc_Offgrid
2026-09-16 00:05:08 +0530: Memory Usage (1357940K) : Executing rule metal2_res_Offgrid
2026-09-16 00:05:09 +0530: Memory Usage (1357940K) : Executing rule metal2_iprobe_Offgrid
2026-09-16 00:05:09 +0530: Memory Usage (1357940K) : Executing rule metal2_diffprb_Offgrid
2026-09-16 00:05:09 +0530: Memory Usage (1357940K) : Executing rule baspoly_drw_Offgrid
2026-09-16 00:05:09 +0530: Memory Usage (1357940K) : Executing rule psd_drw_Offgrid
2026-09-16 00:05:10 +0530: Memory Usage (1357940K) : Executing rule nldb_drw_Offgrid
2026-09-16 00:05:10 +0530: Memory Usage (1357940K) : Executing rule via1_drw_Offgrid
2026-09-16 00:05:10 +0530: Memory Usage (1357940K) : Executing rule backmetal1_drw_Offgrid
2026-09-16 00:05:10 +0530: Memory Usage (1357940K) : Executing rule backmetal1_mask_Offgrid
2026-09-16 00:05:10 +0530: Memory Usage (1357940K) : Executing rule backmetal1_filler_Offgrid
2026-09-16 00:05:10 +0530: Memory Usage (1357940K) : Executing rule backmetal1_slit_Offgrid
2026-09-16 00:05:10 +0530: Memory Usage (1357940K) : Executing rule backmetal1_opc_Offgrid
2026-09-16 00:05:10 +0530: Memory Usage (1357940K) : Executing rule backmetal1_noqrc_Offgrid
2026-09-16 00:05:10 +0530: Memory Usage (1357940K) : Executing rule backmetal1_res_Offgrid
2026-09-16 00:05:10 +0530: Memory Usage (1357940K) : Executing rule backmetal1_iprobe_Offgrid
2026-09-16 00:05:11 +0530: Memory Usage (1357940K) : Executing rule backmetal1_diffprb_Offgrid
2026-09-16 00:05:11 +0530: Memory Usage (1357940K) : Executing rule backpassiv_drw_Offgrid
2026-09-16 00:05:11 +0530: Memory Usage (1357940K) : Executing rule salblock_drw_Offgrid
2026-09-16 00:05:11 +0530: Memory Usage (1357940K) : Executing rule via2_drw_Offgrid
2026-09-16 00:05:11 +0530: Memory Usage (1357940K) : Executing rule metal3_drw_Offgrid
2026-09-16 00:05:12 +0530: Memory Usage (1357940K) : Executing rule metal3_mask_Offgrid
2026-09-16 00:05:12 +0530: Memory Usage (1357940K) : Executing rule metal3_filler_Offgrid
2026-09-16 00:05:12 +0530: Memory Usage (1357940K) : Executing rule metal3_slit_Offgrid
2026-09-16 00:05:12 +0530: Memory Usage (1357940K) : Executing rule metal3_opc_Offgrid
2026-09-16 00:05:12 +0530: Memory Usage (1357940K) : Executing rule metal3_noqrc_Offgrid
2026-09-16 00:05:12 +0530: Memory Usage (1357940K) : Executing rule metal3_res_Offgrid
2026-09-16 00:05:12 +0530: Memory Usage (1357940K) : Executing rule metal3_iprobe_Offgrid
2026-09-16 00:05:12 +0530: Memory Usage (1357940K) : Executing rule metal3_diffprb_Offgrid
2026-09-16 00:05:12 +0530: Memory Usage (1357940K) : Executing rule nwell_drw_Offgrid
2026-09-16 00:05:12 +0530: Memory Usage (1357940K) : Executing rule nbulay_drw_Offgrid
2026-09-16 00:05:12 +0530: Memory Usage (1357940K) : Executing rule nbulay_block_Offgrid
2026-09-16 00:05:13 +0530: Memory Usage (1357940K) : Executing rule pwell_drw_Offgrid
2026-09-16 00:05:13 +0530: Memory Usage (1357940K) : Executing rule pwell_block_Offgrid
2026-09-16 00:05:13 +0530: Memory Usage (1357940K) : Executing rule emwind_drw_Offgrid
2026-09-16 00:05:13 +0530: Memory Usage (1357940K) : Executing rule emwind_opc_Offgrid
2026-09-16 00:05:13 +0530: Memory Usage (1357940K) : Executing rule deepco_drw_Offgrid
2026-09-16 00:05:13 +0530: Memory Usage (1357940K) : Executing rule mim_drw_Offgrid
2026-09-16 00:05:13 +0530: Memory Usage (1357940K) : Executing rule substrate_drw_Offgrid
2026-09-16 00:05:13 +0530: Memory Usage (1357940K) : Executing rule ic_drw_Offgrid
2026-09-16 00:05:13 +0530: Memory Usage (1357940K) : Executing rule via3_drw_Offgrid
2026-09-16 00:05:13 +0530: Memory Usage (1357940K) : Executing rule pldb_drw_Offgrid
2026-09-16 00:05:13 +0530: Memory Usage (1357940K) : Executing rule metal4_drw_Offgrid
2026-09-16 00:05:13 +0530: Memory Usage (1357940K) : Executing rule metal4_mask_Offgrid
2026-09-16 00:05:13 +0530: Memory Usage (1357940K) : Executing rule metal4_filler_Offgrid
2026-09-16 00:05:13 +0530: Memory Usage (1357940K) : Executing rule metal4_slit_Offgrid
2026-09-16 00:05:13 +0530: Memory Usage (1357940K) : Executing rule metal4_opc_Offgrid
2026-09-16 00:05:14 +0530: Memory Usage (1357940K) : Executing rule metal4_noqrc_Offgrid
2026-09-16 00:05:14 +0530: Memory Usage (1357940K) : Executing rule metal4_res_Offgrid
2026-09-16 00:05:14 +0530: Memory Usage (1357940K) : Executing rule metal4_iprobe_Offgrid
2026-09-16 00:05:14 +0530: Memory Usage (1357940K) : Executing rule metal4_diffprb_Offgrid
2026-09-16 00:05:14 +0530: Memory Usage (1357940K) : Executing rule via4_drw_Offgrid
2026-09-16 00:05:14 +0530: Memory Usage (1357940K) : Executing rule metal5_drw_Offgrid
2026-09-16 00:05:14 +0530: Memory Usage (1357940K) : Executing rule metal5_mask_Offgrid
2026-09-16 00:05:14 +0530: Memory Usage (1357940K) : Executing rule metal5_filler_Offgrid
2026-09-16 00:05:14 +0530: Memory Usage (1357940K) : Executing rule metal5_slit_Offgrid
2026-09-16 00:05:14 +0530: Memory Usage (1357940K) : Executing rule metal5_opc_Offgrid
2026-09-16 00:05:14 +0530: Memory Usage (1357940K) : Executing rule metal5_noqrc_Offgrid
2026-09-16 00:05:14 +0530: Memory Usage (1357940K) : Executing rule metal5_res_Offgrid
2026-09-16 00:05:14 +0530: Memory Usage (1357940K) : Executing rule metal5_iprobe_Offgrid
2026-09-16 00:05:14 +0530: Memory Usage (1357940K) : Executing rule metal5_diffprb_Offgrid
2026-09-16 00:05:14 +0530: Memory Usage (1357940K) : Executing rule prboundary_drw_Offgrid
2026-09-16 00:05:14 +0530: Memory Usage (1357940K) : Executing rule exchange0_drw_Offgrid
2026-09-16 00:05:15 +0530: Memory Usage (1357940K) : Executing rule exchange1_drw_Offgrid
2026-09-16 00:05:15 +0530: Memory Usage (1357940K) : Executing rule exchange2_drw_Offgrid
2026-09-16 00:05:15 +0530: Memory Usage (1357940K) : Executing rule exchange3_drw_Offgrid
2026-09-16 00:05:15 +0530: Memory Usage (1357940K) : Executing rule exchange4_drw_Offgrid
2026-09-16 00:05:15 +0530: Memory Usage (1357940K) : Executing rule isonwell_drw_Offgrid
2026-09-16 00:05:15 +0530: Memory Usage (1357940K) : Executing rule thickgateox_drw_Offgrid
2026-09-16 00:05:15 +0530: Memory Usage (1357940K) : Executing rule pempoly_drw_Offgrid
2026-09-16 00:05:15 +0530: Memory Usage (1357940K) : Executing rule fbe_drw_Offgrid
2026-09-16 00:05:15 +0530: Memory Usage (1357940K) : Executing rule empoly_drw_Offgrid
2026-09-16 00:05:15 +0530: Memory Usage (1357940K) : Executing rule ldmos_drw_Offgrid
2026-09-16 00:05:15 +0530: Memory Usage (1357940K) : Executing rule pbiwind_drw_Offgrid
2026-09-16 00:05:15 +0530: Memory Usage (1357940K) : Executing rule colopen_drw_Offgrid
2026-09-16 00:05:15 +0530: Memory Usage (1357940K) : Executing rule extblock_drw_Offgrid
2026-09-16 00:05:15 +0530: Memory Usage (1357940K) : Executing rule nldd_drw_Offgrid
2026-09-16 00:05:15 +0530: Memory Usage (1357940K) : Executing rule pldd_drw_Offgrid
2026-09-16 00:05:15 +0530: Memory Usage (1357940K) : Executing rule next_drw_Offgrid
2026-09-16 00:05:15 +0530: Memory Usage (1357940K) : Executing rule pext_drw_Offgrid
2026-09-16 00:05:15 +0530: Memory Usage (1357940K) : Executing rule nexthv_drw_Offgrid
2026-09-16 00:05:15 +0530: Memory Usage (1357940K) : Executing rule pexthv_drw_Offgrid
2026-09-16 00:05:15 +0530: Memory Usage (1357940K) : Executing rule graphgate_drw_Offgrid
2026-09-16 00:05:16 +0530: Memory Usage (1357940K) : Executing rule mempad_drw_Offgrid
2026-09-16 00:05:16 +0530: Memory Usage (1357940K) : Executing rule topvia1_drw_Offgrid
2026-09-16 00:05:16 +0530: Memory Usage (1357940K) : Executing rule topmetal1_drw_Offgrid
2026-09-16 00:05:16 +0530: Memory Usage (1357940K) : Executing rule topmetal1_mask_Offgrid
2026-09-16 00:05:16 +0530: Memory Usage (1357940K) : Executing rule topmetal1_filler_Offgrid
2026-09-16 00:05:16 +0530: Memory Usage (1357940K) : Executing rule topmetal1_slit_Offgrid
2026-09-16 00:05:16 +0530: Memory Usage (1357940K) : Executing rule topmetal1_noqrc_Offgrid
2026-09-16 00:05:16 +0530: Memory Usage (1357940K) : Executing rule topmetal1_res_Offgrid
2026-09-16 00:05:16 +0530: Memory Usage (1357940K) : Executing rule topmetal1_iprobe_Offgrid
2026-09-16 00:05:16 +0530: Memory Usage (1357940K) : Executing rule topmetal1_diffprb_Offgrid
2026-09-16 00:05:16 +0530: Memory Usage (1357940K) : Executing rule inldpwl_drw_Offgrid
2026-09-16 00:05:16 +0530: Memory Usage (1357940K) : Executing rule polyres_drw_Offgrid
2026-09-16 00:05:16 +0530: Memory Usage (1357940K) : Executing rule vmim_drw_Offgrid
2026-09-16 00:05:16 +0530: Memory Usage (1357940K) : Executing rule nbulaycut_drw_Offgrid
2026-09-16 00:05:16 +0530: Memory Usage (1357940K) : Executing rule antmetal1_drw_Offgrid
2026-09-16 00:05:16 +0530: Memory Usage (1357940K) : Executing rule topvia2_drw_Offgrid
2026-09-16 00:05:17 +0530: Memory Usage (1357940K) : Executing rule topmetal2_drw_Offgrid
2026-09-16 00:05:17 +0530: Memory Usage (1357940K) : Executing rule topmetal2_mask_Offgrid
2026-09-16 00:05:17 +0530: Memory Usage (1357940K) : Executing rule topmetal2_filler_Offgrid
2026-09-16 00:05:17 +0530: Memory Usage (1357940K) : Executing rule topmetal2_slit_Offgrid
2026-09-16 00:05:17 +0530: Memory Usage (1357940K) : Executing rule topmetal2_noqrc_Offgrid
2026-09-16 00:05:17 +0530: Memory Usage (1357940K) : Executing rule topmetal2_res_Offgrid
2026-09-16 00:05:17 +0530: Memory Usage (1357940K) : Executing rule topmetal2_iprobe_Offgrid
2026-09-16 00:05:17 +0530: Memory Usage (1357940K) : Executing rule topmetal2_diffprb_Offgrid
2026-09-16 00:05:17 +0530: Memory Usage (1357940K) : Executing rule snsring_drw_Offgrid
2026-09-16 00:05:17 +0530: Memory Usage (1357940K) : Executing rule sensor_drw_Offgrid
2026-09-16 00:05:17 +0530: Memory Usage (1357940K) : Executing rule snsarms_drw_Offgrid
2026-09-16 00:05:17 +0530: Memory Usage (1357940K) : Executing rule snscmosvia_drw_Offgrid
2026-09-16 00:05:17 +0530: Memory Usage (1357940K) : Executing rule colwind_drw_Offgrid
2026-09-16 00:05:17 +0530: Memory Usage (1357940K) : Executing rule flm_drw_Offgrid
2026-09-16 00:05:17 +0530: Memory Usage (1357940K) : Executing rule hafniumox_drw_Offgrid
2026-09-16 00:05:17 +0530: Memory Usage (1357940K) : Executing rule memvia_drw_Offgrid
2026-09-16 00:05:18 +0530: Memory Usage (1357940K) : Executing rule thinfilmres_drw_Offgrid
2026-09-16 00:05:18 +0530: Memory Usage (1357940K) : Executing rule rfmem_drw_Offgrid
2026-09-16 00:05:18 +0530: Memory Usage (1357940K) : Executing rule snsbotvia_drw_Offgrid
2026-09-16 00:05:18 +0530: Memory Usage (1357940K) : Executing rule snstopvia_drw_Offgrid
2026-09-16 00:05:18 +0530: Memory Usage (1357940K) : Executing rule deepvia_drw_Offgrid
2026-09-16 00:05:18 +0530: Memory Usage (1357940K) : Executing rule fgetch_drw_Offgrid
2026-09-16 00:05:18 +0530: Memory Usage (1357940K) : Executing rule ctrgat_drw_Offgrid
2026-09-16 00:05:18 +0530: Memory Usage (1357940K) : Executing rule fgimp_drw_Offgrid
2026-09-16 00:05:18 +0530: Memory Usage (1357940K) : Executing rule emwihv_drw_Offgrid
2026-09-16 00:05:18 +0530: Memory Usage (1357940K) : Executing rule lbe_drw_Offgrid
2026-09-16 00:05:18 +0530: Memory Usage (1357940K) : Executing rule alcustop_drw_Offgrid
2026-09-16 00:05:18 +0530: Memory Usage (1357940K) : Starting 3.2. angle table
2026-09-16 00:05:18 +0530: Memory Usage (1357940K) : Executing rule activ_drw_Acute
2026-09-16 00:05:19 +0530: Memory Usage (1357940K) : Executing rule activ_pin_Acute
2026-09-16 00:05:19 +0530: Memory Usage (1357940K) : Executing rule activ_mask_Acute
2026-09-16 00:05:19 +0530: Memory Usage (1357940K) : Executing rule activ_filler_Acute
2026-09-16 00:05:19 +0530: Memory Usage (1357940K) : Executing rule activ_nofill_Acute
2026-09-16 00:05:19 +0530: Memory Usage (1357940K) : Executing rule activ_opc_Acute
2026-09-16 00:05:19 +0530: Memory Usage (1357940K) : Executing rule activ_iopc_Acute
2026-09-16 00:05:19 +0530: Memory Usage (1357940K) : Executing rule activ_noqrc_Acute
2026-09-16 00:05:19 +0530: Memory Usage (1357940K) : Executing rule biwind_drw_Acute
2026-09-16 00:05:19 +0530: Memory Usage (1357940K) : Executing rule biwind_opc_Acute
2026-09-16 00:05:19 +0530: Memory Usage (1357940K) : Executing rule pemwind_drw_Acute
2026-09-16 00:05:19 +0530: Memory Usage (1357940K) : Executing rule gatpoly_drw_Acute
2026-09-16 00:05:19 +0530: Memory Usage (1357940K) : Executing rule gatpoly_pin_Acute
2026-09-16 00:05:20 +0530: Memory Usage (1357940K) : Executing rule gatpoly_filler_Acute
2026-09-16 00:05:20 +0530: Memory Usage (1357940K) : Executing rule gatpoly_nofill_Acute
2026-09-16 00:05:20 +0530: Memory Usage (1357940K) : Executing rule gatpoly_opc_Acute
2026-09-16 00:05:20 +0530: Memory Usage (1357940K) : Executing rule gatpoly_iopc_Acute
2026-09-16 00:05:20 +0530: Memory Usage (1357940K) : Executing rule gatpoly_noqrc_Acute
2026-09-16 00:05:20 +0530: Memory Usage (1357940K) : Executing rule cont_drw_Acute
2026-09-16 00:05:25 +0530: Memory Usage (1360524K) : Executing rule cont_opc_Acute
2026-09-16 00:05:25 +0530: Memory Usage (1360524K) : Executing rule nsd_drw_Acute
2026-09-16 00:05:25 +0530: Memory Usage (1360524K) : Executing rule nsd_block_Acute
2026-09-16 00:05:25 +0530: Memory Usage (1360524K) : Executing rule metal1_drw_Acute
2026-09-16 00:05:27 +0530: Memory Usage (1360396K) : Executing rule metal1_pin_Acute
2026-09-16 00:05:28 +0530: Memory Usage (1360140K) : Executing rule metal1_mask_Acute
2026-09-16 00:05:29 +0530: Memory Usage (1360140K) : Executing rule metal1_filler_Acute
2026-09-16 00:05:29 +0530: Memory Usage (1360140K) : Executing rule metal1_nofill_Acute
2026-09-16 00:05:29 +0530: Memory Usage (1360140K) : Executing rule metal1_slit_Acute
2026-09-16 00:05:29 +0530: Memory Usage (1360140K) : Executing rule metal1_opc_Acute
2026-09-16 00:05:29 +0530: Memory Usage (1360140K) : Executing rule metal1_noqrc_Acute
2026-09-16 00:05:29 +0530: Memory Usage (1360140K) : Executing rule metal1_res_Acute
2026-09-16 00:05:29 +0530: Memory Usage (1360140K) : Executing rule metal1_iprobe_Acute
2026-09-16 00:05:29 +0530: Memory Usage (1360012K) : Executing rule metal1_diffprb_Acute
2026-09-16 00:05:29 +0530: Memory Usage (1360012K) : Executing rule passiv_drw_Acute
2026-09-16 00:05:29 +0530: Memory Usage (1360012K) : Executing rule passiv_pin_Acute
2026-09-16 00:05:29 +0530: Memory Usage (1360012K) : Executing rule passiv_pillar_Acute
2026-09-16 00:05:29 +0530: Memory Usage (1360012K) : Executing rule passiv_sbump_Acute
2026-09-16 00:05:29 +0530: Memory Usage (1360012K) : Executing rule passiv_pdl_Acute
2026-09-16 00:05:29 +0530: Memory Usage (1360012K) : Executing rule metal2_drw_Acute
2026-09-16 00:05:31 +0530: Memory Usage (1360012K) : Executing rule metal2_pin_Acute
2026-09-16 00:05:31 +0530: Memory Usage (1360012K) : Executing rule metal2_mask_Acute
2026-09-16 00:05:31 +0530: Memory Usage (1360012K) : Executing rule metal2_filler_Acute
2026-09-16 00:05:31 +0530: Memory Usage (1360012K) : Executing rule metal2_nofill_Acute
2026-09-16 00:05:31 +0530: Memory Usage (1360012K) : Executing rule metal2_slit_Acute
2026-09-16 00:05:31 +0530: Memory Usage (1360012K) : Executing rule metal2_opc_Acute
2026-09-16 00:05:31 +0530: Memory Usage (1360012K) : Executing rule metal2_noqrc_Acute
2026-09-16 00:05:31 +0530: Memory Usage (1360012K) : Executing rule metal2_res_Acute
2026-09-16 00:05:31 +0530: Memory Usage (1360012K) : Executing rule metal2_iprobe_Acute
2026-09-16 00:05:31 +0530: Memory Usage (1360012K) : Executing rule metal2_diffprb_Acute
2026-09-16 00:05:31 +0530: Memory Usage (1360012K) : Executing rule baspoly_drw_Acute
2026-09-16 00:05:31 +0530: Memory Usage (1360012K) : Executing rule baspoly_pin_Acute
2026-09-16 00:05:31 +0530: Memory Usage (1360012K) : Executing rule psd_drw_Acute
2026-09-16 00:05:32 +0530: Memory Usage (1360012K) : Executing rule nldb_drw_Acute
2026-09-16 00:05:32 +0530: Memory Usage (1360012K) : Executing rule via1_drw_Acute
2026-09-16 00:05:32 +0530: Memory Usage (1360012K) : Executing rule backmetal1_drw_Acute
2026-09-16 00:05:33 +0530: Memory Usage (1360012K) : Executing rule backmetal1_pin_Acute
2026-09-16 00:05:33 +0530: Memory Usage (1360012K) : Executing rule backmetal1_mask_Acute
2026-09-16 00:05:33 +0530: Memory Usage (1360012K) : Executing rule backmetal1_filler_Acute
2026-09-16 00:05:33 +0530: Memory Usage (1360012K) : Executing rule backmetal1_nofill_Acute
2026-09-16 00:05:33 +0530: Memory Usage (1360012K) : Executing rule backmetal1_slit_Acute
2026-09-16 00:05:33 +0530: Memory Usage (1360012K) : Executing rule backmetal1_opc_Acute
2026-09-16 00:05:33 +0530: Memory Usage (1360012K) : Executing rule backmetal1_noqrc_Acute
2026-09-16 00:05:33 +0530: Memory Usage (1360012K) : Executing rule backmetal1_res_Acute
2026-09-16 00:05:33 +0530: Memory Usage (1360012K) : Executing rule backmetal1_iprobe_Acute
2026-09-16 00:05:33 +0530: Memory Usage (1360012K) : Executing rule backmetal1_diffprb_Acute
2026-09-16 00:05:33 +0530: Memory Usage (1360012K) : Executing rule backpassiv_drw_Acute
2026-09-16 00:05:33 +0530: Memory Usage (1360012K) : Executing rule salblock_drw_Acute
2026-09-16 00:05:34 +0530: Memory Usage (1360012K) : Executing rule via2_drw_Acute
2026-09-16 00:05:34 +0530: Memory Usage (1360012K) : Executing rule metal3_drw_Acute
2026-09-16 00:05:34 +0530: Memory Usage (1360012K) : Executing rule metal3_pin_Acute
2026-09-16 00:05:34 +0530: Memory Usage (1360012K) : Executing rule metal3_mask_Acute
2026-09-16 00:05:35 +0530: Memory Usage (1360012K) : Executing rule metal3_filler_Acute
2026-09-16 00:05:35 +0530: Memory Usage (1360012K) : Executing rule metal3_nofill_Acute
2026-09-16 00:05:35 +0530: Memory Usage (1360012K) : Executing rule metal3_slit_Acute
2026-09-16 00:05:35 +0530: Memory Usage (1360012K) : Executing rule metal3_opc_Acute
2026-09-16 00:05:35 +0530: Memory Usage (1360012K) : Executing rule metal3_noqrc_Acute
2026-09-16 00:05:35 +0530: Memory Usage (1360012K) : Executing rule metal3_res_Acute
2026-09-16 00:05:35 +0530: Memory Usage (1360012K) : Executing rule metal3_iprobe_Acute
2026-09-16 00:05:35 +0530: Memory Usage (1360012K) : Executing rule metal3_diffprb_Acute
2026-09-16 00:05:35 +0530: Memory Usage (1360012K) : Executing rule nwell_drw_Acute
2026-09-16 00:05:35 +0530: Memory Usage (1360012K) : Executing rule nwell_pin_Acute
2026-09-16 00:05:36 +0530: Memory Usage (1360012K) : Executing rule nbulay_drw_Acute
2026-09-16 00:05:36 +0530: Memory Usage (1360012K) : Executing rule nbulay_pin_Acute
2026-09-16 00:05:36 +0530: Memory Usage (1360012K) : Executing rule nbulay_block_Acute
2026-09-16 00:05:36 +0530: Memory Usage (1360012K) : Executing rule pwell_drw_Acute
2026-09-16 00:05:36 +0530: Memory Usage (1360012K) : Executing rule pwell_pin_Acute
2026-09-16 00:05:36 +0530: Memory Usage (1360012K) : Executing rule pwell_block_Acute
2026-09-16 00:05:36 +0530: Memory Usage (1360012K) : Executing rule emwind_drw_Acute
2026-09-16 00:05:36 +0530: Memory Usage (1360012K) : Executing rule emwind_opc_Acute
2026-09-16 00:05:36 +0530: Memory Usage (1360012K) : Executing rule deepco_drw_Acute
2026-09-16 00:05:36 +0530: Memory Usage (1360012K) : Executing rule mim_drw_Acute
2026-09-16 00:05:36 +0530: Memory Usage (1360012K) : Executing rule substrate_drw_Acute
2026-09-16 00:05:36 +0530: Memory Usage (1360012K) : Executing rule ic_drw_Acute
2026-09-16 00:05:36 +0530: Memory Usage (1360012K) : Executing rule via3_drw_Acute
2026-09-16 00:05:36 +0530: Memory Usage (1360012K) : Executing rule pldb_drw_Acute
2026-09-16 00:05:36 +0530: Memory Usage (1360012K) : Executing rule metal4_drw_Acute
2026-09-16 00:05:37 +0530: Memory Usage (1360012K) : Executing rule metal4_pin_Acute
2026-09-16 00:05:37 +0530: Memory Usage (1360012K) : Executing rule metal4_mask_Acute
2026-09-16 00:05:37 +0530: Memory Usage (1360012K) : Executing rule metal4_filler_Acute
2026-09-16 00:05:37 +0530: Memory Usage (1360012K) : Executing rule metal4_nofill_Acute
2026-09-16 00:05:37 +0530: Memory Usage (1360012K) : Executing rule metal4_slit_Acute
2026-09-16 00:05:37 +0530: Memory Usage (1360012K) : Executing rule metal4_opc_Acute
2026-09-16 00:05:37 +0530: Memory Usage (1360012K) : Executing rule metal4_noqrc_Acute
2026-09-16 00:05:37 +0530: Memory Usage (1360012K) : Executing rule metal4_res_Acute
2026-09-16 00:05:37 +0530: Memory Usage (1360012K) : Executing rule metal4_iprobe_Acute
2026-09-16 00:05:37 +0530: Memory Usage (1360012K) : Executing rule metal4_diffprb_Acute
2026-09-16 00:05:37 +0530: Memory Usage (1360012K) : Executing rule via4_drw_Acute
2026-09-16 00:05:37 +0530: Memory Usage (1360012K) : Executing rule metal5_drw_Acute
2026-09-16 00:05:38 +0530: Memory Usage (1360012K) : Executing rule metal5_pin_Acute
2026-09-16 00:05:38 +0530: Memory Usage (1360012K) : Executing rule metal5_mask_Acute
2026-09-16 00:05:38 +0530: Memory Usage (1360012K) : Executing rule metal5_filler_Acute
2026-09-16 00:05:38 +0530: Memory Usage (1360012K) : Executing rule metal5_nofill_Acute
2026-09-16 00:05:38 +0530: Memory Usage (1360012K) : Executing rule metal5_slit_Acute
2026-09-16 00:05:38 +0530: Memory Usage (1360012K) : Executing rule metal5_opc_Acute
2026-09-16 00:05:38 +0530: Memory Usage (1360012K) : Executing rule metal5_noqrc_Acute
2026-09-16 00:05:38 +0530: Memory Usage (1360012K) : Executing rule metal5_res_Acute
2026-09-16 00:05:38 +0530: Memory Usage (1360012K) : Executing rule metal5_iprobe_Acute
2026-09-16 00:05:38 +0530: Memory Usage (1360012K) : Executing rule metal5_diffprb_Acute
2026-09-16 00:05:38 +0530: Memory Usage (1360012K) : Executing rule prboundary_drw_Acute
2026-09-16 00:05:38 +0530: Memory Usage (1360012K) : Executing rule exchange0_drw_Acute
2026-09-16 00:05:38 +0530: Memory Usage (1360012K) : Executing rule exchange0_pin_Acute
2026-09-16 00:05:38 +0530: Memory Usage (1360012K) : Executing rule exchange1_drw_Acute
2026-09-16 00:05:38 +0530: Memory Usage (1360012K) : Executing rule exchange1_pin_Acute
2026-09-16 00:05:39 +0530: Memory Usage (1360012K) : Executing rule exchange2_drw_Acute
2026-09-16 00:05:39 +0530: Memory Usage (1360012K) : Executing rule exchange2_pin_Acute
2026-09-16 00:05:39 +0530: Memory Usage (1360012K) : Executing rule exchange3_drw_Acute
2026-09-16 00:05:39 +0530: Memory Usage (1360012K) : Executing rule exchange3_pin_Acute
2026-09-16 00:05:39 +0530: Memory Usage (1360012K) : Executing rule exchange4_drw_Acute
2026-09-16 00:05:39 +0530: Memory Usage (1360012K) : Executing rule exchange4_pin_Acute
2026-09-16 00:05:39 +0530: Memory Usage (1360012K) : Executing rule isonwell_drw_Acute
2026-09-16 00:05:39 +0530: Memory Usage (1360012K) : Executing rule thickgateox_drw_Acute
2026-09-16 00:05:39 +0530: Memory Usage (1360012K) : Executing rule pempoly_drw_Acute
2026-09-16 00:05:39 +0530: Memory Usage (1360012K) : Executing rule fbe_drw_Acute
2026-09-16 00:05:39 +0530: Memory Usage (1360012K) : Executing rule empoly_drw_Acute
2026-09-16 00:05:39 +0530: Memory Usage (1360012K) : Executing rule ldmos_drw_Acute
2026-09-16 00:05:39 +0530: Memory Usage (1360012K) : Executing rule pbiwind_drw_Acute
2026-09-16 00:05:39 +0530: Memory Usage (1360012K) : Executing rule colopen_drw_Acute
2026-09-16 00:05:39 +0530: Memory Usage (1360012K) : Executing rule extblock_drw_Acute
2026-09-16 00:05:39 +0530: Memory Usage (1360012K) : Executing rule nldd_drw_Acute
2026-09-16 00:05:39 +0530: Memory Usage (1360012K) : Executing rule pldd_drw_Acute
2026-09-16 00:05:40 +0530: Memory Usage (1360012K) : Executing rule next_drw_Acute
2026-09-16 00:05:40 +0530: Memory Usage (1360012K) : Executing rule pext_drw_Acute
2026-09-16 00:05:40 +0530: Memory Usage (1360012K) : Executing rule nexthv_drw_Acute
2026-09-16 00:05:40 +0530: Memory Usage (1360012K) : Executing rule pexthv_drw_Acute
2026-09-16 00:05:40 +0530: Memory Usage (1360012K) : Executing rule graphgate_drw_Acute
2026-09-16 00:05:40 +0530: Memory Usage (1360012K) : Executing rule mempad_drw_Acute
2026-09-16 00:05:40 +0530: Memory Usage (1360012K) : Executing rule topvia1_drw_Acute
2026-09-16 00:05:40 +0530: Memory Usage (1360012K) : Executing rule topmetal1_drw_Acute
2026-09-16 00:05:40 +0530: Memory Usage (1360012K) : Executing rule topmetal1_pin_Acute
2026-09-16 00:05:40 +0530: Memory Usage (1360012K) : Executing rule topmetal1_mask_Acute
2026-09-16 00:05:40 +0530: Memory Usage (1360012K) : Executing rule topmetal1_filler_Acute
2026-09-16 00:05:40 +0530: Memory Usage (1360012K) : Executing rule topmetal1_nofill_Acute
2026-09-16 00:05:40 +0530: Memory Usage (1360012K) : Executing rule topmetal1_slit_Acute
2026-09-16 00:05:40 +0530: Memory Usage (1360012K) : Executing rule topmetal1_noqrc_Acute
2026-09-16 00:05:41 +0530: Memory Usage (1360012K) : Executing rule topmetal1_res_Acute
2026-09-16 00:05:41 +0530: Memory Usage (1360012K) : Executing rule topmetal1_iprobe_Acute
2026-09-16 00:05:41 +0530: Memory Usage (1360012K) : Executing rule topmetal1_diffprb_Acute
2026-09-16 00:05:41 +0530: Memory Usage (1360012K) : Executing rule inldpwl_drw_Acute
2026-09-16 00:05:41 +0530: Memory Usage (1360012K) : Executing rule polyres_drw_Acute
2026-09-16 00:05:41 +0530: Memory Usage (1360012K) : Executing rule polyres_pin_Acute
2026-09-16 00:05:41 +0530: Memory Usage (1360012K) : Executing rule vmim_drw_Acute
2026-09-16 00:05:41 +0530: Memory Usage (1360012K) : Executing rule nbulaycut_drw_Acute
2026-09-16 00:05:41 +0530: Memory Usage (1360012K) : Executing rule antmetal1_drw_Acute
2026-09-16 00:05:41 +0530: Memory Usage (1360012K) : Executing rule topvia2_drw_Acute
2026-09-16 00:05:41 +0530: Memory Usage (1360012K) : Executing rule topmetal2_drw_Acute
2026-09-16 00:05:41 +0530: Memory Usage (1360012K) : Executing rule topmetal2_pin_Acute
2026-09-16 00:05:41 +0530: Memory Usage (1360012K) : Executing rule topmetal2_mask_Acute
2026-09-16 00:05:41 +0530: Memory Usage (1360012K) : Executing rule topmetal2_filler_Acute
2026-09-16 00:05:42 +0530: Memory Usage (1360012K) : Executing rule topmetal2_nofill_Acute
2026-09-16 00:05:42 +0530: Memory Usage (1360012K) : Executing rule topmetal2_slit_Acute
2026-09-16 00:05:42 +0530: Memory Usage (1360012K) : Executing rule topmetal2_noqrc_Acute
2026-09-16 00:05:42 +0530: Memory Usage (1360012K) : Executing rule topmetal2_res_Acute
2026-09-16 00:05:42 +0530: Memory Usage (1360012K) : Executing rule topmetal2_iprobe_Acute
2026-09-16 00:05:42 +0530: Memory Usage (1360012K) : Executing rule topmetal2_diffprb_Acute
2026-09-16 00:05:42 +0530: Memory Usage (1360012K) : Executing rule snsring_drw_Acute
2026-09-16 00:05:42 +0530: Memory Usage (1360012K) : Executing rule sensor_drw_Acute
2026-09-16 00:05:42 +0530: Memory Usage (1360012K) : Executing rule snsarms_drw_Acute
2026-09-16 00:05:42 +0530: Memory Usage (1360012K) : Executing rule snscmosvia_drw_Acute
2026-09-16 00:05:42 +0530: Memory Usage (1360012K) : Executing rule colwind_drw_Acute
2026-09-16 00:05:42 +0530: Memory Usage (1360012K) : Executing rule flm_drw_Acute
2026-09-16 00:05:42 +0530: Memory Usage (1360012K) : Executing rule hafniumox_drw_Acute
2026-09-16 00:05:42 +0530: Memory Usage (1360012K) : Executing rule memvia_drw_Acute
2026-09-16 00:05:42 +0530: Memory Usage (1360012K) : Executing rule thinfilmres_drw_Acute
2026-09-16 00:05:42 +0530: Memory Usage (1360012K) : Executing rule rfmem_drw_Acute
2026-09-16 00:05:42 +0530: Memory Usage (1360012K) : Executing rule snsbotvia_drw_Acute
2026-09-16 00:05:43 +0530: Memory Usage (1360012K) : Executing rule snstopvia_drw_Acute
2026-09-16 00:05:43 +0530: Memory Usage (1360012K) : Executing rule deepvia_drw_Acute
2026-09-16 00:05:43 +0530: Memory Usage (1360012K) : Executing rule fgetch_drw_Acute
2026-09-16 00:05:43 +0530: Memory Usage (1360012K) : Executing rule ctrgat_drw_Acute
2026-09-16 00:05:43 +0530: Memory Usage (1360012K) : Executing rule fgimp_drw_Acute
2026-09-16 00:05:43 +0530: Memory Usage (1360012K) : Executing rule emwihv_drw_Acute
2026-09-16 00:05:43 +0530: Memory Usage (1360012K) : Executing rule lbe_drw_Acute
2026-09-16 00:05:43 +0530: Memory Usage (1360012K) : Executing rule alcustop_drw_Acute
2026-09-16 00:05:43 +0530: Memory Usage (1360012K) : Executing rule cont_drw_Angle90
2026-09-16 00:05:54 +0530: Memory Usage (1946124K) : Executing rule via1_drw_Angle90
2026-09-16 00:05:54 +0530: Memory Usage (1946120K) : Executing rule via2_drw_Angle90
2026-09-16 00:05:54 +0530: Memory Usage (1946248K) : Executing rule via3_drw_Angle90
2026-09-16 00:05:55 +0530: Memory Usage (1807052K) : Executing rule via4_drw_Angle90
2026-09-16 00:05:55 +0530: Memory Usage (1807052K) : Executing rule vmim_drw_Angle90
2026-09-16 00:05:55 +0530: Memory Usage (1807052K) : Executing rule topvia1_drw_Angle90
2026-09-16 00:05:56 +0530: Memory Usage (1807052K) : Executing rule topvia2_drw_Angle90
2026-09-16 00:05:56 +0530: Memory Usage (1806924K) : Executing rule gatpoly_drw_Angle45
2026-09-16 00:05:57 +0530: Memory Usage (1806924K) : Executing rule activ_drw_Angle45
2026-09-16 00:06:00 +0530: Memory Usage (1839564K) : Executing rule metal1_drw_Angle45
2026-09-16 00:06:08 +0530: Memory Usage (1886892K) : Executing rule metal2_drw_Angle45
2026-09-16 00:06:12 +0530: Memory Usage (1896528K) : Executing rule metal3_drw_Angle45
2026-09-16 00:06:14 +0530: Memory Usage (1897680K) : Executing rule metal4_drw_Angle45
2026-09-16 00:06:14 +0530: Memory Usage (1897680K) : Executing rule metal5_drw_Angle45
2026-09-16 00:06:15 +0530: Memory Usage (1897680K) : Executing rule topmetal1_drw_Angle45
2026-09-16 00:06:15 +0530: Memory Usage (1897808K) : Executing rule topmetal2_drw_Angle45
2026-09-16 00:06:15 +0530: Memory Usage (1897936K) : Starting 3.2. FORBIDDEN table
2026-09-16 00:06:15 +0530: Memory Usage (1897936K) : Executing rule forbidden.biwind
2026-09-16 00:06:15 +0530: Memory Usage (1897936K) : Executing rule forbidden.pemwind
2026-09-16 00:06:15 +0530: Memory Usage (1897936K) : Executing rule forbidden.baspoly
2026-09-16 00:06:15 +0530: Memory Usage (1897936K) : Executing rule forbidden.deepco
2026-09-16 00:06:15 +0530: Memory Usage (1897936K) : Executing rule forbidden.pempoly
2026-09-16 00:06:15 +0530: Memory Usage (1897936K) : Executing rule forbidden.empoly
2026-09-16 00:06:15 +0530: Memory Usage (1897936K) : Executing rule forbidden.ldmos
2026-09-16 00:06:15 +0530: Memory Usage (1897936K) : Executing rule forbidden.pbiwind
2026-09-16 00:06:15 +0530: Memory Usage (1897936K) : Executing rule forbidden.nodrc
2026-09-16 00:06:15 +0530: Memory Usage (1897936K) : Executing rule forbidden.flash
2026-09-16 00:06:15 +0530: Memory Usage (1897936K) : Executing rule forbidden.colwind
2026-09-16 00:06:15 +0530: Memory Usage (1897936K) : KLayout DRC run for tables 'main' completed in 209.95 seconds
