
17. Executing PROC_DLATCH pass (convert process syncs to latches).
No latch inferred for signal `$paramod$f0d574d89fe7988f7c94dd68572519451a6fe5f0\picorv32.\cpuregs_rs1' from process `$paramod$f0d574d89fe7988f7c94dd68572519451a6fe5f0\picorv32.$proc$/home/jaikrishn/Documents/hardware/picorv32_axi4lite_port/rtl/picorv32.v:1348$493'.
No latch inferred for signal `$paramod$f0d574d89fe7988f7c94dd68572519451a6fe5f0\picorv32.\cpuregs_rs2' from process `$paramod$f0d574d89fe7988f7c94dd68572519451a6fe5f0\picorv32.$proc$/home/jaikrishn/Documents/hardware/picorv32_axi4lite_port/rtl/picorv32.v:1348$493'.
No latch inferred for signal `$paramod$f0d574d89fe7988f7c94dd68572519451a6fe5f0\picorv32.\decoded_rs' from process `$paramod$f0d574d89fe7988f7c94dd68572519451a6fe5f0\picorv32.$proc$/home/jaikrishn/Documents/hardware/picorv32_axi4lite_port/rtl/picorv32.v:1348$493'.
No latch inferred for signal `$paramod$f0d574d89fe7988f7c94dd68572519451a6fe5f0\picorv32.\cpuregs_write' from process `$paramod$f0d574d89fe7988f7c94dd68572519451a6fe5f0\picorv32.$proc$/home/jaikrishn/Documents/hardware/picorv32_axi4lite_port/rtl/picorv32.v:1309$472'.
No latch inferred for signal `$paramod$f0d574d89fe7988f7c94dd68572519451a6fe5f0\picorv32.\cpuregs_wrdata' from process `$paramod$f0d574d89fe7988f7c94dd68572519451a6fe5f0\picorv32.$proc$/home/jaikrishn/Documents/hardware/picorv32_axi4lite_port/rtl/picorv32.v:1309$472'.
No latch inferred for signal `$paramod$f0d574d89fe7988f7c94dd68572519451a6fe5f0\picorv32.\clear_prefetched_high_word' from process `$paramod$f0d574d89fe7988f7c94dd68572519451a6fe5f0\picorv32.$proc$/home/jaikrishn/Documents/hardware/picorv32_axi4lite_port/rtl/picorv32.v:1295$467'.
No latch inferred for signal `$paramod$f0d574d89fe7988f7c94dd68572519451a6fe5f0\picorv32.\alu_out' from process `$paramod$f0d574d89fe7988f7c94dd68572519451a6fe5f0\picorv32.$proc$/home/jaikrishn/Documents/hardware/picorv32_axi4lite_port/rtl/picorv32.v:1249$444'.
No latch inferred for signal `$paramod$f0d574d89fe7988f7c94dd68572519451a6fe5f0\picorv32.\alu_out_0' from process `$paramod$f0d574d89fe7988f7c94dd68572519451a6fe5f0\picorv32.$proc$/home/jaikrishn/Documents/hardware/picorv32_axi4lite_port/rtl/picorv32.v:1249$444'.
No latch inferred for signal `$paramod$f0d574d89fe7988f7c94dd68572519451a6fe5f0\picorv32.\dbg_ascii_state' from process `$paramod$f0d574d89fe7988f7c94dd68572519451a6fe5f0\picorv32.$proc$/home/jaikrishn/Documents/hardware/picorv32_axi4lite_port/rtl/picorv32.v:1186$432'.
No latch inferred for signal `$paramod$f0d574d89fe7988f7c94dd68572519451a6fe5f0\picorv32.\dbg_insn_opcode' from process `$paramod$f0d574d89fe7988f7c94dd68572519451a6fe5f0\picorv32.$proc$/home/jaikrishn/Documents/hardware/picorv32_axi4lite_port/rtl/picorv32.v:809$167'.
No latch inferred for signal `$paramod$f0d574d89fe7988f7c94dd68572519451a6fe5f0\picorv32.\dbg_ascii_instr' from process `$paramod$f0d574d89fe7988f7c94dd68572519451a6fe5f0\picorv32.$proc$/home/jaikrishn/Documents/hardware/picorv32_axi4lite_port/rtl/picorv32.v:809$167'.
No latch inferred for signal `$paramod$f0d574d89fe7988f7c94dd68572519451a6fe5f0\picorv32.\dbg_insn_imm' from process `$paramod$f0d574d89fe7988f7c94dd68572519451a6fe5f0\picorv32.$proc$/home/jaikrishn/Documents/hardware/picorv32_axi4lite_port/rtl/picorv32.v:809$167'.
No latch inferred for signal `$paramod$f0d574d89fe7988f7c94dd68572519451a6fe5f0\picorv32.\dbg_insn_rs1' from process `$paramod$f0d574d89fe7988f7c94dd68572519451a6fe5f0\picorv32.$proc$/home/jaikrishn/Documents/hardware/picorv32_axi4lite_port/rtl/picorv32.v:809$167'.
No latch inferred for signal `$paramod$f0d574d89fe7988f7c94dd68572519451a6fe5f0\picorv32.\dbg_insn_rs2' from process `$paramod$f0d574d89fe7988f7c94dd68572519451a6fe5f0\picorv32.$proc$/home/jaikrishn/Documents/hardware/picorv32_axi4lite_port/rtl/picorv32.v:809$167'.
No latch inferred for signal `$paramod$f0d574d89fe7988f7c94dd68572519451a6fe5f0\picorv32.\dbg_insn_rd' from process `$paramod$f0d574d89fe7988f7c94dd68572519451a6fe5f0\picorv32.$proc$/home/jaikrishn/Documents/hardware/picorv32_axi4lite_port/rtl/picorv32.v:809$167'.
No latch inferred for signal `$paramod$f0d574d89fe7988f7c94dd68572519451a6fe5f0\picorv32.\new_ascii_instr' from process `$paramod$f0d574d89fe7988f7c94dd68572519451a6fe5f0\picorv32.$proc$/home/jaikrishn/Documents/hardware/picorv32_axi4lite_port/rtl/picorv32.v:701$162'.
No latch inferred for signal `$paramod$f0d574d89fe7988f7c94dd68572519451a6fe5f0\picorv32.\alu_add_sub' from process `$paramod$f0d574d89fe7988f7c94dd68572519451a6fe5f0\picorv32.$proc$/home/jaikrishn/Documents/hardware/picorv32_axi4lite_port/rtl/picorv32.v:1239$677'.
No latch inferred for signal `$paramod$f0d574d89fe7988f7c94dd68572519451a6fe5f0\picorv32.\alu_shl' from process `$paramod$f0d574d89fe7988f7c94dd68572519451a6fe5f0\picorv32.$proc$/home/jaikrishn/Documents/hardware/picorv32_axi4lite_port/rtl/picorv32.v:1239$677'.
No latch inferred for signal `$paramod$f0d574d89fe7988f7c94dd68572519451a6fe5f0\picorv32.\alu_shr' from process `$paramod$f0d574d89fe7988f7c94dd68572519451a6fe5f0\picorv32.$proc$/home/jaikrishn/Documents/hardware/picorv32_axi4lite_port/rtl/picorv32.v:1239$677'.
No latch inferred for signal `$paramod$f0d574d89fe7988f7c94dd68572519451a6fe5f0\picorv32.\alu_eq' from process `$paramod$f0d574d89fe7988f7c94dd68572519451a6fe5f0\picorv32.$proc$/home/jaikrishn/Documents/hardware/picorv32_axi4lite_port/rtl/picorv32.v:1239$677'.
No latch inferred for signal `$paramod$f0d574d89fe7988f7c94dd68572519451a6fe5f0\picorv32.\alu_ltu' from process `$paramod$f0d574d89fe7988f7c94dd68572519451a6fe5f0\picorv32.$proc$/home/jaikrishn/Documents/hardware/picorv32_axi4lite_port/rtl/picorv32.v:1239$677'.
No latch inferred for signal `$paramod$f0d574d89fe7988f7c94dd68572519451a6fe5f0\picorv32.\alu_lts' from process `$paramod$f0d574d89fe7988f7c94dd68572519451a6fe5f0\picorv32.$proc$/home/jaikrishn/Documents/hardware/picorv32_axi4lite_port/rtl/picorv32.v:1239$677'.
No latch inferred for signal `$paramod$f0d574d89fe7988f7c94dd68572519451a6fe5f0\picorv32.\mem_la_wdata' from process `$paramod$f0d574d89fe7988f7c94dd68572519451a6fe5f0\picorv32.$proc$/home/jaikrishn/Documents/hardware/picorv32_axi4lite_port/rtl/picorv32.v:401$97'.
No latch inferred for signal `$paramod$f0d574d89fe7988f7c94dd68572519451a6fe5f0\picorv32.\mem_la_wstrb' from process `$paramod$f0d574d89fe7988f7c94dd68572519451a6fe5f0\picorv32.$proc$/home/jaikrishn/Documents/hardware/picorv32_axi4lite_port/rtl/picorv32.v:401$97'.
No latch inferred for signal `$paramod$f0d574d89fe7988f7c94dd68572519451a6fe5f0\picorv32.\mem_rdata_word' from process `$paramod$f0d574d89fe7988f7c94dd68572519451a6fe5f0\picorv32.$proc$/home/jaikrishn/Documents/hardware/picorv32_axi4lite_port/rtl/picorv32.v:401$97'.
No latch inferred for signal `$paramod$f0d574d89fe7988f7c94dd68572519451a6fe5f0\picorv32.\pcpi_int_wr' from process `$paramod$f0d574d89fe7988f7c94dd68572519451a6fe5f0\picorv32.$proc$/home/jaikrishn/Documents/hardware/picorv32_axi4lite_port/rtl/picorv32.v:325$18'.
No latch inferred for signal `$paramod$f0d574d89fe7988f7c94dd68572519451a6fe5f0\picorv32.\pcpi_int_rd' from process `$paramod$f0d574d89fe7988f7c94dd68572519451a6fe5f0\picorv32.$proc$/home/jaikrishn/Documents/hardware/picorv32_axi4lite_port/rtl/picorv32.v:325$18'.
No latch inferred for signal `$paramod$f0d574d89fe7988f7c94dd68572519451a6fe5f0\picorv32.\pcpi_int_wait' from process `$paramod$f0d574d89fe7988f7c94dd68572519451a6fe5f0\picorv32.$proc$/home/jaikrishn/Documents/hardware/picorv32_axi4lite_port/rtl/picorv32.v:325$18'.
No latch inferred for signal `$paramod$f0d574d89fe7988f7c94dd68572519451a6fe5f0\picorv32.\pcpi_int_ready' from process `$paramod$f0d574d89fe7988f7c94dd68572519451a6fe5f0\picorv32.$proc$/home/jaikrishn/Documents/hardware/picorv32_axi4lite_port/rtl/picorv32.v:325$18'.
