Clock: clk_i
Sources: clk_i 
Generated: no
Virtual: yes
Propagated: no
Period: 10.000000

===========================================================================
report_clock_properties
============================================================================
Clock                   Period          Waveform
----------------------------------------------------
clk_i                10.000000    0.000000  5.000000

===========================================================================
report_clock_latency
============================================================================
Clock clk_i
rise -> rise
    min     max
0.000000 0.000000 source latency
0.628354         network latency _14355_/CLK
        0.712877 network latency _14832_/CLK
---------------
0.628354 0.712877 latency
        0.084523 skew

fall -> fall
    min     max
0.000000 0.000000 source latency
0.635200         network latency _14355_/CLK
        0.717707 network latency _14832_/CLK
---------------
0.635200 0.717707 latency
        0.082507 skew



===========================================================================
report_clock_min_period
============================================================================
clk_i period_min = 8.88 fmax = 112.61
