
===========================================================================
 report_power
============================================================================
======================= nom_slow_1p08V_125C Corner ===================================

Group                    Internal    Switching      Leakage        Total
                            Power        Power        Power        Power (Watts)
------------------------------------------------------------------------
Sequential           7.346203e-03 6.007589e-04 3.384907e-06 7.950347e-03  44.2%
Combinational        3.182749e-03 4.032669e-03 5.236096e-06 7.220655e-03  40.2%
Clock                1.393618e-03 1.403528e-03 5.257942e-06 2.802403e-03  15.6%
Macro                0.000000e+00 0.000000e+00 0.000000e+00 0.000000e+00   0.0%
Pad                  0.000000e+00 0.000000e+00 0.000000e+00 0.000000e+00   0.0%
------------------------------------------------------------------------
Total                1.192255e-02 6.036966e-03 1.387921e-05 1.797339e-02 100.0%
                            66.3%        33.6%         0.1%

