
===========================================================================
report_checks -unconstrained
===========================================================================
======================= nom_typ_1p20V_25C Corner ===================================

Startpoint: u_boot_spi (rising edge-triggered flip-flop clocked by clk)
Endpoint: u_cpu (rising edge-triggered flip-flop clocked by clk)
Path Group: clk
Path Type: max

Fanout         Cap        Slew       Delay        Time   Description
---------------------------------------------------------------------------------------------
                                  0.000000    0.000000   clock clk (rise edge)
                                  0.000000    0.000000   clock source latency
     1    0.299752    0.000000    0.000000    0.000000 ^ clk_i (in)
                                                         clk_i (net)
                      0.675115    0.337557    0.337557 ^ clkbuf_0_clk_i/A (sg13g2_buf_16)
     2    0.140196    0.065922    0.230280    0.567838 ^ clkbuf_0_clk_i/X (sg13g2_buf_16)
                                                         clknet_0_clk_i (net)
                      0.070621    0.015296    0.583134 ^ clkbuf_1_0__f_clk_i/A (sg13g2_buf_16)
     4    0.698708    0.047664    0.104950    0.688083 ^ clkbuf_1_0__f_clk_i/X (sg13g2_buf_16)
                                                         clknet_1_0__leaf_clk_i (net)
                      1.206207    0.610315    1.298398 ^ u_boot_spi/clk_i (boot_spi_macro)
     2    0.307186    0.891178    1.029862    2.328260 v u_boot_spi/boot_we (boot_spi_macro)
                                                         boot_we (net)
                      1.439233    0.588619    2.916879 v u_ram/boot_we (ram_macro)
     1    0.537132    2.046049    4.015620    6.932499 ^ u_ram/s_axil_arready (ram_macro)
                                                         s_arready[0] (net)
                      2.792605    0.965095    7.897594 ^ u_ic/s_arready[0] (interconnect_macro)
     1    0.440194    1.767586    1.466703    9.364297 ^ u_ic/m_arready (interconnect_macro)
                                                         cpu_arready (net)
                      2.124805    0.616061    9.980358 ^ u_cpu/mem_axi_arready (picorv32_macro)
                                              9.980358   data arrival time

                                 10.000000   10.000000   clock clk (rise edge)
                                  0.000000   10.000000   clock source latency
     1    0.297079    0.000000    0.000000   10.000000 ^ clk_i (in)
                                                         clk_i (net)
                      0.662999    0.331499   10.331499 ^ clkbuf_0_clk_i/A (sg13g2_buf_16)
     2    0.134851    0.064955    0.228333   10.559833 ^ clkbuf_0_clk_i/X (sg13g2_buf_16)
                                                         clknet_0_clk_i (net)
                      0.068806    0.014190   10.574022 ^ clkbuf_1_0__f_clk_i/A (sg13g2_buf_16)
     4    0.698708    0.047581    0.104054   10.678076 ^ clkbuf_1_0__f_clk_i/X (sg13g2_buf_16)
                                                         clknet_1_0__leaf_clk_i (net)
                      0.595360    0.283647   10.961722 ^ u_cpu/clk_i (picorv32_macro)
                                 -0.200000   10.761723   clock uncertainty
                                  0.010008   10.771730   clock reconvergence pessimism
                                 -1.127910    9.643820   library setup time
                                              9.643820   data required time
---------------------------------------------------------------------------------------------
                                              9.643820   data required time
                                             -9.980358   data arrival time
---------------------------------------------------------------------------------------------
                                             -0.336538   slack (VIOLATED)




===========================================================================
report_checks --slack_max -0.01
============================================================================
======================= nom_typ_1p20V_25C Corner ===================================

Startpoint: u_boot_spi (rising edge-triggered flip-flop clocked by clk)
Endpoint: u_cpu (rising edge-triggered flip-flop clocked by clk)
Path Group: clk
Path Type: max

Fanout         Cap        Slew       Delay        Time   Description
---------------------------------------------------------------------------------------------
                                  0.000000    0.000000   clock clk (rise edge)
                                  0.000000    0.000000   clock source latency
     1    0.299752    0.000000    0.000000    0.000000 ^ clk_i (in)
                                                         clk_i (net)
                      0.675115    0.337557    0.337557 ^ clkbuf_0_clk_i/A (sg13g2_buf_16)
     2    0.140196    0.065922    0.230280    0.567838 ^ clkbuf_0_clk_i/X (sg13g2_buf_16)
                                                         clknet_0_clk_i (net)
                      0.070621    0.015296    0.583134 ^ clkbuf_1_0__f_clk_i/A (sg13g2_buf_16)
     4    0.698708    0.047664    0.104950    0.688083 ^ clkbuf_1_0__f_clk_i/X (sg13g2_buf_16)
                                                         clknet_1_0__leaf_clk_i (net)
                      1.206207    0.610315    1.298398 ^ u_boot_spi/clk_i (boot_spi_macro)
     2    0.307186    0.891178    1.029862    2.328260 v u_boot_spi/boot_we (boot_spi_macro)
                                                         boot_we (net)
                      1.439233    0.588619    2.916879 v u_ram/boot_we (ram_macro)
     1    0.537132    2.046049    4.015620    6.932499 ^ u_ram/s_axil_arready (ram_macro)
                                                         s_arready[0] (net)
                      2.792605    0.965095    7.897594 ^ u_ic/s_arready[0] (interconnect_macro)
     1    0.440194    1.767586    1.466703    9.364297 ^ u_ic/m_arready (interconnect_macro)
                                                         cpu_arready (net)
                      2.124805    0.616061    9.980358 ^ u_cpu/mem_axi_arready (picorv32_macro)
                                              9.980358   data arrival time

                                 10.000000   10.000000   clock clk (rise edge)
                                  0.000000   10.000000   clock source latency
     1    0.297079    0.000000    0.000000   10.000000 ^ clk_i (in)
                                                         clk_i (net)
                      0.662999    0.331499   10.331499 ^ clkbuf_0_clk_i/A (sg13g2_buf_16)
     2    0.134851    0.064955    0.228333   10.559833 ^ clkbuf_0_clk_i/X (sg13g2_buf_16)
                                                         clknet_0_clk_i (net)
                      0.068806    0.014190   10.574022 ^ clkbuf_1_0__f_clk_i/A (sg13g2_buf_16)
     4    0.698708    0.047581    0.104054   10.678076 ^ clkbuf_1_0__f_clk_i/X (sg13g2_buf_16)
                                                         clknet_1_0__leaf_clk_i (net)
                      0.595360    0.283647   10.961722 ^ u_cpu/clk_i (picorv32_macro)
                                 -0.200000   10.761723   clock uncertainty
                                  0.010008   10.771730   clock reconvergence pessimism
                                 -1.127910    9.643820   library setup time
                                              9.643820   data required time
---------------------------------------------------------------------------------------------
                                              9.643820   data required time
                                             -9.980358   data arrival time
---------------------------------------------------------------------------------------------
                                             -0.336538   slack (VIOLATED)




===========================================================================
 report_check_types -max_slew -max_cap -max_fanout -violators
============================================================================
======================= nom_typ_1p20V_25C Corner ===================================

max slew

Pin                                        Limit        Slew       Slack
------------------------------------------------------------------------
ANTENNA_7/A                             2.507400    4.298412   -1.791012 (VIOLATED)
ANTENNA_8/A                             2.507400    4.252312   -1.744912 (VIOLATED)



===========================================================================
report_parasitic_annotation -report_unannotated
============================================================================
Found 31 unannotated drivers.
 clkload0/Y
 u_boot_spi/boot_done
 u_cpu/trap
 u_ic/m_bresp[0]
 u_ic/m_bresp[1]
 u_ic/m_rresp[0]
 u_ic/m_rresp[1]
 u_ic/s_arprot[0]
 u_ic/s_arprot[10]
 u_ic/s_arprot[11]
 u_ic/s_arprot[1]
 u_ic/s_arprot[2]
 u_ic/s_arprot[3]
 u_ic/s_arprot[4]
 u_ic/s_arprot[5]
 u_ic/s_arprot[6]
 u_ic/s_arprot[7]
 u_ic/s_arprot[8]
 u_ic/s_arprot[9]
 u_ic/s_awprot[0]
 u_ic/s_awprot[10]
 u_ic/s_awprot[11]
 u_ic/s_awprot[1]
 u_ic/s_awprot[2]
 u_ic/s_awprot[3]
 u_ic/s_awprot[4]
 u_ic/s_awprot[5]
 u_ic/s_awprot[6]
 u_ic/s_awprot[7]
 u_ic/s_awprot[8]
 u_ic/s_awprot[9]
Found 0 partially unannotated drivers.

===========================================================================
max slew violation count 2
Writing metric design__max_slew_violation__count__corner:nom_typ_1p20V_25C: 2
max fanout violation count 0
Writing metric design__max_fanout_violation__count__corner:nom_typ_1p20V_25C: 0
max cap violation count 0
Writing metric design__max_cap_violation__count__corner:nom_typ_1p20V_25C: 0
============================================================================

===========================================================================
check_setup -verbose -unconstrained_endpoints -multiple_clock -no_clock -no_input_delay -loops -generated_clocks
===========================================================================
Warning: There are 4 unconstrained endpoints.
  u_ram/s_axil_araddr[0]
  u_ram/s_axil_araddr[1]
  u_ram/s_axil_awaddr[0]
  u_ram/s_axil_awaddr[1]
