Clock: clk
Sources: clk_i 
Generated: no
Virtual: yes
Propagated: no
Period: 10.000000

===========================================================================
report_clock_properties
============================================================================
Clock                   Period          Waveform
----------------------------------------------------
clk                  10.000000    0.000000  5.000000

===========================================================================
report_clock_latency
============================================================================
Clock clk
rise -> rise
    min     max
0.000000 0.000000 source latency
1.003687         network latency u_periph1/clk_i
        1.032858 network latency u_ram/clk_i
---------------
1.003687 1.032858 latency
        0.029171 skew

fall -> fall
    min     max
0.000000 0.000000 source latency
1.004796         network latency u_periph1/clk_i
        1.029170 network latency u_ram/clk_i
---------------
1.004796 1.029170 latency
        0.024373 skew



===========================================================================
report_clock_min_period
============================================================================
clk period_min = 10.34 fmax = 96.74
