
===========================================================================
report_checks -unconstrained
===========================================================================
======================= nom_fast_1p32V_m40C Corner ===================================

Startpoint: mem_axi_rvalid (input port clocked by clk_i)
Endpoint: _14982_ (rising edge-triggered flip-flop clocked by clk_i)
Path Group: clk_i
Path Type: max

Fanout         Cap        Slew       Delay        Time   Description
---------------------------------------------------------------------------------------------
                                  0.000000    0.000000   clock clk_i (rise edge)
                                  0.000000    0.000000   clock network delay (propagated)
                                  2.000000    2.000000 ^ input external delay
     1    0.003070    0.013738    0.001755    2.001755 ^ mem_axi_rvalid (in)
                                                         mem_axi_rvalid (net)
                      0.013738    0.000000    2.001755 ^ hold3082/A (sg13g2_dlygate4sd3_1)
     1    0.002928    0.022758    0.242676    2.244431 ^ hold3082/X (sg13g2_dlygate4sd3_1)
                                                         net3082 (net)
                      0.022758    0.000116    2.244547 ^ input36/A (sg13g2_buf_1)
     2    0.049748    0.133832    0.121273    2.365821 ^ input36/X (sg13g2_buf_1)
                                                         net36 (net)
                      0.134686    0.008664    2.374485 ^ _07663_/A1 (sg13g2_o21ai_1)
     1    0.003897    0.043952    0.067961    2.442446 v _07663_/Y (sg13g2_o21ai_1)
                                                         _01619_ (net)
                      0.043953    0.000150    2.442596 v hold3061/A (sg13g2_dlygate4sd3_1)
     1    0.004052    0.027660    0.263563    2.706159 v hold3061/X (sg13g2_dlygate4sd3_1)
                                                         net3061 (net)
                      0.027660    0.000160    2.706319 v fanout679/A (sg13g2_buf_1)
     6    0.057403    0.125516    0.120937    2.827256 v fanout679/X (sg13g2_buf_1)
                                                         net679 (net)
                      0.126210    0.007713    2.834969 v _07665_/B (sg13g2_or2_1)
     2    0.007969    0.030516    0.103410    2.938379 v _07665_/X (sg13g2_or2_1)
                                                         _01621_ (net)
                      0.030518    0.000252    2.938631 v _07671_/A1 (sg13g2_a21oi_1)
     5    0.034303    0.193997    0.157797    3.096427 ^ _07671_/Y (sg13g2_a21oi_1)
                                                         _01627_ (net)
                      0.194029    0.002087    3.098514 ^ _07689_/B (sg13g2_nand2_1)
     2    0.011385    0.073955    0.097166    3.195680 v _07689_/Y (sg13g2_nand2_1)
                                                         _01645_ (net)
                      0.073960    0.000644    3.196324 v _07690_/A (sg13g2_and2_1)
     2    0.008489    0.026518    0.069741    3.266065 v _07690_/X (sg13g2_and2_1)
                                                         _01646_ (net)
                      0.026534    0.000589    3.266654 v _11246_/A2 (sg13g2_a21oi_1)
     2    0.072618    0.392322    0.293124    3.559777 ^ _11246_/Y (sg13g2_a21oi_1)
                                                         _03864_ (net)
                      0.393516    0.017740    3.577517 ^ fanout245/A (sg13g2_buf_1)
     5    0.073747    0.196777    0.232045    3.809562 ^ fanout245/X (sg13g2_buf_1)
                                                         net245 (net)
                      0.198353    0.014169    3.823731 ^ fanout243/A (sg13g2_buf_1)
     8    0.058696    0.157695    0.179629    4.003359 ^ fanout243/X (sg13g2_buf_1)
                                                         net243 (net)
                      0.159206    0.012427    4.015786 ^ _12123_/B1 (sg13g2_o21ai_1)
     1    0.004700    0.049544    0.060555    4.076341 v _12123_/Y (sg13g2_o21ai_1)
                                                         _04716_ (net)
                      0.049544    0.000190    4.076530 v _12124_/B1 (sg13g2_a21oi_1)
     1    0.006210    0.059728    0.059536    4.136067 ^ _12124_/Y (sg13g2_a21oi_1)
                                                         _04717_ (net)
                      0.059729    0.000419    4.136486 ^ _12125_/B (sg13g2_nor2_1)
     1    0.003209    0.023337    0.028718    4.165204 v _12125_/Y (sg13g2_nor2_1)
                                                         _01353_ (net)
                      0.023337    0.000210    4.165414 v _14982_/D (sg13g2_dfrbpq_1)
                                              4.165414   data arrival time

                                 10.000000   10.000000   clock clk_i (rise edge)
                                  0.000000   10.000000   clock source latency
     1    0.076622    0.000000    0.000000   10.000000 ^ clk_i (in)
                                                         clk_i (net)
                      0.025009    0.012505   10.012505 ^ clkbuf_0_clk_i/A (sg13g2_buf_16)
    16    0.326634    0.061421    0.062006   10.074511 ^ clkbuf_0_clk_i/X (sg13g2_buf_16)
                                                         clknet_0_clk_i (net)
                      0.084226    0.028660   10.103170 ^ clkbuf_4_12_0_clk_i/A (sg13g2_buf_8)
     2    0.052149    0.027782    0.077429   10.180599 ^ clkbuf_4_12_0_clk_i/X (sg13g2_buf_8)
                                                         clknet_4_12_0_clk_i (net)
                      0.028510    0.003396   10.183994 ^ clkbuf_5_24__f_clk_i/A (sg13g2_buf_16)
     7    0.123691    0.028354    0.056379   10.240374 ^ clkbuf_5_24__f_clk_i/X (sg13g2_buf_16)
                                                         clknet_5_24__leaf_clk_i (net)
                      0.037383    0.012283   10.252656 ^ clkbuf_leaf_29_clk_i/A (sg13g2_buf_8)
     8    0.040970    0.022605    0.057557   10.310212 ^ clkbuf_leaf_29_clk_i/X (sg13g2_buf_8)
                                                         clknet_leaf_29_clk_i (net)
                      0.022700    0.000996   10.311208 ^ _14982_/CLK (sg13g2_dfrbpq_1)
                                 -0.200000   10.111208   clock uncertainty
                                  0.000000   10.111208   clock reconvergence pessimism
                                 -0.068968   10.042240   library setup time
                                             10.042240   data required time
---------------------------------------------------------------------------------------------
                                             10.042240   data required time
                                             -4.165414   data arrival time
---------------------------------------------------------------------------------------------
                                              5.876826   slack (MET)




===========================================================================
report_checks --slack_max -0.01
============================================================================
======================= nom_fast_1p32V_m40C Corner ===================================

No paths found.


===========================================================================
 report_check_types -max_slew -max_cap -max_fanout -violators
============================================================================
======================= nom_fast_1p32V_m40C Corner ===================================

max fanout

Pin                                   Limit Fanout  Slack
---------------------------------------------------------
clkbuf_0_clk_i/X                          8     16     -8 (VIOLATED)



===========================================================================
report_parasitic_annotation -report_unannotated
============================================================================
Found 29 unannotated drivers.
 clkload0/X
 clkload1/X
 clkload10/X
 clkload11/Y
 clkload12/X
 clkload13/Y
 clkload14/Y
 clkload15/Y
 clkload16/X
 clkload17/Y
 clkload18/Y
 clkload19/Y
 clkload2/X
 clkload20/Y
 clkload21/X
 clkload22/Y
 clkload23/X
 clkload24/Y
 clkload25/X
 clkload26/Y
 clkload27/Y
 clkload28/Y
 clkload3/X
 clkload4/X
 clkload5/X
 clkload6/X
 clkload7/X
 clkload8/X
 clkload9/X
Found 0 partially unannotated drivers.

===========================================================================
max slew violation count 0
max fanout violation count 1
max cap violation count 0
============================================================================

===========================================================================
check_setup -verbose -unconstrained_endpoints -multiple_clock -no_clock -no_input_delay -loops -generated_clocks
===========================================================================
