Clock: clk_i
Sources: clk_i 
Generated: no
Virtual: yes
Propagated: no
Period: 10.000000

===========================================================================
report_clock_properties
============================================================================
Clock                   Period          Waveform
----------------------------------------------------
clk_i                10.000000    0.000000  5.000000

===========================================================================
report_clock_latency
============================================================================
Clock clk_i
rise -> rise
    min     max
0.000000 0.000000 source latency
0.253527         network latency _15242_/CLK
        0.335556 network latency _14514_/CLK
---------------
0.253527 0.335556 latency
        0.082029 skew

fall -> fall
    min     max
0.000000 0.000000 source latency
0.255419         network latency _15242_/CLK
        0.339035 network latency _14514_/CLK
---------------
0.255419 0.339035 latency
        0.083616 skew



===========================================================================
report_clock_min_period
============================================================================
clk_i period_min = 4.07 fmax = 245.45
