
===========================================================================
 report_power
============================================================================
======================= nom_typ_1p20V_25C Corner ===================================

Group                    Internal    Switching      Leakage        Total
                            Power        Power        Power        Power (Watts)
------------------------------------------------------------------------
Sequential           0.000000e+00 0.000000e+00 0.000000e+00 0.000000e+00   0.0%
Combinational        8.561642e-05 2.156264e-04 2.039860e-07 3.014468e-04 100.0%
Clock                0.000000e+00 0.000000e+00 0.000000e+00 0.000000e+00   0.0%
Macro                0.000000e+00 0.000000e+00 0.000000e+00 0.000000e+00   0.0%
Pad                  0.000000e+00 0.000000e+00 0.000000e+00 0.000000e+00   0.0%
------------------------------------------------------------------------
Total                8.561642e-05 2.156264e-04 2.039860e-07 3.014468e-04 100.0%
                            28.4%        71.5%         0.1%
Writing metric power__internal__total: 8.561641880078241e-5
Writing metric power__switching__total: 0.00021562640904448926
Writing metric power__leakage__total: 2.039860049762865e-7
Writing metric power__total: 0.00030144682386890054

