Clock: clk_i
Sources: clk_i 
Generated: no
Virtual: yes
Propagated: no
Period: 10.000000

===========================================================================
report_clock_properties
============================================================================
Clock                   Period          Waveform
----------------------------------------------------
clk_i                10.000000    0.000000  5.000000

===========================================================================
report_clock_latency
============================================================================
Clock clk_i
rise -> rise
    min     max
0.000000 0.000000 source latency
0.329081         network latency _15242_/CLK
        0.433561 network latency _14386_/CLK
---------------
0.329081 0.433561 latency
        0.104480 skew

fall -> fall
    min     max
0.000000 0.000000 source latency
0.331142         network latency _15242_/CLK
        0.439020 network latency _14386_/CLK
---------------
0.331142 0.439020 latency
        0.107879 skew



===========================================================================
report_clock_min_period
============================================================================
clk_i period_min = 5.02 fmax = 199.36
