
===========================================================================
Violator List
============================================================================
[hold in-reg] gpio_in[1] -> _1003_/D : -0.037945
[hold in-reg] gpio_in[2] -> _1004_/D : -0.037945
[hold in-reg] gpio_in[3] -> _1005_/D : -0.037945
[hold in-reg] gpio_in[4] -> _1006_/D : -0.037945
[hold in-reg] gpio_in[5] -> _1007_/D : -0.037945
[hold in-reg] gpio_in[6] -> _1008_/D : -0.037945
[hold in-reg] gpio_in[8] -> _1010_/D : -0.037945
[hold in-reg] gpio_in[9] -> _1011_/D : -0.037945
[hold in-reg] gpio_in[10] -> _1012_/D : -0.037945
[hold in-reg] gpio_in[11] -> _1013_/D : -0.037945
[hold in-reg] gpio_in[12] -> _1014_/D : -0.037945
[hold in-reg] gpio_in[14] -> _1016_/D : -0.037945
[hold in-reg] gpio_in[15] -> _1017_/D : -0.037945
[hold in-reg] gpio_in[16] -> _1018_/D : -0.037945
[hold in-reg] gpio_in[17] -> _1019_/D : -0.037945
[hold in-reg] gpio_in[18] -> _1020_/D : -0.037945
[hold in-reg] gpio_in[19] -> _1021_/D : -0.037945
[hold in-reg] gpio_in[20] -> _1022_/D : -0.037945
[hold in-reg] gpio_in[21] -> _1023_/D : -0.037945
[hold in-reg] gpio_in[23] -> _1025_/D : -0.037945
[hold in-reg] gpio_in[24] -> _1026_/D : -0.037945
[hold in-reg] gpio_in[25] -> _1027_/D : -0.037945
[hold in-reg] gpio_in[26] -> _1028_/D : -0.037945
[hold in-reg] gpio_in[27] -> _1029_/D : -0.037945
[hold in-reg] gpio_in[30] -> _1032_/D : -0.037945
[hold in-reg] gpio_in[31] -> _1033_/D : -0.037945
[hold in-reg] gpio_in[0] -> _1002_/D : -0.036366
[hold in-reg] gpio_in[7] -> _1009_/D : -0.036366
[hold in-reg] gpio_in[13] -> _1015_/D : -0.036366
[hold in-reg] gpio_in[22] -> _1024_/D : -0.036366
[hold in-reg] gpio_in[28] -> _1030_/D : -0.036366
[hold in-reg] gpio_in[29] -> _1031_/D : -0.036366
[hold in-reg] s_axil_bready -> _1101_/D : -0.034825
[hold in-reg] s_axil_bready -> _1036_/D : -0.019963
