
===========================================================================
report_checks -unconstrained
===========================================================================
======================= nom_fast_1p32V_m40C Corner ===================================

Startpoint: mem_axi_rvalid (input port clocked by clk_i)
Endpoint: _14977_ (rising edge-triggered flip-flop clocked by clk_i)
Path Group: clk_i
Path Type: max

Fanout         Cap        Slew       Delay        Time   Description
---------------------------------------------------------------------------------------------
                                  0.000000    0.000000   clock clk_i (rise edge)
                                  0.000000    0.000000   clock network delay (propagated)
                                  2.000000    2.000000 v input external delay
     1    0.003064    0.011143    0.001525    2.001524 v mem_axi_rvalid (in)
                                                         mem_axi_rvalid (net)
                      0.011143    0.000000    2.001524 v hold3266/A (sg13g2_dlygate4sd3_1)
     1    0.003030    0.025715    0.245060    2.246584 v hold3266/X (sg13g2_dlygate4sd3_1)
                                                         net3266 (net)
                      0.025716    0.000120    2.246704 v input36/A (sg13g2_buf_1)
     2    0.066141    0.143714    0.132619    2.379323 v input36/X (sg13g2_buf_1)
                                                         net36 (net)
                      0.145217    0.011924    2.391247 v _07663_/A1 (sg13g2_o21ai_1)
     1    0.004977    0.069474    0.094576    2.485823 ^ _07663_/Y (sg13g2_o21ai_1)
                                                         _01619_ (net)
                      0.069475    0.000376    2.486199 ^ hold3253/A (sg13g2_dlygate4sd3_1)
     1    0.003795    0.024684    0.267915    2.754114 ^ hold3253/X (sg13g2_dlygate4sd3_1)
                                                         net3253 (net)
                      0.024684    0.000149    2.754263 ^ fanout815/A (sg13g2_buf_1)
     6    0.062793    0.167562    0.144841    2.899104 ^ fanout815/X (sg13g2_buf_1)
                                                         net815 (net)
                      0.167914    0.006340    2.905445 ^ _07665_/B (sg13g2_or2_1)
     2    0.008026    0.031401    0.090327    2.995771 ^ _07665_/X (sg13g2_or2_1)
                                                         _01621_ (net)
                      0.031412    0.000546    2.996318 ^ _07672_/A1 (sg13g2_a21o_1)
     2    0.009266    0.033905    0.079196    3.075513 ^ _07672_/X (sg13g2_a21o_1)
                                                         _01628_ (net)
                      0.033913    0.000505    3.076019 ^ fanout609/A (sg13g2_buf_1)
     8    0.051092    0.137224    0.128479    3.204497 ^ fanout609/X (sg13g2_buf_1)
                                                         net609 (net)
                      0.137583    0.005759    3.210256 ^ _11241_/A (sg13g2_nand3_1)
     1    0.004476    0.061167    0.076746    3.287002 v _11241_/Y (sg13g2_nand3_1)
                                                         _03859_ (net)
                      0.061167    0.000348    3.287350 v _11245_/A (sg13g2_nand3_1)
     2    0.009533    0.044072    0.047031    3.334381 ^ _11245_/Y (sg13g2_nand3_1)
                                                         _03863_ (net)
                      0.044099    0.000566    3.334947 ^ _11247_/B1 (sg13g2_a21o_1)
     1    0.017070    0.054557    0.076742    3.411689 ^ _11247_/X (sg13g2_a21o_1)
                                                         _03865_ (net)
                      0.054601    0.001404    3.413092 ^ fanout266/A (sg13g2_buf_1)
     5    0.094680    0.250420    0.206672    3.619764 ^ fanout266/X (sg13g2_buf_1)
                                                         net266 (net)
                      0.252712    0.019337    3.639101 ^ fanout261/A (sg13g2_buf_1)
     8    0.094150    0.249844    0.243684    3.882785 ^ fanout261/X (sg13g2_buf_1)
                                                         net261 (net)
                      0.253181    0.023189    3.905974 ^ fanout260/A (sg13g2_buf_1)
     8    0.051260    0.138197    0.177604    4.083578 ^ fanout260/X (sg13g2_buf_1)
                                                         net260 (net)
                      0.138257    0.002402    4.085980 ^ _11932_/C1 (sg13g2_a221oi_1)
     1    0.005869    0.089939    0.055991    4.141971 v _11932_/Y (sg13g2_a221oi_1)
                                                         _04530_ (net)
                      0.089939    0.000244    4.142215 v _11933_/B1 (sg13g2_a21o_1)
     1    0.003030    0.022134    0.088876    4.231091 v _11933_/X (sg13g2_a21o_1)
                                                         _01348_ (net)
                      0.022135    0.000228    4.231319 v _14977_/D (sg13g2_dfrbpq_1)
                                              4.231319   data arrival time

                                 10.000000   10.000000   clock clk_i (rise edge)
                                  0.000000   10.000000   clock source latency
     1    0.078386    0.000000    0.000000   10.000000 ^ clk_i (in)
                                                         clk_i (net)
                      0.025772    0.012886   10.012886 ^ clkbuf_0_clk_i/A (sg13g2_buf_16)
    16    0.328836    0.053416    0.057464   10.070351 ^ clkbuf_0_clk_i/X (sg13g2_buf_16)
                                                         clknet_0_clk_i (net)
                      0.119423    0.052997   10.123347 ^ clkbuf_4_9_0_clk_i/A (sg13g2_buf_8)
     2    0.047692    0.027839    0.086576   10.209923 ^ clkbuf_4_9_0_clk_i/X (sg13g2_buf_8)
                                                         clknet_4_9_0_clk_i (net)
                      0.028665    0.003596   10.213519 ^ clkbuf_5_18__f_clk_i/A (sg13g2_buf_16)
     4    0.066027    0.019999    0.051419   10.264938 ^ clkbuf_5_18__f_clk_i/X (sg13g2_buf_16)
                                                         clknet_5_18__leaf_clk_i (net)
                      0.022363    0.005454   10.270392 ^ clkbuf_leaf_116_clk_i/A (sg13g2_buf_8)
    11    0.068580    0.030551    0.058244   10.328637 ^ clkbuf_leaf_116_clk_i/X (sg13g2_buf_8)
                                                         clknet_leaf_116_clk_i (net)
                      0.030706    0.001715   10.330352 ^ _14977_/CLK (sg13g2_dfrbpq_1)
                                 -0.200000   10.130352   clock uncertainty
                                  0.000000   10.130352   clock reconvergence pessimism
                                 -0.067147   10.063205   library setup time
                                             10.063205   data required time
---------------------------------------------------------------------------------------------
                                             10.063205   data required time
                                             -4.231319   data arrival time
---------------------------------------------------------------------------------------------
                                              5.831886   slack (MET)




===========================================================================
report_checks --slack_max -0.01
============================================================================
======================= nom_fast_1p32V_m40C Corner ===================================

No paths found.


===========================================================================
 report_check_types -max_slew -max_cap -max_fanout -violators
============================================================================
======================= nom_fast_1p32V_m40C Corner ===================================

max fanout

Pin                                   Limit Fanout  Slack
---------------------------------------------------------
clkbuf_0_clk_i/X                          8     16     -8 (VIOLATED)
clkbuf_leaf_122_clk_i/X                   8     14     -6 (VIOLATED)
clkbuf_leaf_123_clk_i/X                   8     14     -6 (VIOLATED)
clkbuf_leaf_125_clk_i/X                   8     14     -6 (VIOLATED)
clkbuf_leaf_126_clk_i/X                   8     14     -6 (VIOLATED)
clkbuf_leaf_128_clk_i/X                   8     14     -6 (VIOLATED)
clkbuf_leaf_129_clk_i/X                   8     14     -6 (VIOLATED)
clkbuf_leaf_130_clk_i/X                   8     14     -6 (VIOLATED)
clkbuf_leaf_131_clk_i/X                   8     14     -6 (VIOLATED)
clkbuf_leaf_133_clk_i/X                   8     14     -6 (VIOLATED)
clkbuf_leaf_19_clk_i/X                    8     14     -6 (VIOLATED)
clkbuf_leaf_24_clk_i/X                    8     14     -6 (VIOLATED)
clkbuf_leaf_26_clk_i/X                    8     14     -6 (VIOLATED)
clkbuf_leaf_2_clk_i/X                     8     14     -6 (VIOLATED)
clkbuf_leaf_34_clk_i/X                    8     14     -6 (VIOLATED)
clkbuf_leaf_39_clk_i/X                    8     14     -6 (VIOLATED)
clkbuf_leaf_3_clk_i/X                     8     14     -6 (VIOLATED)
clkbuf_leaf_40_clk_i/X                    8     14     -6 (VIOLATED)
clkbuf_leaf_42_clk_i/X                    8     14     -6 (VIOLATED)
clkbuf_leaf_47_clk_i/X                    8     14     -6 (VIOLATED)
clkbuf_leaf_5_clk_i/X                     8     14     -6 (VIOLATED)
clkbuf_leaf_76_clk_i/X                    8     14     -6 (VIOLATED)
clkbuf_leaf_100_clk_i/X                   8     13     -5 (VIOLATED)
clkbuf_leaf_101_clk_i/X                   8     13     -5 (VIOLATED)
clkbuf_leaf_106_clk_i/X                   8     13     -5 (VIOLATED)
clkbuf_leaf_108_clk_i/X                   8     13     -5 (VIOLATED)
clkbuf_leaf_109_clk_i/X                   8     13     -5 (VIOLATED)
clkbuf_leaf_10_clk_i/X                    8     13     -5 (VIOLATED)
clkbuf_leaf_111_clk_i/X                   8     13     -5 (VIOLATED)
clkbuf_leaf_113_clk_i/X                   8     13     -5 (VIOLATED)
clkbuf_leaf_114_clk_i/X                   8     13     -5 (VIOLATED)
clkbuf_leaf_117_clk_i/X                   8     13     -5 (VIOLATED)
clkbuf_leaf_118_clk_i/X                   8     13     -5 (VIOLATED)
clkbuf_leaf_119_clk_i/X                   8     13     -5 (VIOLATED)
clkbuf_leaf_120_clk_i/X                   8     13     -5 (VIOLATED)
clkbuf_leaf_121_clk_i/X                   8     13     -5 (VIOLATED)
clkbuf_leaf_124_clk_i/X                   8     13     -5 (VIOLATED)
clkbuf_leaf_127_clk_i/X                   8     13     -5 (VIOLATED)
clkbuf_leaf_12_clk_i/X                    8     13     -5 (VIOLATED)
clkbuf_leaf_13_clk_i/X                    8     13     -5 (VIOLATED)
clkbuf_leaf_15_clk_i/X                    8     13     -5 (VIOLATED)
clkbuf_leaf_17_clk_i/X                    8     13     -5 (VIOLATED)
clkbuf_leaf_18_clk_i/X                    8     13     -5 (VIOLATED)
clkbuf_leaf_23_clk_i/X                    8     13     -5 (VIOLATED)
clkbuf_leaf_25_clk_i/X                    8     13     -5 (VIOLATED)
clkbuf_leaf_27_clk_i/X                    8     13     -5 (VIOLATED)
clkbuf_leaf_28_clk_i/X                    8     13     -5 (VIOLATED)
clkbuf_leaf_30_clk_i/X                    8     13     -5 (VIOLATED)
clkbuf_leaf_31_clk_i/X                    8     13     -5 (VIOLATED)
clkbuf_leaf_32_clk_i/X                    8     13     -5 (VIOLATED)
clkbuf_leaf_33_clk_i/X                    8     13     -5 (VIOLATED)
clkbuf_leaf_35_clk_i/X                    8     13     -5 (VIOLATED)
clkbuf_leaf_36_clk_i/X                    8     13     -5 (VIOLATED)
clkbuf_leaf_37_clk_i/X                    8     13     -5 (VIOLATED)
clkbuf_leaf_49_clk_i/X                    8     13     -5 (VIOLATED)
clkbuf_leaf_50_clk_i/X                    8     13     -5 (VIOLATED)
clkbuf_leaf_55_clk_i/X                    8     13     -5 (VIOLATED)
clkbuf_leaf_60_clk_i/X                    8     13     -5 (VIOLATED)
clkbuf_leaf_61_clk_i/X                    8     13     -5 (VIOLATED)
clkbuf_leaf_62_clk_i/X                    8     13     -5 (VIOLATED)
clkbuf_leaf_63_clk_i/X                    8     13     -5 (VIOLATED)
clkbuf_leaf_64_clk_i/X                    8     13     -5 (VIOLATED)
clkbuf_leaf_66_clk_i/X                    8     13     -5 (VIOLATED)
clkbuf_leaf_67_clk_i/X                    8     13     -5 (VIOLATED)
clkbuf_leaf_68_clk_i/X                    8     13     -5 (VIOLATED)
clkbuf_leaf_6_clk_i/X                     8     13     -5 (VIOLATED)
clkbuf_leaf_72_clk_i/X                    8     13     -5 (VIOLATED)
clkbuf_leaf_74_clk_i/X                    8     13     -5 (VIOLATED)
clkbuf_leaf_77_clk_i/X                    8     13     -5 (VIOLATED)
clkbuf_leaf_78_clk_i/X                    8     13     -5 (VIOLATED)
clkbuf_leaf_7_clk_i/X                     8     13     -5 (VIOLATED)
clkbuf_leaf_80_clk_i/X                    8     13     -5 (VIOLATED)
clkbuf_leaf_87_clk_i/X                    8     13     -5 (VIOLATED)
clkbuf_leaf_88_clk_i/X                    8     13     -5 (VIOLATED)
clkbuf_leaf_89_clk_i/X                    8     13     -5 (VIOLATED)
clkbuf_leaf_8_clk_i/X                     8     13     -5 (VIOLATED)
clkbuf_leaf_91_clk_i/X                    8     13     -5 (VIOLATED)
clkbuf_leaf_93_clk_i/X                    8     13     -5 (VIOLATED)
clkbuf_leaf_96_clk_i/X                    8     13     -5 (VIOLATED)
clkbuf_leaf_97_clk_i/X                    8     13     -5 (VIOLATED)
clkbuf_leaf_99_clk_i/X                    8     13     -5 (VIOLATED)
clkbuf_leaf_9_clk_i/X                     8     13     -5 (VIOLATED)
clkbuf_leaf_0_clk_i/X                     8     12     -4 (VIOLATED)
clkbuf_leaf_102_clk_i/X                   8     12     -4 (VIOLATED)
clkbuf_leaf_103_clk_i/X                   8     12     -4 (VIOLATED)
clkbuf_leaf_104_clk_i/X                   8     12     -4 (VIOLATED)
clkbuf_leaf_105_clk_i/X                   8     12     -4 (VIOLATED)
clkbuf_leaf_107_clk_i/X                   8     12     -4 (VIOLATED)
clkbuf_leaf_110_clk_i/X                   8     12     -4 (VIOLATED)
clkbuf_leaf_11_clk_i/X                    8     12     -4 (VIOLATED)
clkbuf_leaf_132_clk_i/X                   8     12     -4 (VIOLATED)
clkbuf_leaf_16_clk_i/X                    8     12     -4 (VIOLATED)
clkbuf_leaf_1_clk_i/X                     8     12     -4 (VIOLATED)
clkbuf_leaf_20_clk_i/X                    8     12     -4 (VIOLATED)
clkbuf_leaf_21_clk_i/X                    8     12     -4 (VIOLATED)
clkbuf_leaf_22_clk_i/X                    8     12     -4 (VIOLATED)
clkbuf_leaf_29_clk_i/X                    8     12     -4 (VIOLATED)
clkbuf_leaf_38_clk_i/X                    8     12     -4 (VIOLATED)
clkbuf_leaf_43_clk_i/X                    8     12     -4 (VIOLATED)
clkbuf_leaf_44_clk_i/X                    8     12     -4 (VIOLATED)
clkbuf_leaf_46_clk_i/X                    8     12     -4 (VIOLATED)
clkbuf_leaf_48_clk_i/X                    8     12     -4 (VIOLATED)
clkbuf_leaf_4_clk_i/X                     8     12     -4 (VIOLATED)
clkbuf_leaf_51_clk_i/X                    8     12     -4 (VIOLATED)
clkbuf_leaf_54_clk_i/X                    8     12     -4 (VIOLATED)
clkbuf_leaf_56_clk_i/X                    8     12     -4 (VIOLATED)
clkbuf_leaf_58_clk_i/X                    8     12     -4 (VIOLATED)
clkbuf_leaf_69_clk_i/X                    8     12     -4 (VIOLATED)
clkbuf_leaf_70_clk_i/X                    8     12     -4 (VIOLATED)
clkbuf_leaf_71_clk_i/X                    8     12     -4 (VIOLATED)
clkbuf_leaf_73_clk_i/X                    8     12     -4 (VIOLATED)
clkbuf_leaf_75_clk_i/X                    8     12     -4 (VIOLATED)
clkbuf_leaf_79_clk_i/X                    8     12     -4 (VIOLATED)
clkbuf_leaf_84_clk_i/X                    8     12     -4 (VIOLATED)
clkbuf_leaf_85_clk_i/X                    8     12     -4 (VIOLATED)
clkbuf_leaf_86_clk_i/X                    8     12     -4 (VIOLATED)
clkbuf_leaf_95_clk_i/X                    8     12     -4 (VIOLATED)
clkbuf_leaf_98_clk_i/X                    8     12     -4 (VIOLATED)
clkbuf_leaf_112_clk_i/X                   8     11     -3 (VIOLATED)
clkbuf_leaf_116_clk_i/X                   8     11     -3 (VIOLATED)
clkbuf_leaf_14_clk_i/X                    8     11     -3 (VIOLATED)
clkbuf_leaf_41_clk_i/X                    8     11     -3 (VIOLATED)
clkbuf_leaf_65_clk_i/X                    8     11     -3 (VIOLATED)
clkbuf_leaf_82_clk_i/X                    8     11     -3 (VIOLATED)
clkbuf_leaf_83_clk_i/X                    8     11     -3 (VIOLATED)
clkbuf_leaf_90_clk_i/X                    8     11     -3 (VIOLATED)
clkbuf_leaf_92_clk_i/X                    8     11     -3 (VIOLATED)
clkbuf_leaf_115_clk_i/X                   8     10     -2 (VIOLATED)
clkbuf_leaf_45_clk_i/X                    8     10     -2 (VIOLATED)
clkbuf_leaf_52_clk_i/X                    8     10     -2 (VIOLATED)
clkbuf_leaf_53_clk_i/X                    8     10     -2 (VIOLATED)
clkbuf_leaf_59_clk_i/X                    8     10     -2 (VIOLATED)
clkbuf_leaf_81_clk_i/X                    8     10     -2 (VIOLATED)

max capacitance

Pin                                        Limit         Cap       Slack
------------------------------------------------------------------------
clkbuf_0_clk_i/X                        0.150000    0.353910   -0.203910 (VIOLATED)
fanout298/X                             0.150000    0.165871   -0.015871 (VIOLATED)
wire392/X                               0.150000    0.160991   -0.010991 (VIOLATED)
fanout520/X                             0.150000    0.158799   -0.008799 (VIOLATED)
fanout413/X                             0.150000    0.158201   -0.008201 (VIOLATED)
fanout314/X                             0.150000    0.157887   -0.007887 (VIOLATED)
max_cap381/X                            0.150000    0.157115   -0.007115 (VIOLATED)
fanout512/X                             0.150000    0.157056   -0.007056 (VIOLATED)
fanout374/X                             0.150000    0.156782   -0.006782 (VIOLATED)
fanout905/X                             0.150000    0.156654   -0.006654 (VIOLATED)
fanout366/X                             0.150000    0.154609   -0.004609 (VIOLATED)
fanout384/X                             0.150000    0.154304   -0.004304 (VIOLATED)
fanout547/X                             0.150000    0.154265   -0.004265 (VIOLATED)
wire557/X                               0.150000    0.153705   -0.003705 (VIOLATED)
fanout534/X                             0.150000    0.153600   -0.003600 (VIOLATED)
fanout432/X                             0.150000    0.153333   -0.003333 (VIOLATED)
fanout308/X                             0.150000    0.153181   -0.003181 (VIOLATED)
load_slew373/X                          0.150000    0.153122   -0.003122 (VIOLATED)
fanout445/X                             0.150000    0.152755   -0.002755 (VIOLATED)
load_slew511/X                          0.150000    0.151315   -0.001315 (VIOLATED)
load_slew297/X                          0.150000    0.151014   -0.001014 (VIOLATED)
fanout450/X                             0.150000    0.150433   -0.000433 (VIOLATED)
fanout901/X                             0.150000    0.150071   -0.000071 (VIOLATED)



===========================================================================
report_parasitic_annotation -report_unannotated
============================================================================
Found 92 unannotated drivers.
 clkload0/X
 clkload1/X
 clkload10/Y
 clkload11/X
 clkload12/Y
 clkload13/Y
 clkload14/Y
 clkload15/Y
 clkload16/Y
 clkload17/Y
 clkload18/Y
 clkload19/Y
 clkload2/X
 clkload20/Y
 clkload21/Y
 clkload22/Y
 clkload23/X
 clkload24/Y
 clkload25/Y
 clkload26/Y
 clkload27/Y
 clkload28/Y
 clkload29/Y
 clkload3/X
 clkload30/Y
 clkload31/Y
 clkload32/Y
 clkload33/Y
 clkload34/Y
 clkload35/Y
 clkload36/Y
 clkload37/X
 clkload38/Y
 clkload39/Y
 clkload4/X
 clkload40/Y
 clkload41/Y
 clkload42/Y
 clkload43/X
 clkload44/Y
 clkload45/Y
 clkload46/Y
 clkload47/X
 clkload48/Y
 clkload49/Y
 clkload5/X
 clkload50/Y
 clkload51/Y
 clkload52/Y
 clkload53/Y
 clkload54/X
 clkload55/Y
 clkload56/Y
 clkload57/Y
 clkload58/Y
 clkload59/Y
 clkload6/X
 clkload60/Y
 clkload61/Y
 clkload62/Y
 clkload63/Y
 clkload64/Y
 clkload65/Y
 clkload66/X
 clkload67/X
 clkload68/Y
 clkload69/Y
 clkload7/X
 clkload70/Y
 clkload71/Y
 clkload72/Y
 clkload73/Y
 clkload74/X
 clkload75/Y
 clkload76/Y
 clkload77/Y
 clkload78/X
 clkload79/Y
 clkload8/Y
 clkload80/Y
 clkload81/Y
 clkload82/Y
 clkload83/Y
 clkload84/Y
 clkload85/Y
 clkload86/Y
 clkload87/Y
 clkload88/Y
 clkload89/Y
 clkload9/Y
 clkload90/X
 clkload91/Y
Found 0 partially unannotated drivers.

===========================================================================
max slew violation count 0
max fanout violation count 133
max cap violation count 23
============================================================================

===========================================================================
check_setup -verbose -unconstrained_endpoints -multiple_clock -no_clock -no_input_delay -loops -generated_clocks
===========================================================================
Warning: There is 1 input port missing set_input_delay.
  rst_ni
