Clock: clk_i
Sources: clk_i 
Generated: no
Virtual: yes
Propagated: no
Period: 10.000000

===========================================================================
report_clock_properties
============================================================================
Clock                   Period          Waveform
----------------------------------------------------
clk_i                10.000000    0.000000  5.000000

===========================================================================
report_clock_latency
============================================================================
Clock clk_i
rise -> rise
    min     max
0.000000 0.000000 source latency
0.298864         network latency _14355_/CLK
        0.368338 network latency _14832_/CLK
---------------
0.298864 0.368338 latency
        0.069475 skew

fall -> fall
    min     max
0.000000 0.000000 source latency
0.304377         network latency _14355_/CLK
        0.371629 network latency _14832_/CLK
---------------
0.304377 0.371629 latency
        0.067251 skew



===========================================================================
report_clock_min_period
============================================================================
clk_i period_min = 3.77 fmax = 265.00
