
===========================================================================
report_checks -unconstrained
===========================================================================
======================= nom_fast_1p32V_m40C Corner ===================================

Startpoint: mem_axi_rvalid (input port clocked by clk_i)
Endpoint: _14975_ (rising edge-triggered flip-flop clocked by clk_i)
Path Group: clk_i
Path Type: max

Fanout         Cap        Slew       Delay        Time   Description
---------------------------------------------------------------------------------------------
                                  0.000000    0.000000   clock clk_i (rise edge)
                                  0.000000    0.000000   clock network delay (propagated)
                                  2.000000    2.000000 v input external delay
     1    0.003054    0.011138    0.001520    2.001520 v mem_axi_rvalid (in)
                                                         mem_axi_rvalid (net)
                      0.011138    0.000000    2.001520 v hold3079/A (sg13g2_dlygate4sd3_1)
     1    0.003031    0.025716    0.245058    2.246578 v hold3079/X (sg13g2_dlygate4sd3_1)
                                                         net3079 (net)
                      0.025716    0.000120    2.246697 v input36/A (sg13g2_buf_1)
     2    0.054060    0.118220    0.116960    2.363658 v input36/X (sg13g2_buf_1)
                                                         net36 (net)
                      0.119378    0.009479    2.373137 v _07663_/A1 (sg13g2_o21ai_1)
     1    0.004765    0.065156    0.088885    2.462022 ^ _07663_/Y (sg13g2_o21ai_1)
                                                         _01619_ (net)
                      0.065156    0.000350    2.462372 ^ hold3066/A (sg13g2_dlygate4sd3_1)
     1    0.003795    0.024684    0.266110    2.728482 ^ hold3066/X (sg13g2_dlygate4sd3_1)
                                                         net3066 (net)
                      0.024684    0.000149    2.728630 ^ fanout679/A (sg13g2_buf_1)
     6    0.059983    0.160387    0.139276    2.867906 ^ fanout679/X (sg13g2_buf_1)
                                                         net679 (net)
                      0.160999    0.008114    2.876019 ^ _07665_/B (sg13g2_or2_1)
     2    0.007933    0.030998    0.088750    2.964769 ^ _07665_/X (sg13g2_or2_1)
                                                         _01621_ (net)
                      0.031010    0.000537    2.965306 ^ _07672_/A1 (sg13g2_a21o_1)
     2    0.009355    0.034129    0.079232    3.044538 ^ _07672_/X (sg13g2_a21o_1)
                                                         _01628_ (net)
                      0.034137    0.000524    3.045061 ^ fanout500/A (sg13g2_buf_1)
     8    0.048670    0.130875    0.125129    3.170190 ^ fanout500/X (sg13g2_buf_1)
                                                         net500 (net)
                      0.131148    0.004898    3.175088 ^ _11241_/A (sg13g2_nand3_1)
     1    0.004448    0.060097    0.075278    3.250366 v _11241_/Y (sg13g2_nand3_1)
                                                         _03859_ (net)
                      0.060098    0.000346    3.250712 v _11245_/A (sg13g2_nand3_1)
     2    0.009615    0.044133    0.046907    3.297620 ^ _11245_/Y (sg13g2_nand3_1)
                                                         _03863_ (net)
                      0.044156    0.000563    3.298182 ^ _11247_/B1 (sg13g2_a21o_1)
     1    0.020383    0.062811    0.082944    3.381126 ^ _11247_/X (sg13g2_a21o_1)
                                                         _03865_ (net)
                      0.062871    0.001744    3.382870 ^ fanout242/A (sg13g2_buf_1)
     5    0.099132    0.261991    0.216566    3.599437 ^ fanout242/X (sg13g2_buf_1)
                                                         net242 (net)
                      0.264298    0.019869    3.619306 ^ fanout237/A (sg13g2_buf_1)
     8    0.095360    0.253179    0.246237    3.865543 ^ fanout237/X (sg13g2_buf_1)
                                                         net237 (net)
                      0.256814    0.024349    3.889892 ^ fanout236/A (sg13g2_buf_1)
     8    0.053597    0.144350    0.180951    4.070842 ^ fanout236/X (sg13g2_buf_1)
                                                         net236 (net)
                      0.144956    0.007598    4.078440 ^ _11861_/C1 (sg13g2_a221oi_1)
     1    0.004018    0.101224    0.051508    4.129948 v _11861_/Y (sg13g2_a221oi_1)
                                                         _04461_ (net)
                      0.101224    0.000292    4.130240 v _11862_/B1 (sg13g2_a21o_1)
     1    0.002590    0.020701    0.091318    4.221558 v _11862_/X (sg13g2_a21o_1)
                                                         _01346_ (net)
                      0.020701    0.000185    4.221743 v _14975_/D (sg13g2_dfrbpq_1)
                                              4.221743   data arrival time

                                 10.000000   10.000000   clock clk_i (rise edge)
                                  0.000000   10.000000   clock source latency
     1    0.078488    0.000000    0.000000   10.000000 ^ clk_i (in)
                                                         clk_i (net)
                      0.025693    0.012847   10.012847 ^ clkbuf_0_clk_i/A (sg13g2_buf_16)
    16    0.326293    0.058210    0.057608   10.070455 ^ clkbuf_0_clk_i/X (sg13g2_buf_16)
                                                         clknet_0_clk_i (net)
                      0.097847    0.038908   10.109363 ^ clkbuf_4_9_0_clk_i/A (sg13g2_buf_8)
     2    0.049960    0.027736    0.081675   10.191037 ^ clkbuf_4_9_0_clk_i/X (sg13g2_buf_8)
                                                         clknet_4_9_0_clk_i (net)
                      0.028708    0.003851   10.194889 ^ clkbuf_5_18__f_clk_i/A (sg13g2_buf_16)
     4    0.067936    0.020025    0.051295   10.246183 ^ clkbuf_5_18__f_clk_i/X (sg13g2_buf_16)
                                                         clknet_5_18__leaf_clk_i (net)
                      0.020998    0.003390   10.249574 ^ clkbuf_leaf_114_clk_i/A (sg13g2_buf_8)
    13    0.066858    0.029932    0.057490   10.307064 ^ clkbuf_leaf_114_clk_i/X (sg13g2_buf_8)
                                                         clknet_leaf_114_clk_i (net)
                      0.029979    0.000951   10.308015 ^ _14975_/CLK (sg13g2_dfrbpq_1)
                                 -0.200000   10.108015   clock uncertainty
                                  0.000000   10.108015   clock reconvergence pessimism
                                 -0.066899   10.041117   library setup time
                                             10.041117   data required time
---------------------------------------------------------------------------------------------
                                             10.041117   data required time
                                             -4.221743   data arrival time
---------------------------------------------------------------------------------------------
                                              5.819374   slack (MET)




===========================================================================
report_checks --slack_max -0.01
============================================================================
======================= nom_fast_1p32V_m40C Corner ===================================

No paths found.


===========================================================================
 report_check_types -max_slew -max_cap -max_fanout -violators
============================================================================
======================= nom_fast_1p32V_m40C Corner ===================================

max fanout

Pin                                   Limit Fanout  Slack
---------------------------------------------------------
clkbuf_0_clk_i/X                          8     16     -8 (VIOLATED)
clkbuf_leaf_122_clk_i/X                   8     14     -6 (VIOLATED)
clkbuf_leaf_123_clk_i/X                   8     14     -6 (VIOLATED)
clkbuf_leaf_125_clk_i/X                   8     14     -6 (VIOLATED)
clkbuf_leaf_126_clk_i/X                   8     14     -6 (VIOLATED)
clkbuf_leaf_128_clk_i/X                   8     14     -6 (VIOLATED)
clkbuf_leaf_129_clk_i/X                   8     14     -6 (VIOLATED)
clkbuf_leaf_130_clk_i/X                   8     14     -6 (VIOLATED)
clkbuf_leaf_131_clk_i/X                   8     14     -6 (VIOLATED)
clkbuf_leaf_133_clk_i/X                   8     14     -6 (VIOLATED)
clkbuf_leaf_19_clk_i/X                    8     14     -6 (VIOLATED)
clkbuf_leaf_24_clk_i/X                    8     14     -6 (VIOLATED)
clkbuf_leaf_26_clk_i/X                    8     14     -6 (VIOLATED)
clkbuf_leaf_2_clk_i/X                     8     14     -6 (VIOLATED)
clkbuf_leaf_34_clk_i/X                    8     14     -6 (VIOLATED)
clkbuf_leaf_39_clk_i/X                    8     14     -6 (VIOLATED)
clkbuf_leaf_3_clk_i/X                     8     14     -6 (VIOLATED)
clkbuf_leaf_40_clk_i/X                    8     14     -6 (VIOLATED)
clkbuf_leaf_42_clk_i/X                    8     14     -6 (VIOLATED)
clkbuf_leaf_47_clk_i/X                    8     14     -6 (VIOLATED)
clkbuf_leaf_5_clk_i/X                     8     14     -6 (VIOLATED)
clkbuf_leaf_76_clk_i/X                    8     14     -6 (VIOLATED)
clkbuf_leaf_100_clk_i/X                   8     13     -5 (VIOLATED)
clkbuf_leaf_101_clk_i/X                   8     13     -5 (VIOLATED)
clkbuf_leaf_106_clk_i/X                   8     13     -5 (VIOLATED)
clkbuf_leaf_108_clk_i/X                   8     13     -5 (VIOLATED)
clkbuf_leaf_109_clk_i/X                   8     13     -5 (VIOLATED)
clkbuf_leaf_10_clk_i/X                    8     13     -5 (VIOLATED)
clkbuf_leaf_111_clk_i/X                   8     13     -5 (VIOLATED)
clkbuf_leaf_113_clk_i/X                   8     13     -5 (VIOLATED)
clkbuf_leaf_114_clk_i/X                   8     13     -5 (VIOLATED)
clkbuf_leaf_117_clk_i/X                   8     13     -5 (VIOLATED)
clkbuf_leaf_118_clk_i/X                   8     13     -5 (VIOLATED)
clkbuf_leaf_119_clk_i/X                   8     13     -5 (VIOLATED)
clkbuf_leaf_120_clk_i/X                   8     13     -5 (VIOLATED)
clkbuf_leaf_121_clk_i/X                   8     13     -5 (VIOLATED)
clkbuf_leaf_124_clk_i/X                   8     13     -5 (VIOLATED)
clkbuf_leaf_127_clk_i/X                   8     13     -5 (VIOLATED)
clkbuf_leaf_12_clk_i/X                    8     13     -5 (VIOLATED)
clkbuf_leaf_13_clk_i/X                    8     13     -5 (VIOLATED)
clkbuf_leaf_15_clk_i/X                    8     13     -5 (VIOLATED)
clkbuf_leaf_17_clk_i/X                    8     13     -5 (VIOLATED)
clkbuf_leaf_18_clk_i/X                    8     13     -5 (VIOLATED)
clkbuf_leaf_23_clk_i/X                    8     13     -5 (VIOLATED)
clkbuf_leaf_25_clk_i/X                    8     13     -5 (VIOLATED)
clkbuf_leaf_27_clk_i/X                    8     13     -5 (VIOLATED)
clkbuf_leaf_28_clk_i/X                    8     13     -5 (VIOLATED)
clkbuf_leaf_30_clk_i/X                    8     13     -5 (VIOLATED)
clkbuf_leaf_31_clk_i/X                    8     13     -5 (VIOLATED)
clkbuf_leaf_32_clk_i/X                    8     13     -5 (VIOLATED)
clkbuf_leaf_33_clk_i/X                    8     13     -5 (VIOLATED)
clkbuf_leaf_35_clk_i/X                    8     13     -5 (VIOLATED)
clkbuf_leaf_36_clk_i/X                    8     13     -5 (VIOLATED)
clkbuf_leaf_37_clk_i/X                    8     13     -5 (VIOLATED)
clkbuf_leaf_49_clk_i/X                    8     13     -5 (VIOLATED)
clkbuf_leaf_50_clk_i/X                    8     13     -5 (VIOLATED)
clkbuf_leaf_55_clk_i/X                    8     13     -5 (VIOLATED)
clkbuf_leaf_60_clk_i/X                    8     13     -5 (VIOLATED)
clkbuf_leaf_61_clk_i/X                    8     13     -5 (VIOLATED)
clkbuf_leaf_62_clk_i/X                    8     13     -5 (VIOLATED)
clkbuf_leaf_63_clk_i/X                    8     13     -5 (VIOLATED)
clkbuf_leaf_64_clk_i/X                    8     13     -5 (VIOLATED)
clkbuf_leaf_66_clk_i/X                    8     13     -5 (VIOLATED)
clkbuf_leaf_67_clk_i/X                    8     13     -5 (VIOLATED)
clkbuf_leaf_68_clk_i/X                    8     13     -5 (VIOLATED)
clkbuf_leaf_6_clk_i/X                     8     13     -5 (VIOLATED)
clkbuf_leaf_72_clk_i/X                    8     13     -5 (VIOLATED)
clkbuf_leaf_74_clk_i/X                    8     13     -5 (VIOLATED)
clkbuf_leaf_77_clk_i/X                    8     13     -5 (VIOLATED)
clkbuf_leaf_78_clk_i/X                    8     13     -5 (VIOLATED)
clkbuf_leaf_7_clk_i/X                     8     13     -5 (VIOLATED)
clkbuf_leaf_80_clk_i/X                    8     13     -5 (VIOLATED)
clkbuf_leaf_87_clk_i/X                    8     13     -5 (VIOLATED)
clkbuf_leaf_88_clk_i/X                    8     13     -5 (VIOLATED)
clkbuf_leaf_89_clk_i/X                    8     13     -5 (VIOLATED)
clkbuf_leaf_8_clk_i/X                     8     13     -5 (VIOLATED)
clkbuf_leaf_91_clk_i/X                    8     13     -5 (VIOLATED)
clkbuf_leaf_93_clk_i/X                    8     13     -5 (VIOLATED)
clkbuf_leaf_96_clk_i/X                    8     13     -5 (VIOLATED)
clkbuf_leaf_97_clk_i/X                    8     13     -5 (VIOLATED)
clkbuf_leaf_99_clk_i/X                    8     13     -5 (VIOLATED)
clkbuf_leaf_9_clk_i/X                     8     13     -5 (VIOLATED)
clkbuf_leaf_0_clk_i/X                     8     12     -4 (VIOLATED)
clkbuf_leaf_102_clk_i/X                   8     12     -4 (VIOLATED)
clkbuf_leaf_103_clk_i/X                   8     12     -4 (VIOLATED)
clkbuf_leaf_104_clk_i/X                   8     12     -4 (VIOLATED)
clkbuf_leaf_105_clk_i/X                   8     12     -4 (VIOLATED)
clkbuf_leaf_107_clk_i/X                   8     12     -4 (VIOLATED)
clkbuf_leaf_110_clk_i/X                   8     12     -4 (VIOLATED)
clkbuf_leaf_11_clk_i/X                    8     12     -4 (VIOLATED)
clkbuf_leaf_132_clk_i/X                   8     12     -4 (VIOLATED)
clkbuf_leaf_16_clk_i/X                    8     12     -4 (VIOLATED)
clkbuf_leaf_1_clk_i/X                     8     12     -4 (VIOLATED)
clkbuf_leaf_20_clk_i/X                    8     12     -4 (VIOLATED)
clkbuf_leaf_21_clk_i/X                    8     12     -4 (VIOLATED)
clkbuf_leaf_22_clk_i/X                    8     12     -4 (VIOLATED)
clkbuf_leaf_29_clk_i/X                    8     12     -4 (VIOLATED)
clkbuf_leaf_38_clk_i/X                    8     12     -4 (VIOLATED)
clkbuf_leaf_43_clk_i/X                    8     12     -4 (VIOLATED)
clkbuf_leaf_44_clk_i/X                    8     12     -4 (VIOLATED)
clkbuf_leaf_46_clk_i/X                    8     12     -4 (VIOLATED)
clkbuf_leaf_48_clk_i/X                    8     12     -4 (VIOLATED)
clkbuf_leaf_4_clk_i/X                     8     12     -4 (VIOLATED)
clkbuf_leaf_51_clk_i/X                    8     12     -4 (VIOLATED)
clkbuf_leaf_54_clk_i/X                    8     12     -4 (VIOLATED)
clkbuf_leaf_56_clk_i/X                    8     12     -4 (VIOLATED)
clkbuf_leaf_58_clk_i/X                    8     12     -4 (VIOLATED)
clkbuf_leaf_69_clk_i/X                    8     12     -4 (VIOLATED)
clkbuf_leaf_70_clk_i/X                    8     12     -4 (VIOLATED)
clkbuf_leaf_71_clk_i/X                    8     12     -4 (VIOLATED)
clkbuf_leaf_73_clk_i/X                    8     12     -4 (VIOLATED)
clkbuf_leaf_75_clk_i/X                    8     12     -4 (VIOLATED)
clkbuf_leaf_79_clk_i/X                    8     12     -4 (VIOLATED)
clkbuf_leaf_84_clk_i/X                    8     12     -4 (VIOLATED)
clkbuf_leaf_85_clk_i/X                    8     12     -4 (VIOLATED)
clkbuf_leaf_86_clk_i/X                    8     12     -4 (VIOLATED)
clkbuf_leaf_95_clk_i/X                    8     12     -4 (VIOLATED)
clkbuf_leaf_98_clk_i/X                    8     12     -4 (VIOLATED)
clkbuf_leaf_112_clk_i/X                   8     11     -3 (VIOLATED)
clkbuf_leaf_116_clk_i/X                   8     11     -3 (VIOLATED)
clkbuf_leaf_14_clk_i/X                    8     11     -3 (VIOLATED)
clkbuf_leaf_41_clk_i/X                    8     11     -3 (VIOLATED)
clkbuf_leaf_65_clk_i/X                    8     11     -3 (VIOLATED)
clkbuf_leaf_82_clk_i/X                    8     11     -3 (VIOLATED)
clkbuf_leaf_83_clk_i/X                    8     11     -3 (VIOLATED)
clkbuf_leaf_90_clk_i/X                    8     11     -3 (VIOLATED)
clkbuf_leaf_92_clk_i/X                    8     11     -3 (VIOLATED)
clkbuf_leaf_115_clk_i/X                   8     10     -2 (VIOLATED)
clkbuf_leaf_45_clk_i/X                    8     10     -2 (VIOLATED)
clkbuf_leaf_52_clk_i/X                    8     10     -2 (VIOLATED)
clkbuf_leaf_53_clk_i/X                    8     10     -2 (VIOLATED)
clkbuf_leaf_59_clk_i/X                    8     10     -2 (VIOLATED)
clkbuf_leaf_81_clk_i/X                    8     10     -2 (VIOLATED)
fanout520/X                               8     10     -2 (VIOLATED)



===========================================================================
report_parasitic_annotation -report_unannotated
============================================================================
Found 92 unannotated drivers.
 clkload0/X
 clkload1/X
 clkload10/Y
 clkload11/X
 clkload12/Y
 clkload13/Y
 clkload14/Y
 clkload15/Y
 clkload16/Y
 clkload17/Y
 clkload18/Y
 clkload19/Y
 clkload2/X
 clkload20/Y
 clkload21/Y
 clkload22/Y
 clkload23/X
 clkload24/Y
 clkload25/Y
 clkload26/Y
 clkload27/Y
 clkload28/Y
 clkload29/Y
 clkload3/X
 clkload30/Y
 clkload31/Y
 clkload32/Y
 clkload33/Y
 clkload34/Y
 clkload35/Y
 clkload36/Y
 clkload37/X
 clkload38/Y
 clkload39/Y
 clkload4/X
 clkload40/Y
 clkload41/Y
 clkload42/Y
 clkload43/X
 clkload44/Y
 clkload45/Y
 clkload46/Y
 clkload47/X
 clkload48/Y
 clkload49/Y
 clkload5/X
 clkload50/Y
 clkload51/Y
 clkload52/Y
 clkload53/Y
 clkload54/X
 clkload55/Y
 clkload56/Y
 clkload57/Y
 clkload58/Y
 clkload59/Y
 clkload6/X
 clkload60/Y
 clkload61/Y
 clkload62/Y
 clkload63/Y
 clkload64/Y
 clkload65/Y
 clkload66/X
 clkload67/X
 clkload68/Y
 clkload69/Y
 clkload7/X
 clkload70/Y
 clkload71/Y
 clkload72/Y
 clkload73/Y
 clkload74/X
 clkload75/Y
 clkload76/Y
 clkload77/Y
 clkload78/X
 clkload79/Y
 clkload8/Y
 clkload80/Y
 clkload81/Y
 clkload82/Y
 clkload83/Y
 clkload84/Y
 clkload85/Y
 clkload86/Y
 clkload87/Y
 clkload88/Y
 clkload89/Y
 clkload9/Y
 clkload90/X
 clkload91/Y
Found 0 partially unannotated drivers.

===========================================================================
max slew violation count 0
max fanout violation count 134
max cap violation count 0
============================================================================

===========================================================================
check_setup -verbose -unconstrained_endpoints -multiple_clock -no_clock -no_input_delay -loops -generated_clocks
===========================================================================
Warning: There is 1 input port missing set_input_delay.
  rst_ni
