2026-09-17 21:59:40 +0530: Memory Usage (421912K) : Starting running IHP-SG13G2 KLayout DRC runset on /home/jaikrishn/Documents/hardware/picorv32_axi4lite_port/phyisical_design/macros/peripherals/runs/run_2/58-klayout-streamout/peripherals_macro.gds
2026-09-17 21:59:40 +0530: Memory Usage (422072K) : Ruby Version for klayout: 3.3.10
2026-09-17 21:59:40 +0530: Memory Usage (423744K) : Loading database to memory is complete.
2026-09-17 21:59:40 +0530: Memory Usage (423744K) : IHP-SG13G2 KLayout DRC runset output at: /home/jaikrishn/Documents/hardware/picorv32_axi4lite_port/phyisical_design/macros/peripherals/runs/run_2/65-klayout-drc/reports/drc.klayout.lyrdb
2026-09-17 21:59:40 +0530: Memory Usage (423744K) : Evaluate switches.
2026-09-17 21:59:40 +0530: Memory Usage (423744K) : tables selected: main
2026-09-17 21:59:40 +0530: Memory Usage (423744K) : KLayout will use 12 thread(s) in tiling mode.
2026-09-17 21:59:40 +0530: Memory Usage (423744K) : deep mode is enabled.
2026-09-17 21:59:40 +0530: Memory Usage (423744K) : FEOL enabled: true
2026-09-17 21:59:40 +0530: Memory Usage (423744K) : BEOL enabled: true
2026-09-17 21:59:40 +0530: Memory Usage (423744K) : OFFGRID enabled: true
2026-09-17 21:59:40 +0530: Memory Usage (423744K) : ANGLE enabled: true
2026-09-17 21:59:40 +0530: Memory Usage (423744K) : PIN enabled: true
2026-09-17 21:59:40 +0530: Memory Usage (423744K) : FORBIDDEN enabled: true
2026-09-17 21:59:40 +0530: Memory Usage (423744K) : RECOMMENDED enabled: false
2026-09-17 21:59:40 +0530: Memory Usage (423744K) : PreCheck DRC enabled: false
2026-09-17 21:59:40 +0530: Memory Usage (423744K) : CONNECTIVITY_RULES enabled: true.
2026-09-17 21:59:40 +0530: Memory Usage (423744K) : Read in polygons from layers.
2026-09-17 21:59:40 +0530: Memory Usage (425232K) : activ_drw has 10955 polygons
2026-09-17 21:59:40 +0530: Memory Usage (425232K) : activ_pin has 0 polygons
2026-09-17 21:59:40 +0530: Memory Usage (425232K) : activ_mask has 0 polygons
2026-09-17 21:59:40 +0530: Memory Usage (425232K) : activ_filler has 0 polygons
2026-09-17 21:59:40 +0530: Memory Usage (425232K) : activ_nofill has 0 polygons
2026-09-17 21:59:40 +0530: Memory Usage (425232K) : activ_opc has 0 polygons
2026-09-17 21:59:40 +0530: Memory Usage (425488K) : activ_iopc has 0 polygons
2026-09-17 21:59:40 +0530: Memory Usage (425488K) : activ_noqrc has 0 polygons
2026-09-17 21:59:40 +0530: Memory Usage (425488K) : biwind_drw has 0 polygons
2026-09-17 21:59:40 +0530: Memory Usage (425488K) : biwind_opc has 0 polygons
2026-09-17 21:59:40 +0530: Memory Usage (425488K) : pemwind_drw has 0 polygons
2026-09-17 21:59:40 +0530: Memory Usage (425616K) : gatpoly_drw has 9503 polygons
2026-09-17 21:59:40 +0530: Memory Usage (425616K) : gatpoly_pin has 0 polygons
2026-09-17 21:59:40 +0530: Memory Usage (425616K) : gatpoly_filler has 0 polygons
2026-09-17 21:59:40 +0530: Memory Usage (425744K) : gatpoly_nofill has 0 polygons
2026-09-17 21:59:40 +0530: Memory Usage (425744K) : gatpoly_opc has 0 polygons
2026-09-17 21:59:40 +0530: Memory Usage (425744K) : gatpoly_iopc has 0 polygons
2026-09-17 21:59:40 +0530: Memory Usage (425744K) : gatpoly_noqrc has 0 polygons
2026-09-17 21:59:40 +0530: Memory Usage (425744K) : cont_drw has 73332 polygons
2026-09-17 21:59:40 +0530: Memory Usage (425744K) : cont_opc has 0 polygons
2026-09-17 21:59:40 +0530: Memory Usage (425744K) : nsd_drw has 0 polygons
2026-09-17 21:59:40 +0530: Memory Usage (425744K) : nsd_block has 0 polygons
2026-09-17 21:59:40 +0530: Memory Usage (425744K) : metal1_drw has 18054 polygons
2026-09-17 21:59:40 +0530: Memory Usage (425744K) : metal1_pin has 8377 polygons
2026-09-17 21:59:40 +0530: Memory Usage (425744K) : metal1_mask has 0 polygons
2026-09-17 21:59:40 +0530: Memory Usage (425744K) : metal1_filler has 0 polygons
2026-09-17 21:59:40 +0530: Memory Usage (425872K) : metal1_nofill has 0 polygons
2026-09-17 21:59:40 +0530: Memory Usage (425872K) : metal1_slit has 0 polygons
2026-09-17 21:59:40 +0530: Memory Usage (426028K) : metal1_text has 8102 polygons
2026-09-17 21:59:40 +0530: Memory Usage (426028K) : metal1_opc has 0 polygons
2026-09-17 21:59:40 +0530: Memory Usage (426156K) : metal1_noqrc has 0 polygons
2026-09-17 21:59:40 +0530: Memory Usage (426156K) : metal1_res has 0 polygons
2026-09-17 21:59:40 +0530: Memory Usage (426156K) : metal1_iprobe has 0 polygons
2026-09-17 21:59:40 +0530: Memory Usage (426156K) : metal1_diffprb has 0 polygons
2026-09-17 21:59:40 +0530: Memory Usage (426156K) : passiv_drw has 0 polygons
2026-09-17 21:59:40 +0530: Memory Usage (426284K) : passiv_pin has 0 polygons
2026-09-17 21:59:40 +0530: Memory Usage (426284K) : passiv_sbump has 0 polygons
2026-09-17 21:59:40 +0530: Memory Usage (426412K) : passiv_pillar has 0 polygons
2026-09-17 21:59:40 +0530: Memory Usage (426412K) : passiv_pdl has 0 polygons
2026-09-17 21:59:40 +0530: Memory Usage (426412K) : metal2_drw has 11721 polygons
2026-09-17 21:59:40 +0530: Memory Usage (426412K) : metal2_pin has 172 polygons
2026-09-17 21:59:40 +0530: Memory Usage (426412K) : metal2_mask has 0 polygons
2026-09-17 21:59:40 +0530: Memory Usage (426412K) : metal2_filler has 0 polygons
2026-09-17 21:59:40 +0530: Memory Usage (426412K) : metal2_nofill has 0 polygons
2026-09-17 21:59:40 +0530: Memory Usage (426412K) : metal2_slit has 0 polygons
2026-09-17 21:59:40 +0530: Memory Usage (426412K) : metal2_text has 172 polygons
2026-09-17 21:59:40 +0530: Memory Usage (426412K) : metal2_opc has 0 polygons
2026-09-17 21:59:40 +0530: Memory Usage (426412K) : metal2_noqrc has 0 polygons
2026-09-17 21:59:40 +0530: Memory Usage (426540K) : metal2_res has 0 polygons
2026-09-17 21:59:40 +0530: Memory Usage (426540K) : metal2_iprobe has 0 polygons
2026-09-17 21:59:40 +0530: Memory Usage (426540K) : metal2_diffprb has 0 polygons
2026-09-17 21:59:40 +0530: Memory Usage (426540K) : baspoly_drw has 0 polygons
2026-09-17 21:59:40 +0530: Memory Usage (426540K) : baspoly_pin has 0 polygons
2026-09-17 21:59:40 +0530: Memory Usage (426540K) : psd_drw has 5129 polygons
2026-09-17 21:59:40 +0530: Memory Usage (426540K) : nldb_drw has 0 polygons
2026-09-17 21:59:40 +0530: Memory Usage (426540K) : digibnd_drw has 0 polygons
2026-09-17 21:59:40 +0530: Memory Usage (426540K) : via1_drw has 3560 polygons
2026-09-17 21:59:40 +0530: Memory Usage (426540K) : backmetal1_drw has 0 polygons
2026-09-17 21:59:40 +0530: Memory Usage (426540K) : backmetal1_pin has 0 polygons
2026-09-17 21:59:40 +0530: Memory Usage (426668K) : backmetal1_mask has 0 polygons
2026-09-17 21:59:40 +0530: Memory Usage (426668K) : backmetal1_filler has 0 polygons
2026-09-17 21:59:40 +0530: Memory Usage (426796K) : backmetal1_nofill has 0 polygons
2026-09-17 21:59:40 +0530: Memory Usage (426796K) : backmetal1_slit has 0 polygons
2026-09-17 21:59:40 +0530: Memory Usage (426924K) : backmetal1_text has 0 polygons
2026-09-17 21:59:40 +0530: Memory Usage (426924K) : backmetal1_opc has 0 polygons
2026-09-17 21:59:40 +0530: Memory Usage (426924K) : backmetal1_noqrc has 0 polygons
2026-09-17 21:59:40 +0530: Memory Usage (427052K) : backmetal1_res has 0 polygons
2026-09-17 21:59:40 +0530: Memory Usage (427052K) : backmetal1_iprobe has 0 polygons
2026-09-17 21:59:40 +0530: Memory Usage (427180K) : backmetal1_diffprb has 0 polygons
2026-09-17 21:59:40 +0530: Memory Usage (427180K) : backpassiv_drw has 0 polygons
2026-09-17 21:59:40 +0530: Memory Usage (427308K) : res_drw has 0 polygons
2026-09-17 21:59:40 +0530: Memory Usage (427308K) : sram_drw has 0 polygons
2026-09-17 21:59:40 +0530: Memory Usage (427436K) : trans_drw has 0 polygons
2026-09-17 21:59:40 +0530: Memory Usage (427436K) : ind_drw has 0 polygons
2026-09-17 21:59:40 +0530: Memory Usage (427564K) : ind_pin has 0 polygons
2026-09-17 21:59:40 +0530: Memory Usage (427564K) : ind_text has 0 polygons
2026-09-17 21:59:40 +0530: Memory Usage (427564K) : salblock_drw has 0 polygons
2026-09-17 21:59:40 +0530: Memory Usage (427692K) : via2_drw has 3537 polygons
2026-09-17 21:59:40 +0530: Memory Usage (427820K) : metal3_drw has 5818 polygons
2026-09-17 21:59:40 +0530: Memory Usage (427820K) : metal3_pin has 72 polygons
2026-09-17 21:59:40 +0530: Memory Usage (427948K) : metal3_mask has 0 polygons
2026-09-17 21:59:40 +0530: Memory Usage (427948K) : metal3_filler has 0 polygons
2026-09-17 21:59:40 +0530: Memory Usage (428076K) : metal3_nofill has 0 polygons
2026-09-17 21:59:40 +0530: Memory Usage (428076K) : metal3_slit has 0 polygons
2026-09-17 21:59:40 +0530: Memory Usage (428204K) : metal3_text has 72 polygons
2026-09-17 21:59:40 +0530: Memory Usage (428204K) : metal3_opc has 0 polygons
2026-09-17 21:59:40 +0530: Memory Usage (428204K) : metal3_noqrc has 0 polygons
2026-09-17 21:59:40 +0530: Memory Usage (428332K) : metal3_res has 0 polygons
2026-09-17 21:59:40 +0530: Memory Usage (428332K) : metal3_iprobe has 0 polygons
2026-09-17 21:59:40 +0530: Memory Usage (428460K) : metal3_diffprb has 0 polygons
2026-09-17 21:59:40 +0530: Memory Usage (428460K) : nwell_drw has 2564 polygons
2026-09-17 21:59:40 +0530: Memory Usage (428460K) : nwell_pin has 0 polygons
2026-09-17 21:59:40 +0530: Memory Usage (428588K) : nbulay_drw has 0 polygons
2026-09-17 21:59:40 +0530: Memory Usage (428588K) : nbulay_pin has 0 polygons
2026-09-17 21:59:40 +0530: Memory Usage (428716K) : nbulay_block has 0 polygons
2026-09-17 21:59:40 +0530: Memory Usage (428716K) : emwind_drw has 0 polygons
2026-09-17 21:59:40 +0530: Memory Usage (428844K) : emwind_opc has 0 polygons
2026-09-17 21:59:40 +0530: Memory Usage (428844K) : deepco_drw has 0 polygons
2026-09-17 21:59:40 +0530: Memory Usage (428972K) : deepco_drw has 0 polygons
2026-09-17 21:59:40 +0530: Memory Usage (428972K) : mim_drw has 0 polygons
2026-09-17 21:59:40 +0530: Memory Usage (429100K) : edgeseal_drw has 0 polygons
2026-09-17 21:59:40 +0530: Memory Usage (429100K) : edgeseal_bound has 0 polygons
2026-09-17 21:59:40 +0530: Memory Usage (429100K) : substrate_drw has 0 polygons
2026-09-17 21:59:40 +0530: Memory Usage (429228K) : substrate_text has 0 polygons
2026-09-17 21:59:40 +0530: Memory Usage (429228K) : dfpad_drw has 0 polygons
2026-09-17 21:59:40 +0530: Memory Usage (429356K) : dfpad_pillar has 0 polygons
2026-09-17 21:59:40 +0530: Memory Usage (429356K) : dfpad_sbump has 0 polygons
2026-09-17 21:59:40 +0530: Memory Usage (429612K) : thickgateox_drw has 0 polygons
2026-09-17 21:59:40 +0530: Memory Usage (429612K) : pldb_drw has 0 polygons
2026-09-17 21:59:40 +0530: Memory Usage (429612K) : pwell_drw has 0 polygons
2026-09-17 21:59:40 +0530: Memory Usage (429612K) : pwell_pin has 0 polygons
2026-09-17 21:59:40 +0530: Memory Usage (429612K) : pwell_block has 0 polygons
2026-09-17 21:59:40 +0530: Memory Usage (429740K) : ic_drw has 0 polygons
2026-09-17 21:59:40 +0530: Memory Usage (429740K) : via3_drw has 877 polygons
2026-09-17 21:59:40 +0530: Memory Usage (429868K) : metal4_drw has 742 polygons
2026-09-17 21:59:40 +0530: Memory Usage (429868K) : metal4_pin has 0 polygons
2026-09-17 21:59:40 +0530: Memory Usage (429868K) : metal4_mask has 0 polygons
2026-09-17 21:59:40 +0530: Memory Usage (429996K) : metal4_filler has 0 polygons
2026-09-17 21:59:40 +0530: Memory Usage (429996K) : metal4_nofill has 0 polygons
2026-09-17 21:59:40 +0530: Memory Usage (430124K) : metal4_slit has 0 polygons
2026-09-17 21:59:40 +0530: Memory Usage (430124K) : metal4_text has 0 polygons
2026-09-17 21:59:40 +0530: Memory Usage (430252K) : metal4_opc has 0 polygons
2026-09-17 21:59:40 +0530: Memory Usage (430252K) : metal4_noqrc has 0 polygons
2026-09-17 21:59:40 +0530: Memory Usage (430380K) : metal4_res has 0 polygons
2026-09-17 21:59:40 +0530: Memory Usage (430380K) : metal4_iprobe has 0 polygons
2026-09-17 21:59:40 +0530: Memory Usage (430508K) : metal4_diffprb has 0 polygons
2026-09-17 21:59:40 +0530: Memory Usage (430508K) : heattrans_drw has 0 polygons
2026-09-17 21:59:40 +0530: Memory Usage (430508K) : heatres_drw has 0 polygons
2026-09-17 21:59:40 +0530: Memory Usage (430636K) : pempoly_drw has 0 polygons
2026-09-17 21:59:40 +0530: Memory Usage (430636K) : fbe_drw has 0 polygons
2026-09-17 21:59:40 +0530: Memory Usage (430764K) : empoly_drw has 0 polygons
2026-09-17 21:59:40 +0530: Memory Usage (430764K) : ldmos_drw has 0 polygons
2026-09-17 21:59:40 +0530: Memory Usage (430892K) : pbiwind_drw has 0 polygons
2026-09-17 21:59:40 +0530: Memory Usage (430892K) : digisub_drw has 0 polygons
2026-09-17 21:59:40 +0530: Memory Usage (431020K) : nodrc_drw has 0 polygons
2026-09-17 21:59:40 +0530: Memory Usage (431020K) : text_drw has 0 polygons
2026-09-17 21:59:40 +0530: Memory Usage (431148K) : via4_drw has 579 polygons
2026-09-17 21:59:40 +0530: Memory Usage (431148K) : metal5_drw has 364 polygons
2026-09-17 21:59:40 +0530: Memory Usage (431148K) : metal5_pin has 0 polygons
2026-09-17 21:59:40 +0530: Memory Usage (431148K) : metal5_mask has 0 polygons
2026-09-17 21:59:40 +0530: Memory Usage (431148K) : metal5_filler has 0 polygons
2026-09-17 21:59:40 +0530: Memory Usage (431148K) : metal5_nofill has 0 polygons
2026-09-17 21:59:40 +0530: Memory Usage (431148K) : metal5_slit has 0 polygons
2026-09-17 21:59:40 +0530: Memory Usage (431148K) : metal5_text has 0 polygons
2026-09-17 21:59:40 +0530: Memory Usage (431148K) : metal5_opc has 0 polygons
2026-09-17 21:59:40 +0530: Memory Usage (431148K) : metal5_noqrc has 0 polygons
2026-09-17 21:59:40 +0530: Memory Usage (431148K) : metal5_res has 0 polygons
2026-09-17 21:59:40 +0530: Memory Usage (431148K) : metal5_iprobe has 0 polygons
2026-09-17 21:59:40 +0530: Memory Usage (431148K) : metal5_diffprb has 0 polygons
2026-09-17 21:59:40 +0530: Memory Usage (431148K) : radhard_drw has 0 polygons
2026-09-17 21:59:40 +0530: Memory Usage (431148K) : memcap_drw has 0 polygons
2026-09-17 21:59:40 +0530: Memory Usage (431148K) : varicap_drw has 0 polygons
2026-09-17 21:59:40 +0530: Memory Usage (431148K) : flash_drw has 0 polygons
2026-09-17 21:59:40 +0530: Memory Usage (431148K) : intbondvia_drw has 0 polygons
2026-09-17 21:59:40 +0530: Memory Usage (431148K) : intbondmet_drw has 0 polygons
2026-09-17 21:59:40 +0530: Memory Usage (431148K) : devbondvia_drw has 0 polygons
2026-09-17 21:59:40 +0530: Memory Usage (431148K) : devbondmet_drw has 0 polygons
2026-09-17 21:59:40 +0530: Memory Usage (431148K) : devtrench_drw has 0 polygons
2026-09-17 21:59:40 +0530: Memory Usage (431148K) : redist_drw has 0 polygons
2026-09-17 21:59:40 +0530: Memory Usage (431148K) : graphbot_drw has 0 polygons
2026-09-17 21:59:40 +0530: Memory Usage (431148K) : graphtop_drw has 0 polygons
2026-09-17 21:59:40 +0530: Memory Usage (431148K) : antvia1_drw has 0 polygons
2026-09-17 21:59:40 +0530: Memory Usage (431148K) : antmetal2_drw has 0 polygons
2026-09-17 21:59:40 +0530: Memory Usage (431148K) : graphcont_drw has 0 polygons
2026-09-17 21:59:40 +0530: Memory Usage (431148K) : siwg_drw has 0 polygons
2026-09-17 21:59:40 +0530: Memory Usage (431148K) : siwg_filler has 0 polygons
2026-09-17 21:59:40 +0530: Memory Usage (431148K) : siwg_nofill has 0 polygons
2026-09-17 21:59:40 +0530: Memory Usage (431148K) : sigrating_drw has 0 polygons
2026-09-17 21:59:40 +0530: Memory Usage (431148K) : singrating_drw has 0 polygons
2026-09-17 21:59:40 +0530: Memory Usage (431148K) : graphpas_drw has 0 polygons
2026-09-17 21:59:40 +0530: Memory Usage (431148K) : emwind3_drw has 0 polygons
2026-09-17 21:59:40 +0530: Memory Usage (431148K) : emwihv3_drw has 0 polygons
2026-09-17 21:59:40 +0530: Memory Usage (431148K) : redbulay_drw has 0 polygons
2026-09-17 21:59:40 +0530: Memory Usage (431148K) : smos_drw has 0 polygons
2026-09-17 21:59:40 +0530: Memory Usage (431148K) : graphpad_drw has 0 polygons
2026-09-17 21:59:40 +0530: Memory Usage (431148K) : polimide_drw has 0 polygons
2026-09-17 21:59:40 +0530: Memory Usage (431148K) : polimide_pin has 0 polygons
2026-09-17 21:59:40 +0530: Memory Usage (431148K) : recog_drw has 0 polygons
2026-09-17 21:59:40 +0530: Memory Usage (431148K) : recog_pin has 0 polygons
2026-09-17 21:59:40 +0530: Memory Usage (431148K) : recog_esd has 0 polygons
2026-09-17 21:59:40 +0530: Memory Usage (431148K) : recog_diode has 0 polygons
2026-09-17 21:59:40 +0530: Memory Usage (431148K) : recog_tsv has 0 polygons
2026-09-17 21:59:40 +0530: Memory Usage (431148K) : recog_iprobe has 0 polygons
2026-09-17 21:59:40 +0530: Memory Usage (431148K) : recog_diffprb has 0 polygons
2026-09-17 21:59:40 +0530: Memory Usage (431148K) : recog_pillar has 0 polygons
2026-09-17 21:59:40 +0530: Memory Usage (431148K) : recog_sbump has 0 polygons
2026-09-17 21:59:40 +0530: Memory Usage (431148K) : recog_otp has 0 polygons
2026-09-17 21:59:40 +0530: Memory Usage (431148K) : recog_pdiode has 0 polygons
2026-09-17 21:59:40 +0530: Memory Usage (431148K) : recog_mom has 0 polygons
2026-09-17 21:59:40 +0530: Memory Usage (431148K) : recog_momf has 0 polygons
2026-09-17 21:59:40 +0530: Memory Usage (431148K) : recog_pcm has 0 polygons
2026-09-17 21:59:40 +0530: Memory Usage (431148K) : colopen_drw has 0 polygons
2026-09-17 21:59:40 +0530: Memory Usage (431148K) : graphmetal1_drw has 0 polygons
2026-09-17 21:59:40 +0530: Memory Usage (431276K) : graphmetal1_filler has 0 polygons
2026-09-17 21:59:40 +0530: Memory Usage (431276K) : graphmetal1_nofill has 0 polygons
2026-09-17 21:59:40 +0530: Memory Usage (431404K) : graphmetal1_slit has 0 polygons
2026-09-17 21:59:40 +0530: Memory Usage (431404K) : graphmetal1_opc has 0 polygons
2026-09-17 21:59:40 +0530: Memory Usage (431532K) : graphmet1l_drw has 0 polygons
2026-09-17 21:59:40 +0530: Memory Usage (431532K) : graphmet1l_filler has 0 polygons
2026-09-17 21:59:40 +0530: Memory Usage (431532K) : graphmet1l_nofill has 0 polygons
2026-09-17 21:59:40 +0530: Memory Usage (431660K) : graphmet1l_slit has 0 polygons
2026-09-17 21:59:40 +0530: Memory Usage (431660K) : graphmet1l_opc has 0 polygons
2026-09-17 21:59:40 +0530: Memory Usage (431788K) : extblock_drw has 0 polygons
2026-09-17 21:59:40 +0530: Memory Usage (431788K) : nldd_drw has 0 polygons
2026-09-17 21:59:40 +0530: Memory Usage (431916K) : pldd_drw has 0 polygons
2026-09-17 21:59:40 +0530: Memory Usage (431916K) : next_drw has 0 polygons
2026-09-17 21:59:40 +0530: Memory Usage (432044K) : pext_drw has 0 polygons
2026-09-17 21:59:40 +0530: Memory Usage (432044K) : nexthv_drw has 0 polygons
2026-09-17 21:59:40 +0530: Memory Usage (432172K) : pexthv_drw has 0 polygons
2026-09-17 21:59:40 +0530: Memory Usage (432172K) : graphgate_drw has 0 polygons
2026-09-17 21:59:40 +0530: Memory Usage (432172K) : sinwg_drw has 0 polygons
2026-09-17 21:59:40 +0530: Memory Usage (432300K) : sinwg_filler has 0 polygons
2026-09-17 21:59:40 +0530: Memory Usage (432300K) : sinwg_nofill has 0 polygons
2026-09-17 21:59:40 +0530: Memory Usage (432428K) : mempad_drw has 0 polygons
2026-09-17 21:59:40 +0530: Memory Usage (432428K) : topvia1_drw has 224 polygons
2026-09-17 21:59:40 +0530: Memory Usage (432556K) : topmetal1_drw has 135 polygons
2026-09-17 21:59:40 +0530: Memory Usage (432556K) : topmetal1_pin has 5 polygons
2026-09-17 21:59:40 +0530: Memory Usage (432684K) : topmetal1_mask has 0 polygons
2026-09-17 21:59:40 +0530: Memory Usage (432684K) : topmetal1_filler has 0 polygons
2026-09-17 21:59:40 +0530: Memory Usage (432812K) : topmetal1_nofill has 0 polygons
2026-09-17 21:59:40 +0530: Memory Usage (432812K) : topmetal1_slit has 0 polygons
2026-09-17 21:59:40 +0530: Memory Usage (432812K) : topmetal1_text has 2 polygons
2026-09-17 21:59:40 +0530: Memory Usage (432940K) : topmetal1_noqrc has 0 polygons
2026-09-17 21:59:40 +0530: Memory Usage (432940K) : topmetal1_res has 0 polygons
2026-09-17 21:59:40 +0530: Memory Usage (433068K) : topmetal1_iprobe has 0 polygons
2026-09-17 21:59:40 +0530: Memory Usage (433068K) : topmetal1_diffprb has 0 polygons
2026-09-17 21:59:40 +0530: Memory Usage (433196K) : inldpwl_drw has 0 polygons
2026-09-17 21:59:40 +0530: Memory Usage (433196K) : polyres_drw has 0 polygons
2026-09-17 21:59:40 +0530: Memory Usage (433196K) : polyres_pin has 0 polygons
2026-09-17 21:59:40 +0530: Memory Usage (433324K) : vmim_drw has 0 polygons
2026-09-17 21:59:40 +0530: Memory Usage (433324K) : nbulaycut_drw has 0 polygons
2026-09-17 21:59:40 +0530: Memory Usage (433452K) : antmetal1_drw has 0 polygons
2026-09-17 21:59:40 +0530: Memory Usage (433452K) : topvia2_drw has 13 polygons
2026-09-17 21:59:40 +0530: Memory Usage (433580K) : topmetal2_drw has 23 polygons
2026-09-17 21:59:40 +0530: Memory Usage (433580K) : topmetal2_pin has 5 polygons
2026-09-17 21:59:40 +0530: Memory Usage (433708K) : topmetal2_mask has 0 polygons
2026-09-17 21:59:40 +0530: Memory Usage (433708K) : topmetal2_filler has 0 polygons
2026-09-17 21:59:40 +0530: Memory Usage (433836K) : topmetal2_nofill has 0 polygons
2026-09-17 21:59:40 +0530: Memory Usage (433836K) : topmetal2_slit has 0 polygons
2026-09-17 21:59:40 +0530: Memory Usage (433836K) : topmetal2_text has 2 polygons
2026-09-17 21:59:40 +0530: Memory Usage (433836K) : topmetal2_noqrc has 0 polygons
2026-09-17 21:59:40 +0530: Memory Usage (433836K) : topmetal2_res has 0 polygons
2026-09-17 21:59:40 +0530: Memory Usage (433836K) : topmetal2_iprobe has 0 polygons
2026-09-17 21:59:40 +0530: Memory Usage (433836K) : topmetal2_diffprb has 0 polygons
2026-09-17 21:59:40 +0530: Memory Usage (433836K) : snsring_drw has 0 polygons
2026-09-17 21:59:40 +0530: Memory Usage (433836K) : sensor_drw has 0 polygons
2026-09-17 21:59:40 +0530: Memory Usage (433836K) : snsarms_drw has 0 polygons
2026-09-17 21:59:40 +0530: Memory Usage (433836K) : snscmosvia_drw has 0 polygons
2026-09-17 21:59:40 +0530: Memory Usage (433836K) : colwind_drw has 0 polygons
2026-09-17 21:59:40 +0530: Memory Usage (433836K) : flm_drw has 0 polygons
2026-09-17 21:59:40 +0530: Memory Usage (433836K) : hafniumox_drw has 0 polygons
2026-09-17 21:59:40 +0530: Memory Usage (433836K) : memvia_drw has 0 polygons
2026-09-17 21:59:40 +0530: Memory Usage (433836K) : thinfilmres_drw has 0 polygons
2026-09-17 21:59:40 +0530: Memory Usage (433836K) : rfmem_drw has 0 polygons
2026-09-17 21:59:40 +0530: Memory Usage (433836K) : norcx_drw has 0 polygons
2026-09-17 21:59:40 +0530: Memory Usage (433836K) : norcx_m2m3 has 0 polygons
2026-09-17 21:59:40 +0530: Memory Usage (433836K) : norcx_m2m4 has 0 polygons
2026-09-17 21:59:40 +0530: Memory Usage (433836K) : norcx_m2m5 has 0 polygons
2026-09-17 21:59:40 +0530: Memory Usage (433836K) : norcx_m2tm1 has 0 polygons
2026-09-17 21:59:40 +0530: Memory Usage (433836K) : norcx_m2tm2 has 0 polygons
2026-09-17 21:59:40 +0530: Memory Usage (433836K) : norcx_m3m4 has 0 polygons
2026-09-17 21:59:40 +0530: Memory Usage (433836K) : norcx_m3m5 has 0 polygons
2026-09-17 21:59:40 +0530: Memory Usage (433836K) : norcx_m3tm1 has 0 polygons
2026-09-17 21:59:40 +0530: Memory Usage (433836K) : norcx_m3tm2 has 0 polygons
2026-09-17 21:59:40 +0530: Memory Usage (433836K) : norcx_m4m5 has 0 polygons
2026-09-17 21:59:40 +0530: Memory Usage (433836K) : norcx_m4tm1 has 0 polygons
2026-09-17 21:59:40 +0530: Memory Usage (433836K) : norcx_m4tm2 has 0 polygons
2026-09-17 21:59:40 +0530: Memory Usage (433836K) : norcx_m5tm1 has 0 polygons
2026-09-17 21:59:40 +0530: Memory Usage (433836K) : norcx_m5tm2 has 0 polygons
2026-09-17 21:59:40 +0530: Memory Usage (433836K) : norcx_tm1tm2 has 0 polygons
2026-09-17 21:59:40 +0530: Memory Usage (433836K) : norcx_m1sub has 0 polygons
2026-09-17 21:59:40 +0530: Memory Usage (433836K) : norcx_m2sub has 0 polygons
2026-09-17 21:59:40 +0530: Memory Usage (433836K) : norcx_m3sub has 0 polygons
2026-09-17 21:59:40 +0530: Memory Usage (433836K) : norcx_m4sub has 0 polygons
2026-09-17 21:59:40 +0530: Memory Usage (433836K) : norcx_m5sub has 0 polygons
2026-09-17 21:59:40 +0530: Memory Usage (433836K) : norcx_tm1sub has 0 polygons
2026-09-17 21:59:40 +0530: Memory Usage (433836K) : norcx_tm2sub has 0 polygons
2026-09-17 21:59:40 +0530: Memory Usage (433836K) : snsbotvia_drw has 0 polygons
2026-09-17 21:59:40 +0530: Memory Usage (433836K) : snstopvia_drw has 0 polygons
2026-09-17 21:59:40 +0530: Memory Usage (433836K) : deepvia_drw has 0 polygons
2026-09-17 21:59:40 +0530: Memory Usage (433836K) : fgetch_drw has 0 polygons
2026-09-17 21:59:40 +0530: Memory Usage (433836K) : ctrgat_drw has 0 polygons
2026-09-17 21:59:40 +0530: Memory Usage (433836K) : fgimp_drw has 0 polygons
2026-09-17 21:59:40 +0530: Memory Usage (433836K) : emwihv_drw has 0 polygons
2026-09-17 21:59:40 +0530: Memory Usage (433836K) : lbe_drw has 0 polygons
2026-09-17 21:59:40 +0530: Memory Usage (433836K) : alcustop_drw has 0 polygons
2026-09-17 21:59:40 +0530: Memory Usage (433836K) : nometfiller_drw has 0 polygons
2026-09-17 21:59:40 +0530: Memory Usage (433836K) : prboundary_drw has 0 polygons
2026-09-17 21:59:40 +0530: Memory Usage (433836K) : exchange0_drw has 0 polygons
2026-09-17 21:59:40 +0530: Memory Usage (433836K) : exchange0_pin has 0 polygons
2026-09-17 21:59:40 +0530: Memory Usage (433836K) : exchange0_text has 0 polygons
2026-09-17 21:59:40 +0530: Memory Usage (433836K) : exchange1_drw has 0 polygons
2026-09-17 21:59:40 +0530: Memory Usage (433836K) : exchange1_pin has 0 polygons
2026-09-17 21:59:40 +0530: Memory Usage (433836K) : exchange1_text has 0 polygons
2026-09-17 21:59:40 +0530: Memory Usage (433836K) : exchange2_drw has 0 polygons
2026-09-17 21:59:40 +0530: Memory Usage (433836K) : exchange2_pin has 0 polygons
2026-09-17 21:59:40 +0530: Memory Usage (433836K) : exchange2_text has 0 polygons
2026-09-17 21:59:40 +0530: Memory Usage (433836K) : exchange3_drw has 0 polygons
2026-09-17 21:59:40 +0530: Memory Usage (433836K) : exchange3_pin has 0 polygons
2026-09-17 21:59:40 +0530: Memory Usage (433836K) : exchange3_text has 0 polygons
2026-09-17 21:59:40 +0530: Memory Usage (433836K) : exchange4_drw has 0 polygons
2026-09-17 21:59:40 +0530: Memory Usage (433836K) : exchange4_pin has 0 polygons
2026-09-17 21:59:40 +0530: Memory Usage (433836K) : exchange4_text has 0 polygons
2026-09-17 21:59:40 +0530: Memory Usage (433836K) : isonwell_drw has 0 polygons
2026-09-17 21:59:40 +0530: Memory Usage (433836K) : Total no. of polygons in the design is 164111
2026-09-17 21:59:40 +0530: Memory Usage (433836K) : Loaded TECH DRC rules values from /home/jaikrishn/IHP-Open-PDK/ihp-sg13g2/libs.tech/klayout/python/sg13g2_pycell_lib/sg13g2_tech_mod.json
2026-09-17 21:59:40 +0530: Memory Usage (433836K) : Loaded default DRC rules values from /home/jaikrishn/IHP-Open-PDK/ihp-sg13g2/libs.tech/klayout/tech/drc/rule_decks/sg13g2_tech_default.json
2026-09-17 21:59:40 +0530: Memory Usage (433836K) : The following rules values were missing in tech json and default values were used:
2026-09-17 21:59:40 +0530: Memory Usage (433836K) :   - NW_f1_digibnd
2026-09-17 21:59:40 +0530: Memory Usage (433836K) :   - Cnt_c_digibnd
2026-09-17 21:59:40 +0530: Memory Usage (433836K) :   - Cnt_c_sram
2026-09-17 21:59:40 +0530: Memory Usage (433836K) :   - Sdiod_b
2026-09-17 21:59:40 +0530: Memory Usage (433836K) :   - Sdiod_c
2026-09-17 21:59:40 +0530: Memory Usage (434688K) : Total area of the design is 35055.516625 um^2.
2026-09-17 21:59:40 +0530: Memory Usage (434688K) : The design dimensions are 178.105 µm * 196.82500000000002 µm.
2026-09-17 21:59:40 +0530: Memory Usage (434688K) : Starting general IHP-SG13G2 derivations.
2026-09-17 21:59:40 +0530: Memory Usage (434688K) : Starting Pwell derivations
2026-09-17 21:59:40 +0530: Memory Usage (438120K) : Starting n-Activ derivations
2026-09-17 21:59:40 +0530: Memory Usage (440680K) : Starting p-Activ derivations
2026-09-17 21:59:40 +0530: Memory Usage (440680K) : Starting ptap derivations
2026-09-17 21:59:41 +0530: Memory Usage (440808K) : Starting ntap derivations
2026-09-17 21:59:41 +0530: Memory Usage (443112K) : Starting pact FET derivations
2026-09-17 21:59:41 +0530: Memory Usage (443112K) : Starting nact FET derivations
2026-09-17 21:59:41 +0530: Memory Usage (445416K) : Starting Gate derivations
2026-09-17 21:59:41 +0530: Memory Usage (446056K) : Starting cont/contbar general derivations
2026-09-17 21:59:41 +0530: Memory Usage (449896K) : Starting pad general derivations
2026-09-17 21:59:41 +0530: Memory Usage (449896K) : Starting schottky_nbl general derivations
2026-09-17 21:59:41 +0530: Memory Usage (449896K) : Starting SVaricap general derivations
2026-09-17 21:59:41 +0530: Memory Usage (450920K) : Starting HBT general derivations
2026-09-17 21:59:41 +0530: Memory Usage (450920K) : Starting IHP-SG13G2 DRC connectivity related derivations.
2026-09-17 21:59:41 +0530: Memory Usage (450920K) : Starting IHP-SG13G2 DRC connectivity setup
2026-09-17 21:59:41 +0530: Memory Usage (451604K) : Starting IHP-SG13G2 DRC rules.
2026-09-17 21:59:41 +0530: Memory Usage (451604K) : Running all FEOL rules
2026-09-17 21:59:41 +0530: Memory Usage (451604K) : Running all BEOL rules
2026-09-17 21:59:41 +0530: Memory Usage (451604K) : Running all PIN rules
2026-09-17 21:59:41 +0530: Memory Usage (451604K) : Running all FORBIDDEN rules
2026-09-17 21:59:41 +0530: Memory Usage (451604K) : Starting 5.1 NWell table
2026-09-17 21:59:41 +0530: Memory Usage (451604K) : Executing rule NW.b
2026-09-17 21:59:42 +0530: Memory Usage (452972K) : Executing rule NW.b1
2026-09-17 21:59:42 +0530: Memory Usage (453100K) : Executing rule NW.f1
2026-09-17 21:59:42 +0530: Memory Usage (453100K) : Executing rule NW.f1.digibnd
2026-09-17 21:59:42 +0530: Memory Usage (453100K) : Starting 5.2 PWell:block
2026-09-17 21:59:42 +0530: Memory Usage (453100K) : Executing rule PWB.e
2026-09-17 21:59:42 +0530: Memory Usage (453100K) : Executing rule PWB.e1
2026-09-17 21:59:42 +0530: Memory Usage (453100K) : Executing rule PWB.f
2026-09-17 21:59:42 +0530: Memory Usage (453100K) : Executing rule PWB.f1
2026-09-17 21:59:42 +0530: Memory Usage (453100K) : Starting 5.3 nBuLay table
2026-09-17 21:59:42 +0530: Memory Usage (453100K) : Executing rule NBL.b
2026-09-17 21:59:42 +0530: Memory Usage (453228K) : Executing rule NBL.c
2026-09-17 21:59:42 +0530: Memory Usage (453228K) : Executing rule NBL.d
2026-09-17 21:59:42 +0530: Memory Usage (453740K) : Executing rule NBL.e
2026-09-17 21:59:42 +0530: Memory Usage (454252K) : Executing rule NBL.f
2026-09-17 21:59:42 +0530: Memory Usage (454380K) : Starting 5.5. Activ table
2026-09-17 21:59:42 +0530: Memory Usage (454380K) : Executing rule Act.a
2026-09-17 21:59:42 +0530: Memory Usage (455020K) : Executing rule Act.b
2026-09-17 21:59:42 +0530: Memory Usage (455936K) : Starting 5.6 Activ:filler table
2026-09-17 21:59:42 +0530: Memory Usage (455936K) : Executing rule AFil.c1
2026-09-17 21:59:42 +0530: Memory Usage (455936K) : Executing rule AFil.c
2026-09-17 21:59:42 +0530: Memory Usage (455936K) : Executing rule AFil.d
2026-09-17 21:59:42 +0530: Memory Usage (455936K) : Executing rule AFil.e
2026-09-17 21:59:42 +0530: Memory Usage (455936K) : Executing rule AFil.j
2026-09-17 21:59:42 +0530: Memory Usage (455936K) : Starting 5.7. ThickGateOx table
2026-09-17 21:59:42 +0530: Memory Usage (455936K) : Executing rule TGO.f
2026-09-17 21:59:42 +0530: Memory Usage (455936K) : Starting 5.8. GatPoly table
2026-09-17 21:59:42 +0530: Memory Usage (455936K) : Executing rule Gat.a
2026-09-17 21:59:42 +0530: Memory Usage (456064K) : Executing rule Gat.b
2026-09-17 21:59:42 +0530: Memory Usage (456064K) : Executing rule Gat.d
2026-09-17 21:59:42 +0530: Memory Usage (456320K) : Executing rule Gat.a1
2026-09-17 21:59:42 +0530: Memory Usage (457768K) : Executing rule Gat.a2
2026-09-17 21:59:42 +0530: Memory Usage (458408K) : Executing rule Gat.g
2026-09-17 21:59:42 +0530: Memory Usage (458408K) : Starting 5.9 GatPoly:filler
2026-09-17 21:59:42 +0530: Memory Usage (458408K) : Executing rule GFil.d
2026-09-17 21:59:42 +0530: Memory Usage (458408K) : Executing rule GFil.e
2026-09-17 21:59:42 +0530: Memory Usage (458408K) : Executing rule GFil.i
2026-09-17 21:59:42 +0530: Memory Usage (458408K) : Starting 5.10 pSD table
2026-09-17 21:59:42 +0530: Memory Usage (458408K) : Executing rule pSD.c1
2026-09-17 21:59:42 +0530: Memory Usage (462496K) : Starting 5.14. Cont table
2026-09-17 21:59:42 +0530: Memory Usage (462496K) : Executing rule Cnt.a
2026-09-17 21:59:43 +0530: Memory Usage (476320K) : Executing rule Cnt.b
2026-09-17 21:59:43 +0530: Memory Usage (477984K) : Executing rule Cnt.c
2026-09-17 21:59:43 +0530: Memory Usage (478624K) : Executing rule Cnt.c.digibnd
2026-09-17 21:59:43 +0530: Memory Usage (478624K) : Executing rule Cnt.c.SRAM
2026-09-17 21:59:43 +0530: Memory Usage (478624K) : Executing rule Cnt.d
2026-09-17 21:59:43 +0530: Memory Usage (478752K) : Executing rule Cnt.e
2026-09-17 21:59:43 +0530: Memory Usage (479648K) : Executing rule Cnt.g1
2026-09-17 21:59:44 +0530: Memory Usage (481184K) : Executing rule Cnt.g2
2026-09-17 21:59:44 +0530: Memory Usage (483228K) : Starting 5.15. ContBar table
2026-09-17 21:59:44 +0530: Memory Usage (483228K) : Executing rule CntB.a
2026-09-17 21:59:44 +0530: Memory Usage (483228K) : Executing rule CntB.a1
2026-09-17 21:59:44 +0530: Memory Usage (483228K) : Executing rule CntB.b1
2026-09-17 21:59:44 +0530: Memory Usage (483228K) : Executing rule CntB.h1
2026-09-17 21:59:44 +0530: Memory Usage (483228K) : Starting 6.1.3 NPN Substrate-Tie table
2026-09-17 21:59:44 +0530: Memory Usage (483228K) : Starting 6.7 Schottky diode table
2026-09-17 21:59:44 +0530: Memory Usage (483228K) : Executing rule Sdiod.b
2026-09-17 21:59:44 +0530: Memory Usage (483228K) : Executing rule Sdiod.c
2026-09-17 21:59:44 +0530: Memory Usage (483228K) : Executing rule Sdiod.d
2026-09-17 21:59:44 +0530: Memory Usage (483228K) : Executing rule Sdiod.e
2026-09-17 21:59:44 +0530: Memory Usage (483228K) : Starting 7.2 Latch-up table
2026-09-17 21:59:44 +0530: Memory Usage (483228K) : Executing rule LU.b
2026-09-17 21:59:45 +0530: Memory Usage (484764K) : Starting 5.16. Metal1 table
2026-09-17 21:59:45 +0530: Memory Usage (484764K) : Executing rule M1.a
2026-09-17 21:59:45 +0530: Memory Usage (484764K) : Executing rule M1.b
2026-09-17 21:59:46 +0530: Memory Usage (491420K) : Executing rule M1.e
2026-09-17 21:59:47 +0530: Memory Usage (491932K) : Executing rule M1.f
2026-09-17 21:59:47 +0530: Memory Usage (491932K) : Executing rule M1.g
2026-09-17 21:59:47 +0530: Memory Usage (495772K) : Executing rule M1.i
2026-09-17 21:59:48 +0530: Memory Usage (500124K) : Starting 5.17 Metaln table
2026-09-17 21:59:48 +0530: Memory Usage (500124K) : Executing rule M2.a
2026-09-17 21:59:48 +0530: Memory Usage (500124K) : Executing rule M2.b
2026-09-17 21:59:48 +0530: Memory Usage (503836K) : Executing rule M2.e
2026-09-17 21:59:48 +0530: Memory Usage (503836K) : Executing rule M2.f
2026-09-17 21:59:48 +0530: Memory Usage (503836K) : Executing rule M2.g
2026-09-17 21:59:48 +0530: Memory Usage (503836K) : Executing rule M2.i
2026-09-17 21:59:48 +0530: Memory Usage (504348K) : Executing rule M3.a
2026-09-17 21:59:48 +0530: Memory Usage (504348K) : Executing rule M3.b
2026-09-17 21:59:48 +0530: Memory Usage (504860K) : Executing rule M3.e
2026-09-17 21:59:48 +0530: Memory Usage (504988K) : Executing rule M3.f
2026-09-17 21:59:48 +0530: Memory Usage (504988K) : Executing rule M3.g
2026-09-17 21:59:48 +0530: Memory Usage (504988K) : Executing rule M3.i
2026-09-17 21:59:48 +0530: Memory Usage (505116K) : Executing rule M4.a
2026-09-17 21:59:48 +0530: Memory Usage (505116K) : Executing rule M4.b
2026-09-17 21:59:48 +0530: Memory Usage (505372K) : Executing rule M4.e
2026-09-17 21:59:48 +0530: Memory Usage (505372K) : Executing rule M4.f
2026-09-17 21:59:48 +0530: Memory Usage (505372K) : Executing rule M4.g
2026-09-17 21:59:48 +0530: Memory Usage (505372K) : Executing rule M4.i
2026-09-17 21:59:48 +0530: Memory Usage (505372K) : Executing rule M5.a
2026-09-17 21:59:48 +0530: Memory Usage (505372K) : Executing rule M5.b
2026-09-17 21:59:48 +0530: Memory Usage (505372K) : Executing rule M5.e
2026-09-17 21:59:48 +0530: Memory Usage (505372K) : Executing rule M5.f
2026-09-17 21:59:48 +0530: Memory Usage (505372K) : Executing rule M5.g
2026-09-17 21:59:48 +0530: Memory Usage (505372K) : Executing rule M5.i
2026-09-17 21:59:48 +0530: Memory Usage (505500K) : Starting 5.18 Metaln:filler table
2026-09-17 21:59:48 +0530: Memory Usage (505500K) : Executing rule M1Fil.c
2026-09-17 21:59:48 +0530: Memory Usage (505500K) : Executing rule M1Fil.a2
2026-09-17 21:59:48 +0530: Memory Usage (505500K) : Executing rule M2Fil.c
2026-09-17 21:59:48 +0530: Memory Usage (505500K) : Executing rule M2Fil.a2
2026-09-17 21:59:48 +0530: Memory Usage (505500K) : Executing rule M3Fil.c
2026-09-17 21:59:48 +0530: Memory Usage (505500K) : Executing rule M3Fil.a2
2026-09-17 21:59:48 +0530: Memory Usage (505500K) : Executing rule M4Fil.c
2026-09-17 21:59:48 +0530: Memory Usage (505500K) : Executing rule M4Fil.a2
2026-09-17 21:59:48 +0530: Memory Usage (505500K) : Executing rule M5Fil.c
2026-09-17 21:59:48 +0530: Memory Usage (505500K) : Executing rule M5Fil.a2
2026-09-17 21:59:48 +0530: Memory Usage (505500K) : Starting 5.19. Via1 table
2026-09-17 21:59:48 +0530: Memory Usage (505500K) : Starting 5.19. Via1 table derivations
2026-09-17 21:59:48 +0530: Memory Usage (505500K) : Executing rule V1.a
2026-09-17 21:59:48 +0530: Memory Usage (505500K) : Executing rule V1.b
2026-09-17 21:59:48 +0530: Memory Usage (505500K) : Executing rule V1.c
2026-09-17 21:59:49 +0530: Memory Usage (505500K) : Starting 5.20. Vian table
2026-09-17 21:59:49 +0530: Memory Usage (505500K) : Executing rule V2.a
2026-09-17 21:59:49 +0530: Memory Usage (505500K) : Executing rule V2.b
2026-09-17 21:59:49 +0530: Memory Usage (505368K) : Executing rule V2.c
2026-09-17 21:59:49 +0530: Memory Usage (505236K) : Executing rule V3.a
2026-09-17 21:59:49 +0530: Memory Usage (505236K) : Executing rule V3.b
2026-09-17 21:59:49 +0530: Memory Usage (505236K) : Executing rule V3.c
2026-09-17 21:59:49 +0530: Memory Usage (505236K) : Executing rule V4.a
2026-09-17 21:59:49 +0530: Memory Usage (505236K) : Executing rule V4.b
2026-09-17 21:59:49 +0530: Memory Usage (505236K) : Executing rule V4.c
2026-09-17 21:59:49 +0530: Memory Usage (505236K) : Starting 5.21. TopVia1 table
2026-09-17 21:59:49 +0530: Memory Usage (505236K) : Executing rule TV1.a
2026-09-17 21:59:49 +0530: Memory Usage (505236K) : Executing rule TV1.b
2026-09-17 21:59:49 +0530: Memory Usage (505236K) : Executing rule TV1.c
2026-09-17 21:59:49 +0530: Memory Usage (505364K) : Executing rule TV1.d
2026-09-17 21:59:49 +0530: Memory Usage (505364K) : Starting 5.22. TopMetal1 table
2026-09-17 21:59:49 +0530: Memory Usage (505364K) : Executing rule TM1.a
2026-09-17 21:59:49 +0530: Memory Usage (505364K) : Executing rule TM1.b
2026-09-17 21:59:49 +0530: Memory Usage (505492K) : Starting 5.23 TopMetal1:filler table
2026-09-17 21:59:49 +0530: Memory Usage (505492K) : Executing rule TM1Fil.c
2026-09-17 21:59:49 +0530: Memory Usage (505492K) : Executing rule TM1Fil.a1
2026-09-17 21:59:49 +0530: Memory Usage (505492K) : Starting 5.24. TopVia2 table
2026-09-17 21:59:49 +0530: Memory Usage (505492K) : Executing rule TV2.a
2026-09-17 21:59:49 +0530: Memory Usage (505492K) : Executing rule TV2.b
2026-09-17 21:59:49 +0530: Memory Usage (505360K) : Executing rule TV2.c
2026-09-17 21:59:49 +0530: Memory Usage (505616K) : Executing rule TV2.d
2026-09-17 21:59:49 +0530: Memory Usage (505484K) : Starting 5.25. TopMetal2 table
2026-09-17 21:59:49 +0530: Memory Usage (505484K) : Executing rule TM2.a
2026-09-17 21:59:49 +0530: Memory Usage (505484K) : Executing rule TM2.b
2026-09-17 21:59:49 +0530: Memory Usage (505484K) : Starting 5.26 TopMetal2:filler table
2026-09-17 21:59:49 +0530: Memory Usage (505484K) : Executing rule TM2Fil.c
2026-09-17 21:59:49 +0530: Memory Usage (505484K) : Executing rule TM2Fil.a1
2026-09-17 21:59:49 +0530: Memory Usage (505484K) : Starting 5.27. Passiv table
2026-09-17 21:59:49 +0530: Memory Usage (505484K) : Executing rule Pas.a
2026-09-17 21:59:49 +0530: Memory Usage (505484K) : Executing rule Pas.b
2026-09-17 21:59:49 +0530: Memory Usage (505484K) : Executing rule Pas.c
2026-09-17 21:59:49 +0530: Memory Usage (505484K) : Starting 6.9.2 Copper Pillar table
2026-09-17 21:59:49 +0530: Memory Usage (505484K) : Executing rule Padc.a
2026-09-17 21:59:49 +0530: Memory Usage (505484K) : Executing rule Padc.b
2026-09-17 21:59:49 +0530: Memory Usage (505484K) : Executing rule Padc.c
2026-09-17 21:59:49 +0530: Memory Usage (505484K) : Executing rule Padb.f
2026-09-17 21:59:49 +0530: Memory Usage (505484K) : Starting 6.9 Pad table
2026-09-17 21:59:49 +0530: Memory Usage (505484K) : Executing rule Pad.m
2026-09-17 21:59:49 +0530: Memory Usage (505484K) : Executing rule Pad.i
2026-09-17 21:59:49 +0530: Memory Usage (505484K) : Starting 6.9.1 Solder Bump
2026-09-17 21:59:49 +0530: Memory Usage (505484K) : Executing rule Padb.a
2026-09-17 21:59:49 +0530: Memory Usage (505484K) : Executing rule Padb.b
2026-09-17 21:59:49 +0530: Memory Usage (505484K) : Executing rule Padb.c
2026-09-17 21:59:49 +0530: Memory Usage (505484K) : Executing rule Padb.f
2026-09-17 21:59:49 +0530: Memory Usage (505484K) : Executing rule Padb.d
2026-09-17 21:59:49 +0530: Memory Usage (505484K) : Starting 6.10 Sealring table
2026-09-17 21:59:49 +0530: Memory Usage (505484K) : Executing rule Seal.l
2026-09-17 21:59:49 +0530: Memory Usage (505484K) : Executing rule Seal.n
2026-09-17 21:59:49 +0530: Memory Usage (505484K) : Executing rule seal.b_metal1
2026-09-17 21:59:49 +0530: Memory Usage (505484K) : Executing rule seal.b_metal2
2026-09-17 21:59:49 +0530: Memory Usage (505484K) : Executing rule seal.b_metal3
2026-09-17 21:59:49 +0530: Memory Usage (505484K) : Executing rule seal.b_metal4
2026-09-17 21:59:49 +0530: Memory Usage (505484K) : Executing rule seal.b_metal5
2026-09-17 21:59:49 +0530: Memory Usage (505484K) : Executing rule seal.b_topmetal1
2026-09-17 21:59:49 +0530: Memory Usage (505484K) : Executing rule seal.b_topmetal2
2026-09-17 21:59:49 +0530: Memory Usage (505484K) : Executing rule seal.b_activ
2026-09-17 21:59:49 +0530: Memory Usage (505484K) : Executing rule seal.b_psd
2026-09-17 21:59:49 +0530: Memory Usage (505484K) : Executing rule Seal.k
2026-09-17 21:59:49 +0530: Memory Usage (505484K) : Executing rule Seal.m
2026-09-17 21:59:49 +0530: Memory Usage (505484K) : Starting 6.11 MIM table
2026-09-17 21:59:49 +0530: Memory Usage (505484K) : Executing rule MIM.c
2026-09-17 21:59:49 +0530: Memory Usage (505484K) : Executing rule MIM.d
2026-09-17 21:59:49 +0530: Memory Usage (505484K) : Starting 7.3 Metal Slits table
2026-09-17 21:59:49 +0530: Memory Usage (505484K) : Executing rule Slt.e1_M1
2026-09-17 21:59:49 +0530: Memory Usage (505484K) : Executing rule Slt.e1_M2
2026-09-17 21:59:49 +0530: Memory Usage (505484K) : Executing rule Slt.e1_M3
2026-09-17 21:59:49 +0530: Memory Usage (505484K) : Executing rule Slt.e1_M4
2026-09-17 21:59:49 +0530: Memory Usage (505484K) : Executing rule Slt.e1_M5
2026-09-17 21:59:49 +0530: Memory Usage (505484K) : Executing rule Slt.e1_TM1
2026-09-17 21:59:49 +0530: Memory Usage (505484K) : Executing rule Slt.e1_TM2
2026-09-17 21:59:49 +0530: Memory Usage (505484K) : Starting 9.1. LBE table
2026-09-17 21:59:49 +0530: Memory Usage (505484K) : Executing rule LBE.a
2026-09-17 21:59:49 +0530: Memory Usage (505484K) : Executing rule LBE.b
2026-09-17 21:59:49 +0530: Memory Usage (505484K) : Executing rule LBE.b1
2026-09-17 21:59:49 +0530: Memory Usage (505484K) : Executing rule LBE.c
2026-09-17 21:59:49 +0530: Memory Usage (505484K) : Executing rule LBE.d
2026-09-17 21:59:49 +0530: Memory Usage (505484K) : Executing rule LBE.h
2026-09-17 21:59:49 +0530: Memory Usage (505484K) : Starting 7.4. PIN table
2026-09-17 21:59:49 +0530: Memory Usage (505484K) : Executing rule Pin.a
2026-09-17 21:59:49 +0530: Memory Usage (505484K) : Executing rule Pin.b
2026-09-17 21:59:49 +0530: Memory Usage (505612K) : Executing rule Pin.e
2026-09-17 21:59:49 +0530: Memory Usage (506376K) : Executing rule Pin.f_M2
2026-09-17 21:59:49 +0530: Memory Usage (506376K) : Executing rule Pin.f_M3
2026-09-17 21:59:49 +0530: Memory Usage (506376K) : Executing rule Pin.f_M4
2026-09-17 21:59:49 +0530: Memory Usage (506376K) : Executing rule Pin.f_M5
2026-09-17 21:59:49 +0530: Memory Usage (506376K) : Executing rule Pin.g
2026-09-17 21:59:49 +0530: Memory Usage (506376K) : Executing rule Pin.h
2026-09-17 21:59:49 +0530: Memory Usage (506376K) : Starting 3.1. offgrid table
2026-09-17 21:59:49 +0530: Memory Usage (506376K) : Executing rule activ_drw_Offgrid
2026-09-17 21:59:49 +0530: Memory Usage (506376K) : Executing rule activ_mask_Offgrid
2026-09-17 21:59:49 +0530: Memory Usage (506376K) : Executing rule activ_filler_Offgrid
2026-09-17 21:59:49 +0530: Memory Usage (506376K) : Executing rule activ_opc_Offgrid
2026-09-17 21:59:49 +0530: Memory Usage (506376K) : Executing rule activ_iopc_Offgrid
2026-09-17 21:59:49 +0530: Memory Usage (506376K) : Executing rule biwind_drw_Offgrid
2026-09-17 21:59:49 +0530: Memory Usage (506376K) : Executing rule biwind_opc_Offgrid
2026-09-17 21:59:49 +0530: Memory Usage (506376K) : Executing rule pemwind_drw_Offgrid
2026-09-17 21:59:49 +0530: Memory Usage (506376K) : Executing rule gatpoly_drw_Offgrid
2026-09-17 21:59:50 +0530: Memory Usage (506376K) : Executing rule gatpoly_filler_Offgrid
2026-09-17 21:59:50 +0530: Memory Usage (506376K) : Executing rule gatpoly_opc_Offgrid
2026-09-17 21:59:50 +0530: Memory Usage (506376K) : Executing rule gatpoly_iopc_Offgrid
2026-09-17 21:59:50 +0530: Memory Usage (506376K) : Executing rule gatpoly_noqrc_Offgrid
2026-09-17 21:59:50 +0530: Memory Usage (506376K) : Executing rule cont_drw_Offgrid
2026-09-17 21:59:50 +0530: Memory Usage (541960K) : Executing rule cont_opc_Offgrid
2026-09-17 21:59:50 +0530: Memory Usage (541960K) : Executing rule nsd_drw_Offgrid
2026-09-17 21:59:50 +0530: Memory Usage (541960K) : Executing rule nsd_block_Offgrid
2026-09-17 21:59:50 +0530: Memory Usage (541960K) : Executing rule metal1_drw_Offgrid
2026-09-17 21:59:50 +0530: Memory Usage (541960K) : Executing rule metal1_mask_Offgrid
2026-09-17 21:59:50 +0530: Memory Usage (541960K) : Executing rule metal1_filler_Offgrid
2026-09-17 21:59:50 +0530: Memory Usage (541960K) : Executing rule metal1_slit_Offgrid
2026-09-17 21:59:50 +0530: Memory Usage (541960K) : Executing rule metal1_opc_Offgrid
2026-09-17 21:59:50 +0530: Memory Usage (541960K) : Executing rule metal1_noqrc_Offgrid
2026-09-17 21:59:50 +0530: Memory Usage (541960K) : Executing rule metal1_res_Offgrid
2026-09-17 21:59:50 +0530: Memory Usage (541960K) : Executing rule metal1_iprobe_Offgrid
2026-09-17 21:59:50 +0530: Memory Usage (541960K) : Executing rule metal1_diffprb_Offgrid
2026-09-17 21:59:50 +0530: Memory Usage (541960K) : Executing rule passiv_drw_Offgrid
2026-09-17 21:59:50 +0530: Memory Usage (541960K) : Executing rule passiv_pillar_Offgrid
2026-09-17 21:59:50 +0530: Memory Usage (541960K) : Executing rule passiv_sbump_Offgrid
2026-09-17 21:59:50 +0530: Memory Usage (541960K) : Executing rule passiv_pdl_Offgrid
2026-09-17 21:59:50 +0530: Memory Usage (541960K) : Executing rule metal2_drw_Offgrid
2026-09-17 21:59:51 +0530: Memory Usage (541960K) : Executing rule metal2_mask_Offgrid
2026-09-17 21:59:51 +0530: Memory Usage (541960K) : Executing rule metal2_filler_Offgrid
2026-09-17 21:59:51 +0530: Memory Usage (541960K) : Executing rule metal2_slit_Offgrid
2026-09-17 21:59:51 +0530: Memory Usage (541960K) : Executing rule metal2_opc_Offgrid
2026-09-17 21:59:51 +0530: Memory Usage (541960K) : Executing rule metal2_noqrc_Offgrid
2026-09-17 21:59:51 +0530: Memory Usage (541960K) : Executing rule metal2_res_Offgrid
2026-09-17 21:59:51 +0530: Memory Usage (541960K) : Executing rule metal2_iprobe_Offgrid
2026-09-17 21:59:51 +0530: Memory Usage (541960K) : Executing rule metal2_diffprb_Offgrid
2026-09-17 21:59:51 +0530: Memory Usage (541960K) : Executing rule baspoly_drw_Offgrid
2026-09-17 21:59:51 +0530: Memory Usage (541960K) : Executing rule psd_drw_Offgrid
2026-09-17 21:59:51 +0530: Memory Usage (541960K) : Executing rule nldb_drw_Offgrid
2026-09-17 21:59:51 +0530: Memory Usage (541960K) : Executing rule via1_drw_Offgrid
2026-09-17 21:59:51 +0530: Memory Usage (541960K) : Executing rule backmetal1_drw_Offgrid
2026-09-17 21:59:51 +0530: Memory Usage (541960K) : Executing rule backmetal1_mask_Offgrid
2026-09-17 21:59:51 +0530: Memory Usage (541960K) : Executing rule backmetal1_filler_Offgrid
2026-09-17 21:59:51 +0530: Memory Usage (541960K) : Executing rule backmetal1_slit_Offgrid
2026-09-17 21:59:51 +0530: Memory Usage (541960K) : Executing rule backmetal1_opc_Offgrid
2026-09-17 21:59:51 +0530: Memory Usage (541960K) : Executing rule backmetal1_noqrc_Offgrid
2026-09-17 21:59:51 +0530: Memory Usage (541960K) : Executing rule backmetal1_res_Offgrid
2026-09-17 21:59:51 +0530: Memory Usage (541960K) : Executing rule backmetal1_iprobe_Offgrid
2026-09-17 21:59:51 +0530: Memory Usage (541960K) : Executing rule backmetal1_diffprb_Offgrid
2026-09-17 21:59:51 +0530: Memory Usage (541960K) : Executing rule backpassiv_drw_Offgrid
2026-09-17 21:59:51 +0530: Memory Usage (541960K) : Executing rule salblock_drw_Offgrid
2026-09-17 21:59:51 +0530: Memory Usage (541960K) : Executing rule via2_drw_Offgrid
2026-09-17 21:59:51 +0530: Memory Usage (541960K) : Executing rule metal3_drw_Offgrid
2026-09-17 21:59:51 +0530: Memory Usage (541960K) : Executing rule metal3_mask_Offgrid
2026-09-17 21:59:51 +0530: Memory Usage (541960K) : Executing rule metal3_filler_Offgrid
2026-09-17 21:59:51 +0530: Memory Usage (541960K) : Executing rule metal3_slit_Offgrid
2026-09-17 21:59:51 +0530: Memory Usage (541960K) : Executing rule metal3_opc_Offgrid
2026-09-17 21:59:51 +0530: Memory Usage (541960K) : Executing rule metal3_noqrc_Offgrid
2026-09-17 21:59:51 +0530: Memory Usage (541960K) : Executing rule metal3_res_Offgrid
2026-09-17 21:59:51 +0530: Memory Usage (541960K) : Executing rule metal3_iprobe_Offgrid
2026-09-17 21:59:51 +0530: Memory Usage (541960K) : Executing rule metal3_diffprb_Offgrid
2026-09-17 21:59:51 +0530: Memory Usage (541960K) : Executing rule nwell_drw_Offgrid
2026-09-17 21:59:51 +0530: Memory Usage (541960K) : Executing rule nbulay_drw_Offgrid
2026-09-17 21:59:51 +0530: Memory Usage (541960K) : Executing rule nbulay_block_Offgrid
2026-09-17 21:59:51 +0530: Memory Usage (541960K) : Executing rule pwell_drw_Offgrid
2026-09-17 21:59:51 +0530: Memory Usage (541960K) : Executing rule pwell_block_Offgrid
2026-09-17 21:59:51 +0530: Memory Usage (541960K) : Executing rule emwind_drw_Offgrid
2026-09-17 21:59:51 +0530: Memory Usage (541960K) : Executing rule emwind_opc_Offgrid
2026-09-17 21:59:51 +0530: Memory Usage (541960K) : Executing rule deepco_drw_Offgrid
2026-09-17 21:59:51 +0530: Memory Usage (541960K) : Executing rule mim_drw_Offgrid
2026-09-17 21:59:51 +0530: Memory Usage (541960K) : Executing rule substrate_drw_Offgrid
2026-09-17 21:59:51 +0530: Memory Usage (541960K) : Executing rule ic_drw_Offgrid
2026-09-17 21:59:51 +0530: Memory Usage (541960K) : Executing rule via3_drw_Offgrid
2026-09-17 21:59:52 +0530: Memory Usage (541960K) : Executing rule pldb_drw_Offgrid
2026-09-17 21:59:52 +0530: Memory Usage (541960K) : Executing rule metal4_drw_Offgrid
2026-09-17 21:59:52 +0530: Memory Usage (541960K) : Executing rule metal4_mask_Offgrid
2026-09-17 21:59:52 +0530: Memory Usage (541960K) : Executing rule metal4_filler_Offgrid
2026-09-17 21:59:52 +0530: Memory Usage (541960K) : Executing rule metal4_slit_Offgrid
2026-09-17 21:59:52 +0530: Memory Usage (541960K) : Executing rule metal4_opc_Offgrid
2026-09-17 21:59:52 +0530: Memory Usage (541960K) : Executing rule metal4_noqrc_Offgrid
2026-09-17 21:59:52 +0530: Memory Usage (541960K) : Executing rule metal4_res_Offgrid
2026-09-17 21:59:52 +0530: Memory Usage (541960K) : Executing rule metal4_iprobe_Offgrid
2026-09-17 21:59:52 +0530: Memory Usage (541960K) : Executing rule metal4_diffprb_Offgrid
2026-09-17 21:59:52 +0530: Memory Usage (541960K) : Executing rule via4_drw_Offgrid
2026-09-17 21:59:52 +0530: Memory Usage (541960K) : Executing rule metal5_drw_Offgrid
2026-09-17 21:59:52 +0530: Memory Usage (541960K) : Executing rule metal5_mask_Offgrid
2026-09-17 21:59:52 +0530: Memory Usage (541960K) : Executing rule metal5_filler_Offgrid
2026-09-17 21:59:52 +0530: Memory Usage (541960K) : Executing rule metal5_slit_Offgrid
2026-09-17 21:59:52 +0530: Memory Usage (541960K) : Executing rule metal5_opc_Offgrid
2026-09-17 21:59:52 +0530: Memory Usage (541960K) : Executing rule metal5_noqrc_Offgrid
2026-09-17 21:59:52 +0530: Memory Usage (541960K) : Executing rule metal5_res_Offgrid
2026-09-17 21:59:52 +0530: Memory Usage (541960K) : Executing rule metal5_iprobe_Offgrid
2026-09-17 21:59:52 +0530: Memory Usage (541960K) : Executing rule metal5_diffprb_Offgrid
2026-09-17 21:59:52 +0530: Memory Usage (541960K) : Executing rule prboundary_drw_Offgrid
2026-09-17 21:59:52 +0530: Memory Usage (541960K) : Executing rule exchange0_drw_Offgrid
2026-09-17 21:59:52 +0530: Memory Usage (541960K) : Executing rule exchange1_drw_Offgrid
2026-09-17 21:59:52 +0530: Memory Usage (541960K) : Executing rule exchange2_drw_Offgrid
2026-09-17 21:59:52 +0530: Memory Usage (541960K) : Executing rule exchange3_drw_Offgrid
2026-09-17 21:59:52 +0530: Memory Usage (541960K) : Executing rule exchange4_drw_Offgrid
2026-09-17 21:59:52 +0530: Memory Usage (541960K) : Executing rule isonwell_drw_Offgrid
2026-09-17 21:59:52 +0530: Memory Usage (541960K) : Executing rule thickgateox_drw_Offgrid
2026-09-17 21:59:52 +0530: Memory Usage (541960K) : Executing rule pempoly_drw_Offgrid
2026-09-17 21:59:52 +0530: Memory Usage (541960K) : Executing rule fbe_drw_Offgrid
2026-09-17 21:59:52 +0530: Memory Usage (541960K) : Executing rule empoly_drw_Offgrid
2026-09-17 21:59:52 +0530: Memory Usage (541960K) : Executing rule ldmos_drw_Offgrid
2026-09-17 21:59:52 +0530: Memory Usage (541960K) : Executing rule pbiwind_drw_Offgrid
2026-09-17 21:59:52 +0530: Memory Usage (541960K) : Executing rule colopen_drw_Offgrid
2026-09-17 21:59:52 +0530: Memory Usage (541960K) : Executing rule extblock_drw_Offgrid
2026-09-17 21:59:52 +0530: Memory Usage (541960K) : Executing rule nldd_drw_Offgrid
2026-09-17 21:59:52 +0530: Memory Usage (541960K) : Executing rule pldd_drw_Offgrid
2026-09-17 21:59:52 +0530: Memory Usage (541960K) : Executing rule next_drw_Offgrid
2026-09-17 21:59:52 +0530: Memory Usage (541960K) : Executing rule pext_drw_Offgrid
2026-09-17 21:59:52 +0530: Memory Usage (541960K) : Executing rule nexthv_drw_Offgrid
2026-09-17 21:59:52 +0530: Memory Usage (541960K) : Executing rule pexthv_drw_Offgrid
2026-09-17 21:59:52 +0530: Memory Usage (541960K) : Executing rule graphgate_drw_Offgrid
2026-09-17 21:59:52 +0530: Memory Usage (541960K) : Executing rule mempad_drw_Offgrid
2026-09-17 21:59:52 +0530: Memory Usage (541960K) : Executing rule topvia1_drw_Offgrid
2026-09-17 21:59:52 +0530: Memory Usage (541960K) : Executing rule topmetal1_drw_Offgrid
2026-09-17 21:59:52 +0530: Memory Usage (541960K) : Executing rule topmetal1_mask_Offgrid
2026-09-17 21:59:52 +0530: Memory Usage (541960K) : Executing rule topmetal1_filler_Offgrid
2026-09-17 21:59:52 +0530: Memory Usage (541960K) : Executing rule topmetal1_slit_Offgrid
2026-09-17 21:59:52 +0530: Memory Usage (541960K) : Executing rule topmetal1_noqrc_Offgrid
2026-09-17 21:59:52 +0530: Memory Usage (541960K) : Executing rule topmetal1_res_Offgrid
2026-09-17 21:59:52 +0530: Memory Usage (541960K) : Executing rule topmetal1_iprobe_Offgrid
2026-09-17 21:59:52 +0530: Memory Usage (541960K) : Executing rule topmetal1_diffprb_Offgrid
2026-09-17 21:59:52 +0530: Memory Usage (541960K) : Executing rule inldpwl_drw_Offgrid
2026-09-17 21:59:52 +0530: Memory Usage (541960K) : Executing rule polyres_drw_Offgrid
2026-09-17 21:59:52 +0530: Memory Usage (541960K) : Executing rule vmim_drw_Offgrid
2026-09-17 21:59:52 +0530: Memory Usage (541960K) : Executing rule nbulaycut_drw_Offgrid
2026-09-17 21:59:52 +0530: Memory Usage (541960K) : Executing rule antmetal1_drw_Offgrid
2026-09-17 21:59:53 +0530: Memory Usage (541960K) : Executing rule topvia2_drw_Offgrid
2026-09-17 21:59:53 +0530: Memory Usage (541960K) : Executing rule topmetal2_drw_Offgrid
2026-09-17 21:59:53 +0530: Memory Usage (541960K) : Executing rule topmetal2_mask_Offgrid
2026-09-17 21:59:53 +0530: Memory Usage (541960K) : Executing rule topmetal2_filler_Offgrid
2026-09-17 21:59:53 +0530: Memory Usage (541960K) : Executing rule topmetal2_slit_Offgrid
2026-09-17 21:59:53 +0530: Memory Usage (541960K) : Executing rule topmetal2_noqrc_Offgrid
2026-09-17 21:59:53 +0530: Memory Usage (541960K) : Executing rule topmetal2_res_Offgrid
2026-09-17 21:59:53 +0530: Memory Usage (541960K) : Executing rule topmetal2_iprobe_Offgrid
2026-09-17 21:59:53 +0530: Memory Usage (541960K) : Executing rule topmetal2_diffprb_Offgrid
2026-09-17 21:59:53 +0530: Memory Usage (541960K) : Executing rule snsring_drw_Offgrid
2026-09-17 21:59:53 +0530: Memory Usage (541960K) : Executing rule sensor_drw_Offgrid
2026-09-17 21:59:53 +0530: Memory Usage (541960K) : Executing rule snsarms_drw_Offgrid
2026-09-17 21:59:53 +0530: Memory Usage (541960K) : Executing rule snscmosvia_drw_Offgrid
2026-09-17 21:59:53 +0530: Memory Usage (541960K) : Executing rule colwind_drw_Offgrid
2026-09-17 21:59:53 +0530: Memory Usage (541960K) : Executing rule flm_drw_Offgrid
2026-09-17 21:59:53 +0530: Memory Usage (541960K) : Executing rule hafniumox_drw_Offgrid
2026-09-17 21:59:53 +0530: Memory Usage (541960K) : Executing rule memvia_drw_Offgrid
2026-09-17 21:59:53 +0530: Memory Usage (541960K) : Executing rule thinfilmres_drw_Offgrid
2026-09-17 21:59:53 +0530: Memory Usage (541960K) : Executing rule rfmem_drw_Offgrid
2026-09-17 21:59:53 +0530: Memory Usage (541960K) : Executing rule snsbotvia_drw_Offgrid
2026-09-17 21:59:53 +0530: Memory Usage (541960K) : Executing rule snstopvia_drw_Offgrid
2026-09-17 21:59:53 +0530: Memory Usage (541960K) : Executing rule deepvia_drw_Offgrid
2026-09-17 21:59:53 +0530: Memory Usage (541960K) : Executing rule fgetch_drw_Offgrid
2026-09-17 21:59:53 +0530: Memory Usage (541960K) : Executing rule ctrgat_drw_Offgrid
2026-09-17 21:59:53 +0530: Memory Usage (541960K) : Executing rule fgimp_drw_Offgrid
2026-09-17 21:59:53 +0530: Memory Usage (541960K) : Executing rule emwihv_drw_Offgrid
2026-09-17 21:59:53 +0530: Memory Usage (541960K) : Executing rule lbe_drw_Offgrid
2026-09-17 21:59:53 +0530: Memory Usage (541960K) : Executing rule alcustop_drw_Offgrid
2026-09-17 21:59:53 +0530: Memory Usage (541960K) : Starting 3.2. angle table
2026-09-17 21:59:53 +0530: Memory Usage (541960K) : Executing rule activ_drw_Acute
2026-09-17 21:59:53 +0530: Memory Usage (541960K) : Executing rule activ_pin_Acute
2026-09-17 21:59:53 +0530: Memory Usage (541960K) : Executing rule activ_mask_Acute
2026-09-17 21:59:53 +0530: Memory Usage (541960K) : Executing rule activ_filler_Acute
2026-09-17 21:59:53 +0530: Memory Usage (541960K) : Executing rule activ_nofill_Acute
2026-09-17 21:59:53 +0530: Memory Usage (541960K) : Executing rule activ_opc_Acute
2026-09-17 21:59:53 +0530: Memory Usage (541960K) : Executing rule activ_iopc_Acute
2026-09-17 21:59:53 +0530: Memory Usage (541960K) : Executing rule activ_noqrc_Acute
2026-09-17 21:59:53 +0530: Memory Usage (541960K) : Executing rule biwind_drw_Acute
2026-09-17 21:59:53 +0530: Memory Usage (541960K) : Executing rule biwind_opc_Acute
2026-09-17 21:59:53 +0530: Memory Usage (541960K) : Executing rule pemwind_drw_Acute
2026-09-17 21:59:53 +0530: Memory Usage (541960K) : Executing rule gatpoly_drw_Acute
2026-09-17 21:59:53 +0530: Memory Usage (541960K) : Executing rule gatpoly_pin_Acute
2026-09-17 21:59:53 +0530: Memory Usage (541960K) : Executing rule gatpoly_filler_Acute
2026-09-17 21:59:53 +0530: Memory Usage (541960K) : Executing rule gatpoly_nofill_Acute
2026-09-17 21:59:53 +0530: Memory Usage (541960K) : Executing rule gatpoly_opc_Acute
2026-09-17 21:59:53 +0530: Memory Usage (541960K) : Executing rule gatpoly_iopc_Acute
2026-09-17 21:59:53 +0530: Memory Usage (541960K) : Executing rule gatpoly_noqrc_Acute
2026-09-17 21:59:53 +0530: Memory Usage (541960K) : Executing rule cont_drw_Acute
2026-09-17 21:59:54 +0530: Memory Usage (541960K) : Executing rule cont_opc_Acute
2026-09-17 21:59:54 +0530: Memory Usage (541960K) : Executing rule nsd_drw_Acute
2026-09-17 21:59:54 +0530: Memory Usage (541960K) : Executing rule nsd_block_Acute
2026-09-17 21:59:54 +0530: Memory Usage (541960K) : Executing rule metal1_drw_Acute
2026-09-17 21:59:54 +0530: Memory Usage (541960K) : Executing rule metal1_pin_Acute
2026-09-17 21:59:54 +0530: Memory Usage (541960K) : Executing rule metal1_mask_Acute
2026-09-17 21:59:54 +0530: Memory Usage (541960K) : Executing rule metal1_filler_Acute
2026-09-17 21:59:54 +0530: Memory Usage (541960K) : Executing rule metal1_nofill_Acute
2026-09-17 21:59:54 +0530: Memory Usage (541960K) : Executing rule metal1_slit_Acute
2026-09-17 21:59:54 +0530: Memory Usage (541960K) : Executing rule metal1_opc_Acute
2026-09-17 21:59:54 +0530: Memory Usage (541960K) : Executing rule metal1_noqrc_Acute
2026-09-17 21:59:54 +0530: Memory Usage (541960K) : Executing rule metal1_res_Acute
2026-09-17 21:59:54 +0530: Memory Usage (541960K) : Executing rule metal1_iprobe_Acute
2026-09-17 21:59:54 +0530: Memory Usage (541960K) : Executing rule metal1_diffprb_Acute
2026-09-17 21:59:54 +0530: Memory Usage (541960K) : Executing rule passiv_drw_Acute
2026-09-17 21:59:54 +0530: Memory Usage (541960K) : Executing rule passiv_pin_Acute
2026-09-17 21:59:55 +0530: Memory Usage (541960K) : Executing rule passiv_pillar_Acute
2026-09-17 21:59:55 +0530: Memory Usage (541960K) : Executing rule passiv_sbump_Acute
2026-09-17 21:59:55 +0530: Memory Usage (541960K) : Executing rule passiv_pdl_Acute
2026-09-17 21:59:55 +0530: Memory Usage (541960K) : Executing rule metal2_drw_Acute
2026-09-17 21:59:55 +0530: Memory Usage (541960K) : Executing rule metal2_pin_Acute
2026-09-17 21:59:55 +0530: Memory Usage (541960K) : Executing rule metal2_mask_Acute
2026-09-17 21:59:55 +0530: Memory Usage (541960K) : Executing rule metal2_filler_Acute
2026-09-17 21:59:55 +0530: Memory Usage (541960K) : Executing rule metal2_nofill_Acute
2026-09-17 21:59:55 +0530: Memory Usage (541960K) : Executing rule metal2_slit_Acute
2026-09-17 21:59:55 +0530: Memory Usage (541960K) : Executing rule metal2_opc_Acute
2026-09-17 21:59:55 +0530: Memory Usage (541960K) : Executing rule metal2_noqrc_Acute
2026-09-17 21:59:55 +0530: Memory Usage (541960K) : Executing rule metal2_res_Acute
2026-09-17 21:59:55 +0530: Memory Usage (541960K) : Executing rule metal2_iprobe_Acute
2026-09-17 21:59:55 +0530: Memory Usage (541960K) : Executing rule metal2_diffprb_Acute
2026-09-17 21:59:55 +0530: Memory Usage (541960K) : Executing rule baspoly_drw_Acute
2026-09-17 21:59:55 +0530: Memory Usage (541960K) : Executing rule baspoly_pin_Acute
2026-09-17 21:59:55 +0530: Memory Usage (541960K) : Executing rule psd_drw_Acute
2026-09-17 21:59:55 +0530: Memory Usage (541960K) : Executing rule nldb_drw_Acute
2026-09-17 21:59:55 +0530: Memory Usage (541960K) : Executing rule via1_drw_Acute
2026-09-17 21:59:55 +0530: Memory Usage (541960K) : Executing rule backmetal1_drw_Acute
2026-09-17 21:59:55 +0530: Memory Usage (541960K) : Executing rule backmetal1_pin_Acute
2026-09-17 21:59:55 +0530: Memory Usage (541960K) : Executing rule backmetal1_mask_Acute
2026-09-17 21:59:55 +0530: Memory Usage (541960K) : Executing rule backmetal1_filler_Acute
2026-09-17 21:59:55 +0530: Memory Usage (541960K) : Executing rule backmetal1_nofill_Acute
2026-09-17 21:59:55 +0530: Memory Usage (541960K) : Executing rule backmetal1_slit_Acute
2026-09-17 21:59:55 +0530: Memory Usage (541960K) : Executing rule backmetal1_opc_Acute
2026-09-17 21:59:55 +0530: Memory Usage (541960K) : Executing rule backmetal1_noqrc_Acute
2026-09-17 21:59:55 +0530: Memory Usage (541960K) : Executing rule backmetal1_res_Acute
2026-09-17 21:59:55 +0530: Memory Usage (541960K) : Executing rule backmetal1_iprobe_Acute
2026-09-17 21:59:55 +0530: Memory Usage (541960K) : Executing rule backmetal1_diffprb_Acute
2026-09-17 21:59:55 +0530: Memory Usage (541960K) : Executing rule backpassiv_drw_Acute
2026-09-17 21:59:55 +0530: Memory Usage (541960K) : Executing rule salblock_drw_Acute
2026-09-17 21:59:55 +0530: Memory Usage (541960K) : Executing rule via2_drw_Acute
2026-09-17 21:59:55 +0530: Memory Usage (541960K) : Executing rule metal3_drw_Acute
2026-09-17 21:59:55 +0530: Memory Usage (541960K) : Executing rule metal3_pin_Acute
2026-09-17 21:59:55 +0530: Memory Usage (541960K) : Executing rule metal3_mask_Acute
2026-09-17 21:59:55 +0530: Memory Usage (541960K) : Executing rule metal3_filler_Acute
2026-09-17 21:59:55 +0530: Memory Usage (541960K) : Executing rule metal3_nofill_Acute
2026-09-17 21:59:55 +0530: Memory Usage (541960K) : Executing rule metal3_slit_Acute
2026-09-17 21:59:55 +0530: Memory Usage (541960K) : Executing rule metal3_opc_Acute
2026-09-17 21:59:55 +0530: Memory Usage (541960K) : Executing rule metal3_noqrc_Acute
2026-09-17 21:59:55 +0530: Memory Usage (541960K) : Executing rule metal3_res_Acute
2026-09-17 21:59:55 +0530: Memory Usage (541960K) : Executing rule metal3_iprobe_Acute
2026-09-17 21:59:55 +0530: Memory Usage (541960K) : Executing rule metal3_diffprb_Acute
2026-09-17 21:59:55 +0530: Memory Usage (541960K) : Executing rule nwell_drw_Acute
2026-09-17 21:59:55 +0530: Memory Usage (541960K) : Executing rule nwell_pin_Acute
2026-09-17 21:59:55 +0530: Memory Usage (541960K) : Executing rule nbulay_drw_Acute
2026-09-17 21:59:55 +0530: Memory Usage (541960K) : Executing rule nbulay_pin_Acute
2026-09-17 21:59:55 +0530: Memory Usage (541960K) : Executing rule nbulay_block_Acute
2026-09-17 21:59:55 +0530: Memory Usage (541960K) : Executing rule pwell_drw_Acute
2026-09-17 21:59:56 +0530: Memory Usage (541960K) : Executing rule pwell_pin_Acute
2026-09-17 21:59:56 +0530: Memory Usage (541960K) : Executing rule pwell_block_Acute
2026-09-17 21:59:56 +0530: Memory Usage (541960K) : Executing rule emwind_drw_Acute
2026-09-17 21:59:56 +0530: Memory Usage (541960K) : Executing rule emwind_opc_Acute
2026-09-17 21:59:56 +0530: Memory Usage (541960K) : Executing rule deepco_drw_Acute
2026-09-17 21:59:56 +0530: Memory Usage (541960K) : Executing rule mim_drw_Acute
2026-09-17 21:59:56 +0530: Memory Usage (541960K) : Executing rule substrate_drw_Acute
2026-09-17 21:59:56 +0530: Memory Usage (541960K) : Executing rule ic_drw_Acute
2026-09-17 21:59:56 +0530: Memory Usage (541960K) : Executing rule via3_drw_Acute
2026-09-17 21:59:56 +0530: Memory Usage (541960K) : Executing rule pldb_drw_Acute
2026-09-17 21:59:56 +0530: Memory Usage (541960K) : Executing rule metal4_drw_Acute
2026-09-17 21:59:56 +0530: Memory Usage (541960K) : Executing rule metal4_pin_Acute
2026-09-17 21:59:56 +0530: Memory Usage (541960K) : Executing rule metal4_mask_Acute
2026-09-17 21:59:56 +0530: Memory Usage (541960K) : Executing rule metal4_filler_Acute
2026-09-17 21:59:56 +0530: Memory Usage (541960K) : Executing rule metal4_nofill_Acute
2026-09-17 21:59:56 +0530: Memory Usage (542088K) : Executing rule metal4_slit_Acute
2026-09-17 21:59:56 +0530: Memory Usage (542088K) : Executing rule metal4_opc_Acute
2026-09-17 21:59:56 +0530: Memory Usage (542088K) : Executing rule metal4_noqrc_Acute
2026-09-17 21:59:56 +0530: Memory Usage (542088K) : Executing rule metal4_res_Acute
2026-09-17 21:59:56 +0530: Memory Usage (542088K) : Executing rule metal4_iprobe_Acute
2026-09-17 21:59:56 +0530: Memory Usage (542088K) : Executing rule metal4_diffprb_Acute
2026-09-17 21:59:56 +0530: Memory Usage (542088K) : Executing rule via4_drw_Acute
2026-09-17 21:59:56 +0530: Memory Usage (542088K) : Executing rule metal5_drw_Acute
2026-09-17 21:59:56 +0530: Memory Usage (542088K) : Executing rule metal5_pin_Acute
2026-09-17 21:59:56 +0530: Memory Usage (542088K) : Executing rule metal5_mask_Acute
2026-09-17 21:59:56 +0530: Memory Usage (542088K) : Executing rule metal5_filler_Acute
2026-09-17 21:59:56 +0530: Memory Usage (542088K) : Executing rule metal5_nofill_Acute
2026-09-17 21:59:56 +0530: Memory Usage (542088K) : Executing rule metal5_slit_Acute
2026-09-17 21:59:56 +0530: Memory Usage (542088K) : Executing rule metal5_opc_Acute
2026-09-17 21:59:56 +0530: Memory Usage (542088K) : Executing rule metal5_noqrc_Acute
2026-09-17 21:59:56 +0530: Memory Usage (542088K) : Executing rule metal5_res_Acute
2026-09-17 21:59:56 +0530: Memory Usage (542088K) : Executing rule metal5_iprobe_Acute
2026-09-17 21:59:56 +0530: Memory Usage (542088K) : Executing rule metal5_diffprb_Acute
2026-09-17 21:59:56 +0530: Memory Usage (542088K) : Executing rule prboundary_drw_Acute
2026-09-17 21:59:56 +0530: Memory Usage (542088K) : Executing rule exchange0_drw_Acute
2026-09-17 21:59:56 +0530: Memory Usage (542088K) : Executing rule exchange0_pin_Acute
2026-09-17 21:59:56 +0530: Memory Usage (542088K) : Executing rule exchange1_drw_Acute
2026-09-17 21:59:56 +0530: Memory Usage (542088K) : Executing rule exchange1_pin_Acute
2026-09-17 21:59:56 +0530: Memory Usage (542088K) : Executing rule exchange2_drw_Acute
2026-09-17 21:59:56 +0530: Memory Usage (542088K) : Executing rule exchange2_pin_Acute
2026-09-17 21:59:56 +0530: Memory Usage (542088K) : Executing rule exchange3_drw_Acute
2026-09-17 21:59:56 +0530: Memory Usage (542088K) : Executing rule exchange3_pin_Acute
2026-09-17 21:59:56 +0530: Memory Usage (542088K) : Executing rule exchange4_drw_Acute
2026-09-17 21:59:56 +0530: Memory Usage (542088K) : Executing rule exchange4_pin_Acute
2026-09-17 21:59:56 +0530: Memory Usage (542088K) : Executing rule isonwell_drw_Acute
2026-09-17 21:59:56 +0530: Memory Usage (542088K) : Executing rule thickgateox_drw_Acute
2026-09-17 21:59:56 +0530: Memory Usage (542088K) : Executing rule pempoly_drw_Acute
2026-09-17 21:59:56 +0530: Memory Usage (542088K) : Executing rule fbe_drw_Acute
2026-09-17 21:59:56 +0530: Memory Usage (542088K) : Executing rule empoly_drw_Acute
2026-09-17 21:59:56 +0530: Memory Usage (542088K) : Executing rule ldmos_drw_Acute
2026-09-17 21:59:56 +0530: Memory Usage (542088K) : Executing rule pbiwind_drw_Acute
2026-09-17 21:59:56 +0530: Memory Usage (542088K) : Executing rule colopen_drw_Acute
2026-09-17 21:59:56 +0530: Memory Usage (542088K) : Executing rule extblock_drw_Acute
2026-09-17 21:59:56 +0530: Memory Usage (542088K) : Executing rule nldd_drw_Acute
2026-09-17 21:59:56 +0530: Memory Usage (542088K) : Executing rule pldd_drw_Acute
2026-09-17 21:59:56 +0530: Memory Usage (542088K) : Executing rule next_drw_Acute
2026-09-17 21:59:56 +0530: Memory Usage (542088K) : Executing rule pext_drw_Acute
2026-09-17 21:59:56 +0530: Memory Usage (542088K) : Executing rule nexthv_drw_Acute
2026-09-17 21:59:56 +0530: Memory Usage (542088K) : Executing rule pexthv_drw_Acute
2026-09-17 21:59:57 +0530: Memory Usage (542088K) : Executing rule graphgate_drw_Acute
2026-09-17 21:59:57 +0530: Memory Usage (542088K) : Executing rule mempad_drw_Acute
2026-09-17 21:59:57 +0530: Memory Usage (542088K) : Executing rule topvia1_drw_Acute
2026-09-17 21:59:57 +0530: Memory Usage (542088K) : Executing rule topmetal1_drw_Acute
2026-09-17 21:59:57 +0530: Memory Usage (542088K) : Executing rule topmetal1_pin_Acute
2026-09-17 21:59:57 +0530: Memory Usage (542088K) : Executing rule topmetal1_mask_Acute
2026-09-17 21:59:57 +0530: Memory Usage (542088K) : Executing rule topmetal1_filler_Acute
2026-09-17 21:59:57 +0530: Memory Usage (542088K) : Executing rule topmetal1_nofill_Acute
2026-09-17 21:59:57 +0530: Memory Usage (542088K) : Executing rule topmetal1_slit_Acute
2026-09-17 21:59:57 +0530: Memory Usage (542088K) : Executing rule topmetal1_noqrc_Acute
2026-09-17 21:59:57 +0530: Memory Usage (542088K) : Executing rule topmetal1_res_Acute
2026-09-17 21:59:57 +0530: Memory Usage (542088K) : Executing rule topmetal1_iprobe_Acute
2026-09-17 21:59:57 +0530: Memory Usage (542088K) : Executing rule topmetal1_diffprb_Acute
2026-09-17 21:59:57 +0530: Memory Usage (542088K) : Executing rule inldpwl_drw_Acute
2026-09-17 21:59:57 +0530: Memory Usage (542088K) : Executing rule polyres_drw_Acute
2026-09-17 21:59:57 +0530: Memory Usage (542088K) : Executing rule polyres_pin_Acute
2026-09-17 21:59:57 +0530: Memory Usage (542088K) : Executing rule vmim_drw_Acute
2026-09-17 21:59:57 +0530: Memory Usage (542088K) : Executing rule nbulaycut_drw_Acute
2026-09-17 21:59:57 +0530: Memory Usage (542088K) : Executing rule antmetal1_drw_Acute
2026-09-17 21:59:57 +0530: Memory Usage (542088K) : Executing rule topvia2_drw_Acute
2026-09-17 21:59:57 +0530: Memory Usage (542088K) : Executing rule topmetal2_drw_Acute
2026-09-17 21:59:57 +0530: Memory Usage (542088K) : Executing rule topmetal2_pin_Acute
2026-09-17 21:59:57 +0530: Memory Usage (542088K) : Executing rule topmetal2_mask_Acute
2026-09-17 21:59:57 +0530: Memory Usage (542088K) : Executing rule topmetal2_filler_Acute
2026-09-17 21:59:57 +0530: Memory Usage (542088K) : Executing rule topmetal2_nofill_Acute
2026-09-17 21:59:57 +0530: Memory Usage (542088K) : Executing rule topmetal2_slit_Acute
2026-09-17 21:59:57 +0530: Memory Usage (542088K) : Executing rule topmetal2_noqrc_Acute
2026-09-17 21:59:57 +0530: Memory Usage (542088K) : Executing rule topmetal2_res_Acute
2026-09-17 21:59:57 +0530: Memory Usage (542088K) : Executing rule topmetal2_iprobe_Acute
2026-09-17 21:59:57 +0530: Memory Usage (542088K) : Executing rule topmetal2_diffprb_Acute
2026-09-17 21:59:57 +0530: Memory Usage (542088K) : Executing rule snsring_drw_Acute
2026-09-17 21:59:57 +0530: Memory Usage (542088K) : Executing rule sensor_drw_Acute
2026-09-17 21:59:57 +0530: Memory Usage (542088K) : Executing rule snsarms_drw_Acute
2026-09-17 21:59:57 +0530: Memory Usage (542088K) : Executing rule snscmosvia_drw_Acute
2026-09-17 21:59:57 +0530: Memory Usage (542088K) : Executing rule colwind_drw_Acute
2026-09-17 21:59:57 +0530: Memory Usage (542088K) : Executing rule flm_drw_Acute
2026-09-17 21:59:57 +0530: Memory Usage (542088K) : Executing rule hafniumox_drw_Acute
2026-09-17 21:59:57 +0530: Memory Usage (542088K) : Executing rule memvia_drw_Acute
2026-09-17 21:59:57 +0530: Memory Usage (542088K) : Executing rule thinfilmres_drw_Acute
2026-09-17 21:59:57 +0530: Memory Usage (542088K) : Executing rule rfmem_drw_Acute
2026-09-17 21:59:57 +0530: Memory Usage (542088K) : Executing rule snsbotvia_drw_Acute
2026-09-17 21:59:57 +0530: Memory Usage (542088K) : Executing rule snstopvia_drw_Acute
2026-09-17 21:59:57 +0530: Memory Usage (542088K) : Executing rule deepvia_drw_Acute
2026-09-17 21:59:57 +0530: Memory Usage (542088K) : Executing rule fgetch_drw_Acute
2026-09-17 21:59:57 +0530: Memory Usage (542088K) : Executing rule ctrgat_drw_Acute
2026-09-17 21:59:57 +0530: Memory Usage (542088K) : Executing rule fgimp_drw_Acute
2026-09-17 21:59:57 +0530: Memory Usage (542088K) : Executing rule emwihv_drw_Acute
2026-09-17 21:59:57 +0530: Memory Usage (542088K) : Executing rule lbe_drw_Acute
2026-09-17 21:59:57 +0530: Memory Usage (542088K) : Executing rule alcustop_drw_Acute
2026-09-17 21:59:57 +0530: Memory Usage (542088K) : Executing rule cont_drw_Angle90
2026-09-17 21:59:58 +0530: Memory Usage (549128K) : Executing rule via1_drw_Angle90
2026-09-17 21:59:58 +0530: Memory Usage (549256K) : Executing rule via2_drw_Angle90
2026-09-17 21:59:58 +0530: Memory Usage (549256K) : Executing rule via3_drw_Angle90
2026-09-17 21:59:58 +0530: Memory Usage (549384K) : Executing rule via4_drw_Angle90
2026-09-17 21:59:59 +0530: Memory Usage (549384K) : Executing rule vmim_drw_Angle90
2026-09-17 21:59:59 +0530: Memory Usage (549384K) : Executing rule topvia1_drw_Angle90
2026-09-17 21:59:59 +0530: Memory Usage (549512K) : Executing rule topvia2_drw_Angle90
2026-09-17 21:59:59 +0530: Memory Usage (549640K) : Executing rule gatpoly_drw_Angle45
2026-09-17 21:59:59 +0530: Memory Usage (549640K) : Executing rule activ_drw_Angle45
2026-09-17 21:59:59 +0530: Memory Usage (549768K) : Executing rule metal1_drw_Angle45
2026-09-17 22:00:00 +0530: Memory Usage (554240K) : Executing rule metal2_drw_Angle45
2026-09-17 22:00:01 +0530: Memory Usage (558244K) : Executing rule metal3_drw_Angle45
2026-09-17 22:00:01 +0530: Memory Usage (560804K) : Executing rule metal4_drw_Angle45
2026-09-17 22:00:01 +0530: Memory Usage (560804K) : Executing rule metal5_drw_Angle45
2026-09-17 22:00:01 +0530: Memory Usage (560932K) : Executing rule topmetal1_drw_Angle45
2026-09-17 22:00:01 +0530: Memory Usage (561060K) : Executing rule topmetal2_drw_Angle45
2026-09-17 22:00:01 +0530: Memory Usage (561188K) : Starting 3.2. FORBIDDEN table
2026-09-17 22:00:01 +0530: Memory Usage (561188K) : Executing rule forbidden.biwind
2026-09-17 22:00:01 +0530: Memory Usage (561188K) : Executing rule forbidden.pemwind
2026-09-17 22:00:01 +0530: Memory Usage (561188K) : Executing rule forbidden.baspoly
2026-09-17 22:00:01 +0530: Memory Usage (561188K) : Executing rule forbidden.deepco
2026-09-17 22:00:01 +0530: Memory Usage (561188K) : Executing rule forbidden.pempoly
2026-09-17 22:00:01 +0530: Memory Usage (561188K) : Executing rule forbidden.empoly
2026-09-17 22:00:01 +0530: Memory Usage (561188K) : Executing rule forbidden.ldmos
2026-09-17 22:00:01 +0530: Memory Usage (561188K) : Executing rule forbidden.pbiwind
2026-09-17 22:00:01 +0530: Memory Usage (561188K) : Executing rule forbidden.nodrc
2026-09-17 22:00:01 +0530: Memory Usage (561188K) : Executing rule forbidden.flash
2026-09-17 22:00:01 +0530: Memory Usage (561188K) : Executing rule forbidden.colwind
2026-09-17 22:00:01 +0530: Memory Usage (561188K) : KLayout DRC run for tables 'main' completed in 21.45 seconds
