Reading timing models for corner nom_fast_1p32V_m40C…
Reading timing library for the 'nom_fast_1p32V_m40C' corner at '/home/jaikrishn/IHP-Open-PDK/ihp-sg13g2/libs.ref/sg13g2_stdcell/lib/sg13g2_stdcell_fast_1p32V_m40C.lib'…
Reading timing library for the 'nom_fast_1p32V_m40C' corner at '/home/jaikrishn/IHP-Open-PDK/ihp-sg13g2/libs.ref/sg13g2_io/lib/sg13g2_io_fast_1p32V_3p6V_m40C.lib'…
Reading timing models for corner nom_slow_1p08V_125C…
Reading timing library for the 'nom_slow_1p08V_125C' corner at '/home/jaikrishn/IHP-Open-PDK/ihp-sg13g2/libs.ref/sg13g2_stdcell/lib/sg13g2_stdcell_slow_1p08V_125C.lib'…
Reading timing library for the 'nom_slow_1p08V_125C' corner at '/home/jaikrishn/IHP-Open-PDK/ihp-sg13g2/libs.ref/sg13g2_io/lib/sg13g2_io_slow_1p08V_3p0V_125C.lib'…
Reading timing models for corner nom_typ_1p20V_25C…
Reading timing library for the 'nom_typ_1p20V_25C' corner at '/home/jaikrishn/IHP-Open-PDK/ihp-sg13g2/libs.ref/sg13g2_stdcell/lib/sg13g2_stdcell_typ_1p20V_25C.lib'…
Reading timing library for the 'nom_typ_1p20V_25C' corner at '/home/jaikrishn/IHP-Open-PDK/ihp-sg13g2/libs.ref/sg13g2_io/lib/sg13g2_io_typ_1p2V_3p3V_25C.lib'…
Reading OpenROAD database at '/home/jaikrishn/Documents/hardware/picorv32_axi4lite_port/phyisical_design/macros/peripherals/runs/run_2/35-openroad-cts/peripherals_macro.odb'…
Reading design constraints file at '/home/jaikrishn/Documents/hardware/picorv32_axi4lite_port/phyisical_design/macros/peripherals/constraint.sdc'…
[INFO] No information on clock propagation in input SDC file-- propagating all clocks.
+ repair_timing -verbose -setup -setup_margin 0.05000000000000000277555756156289135105907917022705078125 -max_buffer_percent 50.0
[INFO RSZ-0100] Repair move sequence: UnbufferMove SizeUpMove SwapPinsMove BufferMove CloneMove SplitLoadMove 
[INFO RSZ-0098] No setup violations found
+ repair_timing -verbose -hold -setup_margin 0.05000000000000000277555756156289135105907917022705078125 -hold_margin 0.1000000000000000055511151231257827021181583404541015625 -max_buffer_percent 50.0
[INFO RSZ-0046] Found 81 endpoints with hold violations.
Iteration | Resized | Buffers | Cloned Gates |   Area   |   WNS   |   TNS   | Endpoint
--------------------------------------------------------------------------------------
        0 |       0 |       0 |            0 |    +0.0% |  -0.083 |  -0.850 | _1101_/D
       10 |       0 |      15 |            0 |    +2.0% |  -0.022 |  -0.466 | _1083_/D
       20 |       0 |      26 |            0 |    +3.5% |  -0.017 |  -0.299 | _1082_/D
       30 |       0 |      37 |            0 |    +5.0% |  -0.012 |  -0.131 | _1075_/D
       40 |       0 |      42 |            0 |    +5.6% |  -0.008 |  -0.046 | _1094_/D
       50 |       0 |      48 |            0 |    +6.4% |  -0.002 |  -0.005 | _1092_/D
       60 |       0 |      53 |            0 |    +7.1% |   0.003 |   0.000 | _1057_/D
       70 |       0 |      59 |            0 |    +7.9% |   0.104 |   0.000 | _1060_/D
       80 |       0 |      59 |            0 |    +7.9% |   0.104 |   0.000 | _1060_/D
    final |       0 |      59 |            0 |    +7.9% |   0.104 |   0.000 | _1060_/D
--------------------------------------------------------------------------------------
[INFO RSZ-0032] Inserted 59 hold buffers.
+ detailed_placement -max_displacement  500 100 
Placement Analysis
---------------------------------
total displacement       1848.1 u
average displacement        1.8 u
max displacement           24.1 u
original HPWL           33102.9 u
legalized HPWL          34595.0 u
delta HPWL                    5 %

[INFO DPL-0020] Mirrored 555 instances
[INFO DPL-0021] HPWL before           34595.0 u
[INFO DPL-0022] HPWL after            33954.8 u
[INFO DPL-0023] HPWL delta               -1.9 %
Setting global connections for newly added cells…
[INFO] Setting global connections...
[INFO ODB-0403] 118 connections made, 0 conflicts skipped.
Updating metrics…
Cell type report:                       Count       Area
  Buffer                                    1       7.26
  Clock buffer                             17     422.76
  Timing Repair Buffer                    333    2952.03
  Inverter                                 41     223.17
  Clock inverter                           11      59.88
  Sequential cell                         101    4947.87
  Multi-Input combinational cell          514    4534.19
  Total                                  1018   13147.14
Writing OpenROAD database to '/home/jaikrishn/Documents/hardware/picorv32_axi4lite_port/phyisical_design/macros/peripherals/runs/run_2/37-openroad-resizertimingpostcts/peripherals_macro.odb'…
Writing netlist to '/home/jaikrishn/Documents/hardware/picorv32_axi4lite_port/phyisical_design/macros/peripherals/runs/run_2/37-openroad-resizertimingpostcts/peripherals_macro.nl.v'…
Writing powered netlist to '/home/jaikrishn/Documents/hardware/picorv32_axi4lite_port/phyisical_design/macros/peripherals/runs/run_2/37-openroad-resizertimingpostcts/peripherals_macro.pnl.v'…
Writing layout to '/home/jaikrishn/Documents/hardware/picorv32_axi4lite_port/phyisical_design/macros/peripherals/runs/run_2/37-openroad-resizertimingpostcts/peripherals_macro.def'…
Writing timing constraints to '/home/jaikrishn/Documents/hardware/picorv32_axi4lite_port/phyisical_design/macros/peripherals/runs/run_2/37-openroad-resizertimingpostcts/peripherals_macro.sdc'…
