
===========================================================================
report_checks -unconstrained
===========================================================================
======================= nom_slow_1p08V_125C Corner ===================================

Startpoint: _1397_ (rising edge-triggered flip-flop clocked by clk_i)
Endpoint: _1284_ (rising edge-triggered flip-flop clocked by clk_i)
Path Group: clk_i
Path Type: max

Fanout         Cap        Slew       Delay        Time   Description
---------------------------------------------------------------------------------------------
                                  0.000000    0.000000   clock clk_i (rise edge)
                                  0.000000    0.000000   clock source latency
     1    0.031989    0.000000    0.000000    0.000000 ^ clk_i (in)
                                                         clk_i (net)
                      0.005304    0.002652    0.002652 ^ clkbuf_0_clk_i/A (sg13g2_buf_8)
    16    0.196627    0.166605    0.186081    0.188733 ^ clkbuf_0_clk_i/X (sg13g2_buf_8)
                                                         clknet_0_clk_i (net)
                      0.166887    0.005737    0.194470 ^ clkbuf_4_12_0_clk_i/A (sg13g2_buf_8)
     2    0.022204    0.043877    0.170606    0.365076 ^ clkbuf_4_12_0_clk_i/X (sg13g2_buf_8)
                                                         clknet_4_12_0_clk_i (net)
                      0.043887    0.001452    0.366528 ^ clkbuf_5_24__f_clk_i/A (sg13g2_buf_8)
     6    0.030386    0.043805    0.115068    0.481596 ^ clkbuf_5_24__f_clk_i/X (sg13g2_buf_8)
                                                         clknet_5_24__leaf_clk_i (net)
                      0.043835    0.001874    0.483470 ^ _1397_/CLK (sg13g2_dfrbpq_1)
     1    0.006756    0.058412    0.281919    0.765389 ^ _1397_/Q (sg13g2_dfrbpq_1)
                                                         u_boot_ctrl.state[9] (net)
                      0.058453    0.000567    0.765956 ^ fanout111/A (sg13g2_buf_1)
     4    0.029503    0.195070    0.223743    0.989698 ^ fanout111/X (sg13g2_buf_1)
                                                         net111 (net)
                      0.195070    0.000163    0.989862 ^ fanout110/A (sg13g2_buf_1)
     6    0.044883    0.290952    0.346111    1.335973 ^ fanout110/X (sg13g2_buf_1)
                                                         net110 (net)
                      0.290974    0.002120    1.338093 ^ fanout109/A (sg13g2_buf_1)
     8    0.033749    0.222593    0.327184    1.665277 ^ fanout109/X (sg13g2_buf_1)
                                                         net109 (net)
                      0.222593    0.000151    1.665428 ^ _0845_/A (sg13g2_nor2_1)
     2    0.010261    0.105035    0.156879    1.822307 v _0845_/Y (sg13g2_nor2_1)
                                                         _0275_ (net)
                      0.105045    0.001055    1.823362 v fanout83/A (sg13g2_buf_1)
     8    0.048641    0.256876    0.301344    2.124706 v fanout83/X (sg13g2_buf_1)
                                                         net83 (net)
                      0.257026    0.005202    2.129908 v _0869_/A (sg13g2_nor3_1)
     7    0.043466    0.895672    0.790283    2.920190 ^ _0869_/Y (sg13g2_nor3_1)
                                                         _0291_ (net)
                      0.895698    0.004109    2.924299 ^ _0933_/B (sg13g2_nand4_1)
     2    0.008584    0.311680    0.442224    3.366524 v _0933_/Y (sg13g2_nand4_1)
                                                         _0339_ (net)
                      0.311680    0.000445    3.366969 v _0938_/A2 (sg13g2_a221oi_1)
     1    0.001857    0.154241    0.297449    3.664418 ^ _0938_/Y (sg13g2_a221oi_1)
                                                         _0066_ (net)
                      0.154241    0.000070    3.664488 ^ _1284_/D (sg13g2_dfrbpq_1)
                                              3.664488   data arrival time

                                 10.000000   10.000000   clock clk_i (rise edge)
                                  0.000000   10.000000   clock source latency
     1    0.030899    0.000000    0.000000   10.000000 ^ clk_i (in)
                                                         clk_i (net)
                      0.004994    0.002497   10.002497 ^ clkbuf_0_clk_i/A (sg13g2_buf_8)
    16    0.179193    0.157582    0.176004   10.178501 ^ clkbuf_0_clk_i/X (sg13g2_buf_8)
                                                         clknet_0_clk_i (net)
                      0.157871    0.005707   10.184208 ^ clkbuf_4_8_0_clk_i/A (sg13g2_buf_8)
     2    0.021703    0.043034    0.166449   10.350657 ^ clkbuf_4_8_0_clk_i/X (sg13g2_buf_8)
                                                         clknet_4_8_0_clk_i (net)
                      0.043043    0.001367   10.352023 ^ clkbuf_5_16__f_clk_i/A (sg13g2_buf_8)
     6    0.029935    0.043503    0.114714   10.466738 ^ clkbuf_5_16__f_clk_i/X (sg13g2_buf_8)
                                                         clknet_5_16__leaf_clk_i (net)
                      0.043507    0.000774   10.467511 ^ _1284_/CLK (sg13g2_dfrbpq_1)
                                 -0.200000   10.267511   clock uncertainty
                                  0.010233   10.277744   clock reconvergence pessimism
                                 -0.241642   10.036102   library setup time
                                             10.036102   data required time
---------------------------------------------------------------------------------------------
                                             10.036102   data required time
                                             -3.664488   data arrival time
---------------------------------------------------------------------------------------------
                                              6.371614   slack (MET)




===========================================================================
report_checks --slack_max -0.01
============================================================================
======================= nom_slow_1p08V_125C Corner ===================================

No paths found.


===========================================================================
 report_check_types -max_slew -max_cap -max_fanout -violators
============================================================================
======================= nom_slow_1p08V_125C Corner ===================================

max fanout

Pin                                   Limit Fanout  Slack
---------------------------------------------------------
clkbuf_0_clk_i/X                          8     16     -8 (VIOLATED)



===========================================================================
report_parasitic_annotation -report_unannotated
============================================================================
Found 10 unannotated drivers.
 clkload0/Y
 clkload1/Y
 clkload2/Y
 clkload3/Y
 clkload4/Y
 clkload5/Y
 clkload6/Y
 clkload7/Y
 clkload8/Y
 clkload9/Y
Found 0 partially unannotated drivers.

===========================================================================
max slew violation count 0
max fanout violation count 1
max cap violation count 0
============================================================================

===========================================================================
check_setup -verbose -unconstrained_endpoints -multiple_clock -no_clock -no_input_delay -loops -generated_clocks
===========================================================================
Warning: There is 1 input port missing set_input_delay.
  rst_ni
Warning: There is 1 unconstrained endpoint.
  _1388_/D
