Clock: clk_i
Sources: clk_i 
Generated: no
Virtual: yes
Propagated: no
Period: 10.000000

===========================================================================
report_clock_properties
============================================================================
Clock                   Period          Waveform
----------------------------------------------------
clk_i                10.000000    0.000000  5.000000

===========================================================================
report_clock_latency
============================================================================
Clock clk_i
rise -> rise
    min     max
0.000000 0.000000 source latency
0.459515         network latency _1359_/CLK
        0.500286 network latency _1305_/CLK
---------------
0.459515 0.500286 latency
        0.040771 skew

fall -> fall
    min     max
0.000000 0.000000 source latency
0.461769         network latency _1359_/CLK
        0.497242 network latency _1305_/CLK
---------------
0.461769 0.497242 latency
        0.035473 skew



===========================================================================
report_clock_min_period
============================================================================
clk_i period_min = 3.63 fmax = 275.60
