Clock: clk_i
Sources: clk_i 
Generated: no
Virtual: yes
Propagated: no
Period: 10.000000

===========================================================================
report_clock_properties
============================================================================
Clock                   Period          Waveform
----------------------------------------------------
clk_i                10.000000    0.000000  5.000000

===========================================================================
report_clock_latency
============================================================================
Clock clk_i
rise -> rise
    min     max
0.000000 0.000000 source latency
0.378009         network latency u_sram/A_CLK
        0.419178 network latency _874_/CLK
---------------
0.378009 0.419178 latency
        0.041169 skew

fall -> fall
    min     max
0.000000 0.000000 source latency
0.400316         network latency _881_/CLK
        0.430951 network latency _874_/CLK
---------------
0.400316 0.430951 latency
        0.030635 skew



===========================================================================
report_clock_min_period
============================================================================
clk_i period_min = 8.27 fmax = 120.98
