[WARNING ORD-0039] .openroad ignored with -python
Unannotated report:
['report_parasitic_annotation -report_unannotated\n',
 '============================================================================\n',
 'Found 37 unannotated drivers.\n',
 ' boot_addr[0]\n',
 ' boot_addr[12]\n',
 ' boot_addr[13]\n',
 ' boot_addr[14]\n',
 ' boot_addr[15]\n',
 ' boot_addr[16]\n',
 ' boot_addr[17]\n',
 ' boot_addr[18]\n',
 ' boot_addr[19]\n',
 ' boot_addr[1]\n',
 ' boot_addr[20]\n',
 ' boot_addr[21]\n',
 ' boot_addr[22]\n',
 ' boot_addr[23]\n',
 ' boot_addr[24]\n',
 ' boot_addr[25]\n',
 ' boot_addr[26]\n',
 ' boot_addr[27]\n',
 ' boot_addr[28]\n',
 ' boot_addr[29]\n',
 ' boot_addr[30]\n',
 ' boot_addr[31]\n',
 ' clkload0/Y\n',
 ' clkload1/Y\n',
 ' clkload10/Y\n',
 ' clkload11/Y\n',
 ' clkload12/Y\n',
 ' clkload13/Y\n',
 ' clkload14/Y\n',
 ' clkload2/Y\n',
 ' clkload3/Y\n',
 ' clkload4/Y\n',
 ' clkload5/Y\n',
 ' clkload6/Y\n',
 ' clkload7/Y\n',
 ' clkload8/Y\n',
 ' clkload9/Y\n',
 'Found 0 partially unannotated drivers.\n',
 '\n']
Reported nets:
['boot_addr[0]',
 'boot_addr[12]',
 'boot_addr[13]',
 'boot_addr[14]',
 'boot_addr[15]',
 'boot_addr[16]',
 'boot_addr[17]',
 'boot_addr[18]',
 'boot_addr[19]',
 'boot_addr[1]',
 'boot_addr[20]',
 'boot_addr[21]',
 'boot_addr[22]',
 'boot_addr[23]',
 'boot_addr[24]',
 'boot_addr[25]',
 'boot_addr[26]',
 'boot_addr[27]',
 'boot_addr[28]',
 'boot_addr[29]',
 'boot_addr[30]',
 'boot_addr[31]',
 'clkload0/Y',
 'clkload1/Y',
 'clkload10/Y',
 'clkload11/Y',
 'clkload12/Y',
 'clkload13/Y',
 'clkload14/Y',
 'clkload2/Y',
 'clkload3/Y',
 'clkload4/Y',
 'clkload5/Y',
 'clkload6/Y',
 'clkload7/Y',
 'clkload8/Y',
 'clkload9/Y']
Filtered nets:
[]
done
