
===========================================================================
report_checks -unconstrained
===========================================================================
======================= nom_typ_1p20V_25C Corner ===================================

Startpoint: u_cpu (rising edge-triggered flip-flop clocked by clk)
Endpoint: u_cpu (rising edge-triggered flip-flop clocked by clk)
Path Group: clk
Path Type: max

Fanout         Cap        Slew       Delay        Time   Description
---------------------------------------------------------------------------------------------
                      0.100000    0.000000    0.000000   clock clk (rise edge)
                                  0.000000    0.000000   clock network delay (ideal)
                      0.100000    0.000000    0.000000 ^ u_cpu/clk_i (picorv32_macro)
     1    0.015100    0.083279    0.972651    0.972651 ^ u_cpu/mem_axi_araddr[13] (picorv32_macro)
                                                         cpu_araddr[13] (net)
                      0.083279    0.000000    0.972651 ^ u_ic/m_araddr[13] (interconnect_macro)
     1    0.006900    0.032408    2.487910    3.460560 v u_ic/m_rvalid (interconnect_macro)
                                                         cpu_rvalid (net)
                      0.032408    0.000000    3.460560 v u_cpu/mem_axi_rvalid (picorv32_macro)
                                              3.460560   data arrival time

                      0.100000   10.000000   10.000000   clock clk (rise edge)
                                  0.000000   10.000000   clock network delay (ideal)
                                 -0.200000    9.800000   clock uncertainty
                                  0.000000    9.800000   clock reconvergence pessimism
                                              9.800000 ^ u_cpu/clk_i (picorv32_macro)
                                 -0.353130    9.446870   macro clock tree delay
                                 -2.917170    6.529700   library setup time
                                              6.529700   data required time
---------------------------------------------------------------------------------------------
                                              6.529700   data required time
                                             -3.460560   data arrival time
---------------------------------------------------------------------------------------------
                                              3.069140   slack (MET)




===========================================================================
report_checks --slack_max -0.01
============================================================================
======================= nom_typ_1p20V_25C Corner ===================================

No paths found.


===========================================================================
 report_check_types -max_slew -max_cap -max_fanout -violators
============================================================================
======================= nom_typ_1p20V_25C Corner ===================================



===========================================================================
report_parasitic_annotation -report_unannotated
============================================================================
Found 1122 unannotated drivers.
 clk_i
 gpio0_in[0]
 gpio0_in[10]
 gpio0_in[11]
 gpio0_in[12]
 gpio0_in[13]
 gpio0_in[14]
 gpio0_in[15]
 gpio0_in[16]
 gpio0_in[17]
 gpio0_in[18]
 gpio0_in[19]
 gpio0_in[1]
 gpio0_in[20]
 gpio0_in[21]
 gpio0_in[22]
 gpio0_in[23]
 gpio0_in[24]
 gpio0_in[25]
 gpio0_in[26]
 gpio0_in[27]
 gpio0_in[28]
 gpio0_in[29]
 gpio0_in[2]
 gpio0_in[30]
 gpio0_in[31]
 gpio0_in[3]
 gpio0_in[4]
 gpio0_in[5]
 gpio0_in[6]
 gpio0_in[7]
 gpio0_in[8]
 gpio0_in[9]
 gpio1_in[0]
 gpio1_in[10]
 gpio1_in[11]
 gpio1_in[12]
 gpio1_in[13]
 gpio1_in[14]
 gpio1_in[15]
 gpio1_in[16]
 gpio1_in[17]
 gpio1_in[18]
 gpio1_in[19]
 gpio1_in[1]
 gpio1_in[20]
 gpio1_in[21]
 gpio1_in[22]
 gpio1_in[23]
 gpio1_in[24]
 gpio1_in[25]
 gpio1_in[26]
 gpio1_in[27]
 gpio1_in[28]
 gpio1_in[29]
 gpio1_in[2]
 gpio1_in[30]
 gpio1_in[31]
 gpio1_in[3]
 gpio1_in[4]
 gpio1_in[5]
 gpio1_in[6]
 gpio1_in[7]
 gpio1_in[8]
 gpio1_in[9]
 gpio2_in[0]
 gpio2_in[10]
 gpio2_in[11]
 gpio2_in[12]
 gpio2_in[13]
 gpio2_in[14]
 gpio2_in[15]
 gpio2_in[16]
 gpio2_in[17]
 gpio2_in[18]
 gpio2_in[19]
 gpio2_in[1]
 gpio2_in[20]
 gpio2_in[21]
 gpio2_in[22]
 gpio2_in[23]
 gpio2_in[24]
 gpio2_in[25]
 gpio2_in[26]
 gpio2_in[27]
 gpio2_in[28]
 gpio2_in[29]
 gpio2_in[2]
 gpio2_in[30]
 gpio2_in[31]
 gpio2_in[3]
 gpio2_in[4]
 gpio2_in[5]
 gpio2_in[6]
 gpio2_in[7]
 gpio2_in[8]
 gpio2_in[9]
 rst_ni
 spi_miso
 u_boot_spi/boot_addr[0]
 u_boot_spi/boot_addr[10]
 u_boot_spi/boot_addr[11]
 u_boot_spi/boot_addr[12]
 u_boot_spi/boot_addr[13]
 u_boot_spi/boot_addr[14]
 u_boot_spi/boot_addr[15]
 u_boot_spi/boot_addr[16]
 u_boot_spi/boot_addr[17]
 u_boot_spi/boot_addr[18]
 u_boot_spi/boot_addr[19]
 u_boot_spi/boot_addr[1]
 u_boot_spi/boot_addr[20]
 u_boot_spi/boot_addr[21]
 u_boot_spi/boot_addr[22]
 u_boot_spi/boot_addr[23]
 u_boot_spi/boot_addr[24]
 u_boot_spi/boot_addr[25]
 u_boot_spi/boot_addr[26]
 u_boot_spi/boot_addr[27]
 u_boot_spi/boot_addr[28]
 u_boot_spi/boot_addr[29]
 u_boot_spi/boot_addr[2]
 u_boot_spi/boot_addr[30]
 u_boot_spi/boot_addr[31]
 u_boot_spi/boot_addr[3]
 u_boot_spi/boot_addr[4]
 u_boot_spi/boot_addr[5]
 u_boot_spi/boot_addr[6]
 u_boot_spi/boot_addr[7]
 u_boot_spi/boot_addr[8]
 u_boot_spi/boot_addr[9]
 u_boot_spi/boot_done
 u_boot_spi/boot_wdata[0]
 u_boot_spi/boot_wdata[10]
 u_boot_spi/boot_wdata[11]
 u_boot_spi/boot_wdata[12]
 u_boot_spi/boot_wdata[13]
 u_boot_spi/boot_wdata[14]
 u_boot_spi/boot_wdata[15]
 u_boot_spi/boot_wdata[16]
 u_boot_spi/boot_wdata[17]
 u_boot_spi/boot_wdata[18]
 u_boot_spi/boot_wdata[19]
 u_boot_spi/boot_wdata[1]
 u_boot_spi/boot_wdata[20]
 u_boot_spi/boot_wdata[21]
 u_boot_spi/boot_wdata[22]
 u_boot_spi/boot_wdata[23]
 u_boot_spi/boot_wdata[24]
 u_boot_spi/boot_wdata[25]
 u_boot_spi/boot_wdata[26]
 u_boot_spi/boot_wdata[27]
 u_boot_spi/boot_wdata[28]
 u_boot_spi/boot_wdata[29]
 u_boot_spi/boot_wdata[2]
 u_boot_spi/boot_wdata[30]
 u_boot_spi/boot_wdata[31]
 u_boot_spi/boot_wdata[3]
 u_boot_spi/boot_wdata[4]
 u_boot_spi/boot_wdata[5]
 u_boot_spi/boot_wdata[6]
 u_boot_spi/boot_wdata[7]
 u_boot_spi/boot_wdata[8]
 u_boot_spi/boot_wdata[9]
 u_boot_spi/boot_we
 u_boot_spi/cpu_rst_n
 u_boot_spi/spi_cs_n
 u_boot_spi/spi_mosi
 u_boot_spi/spi_sclk
 u_cpu/mem_axi_araddr[0]
 u_cpu/mem_axi_araddr[10]
 u_cpu/mem_axi_araddr[11]
 u_cpu/mem_axi_araddr[12]
 u_cpu/mem_axi_araddr[13]
 u_cpu/mem_axi_araddr[14]
 u_cpu/mem_axi_araddr[15]
 u_cpu/mem_axi_araddr[16]
 u_cpu/mem_axi_araddr[17]
 u_cpu/mem_axi_araddr[18]
 u_cpu/mem_axi_araddr[19]
 u_cpu/mem_axi_araddr[1]
 u_cpu/mem_axi_araddr[20]
 u_cpu/mem_axi_araddr[21]
 u_cpu/mem_axi_araddr[22]
 u_cpu/mem_axi_araddr[23]
 u_cpu/mem_axi_araddr[24]
 u_cpu/mem_axi_araddr[25]
 u_cpu/mem_axi_araddr[26]
 u_cpu/mem_axi_araddr[27]
 u_cpu/mem_axi_araddr[28]
 u_cpu/mem_axi_araddr[29]
 u_cpu/mem_axi_araddr[2]
 u_cpu/mem_axi_araddr[30]
 u_cpu/mem_axi_araddr[31]
 u_cpu/mem_axi_araddr[3]
 u_cpu/mem_axi_araddr[4]
 u_cpu/mem_axi_araddr[5]
 u_cpu/mem_axi_araddr[6]
 u_cpu/mem_axi_araddr[7]
 u_cpu/mem_axi_araddr[8]
 u_cpu/mem_axi_araddr[9]
 u_cpu/mem_axi_arprot[0]
 u_cpu/mem_axi_arprot[1]
 u_cpu/mem_axi_arprot[2]
 u_cpu/mem_axi_arvalid
 u_cpu/mem_axi_awaddr[0]
 u_cpu/mem_axi_awaddr[10]
 u_cpu/mem_axi_awaddr[11]
 u_cpu/mem_axi_awaddr[12]
 u_cpu/mem_axi_awaddr[13]
 u_cpu/mem_axi_awaddr[14]
 u_cpu/mem_axi_awaddr[15]
 u_cpu/mem_axi_awaddr[16]
 u_cpu/mem_axi_awaddr[17]
 u_cpu/mem_axi_awaddr[18]
 u_cpu/mem_axi_awaddr[19]
 u_cpu/mem_axi_awaddr[1]
 u_cpu/mem_axi_awaddr[20]
 u_cpu/mem_axi_awaddr[21]
 u_cpu/mem_axi_awaddr[22]
 u_cpu/mem_axi_awaddr[23]
 u_cpu/mem_axi_awaddr[24]
 u_cpu/mem_axi_awaddr[25]
 u_cpu/mem_axi_awaddr[26]
 u_cpu/mem_axi_awaddr[27]
 u_cpu/mem_axi_awaddr[28]
 u_cpu/mem_axi_awaddr[29]
 u_cpu/mem_axi_awaddr[2]
 u_cpu/mem_axi_awaddr[30]
 u_cpu/mem_axi_awaddr[31]
 u_cpu/mem_axi_awaddr[3]
 u_cpu/mem_axi_awaddr[4]
 u_cpu/mem_axi_awaddr[5]
 u_cpu/mem_axi_awaddr[6]
 u_cpu/mem_axi_awaddr[7]
 u_cpu/mem_axi_awaddr[8]
 u_cpu/mem_axi_awaddr[9]
 u_cpu/mem_axi_awprot[0]
 u_cpu/mem_axi_awprot[1]
 u_cpu/mem_axi_awprot[2]
 u_cpu/mem_axi_awvalid
 u_cpu/mem_axi_bready
 u_cpu/mem_axi_rready
 u_cpu/mem_axi_wdata[0]
 u_cpu/mem_axi_wdata[10]
 u_cpu/mem_axi_wdata[11]
 u_cpu/mem_axi_wdata[12]
 u_cpu/mem_axi_wdata[13]
 u_cpu/mem_axi_wdata[14]
 u_cpu/mem_axi_wdata[15]
 u_cpu/mem_axi_wdata[16]
 u_cpu/mem_axi_wdata[17]
 u_cpu/mem_axi_wdata[18]
 u_cpu/mem_axi_wdata[19]
 u_cpu/mem_axi_wdata[1]
 u_cpu/mem_axi_wdata[20]
 u_cpu/mem_axi_wdata[21]
 u_cpu/mem_axi_wdata[22]
 u_cpu/mem_axi_wdata[23]
 u_cpu/mem_axi_wdata[24]
 u_cpu/mem_axi_wdata[25]
 u_cpu/mem_axi_wdata[26]
 u_cpu/mem_axi_wdata[27]
 u_cpu/mem_axi_wdata[28]
 u_cpu/mem_axi_wdata[29]
 u_cpu/mem_axi_wdata[2]
 u_cpu/mem_axi_wdata[30]
 u_cpu/mem_axi_wdata[31]
 u_cpu/mem_axi_wdata[3]
 u_cpu/mem_axi_wdata[4]
 u_cpu/mem_axi_wdata[5]
 u_cpu/mem_axi_wdata[6]
 u_cpu/mem_axi_wdata[7]
 u_cpu/mem_axi_wdata[8]
 u_cpu/mem_axi_wdata[9]
 u_cpu/mem_axi_wstrb[0]
 u_cpu/mem_axi_wstrb[1]
 u_cpu/mem_axi_wstrb[2]
 u_cpu/mem_axi_wstrb[3]
 u_cpu/mem_axi_wvalid
 u_cpu/trap
 u_ic/m_arready
 u_ic/m_awready
 u_ic/m_bresp[0]
 u_ic/m_bresp[1]
 u_ic/m_bvalid
 u_ic/m_rdata[0]
 u_ic/m_rdata[10]
 u_ic/m_rdata[11]
 u_ic/m_rdata[12]
 u_ic/m_rdata[13]
 u_ic/m_rdata[14]
 u_ic/m_rdata[15]
 u_ic/m_rdata[16]
 u_ic/m_rdata[17]
 u_ic/m_rdata[18]
 u_ic/m_rdata[19]
 u_ic/m_rdata[1]
 u_ic/m_rdata[20]
 u_ic/m_rdata[21]
 u_ic/m_rdata[22]
 u_ic/m_rdata[23]
 u_ic/m_rdata[24]
 u_ic/m_rdata[25]
 u_ic/m_rdata[26]
 u_ic/m_rdata[27]
 u_ic/m_rdata[28]
 u_ic/m_rdata[29]
 u_ic/m_rdata[2]
 u_ic/m_rdata[30]
 u_ic/m_rdata[31]
 u_ic/m_rdata[3]
 u_ic/m_rdata[4]
 u_ic/m_rdata[5]
 u_ic/m_rdata[6]
 u_ic/m_rdata[7]
 u_ic/m_rdata[8]
 u_ic/m_rdata[9]
 u_ic/m_rresp[0]
 u_ic/m_rresp[1]
 u_ic/m_rvalid
 u_ic/m_wready
 u_ic/s_araddr[0]
 u_ic/s_araddr[100]
 u_ic/s_araddr[101]
 u_ic/s_araddr[102]
 u_ic/s_araddr[103]
 u_ic/s_araddr[104]
 u_ic/s_araddr[105]
 u_ic/s_araddr[106]
 u_ic/s_araddr[107]
 u_ic/s_araddr[108]
 u_ic/s_araddr[109]
 u_ic/s_araddr[10]
 u_ic/s_araddr[110]
 u_ic/s_araddr[111]
 u_ic/s_araddr[112]
 u_ic/s_araddr[113]
 u_ic/s_araddr[114]
 u_ic/s_araddr[115]
 u_ic/s_araddr[116]
 u_ic/s_araddr[117]
 u_ic/s_araddr[118]
 u_ic/s_araddr[119]
 u_ic/s_araddr[11]
 u_ic/s_araddr[120]
 u_ic/s_araddr[121]
 u_ic/s_araddr[122]
 u_ic/s_araddr[123]
 u_ic/s_araddr[124]
 u_ic/s_araddr[125]
 u_ic/s_araddr[126]
 u_ic/s_araddr[127]
 u_ic/s_araddr[12]
 u_ic/s_araddr[13]
 u_ic/s_araddr[14]
 u_ic/s_araddr[15]
 u_ic/s_araddr[16]
 u_ic/s_araddr[17]
 u_ic/s_araddr[18]
 u_ic/s_araddr[19]
 u_ic/s_araddr[1]
 u_ic/s_araddr[20]
 u_ic/s_araddr[21]
 u_ic/s_araddr[22]
 u_ic/s_araddr[23]
 u_ic/s_araddr[24]
 u_ic/s_araddr[25]
 u_ic/s_araddr[26]
 u_ic/s_araddr[27]
 u_ic/s_araddr[28]
 u_ic/s_araddr[29]
 u_ic/s_araddr[2]
 u_ic/s_araddr[30]
 u_ic/s_araddr[31]
 u_ic/s_araddr[32]
 u_ic/s_araddr[33]
 u_ic/s_araddr[34]
 u_ic/s_araddr[35]
 u_ic/s_araddr[36]
 u_ic/s_araddr[37]
 u_ic/s_araddr[38]
 u_ic/s_araddr[39]
 u_ic/s_araddr[3]
 u_ic/s_araddr[40]
 u_ic/s_araddr[41]
 u_ic/s_araddr[42]
 u_ic/s_araddr[43]
 u_ic/s_araddr[44]
 u_ic/s_araddr[45]
 u_ic/s_araddr[46]
 u_ic/s_araddr[47]
 u_ic/s_araddr[48]
 u_ic/s_araddr[49]
 u_ic/s_araddr[4]
 u_ic/s_araddr[50]
 u_ic/s_araddr[51]
 u_ic/s_araddr[52]
 u_ic/s_araddr[53]
 u_ic/s_araddr[54]
 u_ic/s_araddr[55]
 u_ic/s_araddr[56]
 u_ic/s_araddr[57]
 u_ic/s_araddr[58]
 u_ic/s_araddr[59]
 u_ic/s_araddr[5]
 u_ic/s_araddr[60]
 u_ic/s_araddr[61]
 u_ic/s_araddr[62]
 u_ic/s_araddr[63]
 u_ic/s_araddr[64]
 u_ic/s_araddr[65]
 u_ic/s_araddr[66]
 u_ic/s_araddr[67]
 u_ic/s_araddr[68]
 u_ic/s_araddr[69]
 u_ic/s_araddr[6]
 u_ic/s_araddr[70]
 u_ic/s_araddr[71]
 u_ic/s_araddr[72]
 u_ic/s_araddr[73]
 u_ic/s_araddr[74]
 u_ic/s_araddr[75]
 u_ic/s_araddr[76]
 u_ic/s_araddr[77]
 u_ic/s_araddr[78]
 u_ic/s_araddr[79]
 u_ic/s_araddr[7]
 u_ic/s_araddr[80]
 u_ic/s_araddr[81]
 u_ic/s_araddr[82]
 u_ic/s_araddr[83]
 u_ic/s_araddr[84]
 u_ic/s_araddr[85]
 u_ic/s_araddr[86]
 u_ic/s_araddr[87]
 u_ic/s_araddr[88]
 u_ic/s_araddr[89]
 u_ic/s_araddr[8]
 u_ic/s_araddr[90]
 u_ic/s_araddr[91]
 u_ic/s_araddr[92]
 u_ic/s_araddr[93]
 u_ic/s_araddr[94]
 u_ic/s_araddr[95]
 u_ic/s_araddr[96]
 u_ic/s_araddr[97]
 u_ic/s_araddr[98]
 u_ic/s_araddr[99]
 u_ic/s_araddr[9]
 u_ic/s_arprot[0]
 u_ic/s_arprot[10]
 u_ic/s_arprot[11]
 u_ic/s_arprot[1]
 u_ic/s_arprot[2]
 u_ic/s_arprot[3]
 u_ic/s_arprot[4]
 u_ic/s_arprot[5]
 u_ic/s_arprot[6]
 u_ic/s_arprot[7]
 u_ic/s_arprot[8]
 u_ic/s_arprot[9]
 u_ic/s_arvalid[0]
 u_ic/s_arvalid[1]
 u_ic/s_arvalid[2]
 u_ic/s_arvalid[3]
 u_ic/s_awaddr[0]
 u_ic/s_awaddr[100]
 u_ic/s_awaddr[101]
 u_ic/s_awaddr[102]
 u_ic/s_awaddr[103]
 u_ic/s_awaddr[104]
 u_ic/s_awaddr[105]
 u_ic/s_awaddr[106]
 u_ic/s_awaddr[107]
 u_ic/s_awaddr[108]
 u_ic/s_awaddr[109]
 u_ic/s_awaddr[10]
 u_ic/s_awaddr[110]
 u_ic/s_awaddr[111]
 u_ic/s_awaddr[112]
 u_ic/s_awaddr[113]
 u_ic/s_awaddr[114]
 u_ic/s_awaddr[115]
 u_ic/s_awaddr[116]
 u_ic/s_awaddr[117]
 u_ic/s_awaddr[118]
 u_ic/s_awaddr[119]
 u_ic/s_awaddr[11]
 u_ic/s_awaddr[120]
 u_ic/s_awaddr[121]
 u_ic/s_awaddr[122]
 u_ic/s_awaddr[123]
 u_ic/s_awaddr[124]
 u_ic/s_awaddr[125]
 u_ic/s_awaddr[126]
 u_ic/s_awaddr[127]
 u_ic/s_awaddr[12]
 u_ic/s_awaddr[13]
 u_ic/s_awaddr[14]
 u_ic/s_awaddr[15]
 u_ic/s_awaddr[16]
 u_ic/s_awaddr[17]
 u_ic/s_awaddr[18]
 u_ic/s_awaddr[19]
 u_ic/s_awaddr[1]
 u_ic/s_awaddr[20]
 u_ic/s_awaddr[21]
 u_ic/s_awaddr[22]
 u_ic/s_awaddr[23]
 u_ic/s_awaddr[24]
 u_ic/s_awaddr[25]
 u_ic/s_awaddr[26]
 u_ic/s_awaddr[27]
 u_ic/s_awaddr[28]
 u_ic/s_awaddr[29]
 u_ic/s_awaddr[2]
 u_ic/s_awaddr[30]
 u_ic/s_awaddr[31]
 u_ic/s_awaddr[32]
 u_ic/s_awaddr[33]
 u_ic/s_awaddr[34]
 u_ic/s_awaddr[35]
 u_ic/s_awaddr[36]
 u_ic/s_awaddr[37]
 u_ic/s_awaddr[38]
 u_ic/s_awaddr[39]
 u_ic/s_awaddr[3]
 u_ic/s_awaddr[40]
 u_ic/s_awaddr[41]
 u_ic/s_awaddr[42]
 u_ic/s_awaddr[43]
 u_ic/s_awaddr[44]
 u_ic/s_awaddr[45]
 u_ic/s_awaddr[46]
 u_ic/s_awaddr[47]
 u_ic/s_awaddr[48]
 u_ic/s_awaddr[49]
 u_ic/s_awaddr[4]
 u_ic/s_awaddr[50]
 u_ic/s_awaddr[51]
 u_ic/s_awaddr[52]
 u_ic/s_awaddr[53]
 u_ic/s_awaddr[54]
 u_ic/s_awaddr[55]
 u_ic/s_awaddr[56]
 u_ic/s_awaddr[57]
 u_ic/s_awaddr[58]
 u_ic/s_awaddr[59]
 u_ic/s_awaddr[5]
 u_ic/s_awaddr[60]
 u_ic/s_awaddr[61]
 u_ic/s_awaddr[62]
 u_ic/s_awaddr[63]
 u_ic/s_awaddr[64]
 u_ic/s_awaddr[65]
 u_ic/s_awaddr[66]
 u_ic/s_awaddr[67]
 u_ic/s_awaddr[68]
 u_ic/s_awaddr[69]
 u_ic/s_awaddr[6]
 u_ic/s_awaddr[70]
 u_ic/s_awaddr[71]
 u_ic/s_awaddr[72]
 u_ic/s_awaddr[73]
 u_ic/s_awaddr[74]
 u_ic/s_awaddr[75]
 u_ic/s_awaddr[76]
 u_ic/s_awaddr[77]
 u_ic/s_awaddr[78]
 u_ic/s_awaddr[79]
 u_ic/s_awaddr[7]
 u_ic/s_awaddr[80]
 u_ic/s_awaddr[81]
 u_ic/s_awaddr[82]
 u_ic/s_awaddr[83]
 u_ic/s_awaddr[84]
 u_ic/s_awaddr[85]
 u_ic/s_awaddr[86]
 u_ic/s_awaddr[87]
 u_ic/s_awaddr[88]
 u_ic/s_awaddr[89]
 u_ic/s_awaddr[8]
 u_ic/s_awaddr[90]
 u_ic/s_awaddr[91]
 u_ic/s_awaddr[92]
 u_ic/s_awaddr[93]
 u_ic/s_awaddr[94]
 u_ic/s_awaddr[95]
 u_ic/s_awaddr[96]
 u_ic/s_awaddr[97]
 u_ic/s_awaddr[98]
 u_ic/s_awaddr[99]
 u_ic/s_awaddr[9]
 u_ic/s_awprot[0]
 u_ic/s_awprot[10]
 u_ic/s_awprot[11]
 u_ic/s_awprot[1]
 u_ic/s_awprot[2]
 u_ic/s_awprot[3]
 u_ic/s_awprot[4]
 u_ic/s_awprot[5]
 u_ic/s_awprot[6]
 u_ic/s_awprot[7]
 u_ic/s_awprot[8]
 u_ic/s_awprot[9]
 u_ic/s_awvalid[0]
 u_ic/s_awvalid[1]
 u_ic/s_awvalid[2]
 u_ic/s_awvalid[3]
 u_ic/s_bready[0]
 u_ic/s_bready[1]
 u_ic/s_bready[2]
 u_ic/s_bready[3]
 u_ic/s_rready[0]
 u_ic/s_rready[1]
 u_ic/s_rready[2]
 u_ic/s_rready[3]
 u_ic/s_wdata[0]
 u_ic/s_wdata[100]
 u_ic/s_wdata[101]
 u_ic/s_wdata[102]
 u_ic/s_wdata[103]
 u_ic/s_wdata[104]
 u_ic/s_wdata[105]
 u_ic/s_wdata[106]
 u_ic/s_wdata[107]
 u_ic/s_wdata[108]
 u_ic/s_wdata[109]
 u_ic/s_wdata[10]
 u_ic/s_wdata[110]
 u_ic/s_wdata[111]
 u_ic/s_wdata[112]
 u_ic/s_wdata[113]
 u_ic/s_wdata[114]
 u_ic/s_wdata[115]
 u_ic/s_wdata[116]
 u_ic/s_wdata[117]
 u_ic/s_wdata[118]
 u_ic/s_wdata[119]
 u_ic/s_wdata[11]
 u_ic/s_wdata[120]
 u_ic/s_wdata[121]
 u_ic/s_wdata[122]
 u_ic/s_wdata[123]
 u_ic/s_wdata[124]
 u_ic/s_wdata[125]
 u_ic/s_wdata[126]
 u_ic/s_wdata[127]
 u_ic/s_wdata[12]
 u_ic/s_wdata[13]
 u_ic/s_wdata[14]
 u_ic/s_wdata[15]
 u_ic/s_wdata[16]
 u_ic/s_wdata[17]
 u_ic/s_wdata[18]
 u_ic/s_wdata[19]
 u_ic/s_wdata[1]
 u_ic/s_wdata[20]
 u_ic/s_wdata[21]
 u_ic/s_wdata[22]
 u_ic/s_wdata[23]
 u_ic/s_wdata[24]
 u_ic/s_wdata[25]
 u_ic/s_wdata[26]
 u_ic/s_wdata[27]
 u_ic/s_wdata[28]
 u_ic/s_wdata[29]
 u_ic/s_wdata[2]
 u_ic/s_wdata[30]
 u_ic/s_wdata[31]
 u_ic/s_wdata[32]
 u_ic/s_wdata[33]
 u_ic/s_wdata[34]
 u_ic/s_wdata[35]
 u_ic/s_wdata[36]
 u_ic/s_wdata[37]
 u_ic/s_wdata[38]
 u_ic/s_wdata[39]
 u_ic/s_wdata[3]
 u_ic/s_wdata[40]
 u_ic/s_wdata[41]
 u_ic/s_wdata[42]
 u_ic/s_wdata[43]
 u_ic/s_wdata[44]
 u_ic/s_wdata[45]
 u_ic/s_wdata[46]
 u_ic/s_wdata[47]
 u_ic/s_wdata[48]
 u_ic/s_wdata[49]
 u_ic/s_wdata[4]
 u_ic/s_wdata[50]
 u_ic/s_wdata[51]
 u_ic/s_wdata[52]
 u_ic/s_wdata[53]
 u_ic/s_wdata[54]
 u_ic/s_wdata[55]
 u_ic/s_wdata[56]
 u_ic/s_wdata[57]
 u_ic/s_wdata[58]
 u_ic/s_wdata[59]
 u_ic/s_wdata[5]
 u_ic/s_wdata[60]
 u_ic/s_wdata[61]
 u_ic/s_wdata[62]
 u_ic/s_wdata[63]
 u_ic/s_wdata[64]
 u_ic/s_wdata[65]
 u_ic/s_wdata[66]
 u_ic/s_wdata[67]
 u_ic/s_wdata[68]
 u_ic/s_wdata[69]
 u_ic/s_wdata[6]
 u_ic/s_wdata[70]
 u_ic/s_wdata[71]
 u_ic/s_wdata[72]
 u_ic/s_wdata[73]
 u_ic/s_wdata[74]
 u_ic/s_wdata[75]
 u_ic/s_wdata[76]
 u_ic/s_wdata[77]
 u_ic/s_wdata[78]
 u_ic/s_wdata[79]
 u_ic/s_wdata[7]
 u_ic/s_wdata[80]
 u_ic/s_wdata[81]
 u_ic/s_wdata[82]
 u_ic/s_wdata[83]
 u_ic/s_wdata[84]
 u_ic/s_wdata[85]
 u_ic/s_wdata[86]
 u_ic/s_wdata[87]
 u_ic/s_wdata[88]
 u_ic/s_wdata[89]
 u_ic/s_wdata[8]
 u_ic/s_wdata[90]
 u_ic/s_wdata[91]
 u_ic/s_wdata[92]
 u_ic/s_wdata[93]
 u_ic/s_wdata[94]
 u_ic/s_wdata[95]
 u_ic/s_wdata[96]
 u_ic/s_wdata[97]
 u_ic/s_wdata[98]
 u_ic/s_wdata[99]
 u_ic/s_wdata[9]
 u_ic/s_wstrb[0]
 u_ic/s_wstrb[10]
 u_ic/s_wstrb[11]
 u_ic/s_wstrb[12]
 u_ic/s_wstrb[13]
 u_ic/s_wstrb[14]
 u_ic/s_wstrb[15]
 u_ic/s_wstrb[1]
 u_ic/s_wstrb[2]
 u_ic/s_wstrb[3]
 u_ic/s_wstrb[4]
 u_ic/s_wstrb[5]
 u_ic/s_wstrb[6]
 u_ic/s_wstrb[7]
 u_ic/s_wstrb[8]
 u_ic/s_wstrb[9]
 u_ic/s_wvalid[0]
 u_ic/s_wvalid[1]
 u_ic/s_wvalid[2]
 u_ic/s_wvalid[3]
 u_periph0/gpio_dir[0]
 u_periph0/gpio_dir[10]
 u_periph0/gpio_dir[11]
 u_periph0/gpio_dir[12]
 u_periph0/gpio_dir[13]
 u_periph0/gpio_dir[14]
 u_periph0/gpio_dir[15]
 u_periph0/gpio_dir[16]
 u_periph0/gpio_dir[17]
 u_periph0/gpio_dir[18]
 u_periph0/gpio_dir[19]
 u_periph0/gpio_dir[1]
 u_periph0/gpio_dir[20]
 u_periph0/gpio_dir[21]
 u_periph0/gpio_dir[22]
 u_periph0/gpio_dir[23]
 u_periph0/gpio_dir[24]
 u_periph0/gpio_dir[25]
 u_periph0/gpio_dir[26]
 u_periph0/gpio_dir[27]
 u_periph0/gpio_dir[28]
 u_periph0/gpio_dir[29]
 u_periph0/gpio_dir[2]
 u_periph0/gpio_dir[30]
 u_periph0/gpio_dir[31]
 u_periph0/gpio_dir[3]
 u_periph0/gpio_dir[4]
 u_periph0/gpio_dir[5]
 u_periph0/gpio_dir[6]
 u_periph0/gpio_dir[7]
 u_periph0/gpio_dir[8]
 u_periph0/gpio_dir[9]
 u_periph0/gpio_out[0]
 u_periph0/gpio_out[10]
 u_periph0/gpio_out[11]
 u_periph0/gpio_out[12]
 u_periph0/gpio_out[13]
 u_periph0/gpio_out[14]
 u_periph0/gpio_out[15]
 u_periph0/gpio_out[16]
 u_periph0/gpio_out[17]
 u_periph0/gpio_out[18]
 u_periph0/gpio_out[19]
 u_periph0/gpio_out[1]
 u_periph0/gpio_out[20]
 u_periph0/gpio_out[21]
 u_periph0/gpio_out[22]
 u_periph0/gpio_out[23]
 u_periph0/gpio_out[24]
 u_periph0/gpio_out[25]
 u_periph0/gpio_out[26]
 u_periph0/gpio_out[27]
 u_periph0/gpio_out[28]
 u_periph0/gpio_out[29]
 u_periph0/gpio_out[2]
 u_periph0/gpio_out[30]
 u_periph0/gpio_out[31]
 u_periph0/gpio_out[3]
 u_periph0/gpio_out[4]
 u_periph0/gpio_out[5]
 u_periph0/gpio_out[6]
 u_periph0/gpio_out[7]
 u_periph0/gpio_out[8]
 u_periph0/gpio_out[9]
 u_periph0/s_axil_arready
 u_periph0/s_axil_awready
 u_periph0/s_axil_bresp[0]
 u_periph0/s_axil_bresp[1]
 u_periph0/s_axil_bvalid
 u_periph0/s_axil_rdata[0]
 u_periph0/s_axil_rdata[10]
 u_periph0/s_axil_rdata[11]
 u_periph0/s_axil_rdata[12]
 u_periph0/s_axil_rdata[13]
 u_periph0/s_axil_rdata[14]
 u_periph0/s_axil_rdata[15]
 u_periph0/s_axil_rdata[16]
 u_periph0/s_axil_rdata[17]
 u_periph0/s_axil_rdata[18]
 u_periph0/s_axil_rdata[19]
 u_periph0/s_axil_rdata[1]
 u_periph0/s_axil_rdata[20]
 u_periph0/s_axil_rdata[21]
 u_periph0/s_axil_rdata[22]
 u_periph0/s_axil_rdata[23]
 u_periph0/s_axil_rdata[24]
 u_periph0/s_axil_rdata[25]
 u_periph0/s_axil_rdata[26]
 u_periph0/s_axil_rdata[27]
 u_periph0/s_axil_rdata[28]
 u_periph0/s_axil_rdata[29]
 u_periph0/s_axil_rdata[2]
 u_periph0/s_axil_rdata[30]
 u_periph0/s_axil_rdata[31]
 u_periph0/s_axil_rdata[3]
 u_periph0/s_axil_rdata[4]
 u_periph0/s_axil_rdata[5]
 u_periph0/s_axil_rdata[6]
 u_periph0/s_axil_rdata[7]
 u_periph0/s_axil_rdata[8]
 u_periph0/s_axil_rdata[9]
 u_periph0/s_axil_rresp[0]
 u_periph0/s_axil_rresp[1]
 u_periph0/s_axil_rvalid
 u_periph0/s_axil_wready
 u_periph1/gpio_dir[0]
 u_periph1/gpio_dir[10]
 u_periph1/gpio_dir[11]
 u_periph1/gpio_dir[12]
 u_periph1/gpio_dir[13]
 u_periph1/gpio_dir[14]
 u_periph1/gpio_dir[15]
 u_periph1/gpio_dir[16]
 u_periph1/gpio_dir[17]
 u_periph1/gpio_dir[18]
 u_periph1/gpio_dir[19]
 u_periph1/gpio_dir[1]
 u_periph1/gpio_dir[20]
 u_periph1/gpio_dir[21]
 u_periph1/gpio_dir[22]
 u_periph1/gpio_dir[23]
 u_periph1/gpio_dir[24]
 u_periph1/gpio_dir[25]
 u_periph1/gpio_dir[26]
 u_periph1/gpio_dir[27]
 u_periph1/gpio_dir[28]
 u_periph1/gpio_dir[29]
 u_periph1/gpio_dir[2]
 u_periph1/gpio_dir[30]
 u_periph1/gpio_dir[31]
 u_periph1/gpio_dir[3]
 u_periph1/gpio_dir[4]
 u_periph1/gpio_dir[5]
 u_periph1/gpio_dir[6]
 u_periph1/gpio_dir[7]
 u_periph1/gpio_dir[8]
 u_periph1/gpio_dir[9]
 u_periph1/gpio_out[0]
 u_periph1/gpio_out[10]
 u_periph1/gpio_out[11]
 u_periph1/gpio_out[12]
 u_periph1/gpio_out[13]
 u_periph1/gpio_out[14]
 u_periph1/gpio_out[15]
 u_periph1/gpio_out[16]
 u_periph1/gpio_out[17]
 u_periph1/gpio_out[18]
 u_periph1/gpio_out[19]
 u_periph1/gpio_out[1]
 u_periph1/gpio_out[20]
 u_periph1/gpio_out[21]
 u_periph1/gpio_out[22]
 u_periph1/gpio_out[23]
 u_periph1/gpio_out[24]
 u_periph1/gpio_out[25]
 u_periph1/gpio_out[26]
 u_periph1/gpio_out[27]
 u_periph1/gpio_out[28]
 u_periph1/gpio_out[29]
 u_periph1/gpio_out[2]
 u_periph1/gpio_out[30]
 u_periph1/gpio_out[31]
 u_periph1/gpio_out[3]
 u_periph1/gpio_out[4]
 u_periph1/gpio_out[5]
 u_periph1/gpio_out[6]
 u_periph1/gpio_out[7]
 u_periph1/gpio_out[8]
 u_periph1/gpio_out[9]
 u_periph1/s_axil_arready
 u_periph1/s_axil_awready
 u_periph1/s_axil_bresp[0]
 u_periph1/s_axil_bresp[1]
 u_periph1/s_axil_bvalid
 u_periph1/s_axil_rdata[0]
 u_periph1/s_axil_rdata[10]
 u_periph1/s_axil_rdata[11]
 u_periph1/s_axil_rdata[12]
 u_periph1/s_axil_rdata[13]
 u_periph1/s_axil_rdata[14]
 u_periph1/s_axil_rdata[15]
 u_periph1/s_axil_rdata[16]
 u_periph1/s_axil_rdata[17]
 u_periph1/s_axil_rdata[18]
 u_periph1/s_axil_rdata[19]
 u_periph1/s_axil_rdata[1]
 u_periph1/s_axil_rdata[20]
 u_periph1/s_axil_rdata[21]
 u_periph1/s_axil_rdata[22]
 u_periph1/s_axil_rdata[23]
 u_periph1/s_axil_rdata[24]
 u_periph1/s_axil_rdata[25]
 u_periph1/s_axil_rdata[26]
 u_periph1/s_axil_rdata[27]
 u_periph1/s_axil_rdata[28]
 u_periph1/s_axil_rdata[29]
 u_periph1/s_axil_rdata[2]
 u_periph1/s_axil_rdata[30]
 u_periph1/s_axil_rdata[31]
 u_periph1/s_axil_rdata[3]
 u_periph1/s_axil_rdata[4]
 u_periph1/s_axil_rdata[5]
 u_periph1/s_axil_rdata[6]
 u_periph1/s_axil_rdata[7]
 u_periph1/s_axil_rdata[8]
 u_periph1/s_axil_rdata[9]
 u_periph1/s_axil_rresp[0]
 u_periph1/s_axil_rresp[1]
 u_periph1/s_axil_rvalid
 u_periph1/s_axil_wready
 u_periph2/gpio_dir[0]
 u_periph2/gpio_dir[10]
 u_periph2/gpio_dir[11]
 u_periph2/gpio_dir[12]
 u_periph2/gpio_dir[13]
 u_periph2/gpio_dir[14]
 u_periph2/gpio_dir[15]
 u_periph2/gpio_dir[16]
 u_periph2/gpio_dir[17]
 u_periph2/gpio_dir[18]
 u_periph2/gpio_dir[19]
 u_periph2/gpio_dir[1]
 u_periph2/gpio_dir[20]
 u_periph2/gpio_dir[21]
 u_periph2/gpio_dir[22]
 u_periph2/gpio_dir[23]
 u_periph2/gpio_dir[24]
 u_periph2/gpio_dir[25]
 u_periph2/gpio_dir[26]
 u_periph2/gpio_dir[27]
 u_periph2/gpio_dir[28]
 u_periph2/gpio_dir[29]
 u_periph2/gpio_dir[2]
 u_periph2/gpio_dir[30]
 u_periph2/gpio_dir[31]
 u_periph2/gpio_dir[3]
 u_periph2/gpio_dir[4]
 u_periph2/gpio_dir[5]
 u_periph2/gpio_dir[6]
 u_periph2/gpio_dir[7]
 u_periph2/gpio_dir[8]
 u_periph2/gpio_dir[9]
 u_periph2/gpio_out[0]
 u_periph2/gpio_out[10]
 u_periph2/gpio_out[11]
 u_periph2/gpio_out[12]
 u_periph2/gpio_out[13]
 u_periph2/gpio_out[14]
 u_periph2/gpio_out[15]
 u_periph2/gpio_out[16]
 u_periph2/gpio_out[17]
 u_periph2/gpio_out[18]
 u_periph2/gpio_out[19]
 u_periph2/gpio_out[1]
 u_periph2/gpio_out[20]
 u_periph2/gpio_out[21]
 u_periph2/gpio_out[22]
 u_periph2/gpio_out[23]
 u_periph2/gpio_out[24]
 u_periph2/gpio_out[25]
 u_periph2/gpio_out[26]
 u_periph2/gpio_out[27]
 u_periph2/gpio_out[28]
 u_periph2/gpio_out[29]
 u_periph2/gpio_out[2]
 u_periph2/gpio_out[30]
 u_periph2/gpio_out[31]
 u_periph2/gpio_out[3]
 u_periph2/gpio_out[4]
 u_periph2/gpio_out[5]
 u_periph2/gpio_out[6]
 u_periph2/gpio_out[7]
 u_periph2/gpio_out[8]
 u_periph2/gpio_out[9]
 u_periph2/s_axil_arready
 u_periph2/s_axil_awready
 u_periph2/s_axil_bresp[0]
 u_periph2/s_axil_bresp[1]
 u_periph2/s_axil_bvalid
 u_periph2/s_axil_rdata[0]
 u_periph2/s_axil_rdata[10]
 u_periph2/s_axil_rdata[11]
 u_periph2/s_axil_rdata[12]
 u_periph2/s_axil_rdata[13]
 u_periph2/s_axil_rdata[14]
 u_periph2/s_axil_rdata[15]
 u_periph2/s_axil_rdata[16]
 u_periph2/s_axil_rdata[17]
 u_periph2/s_axil_rdata[18]
 u_periph2/s_axil_rdata[19]
 u_periph2/s_axil_rdata[1]
 u_periph2/s_axil_rdata[20]
 u_periph2/s_axil_rdata[21]
 u_periph2/s_axil_rdata[22]
 u_periph2/s_axil_rdata[23]
 u_periph2/s_axil_rdata[24]
 u_periph2/s_axil_rdata[25]
 u_periph2/s_axil_rdata[26]
 u_periph2/s_axil_rdata[27]
 u_periph2/s_axil_rdata[28]
 u_periph2/s_axil_rdata[29]
 u_periph2/s_axil_rdata[2]
 u_periph2/s_axil_rdata[30]
 u_periph2/s_axil_rdata[31]
 u_periph2/s_axil_rdata[3]
 u_periph2/s_axil_rdata[4]
 u_periph2/s_axil_rdata[5]
 u_periph2/s_axil_rdata[6]
 u_periph2/s_axil_rdata[7]
 u_periph2/s_axil_rdata[8]
 u_periph2/s_axil_rdata[9]
 u_periph2/s_axil_rresp[0]
 u_periph2/s_axil_rresp[1]
 u_periph2/s_axil_rvalid
 u_periph2/s_axil_wready
 u_ram/s_axil_arready
 u_ram/s_axil_awready
 u_ram/s_axil_bresp[0]
 u_ram/s_axil_bresp[1]
 u_ram/s_axil_bvalid
 u_ram/s_axil_rdata[0]
 u_ram/s_axil_rdata[10]
 u_ram/s_axil_rdata[11]
 u_ram/s_axil_rdata[12]
 u_ram/s_axil_rdata[13]
 u_ram/s_axil_rdata[14]
 u_ram/s_axil_rdata[15]
 u_ram/s_axil_rdata[16]
 u_ram/s_axil_rdata[17]
 u_ram/s_axil_rdata[18]
 u_ram/s_axil_rdata[19]
 u_ram/s_axil_rdata[1]
 u_ram/s_axil_rdata[20]
 u_ram/s_axil_rdata[21]
 u_ram/s_axil_rdata[22]
 u_ram/s_axil_rdata[23]
 u_ram/s_axil_rdata[24]
 u_ram/s_axil_rdata[25]
 u_ram/s_axil_rdata[26]
 u_ram/s_axil_rdata[27]
 u_ram/s_axil_rdata[28]
 u_ram/s_axil_rdata[29]
 u_ram/s_axil_rdata[2]
 u_ram/s_axil_rdata[30]
 u_ram/s_axil_rdata[31]
 u_ram/s_axil_rdata[3]
 u_ram/s_axil_rdata[4]
 u_ram/s_axil_rdata[5]
 u_ram/s_axil_rdata[6]
 u_ram/s_axil_rdata[7]
 u_ram/s_axil_rdata[8]
 u_ram/s_axil_rdata[9]
 u_ram/s_axil_rresp[0]
 u_ram/s_axil_rresp[1]
 u_ram/s_axil_rvalid
 u_ram/s_axil_wready
Found 0 partially unannotated drivers.

===========================================================================
max slew violation count 0
max fanout violation count 0
max cap violation count 0
============================================================================

===========================================================================
check_setup -verbose -unconstrained_endpoints -multiple_clock -no_clock -no_input_delay -loops -generated_clocks
===========================================================================
Warning: There are 4 unconstrained endpoints.
  u_ram/s_axil_araddr[0]
  u_ram/s_axil_araddr[1]
  u_ram/s_axil_awaddr[0]
  u_ram/s_axil_awaddr[1]
