2026-09-15 22:39:13 +0530: Memory Usage (422996K) : Starting running IHP-SG13G2 KLayout DRC runset on /home/jaikrishn/Documents/hardware/picorv32_axi4lite_port/phyisical_design/macros/picorv32/runs/run_2/58-klayout-streamout/picorv32_macro.gds
2026-09-15 22:39:13 +0530: Memory Usage (423152K) : Ruby Version for klayout: 3.3.10
2026-09-15 22:39:13 +0530: Memory Usage (433680K) : Loading database to memory is complete.
2026-09-15 22:39:13 +0530: Memory Usage (433680K) : IHP-SG13G2 KLayout DRC runset output at: /home/jaikrishn/Documents/hardware/picorv32_axi4lite_port/phyisical_design/macros/picorv32/runs/run_2/65-klayout-drc/reports/drc.klayout.lyrdb
2026-09-15 22:39:13 +0530: Memory Usage (433680K) : Evaluate switches.
2026-09-15 22:39:13 +0530: Memory Usage (433680K) : tables selected: main
2026-09-15 22:39:13 +0530: Memory Usage (433680K) : KLayout will use 12 thread(s) in tiling mode.
2026-09-15 22:39:13 +0530: Memory Usage (433680K) : deep mode is enabled.
2026-09-15 22:39:13 +0530: Memory Usage (433680K) : FEOL enabled: true
2026-09-15 22:39:13 +0530: Memory Usage (433680K) : BEOL enabled: true
2026-09-15 22:39:13 +0530: Memory Usage (433680K) : OFFGRID enabled: true
2026-09-15 22:39:13 +0530: Memory Usage (433680K) : ANGLE enabled: true
2026-09-15 22:39:13 +0530: Memory Usage (433680K) : PIN enabled: true
2026-09-15 22:39:13 +0530: Memory Usage (433680K) : FORBIDDEN enabled: true
2026-09-15 22:39:13 +0530: Memory Usage (433680K) : RECOMMENDED enabled: false
2026-09-15 22:39:13 +0530: Memory Usage (433680K) : PreCheck DRC enabled: false
2026-09-15 22:39:13 +0530: Memory Usage (433680K) : CONNECTIVITY_RULES enabled: true.
2026-09-15 22:39:13 +0530: Memory Usage (433680K) : Read in polygons from layers.
2026-09-15 22:39:13 +0530: Memory Usage (439260K) : activ_drw has 130018 polygons
2026-09-15 22:39:13 +0530: Memory Usage (439260K) : activ_pin has 0 polygons
2026-09-15 22:39:13 +0530: Memory Usage (439260K) : activ_mask has 0 polygons
2026-09-15 22:39:13 +0530: Memory Usage (439260K) : activ_filler has 0 polygons
2026-09-15 22:39:13 +0530: Memory Usage (439260K) : activ_nofill has 0 polygons
2026-09-15 22:39:13 +0530: Memory Usage (439260K) : activ_opc has 0 polygons
2026-09-15 22:39:13 +0530: Memory Usage (439260K) : activ_iopc has 0 polygons
2026-09-15 22:39:13 +0530: Memory Usage (439260K) : activ_noqrc has 0 polygons
2026-09-15 22:39:13 +0530: Memory Usage (439260K) : biwind_drw has 0 polygons
2026-09-15 22:39:13 +0530: Memory Usage (439260K) : biwind_opc has 0 polygons
2026-09-15 22:39:13 +0530: Memory Usage (439260K) : pemwind_drw has 0 polygons
2026-09-15 22:39:13 +0530: Memory Usage (439260K) : gatpoly_drw has 138638 polygons
2026-09-15 22:39:13 +0530: Memory Usage (439260K) : gatpoly_pin has 0 polygons
2026-09-15 22:39:13 +0530: Memory Usage (439260K) : gatpoly_filler has 0 polygons
2026-09-15 22:39:13 +0530: Memory Usage (439260K) : gatpoly_nofill has 0 polygons
2026-09-15 22:39:13 +0530: Memory Usage (439260K) : gatpoly_opc has 0 polygons
2026-09-15 22:39:13 +0530: Memory Usage (439260K) : gatpoly_iopc has 0 polygons
2026-09-15 22:39:13 +0530: Memory Usage (439260K) : gatpoly_noqrc has 0 polygons
2026-09-15 22:39:13 +0530: Memory Usage (439260K) : cont_drw has 950009 polygons
2026-09-15 22:39:13 +0530: Memory Usage (439260K) : cont_opc has 0 polygons
2026-09-15 22:39:14 +0530: Memory Usage (439260K) : nsd_drw has 0 polygons
2026-09-15 22:39:14 +0530: Memory Usage (439260K) : nsd_block has 0 polygons
2026-09-15 22:39:14 +0530: Memory Usage (439260K) : metal1_drw has 266514 polygons
2026-09-15 22:39:14 +0530: Memory Usage (439260K) : metal1_pin has 97538 polygons
2026-09-15 22:39:14 +0530: Memory Usage (439260K) : metal1_mask has 0 polygons
2026-09-15 22:39:14 +0530: Memory Usage (439260K) : metal1_filler has 0 polygons
2026-09-15 22:39:14 +0530: Memory Usage (439260K) : metal1_nofill has 0 polygons
2026-09-15 22:39:14 +0530: Memory Usage (439260K) : metal1_slit has 0 polygons
2026-09-15 22:39:14 +0530: Memory Usage (439416K) : metal1_text has 96042 polygons
2026-09-15 22:39:14 +0530: Memory Usage (439416K) : metal1_opc has 0 polygons
2026-09-15 22:39:14 +0530: Memory Usage (439416K) : metal1_noqrc has 0 polygons
2026-09-15 22:39:14 +0530: Memory Usage (439416K) : metal1_res has 0 polygons
2026-09-15 22:39:14 +0530: Memory Usage (439416K) : metal1_iprobe has 0 polygons
2026-09-15 22:39:14 +0530: Memory Usage (439416K) : metal1_diffprb has 0 polygons
2026-09-15 22:39:14 +0530: Memory Usage (439416K) : passiv_drw has 0 polygons
2026-09-15 22:39:14 +0530: Memory Usage (439416K) : passiv_pin has 0 polygons
2026-09-15 22:39:14 +0530: Memory Usage (439416K) : passiv_sbump has 0 polygons
2026-09-15 22:39:14 +0530: Memory Usage (439416K) : passiv_pillar has 0 polygons
2026-09-15 22:39:14 +0530: Memory Usage (439416K) : passiv_pdl has 0 polygons
2026-09-15 22:39:14 +0530: Memory Usage (441976K) : metal2_drw has 149909 polygons
2026-09-15 22:39:14 +0530: Memory Usage (441976K) : metal2_pin has 148 polygons
2026-09-15 22:39:14 +0530: Memory Usage (441976K) : metal2_mask has 0 polygons
2026-09-15 22:39:14 +0530: Memory Usage (441976K) : metal2_filler has 0 polygons
2026-09-15 22:39:14 +0530: Memory Usage (441976K) : metal2_nofill has 0 polygons
2026-09-15 22:39:14 +0530: Memory Usage (441976K) : metal2_slit has 0 polygons
2026-09-15 22:39:14 +0530: Memory Usage (441976K) : metal2_text has 148 polygons
2026-09-15 22:39:14 +0530: Memory Usage (441976K) : metal2_opc has 0 polygons
2026-09-15 22:39:14 +0530: Memory Usage (441976K) : metal2_noqrc has 0 polygons
2026-09-15 22:39:14 +0530: Memory Usage (441976K) : metal2_res has 0 polygons
2026-09-15 22:39:14 +0530: Memory Usage (441976K) : metal2_iprobe has 0 polygons
2026-09-15 22:39:14 +0530: Memory Usage (441976K) : metal2_diffprb has 0 polygons
2026-09-15 22:39:14 +0530: Memory Usage (441976K) : baspoly_drw has 0 polygons
2026-09-15 22:39:14 +0530: Memory Usage (441976K) : baspoly_pin has 0 polygons
2026-09-15 22:39:14 +0530: Memory Usage (441976K) : psd_drw has 58429 polygons
2026-09-15 22:39:14 +0530: Memory Usage (441976K) : nldb_drw has 0 polygons
2026-09-15 22:39:14 +0530: Memory Usage (441976K) : digibnd_drw has 0 polygons
2026-09-15 22:39:14 +0530: Memory Usage (441976K) : via1_drw has 44372 polygons
2026-09-15 22:39:14 +0530: Memory Usage (441976K) : backmetal1_drw has 0 polygons
2026-09-15 22:39:14 +0530: Memory Usage (441976K) : backmetal1_pin has 0 polygons
2026-09-15 22:39:14 +0530: Memory Usage (441976K) : backmetal1_mask has 0 polygons
2026-09-15 22:39:14 +0530: Memory Usage (441976K) : backmetal1_filler has 0 polygons
2026-09-15 22:39:14 +0530: Memory Usage (441976K) : backmetal1_nofill has 0 polygons
2026-09-15 22:39:14 +0530: Memory Usage (441976K) : backmetal1_slit has 0 polygons
2026-09-15 22:39:14 +0530: Memory Usage (441976K) : backmetal1_text has 0 polygons
2026-09-15 22:39:14 +0530: Memory Usage (441976K) : backmetal1_opc has 0 polygons
2026-09-15 22:39:14 +0530: Memory Usage (441976K) : backmetal1_noqrc has 0 polygons
2026-09-15 22:39:14 +0530: Memory Usage (441976K) : backmetal1_res has 0 polygons
2026-09-15 22:39:14 +0530: Memory Usage (441976K) : backmetal1_iprobe has 0 polygons
2026-09-15 22:39:14 +0530: Memory Usage (441976K) : backmetal1_diffprb has 0 polygons
2026-09-15 22:39:14 +0530: Memory Usage (441976K) : backpassiv_drw has 0 polygons
2026-09-15 22:39:14 +0530: Memory Usage (441976K) : res_drw has 0 polygons
2026-09-15 22:39:14 +0530: Memory Usage (441976K) : sram_drw has 0 polygons
2026-09-15 22:39:14 +0530: Memory Usage (441976K) : trans_drw has 0 polygons
2026-09-15 22:39:14 +0530: Memory Usage (441976K) : ind_drw has 0 polygons
2026-09-15 22:39:14 +0530: Memory Usage (441976K) : ind_pin has 0 polygons
2026-09-15 22:39:14 +0530: Memory Usage (441976K) : ind_text has 0 polygons
2026-09-15 22:39:14 +0530: Memory Usage (441976K) : salblock_drw has 0 polygons
2026-09-15 22:39:14 +0530: Memory Usage (441976K) : via2_drw has 45755 polygons
2026-09-15 22:39:14 +0530: Memory Usage (441976K) : metal3_drw has 78962 polygons
2026-09-15 22:39:14 +0530: Memory Usage (441976K) : metal3_pin has 3 polygons
2026-09-15 22:39:14 +0530: Memory Usage (441976K) : metal3_mask has 0 polygons
2026-09-15 22:39:14 +0530: Memory Usage (441976K) : metal3_filler has 0 polygons
2026-09-15 22:39:14 +0530: Memory Usage (441976K) : metal3_nofill has 0 polygons
2026-09-15 22:39:14 +0530: Memory Usage (441976K) : metal3_slit has 0 polygons
2026-09-15 22:39:14 +0530: Memory Usage (441976K) : metal3_text has 3 polygons
2026-09-15 22:39:14 +0530: Memory Usage (441976K) : metal3_opc has 0 polygons
2026-09-15 22:39:14 +0530: Memory Usage (441976K) : metal3_noqrc has 0 polygons
2026-09-15 22:39:14 +0530: Memory Usage (441976K) : metal3_res has 0 polygons
2026-09-15 22:39:14 +0530: Memory Usage (441976K) : metal3_iprobe has 0 polygons
2026-09-15 22:39:14 +0530: Memory Usage (441976K) : metal3_diffprb has 0 polygons
2026-09-15 22:39:14 +0530: Memory Usage (441976K) : nwell_drw has 29143 polygons
2026-09-15 22:39:14 +0530: Memory Usage (441976K) : nwell_pin has 0 polygons
2026-09-15 22:39:14 +0530: Memory Usage (442104K) : nbulay_drw has 0 polygons
2026-09-15 22:39:14 +0530: Memory Usage (442104K) : nbulay_pin has 0 polygons
2026-09-15 22:39:14 +0530: Memory Usage (442104K) : nbulay_block has 0 polygons
2026-09-15 22:39:14 +0530: Memory Usage (442104K) : emwind_drw has 0 polygons
2026-09-15 22:39:14 +0530: Memory Usage (442104K) : emwind_opc has 0 polygons
2026-09-15 22:39:14 +0530: Memory Usage (442104K) : deepco_drw has 0 polygons
2026-09-15 22:39:14 +0530: Memory Usage (442104K) : deepco_drw has 0 polygons
2026-09-15 22:39:14 +0530: Memory Usage (442104K) : mim_drw has 0 polygons
2026-09-15 22:39:14 +0530: Memory Usage (442104K) : edgeseal_drw has 0 polygons
2026-09-15 22:39:14 +0530: Memory Usage (442104K) : edgeseal_bound has 0 polygons
2026-09-15 22:39:14 +0530: Memory Usage (442104K) : substrate_drw has 0 polygons
2026-09-15 22:39:14 +0530: Memory Usage (442104K) : substrate_text has 0 polygons
2026-09-15 22:39:14 +0530: Memory Usage (442104K) : dfpad_drw has 0 polygons
2026-09-15 22:39:14 +0530: Memory Usage (442104K) : dfpad_pillar has 0 polygons
2026-09-15 22:39:14 +0530: Memory Usage (442104K) : dfpad_sbump has 0 polygons
2026-09-15 22:39:14 +0530: Memory Usage (442104K) : thickgateox_drw has 0 polygons
2026-09-15 22:39:14 +0530: Memory Usage (442104K) : pldb_drw has 0 polygons
2026-09-15 22:39:14 +0530: Memory Usage (442104K) : pwell_drw has 0 polygons
2026-09-15 22:39:14 +0530: Memory Usage (442104K) : pwell_pin has 0 polygons
2026-09-15 22:39:14 +0530: Memory Usage (442104K) : pwell_block has 0 polygons
2026-09-15 22:39:14 +0530: Memory Usage (442104K) : ic_drw has 0 polygons
2026-09-15 22:39:14 +0530: Memory Usage (442104K) : via3_drw has 12004 polygons
2026-09-15 22:39:14 +0530: Memory Usage (442104K) : metal4_drw has 12032 polygons
2026-09-15 22:39:15 +0530: Memory Usage (442104K) : metal4_pin has 0 polygons
2026-09-15 22:39:15 +0530: Memory Usage (442104K) : metal4_mask has 0 polygons
2026-09-15 22:39:15 +0530: Memory Usage (442104K) : metal4_filler has 0 polygons
2026-09-15 22:39:15 +0530: Memory Usage (442104K) : metal4_nofill has 0 polygons
2026-09-15 22:39:15 +0530: Memory Usage (442104K) : metal4_slit has 0 polygons
2026-09-15 22:39:15 +0530: Memory Usage (442104K) : metal4_text has 0 polygons
2026-09-15 22:39:15 +0530: Memory Usage (442104K) : metal4_opc has 0 polygons
2026-09-15 22:39:15 +0530: Memory Usage (442104K) : metal4_noqrc has 0 polygons
2026-09-15 22:39:15 +0530: Memory Usage (442104K) : metal4_res has 0 polygons
2026-09-15 22:39:15 +0530: Memory Usage (442104K) : metal4_iprobe has 0 polygons
2026-09-15 22:39:15 +0530: Memory Usage (442104K) : metal4_diffprb has 0 polygons
2026-09-15 22:39:15 +0530: Memory Usage (442104K) : heattrans_drw has 0 polygons
2026-09-15 22:39:15 +0530: Memory Usage (442104K) : heatres_drw has 0 polygons
2026-09-15 22:39:15 +0530: Memory Usage (442104K) : pempoly_drw has 0 polygons
2026-09-15 22:39:15 +0530: Memory Usage (442104K) : fbe_drw has 0 polygons
2026-09-15 22:39:15 +0530: Memory Usage (442104K) : empoly_drw has 0 polygons
2026-09-15 22:39:15 +0530: Memory Usage (442104K) : ldmos_drw has 0 polygons
2026-09-15 22:39:15 +0530: Memory Usage (442104K) : pbiwind_drw has 0 polygons
2026-09-15 22:39:15 +0530: Memory Usage (442104K) : digisub_drw has 0 polygons
2026-09-15 22:39:15 +0530: Memory Usage (442104K) : nodrc_drw has 0 polygons
2026-09-15 22:39:15 +0530: Memory Usage (442104K) : text_drw has 30 polygons
2026-09-15 22:39:15 +0530: Memory Usage (442104K) : via4_drw has 6661 polygons
2026-09-15 22:39:15 +0530: Memory Usage (442104K) : metal5_drw has 4330 polygons
2026-09-15 22:39:15 +0530: Memory Usage (442104K) : metal5_pin has 0 polygons
2026-09-15 22:39:15 +0530: Memory Usage (442104K) : metal5_mask has 0 polygons
2026-09-15 22:39:15 +0530: Memory Usage (442232K) : metal5_filler has 0 polygons
2026-09-15 22:39:15 +0530: Memory Usage (442232K) : metal5_nofill has 0 polygons
2026-09-15 22:39:15 +0530: Memory Usage (442232K) : metal5_slit has 0 polygons
2026-09-15 22:39:15 +0530: Memory Usage (442232K) : metal5_text has 0 polygons
2026-09-15 22:39:15 +0530: Memory Usage (442232K) : metal5_opc has 0 polygons
2026-09-15 22:39:15 +0530: Memory Usage (442232K) : metal5_noqrc has 0 polygons
2026-09-15 22:39:15 +0530: Memory Usage (442232K) : metal5_res has 0 polygons
2026-09-15 22:39:15 +0530: Memory Usage (442232K) : metal5_iprobe has 0 polygons
2026-09-15 22:39:15 +0530: Memory Usage (442232K) : metal5_diffprb has 0 polygons
2026-09-15 22:39:15 +0530: Memory Usage (442232K) : radhard_drw has 0 polygons
2026-09-15 22:39:15 +0530: Memory Usage (442232K) : memcap_drw has 0 polygons
2026-09-15 22:39:15 +0530: Memory Usage (442232K) : varicap_drw has 0 polygons
2026-09-15 22:39:15 +0530: Memory Usage (442232K) : flash_drw has 0 polygons
2026-09-15 22:39:15 +0530: Memory Usage (442232K) : intbondvia_drw has 0 polygons
2026-09-15 22:39:15 +0530: Memory Usage (442232K) : intbondmet_drw has 0 polygons
2026-09-15 22:39:15 +0530: Memory Usage (442232K) : devbondvia_drw has 0 polygons
2026-09-15 22:39:15 +0530: Memory Usage (442232K) : devbondmet_drw has 0 polygons
2026-09-15 22:39:15 +0530: Memory Usage (442232K) : devtrench_drw has 0 polygons
2026-09-15 22:39:15 +0530: Memory Usage (442232K) : redist_drw has 0 polygons
2026-09-15 22:39:15 +0530: Memory Usage (442232K) : graphbot_drw has 0 polygons
2026-09-15 22:39:15 +0530: Memory Usage (442232K) : graphtop_drw has 0 polygons
2026-09-15 22:39:15 +0530: Memory Usage (442232K) : antvia1_drw has 0 polygons
2026-09-15 22:39:15 +0530: Memory Usage (442232K) : antmetal2_drw has 0 polygons
2026-09-15 22:39:15 +0530: Memory Usage (442232K) : graphcont_drw has 0 polygons
2026-09-15 22:39:15 +0530: Memory Usage (442232K) : siwg_drw has 0 polygons
2026-09-15 22:39:15 +0530: Memory Usage (442232K) : siwg_filler has 0 polygons
2026-09-15 22:39:15 +0530: Memory Usage (442232K) : siwg_nofill has 0 polygons
2026-09-15 22:39:15 +0530: Memory Usage (442232K) : sigrating_drw has 0 polygons
2026-09-15 22:39:15 +0530: Memory Usage (442232K) : singrating_drw has 0 polygons
2026-09-15 22:39:15 +0530: Memory Usage (442232K) : graphpas_drw has 0 polygons
2026-09-15 22:39:15 +0530: Memory Usage (442232K) : emwind3_drw has 0 polygons
2026-09-15 22:39:15 +0530: Memory Usage (442232K) : emwihv3_drw has 0 polygons
2026-09-15 22:39:15 +0530: Memory Usage (442232K) : redbulay_drw has 0 polygons
2026-09-15 22:39:15 +0530: Memory Usage (442232K) : smos_drw has 0 polygons
2026-09-15 22:39:15 +0530: Memory Usage (442232K) : graphpad_drw has 0 polygons
2026-09-15 22:39:15 +0530: Memory Usage (442232K) : polimide_drw has 0 polygons
2026-09-15 22:39:15 +0530: Memory Usage (442232K) : polimide_pin has 0 polygons
2026-09-15 22:39:15 +0530: Memory Usage (442232K) : recog_drw has 0 polygons
2026-09-15 22:39:15 +0530: Memory Usage (442232K) : recog_pin has 0 polygons
2026-09-15 22:39:15 +0530: Memory Usage (442232K) : recog_esd has 0 polygons
2026-09-15 22:39:15 +0530: Memory Usage (442232K) : recog_diode has 30 polygons
2026-09-15 22:39:15 +0530: Memory Usage (442232K) : recog_tsv has 0 polygons
2026-09-15 22:39:15 +0530: Memory Usage (442232K) : recog_iprobe has 0 polygons
2026-09-15 22:39:15 +0530: Memory Usage (442232K) : recog_diffprb has 0 polygons
2026-09-15 22:39:15 +0530: Memory Usage (442232K) : recog_pillar has 0 polygons
2026-09-15 22:39:15 +0530: Memory Usage (442232K) : recog_sbump has 0 polygons
2026-09-15 22:39:15 +0530: Memory Usage (442232K) : recog_otp has 0 polygons
2026-09-15 22:39:15 +0530: Memory Usage (442232K) : recog_pdiode has 0 polygons
2026-09-15 22:39:15 +0530: Memory Usage (442232K) : recog_mom has 0 polygons
2026-09-15 22:39:15 +0530: Memory Usage (442232K) : recog_momf has 0 polygons
2026-09-15 22:39:15 +0530: Memory Usage (442232K) : recog_pcm has 0 polygons
2026-09-15 22:39:15 +0530: Memory Usage (442232K) : colopen_drw has 0 polygons
2026-09-15 22:39:15 +0530: Memory Usage (442232K) : graphmetal1_drw has 0 polygons
2026-09-15 22:39:15 +0530: Memory Usage (442232K) : graphmetal1_filler has 0 polygons
2026-09-15 22:39:15 +0530: Memory Usage (442232K) : graphmetal1_nofill has 0 polygons
2026-09-15 22:39:15 +0530: Memory Usage (442232K) : graphmetal1_slit has 0 polygons
2026-09-15 22:39:15 +0530: Memory Usage (442232K) : graphmetal1_opc has 0 polygons
2026-09-15 22:39:15 +0530: Memory Usage (442232K) : graphmet1l_drw has 0 polygons
2026-09-15 22:39:15 +0530: Memory Usage (442232K) : graphmet1l_filler has 0 polygons
2026-09-15 22:39:15 +0530: Memory Usage (442232K) : graphmet1l_nofill has 0 polygons
2026-09-15 22:39:15 +0530: Memory Usage (442232K) : graphmet1l_slit has 0 polygons
2026-09-15 22:39:15 +0530: Memory Usage (442232K) : graphmet1l_opc has 0 polygons
2026-09-15 22:39:15 +0530: Memory Usage (442232K) : extblock_drw has 0 polygons
2026-09-15 22:39:15 +0530: Memory Usage (442232K) : nldd_drw has 0 polygons
2026-09-15 22:39:15 +0530: Memory Usage (442232K) : pldd_drw has 0 polygons
2026-09-15 22:39:15 +0530: Memory Usage (442232K) : next_drw has 0 polygons
2026-09-15 22:39:15 +0530: Memory Usage (442232K) : pext_drw has 0 polygons
2026-09-15 22:39:15 +0530: Memory Usage (442232K) : nexthv_drw has 0 polygons
2026-09-15 22:39:15 +0530: Memory Usage (442232K) : pexthv_drw has 0 polygons
2026-09-15 22:39:15 +0530: Memory Usage (442232K) : graphgate_drw has 0 polygons
2026-09-15 22:39:15 +0530: Memory Usage (442232K) : sinwg_drw has 0 polygons
2026-09-15 22:39:15 +0530: Memory Usage (442232K) : sinwg_filler has 0 polygons
2026-09-15 22:39:15 +0530: Memory Usage (442232K) : sinwg_nofill has 0 polygons
2026-09-15 22:39:15 +0530: Memory Usage (442232K) : mempad_drw has 0 polygons
2026-09-15 22:39:15 +0530: Memory Usage (442232K) : topvia1_drw has 2528 polygons
2026-09-15 22:39:15 +0530: Memory Usage (442232K) : topmetal1_drw has 1424 polygons
2026-09-15 22:39:15 +0530: Memory Usage (442232K) : topmetal1_pin has 16 polygons
2026-09-15 22:39:15 +0530: Memory Usage (442232K) : topmetal1_mask has 0 polygons
2026-09-15 22:39:15 +0530: Memory Usage (442232K) : topmetal1_filler has 0 polygons
2026-09-15 22:39:15 +0530: Memory Usage (442232K) : topmetal1_nofill has 0 polygons
2026-09-15 22:39:15 +0530: Memory Usage (442232K) : topmetal1_slit has 0 polygons
2026-09-15 22:39:15 +0530: Memory Usage (442232K) : topmetal1_text has 2 polygons
2026-09-15 22:39:15 +0530: Memory Usage (442232K) : topmetal1_noqrc has 0 polygons
2026-09-15 22:39:15 +0530: Memory Usage (442232K) : topmetal1_res has 0 polygons
2026-09-15 22:39:15 +0530: Memory Usage (442232K) : topmetal1_iprobe has 0 polygons
2026-09-15 22:39:15 +0530: Memory Usage (442232K) : topmetal1_diffprb has 0 polygons
2026-09-15 22:39:15 +0530: Memory Usage (442232K) : inldpwl_drw has 0 polygons
2026-09-15 22:39:15 +0530: Memory Usage (442232K) : polyres_drw has 0 polygons
2026-09-15 22:39:15 +0530: Memory Usage (442232K) : polyres_pin has 0 polygons
2026-09-15 22:39:15 +0530: Memory Usage (442232K) : vmim_drw has 0 polygons
2026-09-15 22:39:15 +0530: Memory Usage (442232K) : nbulaycut_drw has 0 polygons
2026-09-15 22:39:15 +0530: Memory Usage (442232K) : antmetal1_drw has 0 polygons
2026-09-15 22:39:15 +0530: Memory Usage (442232K) : topvia2_drw has 128 polygons
2026-09-15 22:39:15 +0530: Memory Usage (442232K) : topmetal2_drw has 160 polygons
2026-09-15 22:39:16 +0530: Memory Usage (442232K) : topmetal2_pin has 16 polygons
2026-09-15 22:39:16 +0530: Memory Usage (442232K) : topmetal2_mask has 0 polygons
2026-09-15 22:39:16 +0530: Memory Usage (442232K) : topmetal2_filler has 0 polygons
2026-09-15 22:39:16 +0530: Memory Usage (442232K) : topmetal2_nofill has 0 polygons
2026-09-15 22:39:16 +0530: Memory Usage (442232K) : topmetal2_slit has 0 polygons
2026-09-15 22:39:16 +0530: Memory Usage (442232K) : topmetal2_text has 2 polygons
2026-09-15 22:39:16 +0530: Memory Usage (442232K) : topmetal2_noqrc has 0 polygons
2026-09-15 22:39:16 +0530: Memory Usage (442232K) : topmetal2_res has 0 polygons
2026-09-15 22:39:16 +0530: Memory Usage (442232K) : topmetal2_iprobe has 0 polygons
2026-09-15 22:39:16 +0530: Memory Usage (442232K) : topmetal2_diffprb has 0 polygons
2026-09-15 22:39:16 +0530: Memory Usage (442232K) : snsring_drw has 0 polygons
2026-09-15 22:39:16 +0530: Memory Usage (442232K) : sensor_drw has 0 polygons
2026-09-15 22:39:16 +0530: Memory Usage (442232K) : snsarms_drw has 0 polygons
2026-09-15 22:39:16 +0530: Memory Usage (442232K) : snscmosvia_drw has 0 polygons
2026-09-15 22:39:16 +0530: Memory Usage (442232K) : colwind_drw has 0 polygons
2026-09-15 22:39:16 +0530: Memory Usage (442232K) : flm_drw has 0 polygons
2026-09-15 22:39:16 +0530: Memory Usage (442232K) : hafniumox_drw has 0 polygons
2026-09-15 22:39:16 +0530: Memory Usage (442232K) : memvia_drw has 0 polygons
2026-09-15 22:39:16 +0530: Memory Usage (442232K) : thinfilmres_drw has 0 polygons
2026-09-15 22:39:16 +0530: Memory Usage (442232K) : rfmem_drw has 0 polygons
2026-09-15 22:39:16 +0530: Memory Usage (442232K) : norcx_drw has 0 polygons
2026-09-15 22:39:16 +0530: Memory Usage (442232K) : norcx_m2m3 has 0 polygons
2026-09-15 22:39:16 +0530: Memory Usage (442232K) : norcx_m2m4 has 0 polygons
2026-09-15 22:39:16 +0530: Memory Usage (442232K) : norcx_m2m5 has 0 polygons
2026-09-15 22:39:16 +0530: Memory Usage (442232K) : norcx_m2tm1 has 0 polygons
2026-09-15 22:39:16 +0530: Memory Usage (442232K) : norcx_m2tm2 has 0 polygons
2026-09-15 22:39:16 +0530: Memory Usage (442232K) : norcx_m3m4 has 0 polygons
2026-09-15 22:39:16 +0530: Memory Usage (442232K) : norcx_m3m5 has 0 polygons
2026-09-15 22:39:16 +0530: Memory Usage (442232K) : norcx_m3tm1 has 0 polygons
2026-09-15 22:39:16 +0530: Memory Usage (442232K) : norcx_m3tm2 has 0 polygons
2026-09-15 22:39:16 +0530: Memory Usage (442232K) : norcx_m4m5 has 0 polygons
2026-09-15 22:39:16 +0530: Memory Usage (442232K) : norcx_m4tm1 has 0 polygons
2026-09-15 22:39:16 +0530: Memory Usage (442232K) : norcx_m4tm2 has 0 polygons
2026-09-15 22:39:16 +0530: Memory Usage (442232K) : norcx_m5tm1 has 0 polygons
2026-09-15 22:39:16 +0530: Memory Usage (442232K) : norcx_m5tm2 has 0 polygons
2026-09-15 22:39:16 +0530: Memory Usage (442232K) : norcx_tm1tm2 has 0 polygons
2026-09-15 22:39:16 +0530: Memory Usage (442232K) : norcx_m1sub has 0 polygons
2026-09-15 22:39:16 +0530: Memory Usage (442232K) : norcx_m2sub has 0 polygons
2026-09-15 22:39:16 +0530: Memory Usage (442232K) : norcx_m3sub has 0 polygons
2026-09-15 22:39:16 +0530: Memory Usage (442232K) : norcx_m4sub has 0 polygons
2026-09-15 22:39:16 +0530: Memory Usage (442232K) : norcx_m5sub has 0 polygons
2026-09-15 22:39:16 +0530: Memory Usage (442232K) : norcx_tm1sub has 0 polygons
2026-09-15 22:39:16 +0530: Memory Usage (442232K) : norcx_tm2sub has 0 polygons
2026-09-15 22:39:16 +0530: Memory Usage (442232K) : snsbotvia_drw has 0 polygons
2026-09-15 22:39:16 +0530: Memory Usage (442232K) : snstopvia_drw has 0 polygons
2026-09-15 22:39:16 +0530: Memory Usage (442232K) : deepvia_drw has 0 polygons
2026-09-15 22:39:16 +0530: Memory Usage (442232K) : fgetch_drw has 0 polygons
2026-09-15 22:39:16 +0530: Memory Usage (442232K) : ctrgat_drw has 0 polygons
2026-09-15 22:39:16 +0530: Memory Usage (442232K) : fgimp_drw has 0 polygons
2026-09-15 22:39:16 +0530: Memory Usage (442232K) : emwihv_drw has 0 polygons
2026-09-15 22:39:16 +0530: Memory Usage (442232K) : lbe_drw has 0 polygons
2026-09-15 22:39:16 +0530: Memory Usage (442232K) : alcustop_drw has 0 polygons
2026-09-15 22:39:16 +0530: Memory Usage (442232K) : nometfiller_drw has 0 polygons
2026-09-15 22:39:16 +0530: Memory Usage (442232K) : prboundary_drw has 0 polygons
2026-09-15 22:39:16 +0530: Memory Usage (442232K) : exchange0_drw has 0 polygons
2026-09-15 22:39:16 +0530: Memory Usage (442232K) : exchange0_pin has 0 polygons
2026-09-15 22:39:16 +0530: Memory Usage (442232K) : exchange0_text has 0 polygons
2026-09-15 22:39:16 +0530: Memory Usage (442232K) : exchange1_drw has 0 polygons
2026-09-15 22:39:16 +0530: Memory Usage (442232K) : exchange1_pin has 0 polygons
2026-09-15 22:39:16 +0530: Memory Usage (442232K) : exchange1_text has 0 polygons
2026-09-15 22:39:16 +0530: Memory Usage (442232K) : exchange2_drw has 0 polygons
2026-09-15 22:39:16 +0530: Memory Usage (442232K) : exchange2_pin has 0 polygons
2026-09-15 22:39:16 +0530: Memory Usage (442232K) : exchange2_text has 0 polygons
2026-09-15 22:39:16 +0530: Memory Usage (442232K) : exchange3_drw has 0 polygons
2026-09-15 22:39:16 +0530: Memory Usage (442232K) : exchange3_pin has 0 polygons
2026-09-15 22:39:16 +0530: Memory Usage (442232K) : exchange3_text has 0 polygons
2026-09-15 22:39:16 +0530: Memory Usage (442232K) : exchange4_drw has 0 polygons
2026-09-15 22:39:16 +0530: Memory Usage (442232K) : exchange4_pin has 0 polygons
2026-09-15 22:39:16 +0530: Memory Usage (442232K) : exchange4_text has 0 polygons
2026-09-15 22:39:16 +0530: Memory Usage (442232K) : isonwell_drw has 0 polygons
2026-09-15 22:39:16 +0530: Memory Usage (442232K) : Total no. of polygons in the design is 2124994
2026-09-15 22:39:16 +0530: Memory Usage (442232K) : Loaded TECH DRC rules values from /home/jaikrishn/IHP-Open-PDK/ihp-sg13g2/libs.tech/klayout/python/sg13g2_pycell_lib/sg13g2_tech_mod.json
2026-09-15 22:39:16 +0530: Memory Usage (442232K) : Loaded default DRC rules values from /home/jaikrishn/IHP-Open-PDK/ihp-sg13g2/libs.tech/klayout/tech/drc/rule_decks/sg13g2_tech_default.json
2026-09-15 22:39:16 +0530: Memory Usage (442232K) : The following rules values were missing in tech json and default values were used:
2026-09-15 22:39:16 +0530: Memory Usage (442232K) :   - NW_f1_digibnd
2026-09-15 22:39:16 +0530: Memory Usage (442232K) :   - Cnt_c_digibnd
2026-09-15 22:39:16 +0530: Memory Usage (442232K) :   - Cnt_c_sram
2026-09-15 22:39:16 +0530: Memory Usage (442232K) :   - Sdiod_b
2026-09-15 22:39:16 +0530: Memory Usage (442232K) :   - Sdiod_c
2026-09-15 22:39:16 +0530: Memory Usage (448656K) : Total area of the design is 378272.70249999996 um^2.
2026-09-15 22:39:16 +0530: Memory Usage (448656K) : The design dimensions are 605.75 µm * 624.47 µm.
2026-09-15 22:39:16 +0530: Memory Usage (448656K) : Starting general IHP-SG13G2 derivations.
2026-09-15 22:39:16 +0530: Memory Usage (448656K) : Starting Pwell derivations
2026-09-15 22:39:16 +0530: Memory Usage (475368K) : Starting n-Activ derivations
2026-09-15 22:39:17 +0530: Memory Usage (502760K) : Starting p-Activ derivations
2026-09-15 22:39:18 +0530: Memory Usage (503912K) : Starting ptap derivations
2026-09-15 22:39:18 +0530: Memory Usage (528488K) : Starting ntap derivations
2026-09-15 22:39:18 +0530: Memory Usage (552808K) : Starting pact FET derivations
2026-09-15 22:39:19 +0530: Memory Usage (546100K) : Starting nact FET derivations
2026-09-15 22:39:19 +0530: Memory Usage (546996K) : Starting Gate derivations
2026-09-15 22:39:19 +0530: Memory Usage (554932K) : Starting cont/contbar general derivations
2026-09-15 22:39:21 +0530: Memory Usage (702028K) : Starting pad general derivations
2026-09-15 22:39:21 +0530: Memory Usage (702028K) : Starting schottky_nbl general derivations
2026-09-15 22:39:22 +0530: Memory Usage (702028K) : Starting SVaricap general derivations
2026-09-15 22:39:22 +0530: Memory Usage (702028K) : Starting HBT general derivations
2026-09-15 22:39:22 +0530: Memory Usage (702028K) : Starting IHP-SG13G2 DRC connectivity related derivations.
2026-09-15 22:39:22 +0530: Memory Usage (702028K) : Starting IHP-SG13G2 DRC connectivity setup
2026-09-15 22:39:26 +0530: Memory Usage (702028K) : Starting IHP-SG13G2 DRC rules.
2026-09-15 22:39:26 +0530: Memory Usage (702028K) : Running all FEOL rules
2026-09-15 22:39:26 +0530: Memory Usage (702028K) : Running all BEOL rules
2026-09-15 22:39:26 +0530: Memory Usage (702028K) : Running all PIN rules
2026-09-15 22:39:26 +0530: Memory Usage (702028K) : Running all FORBIDDEN rules
2026-09-15 22:39:26 +0530: Memory Usage (702028K) : Starting 5.1 NWell table
2026-09-15 22:39:26 +0530: Memory Usage (702028K) : Executing rule NW.b
2026-09-15 22:39:27 +0530: Memory Usage (713068K) : Executing rule NW.b1
2026-09-15 22:39:27 +0530: Memory Usage (713068K) : Executing rule NW.f1
2026-09-15 22:39:27 +0530: Memory Usage (713068K) : Executing rule NW.f1.digibnd
2026-09-15 22:39:27 +0530: Memory Usage (713068K) : Starting 5.2 PWell:block
2026-09-15 22:39:27 +0530: Memory Usage (713068K) : Executing rule PWB.e
2026-09-15 22:39:27 +0530: Memory Usage (713068K) : Executing rule PWB.e1
2026-09-15 22:39:27 +0530: Memory Usage (713068K) : Executing rule PWB.f
2026-09-15 22:39:27 +0530: Memory Usage (713068K) : Executing rule PWB.f1
2026-09-15 22:39:27 +0530: Memory Usage (713068K) : Starting 5.3 nBuLay table
2026-09-15 22:39:27 +0530: Memory Usage (713068K) : Executing rule NBL.b
2026-09-15 22:39:27 +0530: Memory Usage (712940K) : Executing rule NBL.c
2026-09-15 22:39:28 +0530: Memory Usage (713068K) : Executing rule NBL.d
2026-09-15 22:39:28 +0530: Memory Usage (714092K) : Executing rule NBL.e
2026-09-15 22:39:28 +0530: Memory Usage (719468K) : Executing rule NBL.f
2026-09-15 22:39:28 +0530: Memory Usage (721388K) : Starting 5.5. Activ table
2026-09-15 22:39:28 +0530: Memory Usage (721388K) : Executing rule Act.a
2026-09-15 22:39:28 +0530: Memory Usage (721388K) : Executing rule Act.b
2026-09-15 22:39:29 +0530: Memory Usage (757100K) : Starting 5.6 Activ:filler table
2026-09-15 22:39:29 +0530: Memory Usage (757100K) : Executing rule AFil.c1
2026-09-15 22:39:30 +0530: Memory Usage (757100K) : Executing rule AFil.c
2026-09-15 22:39:30 +0530: Memory Usage (757100K) : Executing rule AFil.d
2026-09-15 22:39:30 +0530: Memory Usage (757100K) : Executing rule AFil.e
2026-09-15 22:39:30 +0530: Memory Usage (757100K) : Executing rule AFil.j
2026-09-15 22:39:30 +0530: Memory Usage (757100K) : Starting 5.7. ThickGateOx table
2026-09-15 22:39:30 +0530: Memory Usage (757100K) : Executing rule TGO.f
2026-09-15 22:39:30 +0530: Memory Usage (757100K) : Starting 5.8. GatPoly table
2026-09-15 22:39:30 +0530: Memory Usage (757100K) : Executing rule Gat.a
2026-09-15 22:39:30 +0530: Memory Usage (757100K) : Executing rule Gat.b
2026-09-15 22:39:30 +0530: Memory Usage (764908K) : Executing rule Gat.d
2026-09-15 22:39:30 +0530: Memory Usage (765036K) : Executing rule Gat.a1
2026-09-15 22:39:30 +0530: Memory Usage (765628K) : Executing rule Gat.a2
2026-09-15 22:39:31 +0530: Memory Usage (765496K) : Executing rule Gat.g
2026-09-15 22:39:31 +0530: Memory Usage (765652K) : Starting 5.9 GatPoly:filler
2026-09-15 22:39:31 +0530: Memory Usage (765652K) : Executing rule GFil.d
2026-09-15 22:39:31 +0530: Memory Usage (765652K) : Executing rule GFil.e
2026-09-15 22:39:31 +0530: Memory Usage (765652K) : Executing rule GFil.i
2026-09-15 22:39:31 +0530: Memory Usage (765652K) : Starting 5.10 pSD table
2026-09-15 22:39:31 +0530: Memory Usage (765652K) : Executing rule pSD.c1
2026-09-15 22:39:32 +0530: Memory Usage (790784K) : Starting 5.14. Cont table
2026-09-15 22:39:32 +0530: Memory Usage (790784K) : Executing rule Cnt.a
2026-09-15 22:39:34 +0530: Memory Usage (904064K) : Executing rule Cnt.b
2026-09-15 22:39:36 +0530: Memory Usage (927744K) : Executing rule Cnt.c
2026-09-15 22:39:39 +0530: Memory Usage (973312K) : Executing rule Cnt.c.digibnd
2026-09-15 22:39:39 +0530: Memory Usage (973312K) : Executing rule Cnt.c.SRAM
2026-09-15 22:39:39 +0530: Memory Usage (973312K) : Executing rule Cnt.d
2026-09-15 22:39:40 +0530: Memory Usage (973312K) : Executing rule Cnt.e
2026-09-15 22:39:40 +0530: Memory Usage (973568K) : Executing rule Cnt.g1
2026-09-15 22:39:42 +0530: Memory Usage (980224K) : Executing rule Cnt.g2
2026-09-15 22:39:44 +0530: Memory Usage (1012096K) : Starting 5.15. ContBar table
2026-09-15 22:39:44 +0530: Memory Usage (1012096K) : Executing rule CntB.a
2026-09-15 22:39:47 +0530: Memory Usage (1014656K) : Executing rule CntB.a1
2026-09-15 22:39:47 +0530: Memory Usage (1014656K) : Executing rule CntB.b1
2026-09-15 22:39:47 +0530: Memory Usage (1014656K) : Executing rule CntB.h1
2026-09-15 22:39:47 +0530: Memory Usage (1014656K) : Starting 6.1.3 NPN Substrate-Tie table
2026-09-15 22:39:47 +0530: Memory Usage (1014656K) : Starting 6.7 Schottky diode table
2026-09-15 22:39:47 +0530: Memory Usage (1014656K) : Executing rule Sdiod.b
2026-09-15 22:39:47 +0530: Memory Usage (1014656K) : Executing rule Sdiod.c
2026-09-15 22:39:47 +0530: Memory Usage (1014656K) : Executing rule Sdiod.d
2026-09-15 22:39:47 +0530: Memory Usage (1014656K) : Executing rule Sdiod.e
2026-09-15 22:39:47 +0530: Memory Usage (1014656K) : Starting 7.2 Latch-up table
2026-09-15 22:39:47 +0530: Memory Usage (1014656K) : Executing rule LU.b
2026-09-15 22:39:49 +0530: Memory Usage (1022976K) : Starting 5.16. Metal1 table
2026-09-15 22:39:49 +0530: Memory Usage (1022976K) : Executing rule M1.a
2026-09-15 22:39:50 +0530: Memory Usage (1022976K) : Executing rule M1.b
2026-09-15 22:39:56 +0530: Memory Usage (1073988K) : Executing rule M1.e
2026-09-15 22:40:40 +0530: Memory Usage (1089092K) : Executing rule M1.f
2026-09-15 22:40:42 +0530: Memory Usage (1089092K) : Executing rule M1.g
2026-09-15 22:40:42 +0530: Memory Usage (1117064K) : Executing rule M1.i
2026-09-15 22:40:43 +0530: Memory Usage (1175048K) : Starting 5.17 Metaln table
2026-09-15 22:40:43 +0530: Memory Usage (1175048K) : Executing rule M2.a
2026-09-15 22:40:44 +0530: Memory Usage (1092620K) : Executing rule M2.b
2026-09-15 22:40:46 +0530: Memory Usage (1128332K) : Executing rule M2.e
2026-09-15 22:40:46 +0530: Memory Usage (1128460K) : Executing rule M2.f
2026-09-15 22:40:47 +0530: Memory Usage (1128460K) : Executing rule M2.g
2026-09-15 22:40:47 +0530: Memory Usage (1146636K) : Executing rule M2.i
2026-09-15 22:40:47 +0530: Memory Usage (1178892K) : Executing rule M3.a
2026-09-15 22:40:48 +0530: Memory Usage (1178892K) : Executing rule M3.b
2026-09-15 22:40:49 +0530: Memory Usage (1194764K) : Executing rule M3.e
2026-09-15 22:40:49 +0530: Memory Usage (1194764K) : Executing rule M3.f
2026-09-15 22:40:49 +0530: Memory Usage (1194764K) : Executing rule M3.g
2026-09-15 22:40:49 +0530: Memory Usage (1194892K) : Executing rule M3.i
2026-09-15 22:40:49 +0530: Memory Usage (1195020K) : Executing rule M4.a
2026-09-15 22:40:49 +0530: Memory Usage (1195020K) : Executing rule M4.b
2026-09-15 22:40:50 +0530: Memory Usage (1195020K) : Executing rule M4.e
2026-09-15 22:40:50 +0530: Memory Usage (1195020K) : Executing rule M4.f
2026-09-15 22:40:50 +0530: Memory Usage (1195020K) : Executing rule M4.g
2026-09-15 22:40:50 +0530: Memory Usage (1194888K) : Executing rule M4.i
2026-09-15 22:40:50 +0530: Memory Usage (1195400K) : Executing rule M5.a
2026-09-15 22:40:50 +0530: Memory Usage (1195400K) : Executing rule M5.b
2026-09-15 22:40:50 +0530: Memory Usage (1195396K) : Executing rule M5.e
2026-09-15 22:40:50 +0530: Memory Usage (1195396K) : Executing rule M5.f
2026-09-15 22:40:50 +0530: Memory Usage (1195396K) : Executing rule M5.g
2026-09-15 22:40:50 +0530: Memory Usage (1195396K) : Executing rule M5.i
2026-09-15 22:40:50 +0530: Memory Usage (1195524K) : Starting 5.18 Metaln:filler table
2026-09-15 22:40:50 +0530: Memory Usage (1195524K) : Executing rule M1Fil.c
2026-09-15 22:40:50 +0530: Memory Usage (1195524K) : Executing rule M1Fil.a2
2026-09-15 22:40:50 +0530: Memory Usage (1195524K) : Executing rule M2Fil.c
2026-09-15 22:40:50 +0530: Memory Usage (1195524K) : Executing rule M2Fil.a2
2026-09-15 22:40:50 +0530: Memory Usage (1195524K) : Executing rule M3Fil.c
2026-09-15 22:40:50 +0530: Memory Usage (1195524K) : Executing rule M3Fil.a2
2026-09-15 22:40:50 +0530: Memory Usage (1195524K) : Executing rule M4Fil.c
2026-09-15 22:40:50 +0530: Memory Usage (1195524K) : Executing rule M4Fil.a2
2026-09-15 22:40:50 +0530: Memory Usage (1195524K) : Executing rule M5Fil.c
2026-09-15 22:40:50 +0530: Memory Usage (1195524K) : Executing rule M5Fil.a2
2026-09-15 22:40:50 +0530: Memory Usage (1195524K) : Starting 5.19. Via1 table
2026-09-15 22:40:50 +0530: Memory Usage (1195524K) : Starting 5.19. Via1 table derivations
2026-09-15 22:40:50 +0530: Memory Usage (1195524K) : Executing rule V1.a
2026-09-15 22:40:50 +0530: Memory Usage (1195524K) : Executing rule V1.b
2026-09-15 22:40:51 +0530: Memory Usage (1198212K) : Executing rule V1.c
2026-09-15 22:40:51 +0530: Memory Usage (1210880K) : Starting 5.20. Vian table
2026-09-15 22:40:51 +0530: Memory Usage (1210880K) : Executing rule V2.a
2026-09-15 22:40:51 +0530: Memory Usage (1210880K) : Executing rule V2.b
2026-09-15 22:40:51 +0530: Memory Usage (1221376K) : Executing rule V2.c
2026-09-15 22:40:52 +0530: Memory Usage (1229440K) : Executing rule V3.a
2026-09-15 22:40:52 +0530: Memory Usage (1229440K) : Executing rule V3.b
2026-09-15 22:40:52 +0530: Memory Usage (1229568K) : Executing rule V3.c
2026-09-15 22:40:52 +0530: Memory Usage (1229440K) : Executing rule V4.a
2026-09-15 22:40:52 +0530: Memory Usage (1229440K) : Executing rule V4.b
2026-09-15 22:40:52 +0530: Memory Usage (1229568K) : Executing rule V4.c
2026-09-15 22:40:52 +0530: Memory Usage (1229568K) : Starting 5.21. TopVia1 table
2026-09-15 22:40:52 +0530: Memory Usage (1229568K) : Executing rule TV1.a
2026-09-15 22:40:53 +0530: Memory Usage (1229568K) : Executing rule TV1.b
2026-09-15 22:40:53 +0530: Memory Usage (1229696K) : Executing rule TV1.c
2026-09-15 22:40:53 +0530: Memory Usage (1229440K) : Executing rule TV1.d
2026-09-15 22:40:53 +0530: Memory Usage (1229184K) : Starting 5.22. TopMetal1 table
2026-09-15 22:40:53 +0530: Memory Usage (1229184K) : Executing rule TM1.a
2026-09-15 22:40:53 +0530: Memory Usage (1229184K) : Executing rule TM1.b
2026-09-15 22:40:53 +0530: Memory Usage (1229312K) : Starting 5.23 TopMetal1:filler table
2026-09-15 22:40:53 +0530: Memory Usage (1229312K) : Executing rule TM1Fil.c
2026-09-15 22:40:53 +0530: Memory Usage (1229312K) : Executing rule TM1Fil.a1
2026-09-15 22:40:53 +0530: Memory Usage (1229312K) : Starting 5.24. TopVia2 table
2026-09-15 22:40:53 +0530: Memory Usage (1229312K) : Executing rule TV2.a
2026-09-15 22:40:53 +0530: Memory Usage (1229312K) : Executing rule TV2.b
2026-09-15 22:40:53 +0530: Memory Usage (1229440K) : Executing rule TV2.c
2026-09-15 22:40:53 +0530: Memory Usage (1229312K) : Executing rule TV2.d
2026-09-15 22:40:53 +0530: Memory Usage (1229180K) : Starting 5.25. TopMetal2 table
2026-09-15 22:40:53 +0530: Memory Usage (1229180K) : Executing rule TM2.a
2026-09-15 22:40:53 +0530: Memory Usage (1229180K) : Executing rule TM2.b
2026-09-15 22:40:53 +0530: Memory Usage (1229308K) : Starting 5.26 TopMetal2:filler table
2026-09-15 22:40:53 +0530: Memory Usage (1229308K) : Executing rule TM2Fil.c
2026-09-15 22:40:53 +0530: Memory Usage (1229308K) : Executing rule TM2Fil.a1
2026-09-15 22:40:53 +0530: Memory Usage (1229308K) : Starting 5.27. Passiv table
2026-09-15 22:40:53 +0530: Memory Usage (1229308K) : Executing rule Pas.a
2026-09-15 22:40:53 +0530: Memory Usage (1229308K) : Executing rule Pas.b
2026-09-15 22:40:53 +0530: Memory Usage (1229308K) : Executing rule Pas.c
2026-09-15 22:40:53 +0530: Memory Usage (1229308K) : Starting 6.9.2 Copper Pillar table
2026-09-15 22:40:53 +0530: Memory Usage (1229308K) : Executing rule Padc.a
2026-09-15 22:40:53 +0530: Memory Usage (1229308K) : Executing rule Padc.b
2026-09-15 22:40:54 +0530: Memory Usage (1229308K) : Executing rule Padc.c
2026-09-15 22:40:54 +0530: Memory Usage (1229308K) : Executing rule Padb.f
2026-09-15 22:40:54 +0530: Memory Usage (1229308K) : Starting 6.9 Pad table
2026-09-15 22:40:54 +0530: Memory Usage (1229308K) : Executing rule Pad.m
2026-09-15 22:40:54 +0530: Memory Usage (1229308K) : Executing rule Pad.i
2026-09-15 22:40:54 +0530: Memory Usage (1229308K) : Starting 6.9.1 Solder Bump
2026-09-15 22:40:54 +0530: Memory Usage (1229308K) : Executing rule Padb.a
2026-09-15 22:40:54 +0530: Memory Usage (1229308K) : Executing rule Padb.b
2026-09-15 22:40:54 +0530: Memory Usage (1229308K) : Executing rule Padb.c
2026-09-15 22:40:54 +0530: Memory Usage (1229308K) : Executing rule Padb.f
2026-09-15 22:40:54 +0530: Memory Usage (1229308K) : Executing rule Padb.d
2026-09-15 22:40:54 +0530: Memory Usage (1229308K) : Starting 6.10 Sealring table
2026-09-15 22:40:54 +0530: Memory Usage (1229308K) : Executing rule Seal.l
2026-09-15 22:40:54 +0530: Memory Usage (1229308K) : Executing rule Seal.n
2026-09-15 22:40:54 +0530: Memory Usage (1229308K) : Executing rule seal.b_metal1
2026-09-15 22:40:54 +0530: Memory Usage (1229308K) : Executing rule seal.b_metal2
2026-09-15 22:40:54 +0530: Memory Usage (1229308K) : Executing rule seal.b_metal3
2026-09-15 22:40:54 +0530: Memory Usage (1229308K) : Executing rule seal.b_metal4
2026-09-15 22:40:54 +0530: Memory Usage (1229308K) : Executing rule seal.b_metal5
2026-09-15 22:40:54 +0530: Memory Usage (1229308K) : Executing rule seal.b_topmetal1
2026-09-15 22:40:54 +0530: Memory Usage (1229308K) : Executing rule seal.b_topmetal2
2026-09-15 22:40:54 +0530: Memory Usage (1229308K) : Executing rule seal.b_activ
2026-09-15 22:40:54 +0530: Memory Usage (1229308K) : Executing rule seal.b_psd
2026-09-15 22:40:54 +0530: Memory Usage (1229308K) : Executing rule Seal.k
2026-09-15 22:40:54 +0530: Memory Usage (1229308K) : Executing rule Seal.m
2026-09-15 22:40:54 +0530: Memory Usage (1229308K) : Starting 6.11 MIM table
2026-09-15 22:40:54 +0530: Memory Usage (1229308K) : Executing rule MIM.c
2026-09-15 22:40:54 +0530: Memory Usage (1229308K) : Executing rule MIM.d
2026-09-15 22:40:54 +0530: Memory Usage (1229308K) : Starting 7.3 Metal Slits table
2026-09-15 22:40:54 +0530: Memory Usage (1229308K) : Executing rule Slt.e1_M1
2026-09-15 22:40:54 +0530: Memory Usage (1229308K) : Executing rule Slt.e1_M2
2026-09-15 22:40:54 +0530: Memory Usage (1229308K) : Executing rule Slt.e1_M3
2026-09-15 22:40:54 +0530: Memory Usage (1229308K) : Executing rule Slt.e1_M4
2026-09-15 22:40:54 +0530: Memory Usage (1229308K) : Executing rule Slt.e1_M5
2026-09-15 22:40:54 +0530: Memory Usage (1229308K) : Executing rule Slt.e1_TM1
2026-09-15 22:40:54 +0530: Memory Usage (1229308K) : Executing rule Slt.e1_TM2
2026-09-15 22:40:54 +0530: Memory Usage (1229308K) : Starting 9.1. LBE table
2026-09-15 22:40:54 +0530: Memory Usage (1229308K) : Executing rule LBE.a
2026-09-15 22:40:54 +0530: Memory Usage (1229308K) : Executing rule LBE.b
2026-09-15 22:40:54 +0530: Memory Usage (1229308K) : Executing rule LBE.b1
2026-09-15 22:40:54 +0530: Memory Usage (1229308K) : Executing rule LBE.c
2026-09-15 22:40:54 +0530: Memory Usage (1229308K) : Executing rule LBE.d
2026-09-15 22:40:54 +0530: Memory Usage (1229308K) : Executing rule LBE.h
2026-09-15 22:40:54 +0530: Memory Usage (1229308K) : Starting 7.4. PIN table
2026-09-15 22:40:54 +0530: Memory Usage (1229308K) : Executing rule Pin.a
2026-09-15 22:40:55 +0530: Memory Usage (1229308K) : Executing rule Pin.b
2026-09-15 22:40:55 +0530: Memory Usage (1229308K) : Executing rule Pin.e
2026-09-15 22:40:55 +0530: Memory Usage (1249788K) : Executing rule Pin.f_M2
2026-09-15 22:40:55 +0530: Memory Usage (1249788K) : Executing rule Pin.f_M3
2026-09-15 22:40:56 +0530: Memory Usage (1249788K) : Executing rule Pin.f_M4
2026-09-15 22:40:56 +0530: Memory Usage (1249788K) : Executing rule Pin.f_M5
2026-09-15 22:40:56 +0530: Memory Usage (1249788K) : Executing rule Pin.g
2026-09-15 22:40:56 +0530: Memory Usage (1249788K) : Executing rule Pin.h
2026-09-15 22:40:56 +0530: Memory Usage (1249788K) : Starting 3.1. offgrid table
2026-09-15 22:40:56 +0530: Memory Usage (1249788K) : Executing rule activ_drw_Offgrid
2026-09-15 22:40:56 +0530: Memory Usage (1249788K) : Executing rule activ_mask_Offgrid
2026-09-15 22:40:56 +0530: Memory Usage (1249788K) : Executing rule activ_filler_Offgrid
2026-09-15 22:40:56 +0530: Memory Usage (1249788K) : Executing rule activ_opc_Offgrid
2026-09-15 22:40:56 +0530: Memory Usage (1249788K) : Executing rule activ_iopc_Offgrid
2026-09-15 22:40:56 +0530: Memory Usage (1249788K) : Executing rule biwind_drw_Offgrid
2026-09-15 22:40:56 +0530: Memory Usage (1249788K) : Executing rule biwind_opc_Offgrid
2026-09-15 22:40:56 +0530: Memory Usage (1249788K) : Executing rule pemwind_drw_Offgrid
2026-09-15 22:40:57 +0530: Memory Usage (1249788K) : Executing rule gatpoly_drw_Offgrid
2026-09-15 22:40:57 +0530: Memory Usage (1249788K) : Executing rule gatpoly_filler_Offgrid
2026-09-15 22:40:57 +0530: Memory Usage (1249788K) : Executing rule gatpoly_opc_Offgrid
2026-09-15 22:40:57 +0530: Memory Usage (1249788K) : Executing rule gatpoly_iopc_Offgrid
2026-09-15 22:40:57 +0530: Memory Usage (1249788K) : Executing rule gatpoly_noqrc_Offgrid
2026-09-15 22:40:57 +0530: Memory Usage (1249788K) : Executing rule cont_drw_Offgrid
2026-09-15 22:41:02 +0530: Memory Usage (1263356K) : Executing rule cont_opc_Offgrid
2026-09-15 22:41:02 +0530: Memory Usage (1263356K) : Executing rule nsd_drw_Offgrid
2026-09-15 22:41:03 +0530: Memory Usage (1263356K) : Executing rule nsd_block_Offgrid
2026-09-15 22:41:03 +0530: Memory Usage (1263356K) : Executing rule metal1_drw_Offgrid
2026-09-15 22:41:04 +0530: Memory Usage (1263356K) : Executing rule metal1_mask_Offgrid
2026-09-15 22:41:04 +0530: Memory Usage (1263356K) : Executing rule metal1_filler_Offgrid
2026-09-15 22:41:04 +0530: Memory Usage (1263356K) : Executing rule metal1_slit_Offgrid
2026-09-15 22:41:04 +0530: Memory Usage (1263356K) : Executing rule metal1_opc_Offgrid
2026-09-15 22:41:04 +0530: Memory Usage (1263356K) : Executing rule metal1_noqrc_Offgrid
2026-09-15 22:41:04 +0530: Memory Usage (1263356K) : Executing rule metal1_res_Offgrid
2026-09-15 22:41:04 +0530: Memory Usage (1263356K) : Executing rule metal1_iprobe_Offgrid
2026-09-15 22:41:04 +0530: Memory Usage (1263356K) : Executing rule metal1_diffprb_Offgrid
2026-09-15 22:41:05 +0530: Memory Usage (1263356K) : Executing rule passiv_drw_Offgrid
2026-09-15 22:41:05 +0530: Memory Usage (1263356K) : Executing rule passiv_pillar_Offgrid
2026-09-15 22:41:05 +0530: Memory Usage (1263356K) : Executing rule passiv_sbump_Offgrid
2026-09-15 22:41:05 +0530: Memory Usage (1263356K) : Executing rule passiv_pdl_Offgrid
2026-09-15 22:41:05 +0530: Memory Usage (1263356K) : Executing rule metal2_drw_Offgrid
2026-09-15 22:41:06 +0530: Memory Usage (1263356K) : Executing rule metal2_mask_Offgrid
2026-09-15 22:41:06 +0530: Memory Usage (1263356K) : Executing rule metal2_filler_Offgrid
2026-09-15 22:41:06 +0530: Memory Usage (1263356K) : Executing rule metal2_slit_Offgrid
2026-09-15 22:41:06 +0530: Memory Usage (1263356K) : Executing rule metal2_opc_Offgrid
2026-09-15 22:41:06 +0530: Memory Usage (1263356K) : Executing rule metal2_noqrc_Offgrid
2026-09-15 22:41:06 +0530: Memory Usage (1263356K) : Executing rule metal2_res_Offgrid
2026-09-15 22:41:06 +0530: Memory Usage (1263356K) : Executing rule metal2_iprobe_Offgrid
2026-09-15 22:41:06 +0530: Memory Usage (1263356K) : Executing rule metal2_diffprb_Offgrid
2026-09-15 22:41:06 +0530: Memory Usage (1263356K) : Executing rule baspoly_drw_Offgrid
2026-09-15 22:41:06 +0530: Memory Usage (1263356K) : Executing rule psd_drw_Offgrid
2026-09-15 22:41:07 +0530: Memory Usage (1263356K) : Executing rule nldb_drw_Offgrid
2026-09-15 22:41:07 +0530: Memory Usage (1263356K) : Executing rule via1_drw_Offgrid
2026-09-15 22:41:08 +0530: Memory Usage (1263356K) : Executing rule backmetal1_drw_Offgrid
2026-09-15 22:41:08 +0530: Memory Usage (1263356K) : Executing rule backmetal1_mask_Offgrid
2026-09-15 22:41:08 +0530: Memory Usage (1263356K) : Executing rule backmetal1_filler_Offgrid
2026-09-15 22:41:08 +0530: Memory Usage (1263356K) : Executing rule backmetal1_slit_Offgrid
2026-09-15 22:41:08 +0530: Memory Usage (1263356K) : Executing rule backmetal1_opc_Offgrid
2026-09-15 22:41:08 +0530: Memory Usage (1263356K) : Executing rule backmetal1_noqrc_Offgrid
2026-09-15 22:41:08 +0530: Memory Usage (1263356K) : Executing rule backmetal1_res_Offgrid
2026-09-15 22:41:08 +0530: Memory Usage (1263356K) : Executing rule backmetal1_iprobe_Offgrid
2026-09-15 22:41:08 +0530: Memory Usage (1263356K) : Executing rule backmetal1_diffprb_Offgrid
2026-09-15 22:41:08 +0530: Memory Usage (1263356K) : Executing rule backpassiv_drw_Offgrid
2026-09-15 22:41:08 +0530: Memory Usage (1263356K) : Executing rule salblock_drw_Offgrid
2026-09-15 22:41:08 +0530: Memory Usage (1263356K) : Executing rule via2_drw_Offgrid
2026-09-15 22:41:08 +0530: Memory Usage (1263356K) : Executing rule metal3_drw_Offgrid
2026-09-15 22:41:09 +0530: Memory Usage (1263356K) : Executing rule metal3_mask_Offgrid
2026-09-15 22:41:09 +0530: Memory Usage (1263356K) : Executing rule metal3_filler_Offgrid
2026-09-15 22:41:09 +0530: Memory Usage (1263356K) : Executing rule metal3_slit_Offgrid
2026-09-15 22:41:09 +0530: Memory Usage (1263356K) : Executing rule metal3_opc_Offgrid
2026-09-15 22:41:09 +0530: Memory Usage (1263356K) : Executing rule metal3_noqrc_Offgrid
2026-09-15 22:41:09 +0530: Memory Usage (1263356K) : Executing rule metal3_res_Offgrid
2026-09-15 22:41:09 +0530: Memory Usage (1263356K) : Executing rule metal3_iprobe_Offgrid
2026-09-15 22:41:09 +0530: Memory Usage (1263356K) : Executing rule metal3_diffprb_Offgrid
2026-09-15 22:41:09 +0530: Memory Usage (1263356K) : Executing rule nwell_drw_Offgrid
2026-09-15 22:41:10 +0530: Memory Usage (1263356K) : Executing rule nbulay_drw_Offgrid
2026-09-15 22:41:10 +0530: Memory Usage (1263356K) : Executing rule nbulay_block_Offgrid
2026-09-15 22:41:10 +0530: Memory Usage (1263356K) : Executing rule pwell_drw_Offgrid
2026-09-15 22:41:10 +0530: Memory Usage (1263356K) : Executing rule pwell_block_Offgrid
2026-09-15 22:41:10 +0530: Memory Usage (1263356K) : Executing rule emwind_drw_Offgrid
2026-09-15 22:41:10 +0530: Memory Usage (1263356K) : Executing rule emwind_opc_Offgrid
2026-09-15 22:41:10 +0530: Memory Usage (1263356K) : Executing rule deepco_drw_Offgrid
2026-09-15 22:41:10 +0530: Memory Usage (1263356K) : Executing rule mim_drw_Offgrid
2026-09-15 22:41:10 +0530: Memory Usage (1263356K) : Executing rule substrate_drw_Offgrid
2026-09-15 22:41:10 +0530: Memory Usage (1263356K) : Executing rule ic_drw_Offgrid
2026-09-15 22:41:10 +0530: Memory Usage (1263356K) : Executing rule via3_drw_Offgrid
2026-09-15 22:41:10 +0530: Memory Usage (1263356K) : Executing rule pldb_drw_Offgrid
2026-09-15 22:41:10 +0530: Memory Usage (1263356K) : Executing rule metal4_drw_Offgrid
2026-09-15 22:41:11 +0530: Memory Usage (1263356K) : Executing rule metal4_mask_Offgrid
2026-09-15 22:41:11 +0530: Memory Usage (1263356K) : Executing rule metal4_filler_Offgrid
2026-09-15 22:41:11 +0530: Memory Usage (1263356K) : Executing rule metal4_slit_Offgrid
2026-09-15 22:41:11 +0530: Memory Usage (1263356K) : Executing rule metal4_opc_Offgrid
2026-09-15 22:41:11 +0530: Memory Usage (1263356K) : Executing rule metal4_noqrc_Offgrid
2026-09-15 22:41:11 +0530: Memory Usage (1263356K) : Executing rule metal4_res_Offgrid
2026-09-15 22:41:11 +0530: Memory Usage (1263356K) : Executing rule metal4_iprobe_Offgrid
2026-09-15 22:41:11 +0530: Memory Usage (1263356K) : Executing rule metal4_diffprb_Offgrid
2026-09-15 22:41:11 +0530: Memory Usage (1263356K) : Executing rule via4_drw_Offgrid
2026-09-15 22:41:11 +0530: Memory Usage (1263356K) : Executing rule metal5_drw_Offgrid
2026-09-15 22:41:11 +0530: Memory Usage (1263356K) : Executing rule metal5_mask_Offgrid
2026-09-15 22:41:11 +0530: Memory Usage (1263356K) : Executing rule metal5_filler_Offgrid
2026-09-15 22:41:11 +0530: Memory Usage (1263356K) : Executing rule metal5_slit_Offgrid
2026-09-15 22:41:11 +0530: Memory Usage (1263356K) : Executing rule metal5_opc_Offgrid
2026-09-15 22:41:11 +0530: Memory Usage (1263356K) : Executing rule metal5_noqrc_Offgrid
2026-09-15 22:41:11 +0530: Memory Usage (1263356K) : Executing rule metal5_res_Offgrid
2026-09-15 22:41:11 +0530: Memory Usage (1263356K) : Executing rule metal5_iprobe_Offgrid
2026-09-15 22:41:11 +0530: Memory Usage (1263356K) : Executing rule metal5_diffprb_Offgrid
2026-09-15 22:41:12 +0530: Memory Usage (1263356K) : Executing rule prboundary_drw_Offgrid
2026-09-15 22:41:12 +0530: Memory Usage (1263356K) : Executing rule exchange0_drw_Offgrid
2026-09-15 22:41:12 +0530: Memory Usage (1263356K) : Executing rule exchange1_drw_Offgrid
2026-09-15 22:41:12 +0530: Memory Usage (1263356K) : Executing rule exchange2_drw_Offgrid
2026-09-15 22:41:12 +0530: Memory Usage (1263356K) : Executing rule exchange3_drw_Offgrid
2026-09-15 22:41:12 +0530: Memory Usage (1263356K) : Executing rule exchange4_drw_Offgrid
2026-09-15 22:41:12 +0530: Memory Usage (1263356K) : Executing rule isonwell_drw_Offgrid
2026-09-15 22:41:12 +0530: Memory Usage (1263356K) : Executing rule thickgateox_drw_Offgrid
2026-09-15 22:41:12 +0530: Memory Usage (1263356K) : Executing rule pempoly_drw_Offgrid
2026-09-15 22:41:12 +0530: Memory Usage (1263356K) : Executing rule fbe_drw_Offgrid
2026-09-15 22:41:12 +0530: Memory Usage (1263356K) : Executing rule empoly_drw_Offgrid
2026-09-15 22:41:12 +0530: Memory Usage (1263356K) : Executing rule ldmos_drw_Offgrid
2026-09-15 22:41:12 +0530: Memory Usage (1263356K) : Executing rule pbiwind_drw_Offgrid
2026-09-15 22:41:12 +0530: Memory Usage (1263356K) : Executing rule colopen_drw_Offgrid
2026-09-15 22:41:12 +0530: Memory Usage (1263356K) : Executing rule extblock_drw_Offgrid
2026-09-15 22:41:12 +0530: Memory Usage (1263356K) : Executing rule nldd_drw_Offgrid
2026-09-15 22:41:12 +0530: Memory Usage (1263356K) : Executing rule pldd_drw_Offgrid
2026-09-15 22:41:12 +0530: Memory Usage (1263356K) : Executing rule next_drw_Offgrid
2026-09-15 22:41:12 +0530: Memory Usage (1263356K) : Executing rule pext_drw_Offgrid
2026-09-15 22:41:12 +0530: Memory Usage (1263356K) : Executing rule nexthv_drw_Offgrid
2026-09-15 22:41:12 +0530: Memory Usage (1263356K) : Executing rule pexthv_drw_Offgrid
2026-09-15 22:41:12 +0530: Memory Usage (1263356K) : Executing rule graphgate_drw_Offgrid
2026-09-15 22:41:12 +0530: Memory Usage (1263356K) : Executing rule mempad_drw_Offgrid
2026-09-15 22:41:13 +0530: Memory Usage (1263356K) : Executing rule topvia1_drw_Offgrid
2026-09-15 22:41:13 +0530: Memory Usage (1263356K) : Executing rule topmetal1_drw_Offgrid
2026-09-15 22:41:13 +0530: Memory Usage (1263356K) : Executing rule topmetal1_mask_Offgrid
2026-09-15 22:41:13 +0530: Memory Usage (1263356K) : Executing rule topmetal1_filler_Offgrid
2026-09-15 22:41:13 +0530: Memory Usage (1263356K) : Executing rule topmetal1_slit_Offgrid
2026-09-15 22:41:13 +0530: Memory Usage (1263356K) : Executing rule topmetal1_noqrc_Offgrid
2026-09-15 22:41:13 +0530: Memory Usage (1263356K) : Executing rule topmetal1_res_Offgrid
2026-09-15 22:41:13 +0530: Memory Usage (1263356K) : Executing rule topmetal1_iprobe_Offgrid
2026-09-15 22:41:13 +0530: Memory Usage (1263356K) : Executing rule topmetal1_diffprb_Offgrid
2026-09-15 22:41:13 +0530: Memory Usage (1263356K) : Executing rule inldpwl_drw_Offgrid
2026-09-15 22:41:13 +0530: Memory Usage (1263356K) : Executing rule polyres_drw_Offgrid
2026-09-15 22:41:13 +0530: Memory Usage (1263356K) : Executing rule vmim_drw_Offgrid
2026-09-15 22:41:13 +0530: Memory Usage (1263356K) : Executing rule nbulaycut_drw_Offgrid
2026-09-15 22:41:13 +0530: Memory Usage (1263356K) : Executing rule antmetal1_drw_Offgrid
2026-09-15 22:41:13 +0530: Memory Usage (1263356K) : Executing rule topvia2_drw_Offgrid
2026-09-15 22:41:13 +0530: Memory Usage (1263356K) : Executing rule topmetal2_drw_Offgrid
2026-09-15 22:41:14 +0530: Memory Usage (1263356K) : Executing rule topmetal2_mask_Offgrid
2026-09-15 22:41:14 +0530: Memory Usage (1263356K) : Executing rule topmetal2_filler_Offgrid
2026-09-15 22:41:14 +0530: Memory Usage (1263356K) : Executing rule topmetal2_slit_Offgrid
2026-09-15 22:41:14 +0530: Memory Usage (1263356K) : Executing rule topmetal2_noqrc_Offgrid
2026-09-15 22:41:14 +0530: Memory Usage (1263356K) : Executing rule topmetal2_res_Offgrid
2026-09-15 22:41:14 +0530: Memory Usage (1263356K) : Executing rule topmetal2_iprobe_Offgrid
2026-09-15 22:41:14 +0530: Memory Usage (1263356K) : Executing rule topmetal2_diffprb_Offgrid
2026-09-15 22:41:14 +0530: Memory Usage (1263356K) : Executing rule snsring_drw_Offgrid
2026-09-15 22:41:14 +0530: Memory Usage (1263356K) : Executing rule sensor_drw_Offgrid
2026-09-15 22:41:14 +0530: Memory Usage (1263356K) : Executing rule snsarms_drw_Offgrid
2026-09-15 22:41:14 +0530: Memory Usage (1263356K) : Executing rule snscmosvia_drw_Offgrid
2026-09-15 22:41:14 +0530: Memory Usage (1263356K) : Executing rule colwind_drw_Offgrid
2026-09-15 22:41:14 +0530: Memory Usage (1263356K) : Executing rule flm_drw_Offgrid
2026-09-15 22:41:14 +0530: Memory Usage (1263356K) : Executing rule hafniumox_drw_Offgrid
2026-09-15 22:41:14 +0530: Memory Usage (1263356K) : Executing rule memvia_drw_Offgrid
2026-09-15 22:41:14 +0530: Memory Usage (1263356K) : Executing rule thinfilmres_drw_Offgrid
2026-09-15 22:41:14 +0530: Memory Usage (1263356K) : Executing rule rfmem_drw_Offgrid
2026-09-15 22:41:14 +0530: Memory Usage (1263356K) : Executing rule snsbotvia_drw_Offgrid
2026-09-15 22:41:14 +0530: Memory Usage (1263356K) : Executing rule snstopvia_drw_Offgrid
2026-09-15 22:41:14 +0530: Memory Usage (1263356K) : Executing rule deepvia_drw_Offgrid
2026-09-15 22:41:14 +0530: Memory Usage (1263356K) : Executing rule fgetch_drw_Offgrid
2026-09-15 22:41:14 +0530: Memory Usage (1263356K) : Executing rule ctrgat_drw_Offgrid
2026-09-15 22:41:15 +0530: Memory Usage (1263356K) : Executing rule fgimp_drw_Offgrid
2026-09-15 22:41:15 +0530: Memory Usage (1263356K) : Executing rule emwihv_drw_Offgrid
2026-09-15 22:41:15 +0530: Memory Usage (1263356K) : Executing rule lbe_drw_Offgrid
2026-09-15 22:41:15 +0530: Memory Usage (1263356K) : Executing rule alcustop_drw_Offgrid
2026-09-15 22:41:15 +0530: Memory Usage (1263356K) : Starting 3.2. angle table
2026-09-15 22:41:15 +0530: Memory Usage (1263356K) : Executing rule activ_drw_Acute
2026-09-15 22:41:15 +0530: Memory Usage (1263356K) : Executing rule activ_pin_Acute
2026-09-15 22:41:15 +0530: Memory Usage (1263356K) : Executing rule activ_mask_Acute
2026-09-15 22:41:15 +0530: Memory Usage (1263356K) : Executing rule activ_filler_Acute
2026-09-15 22:41:15 +0530: Memory Usage (1263356K) : Executing rule activ_nofill_Acute
2026-09-15 22:41:16 +0530: Memory Usage (1263356K) : Executing rule activ_opc_Acute
2026-09-15 22:41:16 +0530: Memory Usage (1263356K) : Executing rule activ_iopc_Acute
2026-09-15 22:41:16 +0530: Memory Usage (1263356K) : Executing rule activ_noqrc_Acute
2026-09-15 22:41:16 +0530: Memory Usage (1263356K) : Executing rule biwind_drw_Acute
2026-09-15 22:41:16 +0530: Memory Usage (1263356K) : Executing rule biwind_opc_Acute
2026-09-15 22:41:16 +0530: Memory Usage (1263356K) : Executing rule pemwind_drw_Acute
2026-09-15 22:41:16 +0530: Memory Usage (1263356K) : Executing rule gatpoly_drw_Acute
2026-09-15 22:41:16 +0530: Memory Usage (1263356K) : Executing rule gatpoly_pin_Acute
2026-09-15 22:41:16 +0530: Memory Usage (1263356K) : Executing rule gatpoly_filler_Acute
2026-09-15 22:41:16 +0530: Memory Usage (1263356K) : Executing rule gatpoly_nofill_Acute
2026-09-15 22:41:16 +0530: Memory Usage (1263356K) : Executing rule gatpoly_opc_Acute
2026-09-15 22:41:16 +0530: Memory Usage (1263356K) : Executing rule gatpoly_iopc_Acute
2026-09-15 22:41:16 +0530: Memory Usage (1263356K) : Executing rule gatpoly_noqrc_Acute
2026-09-15 22:41:16 +0530: Memory Usage (1263356K) : Executing rule cont_drw_Acute
2026-09-15 22:41:20 +0530: Memory Usage (1265252K) : Executing rule cont_opc_Acute
2026-09-15 22:41:20 +0530: Memory Usage (1265252K) : Executing rule nsd_drw_Acute
2026-09-15 22:41:20 +0530: Memory Usage (1265252K) : Executing rule nsd_block_Acute
2026-09-15 22:41:20 +0530: Memory Usage (1265252K) : Executing rule metal1_drw_Acute
2026-09-15 22:41:22 +0530: Memory Usage (1264868K) : Executing rule metal1_pin_Acute
2026-09-15 22:41:23 +0530: Memory Usage (1264484K) : Executing rule metal1_mask_Acute
2026-09-15 22:41:23 +0530: Memory Usage (1264484K) : Executing rule metal1_filler_Acute
2026-09-15 22:41:23 +0530: Memory Usage (1264484K) : Executing rule metal1_nofill_Acute
2026-09-15 22:41:23 +0530: Memory Usage (1264484K) : Executing rule metal1_slit_Acute
2026-09-15 22:41:23 +0530: Memory Usage (1264484K) : Executing rule metal1_opc_Acute
2026-09-15 22:41:23 +0530: Memory Usage (1264484K) : Executing rule metal1_noqrc_Acute
2026-09-15 22:41:23 +0530: Memory Usage (1264484K) : Executing rule metal1_res_Acute
2026-09-15 22:41:23 +0530: Memory Usage (1264484K) : Executing rule metal1_iprobe_Acute
2026-09-15 22:41:23 +0530: Memory Usage (1264484K) : Executing rule metal1_diffprb_Acute
2026-09-15 22:41:23 +0530: Memory Usage (1264356K) : Executing rule passiv_drw_Acute
2026-09-15 22:41:23 +0530: Memory Usage (1264356K) : Executing rule passiv_pin_Acute
2026-09-15 22:41:23 +0530: Memory Usage (1264356K) : Executing rule passiv_pillar_Acute
2026-09-15 22:41:23 +0530: Memory Usage (1264356K) : Executing rule passiv_sbump_Acute
2026-09-15 22:41:23 +0530: Memory Usage (1264356K) : Executing rule passiv_pdl_Acute
2026-09-15 22:41:23 +0530: Memory Usage (1264356K) : Executing rule metal2_drw_Acute
2026-09-15 22:41:25 +0530: Memory Usage (1264356K) : Executing rule metal2_pin_Acute
2026-09-15 22:41:25 +0530: Memory Usage (1264356K) : Executing rule metal2_mask_Acute
2026-09-15 22:41:25 +0530: Memory Usage (1264356K) : Executing rule metal2_filler_Acute
2026-09-15 22:41:25 +0530: Memory Usage (1264356K) : Executing rule metal2_nofill_Acute
2026-09-15 22:41:25 +0530: Memory Usage (1264356K) : Executing rule metal2_slit_Acute
2026-09-15 22:41:25 +0530: Memory Usage (1264356K) : Executing rule metal2_opc_Acute
2026-09-15 22:41:25 +0530: Memory Usage (1264356K) : Executing rule metal2_noqrc_Acute
2026-09-15 22:41:25 +0530: Memory Usage (1264356K) : Executing rule metal2_res_Acute
2026-09-15 22:41:25 +0530: Memory Usage (1264356K) : Executing rule metal2_iprobe_Acute
2026-09-15 22:41:25 +0530: Memory Usage (1264228K) : Executing rule metal2_diffprb_Acute
2026-09-15 22:41:25 +0530: Memory Usage (1264228K) : Executing rule baspoly_drw_Acute
2026-09-15 22:41:25 +0530: Memory Usage (1264228K) : Executing rule baspoly_pin_Acute
2026-09-15 22:41:25 +0530: Memory Usage (1264228K) : Executing rule psd_drw_Acute
2026-09-15 22:41:26 +0530: Memory Usage (1264228K) : Executing rule nldb_drw_Acute
2026-09-15 22:41:26 +0530: Memory Usage (1264228K) : Executing rule via1_drw_Acute
2026-09-15 22:41:26 +0530: Memory Usage (1264228K) : Executing rule backmetal1_drw_Acute
2026-09-15 22:41:26 +0530: Memory Usage (1264228K) : Executing rule backmetal1_pin_Acute
2026-09-15 22:41:26 +0530: Memory Usage (1264228K) : Executing rule backmetal1_mask_Acute
2026-09-15 22:41:26 +0530: Memory Usage (1264228K) : Executing rule backmetal1_filler_Acute
2026-09-15 22:41:26 +0530: Memory Usage (1264228K) : Executing rule backmetal1_nofill_Acute
2026-09-15 22:41:26 +0530: Memory Usage (1264228K) : Executing rule backmetal1_slit_Acute
2026-09-15 22:41:26 +0530: Memory Usage (1264228K) : Executing rule backmetal1_opc_Acute
2026-09-15 22:41:27 +0530: Memory Usage (1264228K) : Executing rule backmetal1_noqrc_Acute
2026-09-15 22:41:27 +0530: Memory Usage (1264228K) : Executing rule backmetal1_res_Acute
2026-09-15 22:41:27 +0530: Memory Usage (1264228K) : Executing rule backmetal1_iprobe_Acute
2026-09-15 22:41:27 +0530: Memory Usage (1264228K) : Executing rule backmetal1_diffprb_Acute
2026-09-15 22:41:27 +0530: Memory Usage (1264228K) : Executing rule backpassiv_drw_Acute
2026-09-15 22:41:27 +0530: Memory Usage (1264228K) : Executing rule salblock_drw_Acute
2026-09-15 22:41:27 +0530: Memory Usage (1264228K) : Executing rule via2_drw_Acute
2026-09-15 22:41:27 +0530: Memory Usage (1264228K) : Executing rule metal3_drw_Acute
2026-09-15 22:41:28 +0530: Memory Usage (1264228K) : Executing rule metal3_pin_Acute
2026-09-15 22:41:28 +0530: Memory Usage (1264228K) : Executing rule metal3_mask_Acute
2026-09-15 22:41:28 +0530: Memory Usage (1264228K) : Executing rule metal3_filler_Acute
2026-09-15 22:41:28 +0530: Memory Usage (1264228K) : Executing rule metal3_nofill_Acute
2026-09-15 22:41:28 +0530: Memory Usage (1264228K) : Executing rule metal3_slit_Acute
2026-09-15 22:41:28 +0530: Memory Usage (1264228K) : Executing rule metal3_opc_Acute
2026-09-15 22:41:28 +0530: Memory Usage (1264228K) : Executing rule metal3_noqrc_Acute
2026-09-15 22:41:28 +0530: Memory Usage (1264228K) : Executing rule metal3_res_Acute
2026-09-15 22:41:28 +0530: Memory Usage (1264228K) : Executing rule metal3_iprobe_Acute
2026-09-15 22:41:28 +0530: Memory Usage (1264228K) : Executing rule metal3_diffprb_Acute
2026-09-15 22:41:28 +0530: Memory Usage (1264228K) : Executing rule nwell_drw_Acute
2026-09-15 22:41:29 +0530: Memory Usage (1264228K) : Executing rule nwell_pin_Acute
2026-09-15 22:41:29 +0530: Memory Usage (1264228K) : Executing rule nbulay_drw_Acute
2026-09-15 22:41:29 +0530: Memory Usage (1264228K) : Executing rule nbulay_pin_Acute
2026-09-15 22:41:29 +0530: Memory Usage (1264228K) : Executing rule nbulay_block_Acute
2026-09-15 22:41:29 +0530: Memory Usage (1264228K) : Executing rule pwell_drw_Acute
2026-09-15 22:41:29 +0530: Memory Usage (1264228K) : Executing rule pwell_pin_Acute
2026-09-15 22:41:29 +0530: Memory Usage (1264228K) : Executing rule pwell_block_Acute
2026-09-15 22:41:29 +0530: Memory Usage (1264228K) : Executing rule emwind_drw_Acute
2026-09-15 22:41:29 +0530: Memory Usage (1264228K) : Executing rule emwind_opc_Acute
2026-09-15 22:41:29 +0530: Memory Usage (1264228K) : Executing rule deepco_drw_Acute
2026-09-15 22:41:29 +0530: Memory Usage (1264228K) : Executing rule mim_drw_Acute
2026-09-15 22:41:29 +0530: Memory Usage (1264228K) : Executing rule substrate_drw_Acute
2026-09-15 22:41:29 +0530: Memory Usage (1264228K) : Executing rule ic_drw_Acute
2026-09-15 22:41:29 +0530: Memory Usage (1264228K) : Executing rule via3_drw_Acute
2026-09-15 22:41:30 +0530: Memory Usage (1264228K) : Executing rule pldb_drw_Acute
2026-09-15 22:41:30 +0530: Memory Usage (1264228K) : Executing rule metal4_drw_Acute
2026-09-15 22:41:30 +0530: Memory Usage (1264228K) : Executing rule metal4_pin_Acute
2026-09-15 22:41:30 +0530: Memory Usage (1264228K) : Executing rule metal4_mask_Acute
2026-09-15 22:41:30 +0530: Memory Usage (1264228K) : Executing rule metal4_filler_Acute
2026-09-15 22:41:30 +0530: Memory Usage (1264228K) : Executing rule metal4_nofill_Acute
2026-09-15 22:41:30 +0530: Memory Usage (1264228K) : Executing rule metal4_slit_Acute
2026-09-15 22:41:30 +0530: Memory Usage (1264228K) : Executing rule metal4_opc_Acute
2026-09-15 22:41:30 +0530: Memory Usage (1264228K) : Executing rule metal4_noqrc_Acute
2026-09-15 22:41:30 +0530: Memory Usage (1264228K) : Executing rule metal4_res_Acute
2026-09-15 22:41:30 +0530: Memory Usage (1264228K) : Executing rule metal4_iprobe_Acute
2026-09-15 22:41:30 +0530: Memory Usage (1264228K) : Executing rule metal4_diffprb_Acute
2026-09-15 22:41:30 +0530: Memory Usage (1264228K) : Executing rule via4_drw_Acute
2026-09-15 22:41:30 +0530: Memory Usage (1264228K) : Executing rule metal5_drw_Acute
2026-09-15 22:41:31 +0530: Memory Usage (1264228K) : Executing rule metal5_pin_Acute
2026-09-15 22:41:31 +0530: Memory Usage (1264228K) : Executing rule metal5_mask_Acute
2026-09-15 22:41:31 +0530: Memory Usage (1264228K) : Executing rule metal5_filler_Acute
2026-09-15 22:41:31 +0530: Memory Usage (1264228K) : Executing rule metal5_nofill_Acute
2026-09-15 22:41:31 +0530: Memory Usage (1264228K) : Executing rule metal5_slit_Acute
2026-09-15 22:41:31 +0530: Memory Usage (1264228K) : Executing rule metal5_opc_Acute
2026-09-15 22:41:31 +0530: Memory Usage (1264228K) : Executing rule metal5_noqrc_Acute
2026-09-15 22:41:31 +0530: Memory Usage (1264228K) : Executing rule metal5_res_Acute
2026-09-15 22:41:31 +0530: Memory Usage (1264228K) : Executing rule metal5_iprobe_Acute
2026-09-15 22:41:31 +0530: Memory Usage (1264228K) : Executing rule metal5_diffprb_Acute
2026-09-15 22:41:31 +0530: Memory Usage (1264228K) : Executing rule prboundary_drw_Acute
2026-09-15 22:41:31 +0530: Memory Usage (1264228K) : Executing rule exchange0_drw_Acute
2026-09-15 22:41:31 +0530: Memory Usage (1264228K) : Executing rule exchange0_pin_Acute
2026-09-15 22:41:31 +0530: Memory Usage (1264228K) : Executing rule exchange1_drw_Acute
2026-09-15 22:41:31 +0530: Memory Usage (1264228K) : Executing rule exchange1_pin_Acute
2026-09-15 22:41:31 +0530: Memory Usage (1264228K) : Executing rule exchange2_drw_Acute
2026-09-15 22:41:31 +0530: Memory Usage (1264228K) : Executing rule exchange2_pin_Acute
2026-09-15 22:41:32 +0530: Memory Usage (1264228K) : Executing rule exchange3_drw_Acute
2026-09-15 22:41:32 +0530: Memory Usage (1264228K) : Executing rule exchange3_pin_Acute
2026-09-15 22:41:32 +0530: Memory Usage (1264228K) : Executing rule exchange4_drw_Acute
2026-09-15 22:41:32 +0530: Memory Usage (1264228K) : Executing rule exchange4_pin_Acute
2026-09-15 22:41:32 +0530: Memory Usage (1264228K) : Executing rule isonwell_drw_Acute
2026-09-15 22:41:32 +0530: Memory Usage (1264228K) : Executing rule thickgateox_drw_Acute
2026-09-15 22:41:32 +0530: Memory Usage (1264228K) : Executing rule pempoly_drw_Acute
2026-09-15 22:41:32 +0530: Memory Usage (1264228K) : Executing rule fbe_drw_Acute
2026-09-15 22:41:32 +0530: Memory Usage (1264228K) : Executing rule empoly_drw_Acute
2026-09-15 22:41:32 +0530: Memory Usage (1264228K) : Executing rule ldmos_drw_Acute
2026-09-15 22:41:32 +0530: Memory Usage (1264228K) : Executing rule pbiwind_drw_Acute
2026-09-15 22:41:32 +0530: Memory Usage (1264228K) : Executing rule colopen_drw_Acute
2026-09-15 22:41:32 +0530: Memory Usage (1264228K) : Executing rule extblock_drw_Acute
2026-09-15 22:41:32 +0530: Memory Usage (1264228K) : Executing rule nldd_drw_Acute
2026-09-15 22:41:32 +0530: Memory Usage (1264228K) : Executing rule pldd_drw_Acute
2026-09-15 22:41:32 +0530: Memory Usage (1264228K) : Executing rule next_drw_Acute
2026-09-15 22:41:32 +0530: Memory Usage (1264228K) : Executing rule pext_drw_Acute
2026-09-15 22:41:32 +0530: Memory Usage (1264228K) : Executing rule nexthv_drw_Acute
2026-09-15 22:41:33 +0530: Memory Usage (1264228K) : Executing rule pexthv_drw_Acute
2026-09-15 22:41:33 +0530: Memory Usage (1264228K) : Executing rule graphgate_drw_Acute
2026-09-15 22:41:33 +0530: Memory Usage (1264228K) : Executing rule mempad_drw_Acute
2026-09-15 22:41:33 +0530: Memory Usage (1264228K) : Executing rule topvia1_drw_Acute
2026-09-15 22:41:33 +0530: Memory Usage (1264228K) : Executing rule topmetal1_drw_Acute
2026-09-15 22:41:33 +0530: Memory Usage (1264228K) : Executing rule topmetal1_pin_Acute
2026-09-15 22:41:33 +0530: Memory Usage (1264228K) : Executing rule topmetal1_mask_Acute
2026-09-15 22:41:33 +0530: Memory Usage (1264228K) : Executing rule topmetal1_filler_Acute
2026-09-15 22:41:33 +0530: Memory Usage (1264228K) : Executing rule topmetal1_nofill_Acute
2026-09-15 22:41:33 +0530: Memory Usage (1264228K) : Executing rule topmetal1_slit_Acute
2026-09-15 22:41:33 +0530: Memory Usage (1264228K) : Executing rule topmetal1_noqrc_Acute
2026-09-15 22:41:33 +0530: Memory Usage (1264228K) : Executing rule topmetal1_res_Acute
2026-09-15 22:41:33 +0530: Memory Usage (1264228K) : Executing rule topmetal1_iprobe_Acute
2026-09-15 22:41:33 +0530: Memory Usage (1264228K) : Executing rule topmetal1_diffprb_Acute
2026-09-15 22:41:33 +0530: Memory Usage (1264228K) : Executing rule inldpwl_drw_Acute
2026-09-15 22:41:33 +0530: Memory Usage (1264228K) : Executing rule polyres_drw_Acute
2026-09-15 22:41:34 +0530: Memory Usage (1264228K) : Executing rule polyres_pin_Acute
2026-09-15 22:41:34 +0530: Memory Usage (1264228K) : Executing rule vmim_drw_Acute
2026-09-15 22:41:34 +0530: Memory Usage (1264228K) : Executing rule nbulaycut_drw_Acute
2026-09-15 22:41:34 +0530: Memory Usage (1264228K) : Executing rule antmetal1_drw_Acute
2026-09-15 22:41:34 +0530: Memory Usage (1264228K) : Executing rule topvia2_drw_Acute
2026-09-15 22:41:34 +0530: Memory Usage (1264228K) : Executing rule topmetal2_drw_Acute
2026-09-15 22:41:34 +0530: Memory Usage (1264228K) : Executing rule topmetal2_pin_Acute
2026-09-15 22:41:34 +0530: Memory Usage (1264228K) : Executing rule topmetal2_mask_Acute
2026-09-15 22:41:34 +0530: Memory Usage (1264228K) : Executing rule topmetal2_filler_Acute
2026-09-15 22:41:34 +0530: Memory Usage (1264228K) : Executing rule topmetal2_nofill_Acute
2026-09-15 22:41:34 +0530: Memory Usage (1264228K) : Executing rule topmetal2_slit_Acute
2026-09-15 22:41:34 +0530: Memory Usage (1264228K) : Executing rule topmetal2_noqrc_Acute
2026-09-15 22:41:34 +0530: Memory Usage (1264228K) : Executing rule topmetal2_res_Acute
2026-09-15 22:41:34 +0530: Memory Usage (1264228K) : Executing rule topmetal2_iprobe_Acute
2026-09-15 22:41:34 +0530: Memory Usage (1264228K) : Executing rule topmetal2_diffprb_Acute
2026-09-15 22:41:34 +0530: Memory Usage (1264228K) : Executing rule snsring_drw_Acute
2026-09-15 22:41:35 +0530: Memory Usage (1264228K) : Executing rule sensor_drw_Acute
2026-09-15 22:41:35 +0530: Memory Usage (1264228K) : Executing rule snsarms_drw_Acute
2026-09-15 22:41:35 +0530: Memory Usage (1264228K) : Executing rule snscmosvia_drw_Acute
2026-09-15 22:41:35 +0530: Memory Usage (1264228K) : Executing rule colwind_drw_Acute
2026-09-15 22:41:35 +0530: Memory Usage (1264228K) : Executing rule flm_drw_Acute
2026-09-15 22:41:35 +0530: Memory Usage (1264228K) : Executing rule hafniumox_drw_Acute
2026-09-15 22:41:35 +0530: Memory Usage (1264228K) : Executing rule memvia_drw_Acute
2026-09-15 22:41:35 +0530: Memory Usage (1264228K) : Executing rule thinfilmres_drw_Acute
2026-09-15 22:41:35 +0530: Memory Usage (1264228K) : Executing rule rfmem_drw_Acute
2026-09-15 22:41:35 +0530: Memory Usage (1264228K) : Executing rule snsbotvia_drw_Acute
2026-09-15 22:41:35 +0530: Memory Usage (1264228K) : Executing rule snstopvia_drw_Acute
2026-09-15 22:41:35 +0530: Memory Usage (1264228K) : Executing rule deepvia_drw_Acute
2026-09-15 22:41:35 +0530: Memory Usage (1264228K) : Executing rule fgetch_drw_Acute
2026-09-15 22:41:35 +0530: Memory Usage (1264228K) : Executing rule ctrgat_drw_Acute
2026-09-15 22:41:35 +0530: Memory Usage (1264228K) : Executing rule fgimp_drw_Acute
2026-09-15 22:41:35 +0530: Memory Usage (1264228K) : Executing rule emwihv_drw_Acute
2026-09-15 22:41:35 +0530: Memory Usage (1264228K) : Executing rule lbe_drw_Acute
2026-09-15 22:41:35 +0530: Memory Usage (1264228K) : Executing rule alcustop_drw_Acute
2026-09-15 22:41:36 +0530: Memory Usage (1264228K) : Executing rule cont_drw_Angle90
2026-09-15 22:41:44 +0530: Memory Usage (1730908K) : Executing rule via1_drw_Angle90
2026-09-15 22:41:45 +0530: Memory Usage (1730908K) : Executing rule via2_drw_Angle90
2026-09-15 22:41:45 +0530: Memory Usage (1618320K) : Executing rule via3_drw_Angle90
2026-09-15 22:41:45 +0530: Memory Usage (1618320K) : Executing rule via4_drw_Angle90
2026-09-15 22:41:45 +0530: Memory Usage (1618320K) : Executing rule vmim_drw_Angle90
2026-09-15 22:41:45 +0530: Memory Usage (1618320K) : Executing rule topvia1_drw_Angle90
2026-09-15 22:41:45 +0530: Memory Usage (1618448K) : Executing rule topvia2_drw_Angle90
2026-09-15 22:41:46 +0530: Memory Usage (1618576K) : Executing rule gatpoly_drw_Angle45
2026-09-15 22:41:46 +0530: Memory Usage (1618576K) : Executing rule activ_drw_Angle45
2026-09-15 22:41:48 +0530: Memory Usage (1642512K) : Executing rule metal1_drw_Angle45
2026-09-15 22:41:55 +0530: Memory Usage (1658440K) : Executing rule metal2_drw_Angle45
2026-09-15 22:41:58 +0530: Memory Usage (1651716K) : Executing rule metal3_drw_Angle45
2026-09-15 22:42:00 +0530: Memory Usage (1690244K) : Executing rule metal4_drw_Angle45
2026-09-15 22:42:00 +0530: Memory Usage (1692676K) : Executing rule metal5_drw_Angle45
2026-09-15 22:42:00 +0530: Memory Usage (1692804K) : Executing rule topmetal1_drw_Angle45
2026-09-15 22:42:01 +0530: Memory Usage (1692804K) : Executing rule topmetal2_drw_Angle45
2026-09-15 22:42:01 +0530: Memory Usage (1692932K) : Starting 3.2. FORBIDDEN table
2026-09-15 22:42:01 +0530: Memory Usage (1692932K) : Executing rule forbidden.biwind
2026-09-15 22:42:01 +0530: Memory Usage (1692932K) : Executing rule forbidden.pemwind
2026-09-15 22:42:01 +0530: Memory Usage (1692932K) : Executing rule forbidden.baspoly
2026-09-15 22:42:01 +0530: Memory Usage (1692932K) : Executing rule forbidden.deepco
2026-09-15 22:42:01 +0530: Memory Usage (1692932K) : Executing rule forbidden.pempoly
2026-09-15 22:42:01 +0530: Memory Usage (1692932K) : Executing rule forbidden.empoly
2026-09-15 22:42:01 +0530: Memory Usage (1692932K) : Executing rule forbidden.ldmos
2026-09-15 22:42:01 +0530: Memory Usage (1692932K) : Executing rule forbidden.pbiwind
2026-09-15 22:42:01 +0530: Memory Usage (1692932K) : Executing rule forbidden.nodrc
2026-09-15 22:42:01 +0530: Memory Usage (1692932K) : Executing rule forbidden.flash
2026-09-15 22:42:01 +0530: Memory Usage (1692932K) : Executing rule forbidden.colwind
2026-09-15 22:42:01 +0530: Memory Usage (1692932K) : KLayout DRC run for tables 'main' completed in 167.64 seconds
