Reading timing models for corner nom_slow_1p08V_125C…
Reading timing library for the 'nom_slow_1p08V_125C' corner at '/home/jaikrishn/IHP-Open-PDK/ihp-sg13g2/libs.ref/sg13g2_stdcell/lib/sg13g2_stdcell_slow_1p08V_125C.lib'…
Reading timing library for the 'nom_slow_1p08V_125C' corner at '/home/jaikrishn/IHP-Open-PDK/ihp-sg13g2/libs.ref/sg13g2_io/lib/sg13g2_io_slow_1p08V_3p0V_125C.lib'…
Reading timing library for the 'nom_slow_1p08V_125C' corner at '/home/jaikrishn/IHP-Open-PDK/ihp-sg13g2/libs.ref/sg13g2_sram/lib/RM_IHPSG13_1P_1024x32_c2_bm_bist_slow_1p08V_125C.lib'…
Reading OpenROAD database at '/home/jaikrishn/Documents/hardware/picorv32_axi4lite_port/phyisical_design/macros/ram/runs/run_1/37-openroad-resizertimingpostcts/ram_macro.odb'…
Reading design constraints file at '/home/jaikrishn/Documents/hardware/picorv32_axi4lite_port/phyisical_design/macros/ram/pnr.sdc'…
[INFO] No information on clock propagation in input SDC file-- propagating all clocks.
[INFO] Setting signal min routing layer to: Metal2 and clock min routing layer to Metal2. 
[INFO] Setting signal max routing layer to: Metal4 and clock max routing layer to Metal4. 
+ global_route -congestion_iterations 50 -verbose
[INFO GRT-0020] Min routing layer: Metal2
[INFO GRT-0021] Max routing layer: Metal4
[INFO GRT-0022] Global adjustment: 30%
[INFO GRT-0023] Grid origin: (0, 0)
[INFO GRT-0088] Layer Metal1  Track-Pitch = 0.4200  line-2-Via Pitch: 0.3650
[INFO GRT-0088] Layer Metal2  Track-Pitch = 0.4800  line-2-Via Pitch: 0.4150
[INFO GRT-0088] Layer Metal3  Track-Pitch = 0.4200  line-2-Via Pitch: 0.4150
[INFO GRT-0088] Layer Metal4  Track-Pitch = 0.4800  line-2-Via Pitch: 0.4100
[INFO GRT-0003] Macros: 1
[INFO GRT-0004] Blockages: 1604
[INFO GRT-0019] Found 23 clock nets.
[INFO GRT-0001] Minimum degree: 2
[INFO GRT-0002] Maximum degree: 17

[INFO GRT-0053] Routing resources analysis:
          Routing      Original      Derated      Resource
Layer     Direction    Resources     Resources    Reduction (%)
---------------------------------------------------------------
Metal1     Horizontal          0             0          0.00%
Metal2     Vertical        82548         54904          33.49%
Metal3     Horizontal     100254         65675          34.49%
Metal4     Vertical        83313         55224          33.72%
---------------------------------------------------------------

[INFO GRT-0101] Running extra iterations to remove overflow.
[INFO GRT-0102] Start extra iteration 1/50
[INFO GRT-0102] Start extra iteration 2/50
[INFO GRT-0197] Via related to pin nodes: 5322
[INFO GRT-0198] Via related Steiner nodes: 54
[INFO GRT-0199] Via filling finished.
[INFO GRT-0111] Final number of vias: 7002
[INFO GRT-0112] Final usage 3D: 35043

[INFO GRT-0096] Final congestion report:
Layer         Resource        Demand        Usage (%)    Max H / Max V / Total Overflow
---------------------------------------------------------------------------------------
Metal1               0             0            0.00%             0 /  0 /  0
Metal2           54904          7509           13.68%             0 /  0 /  0
Metal3           65675          6443            9.81%             0 /  0 /  0
Metal4           55224            85            0.15%             0 /  0 /  0
---------------------------------------------------------------------------------------
Total           175803         14037            7.98%             0 /  0 /  0

[INFO GRT-0018] Total wirelength: 120124 um
[INFO GRT-0014] Routed nets: 1347
[INFO GRT-0303] Global routing runtime = 00:00:00
Setting global connections for newly added cells…
[INFO] Setting global connections...
u_sram matched with u_sram
u_sram matched with u_sram
[INFO ODB-0403] 0 connections made, 0 conflicts skipped.
Updating metrics…
Cell type report:                       Count       Area
  Macro                                     1  140182.69
  Buffer                                   16     255.83
  Clock buffer                             22     649.56
  Timing Repair Buffer                    590    7375.54
  Inverter                                 39     217.73
  Clock inverter                           15      81.65
  Sequential cell                          97    4751.91
  Multi-Input combinational cell          401    4058.81
  Total                                  1181  157573.72
Writing OpenROAD database to '/home/jaikrishn/Documents/hardware/picorv32_axi4lite_port/phyisical_design/macros/ram/runs/run_1/39-openroad-globalrouting/ram_macro.odb'…
Writing layout to '/home/jaikrishn/Documents/hardware/picorv32_axi4lite_port/phyisical_design/macros/ram/runs/run_1/39-openroad-globalrouting/ram_macro.def'…
