Clock: clk_i
Sources: clk_i 
Generated: no
Virtual: yes
Propagated: no
Period: 10.000000

===========================================================================
report_clock_properties
============================================================================
Clock                   Period          Waveform
----------------------------------------------------
clk_i                10.000000    0.000000  5.000000

===========================================================================
report_clock_latency
============================================================================
Clock clk_i
rise -> rise
    min     max
0.000000 0.000000 source latency
0.287877         network latency _15197_/CLK
        0.335698 network latency _15222_/CLK
---------------
0.287877 0.335698 latency
        0.047821 skew

fall -> fall
    min     max
0.000000 0.000000 source latency
0.290217         network latency _15197_/CLK
        0.337344 network latency _15222_/CLK
---------------
0.290217 0.337344 latency
        0.047127 skew



===========================================================================
report_clock_min_period
============================================================================
clk_i period_min = 3.72 fmax = 268.74
