[WARNING ORD-0039] .openroad ignored with -python
                                Cells by Master                                 
┏━━━━━━━━━━━━━━━━━━━━━━━━━━━━━━━━━━━━━━━━━━━━━━━━━━━━━━━━━━┳━━━━━━━━━━━━━━━━━━━┓
┃ Cell                                                     ┃ Count             ┃
┡━━━━━━━━━━━━━━━━━━━━━━━━━━━━━━━━━━━━━━━━━━━━━━━━━━━━━━━━━━╇━━━━━━━━━━━━━━━━━━━┩
│ boot_spi_macro                                           │ 1                 │
│ interconnect_macro                                       │ 1                 │
│ peripherals_macro                                        │ 3                 │
│ picorv32_macro                                           │ 1                 │
│ ram_macro                                                │ 1                 │
│ sg13g2_antennanp                                         │ 37                │
│ sg13g2_buf_1                                             │ 293               │
│ sg13g2_buf_16                                            │ 3                 │
│ sg13g2_buf_8                                             │ 1                 │
│ sg13g2_decap_4                                           │ 524               │
│ sg13g2_decap_8                                           │ 77602             │
│ sg13g2_fill_1                                            │ 685               │
│ sg13g2_fill_2                                            │ 732               │
│ sg13g2_inv_16                                            │ 1                 │
└──────────────────────────────────────────────────────────┴───────────────────┘
                               Cells by Function                                
┏━━━━━━━━━━━━━━━━━━━━━━━━━━━━━━━━━━━━━━━━━━━━━━━━━━━━━┳━━━━━━━━━━━━━━━━━━━━━━━━┓
┃ Cell Function                                       ┃ Count                  ┃
┡━━━━━━━━━━━━━━━━━━━━━━━━━━━━━━━━━━━━━━━━━━━━━━━━━━━━━╇━━━━━━━━━━━━━━━━━━━━━━━━┩
└─────────────────────────────────────────────────────┴────────────────────────┘
                                  Cells by SCL                                  
┏━━━━━━━━━━━━━━━━━━━━━━━━━━━━━━━━━┳━━━━━━━━━━━━━━━━━━━━━━━━━━━━━━━━━━━━━━━━━━━━┓
┃ SCL                             ┃ Count                                      ┃
┡━━━━━━━━━━━━━━━━━━━━━━━━━━━━━━━━━╇━━━━━━━━━━━━━━━━━━━━━━━━━━━━━━━━━━━━━━━━━━━━┩
└─────────────────────────────────┴────────────────────────────────────────────┘
                             Buffers by Cell Master                             
┏━━━━━━━━━━━━━━━━━━━━━━━━━━━━━━━━━━━━━━━━━━━━━━━━━━━━━┳━━━━━━━━━━━━━━━━━━━━━━━━┓
┃ Buffer                                              ┃ Count                  ┃
┡━━━━━━━━━━━━━━━━━━━━━━━━━━━━━━━━━━━━━━━━━━━━━━━━━━━━━╇━━━━━━━━━━━━━━━━━━━━━━━━┩
│ sg13g2_buf_1                                        │ 293                    │
│ sg13g2_buf_16                                       │ 3                      │
│ sg13g2_buf_8                                        │ 1                      │
└─────────────────────────────────────────────────────┴────────────────────────┘
