Clock: clk_i
Sources: clk_i 
Generated: no
Virtual: yes
Propagated: no
Period: 10.000000

===========================================================================
report_clock_properties
============================================================================
Clock                   Period          Waveform
----------------------------------------------------
clk_i                10.000000    0.000000  5.000000

===========================================================================
report_clock_latency
============================================================================
Clock clk_i
rise -> rise
    min     max
0.000000 0.000000 source latency
0.426968         network latency _14913_/CLK
        0.472988 network latency _13682_/CLK
---------------
0.426968 0.472988 latency
        0.046020 skew

fall -> fall
    min     max
0.000000 0.000000 source latency
0.435254         network latency _14913_/CLK
        0.477882 network latency _15077_/CLK
---------------
0.435254 0.477882 latency
        0.042628 skew



===========================================================================
report_clock_min_period
============================================================================
clk_i period_min = 6.08 fmax = 164.53
