+ analyze_power_grid -net VDD -voltage_file /home/jaikrishn/Documents/hardware/picorv32_axi4lite_port/phyisical_design/macros/peripherals/runs/run_3/56-openroad-irdropreport/net-VDD.csv
[INFO PSM-0040] All shapes on net VDD are connected.
########## IR report #################
Net              : VDD
Corner           : nom_typ_1p20V_25C
Total power      : 9.17e-04 W
Supply voltage   : 1.20e+00 V
Worstcase voltage: 1.20e+00 V
Average voltage  : 1.20e+00 V
Average IR drop  : 1.72e-04 V
Worstcase IR drop: 1.16e-03 V
Percentage drop  : 0.10 %
######################################
+ analyze_power_grid -net VSS -voltage_file /home/jaikrishn/Documents/hardware/picorv32_axi4lite_port/phyisical_design/macros/peripherals/runs/run_3/56-openroad-irdropreport/net-VSS.csv
[INFO PSM-0040] All shapes on net VSS are connected.
########## IR report #################
Net              : VSS
Corner           : nom_typ_1p20V_25C
Total power      : 9.17e-04 W
Supply voltage   : 0.00e+00 V
Worstcase voltage: 5.78e-03 V
Average voltage  : 4.13e-04 V
Average IR drop  : 4.13e-04 V
Worstcase IR drop: 5.78e-03 V
Percentage drop  : 0.48 %
######################################
