Clock: clk_i
Sources: clk_i 
Generated: no
Virtual: yes
Propagated: no
Period: 10.000000

===========================================================================
report_clock_properties
============================================================================
Clock                   Period          Waveform
----------------------------------------------------
clk_i                10.000000    0.000000  5.000000

===========================================================================
report_clock_latency
============================================================================
Clock clk_i
rise -> rise
    min     max
0.000000 0.000000 source latency
0.353134         network latency _15242_/CLK
        0.462421 network latency _14514_/CLK
---------------
0.353134 0.462421 latency
        0.109287 skew

fall -> fall
    min     max
0.000000 0.000000 source latency
0.355297         network latency _15242_/CLK
        0.465955 network latency _14514_/CLK
---------------
0.355297 0.465955 latency
        0.110658 skew



===========================================================================
report_clock_min_period
============================================================================
clk_i period_min = 6.08 fmax = 164.35
