
===========================================================================
 report_power
============================================================================
======================= nom_typ_1p20V_25C Corner ===================================

Group                    Internal    Switching      Leakage        Total
                            Power        Power        Power        Power (Watts)
------------------------------------------------------------------------
Sequential           5.456334e-04 9.123156e-06 4.539702e-08 5.548020e-04  61.0%
Combinational        4.668032e-05 7.392306e-05 1.224194e-07 1.207258e-04  13.3%
Clock                1.355308e-04 9.891613e-05 1.316146e-08 2.344601e-04  25.8%
Macro                0.000000e+00 0.000000e+00 0.000000e+00 0.000000e+00   0.0%
Pad                  0.000000e+00 0.000000e+00 0.000000e+00 0.000000e+00   0.0%
------------------------------------------------------------------------
Total                7.278442e-04 1.819625e-04 1.809784e-07 9.099877e-04 100.0%
                            80.0%        20.0%         0.0%
Writing metric power__internal__total: 0.0007278442499227822
Writing metric power__switching__total: 0.00018196248856838793
Writing metric power__leakage__total: 1.8097837539698958e-7
Writing metric power__total: 0.0009099877206608653

