Reading timing models for corner nom_typ_1p20V_25C…
Reading timing library for the 'nom_typ_1p20V_25C' corner at '/home/jaikrishn/IHP-Open-PDK/ihp-sg13g2/libs.ref/sg13g2_stdcell/lib/sg13g2_stdcell_typ_1p20V_25C.lib'…
Reading timing library for the 'nom_typ_1p20V_25C' corner at '/home/jaikrishn/IHP-Open-PDK/ihp-sg13g2/libs.ref/sg13g2_io/lib/sg13g2_io_typ_1p2V_3p3V_25C.lib'…
Reading OpenROAD database at '/home/jaikrishn/Documents/hardware/picorv32_axi4lite_port/phyisical_design/macros/peripherals/runs/run_5/26-odb-customioplacement/peripherals_macro.odb'…
Reading design constraints file at '/home/jaikrishn/Documents/hardware/picorv32_axi4lite_port/phyisical_design/macros/peripherals/constraint.sdc'…
[INFO] No information on clock propagation in input SDC file-- propagating all clocks.
[INFO] Setting signal min routing layer to: Metal2 and clock min routing layer to Metal2. 
[INFO] Setting signal max routing layer to: TopMetal2 and clock max routing layer to TopMetal2. 
+ global_placement -density 0.45 -routability_driven -pad_right 0 -pad_left 0 -init_wirelength_coef 0.25
[INFO GPL-0001] ---- Initialize GPL Main Data Structures
[INFO GPL-0002] DBU: 1000
[INFO GPL-0003] SiteSize: (  0.480  3.780 ) um
[INFO GPL-0004] CoreBBox: (  5.760 15.120 ) ( 172.320 181.440 ) um
[INFO GPL-0036] Movable instances area:       9712.483 um^2
[INFO GPL-0037] Total instances area:         9712.483 um^2
[INFO GPL-0035] Pin density area adjust:      1172.291 um^2
[INFO GPL-0032] ---- Initialize Region: Top-level
[INFO GPL-0006] Number of instances:               657
[INFO GPL-0007] Movable instances:                 657
[INFO GPL-0008] Fixed instances:                     0
[INFO GPL-0009] Dummy instances:                     0
[INFO GPL-0010] Number of nets:                    796
[INFO GPL-0011] Number of pins:                   2496
[INFO GPL-0012] Die BBox:  (  0.000  0.000 ) ( 178.105 196.825 ) um
[INFO GPL-0013] Core BBox: (  5.760 15.120 ) ( 172.320 181.440 ) um
[INFO GPL-0016] Core area:                   27702.259 um^2
[INFO GPL-0014] Region name: top-level.
[INFO GPL-0015] Region area:                 27702.259 um^2
[INFO GPL-0017] Fixed instances area:            0.000 um^2
[INFO GPL-0018] Movable instances area:      10884.775 um^2
[INFO GPL-0019] Utilization:                    39.292 %
[INFO GPL-0020] Standard cells area:         10884.775 um^2
[INFO GPL-0021] Large instances area:            0.000 um^2
[INFO GPL-0005] ---- Execute Conjugate Gradient Initial Placement.
[INFO GPL-0051] Source of initial instance position counters:
	Odb location = 0	Core center = 657	Region center = 0
[InitialPlace]  Iter: 1 conjugate gradient residual: 0.00000012 HPWL: 50833355
[InitialPlace]  Iter: 2 conjugate gradient residual: 0.00000010 HPWL: 27599082
[InitialPlace]  Iter: 3 conjugate gradient residual: 0.00000008 HPWL: 26368470
[InitialPlace]  Iter: 4 conjugate gradient residual: 0.00000012 HPWL: 25809779
[InitialPlace]  Iter: 5 conjugate gradient residual: 0.00000012 HPWL: 25492999
[INFO GPL-0033] ---- Initialize Nesterov Region: Top-level
[INFO GPL-0023] Placement target density:       0.4500
[INFO GPL-0024] Movable insts average area:     16.567 um^2
[INFO GPL-0025] Ideal bin area:                 36.816 um^2
[INFO GPL-0026] Ideal bin count:                   752
[INFO GPL-0027] Total bin area:              27702.259 um^2
[INFO GPL-0028] Bin count (X, Y):          16 ,     16
[INFO GPL-0029] Bin size (W * H):      10.410 * 10.395 um
[INFO GPL-0030] Number of bins:                    256
[INFO GPL-0007] ---- Execute Nesterov Global Placement.
[INFO GPL-0031] HPWL: Half-Perimeter Wirelength
Iteration | Overflow |     HPWL (um) |  HPWL(%) |   Penalty | Group
---------------------------------------------------------------
        0 |   0.8564 |  2.050643e+04 |   +0.00% |  2.53e-14 |      
       10 |   0.7183 |  2.316964e+04 |  +12.99% |  4.11e-14 |      
       20 |   0.7141 |  2.305170e+04 |   -0.51% |  6.70e-14 |      
       30 |   0.7173 |  2.298437e+04 |   -0.29% |  1.09e-13 |      
       40 |   0.7167 |  2.291957e+04 |   -0.28% |  1.78e-13 |      
       50 |   0.7170 |  2.295681e+04 |   +0.16% |  2.90e-13 |      
       60 |   0.7171 |  2.294735e+04 |   -0.04% |  4.72e-13 |      
       70 |   0.7170 |  2.293590e+04 |   -0.05% |  7.68e-13 |      
       80 |   0.7168 |  2.294906e+04 |   +0.06% |  1.25e-12 |      
       90 |   0.7165 |  2.295076e+04 |   +0.01% |  2.04e-12 |      
      100 |   0.7159 |  2.295271e+04 |   +0.01% |  3.32e-12 |      
      110 |   0.7151 |  2.296573e+04 |   +0.06% |  5.41e-12 |      
      120 |   0.7136 |  2.298190e+04 |   +0.07% |  8.81e-12 |      
      130 |   0.7109 |  2.300440e+04 |   +0.10% |  1.44e-11 |      
      140 |   0.7076 |  2.304095e+04 |   +0.16% |  2.34e-11 |      
      150 |   0.7022 |  2.309015e+04 |   +0.21% |  3.81e-11 |      
      160 |   0.6924 |  2.315732e+04 |   +0.29% |  6.20e-11 |      
      170 |   0.6789 |  2.325794e+04 |   +0.43% |  1.01e-10 |      
      180 |   0.6705 |  2.342386e+04 |   +0.71% |  1.65e-10 |      
      190 |   0.6569 |  2.371794e+04 |   +1.26% |  2.68e-10 |      
      200 |   0.6360 |  2.414825e+04 |   +1.81% |  4.37e-10 |      
      210 |   0.6032 |  2.455837e+04 |   +1.70% |  7.11e-10 |      
[INFO GPL-0038] Routability snapshot saved at iter = 213
      212 |   0.5990 |  2.464681e+04 |          |           |      
      220 |   0.5760 |  2.512923e+04 |   +2.32% |  1.16e-09 |      
      230 |   0.5340 |  2.565603e+04 |   +2.10% |  1.89e-09 |      
      240 |   0.4863 |  2.596078e+04 |   +1.19% |  3.07e-09 |      
      250 |   0.4273 |  2.598515e+04 |   +0.09% |  5.01e-09 |      
      260 |   0.3663 |  2.593205e+04 |   -0.20% |  8.15e-09 |      
      270 |   0.3193 |  2.593289e+04 |   +0.00% |  1.26e-08 |      
[INFO GPL-0040] Routability iteration: 1
[INFO GPL-0041] Total routing overflow: 0.0000
[INFO GPL-0042] Number of overflowed tiles: 0 (0.00%)
[INFO GPL-0043] Average top 0.5% routing congestion: 0.7521
[INFO GPL-0044] Average top 1.0% routing congestion: 0.7354
[INFO GPL-0045] Average top 2.0% routing congestion: 0.7232
[INFO GPL-0046] Average top 5.0% routing congestion: 0.6988
[INFO GPL-0047] Routability iteration weighted routing congestion: 0.7438
[INFO GPL-0050] Weighted routing congestion is lower than target routing congestion(1.0100), end routability optimization.
[INFO GPL-0090] Routability finished. Target routing congestion achieved succesfully.
Iteration | Overflow |     HPWL (um) |  HPWL(%) |   Penalty | Group
---------------------------------------------------------------
      280 |   0.2899 |  2.579937e+04 |   -0.51% |  1.86e-08 |      
      290 |   0.2264 |  2.541800e+04 |   -1.48% |  2.74e-08 |      
      300 |   0.1984 |  2.533160e+04 |   -0.34% |  4.04e-08 |      
      310 |   0.1716 |  2.524733e+04 |   -0.33% |  5.95e-08 |      
      320 |   0.1391 |  2.524807e+04 |   +0.00% |  8.76e-08 |      
      330 |   0.1177 |  2.521310e+04 |   -0.14% |  1.29e-07 |      
      340 |   0.1076 |  2.518042e+04 |   -0.13% |  1.90e-07 |      
      342 |   0.0988 |  2.518943e+04 |          |  2.14e-07 |      
---------------------------------------------------------------
[INFO GPL-1001] Global placement finished at iteration 342
[INFO GPL-1003] Routability mode iteration count: 64
[INFO GPL-1005] Routability final weighted congestion: 0.7868
[INFO GPL-1002] Placed Cell Area            10884.7746
[INFO GPL-1003] Available Free Area         27702.2592
[INFO GPL-1004] Minimum Feasible Density        0.4000 (cell_area / free_area)
[INFO GPL-1006]   Suggested Target Densities:
[INFO GPL-1007]     - For 90% usage of free space: 0.4366
[INFO GPL-1008]     - For 80% usage of free space: 0.4912
[INFO GPL-1009]     - For 50% usage of free space: 0.7858
[INFO GPL-1011] Original area (um^2): 10884.77
[INFO GPL-1012] Total routability artificial inflation: 0.00 (+0.00%)
[INFO GPL-1014] Final placement area: 10884.77 (+0.00%)
Setting global connections for newly added cells…
[INFO] Setting global connections...
[INFO ODB-0403] 0 connections made, 0 conflicts skipped.
Updating metrics…
Cell type report:                       Count       Area
  Buffer                                    1       7.26
  Inverter                                 41     223.17
  Sequential cell                         101    4947.87
  Multi-Input combinational cell          514    4534.19
  Total                                   657    9712.48
Writing OpenROAD database to '/home/jaikrishn/Documents/hardware/picorv32_axi4lite_port/phyisical_design/macros/peripherals/runs/run_5/28-openroad-globalplacement/peripherals_macro.odb'…
Writing netlist to '/home/jaikrishn/Documents/hardware/picorv32_axi4lite_port/phyisical_design/macros/peripherals/runs/run_5/28-openroad-globalplacement/peripherals_macro.nl.v'…
Writing powered netlist to '/home/jaikrishn/Documents/hardware/picorv32_axi4lite_port/phyisical_design/macros/peripherals/runs/run_5/28-openroad-globalplacement/peripherals_macro.pnl.v'…
Writing layout to '/home/jaikrishn/Documents/hardware/picorv32_axi4lite_port/phyisical_design/macros/peripherals/runs/run_5/28-openroad-globalplacement/peripherals_macro.def'…
Writing timing constraints to '/home/jaikrishn/Documents/hardware/picorv32_axi4lite_port/phyisical_design/macros/peripherals/runs/run_5/28-openroad-globalplacement/peripherals_macro.sdc'…
