
===========================================================================
Violator List
============================================================================
[hold in-reg] mem_axi_awready -> _14762_/D : -0.051347
[hold in-reg] mem_axi_rdata[7] -> _15176_/D : -0.034398
[hold in-reg] mem_axi_rdata[8] -> _15177_/D : -0.032508
[hold in-reg] mem_axi_rdata[9] -> _15178_/D : -0.032508
[hold in-reg] mem_axi_rdata[10] -> _15179_/D : -0.032508
[hold in-reg] mem_axi_rdata[11] -> _15180_/D : -0.032452
[hold in-reg] mem_axi_rdata[31] -> _15200_/D : -0.031060
[hold in-reg] mem_axi_rdata[25] -> _15194_/D : -0.030875
[hold in-reg] mem_axi_rdata[28] -> _15197_/D : -0.030875
[hold in-reg] mem_axi_rdata[29] -> _15198_/D : -0.030875
[hold in-reg] mem_axi_rdata[26] -> _15195_/D : -0.030587
[hold in-reg] mem_axi_rdata[27] -> _15196_/D : -0.030587
[hold in-reg] mem_axi_rdata[30] -> _15199_/D : -0.030587
[hold in-reg] mem_axi_rdata[15] -> _15184_/D : -0.027405
[hold in-reg] mem_axi_rdata[13] -> _15182_/D : -0.026705
[hold in-reg] mem_axi_rdata[12] -> _15181_/D : -0.026351
[hold in-reg] mem_axi_rdata[18] -> _15187_/D : -0.025967
[hold in-reg] mem_axi_rdata[16] -> _15185_/D : -0.025739
[hold in-reg] mem_axi_rdata[17] -> _15186_/D : -0.025739
[hold in-reg] mem_axi_rdata[20] -> _15189_/D : -0.025739
[hold in-reg] mem_axi_rdata[21] -> _15190_/D : -0.025739
[hold in-reg] mem_axi_rdata[23] -> _15192_/D : -0.025703
[hold in-reg] mem_axi_rdata[19] -> _15188_/D : -0.025678
[hold in-reg] mem_axi_rdata[22] -> _15191_/D : -0.025678
[hold in-reg] mem_axi_rdata[14] -> _15183_/D : -0.025055
[hold in-reg] mem_axi_rdata[24] -> _15193_/D : -0.023999
[hold in-reg] mem_axi_rdata[2] -> _15171_/D : -0.020832
[hold in-reg] mem_axi_rdata[3] -> _15172_/D : -0.018701
[hold in-reg] mem_axi_rdata[1] -> _15170_/D : -0.018544
[hold in-reg] mem_axi_rdata[0] -> _15169_/D : -0.018461
[hold in-reg] mem_axi_rdata[6] -> _15175_/D : -0.014498
[hold in-reg] mem_axi_arready -> _14763_/D : -0.009538
[hold in-reg] mem_axi_wready -> _14764_/D : -0.004209
