┏━━━━━━━┳━━━━━━━━━┳━━━━━━━━━━┳━━━━━━━━━━━━━━━━━━━━━━━━━━━━━━━━━━━━━━━┳━━━━━━━━━━━━━━┳━━━━━━━━┓
┃ P / R ┃ Partial ┃ Required ┃ Net                                   ┃ Pin          ┃ Layer  ┃
┡━━━━━━━╇━━━━━━━━━╇━━━━━━━━━━╇━━━━━━━━━━━━━━━━━━━━━━━━━━━━━━━━━━━━━━━╇━━━━━━━━━━━━━━╇━━━━━━━━┩
│ 2.20  │ 440.70  │ 200.00   │ _02812_                               │ fanout586/A  │ Metal2 │
│ 2.19  │ 438.95  │ 200.00   │ net65                                 │ _16859_/A    │ Metal3 │
│ 2.08  │ 415.37  │ 200.00   │ net67                                 │ _16861_/A    │ Metal3 │
│ 1.64  │ 327.39  │ 200.00   │ net40                                 │ _16864_/A    │ Metal3 │
│ 1.64  │ 327.39  │ 200.00   │ net1364                               │ _16871_/A    │ Metal3 │
│ 1.60  │ 319.42  │ 200.00   │ net68                                 │ _16862_/A    │ Metal3 │
│ 1.60  │ 319.13  │ 200.00   │ net1360                               │ _16875_/A    │ Metal2 │
│ 1.56  │ 311.45  │ 200.00   │ net1365                               │ _16870_/A    │ Metal3 │
│ 1.52  │ 303.25  │ 200.00   │ _00004_                               │ fanout906/A  │ Metal4 │
│ 1.48  │ 295.66  │ 200.00   │ net442                                │ fanout441/A  │ Metal2 │
│ 1.48  │ 295.51  │ 200.00   │ net1367                               │ _16868_/A    │ Metal3 │
│ 1.42  │ 283.32  │ 200.00   │ net28                                 │ hold3244/A   │ Metal2 │
│ 1.40  │ 279.89  │ 200.00   │ net1369                               │ output42/A   │ Metal3 │
│ 1.33  │ 266.29  │ 200.00   │ net611                                │ wire610/A    │ Metal2 │
│ 1.29  │ 258.19  │ 200.00   │ _04982_                               │ _12400_/B    │ Metal2 │
│ 1.27  │ 254.85  │ 200.00   │ net56                                 │ _16880_/A    │ Metal2 │
│ 1.25  │ 249.86  │ 200.00   │ net1379                               │ output62/A   │ Metal2 │
│ 1.24  │ 248.02  │ 200.00   │ net44                                 │ output44/A   │ Metal3 │
│ 1.21  │ 242.73  │ 200.00   │ net424                                │ fanout423/A  │ Metal2 │
│ 1.21  │ 242.54  │ 200.00   │ net1239                               │ fanout1237/A │ Metal2 │
│ 1.20  │ 240.05  │ 200.00   │ net1362                               │ _16873_/A    │ Metal3 │
│ 1.20  │ 239.73  │ 200.00   │ _02984_                               │ fanout316/A  │ Metal3 │
│ 1.19  │ 238.91  │ 200.00   │ net41                                 │ _16865_/A    │ Metal2 │
│ 1.15  │ 229.35  │ 200.00   │ net57                                 │ _16881_/A    │ Metal2 │
│ 1.13  │ 225.96  │ 200.00   │ net436                                │ fanout434/A  │ Metal2 │
│ 1.12  │ 223.89  │ 200.00   │ net1374                               │ output67/A   │ Metal3 │
│ 1.09  │ 217.99  │ 200.00   │ net103                                │ output103/A  │ Metal2 │
│ 1.08  │ 215.82  │ 200.00   │ net1368                               │ output43/A   │ Metal3 │
│ 1.08  │ 215.53  │ 200.00   │ net66                                 │ _16860_/A    │ Metal2 │
│ 1.07  │ 214.47  │ 200.00   │ net1361                               │ _16874_/A    │ Metal2 │
│ 1.07  │ 213.94  │ 200.00   │ net1364                               │ _16871_/A    │ Metal2 │
│ 1.06  │ 211.82  │ 200.00   │ net1363                               │ _16872_/A    │ Metal2 │
│ 1.05  │ 209.59  │ 200.00   │ net1252                               │ fanout1251/A │ Metal2 │
│ 1.04  │ 207.85  │ 200.00   │ net60                                 │ output60/A   │ Metal3 │
│ 1.04  │ 207.04  │ 200.00   │ net1365                               │ _16870_/A    │ Metal2 │
│ 1.01  │ 202.15  │ 200.00   │ net1256                               │ fanout1255/A │ Metal2 │
│ 1.00  │ 200.82  │ 200.00   │ u_picorv32.picorv32_core.alu_out[11\] │ _15229_/D    │ Metal2 │
│ 0.80  │ 160.04  │ 200.00   │ net1366                               │ _16869_/A    │ Metal3 │
│ 0.57  │ 113.03  │ 200.00   │ net1363                               │ _08910_/B1   │ Metal3 │
│ 0.57  │ 113.03  │ 200.00   │ net1363                               │ _16872_/A    │ Metal3 │
│ 0.44  │ 88.32   │ 200.00   │ net1379                               │ output62/A   │ Metal3 │
│ 0.34  │ 67.86   │ 200.00   │ net484                                │ _09146_/S    │ Metal3 │
│ 0.16  │ 32.42   │ 200.00   │ net436                                │ fanout434/A  │ Metal3 │
│ 0.03  │ 5.02    │ 200.00   │ net484                                │ _09146_/S    │ Metal4 │
│ 0.00  │ 0.14    │ 200.00   │ net1363                               │ _08910_/B1   │ Metal4 │
│ 0.00  │ 0.14    │ 200.00   │ net1363                               │ _16872_/A    │ Metal4 │
└───────┴─────────┴──────────┴───────────────────────────────────────┴──────────────┴────────┘
