Reading timing models for corner nom_typ_1p20V_25C…
Reading timing library for the 'nom_typ_1p20V_25C' corner at '/home/jaikrishn/IHP-Open-PDK/ihp-sg13g2/libs.ref/sg13g2_stdcell/lib/sg13g2_stdcell_typ_1p20V_25C.lib'…
Reading timing library for the 'nom_typ_1p20V_25C' corner at '/home/jaikrishn/IHP-Open-PDK/ihp-sg13g2/libs.ref/sg13g2_io/lib/sg13g2_io_typ_1p2V_3p3V_25C.lib'…
Reading OpenROAD database at '/home/jaikrishn/Documents/hardware/picorv32_axi4lite_port/phyisical_design/runs/run_2/36-openroad-globalrouting/soc_top.odb'…
Reading design constraints file at '/nix/store/8y4m6wgn5kqlbig1qwnwbxijqqp0jwib-python3-3.13.9-env/lib/python3.13/site-packages/librelane/scripts/base.sdc'…
[INFO] Using clock clk_i…
[INFO] Setting output delay to: 2.0
[INFO] Setting input delay to: 2.0
[INFO] Setting load to: 0.006
[INFO] Setting clock uncertainty to: 0.25
[INFO] Setting clock transition to: 0.15
[INFO] Setting timing derate to: 5.0%
%OL_CREATE_REPORT min.rpt

===========================================================================
report_checks -path_delay min (Hold)
============================================================================
======================= nom_typ_1p20V_25C Corner ===================================

No paths found.

%OL_END_REPORT
%OL_CREATE_REPORT max.rpt

===========================================================================
report_checks -path_delay max (Setup)
============================================================================
======================= nom_typ_1p20V_25C Corner ===================================

No paths found.

%OL_END_REPORT
%OL_CREATE_REPORT checks.rpt

===========================================================================
report_checks -unconstrained
===========================================================================
======================= nom_typ_1p20V_25C Corner ===================================

Startpoint: clk_i (clock source 'clk_i')
Endpoint: u_periph2/clk_i (internal pin)
Path Group: unconstrained
Path Type: max

Fanout         Cap        Slew       Delay        Time   Description
---------------------------------------------------------------------------------------------
     1    0.491692    0.119260    1.108406    6.108407 v clk_i (in)
                                                         clk_i (net)
                      1.936462    0.000000    6.108407 v clkbuf_0_clk_i/A (sg13g2_buf_16)
     2    0.211745    0.110794    0.375787    6.484193 v clkbuf_0_clk_i/X (sg13g2_buf_16)
                                                         clknet_0_clk_i (net)
                      0.141523    0.047059    6.531252 v clkbuf_1_1_0_clk_i/A (sg13g2_buf_8)
     2    0.455864    0.052559    0.154191    6.685443 v clkbuf_1_1_0_clk_i/X (sg13g2_buf_8)
                                                         clknet_1_1_0_clk_i (net)
                      1.904935    1.004801    7.690244 v u_periph2/clk_i (peripherals_macro)
                                              7.690244   data arrival time
---------------------------------------------------------------------------------------------
(Path is unconstrained)




===========================================================================
report_checks --slack_max -0.01
============================================================================
======================= nom_typ_1p20V_25C Corner ===================================

No paths found.


===========================================================================
 report_check_types -max_slew -max_cap -max_fanout -violators
============================================================================
======================= nom_typ_1p20V_25C Corner ===================================

max capacitance

Pin                                        Limit         Cap       Slack
------------------------------------------------------------------------
rst_ni                                  1.200000    1.316776   -0.116776 (VIOLATED)



===========================================================================
report_parasitic_annotation -report_unannotated
============================================================================
Found 30 unannotated drivers.
 u_boot_spi/boot_done
 u_cpu/trap
 u_ic/m_bresp[0]
 u_ic/m_bresp[1]
 u_ic/m_rresp[0]
 u_ic/m_rresp[1]
 u_ic/s_arprot[0]
 u_ic/s_arprot[10]
 u_ic/s_arprot[11]
 u_ic/s_arprot[1]
 u_ic/s_arprot[2]
 u_ic/s_arprot[3]
 u_ic/s_arprot[4]
 u_ic/s_arprot[5]
 u_ic/s_arprot[6]
 u_ic/s_arprot[7]
 u_ic/s_arprot[8]
 u_ic/s_arprot[9]
 u_ic/s_awprot[0]
 u_ic/s_awprot[10]
 u_ic/s_awprot[11]
 u_ic/s_awprot[1]
 u_ic/s_awprot[2]
 u_ic/s_awprot[3]
 u_ic/s_awprot[4]
 u_ic/s_awprot[5]
 u_ic/s_awprot[6]
 u_ic/s_awprot[7]
 u_ic/s_awprot[8]
 u_ic/s_awprot[9]
Found 0 partially unannotated drivers.

===========================================================================
max slew violation count 0
Writing metric design__max_slew_violation__count__corner:nom_typ_1p20V_25C: 0
max fanout violation count 0
Writing metric design__max_fanout_violation__count__corner:nom_typ_1p20V_25C: 0
max cap violation count 1
Writing metric design__max_cap_violation__count__corner:nom_typ_1p20V_25C: 1
============================================================================

===========================================================================
check_setup -verbose -unconstrained_endpoints -multiple_clock -no_clock -no_input_delay -loops -generated_clocks
===========================================================================
Warning: There are 195 unconstrained endpoints.
  gpio0_dir[0]
  gpio0_dir[10]
  gpio0_dir[11]
  gpio0_dir[12]
  gpio0_dir[13]
  gpio0_dir[14]
  gpio0_dir[15]
  gpio0_dir[16]
  gpio0_dir[17]
  gpio0_dir[18]
  gpio0_dir[19]
  gpio0_dir[1]
  gpio0_dir[20]
  gpio0_dir[21]
  gpio0_dir[22]
  gpio0_dir[23]
  gpio0_dir[24]
  gpio0_dir[25]
  gpio0_dir[26]
  gpio0_dir[27]
  gpio0_dir[28]
  gpio0_dir[29]
  gpio0_dir[2]
  gpio0_dir[30]
  gpio0_dir[31]
  gpio0_dir[3]
  gpio0_dir[4]
  gpio0_dir[5]
  gpio0_dir[6]
  gpio0_dir[7]
  gpio0_dir[8]
  gpio0_dir[9]
  gpio0_out[0]
  gpio0_out[10]
  gpio0_out[11]
  gpio0_out[12]
  gpio0_out[13]
  gpio0_out[14]
  gpio0_out[15]
  gpio0_out[16]
  gpio0_out[17]
  gpio0_out[18]
  gpio0_out[19]
  gpio0_out[1]
  gpio0_out[20]
  gpio0_out[21]
  gpio0_out[22]
  gpio0_out[23]
  gpio0_out[24]
  gpio0_out[25]
  gpio0_out[26]
  gpio0_out[27]
  gpio0_out[28]
  gpio0_out[29]
  gpio0_out[2]
  gpio0_out[30]
  gpio0_out[31]
  gpio0_out[3]
  gpio0_out[4]
  gpio0_out[5]
  gpio0_out[6]
  gpio0_out[7]
  gpio0_out[8]
  gpio0_out[9]
  gpio1_dir[0]
  gpio1_dir[10]
  gpio1_dir[11]
  gpio1_dir[12]
  gpio1_dir[13]
  gpio1_dir[14]
  gpio1_dir[15]
  gpio1_dir[16]
  gpio1_dir[17]
  gpio1_dir[18]
  gpio1_dir[19]
  gpio1_dir[1]
  gpio1_dir[20]
  gpio1_dir[21]
  gpio1_dir[22]
  gpio1_dir[23]
  gpio1_dir[24]
  gpio1_dir[25]
  gpio1_dir[26]
  gpio1_dir[27]
  gpio1_dir[28]
  gpio1_dir[29]
  gpio1_dir[2]
  gpio1_dir[30]
  gpio1_dir[31]
  gpio1_dir[3]
  gpio1_dir[4]
  gpio1_dir[5]
  gpio1_dir[6]
  gpio1_dir[7]
  gpio1_dir[8]
  gpio1_dir[9]
  gpio1_out[0]
  gpio1_out[10]
  gpio1_out[11]
  gpio1_out[12]
  gpio1_out[13]
  gpio1_out[14]
  gpio1_out[15]
  gpio1_out[16]
  gpio1_out[17]
  gpio1_out[18]
  gpio1_out[19]
  gpio1_out[1]
  gpio1_out[20]
  gpio1_out[21]
  gpio1_out[22]
  gpio1_out[23]
  gpio1_out[24]
  gpio1_out[25]
  gpio1_out[26]
  gpio1_out[27]
  gpio1_out[28]
  gpio1_out[29]
  gpio1_out[2]
  gpio1_out[30]
  gpio1_out[31]
  gpio1_out[3]
  gpio1_out[4]
  gpio1_out[5]
  gpio1_out[6]
  gpio1_out[7]
  gpio1_out[8]
  gpio1_out[9]
  gpio2_dir[0]
  gpio2_dir[10]
  gpio2_dir[11]
  gpio2_dir[12]
  gpio2_dir[13]
  gpio2_dir[14]
  gpio2_dir[15]
  gpio2_dir[16]
  gpio2_dir[17]
  gpio2_dir[18]
  gpio2_dir[19]
  gpio2_dir[1]
  gpio2_dir[20]
  gpio2_dir[21]
  gpio2_dir[22]
  gpio2_dir[23]
  gpio2_dir[24]
  gpio2_dir[25]
  gpio2_dir[26]
  gpio2_dir[27]
  gpio2_dir[28]
  gpio2_dir[29]
  gpio2_dir[2]
  gpio2_dir[30]
  gpio2_dir[31]
  gpio2_dir[3]
  gpio2_dir[4]
  gpio2_dir[5]
  gpio2_dir[6]
  gpio2_dir[7]
  gpio2_dir[8]
  gpio2_dir[9]
  gpio2_out[0]
  gpio2_out[10]
  gpio2_out[11]
  gpio2_out[12]
  gpio2_out[13]
  gpio2_out[14]
  gpio2_out[15]
  gpio2_out[16]
  gpio2_out[17]
  gpio2_out[18]
  gpio2_out[19]
  gpio2_out[1]
  gpio2_out[20]
  gpio2_out[21]
  gpio2_out[22]
  gpio2_out[23]
  gpio2_out[24]
  gpio2_out[25]
  gpio2_out[26]
  gpio2_out[27]
  gpio2_out[28]
  gpio2_out[29]
  gpio2_out[2]
  gpio2_out[30]
  gpio2_out[31]
  gpio2_out[3]
  gpio2_out[4]
  gpio2_out[5]
  gpio2_out[6]
  gpio2_out[7]
  gpio2_out[8]
  gpio2_out[9]
  spi_cs_n
  spi_mosi
  spi_sclk
%OL_END_REPORT
%OL_CREATE_REPORT power.rpt

===========================================================================
 report_power
============================================================================
======================= nom_typ_1p20V_25C Corner ===================================

Group                    Internal    Switching      Leakage        Total
                            Power        Power        Power        Power (Watts)
------------------------------------------------------------------------
Sequential           0.000000e+00 0.000000e+00 0.000000e+00 0.000000e+00   0.0%
Combinational        0.000000e+00 0.000000e+00 0.000000e+00 0.000000e+00   0.0%
Clock                5.706494e-05 2.295077e-04 4.156155e-09 2.865768e-04 100.0%
Macro                0.000000e+00 0.000000e+00 0.000000e+00 0.000000e+00   0.0%
Pad                  0.000000e+00 0.000000e+00 0.000000e+00 0.000000e+00   0.0%
------------------------------------------------------------------------
Total                5.706494e-05 2.295077e-04 4.156155e-09 2.865768e-04 100.0%
                            19.9%        80.1%         0.0%
Writing metric power__internal__total: 5.706493539037183e-5
Writing metric power__switching__total: 0.00022950771381147206
Writing metric power__leakage__total: 4.1561554198210615e-9
Writing metric power__total: 0.0002865768037736416

%OL_END_REPORT
%OL_CREATE_REPORT skew.min.rpt

===========================================================================
Clock Skew (Hold)
============================================================================
Writing metric clock__skew__worst_hold__corner:nom_typ_1p20V_25C: 0.0
======================= nom_typ_1p20V_25C Corner ===================================

Clock clk_i
No launch/capture paths found.

%OL_END_REPORT
%OL_CREATE_REPORT skew.max.rpt

===========================================================================
Clock Skew (Setup)
============================================================================
Writing metric clock__skew__worst_setup__corner:nom_typ_1p20V_25C: 0.0
======================= nom_typ_1p20V_25C Corner ===================================

Clock clk_i
No launch/capture paths found.

%OL_END_REPORT
%OL_CREATE_REPORT ws.min.rpt

===========================================================================
Worst Slack (Hold)
============================================================================
Writing metric timing__hold__ws__corner:nom_typ_1p20V_25C: 1.0000000433293989e+39
nom_typ_1p20V_25C: 1.0000000433293989e+39
%OL_END_REPORT
%OL_CREATE_REPORT ws.max.rpt

===========================================================================
Worst Slack (Setup)
============================================================================
Writing metric timing__setup__ws__corner:nom_typ_1p20V_25C: 1.0000000433293989e+39
nom_typ_1p20V_25C: 1.0000000433293989e+39
%OL_END_REPORT
%OL_CREATE_REPORT tns.min.rpt

===========================================================================
Total Negative Slack (Hold)
============================================================================
Writing metric timing__hold__tns__corner:nom_typ_1p20V_25C: 0.0
nom_typ_1p20V_25C: 0.0
%OL_END_REPORT
%OL_CREATE_REPORT tns.max.rpt

===========================================================================
Total Negative Slack (Setup)
============================================================================
Writing metric timing__setup__tns__corner:nom_typ_1p20V_25C: 0.0
nom_typ_1p20V_25C: 0.0
%OL_END_REPORT
%OL_CREATE_REPORT wns.min.rpt

===========================================================================
Worst Negative Slack (Hold)
============================================================================
Writing metric timing__hold__wns__corner:nom_typ_1p20V_25C: 0
nom_typ_1p20V_25C: 0
%OL_END_REPORT
%OL_CREATE_REPORT wns.max.rpt

===========================================================================
Worst Negative Slack (Setup)
============================================================================
Writing metric timing__setup__wns__corner:nom_typ_1p20V_25C: 0.0
nom_typ_1p20V_25C: 0.0
%OL_END_REPORT
%OL_CREATE_REPORT violator_list.rpt

===========================================================================
Violator List
============================================================================
Writing metric timing__hold_vio__count__corner:nom_typ_1p20V_25C: 0
Writing metric timing__hold_r2r__ws__corner:nom_typ_1p20V_25C: 1e30
Writing metric timing__hold_r2r_vio__count__corner:nom_typ_1p20V_25C: 0
Writing metric timing__setup_vio__count__corner:nom_typ_1p20V_25C: 0
Writing metric timing__setup_r2r__ws__corner:nom_typ_1p20V_25C: 1e30
Writing metric timing__setup_r2r_vio__count__corner:nom_typ_1p20V_25C: 0
%OL_END_REPORT
%OL_CREATE_REPORT unpropagated.rpt
%OL_END_REPORT
%OL_CREATE_REPORT clock.rpt
Clock: clk_i
Sources: clk_i 
Generated: no
Virtual: yes
Propagated: no
Period: 10.000000

===========================================================================
report_clock_properties
============================================================================
Clock                   Period          Waveform
----------------------------------------------------
clk_i                10.000000    0.000000  5.000000

===========================================================================
report_clock_latency
============================================================================
Clock clk_i


===========================================================================
report_clock_min_period
============================================================================
clk_i period_min = 0.00 fmax = inf
%OL_END_REPORT
