
===========================================================================
 report_power
============================================================================
======================= nom_typ_1p20V_25C Corner ===================================

Group                    Internal    Switching      Leakage        Total
                            Power        Power        Power        Power (Watts)
------------------------------------------------------------------------
Sequential           0.000000e+00 0.000000e+00 0.000000e+00 0.000000e+00   0.0%
Combinational        0.000000e+00 0.000000e+00 0.000000e+00 0.000000e+00   0.0%
Clock                5.706494e-05 2.295077e-04 4.156155e-09 2.865768e-04 100.0%
Macro                0.000000e+00 0.000000e+00 0.000000e+00 0.000000e+00   0.0%
Pad                  0.000000e+00 0.000000e+00 0.000000e+00 0.000000e+00   0.0%
------------------------------------------------------------------------
Total                5.706494e-05 2.295077e-04 4.156155e-09 2.865768e-04 100.0%
                            19.9%        80.1%         0.0%
Writing metric power__internal__total: 5.706493539037183e-5
Writing metric power__switching__total: 0.00022950771381147206
Writing metric power__leakage__total: 4.1561554198210615e-9
Writing metric power__total: 0.0002865768037736416

