
===========================================================================
 report_power
============================================================================
======================= nom_typ_1p20V_25C Corner ===================================

Group                    Internal    Switching      Leakage        Total
                            Power        Power        Power        Power (Watts)
------------------------------------------------------------------------
Sequential           9.009539e-04 1.857375e-06 7.561217e-08 9.028869e-04  99.1%
Combinational        1.888987e-06 6.172230e-06 6.779788e-08 8.129015e-06   0.9%
Clock                0.000000e+00 0.000000e+00 0.000000e+00 0.000000e+00   0.0%
Macro                0.000000e+00 0.000000e+00 0.000000e+00 0.000000e+00   0.0%
Pad                  0.000000e+00 0.000000e+00 0.000000e+00 0.000000e+00   0.0%
------------------------------------------------------------------------
Total                9.028430e-04 8.029604e-06 1.434102e-07 9.110160e-04 100.0%
                            99.1%         0.9%         0.0%
Writing metric power__internal__total: 0.0009028429631143808
Writing metric power__switching__total: 8.02960403234465e-6
Writing metric power__leakage__total: 1.4341019038965896e-7
Writing metric power__total: 0.0009110160171985626

