Reading timing models for corner nom_typ_1p20V_25C…
Reading timing library for the 'nom_typ_1p20V_25C' corner at '/home/jaikrishn/IHP-Open-PDK/ihp-sg13g2/libs.ref/sg13g2_stdcell/lib/sg13g2_stdcell_typ_1p20V_25C.lib'…
Reading timing library for the 'nom_typ_1p20V_25C' corner at '/home/jaikrishn/IHP-Open-PDK/ihp-sg13g2/libs.ref/sg13g2_io/lib/sg13g2_io_typ_1p2V_3p3V_25C.lib'…
Reading OpenROAD database at '/home/jaikrishn/Documents/hardware/picorv32_axi4lite_port/phyisical_design/runs/run_2/19-odb-addpdnobstructions/soc_top.odb'…
Reading design constraints file at '/nix/store/8y4m6wgn5kqlbig1qwnwbxijqqp0jwib-python3-3.13.9-env/lib/python3.13/site-packages/librelane/scripts/base.sdc'…
[INFO] Using clock clk_i…
[INFO] Setting output delay to: 2.0
[INFO] Setting input delay to: 2.0
[INFO] Setting load to: 0.006
[INFO] Setting clock uncertainty to: 0.25
[INFO] Setting clock transition to: 0.15
[INFO] Setting timing derate to: 5.0%
[INFO] Setting global connections...
u_cpu matched with u_cpu
u_ram matched with u_ram
u_ic matched with u_ic
u_boot_spi matched with u_boot_spi
u_periph0 matched with u_periph0
u_periph1 matched with u_periph1
u_periph2 matched with u_periph2
[INFO ODB-0403] 0 connections made, 0 conflicts skipped.
+ pdngen 
[INFO PDN-0001] Inserting grid: stdcell_grid
[INFO PDN-0001] Inserting grid: macro - u_boot_spi
[INFO PDN-0001] Inserting grid: macro - u_ic
[INFO PDN-0001] Inserting grid: macro - u_periph0
[INFO PDN-0001] Inserting grid: macro - u_periph1
[INFO PDN-0001] Inserting grid: macro - u_periph2
[INFO PDN-0001] Inserting grid: macro - u_cpu
[INFO PDN-0001] Inserting grid: macro - u_ram
Setting global connections for newly added cells…
[INFO] Setting global connections...
u_cpu matched with u_cpu
u_ram matched with u_ram
u_ic matched with u_ic
u_boot_spi matched with u_boot_spi
u_periph0 matched with u_periph0
u_periph1 matched with u_periph1
u_periph2 matched with u_periph2
[INFO ODB-0403] 0 connections made, 0 conflicts skipped.
Updating metrics…
Cell type report:                       Count       Area
  Macro                                     7 1198462.38
  Total                                     7 1198462.38
Writing OpenROAD database to '/home/jaikrishn/Documents/hardware/picorv32_axi4lite_port/phyisical_design/runs/run_2/20-openroad-generatepdn/soc_top.odb'…
Writing netlist to '/home/jaikrishn/Documents/hardware/picorv32_axi4lite_port/phyisical_design/runs/run_2/20-openroad-generatepdn/soc_top.nl.v'…
Writing powered netlist to '/home/jaikrishn/Documents/hardware/picorv32_axi4lite_port/phyisical_design/runs/run_2/20-openroad-generatepdn/soc_top.pnl.v'…
Writing layout to '/home/jaikrishn/Documents/hardware/picorv32_axi4lite_port/phyisical_design/runs/run_2/20-openroad-generatepdn/soc_top.def'…
Writing timing constraints to '/home/jaikrishn/Documents/hardware/picorv32_axi4lite_port/phyisical_design/runs/run_2/20-openroad-generatepdn/soc_top.sdc'…
[INFO PSM-0040] All shapes on net VDD are connected.
[WARNING PSM-0038] Unconnected shape on net VSS at (224.460um, 214.490um) - (226.660um, 457.670um), layer: TopMetal1.
[WARNING PSM-0038] Unconnected shape on net VSS at (300.060um, 214.490um) - (302.260um, 457.670um), layer: TopMetal1.
[WARNING PSM-0038] Unconnected shape on net VSS at (375.660um, 214.490um) - (377.860um, 457.670um), layer: TopMetal1.
[WARNING PSM-0038] Unconnected shape on net VSS at (205.760um, 233.820um) - (448.640um, 236.020um), layer: TopMetal2.
[WARNING PSM-0038] Unconnected shape on net VSS at (205.760um, 309.420um) - (448.640um, 311.620um), layer: TopMetal2.
[WARNING PSM-0038] Unconnected shape on net VSS at (205.760um, 385.020um) - (448.640um, 387.220um), layer: TopMetal2.
[WARNING PSM-0039] Unconnected instance u_boot_spi/VSS at location (314.180um, 323.300um).
[ERROR PSM-0069] Check connectivity failed on VSS.
[WARNING] Grid check for VSS failed: PSM-0069
