Clock: clk_i
Sources: clk_i 
Generated: no
Virtual: yes
Propagated: no
Period: 10.000000

===========================================================================
report_clock_properties
============================================================================
Clock                   Period          Waveform
----------------------------------------------------
clk_i                10.000000    0.000000  5.000000

===========================================================================
report_clock_latency
============================================================================
Clock clk_i
rise -> rise
    min     max
0.000000 0.000000 source latency
0.334986         network latency _1359_/CLK
        0.385686 network latency _1380_/CLK
---------------
0.334986 0.385686 latency
        0.050700 skew

fall -> fall
    min     max
0.000000 0.000000 source latency
0.331811         network latency _1359_/CLK
        0.379414 network latency _1380_/CLK
---------------
0.331811 0.379414 latency
        0.047603 skew



===========================================================================
report_clock_min_period
============================================================================
clk_i period_min = 2.64 fmax = 378.66
