
===========================================================================
report_checks -unconstrained
===========================================================================
======================= nom_slow_1p08V_125C Corner ===================================

Startpoint: s_axil_awaddr[2] (input port clocked by clk_i)
Endpoint: _1089_ (rising edge-triggered flip-flop clocked by clk_i)
Path Group: clk_i
Path Type: max

Fanout         Cap        Slew       Delay        Time   Description
---------------------------------------------------------------------------------------------
                                  0.000000    0.000000   clock clk_i (rise edge)
                                  0.000000    0.000000   clock network delay (propagated)
                                  2.000000    2.000000 ^ input external delay
     1    0.003834    0.033981    0.004952    2.004951 ^ s_axil_awaddr[2] (in)
                                                         s_axil_awaddr[2] (net)
                      0.033981    0.000000    2.004951 ^ input37/A (sg13g2_buf_1)
     1    0.007284    0.059891    0.110964    2.115916 ^ input37/X (sg13g2_buf_1)
                                                         net37 (net)
                      0.059895    0.000551    2.116467 ^ fanout256/A (sg13g2_buf_1)
     5    0.057014    0.365973    0.343388    2.459855 ^ fanout256/X (sg13g2_buf_1)
                                                         net256 (net)
                      0.365983    0.001581    2.461437 ^ fanout252/A (sg13g2_buf_1)
     8    0.061030    0.392090    0.460950    2.922386 ^ fanout252/X (sg13g2_buf_1)
                                                         net252 (net)
                      0.392097    0.001442    2.923828 ^ fanout251/A (sg13g2_buf_1)
     8    0.044286    0.288100    0.397145    3.320973 ^ fanout251/X (sg13g2_buf_1)
                                                         net251 (net)
                      0.288222    0.002019    3.322992 ^ _0587_/A (sg13g2_inv_1)
     1    0.004753    0.080183    0.117029    3.440020 v _0587_/Y (sg13g2_inv_1)
                                                         _0137_ (net)
                      0.080183    0.000193    3.440213 v fanout230/A (sg13g2_buf_1)
     5    0.043861    0.231626    0.271180    3.711393 v fanout230/X (sg13g2_buf_1)
                                                         net230 (net)
                      0.231633    0.001065    3.712458 v fanout226/A (sg13g2_buf_1)
     8    0.052157    0.275278    0.359507    4.071966 v fanout226/X (sg13g2_buf_1)
                                                         net226 (net)
                      0.275563    0.006252    4.078218 v fanout225/A (sg13g2_buf_1)
     8    0.041276    0.220720    0.333484    4.411701 v fanout225/X (sg13g2_buf_1)
                                                         net225 (net)
                      0.220779    0.003447    4.415148 v _0933_/B (sg13g2_nor3_1)
     8    0.053536    1.062055    0.912326    5.327475 ^ _0933_/Y (sg13g2_nor3_1)
                                                         _0399_ (net)
                      1.062086    0.004957    5.332432 ^ _0950_/A2 (sg13g2_a21oi_1)
     1    0.004811    0.198814    0.332005    5.664437 v _0950_/Y (sg13g2_a21oi_1)
                                                         _0412_ (net)
                      0.198814    0.000324    5.664761 v _0953_/A (sg13g2_nor2_1)
     1    0.002327    0.077119    0.131741    5.796503 ^ _0953_/Y (sg13g2_nor2_1)
                                                         _0088_ (net)
                      0.077119    0.000157    5.796660 ^ _1089_/D (sg13g2_dfrbpq_1)
                                              5.796660   data arrival time

                                 10.000000   10.000000   clock clk_i (rise edge)
                                  0.000000   10.000000   clock source latency
     1    0.031638    0.000000    0.000000   10.000000 ^ clk_i (in)
                                                         clk_i (net)
                      0.007738    0.003869   10.003869 ^ clkbuf_0_clk_i/A (sg13g2_buf_16)
    16    0.172825    0.085766    0.125091   10.128961 ^ clkbuf_0_clk_i/X (sg13g2_buf_16)
                                                         clknet_0_clk_i (net)
                      0.086941    0.007985   10.136945 ^ clkbuf_4_8_0_clk_i/A (sg13g2_buf_8)
     7    0.030629    0.045316    0.139543   10.276488 ^ clkbuf_4_8_0_clk_i/X (sg13g2_buf_8)
                                                         clknet_4_8_0_clk_i (net)
                      0.045367    0.002589   10.279078 ^ _1089_/CLK (sg13g2_dfrbpq_1)
                                 -0.200000   10.079078   clock uncertainty
                                  0.000000   10.079078   clock reconvergence pessimism
                                 -0.209448    9.869629   library setup time
                                              9.869629   data required time
---------------------------------------------------------------------------------------------
                                              9.869629   data required time
                                             -5.796660   data arrival time
---------------------------------------------------------------------------------------------
                                              4.072969   slack (MET)




===========================================================================
report_checks --slack_max -0.01
============================================================================
======================= nom_slow_1p08V_125C Corner ===================================

No paths found.


===========================================================================
 report_check_types -max_slew -max_cap -max_fanout -violators
============================================================================
======================= nom_slow_1p08V_125C Corner ===================================

max fanout

Pin                                   Limit Fanout  Slack
---------------------------------------------------------
clkbuf_0_clk_i/X                          8     16     -8 (VIOLATED)



===========================================================================
report_parasitic_annotation -report_unannotated
============================================================================
Found 72 unannotated drivers.
 s_axil_araddr[0]
 s_axil_araddr[10]
 s_axil_araddr[11]
 s_axil_araddr[12]
 s_axil_araddr[13]
 s_axil_araddr[14]
 s_axil_araddr[15]
 s_axil_araddr[16]
 s_axil_araddr[17]
 s_axil_araddr[18]
 s_axil_araddr[19]
 s_axil_araddr[1]
 s_axil_araddr[20]
 s_axil_araddr[21]
 s_axil_araddr[22]
 s_axil_araddr[23]
 s_axil_araddr[24]
 s_axil_araddr[25]
 s_axil_araddr[26]
 s_axil_araddr[27]
 s_axil_araddr[28]
 s_axil_araddr[29]
 s_axil_araddr[30]
 s_axil_araddr[31]
 s_axil_araddr[4]
 s_axil_araddr[5]
 s_axil_araddr[6]
 s_axil_araddr[7]
 s_axil_araddr[8]
 s_axil_araddr[9]
 s_axil_awaddr[0]
 s_axil_awaddr[10]
 s_axil_awaddr[11]
 s_axil_awaddr[12]
 s_axil_awaddr[13]
 s_axil_awaddr[14]
 s_axil_awaddr[15]
 s_axil_awaddr[16]
 s_axil_awaddr[17]
 s_axil_awaddr[18]
 s_axil_awaddr[19]
 s_axil_awaddr[1]
 s_axil_awaddr[20]
 s_axil_awaddr[21]
 s_axil_awaddr[22]
 s_axil_awaddr[23]
 s_axil_awaddr[24]
 s_axil_awaddr[25]
 s_axil_awaddr[26]
 s_axil_awaddr[27]
 s_axil_awaddr[28]
 s_axil_awaddr[29]
 s_axil_awaddr[30]
 s_axil_awaddr[31]
 s_axil_awaddr[4]
 s_axil_awaddr[5]
 s_axil_awaddr[6]
 s_axil_awaddr[7]
 s_axil_awaddr[8]
 s_axil_awaddr[9]
 s_axil_rready
 clkload0/Y
 clkload1/Y
 clkload10/Y
 clkload2/Y
 clkload3/Y
 clkload4/Y
 clkload5/Y
 clkload6/Y
 clkload7/Y
 clkload8/Y
 clkload9/Y
Found 0 partially unannotated drivers.

===========================================================================
max slew violation count 0
max fanout violation count 1
max cap violation count 0
============================================================================

===========================================================================
check_setup -verbose -unconstrained_endpoints -multiple_clock -no_clock -no_input_delay -loops -generated_clocks
===========================================================================
Warning: There are 32 input ports missing set_input_delay.
  gpio_in[0]
  gpio_in[10]
  gpio_in[11]
  gpio_in[12]
  gpio_in[13]
  gpio_in[14]
  gpio_in[15]
  gpio_in[16]
  gpio_in[17]
  gpio_in[18]
  gpio_in[19]
  gpio_in[1]
  gpio_in[20]
  gpio_in[21]
  gpio_in[22]
  gpio_in[23]
  gpio_in[24]
  gpio_in[25]
  gpio_in[26]
  gpio_in[27]
  gpio_in[28]
  gpio_in[29]
  gpio_in[2]
  gpio_in[30]
  gpio_in[31]
  gpio_in[3]
  gpio_in[4]
  gpio_in[5]
  gpio_in[6]
  gpio_in[7]
  gpio_in[8]
  gpio_in[9]
Warning: There are 64 unconstrained endpoints.
  gpio_dir[0]
  gpio_dir[10]
  gpio_dir[11]
  gpio_dir[12]
  gpio_dir[13]
  gpio_dir[14]
  gpio_dir[15]
  gpio_dir[16]
  gpio_dir[17]
  gpio_dir[18]
  gpio_dir[19]
  gpio_dir[1]
  gpio_dir[20]
  gpio_dir[21]
  gpio_dir[22]
  gpio_dir[23]
  gpio_dir[24]
  gpio_dir[25]
  gpio_dir[26]
  gpio_dir[27]
  gpio_dir[28]
  gpio_dir[29]
  gpio_dir[2]
  gpio_dir[30]
  gpio_dir[31]
  gpio_dir[3]
  gpio_dir[4]
  gpio_dir[5]
  gpio_dir[6]
  gpio_dir[7]
  gpio_dir[8]
  gpio_dir[9]
  gpio_out[0]
  gpio_out[10]
  gpio_out[11]
  gpio_out[12]
  gpio_out[13]
  gpio_out[14]
  gpio_out[15]
  gpio_out[16]
  gpio_out[17]
  gpio_out[18]
  gpio_out[19]
  gpio_out[1]
  gpio_out[20]
  gpio_out[21]
  gpio_out[22]
  gpio_out[23]
  gpio_out[24]
  gpio_out[25]
  gpio_out[26]
  gpio_out[27]
  gpio_out[28]
  gpio_out[29]
  gpio_out[2]
  gpio_out[30]
  gpio_out[31]
  gpio_out[3]
  gpio_out[4]
  gpio_out[5]
  gpio_out[6]
  gpio_out[7]
  gpio_out[8]
  gpio_out[9]
