[WARNING ORD-0039] .openroad ignored with -python
Unannotated report:
['report_parasitic_annotation -report_unannotated\n',
 '============================================================================\n',
 'Found 72 unannotated drivers.\n',
 ' s_axil_araddr[0]\n',
 ' s_axil_araddr[10]\n',
 ' s_axil_araddr[11]\n',
 ' s_axil_araddr[12]\n',
 ' s_axil_araddr[13]\n',
 ' s_axil_araddr[14]\n',
 ' s_axil_araddr[15]\n',
 ' s_axil_araddr[16]\n',
 ' s_axil_araddr[17]\n',
 ' s_axil_araddr[18]\n',
 ' s_axil_araddr[19]\n',
 ' s_axil_araddr[1]\n',
 ' s_axil_araddr[20]\n',
 ' s_axil_araddr[21]\n',
 ' s_axil_araddr[22]\n',
 ' s_axil_araddr[23]\n',
 ' s_axil_araddr[24]\n',
 ' s_axil_araddr[25]\n',
 ' s_axil_araddr[26]\n',
 ' s_axil_araddr[27]\n',
 ' s_axil_araddr[28]\n',
 ' s_axil_araddr[29]\n',
 ' s_axil_araddr[30]\n',
 ' s_axil_araddr[31]\n',
 ' s_axil_araddr[4]\n',
 ' s_axil_araddr[5]\n',
 ' s_axil_araddr[6]\n',
 ' s_axil_araddr[7]\n',
 ' s_axil_araddr[8]\n',
 ' s_axil_araddr[9]\n',
 ' s_axil_awaddr[0]\n',
 ' s_axil_awaddr[10]\n',
 ' s_axil_awaddr[11]\n',
 ' s_axil_awaddr[12]\n',
 ' s_axil_awaddr[13]\n',
 ' s_axil_awaddr[14]\n',
 ' s_axil_awaddr[15]\n',
 ' s_axil_awaddr[16]\n',
 ' s_axil_awaddr[17]\n',
 ' s_axil_awaddr[18]\n',
 ' s_axil_awaddr[19]\n',
 ' s_axil_awaddr[1]\n',
 ' s_axil_awaddr[20]\n',
 ' s_axil_awaddr[21]\n',
 ' s_axil_awaddr[22]\n',
 ' s_axil_awaddr[23]\n',
 ' s_axil_awaddr[24]\n',
 ' s_axil_awaddr[25]\n',
 ' s_axil_awaddr[26]\n',
 ' s_axil_awaddr[27]\n',
 ' s_axil_awaddr[28]\n',
 ' s_axil_awaddr[29]\n',
 ' s_axil_awaddr[30]\n',
 ' s_axil_awaddr[31]\n',
 ' s_axil_awaddr[4]\n',
 ' s_axil_awaddr[5]\n',
 ' s_axil_awaddr[6]\n',
 ' s_axil_awaddr[7]\n',
 ' s_axil_awaddr[8]\n',
 ' s_axil_awaddr[9]\n',
 ' s_axil_rready\n',
 ' clkload0/Y\n',
 ' clkload1/Y\n',
 ' clkload10/Y\n',
 ' clkload2/Y\n',
 ' clkload3/Y\n',
 ' clkload4/Y\n',
 ' clkload5/Y\n',
 ' clkload6/Y\n',
 ' clkload7/Y\n',
 ' clkload8/Y\n',
 ' clkload9/Y\n',
 'Found 0 partially unannotated drivers.\n',
 '\n']
Reported nets:
['s_axil_araddr[0]',
 's_axil_araddr[10]',
 's_axil_araddr[11]',
 's_axil_araddr[12]',
 's_axil_araddr[13]',
 's_axil_araddr[14]',
 's_axil_araddr[15]',
 's_axil_araddr[16]',
 's_axil_araddr[17]',
 's_axil_araddr[18]',
 's_axil_araddr[19]',
 's_axil_araddr[1]',
 's_axil_araddr[20]',
 's_axil_araddr[21]',
 's_axil_araddr[22]',
 's_axil_araddr[23]',
 's_axil_araddr[24]',
 's_axil_araddr[25]',
 's_axil_araddr[26]',
 's_axil_araddr[27]',
 's_axil_araddr[28]',
 's_axil_araddr[29]',
 's_axil_araddr[30]',
 's_axil_araddr[31]',
 's_axil_araddr[4]',
 's_axil_araddr[5]',
 's_axil_araddr[6]',
 's_axil_araddr[7]',
 's_axil_araddr[8]',
 's_axil_araddr[9]',
 's_axil_awaddr[0]',
 's_axil_awaddr[10]',
 's_axil_awaddr[11]',
 's_axil_awaddr[12]',
 's_axil_awaddr[13]',
 's_axil_awaddr[14]',
 's_axil_awaddr[15]',
 's_axil_awaddr[16]',
 's_axil_awaddr[17]',
 's_axil_awaddr[18]',
 's_axil_awaddr[19]',
 's_axil_awaddr[1]',
 's_axil_awaddr[20]',
 's_axil_awaddr[21]',
 's_axil_awaddr[22]',
 's_axil_awaddr[23]',
 's_axil_awaddr[24]',
 's_axil_awaddr[25]',
 's_axil_awaddr[26]',
 's_axil_awaddr[27]',
 's_axil_awaddr[28]',
 's_axil_awaddr[29]',
 's_axil_awaddr[30]',
 's_axil_awaddr[31]',
 's_axil_awaddr[4]',
 's_axil_awaddr[5]',
 's_axil_awaddr[6]',
 's_axil_awaddr[7]',
 's_axil_awaddr[8]',
 's_axil_awaddr[9]',
 's_axil_rready',
 'clkload0/Y',
 'clkload1/Y',
 'clkload10/Y',
 'clkload2/Y',
 'clkload3/Y',
 'clkload4/Y',
 'clkload5/Y',
 'clkload6/Y',
 'clkload7/Y',
 'clkload8/Y',
 'clkload9/Y']
Filtered nets:
[]
done
