
===========================================================================
report_checks -unconstrained
===========================================================================
======================= nom_slow_1p08V_125C Corner ===================================

Startpoint: s_axil_awaddr[2] (input port clocked by clk_i)
Endpoint: _1089_ (rising edge-triggered flip-flop clocked by clk_i)
Path Group: clk_i
Path Type: max

Fanout         Cap        Slew       Delay        Time   Description
---------------------------------------------------------------------------------------------
                                  0.000000    0.000000   clock clk_i (rise edge)
                                  0.000000    0.000000   clock network delay (propagated)
                                  2.000000    2.000000 ^ input external delay
     1    0.003834    0.033981    0.004952    2.004951 ^ s_axil_awaddr[2] (in)
                                                         s_axil_awaddr[2] (net)
                      0.033981    0.000000    2.004951 ^ input37/A (sg13g2_buf_1)
     1    0.007697    0.062349    0.112785    2.117736 ^ input37/X (sg13g2_buf_1)
                                                         net37 (net)
                      0.062358    0.000742    2.118479 ^ fanout256/A (sg13g2_buf_1)
     5    0.056898    0.364194    0.342099    2.460578 ^ fanout256/X (sg13g2_buf_1)
                                                         net256 (net)
                      0.364219    0.002582    2.463160 ^ fanout252/A (sg13g2_buf_1)
     8    0.062391    0.400549    0.466305    2.929464 ^ fanout252/X (sg13g2_buf_1)
                                                         net252 (net)
                      0.400573    0.002652    2.932116 ^ fanout251/A (sg13g2_buf_1)
     8    0.043126    0.280885    0.394429    3.326545 ^ fanout251/X (sg13g2_buf_1)
                                                         net251 (net)
                      0.280895    0.002027    3.328573 ^ _0587_/A (sg13g2_inv_1)
     1    0.004276    0.076845    0.112016    3.440588 v _0587_/Y (sg13g2_inv_1)
                                                         _0137_ (net)
                      0.076845    0.000168    3.440756 v fanout230/A (sg13g2_buf_1)
     5    0.045988    0.243555    0.277639    3.718395 v fanout230/X (sg13g2_buf_1)
                                                         net230 (net)
                      0.243562    0.001175    3.719570 v fanout226/A (sg13g2_buf_1)
     8    0.053258    0.280829    0.367304    4.086873 v fanout226/X (sg13g2_buf_1)
                                                         net226 (net)
                      0.281073    0.005695    4.092568 v fanout225/A (sg13g2_buf_1)
     8    0.040915    0.218877    0.334012    4.426580 v fanout225/X (sg13g2_buf_1)
                                                         net225 (net)
                      0.218930    0.003284    4.429864 v _0933_/B (sg13g2_nor3_1)
     8    0.054420    1.078878    0.923262    5.353127 ^ _0933_/Y (sg13g2_nor3_1)
                                                         _0399_ (net)
                      1.078927    0.006173    5.359299 ^ _0950_/A2 (sg13g2_a21oi_1)
     1    0.004682    0.199561    0.332627    5.691926 v _0950_/Y (sg13g2_a21oi_1)
                                                         _0412_ (net)
                      0.199561    0.000315    5.692241 v _0953_/A (sg13g2_nor2_1)
     1    0.002327    0.077217    0.131898    5.824140 ^ _0953_/Y (sg13g2_nor2_1)
                                                         _0088_ (net)
                      0.077217    0.000157    5.824297 ^ _1089_/D (sg13g2_dfrbpq_1)
                                              5.824297   data arrival time

                                 10.000000   10.000000   clock clk_i (rise edge)
                                  0.000000   10.000000   clock source latency
     1    0.031179    0.000000    0.000000   10.000000 ^ clk_i (in)
                                                         clk_i (net)
                      0.004322    0.002161   10.002161 ^ clkbuf_0_clk_i/A (sg13g2_buf_16)
    16    0.175012    0.087394    0.120508   10.122669 ^ clkbuf_0_clk_i/X (sg13g2_buf_16)
                                                         clknet_0_clk_i (net)
                      0.089315    0.010236   10.132905 ^ clkbuf_4_8_0_clk_i/A (sg13g2_buf_8)
     7    0.031311    0.045844    0.141287   10.274193 ^ clkbuf_4_8_0_clk_i/X (sg13g2_buf_8)
                                                         clknet_4_8_0_clk_i (net)
                      0.045897    0.002627   10.276819 ^ _1089_/CLK (sg13g2_dfrbpq_1)
                                 -0.200000   10.076819   clock uncertainty
                                  0.000000   10.076819   clock reconvergence pessimism
                                 -0.209380    9.867439   library setup time
                                              9.867439   data required time
---------------------------------------------------------------------------------------------
                                              9.867439   data required time
                                             -5.824297   data arrival time
---------------------------------------------------------------------------------------------
                                              4.043143   slack (MET)




===========================================================================
report_checks --slack_max -0.01
============================================================================
======================= nom_slow_1p08V_125C Corner ===================================

No paths found.


===========================================================================
 report_check_types -max_slew -max_cap -max_fanout -violators
============================================================================
======================= nom_slow_1p08V_125C Corner ===================================

max fanout

Pin                                   Limit Fanout  Slack
---------------------------------------------------------
clkbuf_0_clk_i/X                          8     16     -8 (VIOLATED)



===========================================================================
report_parasitic_annotation -report_unannotated
============================================================================
Found 72 unannotated drivers.
 s_axil_araddr[0]
 s_axil_araddr[10]
 s_axil_araddr[11]
 s_axil_araddr[12]
 s_axil_araddr[13]
 s_axil_araddr[14]
 s_axil_araddr[15]
 s_axil_araddr[16]
 s_axil_araddr[17]
 s_axil_araddr[18]
 s_axil_araddr[19]
 s_axil_araddr[1]
 s_axil_araddr[20]
 s_axil_araddr[21]
 s_axil_araddr[22]
 s_axil_araddr[23]
 s_axil_araddr[24]
 s_axil_araddr[25]
 s_axil_araddr[26]
 s_axil_araddr[27]
 s_axil_araddr[28]
 s_axil_araddr[29]
 s_axil_araddr[30]
 s_axil_araddr[31]
 s_axil_araddr[4]
 s_axil_araddr[5]
 s_axil_araddr[6]
 s_axil_araddr[7]
 s_axil_araddr[8]
 s_axil_araddr[9]
 s_axil_awaddr[0]
 s_axil_awaddr[10]
 s_axil_awaddr[11]
 s_axil_awaddr[12]
 s_axil_awaddr[13]
 s_axil_awaddr[14]
 s_axil_awaddr[15]
 s_axil_awaddr[16]
 s_axil_awaddr[17]
 s_axil_awaddr[18]
 s_axil_awaddr[19]
 s_axil_awaddr[1]
 s_axil_awaddr[20]
 s_axil_awaddr[21]
 s_axil_awaddr[22]
 s_axil_awaddr[23]
 s_axil_awaddr[24]
 s_axil_awaddr[25]
 s_axil_awaddr[26]
 s_axil_awaddr[27]
 s_axil_awaddr[28]
 s_axil_awaddr[29]
 s_axil_awaddr[30]
 s_axil_awaddr[31]
 s_axil_awaddr[4]
 s_axil_awaddr[5]
 s_axil_awaddr[6]
 s_axil_awaddr[7]
 s_axil_awaddr[8]
 s_axil_awaddr[9]
 s_axil_rready
 clkload0/Y
 clkload1/Y
 clkload10/Y
 clkload2/Y
 clkload3/Y
 clkload4/Y
 clkload5/Y
 clkload6/Y
 clkload7/Y
 clkload8/Y
 clkload9/Y
Found 0 partially unannotated drivers.

===========================================================================
max slew violation count 0
max fanout violation count 1
max cap violation count 0
============================================================================

===========================================================================
check_setup -verbose -unconstrained_endpoints -multiple_clock -no_clock -no_input_delay -loops -generated_clocks
===========================================================================
