
===========================================================================
report_checks -unconstrained
===========================================================================
======================= nom_fast_1p32V_m40C Corner ===================================

Startpoint: s_axil_awaddr[2] (input port clocked by clk_i)
Endpoint: _1089_ (rising edge-triggered flip-flop clocked by clk_i)
Path Group: clk_i
Path Type: max

Fanout         Cap        Slew       Delay        Time   Description
---------------------------------------------------------------------------------------------
                                  0.000000    0.000000   clock clk_i (rise edge)
                                  0.000000    0.000000   clock network delay (propagated)
                                  2.000000    2.000000 ^ input external delay
     1    0.004200    0.014418    0.002347    2.002347 ^ s_axil_awaddr[2] (in)
                                                         s_axil_awaddr[2] (net)
                      0.014418    0.000000    2.002347 ^ input37/A (sg13g2_buf_1)
     1    0.008063    0.026941    0.047440    2.049786 ^ input37/X (sg13g2_buf_1)
                                                         net37 (net)
                      0.026994    0.000792    2.050579 ^ fanout256/A (sg13g2_buf_1)
     5    0.058904    0.157405    0.139891    2.190470 ^ fanout256/X (sg13g2_buf_1)
                                                         net256 (net)
                      0.157470    0.002691    2.193160 ^ fanout252/A (sg13g2_buf_1)
     8    0.066119    0.176464    0.185619    2.378779 ^ fanout252/X (sg13g2_buf_1)
                                                         net252 (net)
                      0.176526    0.002816    2.381595 ^ fanout251/A (sg13g2_buf_1)
     8    0.047003    0.127138    0.159761    2.541356 ^ fanout251/X (sg13g2_buf_1)
                                                         net251 (net)
                      0.127193    0.002216    2.543572 ^ _0587_/A (sg13g2_inv_1)
     1    0.004698    0.032531    0.042443    2.586015 v _0587_/Y (sg13g2_inv_1)
                                                         _0137_ (net)
                      0.032531    0.000187    2.586202 v fanout230/A (sg13g2_buf_1)
     5    0.048301    0.105979    0.111603    2.697805 v fanout230/X (sg13g2_buf_1)
                                                         net230 (net)
                      0.105999    0.001239    2.699044 v fanout226/A (sg13g2_buf_1)
     8    0.057998    0.126457    0.149780    2.848825 v fanout226/X (sg13g2_buf_1)
                                                         net226 (net)
                      0.126898    0.006137    2.854962 v fanout225/A (sg13g2_buf_1)
     8    0.045886    0.101137    0.137152    2.992114 v fanout225/X (sg13g2_buf_1)
                                                         net225 (net)
                      0.101331    0.003658    2.995772 v _0933_/B (sg13g2_nor3_1)
     8    0.057966    0.468600    0.384417    3.380189 ^ _0933_/Y (sg13g2_nor3_1)
                                                         _0399_ (net)
                      0.468733    0.006601    3.386791 ^ _0950_/A2 (sg13g2_a21oi_1)
     1    0.005177    0.087002    0.115552    3.502342 v _0950_/Y (sg13g2_a21oi_1)
                                                         _0412_ (net)
                      0.087003    0.000357    3.502699 v _0953_/A (sg13g2_nor2_1)
     1    0.002592    0.034472    0.048275    3.550974 ^ _0953_/Y (sg13g2_nor2_1)
                                                         _0088_ (net)
                      0.034472    0.000180    3.551153 ^ _1089_/D (sg13g2_dfrbpq_1)
                                              3.551153   data arrival time

                                 10.000000   10.000000   clock clk_i (rise edge)
                                  0.000000   10.000000   clock source latency
     1    0.033041    0.000000    0.000000   10.000000 ^ clk_i (in)
                                                         clk_i (net)
                      0.004732    0.002366   10.002366 ^ clkbuf_0_clk_i/A (sg13g2_buf_16)
    16    0.189800    0.039731    0.051760   10.054127 ^ clkbuf_0_clk_i/X (sg13g2_buf_16)
                                                         clknet_0_clk_i (net)
                      0.044860    0.010577   10.064704 ^ clkbuf_4_8_0_clk_i/A (sg13g2_buf_8)
     7    0.033514    0.020764    0.058099   10.122804 ^ clkbuf_4_8_0_clk_i/X (sg13g2_buf_8)
                                                         clknet_4_8_0_clk_i (net)
                      0.021240    0.002793   10.125597 ^ _1089_/CLK (sg13g2_dfrbpq_1)
                                 -0.200000    9.925596   clock uncertainty
                                  0.000000    9.925596   clock reconvergence pessimism
                                 -0.079366    9.846230   library setup time
                                              9.846230   data required time
---------------------------------------------------------------------------------------------
                                              9.846230   data required time
                                             -3.551153   data arrival time
---------------------------------------------------------------------------------------------
                                              6.295077   slack (MET)




===========================================================================
report_checks --slack_max -0.01
============================================================================
======================= nom_fast_1p32V_m40C Corner ===================================

No paths found.


===========================================================================
 report_check_types -max_slew -max_cap -max_fanout -violators
============================================================================
======================= nom_fast_1p32V_m40C Corner ===================================

max fanout

Pin                                   Limit Fanout  Slack
---------------------------------------------------------
clkbuf_0_clk_i/X                          8     16     -8 (VIOLATED)



===========================================================================
report_parasitic_annotation -report_unannotated
============================================================================
Found 72 unannotated drivers.
 s_axil_araddr[0]
 s_axil_araddr[10]
 s_axil_araddr[11]
 s_axil_araddr[12]
 s_axil_araddr[13]
 s_axil_araddr[14]
 s_axil_araddr[15]
 s_axil_araddr[16]
 s_axil_araddr[17]
 s_axil_araddr[18]
 s_axil_araddr[19]
 s_axil_araddr[1]
 s_axil_araddr[20]
 s_axil_araddr[21]
 s_axil_araddr[22]
 s_axil_araddr[23]
 s_axil_araddr[24]
 s_axil_araddr[25]
 s_axil_araddr[26]
 s_axil_araddr[27]
 s_axil_araddr[28]
 s_axil_araddr[29]
 s_axil_araddr[30]
 s_axil_araddr[31]
 s_axil_araddr[4]
 s_axil_araddr[5]
 s_axil_araddr[6]
 s_axil_araddr[7]
 s_axil_araddr[8]
 s_axil_araddr[9]
 s_axil_awaddr[0]
 s_axil_awaddr[10]
 s_axil_awaddr[11]
 s_axil_awaddr[12]
 s_axil_awaddr[13]
 s_axil_awaddr[14]
 s_axil_awaddr[15]
 s_axil_awaddr[16]
 s_axil_awaddr[17]
 s_axil_awaddr[18]
 s_axil_awaddr[19]
 s_axil_awaddr[1]
 s_axil_awaddr[20]
 s_axil_awaddr[21]
 s_axil_awaddr[22]
 s_axil_awaddr[23]
 s_axil_awaddr[24]
 s_axil_awaddr[25]
 s_axil_awaddr[26]
 s_axil_awaddr[27]
 s_axil_awaddr[28]
 s_axil_awaddr[29]
 s_axil_awaddr[30]
 s_axil_awaddr[31]
 s_axil_awaddr[4]
 s_axil_awaddr[5]
 s_axil_awaddr[6]
 s_axil_awaddr[7]
 s_axil_awaddr[8]
 s_axil_awaddr[9]
 s_axil_rready
 clkload0/Y
 clkload1/Y
 clkload10/Y
 clkload2/Y
 clkload3/Y
 clkload4/Y
 clkload5/Y
 clkload6/Y
 clkload7/Y
 clkload8/Y
 clkload9/Y
Found 0 partially unannotated drivers.

===========================================================================
max slew violation count 0
max fanout violation count 1
max cap violation count 0
============================================================================

===========================================================================
check_setup -verbose -unconstrained_endpoints -multiple_clock -no_clock -no_input_delay -loops -generated_clocks
===========================================================================
