
===========================================================================
 report_power
============================================================================
======================= nom_fast_1p32V_m40C Corner ===================================

Group                    Internal    Switching      Leakage        Total
                            Power        Power        Power        Power (Watts)
------------------------------------------------------------------------
Sequential           6.610568e-04 1.518514e-05 9.761136e-08 6.763396e-04  58.1%
Combinational        5.972705e-05 1.081252e-04 3.018270e-07 1.681541e-04  14.4%
Clock                1.733989e-04 1.430206e-04 2.937006e-06 3.193565e-04  27.4%
Macro                0.000000e+00 0.000000e+00 0.000000e+00 0.000000e+00   0.0%
Pad                  0.000000e+00 0.000000e+00 0.000000e+00 0.000000e+00   0.0%
------------------------------------------------------------------------
Total                8.941831e-04 2.663308e-04 3.336438e-06 1.163850e-03 100.0%
                            76.8%        22.9%         0.3%

