
===========================================================================
report_checks -unconstrained
===========================================================================
======================= nom_typ_1p20V_25C Corner ===================================

Startpoint: s_axil_awvalid (input port clocked by clk_i)
Endpoint: _1093_ (rising edge-triggered flip-flop clocked by clk_i)
Path Group: clk_i
Path Type: max

Fanout         Cap        Slew       Delay        Time   Description
---------------------------------------------------------------------------------------------
                                  0.000000    0.000000   clock clk_i (rise edge)
                                  0.000000    0.000000   clock network delay (propagated)
                                  2.000000    2.000000 ^ input external delay
     3    0.019542    0.034877    0.016697    2.016697 ^ s_axil_awvalid (in)
                                                         s_axil_awvalid (net)
                      0.034924    0.000000    2.016697 ^ _0728_/B (sg13g2_nand2_1)
     2    0.006811    0.050367    0.065016    2.081713 v _0728_/Y (sg13g2_nand2_1)
                                                         _0244_ (net)
                      0.050367    0.000037    2.081749 v _0729_/C (sg13g2_nor3_1)
    65    0.288767    3.534135    2.576792    4.658542 ^ _0729_/Y (sg13g2_nor3_1)
                                                         _0245_ (net)
                      3.534192    0.012307    4.670849 ^ _0967_/A1 (sg13g2_a21oi_1)
     1    0.004302    0.373641    0.378551    5.049400 v _0967_/Y (sg13g2_a21oi_1)
                                                         _0425_ (net)
                      0.373641    0.000045    5.049445 v _0970_/A (sg13g2_nor2_1)
     1    0.002549    0.081465    0.110229    5.159674 ^ _0970_/Y (sg13g2_nor2_1)
                                                         _0092_ (net)
                      0.081465    0.000025    5.159699 ^ _1093_/D (sg13g2_dfrbpq_1)
                                              5.159699   data arrival time

                                 10.000000   10.000000   clock clk_i (rise edge)
                                  0.000000   10.000000   clock source latency
   101    0.416943    0.000000    0.000000   10.000000 ^ clk_i (in)
                                                         clk_i (net)
                      0.014600    0.007300   10.007300 ^ _1093_/CLK (sg13g2_dfrbpq_1)
                                 -0.200000    9.807301   clock uncertainty
                                  0.000000    9.807301   clock reconvergence pessimism
                                 -0.133513    9.673787   library setup time
                                              9.673787   data required time
---------------------------------------------------------------------------------------------
                                              9.673787   data required time
                                             -5.159699   data arrival time
---------------------------------------------------------------------------------------------
                                              4.514088   slack (MET)




===========================================================================
report_checks --slack_max -0.01
============================================================================
======================= nom_typ_1p20V_25C Corner ===================================

No paths found.


===========================================================================
 report_check_types -max_slew -max_cap -max_fanout -violators
============================================================================
======================= nom_typ_1p20V_25C Corner ===================================

max slew

Pin                                        Limit        Slew       Slack
------------------------------------------------------------------------
_0946_/A1                               2.507400    3.534259   -1.026859 (VIOLATED)
_0950_/A1                               2.507400    3.534259   -1.026859 (VIOLATED)
_0814_/A1                               2.507400    3.534257   -1.026857 (VIOLATED)
_0806_/A1                               2.507400    3.534256   -1.026856 (VIOLATED)
_0810_/A1                               2.507400    3.534256   -1.026856 (VIOLATED)
_0818_/A1                               2.507400    3.534256   -1.026856 (VIOLATED)
_0958_/A1                               2.507400    3.534256   -1.026856 (VIOLATED)
_0830_/A1                               2.507400    3.534255   -1.026855 (VIOLATED)
_0826_/A1                               2.507400    3.534253   -1.026853 (VIOLATED)
_0938_/A1                               2.507400    3.534253   -1.026853 (VIOLATED)
_0954_/A1                               2.507400    3.534252   -1.026852 (VIOLATED)
_0962_/A1                               2.507400    3.534250   -1.026850 (VIOLATED)
_0847_/A1                               2.507400    3.534248   -1.026847 (VIOLATED)
_0802_/A1                               2.507400    3.534245   -1.026845 (VIOLATED)
_0822_/A1                               2.507400    3.534243   -1.026843 (VIOLATED)
_0942_/A1                               2.507400    3.534243   -1.026843 (VIOLATED)
_0934_/A1                               2.507400    3.534240   -1.026840 (VIOLATED)
_0764_/A1                               2.507400    3.534237   -1.026836 (VIOLATED)
_0736_/A1                               2.507400    3.534234   -1.026834 (VIOLATED)
_0748_/A1                               2.507400    3.534226   -1.026826 (VIOLATED)
_0740_/A1                               2.507400    3.534224   -1.026824 (VIOLATED)
_0752_/A1                               2.507400    3.534224   -1.026824 (VIOLATED)
_0756_/A1                               2.507400    3.534224   -1.026824 (VIOLATED)
_0760_/A1                               2.507400    3.534221   -1.026821 (VIOLATED)
_0868_/A1                               2.507400    3.534221   -1.026821 (VIOLATED)
_0744_/A1                               2.507400    3.534216   -1.026816 (VIOLATED)
_0839_/A1                               2.507400    3.534203   -1.026803 (VIOLATED)
_0843_/A1                               2.507400    3.534203   -1.026803 (VIOLATED)
_0851_/A1                               2.507400    3.534202   -1.026802 (VIOLATED)
_0983_/A1                               2.507400    3.534201   -1.026801 (VIOLATED)
_0789_/A1                               2.507400    3.534199   -1.026798 (VIOLATED)
_0793_/A1                               2.507400    3.534198   -1.026798 (VIOLATED)
_0797_/A1                               2.507400    3.534199   -1.026798 (VIOLATED)
_0971_/A1                               2.507400    3.534199   -1.026799 (VIOLATED)
_0979_/A1                               2.507400    3.534197   -1.026797 (VIOLATED)
_0863_/A1                               2.507400    3.534195   -1.026794 (VIOLATED)
_0925_/A1                               2.507400    3.534195   -1.026795 (VIOLATED)
_0835_/A1                               2.507400    3.534193   -1.026792 (VIOLATED)
_0967_/A1                               2.507400    3.534192   -1.026792 (VIOLATED)
_0855_/A1                               2.507400    3.534191   -1.026791 (VIOLATED)
_0859_/A1                               2.507400    3.534190   -1.026790 (VIOLATED)
_0995_/A1                               2.507400    3.534190   -1.026790 (VIOLATED)
_0975_/A1                               2.507400    3.534183   -1.026783 (VIOLATED)
_0731_/B                                2.507400    3.534182   -1.026782 (VIOLATED)
_0987_/A1                               2.507400    3.534182   -1.026782 (VIOLATED)
_0991_/A1                               2.507400    3.534182   -1.026782 (VIOLATED)
_0909_/A1                               2.507400    3.534176   -1.026776 (VIOLATED)
_0769_/A1                               2.507400    3.534172   -1.026771 (VIOLATED)
_0773_/A1                               2.507400    3.534171   -1.026770 (VIOLATED)
_0777_/A1                               2.507400    3.534171   -1.026771 (VIOLATED)
_0785_/A1                               2.507400    3.534171   -1.026771 (VIOLATED)
_0905_/A1                               2.507400    3.534169   -1.026768 (VIOLATED)
_0781_/A1                               2.507400    3.534167   -1.026767 (VIOLATED)
_0872_/A1                               2.507400    3.534155   -1.026754 (VIOLATED)
_0884_/A1                               2.507400    3.534155   -1.026754 (VIOLATED)
_0892_/A1                               2.507400    3.534154   -1.026754 (VIOLATED)
_0901_/A1                               2.507400    3.534155   -1.026755 (VIOLATED)
_0888_/A1                               2.507400    3.534153   -1.026753 (VIOLATED)
_0896_/A1                               2.507400    3.534153   -1.026753 (VIOLATED)
_0876_/A1                               2.507400    3.534152   -1.026751 (VIOLATED)
_0880_/A1                               2.507400    3.534152   -1.026751 (VIOLATED)
_0921_/A1                               2.507400    3.534147   -1.026747 (VIOLATED)
_0929_/A1                               2.507400    3.534148   -1.026748 (VIOLATED)
_0917_/A1                               2.507400    3.534145   -1.026745 (VIOLATED)
_0913_/A1                               2.507400    3.534143   -1.026743 (VIOLATED)
_0729_/Y                                2.507400    3.534135   -1.026735 (VIOLATED)
_0948_/A1                               2.507400    3.233967   -0.726567 (VIOLATED)
_0952_/A1                               2.507400    3.233967   -0.726566 (VIOLATED)
_0816_/A1                               2.507400    3.233966   -0.726565 (VIOLATED)
_0820_/A1                               2.507400    3.233964   -0.726564 (VIOLATED)
_0828_/A1                               2.507400    3.233962   -0.726562 (VIOLATED)
_0960_/A1                               2.507400    3.233961   -0.726561 (VIOLATED)
_0808_/A1                               2.507400    3.233956   -0.726556 (VIOLATED)
_0812_/A1                               2.507400    3.233954   -0.726554 (VIOLATED)
_0832_/A1                               2.507400    3.233953   -0.726553 (VIOLATED)
_0940_/A1                               2.507400    3.233951   -0.726551 (VIOLATED)
_0956_/A1                               2.507400    3.233947   -0.726547 (VIOLATED)
_0964_/A1                               2.507400    3.233945   -0.726545 (VIOLATED)
_0944_/A1                               2.507400    3.233942   -0.726542 (VIOLATED)
_0738_/A1                               2.507400    3.233922   -0.726522 (VIOLATED)
_0742_/A1                               2.507400    3.233919   -0.726519 (VIOLATED)
_0754_/A1                               2.507400    3.233919   -0.726519 (VIOLATED)
_0874_/A1                               2.507400    3.233919   -0.726519 (VIOLATED)
_0886_/A1                               2.507400    3.233920   -0.726520 (VIOLATED)
_0762_/A1                               2.507400    3.233916   -0.726516 (VIOLATED)
_0870_/A1                               2.507400    3.233914   -0.726514 (VIOLATED)
_0766_/A1                               2.507400    3.233910   -0.726510 (VIOLATED)
_0758_/A1                               2.507400    3.233909   -0.726509 (VIOLATED)
_0841_/A1                               2.507400    3.233898   -0.726498 (VIOLATED)
_0853_/A1                               2.507400    3.233898   -0.726498 (VIOLATED)
_0985_/A1                               2.507400    3.233898   -0.726498 (VIOLATED)
_0890_/A1                               2.507400    3.233896   -0.726496 (VIOLATED)
_0894_/A1                               2.507400    3.233896   -0.726496 (VIOLATED)
_0746_/A1                               2.507400    3.233895   -0.726495 (VIOLATED)
_0750_/A1                               2.507400    3.233895   -0.726495 (VIOLATED)
_0837_/A1                               2.507400    3.233896   -0.726495 (VIOLATED)
_0898_/A1                               2.507400    3.233896   -0.726496 (VIOLATED)
_0878_/A1                               2.507400    3.233894   -0.726494 (VIOLATED)
_0882_/A1                               2.507400    3.233894   -0.726494 (VIOLATED)
_0969_/A1                               2.507400    3.233894   -0.726494 (VIOLATED)
_0845_/A1                               2.507400    3.233891   -0.726490 (VIOLATED)
_0849_/A1                               2.507400    3.233890   -0.726490 (VIOLATED)
_0973_/A1                               2.507400    3.233890   -0.726490 (VIOLATED)
_0981_/A1                               2.507400    3.233890   -0.726490 (VIOLATED)
_0977_/A1                               2.507400    3.233889   -0.726489 (VIOLATED)
_0865_/A1                               2.507400    3.233887   -0.726487 (VIOLATED)
_0857_/A1                               2.507400    3.233886   -0.726486 (VIOLATED)
_0997_/A1                               2.507400    3.233886   -0.726486 (VIOLATED)
_0989_/A1                               2.507400    3.233885   -0.726485 (VIOLATED)
_0861_/A1                               2.507400    3.233883   -0.726483 (VIOLATED)
_0993_/A1                               2.507400    3.233881   -0.726481 (VIOLATED)
_0931_/A1                               2.507400    3.233873   -0.726473 (VIOLATED)
_0804_/A1                               2.507400    3.233870   -0.726470 (VIOLATED)
_0824_/A1                               2.507400    3.233871   -0.726471 (VIOLATED)
_0923_/A1                               2.507400    3.233870   -0.726470 (VIOLATED)
_0936_/A1                               2.507400    3.233870   -0.726470 (VIOLATED)
_0779_/A1                               2.507400    3.233867   -0.726467 (VIOLATED)
_0787_/A1                               2.507400    3.233867   -0.726467 (VIOLATED)
_0799_/A1                               2.507400    3.233867   -0.726467 (VIOLATED)
_0771_/A1                               2.507400    3.233866   -0.726466 (VIOLATED)
_0791_/A1                               2.507400    3.233866   -0.726466 (VIOLATED)
_0775_/A1                               2.507400    3.233865   -0.726465 (VIOLATED)
_0795_/A1                               2.507400    3.233865   -0.726465 (VIOLATED)
_0927_/A1                               2.507400    3.233865   -0.726464 (VIOLATED)
_0783_/A1                               2.507400    3.233861   -0.726461 (VIOLATED)
_0911_/A1                               2.507400    3.233861   -0.726461 (VIOLATED)
_0907_/A1                               2.507400    3.233858   -0.726458 (VIOLATED)
_0919_/A1                               2.507400    3.233857   -0.726456 (VIOLATED)
_0903_/A1                               2.507400    3.233855   -0.726455 (VIOLATED)
_0915_/A1                               2.507400    3.233849   -0.726449 (VIOLATED)
_0730_/Y                                2.507400    3.233839   -0.726439 (VIOLATED)

max fanout

Pin                                   Limit Fanout  Slack
---------------------------------------------------------
_0729_/Y                                  8     65    -57 (VIOLATED)
_0586_/Y                                  8     64    -56 (VIOLATED)
_0730_/Y                                  8     64    -56 (VIOLATED)
s_axil_awaddr[2]                          8     37    -29 (VIOLATED)
_0587_/Y                                  8     36    -28 (VIOLATED)
_0591_/Y                                  8     33    -25 (VIOLATED)
_0592_/Y                                  8     32    -24 (VIOLATED)
_0595_/Y                                  8     32    -24 (VIOLATED)
_0596_/Y                                  8     32    -24 (VIOLATED)
_0597_/Y                                  8     32    -24 (VIOLATED)
s_axil_wstrb[0]                           8     17     -9 (VIOLATED)
s_axil_wstrb[1]                           8     17     -9 (VIOLATED)
s_axil_wstrb[2]                           8     17     -9 (VIOLATED)
s_axil_wstrb[3]                           8     17     -9 (VIOLATED)
s_axil_awaddr[3]                          8      9        (VIOLATED)

max capacitance

Pin                                        Limit         Cap       Slack
------------------------------------------------------------------------
_0730_/Y                                0.300000    0.318851   -0.018851 (VIOLATED)
_0729_/Y                                0.300000    0.302772   -0.002772 (VIOLATED)



===========================================================================
report_parasitic_annotation -report_unannotated
============================================================================
Found 61 unannotated drivers.
 s_axil_araddr[0]
 s_axil_araddr[10]
 s_axil_araddr[11]
 s_axil_araddr[12]
 s_axil_araddr[13]
 s_axil_araddr[14]
 s_axil_araddr[15]
 s_axil_araddr[16]
 s_axil_araddr[17]
 s_axil_araddr[18]
 s_axil_araddr[19]
 s_axil_araddr[1]
 s_axil_araddr[20]
 s_axil_araddr[21]
 s_axil_araddr[22]
 s_axil_araddr[23]
 s_axil_araddr[24]
 s_axil_araddr[25]
 s_axil_araddr[26]
 s_axil_araddr[27]
 s_axil_araddr[28]
 s_axil_araddr[29]
 s_axil_araddr[30]
 s_axil_araddr[31]
 s_axil_araddr[4]
 s_axil_araddr[5]
 s_axil_araddr[6]
 s_axil_araddr[7]
 s_axil_araddr[8]
 s_axil_araddr[9]
 s_axil_awaddr[0]
 s_axil_awaddr[10]
 s_axil_awaddr[11]
 s_axil_awaddr[12]
 s_axil_awaddr[13]
 s_axil_awaddr[14]
 s_axil_awaddr[15]
 s_axil_awaddr[16]
 s_axil_awaddr[17]
 s_axil_awaddr[18]
 s_axil_awaddr[19]
 s_axil_awaddr[1]
 s_axil_awaddr[20]
 s_axil_awaddr[21]
 s_axil_awaddr[22]
 s_axil_awaddr[23]
 s_axil_awaddr[24]
 s_axil_awaddr[25]
 s_axil_awaddr[26]
 s_axil_awaddr[27]
 s_axil_awaddr[28]
 s_axil_awaddr[29]
 s_axil_awaddr[30]
 s_axil_awaddr[31]
 s_axil_awaddr[4]
 s_axil_awaddr[5]
 s_axil_awaddr[6]
 s_axil_awaddr[7]
 s_axil_awaddr[8]
 s_axil_awaddr[9]
 s_axil_rready
Found 105 partially unannotated drivers.
 _1001_/Q
 _1002_/Q
 _1003_/Q
 _1004_/Q
 _1005_/Q
 _1006_/Q
 _1007_/Q
 _1008_/Q
 _1009_/Q
 _1010_/Q
 _1011_/Q
 _1012_/Q
 _1013_/Q
 _1014_/Q
 _1015_/Q
 _1016_/Q
 _1017_/Q
 _1018_/Q
 _1019_/Q
 _1020_/Q
 _1021_/Q
 _1022_/Q
 _1023_/Q
 _1024_/Q
 _1025_/Q
 _1026_/Q
 _1027_/Q
 _1028_/Q
 _1029_/Q
 _1030_/Q
 _1031_/Q
 _1032_/Q
 _1033_/Q
 _1034_/Q
 _1035_/Q
 _1036_/Q
 _1037_/Q
 _1038_/Q
 _1039_/Q
 _1040_/Q
 _1041_/Q
 _1042_/Q
 _1043_/Q
 _1044_/Q
 _1045_/Q
 _1046_/Q
 _1047_/Q
 _1048_/Q
 _1049_/Q
 _1050_/Q
 _1051_/Q
 _1052_/Q
 _1053_/Q
 _1054_/Q
 _1055_/Q
 _1056_/Q
 _1057_/Q
 _1058_/Q
 _1059_/Q
 _1060_/Q
 _1061_/Q
 _1062_/Q
 _1063_/Q
 _1064_/Q
 _1065_/Q
 _1066_/Q
 _1067_/Q
 _1068_/Q
 _1069_/Q
 _1070_/Q
 _1071_/Q
 _1072_/Q
 _1073_/Q
 _1074_/Q
 _1075_/Q
 _1076_/Q
 _1077_/Q
 _1078_/Q
 _1079_/Q
 _1080_/Q
 _1081_/Q
 _1082_/Q
 _1083_/Q
 _1084_/Q
 _1085_/Q
 _1086_/Q
 _1087_/Q
 _1088_/Q
 _1089_/Q
 _1090_/Q
 _1091_/Q
 _1092_/Q
 _1093_/Q
 _1094_/Q
 _1095_/Q
 _1096_/Q
 _1097_/Q
 _1098_/Q
 _1099_/Q
 _1100_/Q
 _1203_/L_LO
 _1204_/L_LO
 _1205_/L_LO
 _1206_/L_LO
 _1207_/X

===========================================================================
max slew violation count 131
Writing metric design__max_slew_violation__count__corner:nom_typ_1p20V_25C: 131
max fanout violation count 15
Writing metric design__max_fanout_violation__count__corner:nom_typ_1p20V_25C: 15
max cap violation count 2
Writing metric design__max_cap_violation__count__corner:nom_typ_1p20V_25C: 2
============================================================================

===========================================================================
check_setup -verbose -unconstrained_endpoints -multiple_clock -no_clock -no_input_delay -loops -generated_clocks
===========================================================================
Warning: There are 32 input ports missing set_input_delay.
  gpio_in[0]
  gpio_in[10]
  gpio_in[11]
  gpio_in[12]
  gpio_in[13]
  gpio_in[14]
  gpio_in[15]
  gpio_in[16]
  gpio_in[17]
  gpio_in[18]
  gpio_in[19]
  gpio_in[1]
  gpio_in[20]
  gpio_in[21]
  gpio_in[22]
  gpio_in[23]
  gpio_in[24]
  gpio_in[25]
  gpio_in[26]
  gpio_in[27]
  gpio_in[28]
  gpio_in[29]
  gpio_in[2]
  gpio_in[30]
  gpio_in[31]
  gpio_in[3]
  gpio_in[4]
  gpio_in[5]
  gpio_in[6]
  gpio_in[7]
  gpio_in[8]
  gpio_in[9]
Warning: There are 64 unconstrained endpoints.
  gpio_dir[0]
  gpio_dir[10]
  gpio_dir[11]
  gpio_dir[12]
  gpio_dir[13]
  gpio_dir[14]
  gpio_dir[15]
  gpio_dir[16]
  gpio_dir[17]
  gpio_dir[18]
  gpio_dir[19]
  gpio_dir[1]
  gpio_dir[20]
  gpio_dir[21]
  gpio_dir[22]
  gpio_dir[23]
  gpio_dir[24]
  gpio_dir[25]
  gpio_dir[26]
  gpio_dir[27]
  gpio_dir[28]
  gpio_dir[29]
  gpio_dir[2]
  gpio_dir[30]
  gpio_dir[31]
  gpio_dir[3]
  gpio_dir[4]
  gpio_dir[5]
  gpio_dir[6]
  gpio_dir[7]
  gpio_dir[8]
  gpio_dir[9]
  gpio_out[0]
  gpio_out[10]
  gpio_out[11]
  gpio_out[12]
  gpio_out[13]
  gpio_out[14]
  gpio_out[15]
  gpio_out[16]
  gpio_out[17]
  gpio_out[18]
  gpio_out[19]
  gpio_out[1]
  gpio_out[20]
  gpio_out[21]
  gpio_out[22]
  gpio_out[23]
  gpio_out[24]
  gpio_out[25]
  gpio_out[26]
  gpio_out[27]
  gpio_out[28]
  gpio_out[29]
  gpio_out[2]
  gpio_out[30]
  gpio_out[31]
  gpio_out[3]
  gpio_out[4]
  gpio_out[5]
  gpio_out[6]
  gpio_out[7]
  gpio_out[8]
  gpio_out[9]
