
===========================================================================
 report_power
============================================================================
======================= nom_typ_1p20V_25C Corner ===================================

Group                    Internal    Switching      Leakage        Total
                            Power        Power        Power        Power (Watts)
------------------------------------------------------------------------
Sequential           9.216549e-03 8.564843e-04 7.153371e-07 1.007375e-02  44.0%
Combinational        4.255169e-03 4.963860e-03 1.339407e-06 9.220367e-03  40.3%
Clock                1.776378e-03 1.798744e-03 1.809622e-05 3.593219e-03  15.7%
Macro                0.000000e+00 0.000000e+00 0.000000e+00 0.000000e+00   0.0%
Pad                  0.000000e+00 0.000000e+00 0.000000e+00 0.000000e+00   0.0%
------------------------------------------------------------------------
Total                1.524812e-02 7.619099e-03 2.015141e-05 2.288737e-02 100.0%
                            66.6%        33.3%         0.1%

