Clock: clk_i
Sources: clk_i 
Generated: no
Virtual: yes
Propagated: no
Period: 10.000000

===========================================================================
report_clock_properties
============================================================================
Clock                   Period          Waveform
----------------------------------------------------
clk_i                10.000000    0.000000  5.000000

===========================================================================
report_clock_latency
============================================================================
Clock clk_i
rise -> rise
    min     max
0.000000 0.000000 source latency
0.127174         network latency _14001_/CLK
        0.749294 network latency _15056_/CLK
---------------
0.127174 0.749294 latency
        0.622120 skew

fall -> fall
    min     max
0.000000 0.000000 source latency
0.121354         network latency _14001_/CLK
        0.733663 network latency _15056_/CLK
---------------
0.121354 0.733663 latency
        0.612309 skew



===========================================================================
report_clock_min_period
============================================================================
clk_i period_min = 14.47 fmax = 69.12
