
===========================================================================
 report_power
============================================================================
======================= nom_typ_1p20V_25C Corner ===================================

Group                    Internal    Switching      Leakage        Total
                            Power        Power        Power        Power (Watts)
------------------------------------------------------------------------
Sequential           9.143193e-04 1.242283e-06 7.561217e-08 9.156372e-04  61.2%
Combinational        4.768531e-06 1.204554e-05 1.060712e-07 1.692014e-05   1.1%
Clock                3.614346e-04 2.015361e-04 3.457186e-08 5.630053e-04  37.6%
Macro                0.000000e+00 0.000000e+00 0.000000e+00 0.000000e+00   0.0%
Pad                  0.000000e+00 0.000000e+00 0.000000e+00 0.000000e+00   0.0%
------------------------------------------------------------------------
Total                1.280523e-03 2.148239e-04 2.162543e-07 1.495563e-03 100.0%
                            85.6%        14.4%         0.0%
Writing metric power__internal__total: 0.0012805225560441613
Writing metric power__switching__total: 0.00021482394367922097
Writing metric power__leakage__total: 2.1625432111704868e-7
Writing metric power__total: 0.0014955628430470824

