
Magic 8.3 revision 623 - Compiled on Tue Mar 17 08:19:38 UTC 2026.
Starting magic under Tcl interpreter
Using the terminal as the console.
Using NULL graphics device.
Processing system .magicrc file
Switching to WIRING tool.
Switching to NETLIST tool.
Switching to PICK tool.
Switching to BOX tool.
Sourcing design .magicrc for technology ihp-sg13g2 ...
2 Magic internal units = 1 Lambda
Input style sg13g2(): scaleFactor=2, multiplier=2
The following types are not handled by extraction and will be treated as non-electrical types:
    pblock sealcont difffill nemitter hvnemitter hvisodiffres sealvia1 sealvia2 sealvia3 sealvia4 sealvia5 sealvia6 pillar solder seal glass thruvia inductor 
Scaled tech values by 2 / 1 to match internal grid scaling
Loading ihp-sg13g2 Device Generator Menu ...
Loading "/nix/store/8y4m6wgn5kqlbig1qwnwbxijqqp0jwib-python3-3.13.9-env/lib/python3.13/site-packages/librelane/scripts/magic/wrapper.tcl" from command line.
> lef read /home/jaikrishn/IHP-Open-PDK/ihp-sg13g2/libs.ref/sg13g2_stdcell/lef/sg13g2_tech.lef
Reading LEF data from file /home/jaikrishn/IHP-Open-PDK/ihp-sg13g2/libs.ref/sg13g2_stdcell/lef/sg13g2_tech.lef.
This action cannot be undone.
LEF read, Line 79 (Message): Unknown keyword "MAXIMUMDENSITY" in LEF file; ignoring.
LEF read, Line 80 (Message): Unknown keyword "DENSITYCHECKSTEP" in LEF file; ignoring.
LEF read, Line 81 (Message): Unknown keyword "DENSITYCHECKWINDOW" in LEF file; ignoring.
LEF read, Line 87 (Message): Unknown keyword "MINIMUMCUT" in LEF file; ignoring.
LEF read, Line 91 (Message): Unknown keyword "ANTENNACUMAREARATIO" in LEF file; ignoring.
LEF read, Line 92 (Message): Unknown keyword "ANTENNACUMDIFFAREARATIO" in LEF file; ignoring.
LEF read, Line 121 (Message): Unknown keyword "MAXIMUMDENSITY" in LEF file; ignoring.
LEF read, Line 122 (Message): Unknown keyword "DENSITYCHECKSTEP" in LEF file; ignoring.
LEF read, Line 123 (Message): Unknown keyword "DENSITYCHECKWINDOW" in LEF file; ignoring.
LEF read, Line 129 (Message): Unknown keyword "MINIMUMCUT" in LEF file; ignoring.
LEF read, Line 134 (Message): Unknown keyword "ANTENNACUMAREARATIO" in LEF file; ignoring.
LEF read, Line 135 (Message): Unknown keyword "ANTENNACUMDIFFAREARATIO" in LEF file; ignoring.
LEF read, Line 162 (Message): Unknown keyword "MAXIMUMDENSITY" in LEF file; ignoring.
LEF read, Line 163 (Message): Unknown keyword "DENSITYCHECKSTEP" in LEF file; ignoring.
LEF read, Line 164 (Message): Unknown keyword "DENSITYCHECKWINDOW" in LEF file; ignoring.
LEF read, Line 170 (Message): Unknown keyword "MINIMUMCUT" in LEF file; ignoring.
LEF read, Line 175 (Message): Unknown keyword "ANTENNACUMAREARATIO" in LEF file; ignoring.
LEF read, Line 176 (Message): Unknown keyword "ANTENNACUMDIFFAREARATIO" in LEF file; ignoring.
LEF read, Line 204 (Message): Unknown keyword "MAXIMUMDENSITY" in LEF file; ignoring.
LEF read, Line 205 (Message): Unknown keyword "DENSITYCHECKSTEP" in LEF file; ignoring.
LEF read, Line 206 (Message): Unknown keyword "DENSITYCHECKWINDOW" in LEF file; ignoring.
LEF read, Line 212 (Message): Unknown keyword "MINIMUMCUT" in LEF file; ignoring.
LEF read, Line 217 (Message): Unknown keyword "ANTENNACUMAREARATIO" in LEF file; ignoring.
LEF read, Line 218 (Message): Unknown keyword "ANTENNACUMDIFFAREARATIO" in LEF file; ignoring.
LEF read, Line 245 (Message): Unknown keyword "MAXIMUMDENSITY" in LEF file; ignoring.
LEF read, Line 246 (Message): Unknown keyword "DENSITYCHECKSTEP" in LEF file; ignoring.
LEF read, Line 247 (Message): Unknown keyword "DENSITYCHECKWINDOW" in LEF file; ignoring.
LEF read, Line 253 (Message): Unknown keyword "MINIMUMCUT" in LEF file; ignoring.
LEF read, Line 258 (Message): Unknown keyword "ANTENNACUMAREARATIO" in LEF file; ignoring.
LEF read, Line 259 (Message): Unknown keyword "ANTENNACUMDIFFAREARATIO" in LEF file; ignoring.
LEF read, Line 285 (Message): Unknown keyword "MAXIMUMDENSITY" in LEF file; ignoring.
LEF read, Line 286 (Message): Unknown keyword "DENSITYCHECKSTEP" in LEF file; ignoring.
LEF read, Line 287 (Message): Unknown keyword "DENSITYCHECKWINDOW" in LEF file; ignoring.
LEF read, Line 292 (Message): Unknown keyword "ANTENNACUMAREARATIO" in LEF file; ignoring.
LEF read, Line 293 (Message): Unknown keyword "ANTENNACUMDIFFAREARATIO" in LEF file; ignoring.
LEF read, Line 319 (Message): Unknown keyword "MAXIMUMDENSITY" in LEF file; ignoring.
LEF read, Line 320 (Message): Unknown keyword "DENSITYCHECKSTEP" in LEF file; ignoring.
LEF read, Line 321 (Message): Unknown keyword "DENSITYCHECKWINDOW" in LEF file; ignoring.
LEF read, Line 330 (Message): Unknown keyword "ANTENNACUMAREARATIO" in LEF file; ignoring.
LEF read, Line 331 (Message): Unknown keyword "ANTENNACUMDIFFAREARATIO" in LEF file; ignoring.
LEF read: Processed 1200 lines.
> lef read /home/jaikrishn/IHP-Open-PDK/ihp-sg13g2/libs.ref/sg13g2_stdcell/lef/sg13g2_stdcell.lef
Reading LEF data from file /home/jaikrishn/IHP-Open-PDK/ihp-sg13g2/libs.ref/sg13g2_stdcell/lef/sg13g2_stdcell.lef.
This action cannot be undone.
LEF read, Line 6473 (Message): Unknown keyword "ANTENNAMAXCUTCAR" in LEF file; ignoring.
LEF read: Processed 7927 lines.
> lef read /home/jaikrishn/Documents/hardware/picorv32_axi4lite_port/phyisical_design/macros/picorv32/runs/run_12/final/lef/picorv32_macro.lef
Reading LEF data from file /home/jaikrishn/Documents/hardware/picorv32_axi4lite_port/phyisical_design/macros/picorv32/runs/run_12/final/lef/picorv32_macro.lef.
This action cannot be undone.
LEF read: Processed 1786 lines.
> lef read /home/jaikrishn/Documents/hardware/picorv32_axi4lite_port/phyisical_design/macros/interconnect/runs/run_1/final/lef/interconnect_macro.lef
Reading LEF data from file /home/jaikrishn/Documents/hardware/picorv32_axi4lite_port/phyisical_design/macros/interconnect/runs/run_1/final/lef/interconnect_macro.lef.
This action cannot be undone.
LEF read: Processed 7707 lines.
> lef read /home/jaikrishn/Documents/hardware/picorv32_axi4lite_port/phyisical_design/macros/peripherals/runs/run_5/final/lef/peripherals_macro.lef
Reading LEF data from file /home/jaikrishn/Documents/hardware/picorv32_axi4lite_port/phyisical_design/macros/peripherals/runs/run_5/final/lef/peripherals_macro.lef.
This action cannot be undone.
LEF read: Processed 2522 lines.
> lef read /home/jaikrishn/Documents/hardware/picorv32_axi4lite_port/phyisical_design/macros/boot_spi/runs/run_7/final/lef/boot_spi_macro.lef
Reading LEF data from file /home/jaikrishn/Documents/hardware/picorv32_axi4lite_port/phyisical_design/macros/boot_spi/runs/run_7/final/lef/boot_spi_macro.lef.
This action cannot be undone.
LEF read: Processed 860 lines.
> lef read /home/jaikrishn/Documents/hardware/picorv32_axi4lite_port/phyisical_design/macros/ram/runs/run_1/final/lef/ram_macro.lef
Reading LEF data from file /home/jaikrishn/Documents/hardware/picorv32_axi4lite_port/phyisical_design/macros/ram/runs/run_1/final/lef/ram_macro.lef.
This action cannot be undone.
LEF read: Processed 2334 lines.
> lef read /home/jaikrishn/IHP-Open-PDK/ihp-sg13g2/libs.ref/sg13g2_io/lef/sg13g2_io.lef
Reading LEF data from file /home/jaikrishn/IHP-Open-PDK/ihp-sg13g2/libs.ref/sg13g2_io/lef/sg13g2_io.lef.
This action cannot be undone.
LEF read: Processed 4552 lines.
> def read /home/jaikrishn/Documents/hardware/picorv32_axi4lite_port/phyisical_design/runs/run_2/48-odb-cellfrequencytables/soc_top.def -noblockage
Reading DEF data from file /home/jaikrishn/Documents/hardware/picorv32_axi4lite_port/phyisical_design/runs/run_2/48-odb-cellfrequencytables/soc_top.def.
This action cannot be undone.
  Processed 2 vias total.
  Processed 1 non-default rules total.
  Processed 363 subcell instances total.
  Processed 296 pins total.
  Processed 2 special nets total.
  Processed 1126 nets total.
DEF read: Processed 22401 lines.
> spice read /home/jaikrishn/IHP-Open-PDK/ihp-sg13g2/libs.ref/sg13g2_stdcell/spice/sg13g2_stdcell.spice
Annotating port orders from /home/jaikrishn/IHP-Open-PDK/ihp-sg13g2/libs.ref/sg13g2_stdcell/spice/sg13g2_stdcell.spice
Annotating cell sg13g2_a21o_1
Cell sg13g2_a21o_1 port order was modified.
Annotating cell sg13g2_a21o_2
Cell sg13g2_a21o_2 port order was modified.
Annotating cell sg13g2_a21oi_1
Cell sg13g2_a21oi_1 port order was modified.
Annotating cell sg13g2_a21oi_2
Cell sg13g2_a21oi_2 port order was modified.
Annotating cell sg13g2_a221oi_1
Cell sg13g2_a221oi_1 port order was modified.
Annotating cell sg13g2_and2_1
Cell sg13g2_and2_1 port order was modified.
Annotating cell sg13g2_and2_2
Cell sg13g2_and2_2 port order was modified.
Annotating cell sg13g2_and3_1
Cell sg13g2_and3_1 port order was modified.
Annotating cell sg13g2_and3_2
Cell sg13g2_and3_2 port order was modified.
Annotating cell sg13g2_and4_1
Cell sg13g2_and4_1 port order was modified.
Annotating cell sg13g2_and4_2
Cell sg13g2_and4_2 port order was modified.
Annotating cell sg13g2_antennanp
Cell sg13g2_antennanp port order was modified.
Annotating cell sg13g2_buf_1
Cell sg13g2_buf_1 port order was modified.
Annotating cell sg13g2_buf_16
Cell sg13g2_buf_16 port order was modified.
Annotating cell sg13g2_buf_2
Cell sg13g2_buf_2 port order was modified.
Annotating cell sg13g2_buf_4
Cell sg13g2_buf_4 port order was modified.
Annotating cell sg13g2_buf_8
Cell sg13g2_buf_8 port order was modified.
Annotating cell sg13g2_decap_4
Cell sg13g2_decap_4 port order was modified.
Annotating cell sg13g2_decap_8
Cell sg13g2_decap_8 port order was modified.
Annotating cell sg13g2_dfrbp_1
Cell sg13g2_dfrbp_1 port order was modified.
Annotating cell sg13g2_dfrbp_2
Cell sg13g2_dfrbp_2 port order was modified.
Annotating cell sg13g2_dlhq_1
Cell sg13g2_dlhq_1 port order was modified.
Annotating cell sg13g2_dlhr_1
Cell sg13g2_dlhr_1 port order was modified.
Annotating cell sg13g2_dlhrq_1
Cell sg13g2_dlhrq_1 port order was modified.
Annotating cell sg13g2_dllr_1
Cell sg13g2_dllr_1 port order was modified.
Annotating cell sg13g2_dllrq_1
Cell sg13g2_dllrq_1 port order was modified.
Annotating cell sg13g2_dlygate4sd1_1
Cell sg13g2_dlygate4sd1_1 port order was modified.
Annotating cell sg13g2_dlygate4sd2_1
Cell sg13g2_dlygate4sd2_1 port order was modified.
Annotating cell sg13g2_dlygate4sd3_1
Cell sg13g2_dlygate4sd3_1 port order was modified.
Annotating cell sg13g2_ebufn_2
Cell sg13g2_ebufn_2 port order was modified.
Annotating cell sg13g2_ebufn_4
Cell sg13g2_ebufn_4 port order was modified.
Annotating cell sg13g2_ebufn_8
Cell sg13g2_ebufn_8 port order was modified.
Annotating cell sg13g2_einvn_2
Cell sg13g2_einvn_2 port order was modified.
Annotating cell sg13g2_einvn_4
Cell sg13g2_einvn_4 port order was modified.
Annotating cell sg13g2_einvn_8
Cell sg13g2_einvn_8 port order was modified.
Annotating cell sg13g2_inv_1
Cell sg13g2_inv_1 port order was modified.
Annotating cell sg13g2_inv_16
Cell sg13g2_inv_16 port order was modified.
Annotating cell sg13g2_inv_2
Cell sg13g2_inv_2 port order was modified.
Annotating cell sg13g2_inv_4
Cell sg13g2_inv_4 port order was modified.
Annotating cell sg13g2_inv_8
Cell sg13g2_inv_8 port order was modified.
Annotating cell sg13g2_lgcp_1
Cell sg13g2_lgcp_1 port order was modified.
Annotating cell sg13g2_mux2_1
Cell sg13g2_mux2_1 port order was modified.
Annotating cell sg13g2_mux2_2
Cell sg13g2_mux2_2 port order was modified.
Annotating cell sg13g2_mux4_1
Cell sg13g2_mux4_1 port order was modified.
Annotating cell sg13g2_nand2_1
Cell sg13g2_nand2_1 port order was modified.
Annotating cell sg13g2_nand2_2
Cell sg13g2_nand2_2 port order was modified.
Annotating cell sg13g2_nand2b_1
Cell sg13g2_nand2b_1 port order was modified.
Annotating cell sg13g2_nand2b_2
Cell sg13g2_nand2b_2 port order was modified.
Annotating cell sg13g2_nand3_1
Cell sg13g2_nand3_1 port order was modified.
Annotating cell sg13g2_nand3b_1
Cell sg13g2_nand3b_1 port order was modified.
Annotating cell sg13g2_nand4_1
Cell sg13g2_nand4_1 port order was modified.
Annotating cell sg13g2_nor2_1
Cell sg13g2_nor2_1 port order was modified.
Annotating cell sg13g2_nor2_2
Cell sg13g2_nor2_2 port order was modified.
Annotating cell sg13g2_nor2b_1
Cell sg13g2_nor2b_1 port order was modified.
Annotating cell sg13g2_nor2b_2
Cell sg13g2_nor2b_2 port order was modified.
Annotating cell sg13g2_nor3_1
Cell sg13g2_nor3_1 port order was modified.
Annotating cell sg13g2_nor3_2
Cell sg13g2_nor3_2 port order was modified.
Annotating cell sg13g2_nor4_1
Cell sg13g2_nor4_1 port order was modified.
Annotating cell sg13g2_nor4_2
Cell sg13g2_nor4_2 port order was modified.
Annotating cell sg13g2_o21ai_1
Cell sg13g2_o21ai_1 port order was modified.
Annotating cell sg13g2_or2_1
Cell sg13g2_or2_1 port order was modified.
Annotating cell sg13g2_or2_2
Cell sg13g2_or2_2 port order was modified.
Annotating cell sg13g2_or3_1
Cell sg13g2_or3_1 port order was modified.
Annotating cell sg13g2_or3_2
Cell sg13g2_or3_2 port order was modified.
Annotating cell sg13g2_or4_1
Cell sg13g2_or4_1 port order was modified.
Annotating cell sg13g2_or4_2
Cell sg13g2_or4_2 port order was modified.
Annotating cell sg13g2_sdfbbp_1
Cell sg13g2_sdfbbp_1 port order was modified.
Annotating cell sg13g2_sighold
Cell sg13g2_sighold port order was modified.
Annotating cell sg13g2_slgcp_1
Cell sg13g2_slgcp_1 port order was modified.
Annotating cell sg13g2_tiehi
Cell sg13g2_tiehi port order was modified.
Annotating cell sg13g2_tielo
Cell sg13g2_tielo port order was modified.
Annotating cell sg13g2_xnor2_1
Cell sg13g2_xnor2_1 port order was modified.
Annotating cell sg13g2_xor2_1
Cell sg13g2_xor2_1 port order was modified.
Annotating cell sg13g2_a22oi_1
Cell sg13g2_a22oi_1 port order was modified.
Annotating cell sg13g2_sdfrbpq_1
Cell sg13g2_sdfrbpq_1 port order was modified.
Annotating cell sg13g2_sdfrbpq_2
Cell sg13g2_sdfrbpq_2 port order was modified.
Annotating cell sg13g2_sdfrbp_2
Cell sg13g2_sdfrbp_2 port order was modified.
Annotating cell sg13g2_sdfrbp_1
Cell sg13g2_sdfrbp_1 port order was modified.
Annotating cell sg13g2_dfrbpq_2
Cell sg13g2_dfrbpq_2 port order was modified.
Annotating cell sg13g2_dfrbpq_1
Cell sg13g2_dfrbpq_1 port order was modified.
Annotating cell sg13g2_fill_1
Cell sg13g2_fill_1 port order was modified.
Annotating cell sg13g2_fill_2
Cell sg13g2_fill_2 port order was modified.
Annotating cell sg13g2_fill_4
Cell sg13g2_fill_4 port order was modified.
Annotating cell sg13g2_fill_8
Cell sg13g2_fill_8 port order was modified.
Processing soc_top
Extracting ram_macro into ram_macro.ext:
Extracting peripherals_macro into peripherals_macro.ext:
Extracting interconnect_macro into interconnect_macro.ext:
Extracting picorv32_macro into picorv32_macro.ext:
Extracting boot_spi_macro into boot_spi_macro.ext:
Extracting sg13g2_buf_16 into sg13g2_buf_16.ext:
Extracting sg13g2_buf_8 into sg13g2_buf_8.ext:
Extracting sg13g2_antennanp into sg13g2_antennanp.ext:
Extracting soc_top into soc_top.ext:
exttospice finished.
