2026-09-16 23:37:55 +0530: Memory Usage (423164K) : Starting running IHP-SG13G2 KLayout DRC runset on /home/jaikrishn/Documents/hardware/picorv32_axi4lite_port/phyisical_design/macros/picorv32/runs/run_8/58-klayout-streamout/picorv32_macro.gds
2026-09-16 23:37:55 +0530: Memory Usage (423164K) : Ruby Version for klayout: 3.3.10
2026-09-16 23:37:55 +0530: Memory Usage (432748K) : Loading database to memory is complete.
2026-09-16 23:37:55 +0530: Memory Usage (432748K) : IHP-SG13G2 KLayout DRC runset output at: /home/jaikrishn/Documents/hardware/picorv32_axi4lite_port/phyisical_design/macros/picorv32/runs/run_8/65-klayout-drc/reports/drc.klayout.lyrdb
2026-09-16 23:37:55 +0530: Memory Usage (432748K) : Evaluate switches.
2026-09-16 23:37:55 +0530: Memory Usage (432748K) : tables selected: main
2026-09-16 23:37:55 +0530: Memory Usage (432748K) : KLayout will use 12 thread(s) in tiling mode.
2026-09-16 23:37:55 +0530: Memory Usage (432748K) : deep mode is enabled.
2026-09-16 23:37:55 +0530: Memory Usage (432748K) : FEOL enabled: true
2026-09-16 23:37:55 +0530: Memory Usage (432748K) : BEOL enabled: true
2026-09-16 23:37:55 +0530: Memory Usage (432748K) : OFFGRID enabled: true
2026-09-16 23:37:55 +0530: Memory Usage (432748K) : ANGLE enabled: true
2026-09-16 23:37:55 +0530: Memory Usage (432748K) : PIN enabled: true
2026-09-16 23:37:55 +0530: Memory Usage (432748K) : FORBIDDEN enabled: true
2026-09-16 23:37:55 +0530: Memory Usage (432748K) : RECOMMENDED enabled: false
2026-09-16 23:37:55 +0530: Memory Usage (432748K) : PreCheck DRC enabled: false
2026-09-16 23:37:55 +0530: Memory Usage (432748K) : CONNECTIVITY_RULES enabled: true.
2026-09-16 23:37:55 +0530: Memory Usage (432748K) : Read in polygons from layers.
2026-09-16 23:37:55 +0530: Memory Usage (439756K) : activ_drw has 177829 polygons
2026-09-16 23:37:55 +0530: Memory Usage (439756K) : activ_pin has 0 polygons
2026-09-16 23:37:55 +0530: Memory Usage (439756K) : activ_mask has 0 polygons
2026-09-16 23:37:55 +0530: Memory Usage (439756K) : activ_filler has 0 polygons
2026-09-16 23:37:55 +0530: Memory Usage (439756K) : activ_nofill has 0 polygons
2026-09-16 23:37:55 +0530: Memory Usage (439756K) : activ_opc has 0 polygons
2026-09-16 23:37:55 +0530: Memory Usage (439756K) : activ_iopc has 0 polygons
2026-09-16 23:37:55 +0530: Memory Usage (439756K) : activ_noqrc has 0 polygons
2026-09-16 23:37:55 +0530: Memory Usage (439756K) : biwind_drw has 0 polygons
2026-09-16 23:37:55 +0530: Memory Usage (439756K) : biwind_opc has 0 polygons
2026-09-16 23:37:55 +0530: Memory Usage (439756K) : pemwind_drw has 0 polygons
2026-09-16 23:37:55 +0530: Memory Usage (439756K) : gatpoly_drw has 173385 polygons
2026-09-16 23:37:55 +0530: Memory Usage (439756K) : gatpoly_pin has 0 polygons
2026-09-16 23:37:55 +0530: Memory Usage (439756K) : gatpoly_filler has 0 polygons
2026-09-16 23:37:55 +0530: Memory Usage (439756K) : gatpoly_nofill has 0 polygons
2026-09-16 23:37:55 +0530: Memory Usage (439756K) : gatpoly_opc has 0 polygons
2026-09-16 23:37:55 +0530: Memory Usage (439756K) : gatpoly_iopc has 0 polygons
2026-09-16 23:37:55 +0530: Memory Usage (439756K) : gatpoly_noqrc has 0 polygons
2026-09-16 23:37:55 +0530: Memory Usage (439756K) : cont_drw has 1295256 polygons
2026-09-16 23:37:55 +0530: Memory Usage (439756K) : cont_opc has 0 polygons
2026-09-16 23:37:55 +0530: Memory Usage (439756K) : nsd_drw has 0 polygons
2026-09-16 23:37:55 +0530: Memory Usage (439884K) : nsd_block has 0 polygons
2026-09-16 23:37:55 +0530: Memory Usage (439884K) : metal1_drw has 299485 polygons
2026-09-16 23:37:55 +0530: Memory Usage (439884K) : metal1_pin has 120724 polygons
2026-09-16 23:37:55 +0530: Memory Usage (439884K) : metal1_mask has 0 polygons
2026-09-16 23:37:55 +0530: Memory Usage (439884K) : metal1_filler has 0 polygons
2026-09-16 23:37:55 +0530: Memory Usage (439884K) : metal1_nofill has 0 polygons
2026-09-16 23:37:55 +0530: Memory Usage (439884K) : metal1_slit has 0 polygons
2026-09-16 23:37:56 +0530: Memory Usage (440040K) : metal1_text has 119259 polygons
2026-09-16 23:37:56 +0530: Memory Usage (440040K) : metal1_opc has 0 polygons
2026-09-16 23:37:56 +0530: Memory Usage (440040K) : metal1_noqrc has 0 polygons
2026-09-16 23:37:56 +0530: Memory Usage (440040K) : metal1_res has 0 polygons
2026-09-16 23:37:56 +0530: Memory Usage (440040K) : metal1_iprobe has 0 polygons
2026-09-16 23:37:56 +0530: Memory Usage (440040K) : metal1_diffprb has 0 polygons
2026-09-16 23:37:56 +0530: Memory Usage (440040K) : passiv_drw has 0 polygons
2026-09-16 23:37:56 +0530: Memory Usage (440040K) : passiv_pin has 0 polygons
2026-09-16 23:37:56 +0530: Memory Usage (440040K) : passiv_sbump has 0 polygons
2026-09-16 23:37:56 +0530: Memory Usage (440040K) : passiv_pillar has 0 polygons
2026-09-16 23:37:56 +0530: Memory Usage (440040K) : passiv_pdl has 0 polygons
2026-09-16 23:37:56 +0530: Memory Usage (442216K) : metal2_drw has 147390 polygons
2026-09-16 23:37:56 +0530: Memory Usage (442216K) : metal2_pin has 78 polygons
2026-09-16 23:37:56 +0530: Memory Usage (442216K) : metal2_mask has 0 polygons
2026-09-16 23:37:56 +0530: Memory Usage (442216K) : metal2_filler has 0 polygons
2026-09-16 23:37:56 +0530: Memory Usage (442216K) : metal2_nofill has 0 polygons
2026-09-16 23:37:56 +0530: Memory Usage (442216K) : metal2_slit has 0 polygons
2026-09-16 23:37:56 +0530: Memory Usage (442216K) : metal2_text has 78 polygons
2026-09-16 23:37:56 +0530: Memory Usage (442216K) : metal2_opc has 0 polygons
2026-09-16 23:37:56 +0530: Memory Usage (442216K) : metal2_noqrc has 0 polygons
2026-09-16 23:37:56 +0530: Memory Usage (442216K) : metal2_res has 0 polygons
2026-09-16 23:37:56 +0530: Memory Usage (442216K) : metal2_iprobe has 0 polygons
2026-09-16 23:37:56 +0530: Memory Usage (442216K) : metal2_diffprb has 0 polygons
2026-09-16 23:37:56 +0530: Memory Usage (442216K) : baspoly_drw has 0 polygons
2026-09-16 23:37:56 +0530: Memory Usage (442216K) : baspoly_pin has 0 polygons
2026-09-16 23:37:56 +0530: Memory Usage (442216K) : psd_drw has 82363 polygons
2026-09-16 23:37:56 +0530: Memory Usage (442216K) : nldb_drw has 0 polygons
2026-09-16 23:37:56 +0530: Memory Usage (442216K) : digibnd_drw has 0 polygons
2026-09-16 23:37:56 +0530: Memory Usage (442216K) : via1_drw has 46769 polygons
2026-09-16 23:37:56 +0530: Memory Usage (442216K) : backmetal1_drw has 0 polygons
2026-09-16 23:37:56 +0530: Memory Usage (442216K) : backmetal1_pin has 0 polygons
2026-09-16 23:37:56 +0530: Memory Usage (442216K) : backmetal1_mask has 0 polygons
2026-09-16 23:37:56 +0530: Memory Usage (442216K) : backmetal1_filler has 0 polygons
2026-09-16 23:37:56 +0530: Memory Usage (442216K) : backmetal1_nofill has 0 polygons
2026-09-16 23:37:56 +0530: Memory Usage (442216K) : backmetal1_slit has 0 polygons
2026-09-16 23:37:56 +0530: Memory Usage (442216K) : backmetal1_text has 0 polygons
2026-09-16 23:37:56 +0530: Memory Usage (442216K) : backmetal1_opc has 0 polygons
2026-09-16 23:37:56 +0530: Memory Usage (442216K) : backmetal1_noqrc has 0 polygons
2026-09-16 23:37:56 +0530: Memory Usage (442216K) : backmetal1_res has 0 polygons
2026-09-16 23:37:56 +0530: Memory Usage (442216K) : backmetal1_iprobe has 0 polygons
2026-09-16 23:37:56 +0530: Memory Usage (442216K) : backmetal1_diffprb has 0 polygons
2026-09-16 23:37:56 +0530: Memory Usage (442216K) : backpassiv_drw has 0 polygons
2026-09-16 23:37:56 +0530: Memory Usage (442216K) : res_drw has 0 polygons
2026-09-16 23:37:56 +0530: Memory Usage (442216K) : sram_drw has 0 polygons
2026-09-16 23:37:56 +0530: Memory Usage (442216K) : trans_drw has 0 polygons
2026-09-16 23:37:56 +0530: Memory Usage (442216K) : ind_drw has 0 polygons
2026-09-16 23:37:56 +0530: Memory Usage (442216K) : ind_pin has 0 polygons
2026-09-16 23:37:56 +0530: Memory Usage (442216K) : ind_text has 0 polygons
2026-09-16 23:37:56 +0530: Memory Usage (442216K) : salblock_drw has 0 polygons
2026-09-16 23:37:56 +0530: Memory Usage (442216K) : via2_drw has 47981 polygons
2026-09-16 23:37:56 +0530: Memory Usage (442216K) : metal3_drw has 75969 polygons
2026-09-16 23:37:56 +0530: Memory Usage (442216K) : metal3_pin has 73 polygons
2026-09-16 23:37:56 +0530: Memory Usage (442216K) : metal3_mask has 0 polygons
2026-09-16 23:37:56 +0530: Memory Usage (442216K) : metal3_filler has 0 polygons
2026-09-16 23:37:56 +0530: Memory Usage (442216K) : metal3_nofill has 0 polygons
2026-09-16 23:37:56 +0530: Memory Usage (442216K) : metal3_slit has 0 polygons
2026-09-16 23:37:56 +0530: Memory Usage (442216K) : metal3_text has 73 polygons
2026-09-16 23:37:56 +0530: Memory Usage (442216K) : metal3_opc has 0 polygons
2026-09-16 23:37:56 +0530: Memory Usage (442216K) : metal3_noqrc has 0 polygons
2026-09-16 23:37:56 +0530: Memory Usage (442216K) : metal3_res has 0 polygons
2026-09-16 23:37:56 +0530: Memory Usage (442216K) : metal3_iprobe has 0 polygons
2026-09-16 23:37:56 +0530: Memory Usage (442216K) : metal3_diffprb has 0 polygons
2026-09-16 23:37:56 +0530: Memory Usage (442216K) : nwell_drw has 41110 polygons
2026-09-16 23:37:56 +0530: Memory Usage (442216K) : nwell_pin has 0 polygons
2026-09-16 23:37:56 +0530: Memory Usage (442216K) : nbulay_drw has 0 polygons
2026-09-16 23:37:56 +0530: Memory Usage (442216K) : nbulay_pin has 0 polygons
2026-09-16 23:37:56 +0530: Memory Usage (442216K) : nbulay_block has 0 polygons
2026-09-16 23:37:56 +0530: Memory Usage (442216K) : emwind_drw has 0 polygons
2026-09-16 23:37:56 +0530: Memory Usage (442216K) : emwind_opc has 0 polygons
2026-09-16 23:37:56 +0530: Memory Usage (442216K) : deepco_drw has 0 polygons
2026-09-16 23:37:56 +0530: Memory Usage (442216K) : deepco_drw has 0 polygons
2026-09-16 23:37:56 +0530: Memory Usage (442216K) : mim_drw has 0 polygons
2026-09-16 23:37:56 +0530: Memory Usage (442216K) : edgeseal_drw has 0 polygons
2026-09-16 23:37:56 +0530: Memory Usage (442216K) : edgeseal_bound has 0 polygons
2026-09-16 23:37:56 +0530: Memory Usage (442216K) : substrate_drw has 0 polygons
2026-09-16 23:37:56 +0530: Memory Usage (442216K) : substrate_text has 0 polygons
2026-09-16 23:37:56 +0530: Memory Usage (442216K) : dfpad_drw has 0 polygons
2026-09-16 23:37:56 +0530: Memory Usage (442216K) : dfpad_pillar has 0 polygons
2026-09-16 23:37:56 +0530: Memory Usage (442216K) : dfpad_sbump has 0 polygons
2026-09-16 23:37:56 +0530: Memory Usage (442216K) : thickgateox_drw has 0 polygons
2026-09-16 23:37:56 +0530: Memory Usage (442216K) : pldb_drw has 0 polygons
2026-09-16 23:37:56 +0530: Memory Usage (442216K) : pwell_drw has 0 polygons
2026-09-16 23:37:56 +0530: Memory Usage (442216K) : pwell_pin has 0 polygons
2026-09-16 23:37:56 +0530: Memory Usage (442216K) : pwell_block has 0 polygons
2026-09-16 23:37:56 +0530: Memory Usage (442216K) : ic_drw has 0 polygons
2026-09-16 23:37:56 +0530: Memory Usage (442216K) : via3_drw has 13283 polygons
2026-09-16 23:37:57 +0530: Memory Usage (442216K) : metal4_drw has 10261 polygons
2026-09-16 23:37:57 +0530: Memory Usage (442216K) : metal4_pin has 0 polygons
2026-09-16 23:37:57 +0530: Memory Usage (442216K) : metal4_mask has 0 polygons
2026-09-16 23:37:57 +0530: Memory Usage (442216K) : metal4_filler has 0 polygons
2026-09-16 23:37:57 +0530: Memory Usage (442216K) : metal4_nofill has 0 polygons
2026-09-16 23:37:57 +0530: Memory Usage (442216K) : metal4_slit has 0 polygons
2026-09-16 23:37:57 +0530: Memory Usage (442216K) : metal4_text has 0 polygons
2026-09-16 23:37:57 +0530: Memory Usage (442216K) : metal4_opc has 0 polygons
2026-09-16 23:37:57 +0530: Memory Usage (442216K) : metal4_noqrc has 0 polygons
2026-09-16 23:37:57 +0530: Memory Usage (442216K) : metal4_res has 0 polygons
2026-09-16 23:37:57 +0530: Memory Usage (442216K) : metal4_iprobe has 0 polygons
2026-09-16 23:37:57 +0530: Memory Usage (442216K) : metal4_diffprb has 0 polygons
2026-09-16 23:37:57 +0530: Memory Usage (442216K) : heattrans_drw has 0 polygons
2026-09-16 23:37:57 +0530: Memory Usage (442216K) : heatres_drw has 0 polygons
2026-09-16 23:37:57 +0530: Memory Usage (442216K) : pempoly_drw has 0 polygons
2026-09-16 23:37:57 +0530: Memory Usage (442216K) : fbe_drw has 0 polygons
2026-09-16 23:37:57 +0530: Memory Usage (442216K) : empoly_drw has 0 polygons
2026-09-16 23:37:57 +0530: Memory Usage (442216K) : ldmos_drw has 0 polygons
2026-09-16 23:37:57 +0530: Memory Usage (442216K) : pbiwind_drw has 0 polygons
2026-09-16 23:37:57 +0530: Memory Usage (442216K) : digisub_drw has 0 polygons
2026-09-16 23:37:57 +0530: Memory Usage (442216K) : nodrc_drw has 0 polygons
2026-09-16 23:37:57 +0530: Memory Usage (442216K) : text_drw has 60 polygons
2026-09-16 23:37:57 +0530: Memory Usage (442216K) : via4_drw has 9647 polygons
2026-09-16 23:37:57 +0530: Memory Usage (442216K) : metal5_drw has 6044 polygons
2026-09-16 23:37:57 +0530: Memory Usage (442216K) : metal5_pin has 0 polygons
2026-09-16 23:37:57 +0530: Memory Usage (442216K) : metal5_mask has 0 polygons
2026-09-16 23:37:57 +0530: Memory Usage (442216K) : metal5_filler has 0 polygons
2026-09-16 23:37:57 +0530: Memory Usage (442216K) : metal5_nofill has 0 polygons
2026-09-16 23:37:57 +0530: Memory Usage (442216K) : metal5_slit has 0 polygons
2026-09-16 23:37:57 +0530: Memory Usage (442216K) : metal5_text has 0 polygons
2026-09-16 23:37:57 +0530: Memory Usage (442216K) : metal5_opc has 0 polygons
2026-09-16 23:37:57 +0530: Memory Usage (442216K) : metal5_noqrc has 0 polygons
2026-09-16 23:37:57 +0530: Memory Usage (442216K) : metal5_res has 0 polygons
2026-09-16 23:37:57 +0530: Memory Usage (442216K) : metal5_iprobe has 0 polygons
2026-09-16 23:37:57 +0530: Memory Usage (442216K) : metal5_diffprb has 0 polygons
2026-09-16 23:37:57 +0530: Memory Usage (442216K) : radhard_drw has 0 polygons
2026-09-16 23:37:57 +0530: Memory Usage (442216K) : memcap_drw has 0 polygons
2026-09-16 23:37:57 +0530: Memory Usage (442216K) : varicap_drw has 0 polygons
2026-09-16 23:37:57 +0530: Memory Usage (442216K) : flash_drw has 0 polygons
2026-09-16 23:37:57 +0530: Memory Usage (442216K) : intbondvia_drw has 0 polygons
2026-09-16 23:37:57 +0530: Memory Usage (442216K) : intbondmet_drw has 0 polygons
2026-09-16 23:37:57 +0530: Memory Usage (442216K) : devbondvia_drw has 0 polygons
2026-09-16 23:37:57 +0530: Memory Usage (442216K) : devbondmet_drw has 0 polygons
2026-09-16 23:37:57 +0530: Memory Usage (442216K) : devtrench_drw has 0 polygons
2026-09-16 23:37:57 +0530: Memory Usage (442216K) : redist_drw has 0 polygons
2026-09-16 23:37:57 +0530: Memory Usage (442216K) : graphbot_drw has 0 polygons
2026-09-16 23:37:57 +0530: Memory Usage (442216K) : graphtop_drw has 0 polygons
2026-09-16 23:37:57 +0530: Memory Usage (442216K) : antvia1_drw has 0 polygons
2026-09-16 23:37:57 +0530: Memory Usage (442216K) : antmetal2_drw has 0 polygons
2026-09-16 23:37:57 +0530: Memory Usage (442216K) : graphcont_drw has 0 polygons
2026-09-16 23:37:57 +0530: Memory Usage (442216K) : siwg_drw has 0 polygons
2026-09-16 23:37:57 +0530: Memory Usage (442216K) : siwg_filler has 0 polygons
2026-09-16 23:37:57 +0530: Memory Usage (442216K) : siwg_nofill has 0 polygons
2026-09-16 23:37:57 +0530: Memory Usage (442216K) : sigrating_drw has 0 polygons
2026-09-16 23:37:57 +0530: Memory Usage (442216K) : singrating_drw has 0 polygons
2026-09-16 23:37:57 +0530: Memory Usage (442216K) : graphpas_drw has 0 polygons
2026-09-16 23:37:57 +0530: Memory Usage (442216K) : emwind3_drw has 0 polygons
2026-09-16 23:37:57 +0530: Memory Usage (442216K) : emwihv3_drw has 0 polygons
2026-09-16 23:37:57 +0530: Memory Usage (442216K) : redbulay_drw has 0 polygons
2026-09-16 23:37:57 +0530: Memory Usage (442216K) : smos_drw has 0 polygons
2026-09-16 23:37:57 +0530: Memory Usage (442216K) : graphpad_drw has 0 polygons
2026-09-16 23:37:57 +0530: Memory Usage (442216K) : polimide_drw has 0 polygons
2026-09-16 23:37:57 +0530: Memory Usage (442216K) : polimide_pin has 0 polygons
2026-09-16 23:37:57 +0530: Memory Usage (442216K) : recog_drw has 0 polygons
2026-09-16 23:37:57 +0530: Memory Usage (442216K) : recog_pin has 0 polygons
2026-09-16 23:37:57 +0530: Memory Usage (442216K) : recog_esd has 0 polygons
2026-09-16 23:37:57 +0530: Memory Usage (442216K) : recog_diode has 60 polygons
2026-09-16 23:37:57 +0530: Memory Usage (442216K) : recog_tsv has 0 polygons
2026-09-16 23:37:57 +0530: Memory Usage (442216K) : recog_iprobe has 0 polygons
2026-09-16 23:37:57 +0530: Memory Usage (442216K) : recog_diffprb has 0 polygons
2026-09-16 23:37:57 +0530: Memory Usage (442216K) : recog_pillar has 0 polygons
2026-09-16 23:37:57 +0530: Memory Usage (442216K) : recog_sbump has 0 polygons
2026-09-16 23:37:57 +0530: Memory Usage (442216K) : recog_otp has 0 polygons
2026-09-16 23:37:57 +0530: Memory Usage (442216K) : recog_pdiode has 0 polygons
2026-09-16 23:37:57 +0530: Memory Usage (442216K) : recog_mom has 0 polygons
2026-09-16 23:37:57 +0530: Memory Usage (442216K) : recog_momf has 0 polygons
2026-09-16 23:37:57 +0530: Memory Usage (442216K) : recog_pcm has 0 polygons
2026-09-16 23:37:57 +0530: Memory Usage (442216K) : colopen_drw has 0 polygons
2026-09-16 23:37:57 +0530: Memory Usage (442216K) : graphmetal1_drw has 0 polygons
2026-09-16 23:37:57 +0530: Memory Usage (442216K) : graphmetal1_filler has 0 polygons
2026-09-16 23:37:57 +0530: Memory Usage (442216K) : graphmetal1_nofill has 0 polygons
2026-09-16 23:37:57 +0530: Memory Usage (442216K) : graphmetal1_slit has 0 polygons
2026-09-16 23:37:57 +0530: Memory Usage (442216K) : graphmetal1_opc has 0 polygons
2026-09-16 23:37:57 +0530: Memory Usage (442216K) : graphmet1l_drw has 0 polygons
2026-09-16 23:37:57 +0530: Memory Usage (442216K) : graphmet1l_filler has 0 polygons
2026-09-16 23:37:57 +0530: Memory Usage (442216K) : graphmet1l_nofill has 0 polygons
2026-09-16 23:37:57 +0530: Memory Usage (442216K) : graphmet1l_slit has 0 polygons
2026-09-16 23:37:57 +0530: Memory Usage (442216K) : graphmet1l_opc has 0 polygons
2026-09-16 23:37:57 +0530: Memory Usage (442216K) : extblock_drw has 0 polygons
2026-09-16 23:37:57 +0530: Memory Usage (442216K) : nldd_drw has 0 polygons
2026-09-16 23:37:57 +0530: Memory Usage (442216K) : pldd_drw has 0 polygons
2026-09-16 23:37:57 +0530: Memory Usage (442216K) : next_drw has 0 polygons
2026-09-16 23:37:57 +0530: Memory Usage (442216K) : pext_drw has 0 polygons
2026-09-16 23:37:57 +0530: Memory Usage (442216K) : nexthv_drw has 0 polygons
2026-09-16 23:37:57 +0530: Memory Usage (442216K) : pexthv_drw has 0 polygons
2026-09-16 23:37:57 +0530: Memory Usage (442216K) : graphgate_drw has 0 polygons
2026-09-16 23:37:57 +0530: Memory Usage (442216K) : sinwg_drw has 0 polygons
2026-09-16 23:37:57 +0530: Memory Usage (442216K) : sinwg_filler has 0 polygons
2026-09-16 23:37:57 +0530: Memory Usage (442216K) : sinwg_nofill has 0 polygons
2026-09-16 23:37:57 +0530: Memory Usage (442216K) : mempad_drw has 0 polygons
2026-09-16 23:37:57 +0530: Memory Usage (442216K) : topvia1_drw has 3766 polygons
2026-09-16 23:37:57 +0530: Memory Usage (442216K) : topmetal1_drw has 2129 polygons
2026-09-16 23:37:57 +0530: Memory Usage (442216K) : topmetal1_pin has 20 polygons
2026-09-16 23:37:57 +0530: Memory Usage (442216K) : topmetal1_mask has 0 polygons
2026-09-16 23:37:57 +0530: Memory Usage (442216K) : topmetal1_filler has 0 polygons
2026-09-16 23:37:57 +0530: Memory Usage (442216K) : topmetal1_nofill has 0 polygons
2026-09-16 23:37:58 +0530: Memory Usage (442216K) : topmetal1_slit has 0 polygons
2026-09-16 23:37:58 +0530: Memory Usage (442216K) : topmetal1_text has 2 polygons
2026-09-16 23:37:58 +0530: Memory Usage (442216K) : topmetal1_noqrc has 0 polygons
2026-09-16 23:37:58 +0530: Memory Usage (442216K) : topmetal1_res has 0 polygons
2026-09-16 23:37:58 +0530: Memory Usage (442216K) : topmetal1_iprobe has 0 polygons
2026-09-16 23:37:58 +0530: Memory Usage (442216K) : topmetal1_diffprb has 0 polygons
2026-09-16 23:37:58 +0530: Memory Usage (442216K) : inldpwl_drw has 0 polygons
2026-09-16 23:37:58 +0530: Memory Usage (442216K) : polyres_drw has 0 polygons
2026-09-16 23:37:58 +0530: Memory Usage (442216K) : polyres_pin has 0 polygons
2026-09-16 23:37:58 +0530: Memory Usage (442216K) : vmim_drw has 0 polygons
2026-09-16 23:37:58 +0530: Memory Usage (442216K) : nbulaycut_drw has 0 polygons
2026-09-16 23:37:58 +0530: Memory Usage (442216K) : antmetal1_drw has 0 polygons
2026-09-16 23:37:58 +0530: Memory Usage (442216K) : topvia2_drw has 200 polygons
2026-09-16 23:37:58 +0530: Memory Usage (442216K) : topmetal2_drw has 240 polygons
2026-09-16 23:37:58 +0530: Memory Usage (442216K) : topmetal2_pin has 20 polygons
2026-09-16 23:37:58 +0530: Memory Usage (442216K) : topmetal2_mask has 0 polygons
2026-09-16 23:37:58 +0530: Memory Usage (442216K) : topmetal2_filler has 0 polygons
2026-09-16 23:37:58 +0530: Memory Usage (442216K) : topmetal2_nofill has 0 polygons
2026-09-16 23:37:58 +0530: Memory Usage (442216K) : topmetal2_slit has 0 polygons
2026-09-16 23:37:58 +0530: Memory Usage (442216K) : topmetal2_text has 2 polygons
2026-09-16 23:37:58 +0530: Memory Usage (442216K) : topmetal2_noqrc has 0 polygons
2026-09-16 23:37:58 +0530: Memory Usage (442216K) : topmetal2_res has 0 polygons
2026-09-16 23:37:58 +0530: Memory Usage (442216K) : topmetal2_iprobe has 0 polygons
2026-09-16 23:37:58 +0530: Memory Usage (442216K) : topmetal2_diffprb has 0 polygons
2026-09-16 23:37:58 +0530: Memory Usage (442216K) : snsring_drw has 0 polygons
2026-09-16 23:37:58 +0530: Memory Usage (442216K) : sensor_drw has 0 polygons
2026-09-16 23:37:58 +0530: Memory Usage (442216K) : snsarms_drw has 0 polygons
2026-09-16 23:37:58 +0530: Memory Usage (442216K) : snscmosvia_drw has 0 polygons
2026-09-16 23:37:58 +0530: Memory Usage (442216K) : colwind_drw has 0 polygons
2026-09-16 23:37:58 +0530: Memory Usage (442216K) : flm_drw has 0 polygons
2026-09-16 23:37:58 +0530: Memory Usage (442216K) : hafniumox_drw has 0 polygons
2026-09-16 23:37:58 +0530: Memory Usage (442216K) : memvia_drw has 0 polygons
2026-09-16 23:37:58 +0530: Memory Usage (442216K) : thinfilmres_drw has 0 polygons
2026-09-16 23:37:58 +0530: Memory Usage (442216K) : rfmem_drw has 0 polygons
2026-09-16 23:37:58 +0530: Memory Usage (442216K) : norcx_drw has 0 polygons
2026-09-16 23:37:58 +0530: Memory Usage (442216K) : norcx_m2m3 has 0 polygons
2026-09-16 23:37:58 +0530: Memory Usage (442216K) : norcx_m2m4 has 0 polygons
2026-09-16 23:37:58 +0530: Memory Usage (442216K) : norcx_m2m5 has 0 polygons
2026-09-16 23:37:58 +0530: Memory Usage (442216K) : norcx_m2tm1 has 0 polygons
2026-09-16 23:37:58 +0530: Memory Usage (442216K) : norcx_m2tm2 has 0 polygons
2026-09-16 23:37:58 +0530: Memory Usage (442216K) : norcx_m3m4 has 0 polygons
2026-09-16 23:37:58 +0530: Memory Usage (442216K) : norcx_m3m5 has 0 polygons
2026-09-16 23:37:58 +0530: Memory Usage (442216K) : norcx_m3tm1 has 0 polygons
2026-09-16 23:37:58 +0530: Memory Usage (442216K) : norcx_m3tm2 has 0 polygons
2026-09-16 23:37:58 +0530: Memory Usage (442216K) : norcx_m4m5 has 0 polygons
2026-09-16 23:37:58 +0530: Memory Usage (442216K) : norcx_m4tm1 has 0 polygons
2026-09-16 23:37:58 +0530: Memory Usage (442216K) : norcx_m4tm2 has 0 polygons
2026-09-16 23:37:58 +0530: Memory Usage (442216K) : norcx_m5tm1 has 0 polygons
2026-09-16 23:37:58 +0530: Memory Usage (442216K) : norcx_m5tm2 has 0 polygons
2026-09-16 23:37:58 +0530: Memory Usage (442216K) : norcx_tm1tm2 has 0 polygons
2026-09-16 23:37:58 +0530: Memory Usage (442216K) : norcx_m1sub has 0 polygons
2026-09-16 23:37:58 +0530: Memory Usage (442216K) : norcx_m2sub has 0 polygons
2026-09-16 23:37:58 +0530: Memory Usage (442216K) : norcx_m3sub has 0 polygons
2026-09-16 23:37:58 +0530: Memory Usage (442216K) : norcx_m4sub has 0 polygons
2026-09-16 23:37:58 +0530: Memory Usage (442216K) : norcx_m5sub has 0 polygons
2026-09-16 23:37:58 +0530: Memory Usage (442216K) : norcx_tm1sub has 0 polygons
2026-09-16 23:37:58 +0530: Memory Usage (442216K) : norcx_tm2sub has 0 polygons
2026-09-16 23:37:58 +0530: Memory Usage (442216K) : snsbotvia_drw has 0 polygons
2026-09-16 23:37:58 +0530: Memory Usage (442216K) : snstopvia_drw has 0 polygons
2026-09-16 23:37:58 +0530: Memory Usage (442216K) : deepvia_drw has 0 polygons
2026-09-16 23:37:58 +0530: Memory Usage (442216K) : fgetch_drw has 0 polygons
2026-09-16 23:37:58 +0530: Memory Usage (442216K) : ctrgat_drw has 0 polygons
2026-09-16 23:37:58 +0530: Memory Usage (442216K) : fgimp_drw has 0 polygons
2026-09-16 23:37:58 +0530: Memory Usage (442216K) : emwihv_drw has 0 polygons
2026-09-16 23:37:58 +0530: Memory Usage (442216K) : lbe_drw has 0 polygons
2026-09-16 23:37:58 +0530: Memory Usage (442216K) : alcustop_drw has 0 polygons
2026-09-16 23:37:58 +0530: Memory Usage (442216K) : nometfiller_drw has 0 polygons
2026-09-16 23:37:58 +0530: Memory Usage (442216K) : prboundary_drw has 0 polygons
2026-09-16 23:37:58 +0530: Memory Usage (442216K) : exchange0_drw has 0 polygons
2026-09-16 23:37:58 +0530: Memory Usage (442216K) : exchange0_pin has 0 polygons
2026-09-16 23:37:58 +0530: Memory Usage (442216K) : exchange0_text has 0 polygons
2026-09-16 23:37:58 +0530: Memory Usage (442216K) : exchange1_drw has 0 polygons
2026-09-16 23:37:58 +0530: Memory Usage (442216K) : exchange1_pin has 0 polygons
2026-09-16 23:37:58 +0530: Memory Usage (442216K) : exchange1_text has 0 polygons
2026-09-16 23:37:58 +0530: Memory Usage (442216K) : exchange2_drw has 0 polygons
2026-09-16 23:37:58 +0530: Memory Usage (442216K) : exchange2_pin has 0 polygons
2026-09-16 23:37:58 +0530: Memory Usage (442216K) : exchange2_text has 0 polygons
2026-09-16 23:37:58 +0530: Memory Usage (442216K) : exchange3_drw has 0 polygons
2026-09-16 23:37:58 +0530: Memory Usage (442216K) : exchange3_pin has 0 polygons
2026-09-16 23:37:58 +0530: Memory Usage (442216K) : exchange3_text has 0 polygons
2026-09-16 23:37:58 +0530: Memory Usage (442216K) : exchange4_drw has 0 polygons
2026-09-16 23:37:58 +0530: Memory Usage (442216K) : exchange4_pin has 0 polygons
2026-09-16 23:37:58 +0530: Memory Usage (442216K) : exchange4_text has 0 polygons
2026-09-16 23:37:58 +0530: Memory Usage (442216K) : isonwell_drw has 0 polygons
2026-09-16 23:37:58 +0530: Memory Usage (442216K) : Total no. of polygons in the design is 2673556
2026-09-16 23:37:58 +0530: Memory Usage (442216K) : Loaded TECH DRC rules values from /home/jaikrishn/IHP-Open-PDK/ihp-sg13g2/libs.tech/klayout/python/sg13g2_pycell_lib/sg13g2_tech_mod.json
2026-09-16 23:37:58 +0530: Memory Usage (442216K) : Loaded default DRC rules values from /home/jaikrishn/IHP-Open-PDK/ihp-sg13g2/libs.tech/klayout/tech/drc/rule_decks/sg13g2_tech_default.json
2026-09-16 23:37:58 +0530: Memory Usage (442216K) : The following rules values were missing in tech json and default values were used:
2026-09-16 23:37:58 +0530: Memory Usage (442216K) :   - NW_f1_digibnd
2026-09-16 23:37:58 +0530: Memory Usage (442216K) :   - Cnt_c_digibnd
2026-09-16 23:37:58 +0530: Memory Usage (442216K) :   - Cnt_c_sram
2026-09-16 23:37:58 +0530: Memory Usage (442216K) :   - Sdiod_b
2026-09-16 23:37:58 +0530: Memory Usage (442216K) :   - Sdiod_c
2026-09-16 23:37:58 +0530: Memory Usage (448880K) : Total area of the design is 534448.8448 um^2.
2026-09-16 23:37:58 +0530: Memory Usage (448880K) : The design dimensions are 721.76 µm * 740.48 µm.
2026-09-16 23:37:58 +0530: Memory Usage (448880K) : Starting general IHP-SG13G2 derivations.
2026-09-16 23:37:58 +0530: Memory Usage (448880K) : Starting Pwell derivations
2026-09-16 23:37:59 +0530: Memory Usage (483392K) : Starting n-Activ derivations
2026-09-16 23:38:00 +0530: Memory Usage (516732K) : Starting p-Activ derivations
2026-09-16 23:38:00 +0530: Memory Usage (531228K) : Starting ptap derivations
2026-09-16 23:38:01 +0530: Memory Usage (559800K) : Starting ntap derivations
2026-09-16 23:38:02 +0530: Memory Usage (586828K) : Starting pact FET derivations
2026-09-16 23:38:02 +0530: Memory Usage (568128K) : Starting nact FET derivations
2026-09-16 23:38:02 +0530: Memory Usage (570304K) : Starting Gate derivations
2026-09-16 23:38:03 +0530: Memory Usage (590784K) : Starting cont/contbar general derivations
2026-09-16 23:38:06 +0530: Memory Usage (795852K) : Starting pad general derivations
2026-09-16 23:38:06 +0530: Memory Usage (795852K) : Starting schottky_nbl general derivations
2026-09-16 23:38:06 +0530: Memory Usage (795852K) : Starting SVaricap general derivations
2026-09-16 23:38:07 +0530: Memory Usage (798156K) : Starting HBT general derivations
2026-09-16 23:38:07 +0530: Memory Usage (798156K) : Starting IHP-SG13G2 DRC connectivity related derivations.
2026-09-16 23:38:07 +0530: Memory Usage (798156K) : Starting IHP-SG13G2 DRC connectivity setup
2026-09-16 23:38:11 +0530: Memory Usage (798308K) : Starting IHP-SG13G2 DRC rules.
2026-09-16 23:38:11 +0530: Memory Usage (798308K) : Running all FEOL rules
2026-09-16 23:38:11 +0530: Memory Usage (798308K) : Running all BEOL rules
2026-09-16 23:38:11 +0530: Memory Usage (798308K) : Running all PIN rules
2026-09-16 23:38:11 +0530: Memory Usage (798308K) : Running all FORBIDDEN rules
2026-09-16 23:38:11 +0530: Memory Usage (798308K) : Starting 5.1 NWell table
2026-09-16 23:38:11 +0530: Memory Usage (798308K) : Executing rule NW.b
2026-09-16 23:38:12 +0530: Memory Usage (813300K) : Executing rule NW.b1
2026-09-16 23:38:13 +0530: Memory Usage (813172K) : Executing rule NW.f1
2026-09-16 23:38:13 +0530: Memory Usage (813172K) : Executing rule NW.f1.digibnd
2026-09-16 23:38:13 +0530: Memory Usage (813172K) : Starting 5.2 PWell:block
2026-09-16 23:38:13 +0530: Memory Usage (813172K) : Executing rule PWB.e
2026-09-16 23:38:13 +0530: Memory Usage (813172K) : Executing rule PWB.e1
2026-09-16 23:38:13 +0530: Memory Usage (813172K) : Executing rule PWB.f
2026-09-16 23:38:13 +0530: Memory Usage (813172K) : Executing rule PWB.f1
2026-09-16 23:38:13 +0530: Memory Usage (813172K) : Starting 5.3 nBuLay table
2026-09-16 23:38:13 +0530: Memory Usage (813172K) : Executing rule NBL.b
2026-09-16 23:38:13 +0530: Memory Usage (813300K) : Executing rule NBL.c
2026-09-16 23:38:13 +0530: Memory Usage (813300K) : Executing rule NBL.d
2026-09-16 23:38:13 +0530: Memory Usage (813428K) : Executing rule NBL.e
2026-09-16 23:38:13 +0530: Memory Usage (820084K) : Executing rule NBL.f
2026-09-16 23:38:13 +0530: Memory Usage (822636K) : Starting 5.5. Activ table
2026-09-16 23:38:13 +0530: Memory Usage (822636K) : Executing rule Act.a
2026-09-16 23:38:14 +0530: Memory Usage (822636K) : Executing rule Act.b
2026-09-16 23:38:16 +0530: Memory Usage (836972K) : Starting 5.6 Activ:filler table
2026-09-16 23:38:16 +0530: Memory Usage (836972K) : Executing rule AFil.c1
2026-09-16 23:38:16 +0530: Memory Usage (836972K) : Executing rule AFil.c
2026-09-16 23:38:16 +0530: Memory Usage (836972K) : Executing rule AFil.d
2026-09-16 23:38:16 +0530: Memory Usage (836972K) : Executing rule AFil.e
2026-09-16 23:38:16 +0530: Memory Usage (836972K) : Executing rule AFil.j
2026-09-16 23:38:16 +0530: Memory Usage (836972K) : Starting 5.7. ThickGateOx table
2026-09-16 23:38:16 +0530: Memory Usage (836972K) : Executing rule TGO.f
2026-09-16 23:38:16 +0530: Memory Usage (836972K) : Starting 5.8. GatPoly table
2026-09-16 23:38:16 +0530: Memory Usage (836972K) : Executing rule Gat.a
2026-09-16 23:38:16 +0530: Memory Usage (836972K) : Executing rule Gat.b
2026-09-16 23:38:16 +0530: Memory Usage (844524K) : Executing rule Gat.d
2026-09-16 23:38:17 +0530: Memory Usage (846060K) : Executing rule Gat.a1
2026-09-16 23:38:17 +0530: Memory Usage (854592K) : Executing rule Gat.a2
2026-09-16 23:38:18 +0530: Memory Usage (864064K) : Executing rule Gat.g
2026-09-16 23:38:18 +0530: Memory Usage (864092K) : Starting 5.9 GatPoly:filler
2026-09-16 23:38:18 +0530: Memory Usage (864092K) : Executing rule GFil.d
2026-09-16 23:38:18 +0530: Memory Usage (864092K) : Executing rule GFil.e
2026-09-16 23:38:18 +0530: Memory Usage (864092K) : Executing rule GFil.i
2026-09-16 23:38:18 +0530: Memory Usage (864092K) : Starting 5.10 pSD table
2026-09-16 23:38:18 +0530: Memory Usage (864092K) : Executing rule pSD.c1
2026-09-16 23:38:19 +0530: Memory Usage (905636K) : Starting 5.14. Cont table
2026-09-16 23:38:20 +0530: Memory Usage (905636K) : Executing rule Cnt.a
2026-09-16 23:38:23 +0530: Memory Usage (1028900K) : Executing rule Cnt.b
2026-09-16 23:38:25 +0530: Memory Usage (1045412K) : Executing rule Cnt.c
2026-09-16 23:38:30 +0530: Memory Usage (1113380K) : Executing rule Cnt.c.digibnd
2026-09-16 23:38:30 +0530: Memory Usage (1113380K) : Executing rule Cnt.c.SRAM
2026-09-16 23:38:30 +0530: Memory Usage (1113380K) : Executing rule Cnt.d
2026-09-16 23:38:30 +0530: Memory Usage (1113248K) : Executing rule Cnt.e
2026-09-16 23:38:31 +0530: Memory Usage (1113888K) : Executing rule Cnt.g1
2026-09-16 23:38:33 +0530: Memory Usage (1123232K) : Executing rule Cnt.g2
2026-09-16 23:38:36 +0530: Memory Usage (1157536K) : Starting 5.15. ContBar table
2026-09-16 23:38:36 +0530: Memory Usage (1157536K) : Executing rule CntB.a
2026-09-16 23:38:40 +0530: Memory Usage (1168416K) : Executing rule CntB.a1
2026-09-16 23:38:40 +0530: Memory Usage (1168416K) : Executing rule CntB.b1
2026-09-16 23:38:40 +0530: Memory Usage (1168416K) : Executing rule CntB.h1
2026-09-16 23:38:40 +0530: Memory Usage (1168416K) : Starting 6.1.3 NPN Substrate-Tie table
2026-09-16 23:38:40 +0530: Memory Usage (1168416K) : Starting 6.7 Schottky diode table
2026-09-16 23:38:40 +0530: Memory Usage (1168416K) : Executing rule Sdiod.b
2026-09-16 23:38:40 +0530: Memory Usage (1168416K) : Executing rule Sdiod.c
2026-09-16 23:38:40 +0530: Memory Usage (1168416K) : Executing rule Sdiod.d
2026-09-16 23:38:40 +0530: Memory Usage (1168416K) : Executing rule Sdiod.e
2026-09-16 23:38:40 +0530: Memory Usage (1168416K) : Starting 7.2 Latch-up table
2026-09-16 23:38:40 +0530: Memory Usage (1168416K) : Executing rule LU.b
2026-09-16 23:38:42 +0530: Memory Usage (1190176K) : Starting 5.16. Metal1 table
2026-09-16 23:38:42 +0530: Memory Usage (1190176K) : Executing rule M1.a
2026-09-16 23:38:44 +0530: Memory Usage (1190176K) : Executing rule M1.b
2026-09-16 23:38:53 +0530: Memory Usage (1209756K) : Executing rule M1.e
2026-09-16 23:40:02 +0530: Memory Usage (1211036K) : Executing rule M1.f
2026-09-16 23:40:06 +0530: Memory Usage (1211036K) : Executing rule M1.g
2026-09-16 23:40:06 +0530: Memory Usage (1236344K) : Executing rule M1.i
2026-09-16 23:40:06 +0530: Memory Usage (1196964K) : Starting 5.17 Metaln table
2026-09-16 23:40:06 +0530: Memory Usage (1196964K) : Executing rule M2.a
2026-09-16 23:40:07 +0530: Memory Usage (1202980K) : Executing rule M2.b
2026-09-16 23:40:10 +0530: Memory Usage (1246116K) : Executing rule M2.e
2026-09-16 23:40:10 +0530: Memory Usage (1247268K) : Executing rule M2.f
2026-09-16 23:40:11 +0530: Memory Usage (1247268K) : Executing rule M2.g
2026-09-16 23:40:11 +0530: Memory Usage (1259172K) : Executing rule M2.i
2026-09-16 23:40:11 +0530: Memory Usage (1277220K) : Executing rule M3.a
2026-09-16 23:40:12 +0530: Memory Usage (1277220K) : Executing rule M3.b
2026-09-16 23:40:12 +0530: Memory Usage (1295396K) : Executing rule M3.e
2026-09-16 23:40:13 +0530: Memory Usage (1295396K) : Executing rule M3.f
2026-09-16 23:40:13 +0530: Memory Usage (1295396K) : Executing rule M3.g
2026-09-16 23:40:13 +0530: Memory Usage (1295392K) : Executing rule M3.i
2026-09-16 23:40:13 +0530: Memory Usage (1295392K) : Executing rule M4.a
2026-09-16 23:40:13 +0530: Memory Usage (1295392K) : Executing rule M4.b
2026-09-16 23:40:13 +0530: Memory Usage (1295520K) : Executing rule M4.e
2026-09-16 23:40:13 +0530: Memory Usage (1295520K) : Executing rule M4.f
2026-09-16 23:40:13 +0530: Memory Usage (1295520K) : Executing rule M4.g
2026-09-16 23:40:13 +0530: Memory Usage (1295520K) : Executing rule M4.i
2026-09-16 23:40:13 +0530: Memory Usage (1295520K) : Executing rule M5.a
2026-09-16 23:40:13 +0530: Memory Usage (1295520K) : Executing rule M5.b
2026-09-16 23:40:14 +0530: Memory Usage (1295520K) : Executing rule M5.e
2026-09-16 23:40:14 +0530: Memory Usage (1295392K) : Executing rule M5.f
2026-09-16 23:40:14 +0530: Memory Usage (1295392K) : Executing rule M5.g
2026-09-16 23:40:14 +0530: Memory Usage (1295520K) : Executing rule M5.i
2026-09-16 23:40:14 +0530: Memory Usage (1295520K) : Starting 5.18 Metaln:filler table
2026-09-16 23:40:14 +0530: Memory Usage (1295520K) : Executing rule M1Fil.c
2026-09-16 23:40:14 +0530: Memory Usage (1295520K) : Executing rule M1Fil.a2
2026-09-16 23:40:14 +0530: Memory Usage (1295520K) : Executing rule M2Fil.c
2026-09-16 23:40:14 +0530: Memory Usage (1295520K) : Executing rule M2Fil.a2
2026-09-16 23:40:14 +0530: Memory Usage (1295520K) : Executing rule M3Fil.c
2026-09-16 23:40:14 +0530: Memory Usage (1295520K) : Executing rule M3Fil.a2
2026-09-16 23:40:14 +0530: Memory Usage (1295520K) : Executing rule M4Fil.c
2026-09-16 23:40:14 +0530: Memory Usage (1295520K) : Executing rule M4Fil.a2
2026-09-16 23:40:14 +0530: Memory Usage (1295520K) : Executing rule M5Fil.c
2026-09-16 23:40:14 +0530: Memory Usage (1295520K) : Executing rule M5Fil.a2
2026-09-16 23:40:14 +0530: Memory Usage (1295520K) : Starting 5.19. Via1 table
2026-09-16 23:40:14 +0530: Memory Usage (1295520K) : Starting 5.19. Via1 table derivations
2026-09-16 23:40:14 +0530: Memory Usage (1295520K) : Executing rule V1.a
2026-09-16 23:40:14 +0530: Memory Usage (1295520K) : Executing rule V1.b
2026-09-16 23:40:14 +0530: Memory Usage (1295648K) : Executing rule V1.c
2026-09-16 23:40:15 +0530: Memory Usage (1295516K) : Starting 5.20. Vian table
2026-09-16 23:40:15 +0530: Memory Usage (1295516K) : Executing rule V2.a
2026-09-16 23:40:15 +0530: Memory Usage (1295516K) : Executing rule V2.b
2026-09-16 23:40:15 +0530: Memory Usage (1295772K) : Executing rule V2.c
2026-09-16 23:40:16 +0530: Memory Usage (1303580K) : Executing rule V3.a
2026-09-16 23:40:16 +0530: Memory Usage (1303580K) : Executing rule V3.b
2026-09-16 23:40:16 +0530: Memory Usage (1303708K) : Executing rule V3.c
2026-09-16 23:40:16 +0530: Memory Usage (1303576K) : Executing rule V4.a
2026-09-16 23:40:16 +0530: Memory Usage (1303576K) : Executing rule V4.b
2026-09-16 23:40:16 +0530: Memory Usage (1303704K) : Executing rule V4.c
2026-09-16 23:40:16 +0530: Memory Usage (1303832K) : Starting 5.21. TopVia1 table
2026-09-16 23:40:16 +0530: Memory Usage (1303832K) : Executing rule TV1.a
2026-09-16 23:40:16 +0530: Memory Usage (1303832K) : Executing rule TV1.b
2026-09-16 23:40:16 +0530: Memory Usage (1303704K) : Executing rule TV1.c
2026-09-16 23:40:16 +0530: Memory Usage (1303576K) : Executing rule TV1.d
2026-09-16 23:40:16 +0530: Memory Usage (1303576K) : Starting 5.22. TopMetal1 table
2026-09-16 23:40:16 +0530: Memory Usage (1303576K) : Executing rule TM1.a
2026-09-16 23:40:16 +0530: Memory Usage (1303576K) : Executing rule TM1.b
2026-09-16 23:40:17 +0530: Memory Usage (1303576K) : Starting 5.23 TopMetal1:filler table
2026-09-16 23:40:17 +0530: Memory Usage (1303576K) : Executing rule TM1Fil.c
2026-09-16 23:40:17 +0530: Memory Usage (1303576K) : Executing rule TM1Fil.a1
2026-09-16 23:40:17 +0530: Memory Usage (1303576K) : Starting 5.24. TopVia2 table
2026-09-16 23:40:17 +0530: Memory Usage (1303576K) : Executing rule TV2.a
2026-09-16 23:40:17 +0530: Memory Usage (1303576K) : Executing rule TV2.b
2026-09-16 23:40:17 +0530: Memory Usage (1303576K) : Executing rule TV2.c
2026-09-16 23:40:17 +0530: Memory Usage (1303704K) : Executing rule TV2.d
2026-09-16 23:40:17 +0530: Memory Usage (1303704K) : Starting 5.25. TopMetal2 table
2026-09-16 23:40:17 +0530: Memory Usage (1303704K) : Executing rule TM2.a
2026-09-16 23:40:17 +0530: Memory Usage (1303704K) : Executing rule TM2.b
2026-09-16 23:40:17 +0530: Memory Usage (1303832K) : Starting 5.26 TopMetal2:filler table
2026-09-16 23:40:17 +0530: Memory Usage (1303832K) : Executing rule TM2Fil.c
2026-09-16 23:40:17 +0530: Memory Usage (1303832K) : Executing rule TM2Fil.a1
2026-09-16 23:40:17 +0530: Memory Usage (1303832K) : Starting 5.27. Passiv table
2026-09-16 23:40:17 +0530: Memory Usage (1303832K) : Executing rule Pas.a
2026-09-16 23:40:17 +0530: Memory Usage (1303832K) : Executing rule Pas.b
2026-09-16 23:40:17 +0530: Memory Usage (1303832K) : Executing rule Pas.c
2026-09-16 23:40:17 +0530: Memory Usage (1303832K) : Starting 6.9.2 Copper Pillar table
2026-09-16 23:40:17 +0530: Memory Usage (1303832K) : Executing rule Padc.a
2026-09-16 23:40:17 +0530: Memory Usage (1303832K) : Executing rule Padc.b
2026-09-16 23:40:17 +0530: Memory Usage (1303832K) : Executing rule Padc.c
2026-09-16 23:40:17 +0530: Memory Usage (1303832K) : Executing rule Padb.f
2026-09-16 23:40:17 +0530: Memory Usage (1303832K) : Starting 6.9 Pad table
2026-09-16 23:40:17 +0530: Memory Usage (1303832K) : Executing rule Pad.m
2026-09-16 23:40:17 +0530: Memory Usage (1303832K) : Executing rule Pad.i
2026-09-16 23:40:17 +0530: Memory Usage (1303832K) : Starting 6.9.1 Solder Bump
2026-09-16 23:40:17 +0530: Memory Usage (1303832K) : Executing rule Padb.a
2026-09-16 23:40:17 +0530: Memory Usage (1303832K) : Executing rule Padb.b
2026-09-16 23:40:17 +0530: Memory Usage (1303832K) : Executing rule Padb.c
2026-09-16 23:40:17 +0530: Memory Usage (1303832K) : Executing rule Padb.f
2026-09-16 23:40:18 +0530: Memory Usage (1303832K) : Executing rule Padb.d
2026-09-16 23:40:18 +0530: Memory Usage (1303832K) : Starting 6.10 Sealring table
2026-09-16 23:40:18 +0530: Memory Usage (1303832K) : Executing rule Seal.l
2026-09-16 23:40:18 +0530: Memory Usage (1303832K) : Executing rule Seal.n
2026-09-16 23:40:18 +0530: Memory Usage (1303832K) : Executing rule seal.b_metal1
2026-09-16 23:40:18 +0530: Memory Usage (1303832K) : Executing rule seal.b_metal2
2026-09-16 23:40:18 +0530: Memory Usage (1303832K) : Executing rule seal.b_metal3
2026-09-16 23:40:18 +0530: Memory Usage (1303832K) : Executing rule seal.b_metal4
2026-09-16 23:40:18 +0530: Memory Usage (1303832K) : Executing rule seal.b_metal5
2026-09-16 23:40:18 +0530: Memory Usage (1303832K) : Executing rule seal.b_topmetal1
2026-09-16 23:40:18 +0530: Memory Usage (1303832K) : Executing rule seal.b_topmetal2
2026-09-16 23:40:18 +0530: Memory Usage (1303832K) : Executing rule seal.b_activ
2026-09-16 23:40:18 +0530: Memory Usage (1303832K) : Executing rule seal.b_psd
2026-09-16 23:40:18 +0530: Memory Usage (1303832K) : Executing rule Seal.k
2026-09-16 23:40:18 +0530: Memory Usage (1303832K) : Executing rule Seal.m
2026-09-16 23:40:18 +0530: Memory Usage (1303832K) : Starting 6.11 MIM table
2026-09-16 23:40:18 +0530: Memory Usage (1303832K) : Executing rule MIM.c
2026-09-16 23:40:18 +0530: Memory Usage (1303832K) : Executing rule MIM.d
2026-09-16 23:40:18 +0530: Memory Usage (1303832K) : Starting 7.3 Metal Slits table
2026-09-16 23:40:18 +0530: Memory Usage (1303832K) : Executing rule Slt.e1_M1
2026-09-16 23:40:18 +0530: Memory Usage (1303832K) : Executing rule Slt.e1_M2
2026-09-16 23:40:18 +0530: Memory Usage (1303832K) : Executing rule Slt.e1_M3
2026-09-16 23:40:18 +0530: Memory Usage (1303832K) : Executing rule Slt.e1_M4
2026-09-16 23:40:18 +0530: Memory Usage (1303832K) : Executing rule Slt.e1_M5
2026-09-16 23:40:18 +0530: Memory Usage (1303832K) : Executing rule Slt.e1_TM1
2026-09-16 23:40:18 +0530: Memory Usage (1303832K) : Executing rule Slt.e1_TM2
2026-09-16 23:40:18 +0530: Memory Usage (1303832K) : Starting 9.1. LBE table
2026-09-16 23:40:18 +0530: Memory Usage (1303832K) : Executing rule LBE.a
2026-09-16 23:40:18 +0530: Memory Usage (1303832K) : Executing rule LBE.b
2026-09-16 23:40:18 +0530: Memory Usage (1303832K) : Executing rule LBE.b1
2026-09-16 23:40:18 +0530: Memory Usage (1303832K) : Executing rule LBE.c
2026-09-16 23:40:18 +0530: Memory Usage (1303832K) : Executing rule LBE.d
2026-09-16 23:40:18 +0530: Memory Usage (1303832K) : Executing rule LBE.h
2026-09-16 23:40:18 +0530: Memory Usage (1303832K) : Starting 7.4. PIN table
2026-09-16 23:40:18 +0530: Memory Usage (1303832K) : Executing rule Pin.a
2026-09-16 23:40:18 +0530: Memory Usage (1303832K) : Executing rule Pin.b
2026-09-16 23:40:18 +0530: Memory Usage (1303832K) : Executing rule Pin.e
2026-09-16 23:40:20 +0530: Memory Usage (1318928K) : Executing rule Pin.f_M2
2026-09-16 23:40:20 +0530: Memory Usage (1318928K) : Executing rule Pin.f_M3
2026-09-16 23:40:20 +0530: Memory Usage (1318928K) : Executing rule Pin.f_M4
2026-09-16 23:40:20 +0530: Memory Usage (1318928K) : Executing rule Pin.f_M5
2026-09-16 23:40:20 +0530: Memory Usage (1318928K) : Executing rule Pin.g
2026-09-16 23:40:20 +0530: Memory Usage (1318928K) : Executing rule Pin.h
2026-09-16 23:40:20 +0530: Memory Usage (1318928K) : Starting 3.1. offgrid table
2026-09-16 23:40:20 +0530: Memory Usage (1318928K) : Executing rule activ_drw_Offgrid
2026-09-16 23:40:21 +0530: Memory Usage (1319088K) : Executing rule activ_mask_Offgrid
2026-09-16 23:40:21 +0530: Memory Usage (1319088K) : Executing rule activ_filler_Offgrid
2026-09-16 23:40:21 +0530: Memory Usage (1319088K) : Executing rule activ_opc_Offgrid
2026-09-16 23:40:21 +0530: Memory Usage (1319088K) : Executing rule activ_iopc_Offgrid
2026-09-16 23:40:21 +0530: Memory Usage (1319088K) : Executing rule biwind_drw_Offgrid
2026-09-16 23:40:21 +0530: Memory Usage (1319088K) : Executing rule biwind_opc_Offgrid
2026-09-16 23:40:21 +0530: Memory Usage (1319088K) : Executing rule pemwind_drw_Offgrid
2026-09-16 23:40:21 +0530: Memory Usage (1319088K) : Executing rule gatpoly_drw_Offgrid
2026-09-16 23:40:21 +0530: Memory Usage (1319088K) : Executing rule gatpoly_filler_Offgrid
2026-09-16 23:40:21 +0530: Memory Usage (1319088K) : Executing rule gatpoly_opc_Offgrid
2026-09-16 23:40:21 +0530: Memory Usage (1319088K) : Executing rule gatpoly_iopc_Offgrid
2026-09-16 23:40:21 +0530: Memory Usage (1319088K) : Executing rule gatpoly_noqrc_Offgrid
2026-09-16 23:40:21 +0530: Memory Usage (1319088K) : Executing rule cont_drw_Offgrid
2026-09-16 23:40:28 +0530: Memory Usage (1345328K) : Executing rule cont_opc_Offgrid
2026-09-16 23:40:29 +0530: Memory Usage (1345328K) : Executing rule nsd_drw_Offgrid
2026-09-16 23:40:29 +0530: Memory Usage (1345328K) : Executing rule nsd_block_Offgrid
2026-09-16 23:40:29 +0530: Memory Usage (1345328K) : Executing rule metal1_drw_Offgrid
2026-09-16 23:40:31 +0530: Memory Usage (1345328K) : Executing rule metal1_mask_Offgrid
2026-09-16 23:40:31 +0530: Memory Usage (1345328K) : Executing rule metal1_filler_Offgrid
2026-09-16 23:40:31 +0530: Memory Usage (1345328K) : Executing rule metal1_slit_Offgrid
2026-09-16 23:40:31 +0530: Memory Usage (1345328K) : Executing rule metal1_opc_Offgrid
2026-09-16 23:40:31 +0530: Memory Usage (1345328K) : Executing rule metal1_noqrc_Offgrid
2026-09-16 23:40:31 +0530: Memory Usage (1345328K) : Executing rule metal1_res_Offgrid
2026-09-16 23:40:31 +0530: Memory Usage (1345328K) : Executing rule metal1_iprobe_Offgrid
2026-09-16 23:40:31 +0530: Memory Usage (1345328K) : Executing rule metal1_diffprb_Offgrid
2026-09-16 23:40:31 +0530: Memory Usage (1345328K) : Executing rule passiv_drw_Offgrid
2026-09-16 23:40:31 +0530: Memory Usage (1345328K) : Executing rule passiv_pillar_Offgrid
2026-09-16 23:40:31 +0530: Memory Usage (1345328K) : Executing rule passiv_sbump_Offgrid
2026-09-16 23:40:31 +0530: Memory Usage (1345328K) : Executing rule passiv_pdl_Offgrid
2026-09-16 23:40:31 +0530: Memory Usage (1345328K) : Executing rule metal2_drw_Offgrid
2026-09-16 23:40:33 +0530: Memory Usage (1345328K) : Executing rule metal2_mask_Offgrid
2026-09-16 23:40:33 +0530: Memory Usage (1345328K) : Executing rule metal2_filler_Offgrid
2026-09-16 23:40:33 +0530: Memory Usage (1345328K) : Executing rule metal2_slit_Offgrid
2026-09-16 23:40:33 +0530: Memory Usage (1345328K) : Executing rule metal2_opc_Offgrid
2026-09-16 23:40:33 +0530: Memory Usage (1345328K) : Executing rule metal2_noqrc_Offgrid
2026-09-16 23:40:33 +0530: Memory Usage (1345328K) : Executing rule metal2_res_Offgrid
2026-09-16 23:40:33 +0530: Memory Usage (1345328K) : Executing rule metal2_iprobe_Offgrid
2026-09-16 23:40:33 +0530: Memory Usage (1345328K) : Executing rule metal2_diffprb_Offgrid
2026-09-16 23:40:33 +0530: Memory Usage (1345328K) : Executing rule baspoly_drw_Offgrid
2026-09-16 23:40:33 +0530: Memory Usage (1345328K) : Executing rule psd_drw_Offgrid
2026-09-16 23:40:34 +0530: Memory Usage (1345328K) : Executing rule nldb_drw_Offgrid
2026-09-16 23:40:34 +0530: Memory Usage (1345328K) : Executing rule via1_drw_Offgrid
2026-09-16 23:40:35 +0530: Memory Usage (1345328K) : Executing rule backmetal1_drw_Offgrid
2026-09-16 23:40:35 +0530: Memory Usage (1345328K) : Executing rule backmetal1_mask_Offgrid
2026-09-16 23:40:35 +0530: Memory Usage (1345328K) : Executing rule backmetal1_filler_Offgrid
2026-09-16 23:40:35 +0530: Memory Usage (1345328K) : Executing rule backmetal1_slit_Offgrid
2026-09-16 23:40:35 +0530: Memory Usage (1345328K) : Executing rule backmetal1_opc_Offgrid
2026-09-16 23:40:35 +0530: Memory Usage (1345328K) : Executing rule backmetal1_noqrc_Offgrid
2026-09-16 23:40:35 +0530: Memory Usage (1345328K) : Executing rule backmetal1_res_Offgrid
2026-09-16 23:40:35 +0530: Memory Usage (1345328K) : Executing rule backmetal1_iprobe_Offgrid
2026-09-16 23:40:35 +0530: Memory Usage (1345328K) : Executing rule backmetal1_diffprb_Offgrid
2026-09-16 23:40:35 +0530: Memory Usage (1345328K) : Executing rule backpassiv_drw_Offgrid
2026-09-16 23:40:35 +0530: Memory Usage (1345328K) : Executing rule salblock_drw_Offgrid
2026-09-16 23:40:35 +0530: Memory Usage (1345328K) : Executing rule via2_drw_Offgrid
2026-09-16 23:40:36 +0530: Memory Usage (1345328K) : Executing rule metal3_drw_Offgrid
2026-09-16 23:40:36 +0530: Memory Usage (1345328K) : Executing rule metal3_mask_Offgrid
2026-09-16 23:40:36 +0530: Memory Usage (1345328K) : Executing rule metal3_filler_Offgrid
2026-09-16 23:40:36 +0530: Memory Usage (1345328K) : Executing rule metal3_slit_Offgrid
2026-09-16 23:40:36 +0530: Memory Usage (1345328K) : Executing rule metal3_opc_Offgrid
2026-09-16 23:40:36 +0530: Memory Usage (1345328K) : Executing rule metal3_noqrc_Offgrid
2026-09-16 23:40:37 +0530: Memory Usage (1345328K) : Executing rule metal3_res_Offgrid
2026-09-16 23:40:37 +0530: Memory Usage (1345328K) : Executing rule metal3_iprobe_Offgrid
2026-09-16 23:40:37 +0530: Memory Usage (1345328K) : Executing rule metal3_diffprb_Offgrid
2026-09-16 23:40:37 +0530: Memory Usage (1345328K) : Executing rule nwell_drw_Offgrid
2026-09-16 23:40:37 +0530: Memory Usage (1345328K) : Executing rule nbulay_drw_Offgrid
2026-09-16 23:40:37 +0530: Memory Usage (1345328K) : Executing rule nbulay_block_Offgrid
2026-09-16 23:40:37 +0530: Memory Usage (1345328K) : Executing rule pwell_drw_Offgrid
2026-09-16 23:40:37 +0530: Memory Usage (1345328K) : Executing rule pwell_block_Offgrid
2026-09-16 23:40:37 +0530: Memory Usage (1345328K) : Executing rule emwind_drw_Offgrid
2026-09-16 23:40:37 +0530: Memory Usage (1345328K) : Executing rule emwind_opc_Offgrid
2026-09-16 23:40:37 +0530: Memory Usage (1345328K) : Executing rule deepco_drw_Offgrid
2026-09-16 23:40:37 +0530: Memory Usage (1345328K) : Executing rule mim_drw_Offgrid
2026-09-16 23:40:38 +0530: Memory Usage (1345328K) : Executing rule substrate_drw_Offgrid
2026-09-16 23:40:38 +0530: Memory Usage (1345328K) : Executing rule ic_drw_Offgrid
2026-09-16 23:40:38 +0530: Memory Usage (1345328K) : Executing rule via3_drw_Offgrid
2026-09-16 23:40:38 +0530: Memory Usage (1345328K) : Executing rule pldb_drw_Offgrid
2026-09-16 23:40:38 +0530: Memory Usage (1345328K) : Executing rule metal4_drw_Offgrid
2026-09-16 23:40:38 +0530: Memory Usage (1345328K) : Executing rule metal4_mask_Offgrid
2026-09-16 23:40:38 +0530: Memory Usage (1345328K) : Executing rule metal4_filler_Offgrid
2026-09-16 23:40:38 +0530: Memory Usage (1345328K) : Executing rule metal4_slit_Offgrid
2026-09-16 23:40:38 +0530: Memory Usage (1345328K) : Executing rule metal4_opc_Offgrid
2026-09-16 23:40:38 +0530: Memory Usage (1345328K) : Executing rule metal4_noqrc_Offgrid
2026-09-16 23:40:38 +0530: Memory Usage (1345328K) : Executing rule metal4_res_Offgrid
2026-09-16 23:40:38 +0530: Memory Usage (1345328K) : Executing rule metal4_iprobe_Offgrid
2026-09-16 23:40:38 +0530: Memory Usage (1345328K) : Executing rule metal4_diffprb_Offgrid
2026-09-16 23:40:38 +0530: Memory Usage (1345328K) : Executing rule via4_drw_Offgrid
2026-09-16 23:40:39 +0530: Memory Usage (1345328K) : Executing rule metal5_drw_Offgrid
2026-09-16 23:40:39 +0530: Memory Usage (1345328K) : Executing rule metal5_mask_Offgrid
2026-09-16 23:40:39 +0530: Memory Usage (1345328K) : Executing rule metal5_filler_Offgrid
2026-09-16 23:40:39 +0530: Memory Usage (1345328K) : Executing rule metal5_slit_Offgrid
2026-09-16 23:40:39 +0530: Memory Usage (1345328K) : Executing rule metal5_opc_Offgrid
2026-09-16 23:40:39 +0530: Memory Usage (1345328K) : Executing rule metal5_noqrc_Offgrid
2026-09-16 23:40:39 +0530: Memory Usage (1345328K) : Executing rule metal5_res_Offgrid
2026-09-16 23:40:39 +0530: Memory Usage (1345328K) : Executing rule metal5_iprobe_Offgrid
2026-09-16 23:40:39 +0530: Memory Usage (1345328K) : Executing rule metal5_diffprb_Offgrid
2026-09-16 23:40:39 +0530: Memory Usage (1345328K) : Executing rule prboundary_drw_Offgrid
2026-09-16 23:40:39 +0530: Memory Usage (1345328K) : Executing rule exchange0_drw_Offgrid
2026-09-16 23:40:39 +0530: Memory Usage (1345328K) : Executing rule exchange1_drw_Offgrid
2026-09-16 23:40:39 +0530: Memory Usage (1345328K) : Executing rule exchange2_drw_Offgrid
2026-09-16 23:40:39 +0530: Memory Usage (1345328K) : Executing rule exchange3_drw_Offgrid
2026-09-16 23:40:39 +0530: Memory Usage (1345328K) : Executing rule exchange4_drw_Offgrid
2026-09-16 23:40:39 +0530: Memory Usage (1345328K) : Executing rule isonwell_drw_Offgrid
2026-09-16 23:40:39 +0530: Memory Usage (1345328K) : Executing rule thickgateox_drw_Offgrid
2026-09-16 23:40:39 +0530: Memory Usage (1345328K) : Executing rule pempoly_drw_Offgrid
2026-09-16 23:40:39 +0530: Memory Usage (1345328K) : Executing rule fbe_drw_Offgrid
2026-09-16 23:40:39 +0530: Memory Usage (1345328K) : Executing rule empoly_drw_Offgrid
2026-09-16 23:40:40 +0530: Memory Usage (1345328K) : Executing rule ldmos_drw_Offgrid
2026-09-16 23:40:40 +0530: Memory Usage (1345328K) : Executing rule pbiwind_drw_Offgrid
2026-09-16 23:40:40 +0530: Memory Usage (1345328K) : Executing rule colopen_drw_Offgrid
2026-09-16 23:40:40 +0530: Memory Usage (1345328K) : Executing rule extblock_drw_Offgrid
2026-09-16 23:40:40 +0530: Memory Usage (1345328K) : Executing rule nldd_drw_Offgrid
2026-09-16 23:40:40 +0530: Memory Usage (1345328K) : Executing rule pldd_drw_Offgrid
2026-09-16 23:40:40 +0530: Memory Usage (1345328K) : Executing rule next_drw_Offgrid
2026-09-16 23:40:40 +0530: Memory Usage (1345328K) : Executing rule pext_drw_Offgrid
2026-09-16 23:40:40 +0530: Memory Usage (1345328K) : Executing rule nexthv_drw_Offgrid
2026-09-16 23:40:40 +0530: Memory Usage (1345328K) : Executing rule pexthv_drw_Offgrid
2026-09-16 23:40:40 +0530: Memory Usage (1345328K) : Executing rule graphgate_drw_Offgrid
2026-09-16 23:40:40 +0530: Memory Usage (1345328K) : Executing rule mempad_drw_Offgrid
2026-09-16 23:40:40 +0530: Memory Usage (1345328K) : Executing rule topvia1_drw_Offgrid
2026-09-16 23:40:40 +0530: Memory Usage (1345328K) : Executing rule topmetal1_drw_Offgrid
2026-09-16 23:40:40 +0530: Memory Usage (1345328K) : Executing rule topmetal1_mask_Offgrid
2026-09-16 23:40:40 +0530: Memory Usage (1345328K) : Executing rule topmetal1_filler_Offgrid
2026-09-16 23:40:41 +0530: Memory Usage (1345328K) : Executing rule topmetal1_slit_Offgrid
2026-09-16 23:40:41 +0530: Memory Usage (1345328K) : Executing rule topmetal1_noqrc_Offgrid
2026-09-16 23:40:41 +0530: Memory Usage (1345328K) : Executing rule topmetal1_res_Offgrid
2026-09-16 23:40:41 +0530: Memory Usage (1345328K) : Executing rule topmetal1_iprobe_Offgrid
2026-09-16 23:40:41 +0530: Memory Usage (1345328K) : Executing rule topmetal1_diffprb_Offgrid
2026-09-16 23:40:41 +0530: Memory Usage (1345328K) : Executing rule inldpwl_drw_Offgrid
2026-09-16 23:40:41 +0530: Memory Usage (1345328K) : Executing rule polyres_drw_Offgrid
2026-09-16 23:40:41 +0530: Memory Usage (1345328K) : Executing rule vmim_drw_Offgrid
2026-09-16 23:40:41 +0530: Memory Usage (1345328K) : Executing rule nbulaycut_drw_Offgrid
2026-09-16 23:40:41 +0530: Memory Usage (1345328K) : Executing rule antmetal1_drw_Offgrid
2026-09-16 23:40:41 +0530: Memory Usage (1345328K) : Executing rule topvia2_drw_Offgrid
2026-09-16 23:40:41 +0530: Memory Usage (1345328K) : Executing rule topmetal2_drw_Offgrid
2026-09-16 23:40:41 +0530: Memory Usage (1345328K) : Executing rule topmetal2_mask_Offgrid
2026-09-16 23:40:41 +0530: Memory Usage (1345328K) : Executing rule topmetal2_filler_Offgrid
2026-09-16 23:40:41 +0530: Memory Usage (1345328K) : Executing rule topmetal2_slit_Offgrid
2026-09-16 23:40:41 +0530: Memory Usage (1345328K) : Executing rule topmetal2_noqrc_Offgrid
2026-09-16 23:40:41 +0530: Memory Usage (1345328K) : Executing rule topmetal2_res_Offgrid
2026-09-16 23:40:42 +0530: Memory Usage (1345328K) : Executing rule topmetal2_iprobe_Offgrid
2026-09-16 23:40:42 +0530: Memory Usage (1345328K) : Executing rule topmetal2_diffprb_Offgrid
2026-09-16 23:40:42 +0530: Memory Usage (1345328K) : Executing rule snsring_drw_Offgrid
2026-09-16 23:40:42 +0530: Memory Usage (1345328K) : Executing rule sensor_drw_Offgrid
2026-09-16 23:40:42 +0530: Memory Usage (1345328K) : Executing rule snsarms_drw_Offgrid
2026-09-16 23:40:42 +0530: Memory Usage (1345328K) : Executing rule snscmosvia_drw_Offgrid
2026-09-16 23:40:42 +0530: Memory Usage (1345328K) : Executing rule colwind_drw_Offgrid
2026-09-16 23:40:42 +0530: Memory Usage (1345328K) : Executing rule flm_drw_Offgrid
2026-09-16 23:40:42 +0530: Memory Usage (1345328K) : Executing rule hafniumox_drw_Offgrid
2026-09-16 23:40:42 +0530: Memory Usage (1345328K) : Executing rule memvia_drw_Offgrid
2026-09-16 23:40:42 +0530: Memory Usage (1345328K) : Executing rule thinfilmres_drw_Offgrid
2026-09-16 23:40:42 +0530: Memory Usage (1345328K) : Executing rule rfmem_drw_Offgrid
2026-09-16 23:40:42 +0530: Memory Usage (1345328K) : Executing rule snsbotvia_drw_Offgrid
2026-09-16 23:40:42 +0530: Memory Usage (1345328K) : Executing rule snstopvia_drw_Offgrid
2026-09-16 23:40:42 +0530: Memory Usage (1345328K) : Executing rule deepvia_drw_Offgrid
2026-09-16 23:40:42 +0530: Memory Usage (1345328K) : Executing rule fgetch_drw_Offgrid
2026-09-16 23:40:42 +0530: Memory Usage (1345328K) : Executing rule ctrgat_drw_Offgrid
2026-09-16 23:40:42 +0530: Memory Usage (1345328K) : Executing rule fgimp_drw_Offgrid
2026-09-16 23:40:42 +0530: Memory Usage (1345328K) : Executing rule emwihv_drw_Offgrid
2026-09-16 23:40:42 +0530: Memory Usage (1345328K) : Executing rule lbe_drw_Offgrid
2026-09-16 23:40:42 +0530: Memory Usage (1345328K) : Executing rule alcustop_drw_Offgrid
2026-09-16 23:40:43 +0530: Memory Usage (1345328K) : Starting 3.2. angle table
2026-09-16 23:40:43 +0530: Memory Usage (1345328K) : Executing rule activ_drw_Acute
2026-09-16 23:40:43 +0530: Memory Usage (1345328K) : Executing rule activ_pin_Acute
2026-09-16 23:40:43 +0530: Memory Usage (1345328K) : Executing rule activ_mask_Acute
2026-09-16 23:40:43 +0530: Memory Usage (1345328K) : Executing rule activ_filler_Acute
2026-09-16 23:40:43 +0530: Memory Usage (1345328K) : Executing rule activ_nofill_Acute
2026-09-16 23:40:43 +0530: Memory Usage (1345328K) : Executing rule activ_opc_Acute
2026-09-16 23:40:44 +0530: Memory Usage (1345328K) : Executing rule activ_iopc_Acute
2026-09-16 23:40:44 +0530: Memory Usage (1345328K) : Executing rule activ_noqrc_Acute
2026-09-16 23:40:44 +0530: Memory Usage (1345328K) : Executing rule biwind_drw_Acute
2026-09-16 23:40:44 +0530: Memory Usage (1345328K) : Executing rule biwind_opc_Acute
2026-09-16 23:40:44 +0530: Memory Usage (1345328K) : Executing rule pemwind_drw_Acute
2026-09-16 23:40:44 +0530: Memory Usage (1345328K) : Executing rule gatpoly_drw_Acute
2026-09-16 23:40:44 +0530: Memory Usage (1345328K) : Executing rule gatpoly_pin_Acute
2026-09-16 23:40:44 +0530: Memory Usage (1345328K) : Executing rule gatpoly_filler_Acute
2026-09-16 23:40:44 +0530: Memory Usage (1345328K) : Executing rule gatpoly_nofill_Acute
2026-09-16 23:40:44 +0530: Memory Usage (1345328K) : Executing rule gatpoly_opc_Acute
2026-09-16 23:40:44 +0530: Memory Usage (1345328K) : Executing rule gatpoly_iopc_Acute
2026-09-16 23:40:44 +0530: Memory Usage (1345328K) : Executing rule gatpoly_noqrc_Acute
2026-09-16 23:40:44 +0530: Memory Usage (1345328K) : Executing rule cont_drw_Acute
2026-09-16 23:40:49 +0530: Memory Usage (1346564K) : Executing rule cont_opc_Acute
2026-09-16 23:40:49 +0530: Memory Usage (1346564K) : Executing rule nsd_drw_Acute
2026-09-16 23:40:49 +0530: Memory Usage (1346564K) : Executing rule nsd_block_Acute
2026-09-16 23:40:49 +0530: Memory Usage (1346564K) : Executing rule metal1_drw_Acute
2026-09-16 23:40:52 +0530: Memory Usage (1346564K) : Executing rule metal1_pin_Acute
2026-09-16 23:40:53 +0530: Memory Usage (1346260K) : Executing rule metal1_mask_Acute
2026-09-16 23:40:53 +0530: Memory Usage (1346260K) : Executing rule metal1_filler_Acute
2026-09-16 23:40:53 +0530: Memory Usage (1346260K) : Executing rule metal1_nofill_Acute
2026-09-16 23:40:53 +0530: Memory Usage (1346260K) : Executing rule metal1_slit_Acute
2026-09-16 23:40:53 +0530: Memory Usage (1346260K) : Executing rule metal1_opc_Acute
2026-09-16 23:40:53 +0530: Memory Usage (1346260K) : Executing rule metal1_noqrc_Acute
2026-09-16 23:40:53 +0530: Memory Usage (1346260K) : Executing rule metal1_res_Acute
2026-09-16 23:40:54 +0530: Memory Usage (1346260K) : Executing rule metal1_iprobe_Acute
2026-09-16 23:40:54 +0530: Memory Usage (1346260K) : Executing rule metal1_diffprb_Acute
2026-09-16 23:40:54 +0530: Memory Usage (1346260K) : Executing rule passiv_drw_Acute
2026-09-16 23:40:54 +0530: Memory Usage (1346260K) : Executing rule passiv_pin_Acute
2026-09-16 23:40:54 +0530: Memory Usage (1346260K) : Executing rule passiv_pillar_Acute
2026-09-16 23:40:54 +0530: Memory Usage (1346260K) : Executing rule passiv_sbump_Acute
2026-09-16 23:40:54 +0530: Memory Usage (1346260K) : Executing rule passiv_pdl_Acute
2026-09-16 23:40:54 +0530: Memory Usage (1346260K) : Executing rule metal2_drw_Acute
2026-09-16 23:40:55 +0530: Memory Usage (1346260K) : Executing rule metal2_pin_Acute
2026-09-16 23:40:56 +0530: Memory Usage (1346260K) : Executing rule metal2_mask_Acute
2026-09-16 23:40:56 +0530: Memory Usage (1346260K) : Executing rule metal2_filler_Acute
2026-09-16 23:40:56 +0530: Memory Usage (1346260K) : Executing rule metal2_nofill_Acute
2026-09-16 23:40:56 +0530: Memory Usage (1346260K) : Executing rule metal2_slit_Acute
2026-09-16 23:40:56 +0530: Memory Usage (1346260K) : Executing rule metal2_opc_Acute
2026-09-16 23:40:56 +0530: Memory Usage (1346260K) : Executing rule metal2_noqrc_Acute
2026-09-16 23:40:56 +0530: Memory Usage (1346260K) : Executing rule metal2_res_Acute
2026-09-16 23:40:56 +0530: Memory Usage (1346260K) : Executing rule metal2_iprobe_Acute
2026-09-16 23:40:56 +0530: Memory Usage (1346260K) : Executing rule metal2_diffprb_Acute
2026-09-16 23:40:56 +0530: Memory Usage (1346260K) : Executing rule baspoly_drw_Acute
2026-09-16 23:40:56 +0530: Memory Usage (1346260K) : Executing rule baspoly_pin_Acute
2026-09-16 23:40:56 +0530: Memory Usage (1346260K) : Executing rule psd_drw_Acute
2026-09-16 23:40:57 +0530: Memory Usage (1346260K) : Executing rule nldb_drw_Acute
2026-09-16 23:40:57 +0530: Memory Usage (1346260K) : Executing rule via1_drw_Acute
2026-09-16 23:40:57 +0530: Memory Usage (1346260K) : Executing rule backmetal1_drw_Acute
2026-09-16 23:40:57 +0530: Memory Usage (1346260K) : Executing rule backmetal1_pin_Acute
2026-09-16 23:40:58 +0530: Memory Usage (1346260K) : Executing rule backmetal1_mask_Acute
2026-09-16 23:40:58 +0530: Memory Usage (1346260K) : Executing rule backmetal1_filler_Acute
2026-09-16 23:40:58 +0530: Memory Usage (1346260K) : Executing rule backmetal1_nofill_Acute
2026-09-16 23:40:58 +0530: Memory Usage (1346260K) : Executing rule backmetal1_slit_Acute
2026-09-16 23:40:58 +0530: Memory Usage (1346260K) : Executing rule backmetal1_opc_Acute
2026-09-16 23:40:58 +0530: Memory Usage (1346260K) : Executing rule backmetal1_noqrc_Acute
2026-09-16 23:40:58 +0530: Memory Usage (1346260K) : Executing rule backmetal1_res_Acute
2026-09-16 23:40:58 +0530: Memory Usage (1346260K) : Executing rule backmetal1_iprobe_Acute
2026-09-16 23:40:58 +0530: Memory Usage (1346260K) : Executing rule backmetal1_diffprb_Acute
2026-09-16 23:40:58 +0530: Memory Usage (1346260K) : Executing rule backpassiv_drw_Acute
2026-09-16 23:40:58 +0530: Memory Usage (1346260K) : Executing rule salblock_drw_Acute
2026-09-16 23:40:58 +0530: Memory Usage (1346260K) : Executing rule via2_drw_Acute
2026-09-16 23:40:59 +0530: Memory Usage (1346260K) : Executing rule metal3_drw_Acute
2026-09-16 23:40:59 +0530: Memory Usage (1346260K) : Executing rule metal3_pin_Acute
2026-09-16 23:40:59 +0530: Memory Usage (1346260K) : Executing rule metal3_mask_Acute
2026-09-16 23:41:00 +0530: Memory Usage (1346260K) : Executing rule metal3_filler_Acute
2026-09-16 23:41:00 +0530: Memory Usage (1346260K) : Executing rule metal3_nofill_Acute
2026-09-16 23:41:00 +0530: Memory Usage (1346260K) : Executing rule metal3_slit_Acute
2026-09-16 23:41:00 +0530: Memory Usage (1346260K) : Executing rule metal3_opc_Acute
2026-09-16 23:41:00 +0530: Memory Usage (1346260K) : Executing rule metal3_noqrc_Acute
2026-09-16 23:41:00 +0530: Memory Usage (1346260K) : Executing rule metal3_res_Acute
2026-09-16 23:41:00 +0530: Memory Usage (1346260K) : Executing rule metal3_iprobe_Acute
2026-09-16 23:41:00 +0530: Memory Usage (1346260K) : Executing rule metal3_diffprb_Acute
2026-09-16 23:41:00 +0530: Memory Usage (1346260K) : Executing rule nwell_drw_Acute
2026-09-16 23:41:00 +0530: Memory Usage (1346260K) : Executing rule nwell_pin_Acute
2026-09-16 23:41:01 +0530: Memory Usage (1346260K) : Executing rule nbulay_drw_Acute
2026-09-16 23:41:01 +0530: Memory Usage (1346260K) : Executing rule nbulay_pin_Acute
2026-09-16 23:41:01 +0530: Memory Usage (1346260K) : Executing rule nbulay_block_Acute
2026-09-16 23:41:01 +0530: Memory Usage (1346260K) : Executing rule pwell_drw_Acute
2026-09-16 23:41:01 +0530: Memory Usage (1346260K) : Executing rule pwell_pin_Acute
2026-09-16 23:41:01 +0530: Memory Usage (1346260K) : Executing rule pwell_block_Acute
2026-09-16 23:41:01 +0530: Memory Usage (1346260K) : Executing rule emwind_drw_Acute
2026-09-16 23:41:01 +0530: Memory Usage (1346260K) : Executing rule emwind_opc_Acute
2026-09-16 23:41:01 +0530: Memory Usage (1346260K) : Executing rule deepco_drw_Acute
2026-09-16 23:41:01 +0530: Memory Usage (1346260K) : Executing rule mim_drw_Acute
2026-09-16 23:41:01 +0530: Memory Usage (1346260K) : Executing rule substrate_drw_Acute
2026-09-16 23:41:01 +0530: Memory Usage (1346260K) : Executing rule ic_drw_Acute
2026-09-16 23:41:01 +0530: Memory Usage (1346260K) : Executing rule via3_drw_Acute
2026-09-16 23:41:01 +0530: Memory Usage (1346260K) : Executing rule pldb_drw_Acute
2026-09-16 23:41:02 +0530: Memory Usage (1346260K) : Executing rule metal4_drw_Acute
2026-09-16 23:41:02 +0530: Memory Usage (1346260K) : Executing rule metal4_pin_Acute
2026-09-16 23:41:02 +0530: Memory Usage (1346260K) : Executing rule metal4_mask_Acute
2026-09-16 23:41:02 +0530: Memory Usage (1346260K) : Executing rule metal4_filler_Acute
2026-09-16 23:41:02 +0530: Memory Usage (1346260K) : Executing rule metal4_nofill_Acute
2026-09-16 23:41:02 +0530: Memory Usage (1346260K) : Executing rule metal4_slit_Acute
2026-09-16 23:41:02 +0530: Memory Usage (1346260K) : Executing rule metal4_opc_Acute
2026-09-16 23:41:02 +0530: Memory Usage (1346260K) : Executing rule metal4_noqrc_Acute
2026-09-16 23:41:02 +0530: Memory Usage (1346260K) : Executing rule metal4_res_Acute
2026-09-16 23:41:02 +0530: Memory Usage (1346260K) : Executing rule metal4_iprobe_Acute
2026-09-16 23:41:02 +0530: Memory Usage (1346260K) : Executing rule metal4_diffprb_Acute
2026-09-16 23:41:02 +0530: Memory Usage (1346260K) : Executing rule via4_drw_Acute
2026-09-16 23:41:03 +0530: Memory Usage (1346260K) : Executing rule metal5_drw_Acute
2026-09-16 23:41:03 +0530: Memory Usage (1346260K) : Executing rule metal5_pin_Acute
2026-09-16 23:41:03 +0530: Memory Usage (1346260K) : Executing rule metal5_mask_Acute
2026-09-16 23:41:03 +0530: Memory Usage (1346260K) : Executing rule metal5_filler_Acute
2026-09-16 23:41:03 +0530: Memory Usage (1346260K) : Executing rule metal5_nofill_Acute
2026-09-16 23:41:03 +0530: Memory Usage (1346260K) : Executing rule metal5_slit_Acute
2026-09-16 23:41:03 +0530: Memory Usage (1346260K) : Executing rule metal5_opc_Acute
2026-09-16 23:41:03 +0530: Memory Usage (1346260K) : Executing rule metal5_noqrc_Acute
2026-09-16 23:41:03 +0530: Memory Usage (1346260K) : Executing rule metal5_res_Acute
2026-09-16 23:41:03 +0530: Memory Usage (1346260K) : Executing rule metal5_iprobe_Acute
2026-09-16 23:41:03 +0530: Memory Usage (1346260K) : Executing rule metal5_diffprb_Acute
2026-09-16 23:41:03 +0530: Memory Usage (1346260K) : Executing rule prboundary_drw_Acute
2026-09-16 23:41:03 +0530: Memory Usage (1346260K) : Executing rule exchange0_drw_Acute
2026-09-16 23:41:04 +0530: Memory Usage (1346260K) : Executing rule exchange0_pin_Acute
2026-09-16 23:41:04 +0530: Memory Usage (1346260K) : Executing rule exchange1_drw_Acute
2026-09-16 23:41:04 +0530: Memory Usage (1346260K) : Executing rule exchange1_pin_Acute
2026-09-16 23:41:04 +0530: Memory Usage (1346260K) : Executing rule exchange2_drw_Acute
2026-09-16 23:41:04 +0530: Memory Usage (1346260K) : Executing rule exchange2_pin_Acute
2026-09-16 23:41:04 +0530: Memory Usage (1346260K) : Executing rule exchange3_drw_Acute
2026-09-16 23:41:04 +0530: Memory Usage (1346260K) : Executing rule exchange3_pin_Acute
2026-09-16 23:41:04 +0530: Memory Usage (1346260K) : Executing rule exchange4_drw_Acute
2026-09-16 23:41:04 +0530: Memory Usage (1346260K) : Executing rule exchange4_pin_Acute
2026-09-16 23:41:04 +0530: Memory Usage (1346260K) : Executing rule isonwell_drw_Acute
2026-09-16 23:41:04 +0530: Memory Usage (1346260K) : Executing rule thickgateox_drw_Acute
2026-09-16 23:41:04 +0530: Memory Usage (1346260K) : Executing rule pempoly_drw_Acute
2026-09-16 23:41:04 +0530: Memory Usage (1346260K) : Executing rule fbe_drw_Acute
2026-09-16 23:41:04 +0530: Memory Usage (1346260K) : Executing rule empoly_drw_Acute
2026-09-16 23:41:04 +0530: Memory Usage (1346260K) : Executing rule ldmos_drw_Acute
2026-09-16 23:41:05 +0530: Memory Usage (1346260K) : Executing rule pbiwind_drw_Acute
2026-09-16 23:41:05 +0530: Memory Usage (1346260K) : Executing rule colopen_drw_Acute
2026-09-16 23:41:05 +0530: Memory Usage (1346260K) : Executing rule extblock_drw_Acute
2026-09-16 23:41:05 +0530: Memory Usage (1346260K) : Executing rule nldd_drw_Acute
2026-09-16 23:41:05 +0530: Memory Usage (1346260K) : Executing rule pldd_drw_Acute
2026-09-16 23:41:05 +0530: Memory Usage (1346260K) : Executing rule next_drw_Acute
2026-09-16 23:41:05 +0530: Memory Usage (1346260K) : Executing rule pext_drw_Acute
2026-09-16 23:41:05 +0530: Memory Usage (1346260K) : Executing rule nexthv_drw_Acute
2026-09-16 23:41:05 +0530: Memory Usage (1346260K) : Executing rule pexthv_drw_Acute
2026-09-16 23:41:05 +0530: Memory Usage (1346260K) : Executing rule graphgate_drw_Acute
2026-09-16 23:41:05 +0530: Memory Usage (1346260K) : Executing rule mempad_drw_Acute
2026-09-16 23:41:05 +0530: Memory Usage (1346260K) : Executing rule topvia1_drw_Acute
2026-09-16 23:41:05 +0530: Memory Usage (1346260K) : Executing rule topmetal1_drw_Acute
2026-09-16 23:41:05 +0530: Memory Usage (1346260K) : Executing rule topmetal1_pin_Acute
2026-09-16 23:41:05 +0530: Memory Usage (1346260K) : Executing rule topmetal1_mask_Acute
2026-09-16 23:41:06 +0530: Memory Usage (1346260K) : Executing rule topmetal1_filler_Acute
2026-09-16 23:41:06 +0530: Memory Usage (1346260K) : Executing rule topmetal1_nofill_Acute
2026-09-16 23:41:06 +0530: Memory Usage (1346260K) : Executing rule topmetal1_slit_Acute
2026-09-16 23:41:06 +0530: Memory Usage (1346260K) : Executing rule topmetal1_noqrc_Acute
2026-09-16 23:41:06 +0530: Memory Usage (1346260K) : Executing rule topmetal1_res_Acute
2026-09-16 23:41:06 +0530: Memory Usage (1346260K) : Executing rule topmetal1_iprobe_Acute
2026-09-16 23:41:06 +0530: Memory Usage (1346260K) : Executing rule topmetal1_diffprb_Acute
2026-09-16 23:41:06 +0530: Memory Usage (1346260K) : Executing rule inldpwl_drw_Acute
2026-09-16 23:41:06 +0530: Memory Usage (1346260K) : Executing rule polyres_drw_Acute
2026-09-16 23:41:06 +0530: Memory Usage (1346260K) : Executing rule polyres_pin_Acute
2026-09-16 23:41:06 +0530: Memory Usage (1346260K) : Executing rule vmim_drw_Acute
2026-09-16 23:41:06 +0530: Memory Usage (1346260K) : Executing rule nbulaycut_drw_Acute
2026-09-16 23:41:06 +0530: Memory Usage (1346260K) : Executing rule antmetal1_drw_Acute
2026-09-16 23:41:06 +0530: Memory Usage (1346260K) : Executing rule topvia2_drw_Acute
2026-09-16 23:41:06 +0530: Memory Usage (1346260K) : Executing rule topmetal2_drw_Acute
2026-09-16 23:41:07 +0530: Memory Usage (1346260K) : Executing rule topmetal2_pin_Acute
2026-09-16 23:41:07 +0530: Memory Usage (1346260K) : Executing rule topmetal2_mask_Acute
2026-09-16 23:41:07 +0530: Memory Usage (1346260K) : Executing rule topmetal2_filler_Acute
2026-09-16 23:41:07 +0530: Memory Usage (1346260K) : Executing rule topmetal2_nofill_Acute
2026-09-16 23:41:07 +0530: Memory Usage (1346260K) : Executing rule topmetal2_slit_Acute
2026-09-16 23:41:07 +0530: Memory Usage (1346260K) : Executing rule topmetal2_noqrc_Acute
2026-09-16 23:41:07 +0530: Memory Usage (1346260K) : Executing rule topmetal2_res_Acute
2026-09-16 23:41:07 +0530: Memory Usage (1346260K) : Executing rule topmetal2_iprobe_Acute
2026-09-16 23:41:07 +0530: Memory Usage (1346260K) : Executing rule topmetal2_diffprb_Acute
2026-09-16 23:41:07 +0530: Memory Usage (1346260K) : Executing rule snsring_drw_Acute
2026-09-16 23:41:07 +0530: Memory Usage (1346260K) : Executing rule sensor_drw_Acute
2026-09-16 23:41:07 +0530: Memory Usage (1346260K) : Executing rule snsarms_drw_Acute
2026-09-16 23:41:08 +0530: Memory Usage (1346260K) : Executing rule snscmosvia_drw_Acute
2026-09-16 23:41:08 +0530: Memory Usage (1346260K) : Executing rule colwind_drw_Acute
2026-09-16 23:41:08 +0530: Memory Usage (1346260K) : Executing rule flm_drw_Acute
2026-09-16 23:41:08 +0530: Memory Usage (1346260K) : Executing rule hafniumox_drw_Acute
2026-09-16 23:41:08 +0530: Memory Usage (1346260K) : Executing rule memvia_drw_Acute
2026-09-16 23:41:08 +0530: Memory Usage (1346260K) : Executing rule thinfilmres_drw_Acute
2026-09-16 23:41:08 +0530: Memory Usage (1346260K) : Executing rule rfmem_drw_Acute
2026-09-16 23:41:08 +0530: Memory Usage (1346260K) : Executing rule snsbotvia_drw_Acute
2026-09-16 23:41:08 +0530: Memory Usage (1346260K) : Executing rule snstopvia_drw_Acute
2026-09-16 23:41:08 +0530: Memory Usage (1346260K) : Executing rule deepvia_drw_Acute
2026-09-16 23:41:08 +0530: Memory Usage (1346260K) : Executing rule fgetch_drw_Acute
2026-09-16 23:41:09 +0530: Memory Usage (1346260K) : Executing rule ctrgat_drw_Acute
2026-09-16 23:41:09 +0530: Memory Usage (1346260K) : Executing rule fgimp_drw_Acute
2026-09-16 23:41:09 +0530: Memory Usage (1346260K) : Executing rule emwihv_drw_Acute
2026-09-16 23:41:09 +0530: Memory Usage (1346260K) : Executing rule lbe_drw_Acute
2026-09-16 23:41:09 +0530: Memory Usage (1346260K) : Executing rule alcustop_drw_Acute
2026-09-16 23:41:09 +0530: Memory Usage (1346260K) : Executing rule cont_drw_Angle90
2026-09-16 23:41:22 +0530: Memory Usage (2001748K) : Executing rule via1_drw_Angle90
2026-09-16 23:41:23 +0530: Memory Usage (2001876K) : Executing rule via2_drw_Angle90
2026-09-16 23:41:23 +0530: Memory Usage (1842864K) : Executing rule via3_drw_Angle90
2026-09-16 23:41:23 +0530: Memory Usage (1842736K) : Executing rule via4_drw_Angle90
2026-09-16 23:41:23 +0530: Memory Usage (1842864K) : Executing rule vmim_drw_Angle90
2026-09-16 23:41:24 +0530: Memory Usage (1842864K) : Executing rule topvia1_drw_Angle90
2026-09-16 23:41:24 +0530: Memory Usage (1842732K) : Executing rule topvia2_drw_Angle90
2026-09-16 23:41:24 +0530: Memory Usage (1842860K) : Executing rule gatpoly_drw_Angle45
2026-09-16 23:41:24 +0530: Memory Usage (1842860K) : Executing rule activ_drw_Angle45
2026-09-16 23:41:28 +0530: Memory Usage (1868716K) : Executing rule metal1_drw_Angle45
2026-09-16 23:41:39 +0530: Memory Usage (1858800K) : Executing rule metal2_drw_Angle45
2026-09-16 23:41:43 +0530: Memory Usage (1813612K) : Executing rule metal3_drw_Angle45
2026-09-16 23:41:45 +0530: Memory Usage (1838444K) : Executing rule metal4_drw_Angle45
2026-09-16 23:41:45 +0530: Memory Usage (1838444K) : Executing rule metal5_drw_Angle45
2026-09-16 23:41:45 +0530: Memory Usage (1839468K) : Executing rule topmetal1_drw_Angle45
2026-09-16 23:41:46 +0530: Memory Usage (1839468K) : Executing rule topmetal2_drw_Angle45
2026-09-16 23:41:46 +0530: Memory Usage (1839596K) : Starting 3.2. FORBIDDEN table
2026-09-16 23:41:46 +0530: Memory Usage (1839596K) : Executing rule forbidden.biwind
2026-09-16 23:41:46 +0530: Memory Usage (1839596K) : Executing rule forbidden.pemwind
2026-09-16 23:41:46 +0530: Memory Usage (1839596K) : Executing rule forbidden.baspoly
2026-09-16 23:41:46 +0530: Memory Usage (1839596K) : Executing rule forbidden.deepco
2026-09-16 23:41:46 +0530: Memory Usage (1839596K) : Executing rule forbidden.pempoly
2026-09-16 23:41:46 +0530: Memory Usage (1839596K) : Executing rule forbidden.empoly
2026-09-16 23:41:46 +0530: Memory Usage (1839596K) : Executing rule forbidden.ldmos
2026-09-16 23:41:46 +0530: Memory Usage (1839596K) : Executing rule forbidden.pbiwind
2026-09-16 23:41:46 +0530: Memory Usage (1839596K) : Executing rule forbidden.nodrc
2026-09-16 23:41:46 +0530: Memory Usage (1839596K) : Executing rule forbidden.flash
2026-09-16 23:41:46 +0530: Memory Usage (1839596K) : Executing rule forbidden.colwind
2026-09-16 23:41:46 +0530: Memory Usage (1839596K) : KLayout DRC run for tables 'main' completed in 230.96 seconds
