
===========================================================================
 report_power
============================================================================
======================= nom_slow_1p08V_125C Corner ===================================

Group                    Internal    Switching      Leakage        Total
                            Power        Power        Power        Power (Watts)
------------------------------------------------------------------------
Sequential           4.180062e-04 1.752466e-06 2.229635e-07 4.199816e-04  21.2%
Combinational        5.193067e-05 4.615050e-05 9.834077e-07 9.906459e-05   5.0%
Clock                1.641074e-04 9.311050e-05 9.897895e-08 2.573169e-04  13.0%
Macro                1.206492e-03 0.000000e+00 2.613176e-06 1.209105e-03  60.9%
Pad                  0.000000e+00 0.000000e+00 0.000000e+00 0.000000e+00   0.0%
------------------------------------------------------------------------
Total                1.840535e-03 1.410135e-04 3.918502e-06 1.985468e-03 100.0%
                            92.7%         7.1%         0.2%
Writing metric power__internal__total: 0.0018405354348942637
Writing metric power__switching__total: 0.00014101345732342452
Writing metric power__leakage__total: 3.918501533917151e-6
Writing metric power__total: 0.001985467504709959

