Reading timing models for corner nom_typ_1p20V_25C…
Reading timing library for the 'nom_typ_1p20V_25C' corner at '/home/jaikrishn/IHP-Open-PDK/ihp-sg13g2/libs.ref/sg13g2_stdcell/lib/sg13g2_stdcell_typ_1p20V_25C.lib'…
Reading timing library for the 'nom_typ_1p20V_25C' corner at '/home/jaikrishn/IHP-Open-PDK/ihp-sg13g2/libs.ref/sg13g2_io/lib/sg13g2_io_typ_1p2V_3p3V_25C.lib'…
Reading OpenROAD database at '/home/jaikrishn/Documents/hardware/picorv32_axi4lite_port/phyisical_design/macros/boot_spi/runs/run_4/25-openroad-ioplacement/boot_spi_macro.odb'…
Reading design constraints file at '/home/jaikrishn/Documents/hardware/picorv32_axi4lite_port/phyisical_design/macros/boot_spi/constraint.sdc'…
[INFO] No information on clock propagation in input SDC file-- propagating all clocks.
[INFO] Setting signal min routing layer to: Metal2 and clock min routing layer to Metal2. 
[INFO] Setting signal max routing layer to: TopMetal2 and clock max routing layer to TopMetal2. 
+ global_placement -density 0.4 -routability_driven -pad_right 0 -pad_left 0 -init_wirelength_coef 0.25
[INFO GPL-0001] ---- Initialize GPL Main Data Structures
[INFO GPL-0002] DBU: 1000
[INFO GPL-0003] SiteSize: (  0.480  3.780 ) um
[INFO GPL-0004] CoreBBox: (  5.760 15.120 ) ( 248.640 257.040 ) um
[INFO GPL-0036] Movable instances area:      14758.330 um^2
[INFO GPL-0037] Total instances area:        14758.330 um^2
[INFO GPL-0035] Pin density area adjust:      1231.881 um^2
[INFO GPL-0032] ---- Initialize Region: Top-level
[INFO GPL-0006] Number of instances:               871
[INFO GPL-0007] Movable instances:                 871
[INFO GPL-0008] Fixed instances:                     0
[INFO GPL-0009] Dummy instances:                     0
[INFO GPL-0010] Number of nets:                    874
[INFO GPL-0011] Number of pins:                   2941
[INFO GPL-0012] Die BBox:  (  0.000  0.000 ) ( 254.485 273.205 ) um
[INFO GPL-0013] Core BBox: (  5.760 15.120 ) ( 248.640 257.040 ) um
[INFO GPL-0016] Core area:                   58757.530 um^2
[INFO GPL-0014] Region name: top-level.
[INFO GPL-0015] Region area:                 58757.530 um^2
[INFO GPL-0017] Fixed instances area:            0.000 um^2
[INFO GPL-0018] Movable instances area:      15990.210 um^2
[INFO GPL-0019] Utilization:                    27.214 %
[INFO GPL-0020] Standard cells area:         15990.210 um^2
[INFO GPL-0021] Large instances area:            0.000 um^2
[INFO GPL-0005] ---- Execute Conjugate Gradient Initial Placement.
[INFO GPL-0051] Source of initial instance position counters:
	Odb location = 871	Core center = 0	Region center = 0
[InitialPlace]  Iter: 1 conjugate gradient residual: 0.00001073 HPWL: 24610542
[InitialPlace]  Iter: 2 conjugate gradient residual: 0.00000654 HPWL: 21913587
[InitialPlace]  Iter: 3 conjugate gradient residual: 0.00000656 HPWL: 20911782
[InitialPlace]  Iter: 4 conjugate gradient residual: 0.00000740 HPWL: 20446566
[InitialPlace]  Iter: 5 conjugate gradient residual: 0.00001212 HPWL: 20221954
[InitialPlace]  Iter: 6 conjugate gradient residual: 0.00006584 HPWL: 20075621
[InitialPlace]  Iter: 7 conjugate gradient residual: 0.00001065 HPWL: 19992555
[InitialPlace]  Iter: 8 conjugate gradient residual: 0.00001011 HPWL: 19965264
[InitialPlace]  Iter: 9 conjugate gradient residual: 0.00001178 HPWL: 19955956
[InitialPlace]  Iter: 10 conjugate gradient residual: 0.00000575 HPWL: 19912041
[INFO GPL-0033] ---- Initialize Nesterov Region: Top-level
[INFO GPL-0023] Placement target density:       0.4000
[INFO GPL-0024] Movable insts average area:     18.358 um^2
[INFO GPL-0025] Ideal bin area:                 45.896 um^2
[INFO GPL-0026] Ideal bin count:                  1280
[INFO GPL-0027] Total bin area:              58757.530 um^2
[INFO GPL-0028] Bin count (X, Y):          32 ,     32
[INFO GPL-0029] Bin size (W * H):       7.590 *  7.560 um
[INFO GPL-0030] Number of bins:                   1024
[INFO GPL-0007] ---- Execute Nesterov Global Placement.
[INFO GPL-0031] HPWL: Half-Perimeter Wirelength
Iteration | Overflow |     HPWL (um) |  HPWL(%) |   Penalty | Group
---------------------------------------------------------------
        0 |   0.6505 |  1.253266e+04 |   +0.00% |  6.19e-14 |      
[INFO GPL-0038] Routability snapshot saved at iter = 9
        8 |   0.5975 |  1.343997e+04 |          |           |      
       10 |   0.5871 |  1.351849e+04 |   +7.87% |  1.01e-13 |      
       20 |   0.5769 |  1.366616e+04 |   +1.09% |  1.64e-13 |      
       30 |   0.5747 |  1.356373e+04 |   -0.75% |  2.68e-13 |      
       40 |   0.5776 |  1.352194e+04 |   -0.31% |  4.36e-13 |      
       50 |   0.5750 |  1.354890e+04 |   +0.20% |  7.10e-13 |      
       60 |   0.5725 |  1.354892e+04 |   +0.00% |  1.16e-12 |      
       70 |   0.5714 |  1.352533e+04 |   -0.17% |  1.88e-12 |      
       80 |   0.5704 |  1.352500e+04 |   -0.00% |  3.07e-12 |      
       90 |   0.5696 |  1.352741e+04 |   +0.02% |  5.00e-12 |      
      100 |   0.5696 |  1.352810e+04 |   +0.01% |  8.14e-12 |      
      110 |   0.5687 |  1.353863e+04 |   +0.08% |  1.33e-11 |      
      120 |   0.5664 |  1.355687e+04 |   +0.13% |  2.16e-11 |      
      130 |   0.5618 |  1.357971e+04 |   +0.17% |  3.52e-11 |      
      140 |   0.5527 |  1.359476e+04 |   +0.11% |  5.73e-11 |      
      150 |   0.5443 |  1.361407e+04 |   +0.14% |  9.34e-11 |      
      160 |   0.5338 |  1.362058e+04 |   +0.05% |  1.52e-10 |      
      170 |   0.5187 |  1.363883e+04 |   +0.13% |  2.48e-10 |      
      180 |   0.4942 |  1.366307e+04 |   +0.18% |  4.03e-10 |      
      190 |   0.4800 |  1.371440e+04 |   +0.38% |  6.57e-10 |      
      200 |   0.4558 |  1.380976e+04 |   +0.70% |  1.07e-09 |      
      210 |   0.4321 |  1.389122e+04 |   +0.59% |  1.74e-09 |      
      220 |   0.4042 |  1.407659e+04 |   +1.33% |  2.84e-09 |      
      230 |   0.3747 |  1.419048e+04 |   +0.81% |  4.63e-09 |      
      240 |   0.3355 |  1.431474e+04 |   +0.88% |  7.39e-09 |      
      250 |   0.3001 |  1.435011e+04 |   +0.25% |  1.09e-08 |      
[INFO GPL-0040] Routability iteration: 1
[INFO GPL-0041] Total routing overflow: 0.0000
[INFO GPL-0042] Number of overflowed tiles: 0 (0.00%)
[INFO GPL-0043] Average top 0.5% routing congestion: 0.6296
[INFO GPL-0044] Average top 1.0% routing congestion: 0.6089
[INFO GPL-0045] Average top 2.0% routing congestion: 0.5846
[INFO GPL-0046] Average top 5.0% routing congestion: 0.5528
[INFO GPL-0047] Routability iteration weighted routing congestion: 0.6193
[INFO GPL-0050] Weighted routing congestion is lower than target routing congestion(1.0100), end routability optimization.
[INFO GPL-0090] Routability finished. Target routing congestion achieved succesfully.
Iteration | Overflow |     HPWL (um) |  HPWL(%) |   Penalty | Group
---------------------------------------------------------------
      260 |   0.2733 |  1.445657e+04 |   +0.74% |  1.60e-08 |      
      270 |   0.2466 |  1.455367e+04 |   +0.67% |  2.36e-08 |      
      280 |   0.2251 |  1.466548e+04 |   +0.77% |  3.48e-08 |      
      290 |   0.1992 |  1.476580e+04 |   +0.68% |  5.12e-08 |      
      300 |   0.1766 |  1.483052e+04 |   +0.44% |  7.55e-08 |      
      310 |   0.1562 |  1.489093e+04 |   +0.41% |  1.11e-07 |      
      320 |   0.1367 |  1.494585e+04 |   +0.37% |  1.64e-07 |      
      330 |   0.1184 |  1.500960e+04 |   +0.43% |  2.41e-07 |      
      340 |   0.1011 |  1.505690e+04 |   +0.32% |  3.56e-07 |      
      341 |   0.0992 |  1.506029e+04 |          |  3.84e-07 |      
---------------------------------------------------------------
[INFO GPL-1001] Global placement finished at iteration 341
[INFO GPL-1003] Routability mode iteration count: 242
[INFO GPL-1005] Routability final weighted congestion: 0.6190
[INFO GPL-1002] Placed Cell Area            15990.2104
[INFO GPL-1003] Available Free Area         58757.5296
[INFO GPL-1004] Minimum Feasible Density        0.2800 (cell_area / free_area)
[INFO GPL-1006]   Suggested Target Densities:
[INFO GPL-1007]     - For 90% usage of free space: 0.3024
[INFO GPL-1008]     - For 80% usage of free space: 0.3402
[INFO GPL-1009]     - For 50% usage of free space: 0.5443
[INFO GPL-1011] Original area (um^2): 15990.21
[INFO GPL-1012] Total routability artificial inflation: 0.00 (+0.00%)
[INFO GPL-1014] Final placement area: 15990.21 (+0.00%)
Setting global connections for newly added cells…
[INFO] Setting global connections...
[INFO ODB-0403] 0 connections made, 0 conflicts skipped.
Updating metrics…
Cell type report:                       Count       Area
  Inverter                                 19     103.42
  Sequential cell                         170    8328.10
  Multi-Input combinational cell          682    6326.81
  Total                                   871   14758.33
Writing OpenROAD database to '/home/jaikrishn/Documents/hardware/picorv32_axi4lite_port/phyisical_design/macros/boot_spi/runs/run_4/28-openroad-globalplacement/boot_spi_macro.odb'…
Writing netlist to '/home/jaikrishn/Documents/hardware/picorv32_axi4lite_port/phyisical_design/macros/boot_spi/runs/run_4/28-openroad-globalplacement/boot_spi_macro.nl.v'…
Writing powered netlist to '/home/jaikrishn/Documents/hardware/picorv32_axi4lite_port/phyisical_design/macros/boot_spi/runs/run_4/28-openroad-globalplacement/boot_spi_macro.pnl.v'…
Writing layout to '/home/jaikrishn/Documents/hardware/picorv32_axi4lite_port/phyisical_design/macros/boot_spi/runs/run_4/28-openroad-globalplacement/boot_spi_macro.def'…
Writing timing constraints to '/home/jaikrishn/Documents/hardware/picorv32_axi4lite_port/phyisical_design/macros/boot_spi/runs/run_4/28-openroad-globalplacement/boot_spi_macro.sdc'…
