139. Printing statistics.

=== boot_spi_macro ===

        +----------Local Count, excluding submodules.
        |        +-Local Area, excluding submodules.
        |        | 
      577        - wires
      741        - wire bits
       23        - public wires
      184        - public wire bits
       11        - ports
       73        - port bits
      726 8.33E+03 cells
       72        -   $_ANDNOT_
        9        -   $_AND_
      322        -   $_MUX_
       28        -   $_NAND_
        4        -   $_NOR_
        6        -   $_NOT_
       13        -   $_ORNOT_
       64        -   $_OR_
        5        -   $_XNOR_
       33        -   $_XOR_
      170 8.33E+03   sg13g2_dfrbpq_1

   Area for cell type $_ANDNOT_ is unknown!
   Area for cell type $_AND_ is unknown!
   Area for cell type $_MUX_ is unknown!
   Area for cell type $_NAND_ is unknown!
   Area for cell type $_NOR_ is unknown!
   Area for cell type $_NOT_ is unknown!
   Area for cell type $_ORNOT_ is unknown!
   Area for cell type $_OR_ is unknown!
   Area for cell type $_XNOR_ is unknown!
   Area for cell type $_XOR_ is unknown!

   Chip area for module '\boot_spi_macro': 8328.096000
     of which used for sequential elements: 8328.096000 (100.00%)

