
===========================================================================
 report_power
============================================================================
======================= nom_typ_1p20V_25C Corner ===================================

Group                    Internal    Switching      Leakage        Total
                            Power        Power        Power        Power (Watts)
------------------------------------------------------------------------
Sequential           0.000000e+00 0.000000e+00 0.000000e+00 0.000000e+00   0.0%
Combinational        0.000000e+00 0.000000e+00 0.000000e+00 0.000000e+00   0.0%
Clock                4.776427e-05 1.330556e-04 4.156155e-09 1.808240e-04 100.0%
Macro                0.000000e+00 0.000000e+00 0.000000e+00 0.000000e+00   0.0%
Pad                  0.000000e+00 0.000000e+00 0.000000e+00 0.000000e+00   0.0%
------------------------------------------------------------------------
Total                4.776427e-05 1.330556e-04 4.156155e-09 1.808240e-04 100.0%
                            26.4%        73.6%         0.0%
Writing metric power__internal__total: 4.776427158503793e-5
Writing metric power__switching__total: 0.00013305561151355505
Writing metric power__leakage__total: 4.1561554198210615e-9
Writing metric power__total: 0.0001808240485843271

