+ analyze_power_grid -net VDD -voltage_file /home/jaikrishn/Documents/hardware/picorv32_axi4lite_port/phyisical_design/macros/picorv32/runs/run_2/56-openroad-irdropreport/net-VDD.csv
[INFO PSM-0040] All shapes on net VDD are connected.
########## IR report #################
Net              : VDD
Corner           : nom_typ_1p20V_25C
Total power      : 2.26e-02 W
Supply voltage   : 1.20e+00 V
Worstcase voltage: 1.19e+00 V
Average voltage  : 1.20e+00 V
Average IR drop  : 2.58e-04 V
Worstcase IR drop: 5.62e-03 V
Percentage drop  : 0.47 %
######################################
+ analyze_power_grid -net VSS -voltage_file /home/jaikrishn/Documents/hardware/picorv32_axi4lite_port/phyisical_design/macros/picorv32/runs/run_2/56-openroad-irdropreport/net-VSS.csv
[INFO PSM-0040] All shapes on net VSS are connected.
########## IR report #################
Net              : VSS
Corner           : nom_typ_1p20V_25C
Total power      : 2.26e-02 W
Supply voltage   : 0.00e+00 V
Worstcase voltage: 3.25e-03 V
Average voltage  : 2.59e-04 V
Average IR drop  : 2.59e-04 V
Worstcase IR drop: 3.25e-03 V
Percentage drop  : 0.27 %
######################################
