Reading timing models for corner nom_typ_1p20V_25C…
Reading timing library for the 'nom_typ_1p20V_25C' corner at '/home/jaikrishn/IHP-Open-PDK/ihp-sg13g2/libs.ref/sg13g2_stdcell/lib/sg13g2_stdcell_typ_1p20V_25C.lib'…
Reading timing library for the 'nom_typ_1p20V_25C' corner at '/home/jaikrishn/IHP-Open-PDK/ihp-sg13g2/libs.ref/sg13g2_io/lib/sg13g2_io_typ_1p2V_3p3V_25C.lib'…
Reading OpenROAD database at '/home/jaikrishn/Documents/hardware/picorv32_axi4lite_port/phyisical_design/macros/boot_spi/runs/run_2/37-openroad-resizertimingpostcts/boot_spi_macro.odb'…
Reading design constraints file at '/home/jaikrishn/Documents/hardware/picorv32_axi4lite_port/phyisical_design/macros/boot_spi/constraint.sdc'…
[INFO] No information on clock propagation in input SDC file-- propagating all clocks.
[INFO] Setting signal min routing layer to: Metal2 and clock min routing layer to Metal2. 
[INFO] Setting signal max routing layer to: TopMetal2 and clock max routing layer to TopMetal2. 
+ global_route -congestion_iterations 50 -verbose
[INFO GRT-0020] Min routing layer: Metal2
[INFO GRT-0021] Max routing layer: TopMetal2
[INFO GRT-0022] Global adjustment: 30%
[INFO GRT-0023] Grid origin: (0, 0)
[INFO GRT-0088] Layer Metal1  Track-Pitch = 0.4200  line-2-Via Pitch: 0.3650
[INFO GRT-0088] Layer Metal2  Track-Pitch = 0.4800  line-2-Via Pitch: 0.4150
[INFO GRT-0088] Layer Metal3  Track-Pitch = 0.4200  line-2-Via Pitch: 0.4150
[INFO GRT-0088] Layer Metal4  Track-Pitch = 0.4800  line-2-Via Pitch: 0.4150
[INFO GRT-0088] Layer Metal5  Track-Pitch = 0.4200  line-2-Via Pitch: 0.6200
[INFO GRT-0088] Layer TopMetal1 Track-Pitch = 3.2800  line-2-Via Pitch: 3.4100
[INFO GRT-0088] Layer TopMetal2 Track-Pitch = 4.0000  line-2-Via Pitch: 3.9500
[INFO GRT-0003] Macros: 0
[INFO GRT-0004] Blockages: 0
[INFO GRT-0019] Found 50 clock nets.
[INFO GRT-0001] Minimum degree: 2
[INFO GRT-0002] Maximum degree: 17

[INFO GRT-0053] Routing resources analysis:
          Routing      Original      Derated      Resource
Layer     Direction    Resources     Resources    Reduction (%)
---------------------------------------------------------------
Metal1     Horizontal          0             0          0.00%
Metal2     Vertical        18103         12027          33.56%
Metal3     Horizontal      21902         14364          34.42%
Metal4     Vertical        18103         12027          33.56%
Metal5     Horizontal      21698         14210          34.51%
TopMetal1    Vertical         2500          1410          43.60%
TopMetal2    Horizontal       1938          1224          36.84%
---------------------------------------------------------------

[INFO GRT-0197] Via related to pin nodes: 5479
[INFO GRT-0198] Via related Steiner nodes: 100
[INFO GRT-0199] Via filling finished.
[INFO GRT-0111] Final number of vias: 6619
[INFO GRT-0112] Final usage 3D: 23981

[INFO GRT-0096] Final congestion report:
Layer         Resource        Demand        Usage (%)    Max H / Max V / Total Overflow
---------------------------------------------------------------------------------------
Metal1               0             0            0.00%             0 /  0 /  0
Metal2           12027          2217           18.43%             0 /  0 /  0
Metal3           14364          1871           13.03%             0 /  0 /  0
Metal4           12027            36            0.30%             0 /  0 /  0
Metal5           14210             0            0.00%             0 /  0 /  0
TopMetal1           1410             0            0.00%             0 /  0 /  0
TopMetal2           1224             0            0.00%             0 /  0 /  0
---------------------------------------------------------------------------------------
Total            55262          4124            7.46%             0 /  0 /  0

[INFO GRT-0018] Total wirelength: 46483 um
[INFO GRT-0014] Routed nets: 1134
[INFO GRT-0303] Global routing runtime = 00:00:00
Setting global connections for newly added cells…
[INFO] Setting global connections...
[INFO ODB-0403] 0 connections made, 0 conflicts skipped.
Updating metrics…
Cell type report:                       Count       Area
  Clock buffer                             49    1874.28
  Timing Repair Buffer                    211    2012.17
  Inverter                                 19     103.42
  Clock inverter                           10      54.43
  Sequential cell                         170    8328.10
  Multi-Input combinational cell          682    6326.81
  Total                                  1141   18699.21
Writing OpenROAD database to '/home/jaikrishn/Documents/hardware/picorv32_axi4lite_port/phyisical_design/macros/boot_spi/runs/run_2/39-openroad-globalrouting/boot_spi_macro.odb'…
Writing layout to '/home/jaikrishn/Documents/hardware/picorv32_axi4lite_port/phyisical_design/macros/boot_spi/runs/run_2/39-openroad-globalrouting/boot_spi_macro.def'…
