Clock: clk_i
Sources: clk_i 
Generated: no
Virtual: yes
Propagated: no
Period: 10.000000

===========================================================================
report_clock_properties
============================================================================
Clock                   Period          Waveform
----------------------------------------------------
clk_i                10.000000    0.000000  5.000000

===========================================================================
report_clock_latency
============================================================================
Clock clk_i
rise -> rise
    min     max
0.000000 0.000000 source latency
0.191650         network latency _1037_/CLK
        0.213380 network latency _1022_/CLK
---------------
0.191650 0.213380 latency
        0.021730 skew

fall -> fall
    min     max
0.000000 0.000000 source latency
0.193979         network latency _1037_/CLK
        0.214086 network latency _1022_/CLK
---------------
0.193979 0.214086 latency
        0.020107 skew



===========================================================================
report_clock_min_period
============================================================================
clk_i period_min = 2.02 fmax = 495.19
