
17. Executing PROC_DLATCH pass (convert process syncs to latches).
No latch inferred for signal `$paramod$bac95cf327c3673faa08397d77e1826d7e14616b\axil_interconnect.\s_rready' from process `$paramod$bac95cf327c3673faa08397d77e1826d7e14616b\axil_interconnect.$proc$/home/jaikrishn/Documents/hardware/picorv32_axi4lite_port/rtl/axil_interconnect.sv:166$45'.
No latch inferred for signal `$paramod$bac95cf327c3673faa08397d77e1826d7e14616b\axil_interconnect.$fordecl_block$13.i' from process `$paramod$bac95cf327c3673faa08397d77e1826d7e14616b\axil_interconnect.$proc$/home/jaikrishn/Documents/hardware/picorv32_axi4lite_port/rtl/axil_interconnect.sv:166$45'.
No latch inferred for signal `$paramod$bac95cf327c3673faa08397d77e1826d7e14616b\axil_interconnect.\m_arready' from process `$paramod$bac95cf327c3673faa08397d77e1826d7e14616b\axil_interconnect.$proc$/home/jaikrishn/Documents/hardware/picorv32_axi4lite_port/rtl/axil_interconnect.sv:151$43'.
No latch inferred for signal `$paramod$bac95cf327c3673faa08397d77e1826d7e14616b\axil_interconnect.\m_rvalid' from process `$paramod$bac95cf327c3673faa08397d77e1826d7e14616b\axil_interconnect.$proc$/home/jaikrishn/Documents/hardware/picorv32_axi4lite_port/rtl/axil_interconnect.sv:151$43'.
No latch inferred for signal `$paramod$bac95cf327c3673faa08397d77e1826d7e14616b\axil_interconnect.\m_rdata' from process `$paramod$bac95cf327c3673faa08397d77e1826d7e14616b\axil_interconnect.$proc$/home/jaikrishn/Documents/hardware/picorv32_axi4lite_port/rtl/axil_interconnect.sv:151$43'.
No latch inferred for signal `$paramod$bac95cf327c3673faa08397d77e1826d7e14616b\axil_interconnect.\m_rresp' from process `$paramod$bac95cf327c3673faa08397d77e1826d7e14616b\axil_interconnect.$proc$/home/jaikrishn/Documents/hardware/picorv32_axi4lite_port/rtl/axil_interconnect.sv:151$43'.
No latch inferred for signal `$paramod$bac95cf327c3673faa08397d77e1826d7e14616b\axil_interconnect.$fordecl_block$11.i' from process `$paramod$bac95cf327c3673faa08397d77e1826d7e14616b\axil_interconnect.$proc$/home/jaikrishn/Documents/hardware/picorv32_axi4lite_port/rtl/axil_interconnect.sv:151$43'.
No latch inferred for signal `$paramod$bac95cf327c3673faa08397d77e1826d7e14616b\axil_interconnect.\s_arvalid' from process `$paramod$bac95cf327c3673faa08397d77e1826d7e14616b\axil_interconnect.$proc$/home/jaikrishn/Documents/hardware/picorv32_axi4lite_port/rtl/axil_interconnect.sv:140$37'.
No latch inferred for signal `$paramod$bac95cf327c3673faa08397d77e1826d7e14616b\axil_interconnect.\s_araddr' from process `$paramod$bac95cf327c3673faa08397d77e1826d7e14616b\axil_interconnect.$proc$/home/jaikrishn/Documents/hardware/picorv32_axi4lite_port/rtl/axil_interconnect.sv:140$37'.
No latch inferred for signal `$paramod$bac95cf327c3673faa08397d77e1826d7e14616b\axil_interconnect.\s_arprot' from process `$paramod$bac95cf327c3673faa08397d77e1826d7e14616b\axil_interconnect.$proc$/home/jaikrishn/Documents/hardware/picorv32_axi4lite_port/rtl/axil_interconnect.sv:140$37'.
No latch inferred for signal `$paramod$bac95cf327c3673faa08397d77e1826d7e14616b\axil_interconnect.$fordecl_block$9.i' from process `$paramod$bac95cf327c3673faa08397d77e1826d7e14616b\axil_interconnect.$proc$/home/jaikrishn/Documents/hardware/picorv32_axi4lite_port/rtl/axil_interconnect.sv:140$37'.
No latch inferred for signal `$paramod$bac95cf327c3673faa08397d77e1826d7e14616b\axil_interconnect.\s_bready' from process `$paramod$bac95cf327c3673faa08397d77e1826d7e14616b\axil_interconnect.$proc$/home/jaikrishn/Documents/hardware/picorv32_axi4lite_port/rtl/axil_interconnect.sv:132$31'.
No latch inferred for signal `$paramod$bac95cf327c3673faa08397d77e1826d7e14616b\axil_interconnect.$fordecl_block$7.i' from process `$paramod$bac95cf327c3673faa08397d77e1826d7e14616b\axil_interconnect.$proc$/home/jaikrishn/Documents/hardware/picorv32_axi4lite_port/rtl/axil_interconnect.sv:132$31'.
No latch inferred for signal `$paramod$bac95cf327c3673faa08397d77e1826d7e14616b\axil_interconnect.\m_awready' from process `$paramod$bac95cf327c3673faa08397d77e1826d7e14616b\axil_interconnect.$proc$/home/jaikrishn/Documents/hardware/picorv32_axi4lite_port/rtl/axil_interconnect.sv:117$29'.
No latch inferred for signal `$paramod$bac95cf327c3673faa08397d77e1826d7e14616b\axil_interconnect.\m_wready' from process `$paramod$bac95cf327c3673faa08397d77e1826d7e14616b\axil_interconnect.$proc$/home/jaikrishn/Documents/hardware/picorv32_axi4lite_port/rtl/axil_interconnect.sv:117$29'.
No latch inferred for signal `$paramod$bac95cf327c3673faa08397d77e1826d7e14616b\axil_interconnect.\m_bvalid' from process `$paramod$bac95cf327c3673faa08397d77e1826d7e14616b\axil_interconnect.$proc$/home/jaikrishn/Documents/hardware/picorv32_axi4lite_port/rtl/axil_interconnect.sv:117$29'.
No latch inferred for signal `$paramod$bac95cf327c3673faa08397d77e1826d7e14616b\axil_interconnect.\m_bresp' from process `$paramod$bac95cf327c3673faa08397d77e1826d7e14616b\axil_interconnect.$proc$/home/jaikrishn/Documents/hardware/picorv32_axi4lite_port/rtl/axil_interconnect.sv:117$29'.
No latch inferred for signal `$paramod$bac95cf327c3673faa08397d77e1826d7e14616b\axil_interconnect.$fordecl_block$5.i' from process `$paramod$bac95cf327c3673faa08397d77e1826d7e14616b\axil_interconnect.$proc$/home/jaikrishn/Documents/hardware/picorv32_axi4lite_port/rtl/axil_interconnect.sv:117$29'.
No latch inferred for signal `$paramod$bac95cf327c3673faa08397d77e1826d7e14616b\axil_interconnect.\s_wvalid' from process `$paramod$bac95cf327c3673faa08397d77e1826d7e14616b\axil_interconnect.$proc$/home/jaikrishn/Documents/hardware/picorv32_axi4lite_port/rtl/axil_interconnect.sv:106$23'.
No latch inferred for signal `$paramod$bac95cf327c3673faa08397d77e1826d7e14616b\axil_interconnect.\s_wdata' from process `$paramod$bac95cf327c3673faa08397d77e1826d7e14616b\axil_interconnect.$proc$/home/jaikrishn/Documents/hardware/picorv32_axi4lite_port/rtl/axil_interconnect.sv:106$23'.
No latch inferred for signal `$paramod$bac95cf327c3673faa08397d77e1826d7e14616b\axil_interconnect.\s_wstrb' from process `$paramod$bac95cf327c3673faa08397d77e1826d7e14616b\axil_interconnect.$proc$/home/jaikrishn/Documents/hardware/picorv32_axi4lite_port/rtl/axil_interconnect.sv:106$23'.
No latch inferred for signal `$paramod$bac95cf327c3673faa08397d77e1826d7e14616b\axil_interconnect.$fordecl_block$3.i' from process `$paramod$bac95cf327c3673faa08397d77e1826d7e14616b\axil_interconnect.$proc$/home/jaikrishn/Documents/hardware/picorv32_axi4lite_port/rtl/axil_interconnect.sv:106$23'.
No latch inferred for signal `$paramod$bac95cf327c3673faa08397d77e1826d7e14616b\axil_interconnect.\s_awvalid' from process `$paramod$bac95cf327c3673faa08397d77e1826d7e14616b\axil_interconnect.$proc$/home/jaikrishn/Documents/hardware/picorv32_axi4lite_port/rtl/axil_interconnect.sv:95$17'.
No latch inferred for signal `$paramod$bac95cf327c3673faa08397d77e1826d7e14616b\axil_interconnect.\s_awaddr' from process `$paramod$bac95cf327c3673faa08397d77e1826d7e14616b\axil_interconnect.$proc$/home/jaikrishn/Documents/hardware/picorv32_axi4lite_port/rtl/axil_interconnect.sv:95$17'.
No latch inferred for signal `$paramod$bac95cf327c3673faa08397d77e1826d7e14616b\axil_interconnect.\s_awprot' from process `$paramod$bac95cf327c3673faa08397d77e1826d7e14616b\axil_interconnect.$proc$/home/jaikrishn/Documents/hardware/picorv32_axi4lite_port/rtl/axil_interconnect.sv:95$17'.
No latch inferred for signal `$paramod$bac95cf327c3673faa08397d77e1826d7e14616b\axil_interconnect.$fordecl_block$1.i' from process `$paramod$bac95cf327c3673faa08397d77e1826d7e14616b\axil_interconnect.$proc$/home/jaikrishn/Documents/hardware/picorv32_axi4lite_port/rtl/axil_interconnect.sv:95$17'.
No latch inferred for signal `$paramod$bac95cf327c3673faa08397d77e1826d7e14616b\axil_interconnect.\ar_sel' from process `$paramod$bac95cf327c3673faa08397d77e1826d7e14616b\axil_interconnect.$proc$/home/jaikrishn/Documents/hardware/picorv32_axi4lite_port/rtl/axil_interconnect.sv:81$16'.
No latch inferred for signal `$paramod$bac95cf327c3673faa08397d77e1826d7e14616b\axil_interconnect.\aw_sel' from process `$paramod$bac95cf327c3673faa08397d77e1826d7e14616b\axil_interconnect.$proc$/home/jaikrishn/Documents/hardware/picorv32_axi4lite_port/rtl/axil_interconnect.sv:70$15'.
