109. Printing statistics.

=== interconnect_macro ===

        +----------Local Count, excluding submodules.
        |        +-Local Area, excluding submodules.
        |        | 
      388        - wires
     1110        - wire bits
       40        - public wires
      762        - public wire bits
       40        - ports
      762        - port bits
      833 6.84E+03 cells
        2    29.03   sg13g2_a221oi_1
       39  423.095   sg13g2_a22oi_1
       10    90.72   sg13g2_and2_1
        3   38.102   sg13g2_and3_1
       11  159.667   sg13g2_and4_1
      424 3.08E+03   sg13g2_buf_1
       45  244.944   sg13g2_inv_1
       44  319.334   sg13g2_nand2_1
       45   408.24   sg13g2_nand3_1
        1   12.701   sg13g2_nand3b_1
       86   936.23   sg13g2_nand4_1
       18  130.637   sg13g2_nor2_1
        5    45.36   sg13g2_nor2b_1
       12  108.864   sg13g2_nor3_1
       11   119.75   sg13g2_nor4_1
       75    680.4   sg13g2_o21ai_1
        2   18.144   sg13g2_or2_1

   Chip area for module '\interconnect_macro': 6842.442600
     of which used for sequential elements: 0.000000 (0.00%)

