
Cell sg13g2_inv_1 (0) disconnected node: Y
Cell sg13g2_inv_1 (0) disconnected node: A
Cell sg13g2_inv_1 (0) disconnected node: VDD
Cell sg13g2_inv_1 (0) disconnected node: VSS

Subcircuit pins:
Circuit 1: sg13g2_inv_1                    |Circuit 2: sg13g2_inv_1                    
-------------------------------------------|-------------------------------------------
Y                                          |Y                                          
A                                          |A                                          
VDD                                        |VDD                                        
VSS                                        |VSS                                        
---------------------------------------------------------------------------------------
Cell pin lists are equivalent.
Device classes sg13g2_inv_1 and sg13g2_inv_1 are equivalent.

Cell sg13g2_decap_8 (0) disconnected node: VDD
Cell sg13g2_decap_8 (0) disconnected node: VSS

Subcircuit pins:
Circuit 1: sg13g2_decap_8                  |Circuit 2: sg13g2_decap_8                  
-------------------------------------------|-------------------------------------------
VDD                                        |VDD                                        
VSS                                        |VSS                                        
---------------------------------------------------------------------------------------
Cell pin lists are equivalent.
Device classes sg13g2_decap_8 and sg13g2_decap_8 are equivalent.

Cell sg13g2_fill_1 (0) disconnected node: VDD
Cell sg13g2_fill_1 (0) disconnected node: VSS
Cell sg13g2_fill_1 (1) disconnected node: VDD
Cell sg13g2_fill_1 (1) disconnected node: VSS

Subcircuit pins:
Circuit 1: sg13g2_fill_1                   |Circuit 2: sg13g2_fill_1                   
-------------------------------------------|-------------------------------------------
VDD                                        |VDD                                        
VSS                                        |VSS                                        
---------------------------------------------------------------------------------------
Cell pin lists are equivalent.
Device classes sg13g2_fill_1 and sg13g2_fill_1 are equivalent.

Cell sg13g2_decap_4 (0) disconnected node: VDD
Cell sg13g2_decap_4 (0) disconnected node: VSS

Subcircuit pins:
Circuit 1: sg13g2_decap_4                  |Circuit 2: sg13g2_decap_4                  
-------------------------------------------|-------------------------------------------
VDD                                        |VDD                                        
VSS                                        |VSS                                        
---------------------------------------------------------------------------------------
Cell pin lists are equivalent.
Device classes sg13g2_decap_4 and sg13g2_decap_4 are equivalent.

Cell sg13g2_buf_1 (0) disconnected node: X
Cell sg13g2_buf_1 (0) disconnected node: A
Cell sg13g2_buf_1 (0) disconnected node: VDD
Cell sg13g2_buf_1 (0) disconnected node: VSS

Subcircuit pins:
Circuit 1: sg13g2_buf_1                    |Circuit 2: sg13g2_buf_1                    
-------------------------------------------|-------------------------------------------
X                                          |X                                          
A                                          |A                                          
VDD                                        |VDD                                        
VSS                                        |VSS                                        
---------------------------------------------------------------------------------------
Cell pin lists are equivalent.
Device classes sg13g2_buf_1 and sg13g2_buf_1 are equivalent.

Cell sg13g2_nor3_1 (0) disconnected node: Y
Cell sg13g2_nor3_1 (0) disconnected node: A
Cell sg13g2_nor3_1 (0) disconnected node: B
Cell sg13g2_nor3_1 (0) disconnected node: C
Cell sg13g2_nor3_1 (0) disconnected node: VDD
Cell sg13g2_nor3_1 (0) disconnected node: VSS

Subcircuit pins:
Circuit 1: sg13g2_nor3_1                   |Circuit 2: sg13g2_nor3_1                   
-------------------------------------------|-------------------------------------------
Y                                          |Y                                          
A                                          |A                                          
B                                          |B                                          
C                                          |C                                          
VDD                                        |VDD                                        
VSS                                        |VSS                                        
---------------------------------------------------------------------------------------
Cell pin lists are equivalent.
Device classes sg13g2_nor3_1 and sg13g2_nor3_1 are equivalent.

Cell sg13g2_fill_2 (0) disconnected node: VDD
Cell sg13g2_fill_2 (0) disconnected node: VSS
Cell sg13g2_fill_2 (1) disconnected node: VDD
Cell sg13g2_fill_2 (1) disconnected node: VSS

Subcircuit pins:
Circuit 1: sg13g2_fill_2                   |Circuit 2: sg13g2_fill_2                   
-------------------------------------------|-------------------------------------------
VDD                                        |VDD                                        
VSS                                        |VSS                                        
---------------------------------------------------------------------------------------
Cell pin lists are equivalent.
Device classes sg13g2_fill_2 and sg13g2_fill_2 are equivalent.

Cell sg13g2_nand3_1 (0) disconnected node: Y
Cell sg13g2_nand3_1 (0) disconnected node: A
Cell sg13g2_nand3_1 (0) disconnected node: B
Cell sg13g2_nand3_1 (0) disconnected node: C
Cell sg13g2_nand3_1 (0) disconnected node: VDD
Cell sg13g2_nand3_1 (0) disconnected node: VSS

Subcircuit pins:
Circuit 1: sg13g2_nand3_1                  |Circuit 2: sg13g2_nand3_1                  
-------------------------------------------|-------------------------------------------
Y                                          |Y                                          
A                                          |A                                          
B                                          |B                                          
C                                          |C                                          
VDD                                        |VDD                                        
VSS                                        |VSS                                        
---------------------------------------------------------------------------------------
Cell pin lists are equivalent.
Device classes sg13g2_nand3_1 and sg13g2_nand3_1 are equivalent.

Cell sg13g2_nand2_1 (0) disconnected node: Y
Cell sg13g2_nand2_1 (0) disconnected node: A
Cell sg13g2_nand2_1 (0) disconnected node: B
Cell sg13g2_nand2_1 (0) disconnected node: VDD
Cell sg13g2_nand2_1 (0) disconnected node: VSS

Subcircuit pins:
Circuit 1: sg13g2_nand2_1                  |Circuit 2: sg13g2_nand2_1                  
-------------------------------------------|-------------------------------------------
Y                                          |Y                                          
A                                          |A                                          
B                                          |B                                          
VDD                                        |VDD                                        
VSS                                        |VSS                                        
---------------------------------------------------------------------------------------
Cell pin lists are equivalent.
Device classes sg13g2_nand2_1 and sg13g2_nand2_1 are equivalent.

Cell sg13g2_nand4_1 (0) disconnected node: Y
Cell sg13g2_nand4_1 (0) disconnected node: A
Cell sg13g2_nand4_1 (0) disconnected node: B
Cell sg13g2_nand4_1 (0) disconnected node: C
Cell sg13g2_nand4_1 (0) disconnected node: D
Cell sg13g2_nand4_1 (0) disconnected node: VDD
Cell sg13g2_nand4_1 (0) disconnected node: VSS

Subcircuit pins:
Circuit 1: sg13g2_nand4_1                  |Circuit 2: sg13g2_nand4_1                  
-------------------------------------------|-------------------------------------------
Y                                          |Y                                          
A                                          |A                                          
B                                          |B                                          
C                                          |C                                          
D                                          |D                                          
VDD                                        |VDD                                        
VSS                                        |VSS                                        
---------------------------------------------------------------------------------------
Cell pin lists are equivalent.
Device classes sg13g2_nand4_1 and sg13g2_nand4_1 are equivalent.

Cell sg13g2_o21ai_1 (0) disconnected node: Y
Cell sg13g2_o21ai_1 (0) disconnected node: A1
Cell sg13g2_o21ai_1 (0) disconnected node: A2
Cell sg13g2_o21ai_1 (0) disconnected node: B1
Cell sg13g2_o21ai_1 (0) disconnected node: VDD
Cell sg13g2_o21ai_1 (0) disconnected node: VSS

Subcircuit pins:
Circuit 1: sg13g2_o21ai_1                  |Circuit 2: sg13g2_o21ai_1                  
-------------------------------------------|-------------------------------------------
Y                                          |Y                                          
A1                                         |A1                                         
A2                                         |A2                                         
B1                                         |B1                                         
VDD                                        |VDD                                        
VSS                                        |VSS                                        
---------------------------------------------------------------------------------------
Cell pin lists are equivalent.
Device classes sg13g2_o21ai_1 and sg13g2_o21ai_1 are equivalent.

Cell sg13g2_a22oi_1 (0) disconnected node: Y
Cell sg13g2_a22oi_1 (0) disconnected node: A1
Cell sg13g2_a22oi_1 (0) disconnected node: A2
Cell sg13g2_a22oi_1 (0) disconnected node: B1
Cell sg13g2_a22oi_1 (0) disconnected node: B2
Cell sg13g2_a22oi_1 (0) disconnected node: VDD
Cell sg13g2_a22oi_1 (0) disconnected node: VSS

Subcircuit pins:
Circuit 1: sg13g2_a22oi_1                  |Circuit 2: sg13g2_a22oi_1                  
-------------------------------------------|-------------------------------------------
Y                                          |Y                                          
A1                                         |A1                                         
A2                                         |A2                                         
B1                                         |B1                                         
B2                                         |B2                                         
VDD                                        |VDD                                        
VSS                                        |VSS                                        
---------------------------------------------------------------------------------------
Cell pin lists are equivalent.
Device classes sg13g2_a22oi_1 and sg13g2_a22oi_1 are equivalent.

Cell sg13g2_and4_1 (0) disconnected node: X
Cell sg13g2_and4_1 (0) disconnected node: A
Cell sg13g2_and4_1 (0) disconnected node: B
Cell sg13g2_and4_1 (0) disconnected node: C
Cell sg13g2_and4_1 (0) disconnected node: D
Cell sg13g2_and4_1 (0) disconnected node: VDD
Cell sg13g2_and4_1 (0) disconnected node: VSS

Subcircuit pins:
Circuit 1: sg13g2_and4_1                   |Circuit 2: sg13g2_and4_1                   
-------------------------------------------|-------------------------------------------
X                                          |X                                          
A                                          |A                                          
B                                          |B                                          
C                                          |C                                          
D                                          |D                                          
VDD                                        |VDD                                        
VSS                                        |VSS                                        
---------------------------------------------------------------------------------------
Cell pin lists are equivalent.
Device classes sg13g2_and4_1 and sg13g2_and4_1 are equivalent.

Cell sg13g2_nor2_1 (0) disconnected node: Y
Cell sg13g2_nor2_1 (0) disconnected node: A
Cell sg13g2_nor2_1 (0) disconnected node: B
Cell sg13g2_nor2_1 (0) disconnected node: VDD
Cell sg13g2_nor2_1 (0) disconnected node: VSS

Subcircuit pins:
Circuit 1: sg13g2_nor2_1                   |Circuit 2: sg13g2_nor2_1                   
-------------------------------------------|-------------------------------------------
Y                                          |Y                                          
A                                          |A                                          
B                                          |B                                          
VDD                                        |VDD                                        
VSS                                        |VSS                                        
---------------------------------------------------------------------------------------
Cell pin lists are equivalent.
Device classes sg13g2_nor2_1 and sg13g2_nor2_1 are equivalent.

Cell sg13g2_and2_1 (0) disconnected node: X
Cell sg13g2_and2_1 (0) disconnected node: A
Cell sg13g2_and2_1 (0) disconnected node: B
Cell sg13g2_and2_1 (0) disconnected node: VDD
Cell sg13g2_and2_1 (0) disconnected node: VSS

Subcircuit pins:
Circuit 1: sg13g2_and2_1                   |Circuit 2: sg13g2_and2_1                   
-------------------------------------------|-------------------------------------------
X                                          |X                                          
A                                          |A                                          
B                                          |B                                          
VDD                                        |VDD                                        
VSS                                        |VSS                                        
---------------------------------------------------------------------------------------
Cell pin lists are equivalent.
Device classes sg13g2_and2_1 and sg13g2_and2_1 are equivalent.

Cell sg13g2_nor4_1 (0) disconnected node: Y
Cell sg13g2_nor4_1 (0) disconnected node: A
Cell sg13g2_nor4_1 (0) disconnected node: B
Cell sg13g2_nor4_1 (0) disconnected node: C
Cell sg13g2_nor4_1 (0) disconnected node: D
Cell sg13g2_nor4_1 (0) disconnected node: VDD
Cell sg13g2_nor4_1 (0) disconnected node: VSS

Subcircuit pins:
Circuit 1: sg13g2_nor4_1                   |Circuit 2: sg13g2_nor4_1                   
-------------------------------------------|-------------------------------------------
Y                                          |Y                                          
A                                          |A                                          
B                                          |B                                          
C                                          |C                                          
D                                          |D                                          
VDD                                        |VDD                                        
VSS                                        |VSS                                        
---------------------------------------------------------------------------------------
Cell pin lists are equivalent.
Device classes sg13g2_nor4_1 and sg13g2_nor4_1 are equivalent.

Cell sg13g2_nand3b_1 (0) disconnected node: Y
Cell sg13g2_nand3b_1 (0) disconnected node: A_N
Cell sg13g2_nand3b_1 (0) disconnected node: B
Cell sg13g2_nand3b_1 (0) disconnected node: C
Cell sg13g2_nand3b_1 (0) disconnected node: VDD
Cell sg13g2_nand3b_1 (0) disconnected node: VSS

Subcircuit pins:
Circuit 1: sg13g2_nand3b_1                 |Circuit 2: sg13g2_nand3b_1                 
-------------------------------------------|-------------------------------------------
Y                                          |Y                                          
A_N                                        |A_N                                        
B                                          |B                                          
C                                          |C                                          
VDD                                        |VDD                                        
VSS                                        |VSS                                        
---------------------------------------------------------------------------------------
Cell pin lists are equivalent.
Device classes sg13g2_nand3b_1 and sg13g2_nand3b_1 are equivalent.

Cell sg13g2_and3_1 (0) disconnected node: X
Cell sg13g2_and3_1 (0) disconnected node: A
Cell sg13g2_and3_1 (0) disconnected node: B
Cell sg13g2_and3_1 (0) disconnected node: C
Cell sg13g2_and3_1 (0) disconnected node: VDD
Cell sg13g2_and3_1 (0) disconnected node: VSS

Subcircuit pins:
Circuit 1: sg13g2_and3_1                   |Circuit 2: sg13g2_and3_1                   
-------------------------------------------|-------------------------------------------
X                                          |X                                          
A                                          |A                                          
B                                          |B                                          
C                                          |C                                          
VDD                                        |VDD                                        
VSS                                        |VSS                                        
---------------------------------------------------------------------------------------
Cell pin lists are equivalent.
Device classes sg13g2_and3_1 and sg13g2_and3_1 are equivalent.

Cell sg13g2_nor2b_1 (0) disconnected node: Y
Cell sg13g2_nor2b_1 (0) disconnected node: A
Cell sg13g2_nor2b_1 (0) disconnected node: B_N
Cell sg13g2_nor2b_1 (0) disconnected node: VDD
Cell sg13g2_nor2b_1 (0) disconnected node: VSS

Subcircuit pins:
Circuit 1: sg13g2_nor2b_1                  |Circuit 2: sg13g2_nor2b_1                  
-------------------------------------------|-------------------------------------------
Y                                          |Y                                          
A                                          |A                                          
B_N                                        |B_N                                        
VDD                                        |VDD                                        
VSS                                        |VSS                                        
---------------------------------------------------------------------------------------
Cell pin lists are equivalent.
Device classes sg13g2_nor2b_1 and sg13g2_nor2b_1 are equivalent.

Cell sg13g2_dlygate4sd3_1 (0) disconnected node: X
Cell sg13g2_dlygate4sd3_1 (0) disconnected node: A
Cell sg13g2_dlygate4sd3_1 (0) disconnected node: VDD
Cell sg13g2_dlygate4sd3_1 (0) disconnected node: VSS

Subcircuit pins:
Circuit 1: sg13g2_dlygate4sd3_1            |Circuit 2: sg13g2_dlygate4sd3_1            
-------------------------------------------|-------------------------------------------
X                                          |X                                          
A                                          |A                                          
VDD                                        |VDD                                        
VSS                                        |VSS                                        
---------------------------------------------------------------------------------------
Cell pin lists are equivalent.
Device classes sg13g2_dlygate4sd3_1 and sg13g2_dlygate4sd3_1 are equivalent.

Cell sg13g2_or2_1 (0) disconnected node: X
Cell sg13g2_or2_1 (0) disconnected node: A
Cell sg13g2_or2_1 (0) disconnected node: B
Cell sg13g2_or2_1 (0) disconnected node: VDD
Cell sg13g2_or2_1 (0) disconnected node: VSS

Subcircuit pins:
Circuit 1: sg13g2_or2_1                    |Circuit 2: sg13g2_or2_1                    
-------------------------------------------|-------------------------------------------
X                                          |X                                          
A                                          |A                                          
B                                          |B                                          
VDD                                        |VDD                                        
VSS                                        |VSS                                        
---------------------------------------------------------------------------------------
Cell pin lists are equivalent.
Device classes sg13g2_or2_1 and sg13g2_or2_1 are equivalent.

Cell sg13g2_a221oi_1 (0) disconnected node: Y
Cell sg13g2_a221oi_1 (0) disconnected node: A1
Cell sg13g2_a221oi_1 (0) disconnected node: A2
Cell sg13g2_a221oi_1 (0) disconnected node: B1
Cell sg13g2_a221oi_1 (0) disconnected node: B2
Cell sg13g2_a221oi_1 (0) disconnected node: C1
Cell sg13g2_a221oi_1 (0) disconnected node: VDD
Cell sg13g2_a221oi_1 (0) disconnected node: VSS

Subcircuit pins:
Circuit 1: sg13g2_a221oi_1                 |Circuit 2: sg13g2_a221oi_1                 
-------------------------------------------|-------------------------------------------
Y                                          |Y                                          
A1                                         |A1                                         
A2                                         |A2                                         
B1                                         |B1                                         
B2                                         |B2                                         
C1                                         |C1                                         
VDD                                        |VDD                                        
VSS                                        |VSS                                        
---------------------------------------------------------------------------------------
Cell pin lists are equivalent.
Device classes sg13g2_a221oi_1 and sg13g2_a221oi_1 are equivalent.

Cell interconnect_macro (0) disconnected node: clk_i
Cell interconnect_macro (0) disconnected node: rst_ni
Cell interconnect_macro (1) disconnected node: clk_i
Cell interconnect_macro (1) disconnected node: rst_ni
Class interconnect_macro (0):  Merged 1448 parallel devices.
Class interconnect_macro (1):  Merged 1448 parallel devices.
Cell interconnect_macro (0) disconnected node: clk_i
Cell interconnect_macro (0) disconnected node: rst_ni
Cell interconnect_macro (1) disconnected node: clk_i
Cell interconnect_macro (1) disconnected node: rst_ni
Subcircuit summary:
Circuit 1: interconnect_macro              |Circuit 2: interconnect_macro              
-------------------------------------------|-------------------------------------------
sg13g2_inv_1 (45)                          |sg13g2_inv_1 (45)                          
sg13g2_decap_8 (884->1)                    |sg13g2_decap_8 (884->1)                    
sg13g2_fill_1 (233->1)                     |sg13g2_fill_1 (233->1)                     
sg13g2_decap_4 (89->1)                     |sg13g2_decap_4 (89->1)                     
sg13g2_buf_1 (1211)                        |sg13g2_buf_1 (1211)                        
sg13g2_nor3_1 (12)                         |sg13g2_nor3_1 (12)                         
sg13g2_fill_2 (246->1)                     |sg13g2_fill_2 (246->1)                     
sg13g2_nand3_1 (45)                        |sg13g2_nand3_1 (45)                        
sg13g2_nand2_1 (44)                        |sg13g2_nand2_1 (44)                        
sg13g2_nand4_1 (86)                        |sg13g2_nand4_1 (86)                        
sg13g2_o21ai_1 (75)                        |sg13g2_o21ai_1 (75)                        
sg13g2_a22oi_1 (39)                        |sg13g2_a22oi_1 (39)                        
sg13g2_and4_1 (11)                         |sg13g2_and4_1 (11)                         
sg13g2_nor2_1 (18)                         |sg13g2_nor2_1 (18)                         
sg13g2_and2_1 (10)                         |sg13g2_and2_1 (10)                         
sg13g2_nor4_1 (11)                         |sg13g2_nor4_1 (11)                         
sg13g2_nand3b_1 (1)                        |sg13g2_nand3b_1 (1)                        
sg13g2_and3_1 (3)                          |sg13g2_and3_1 (3)                          
sg13g2_nor2b_1 (5)                         |sg13g2_nor2b_1 (5)                         
sg13g2_dlygate4sd3_1 (67)                  |sg13g2_dlygate4sd3_1 (67)                  
sg13g2_or2_1 (2)                           |sg13g2_or2_1 (2)                           
sg13g2_a221oi_1 (2)                        |sg13g2_a221oi_1 (2)                        
Number of devices: 1691                    |Number of devices: 1691                    
Number of nets: 1964                       |Number of nets: 1964                       
---------------------------------------------------------------------------------------
Resolving symmetries by property value.
Resolving symmetries by pin name.
Netlists match uniquely.

Subcircuit pins:
Circuit 1: interconnect_macro              |Circuit 2: interconnect_macro              
-------------------------------------------|-------------------------------------------
m_wdata[11]                                |m_wdata[11]                                
m_wdata[28]                                |m_wdata[28]                                
m_wstrb[0]                                 |m_wstrb[0]                                 
m_wdata[24]                                |m_wdata[24]                                
m_wdata[4]                                 |m_wdata[4]                                 
m_wdata[3]                                 |m_wdata[3]                                 
m_wdata[15]                                |m_wdata[15]                                
m_wdata[25]                                |m_wdata[25]                                
m_awaddr[3]                                |m_awaddr[3]                                
m_wdata[12]                                |m_wdata[12]                                
m_awprot[1]                                |m_awprot[1]                                
m_arprot[1]                                |m_arprot[1]                                
m_awaddr[8]                                |m_awaddr[8]                                
m_wdata[23]                                |m_wdata[23]                                
m_wdata[7]                                 |m_wdata[7]                                 
m_wdata[27]                                |m_wdata[27]                                
m_wstrb[2]                                 |m_wstrb[2]                                 
m_awprot[2]                                |m_awprot[2]                                
m_wdata[8]                                 |m_wdata[8]                                 
m_wdata[10]                                |m_wdata[10]                                
m_wdata[9]                                 |m_wdata[9]                                 
m_araddr[9]                                |m_araddr[9]                                
m_wdata[21]                                |m_wdata[21]                                
m_awaddr[10]                               |m_awaddr[10]                               
m_araddr[10]                               |m_araddr[10]                               
m_wdata[30]                                |m_wdata[30]                                
m_wdata[5]                                 |m_wdata[5]                                 
m_araddr[5]                                |m_araddr[5]                                
m_wdata[17]                                |m_wdata[17]                                
m_wdata[18]                                |m_wdata[18]                                
m_araddr[7]                                |m_araddr[7]                                
m_wdata[26]                                |m_wdata[26]                                
m_wdata[29]                                |m_wdata[29]                                
m_wdata[16]                                |m_wdata[16]                                
m_wdata[1]                                 |m_wdata[1]                                 
m_wstrb[1]                                 |m_wstrb[1]                                 
m_araddr[8]                                |m_araddr[8]                                
m_awaddr[5]                                |m_awaddr[5]                                
m_wdata[0]                                 |m_wdata[0]                                 
m_arprot[2]                                |m_arprot[2]                                
m_awprot[0]                                |m_awprot[0]                                
m_araddr[0]                                |m_araddr[0]                                
m_awaddr[1]                                |m_awaddr[1]                                
m_wdata[6]                                 |m_wdata[6]                                 
m_wdata[19]                                |m_wdata[19]                                
m_wdata[31]                                |m_wdata[31]                                
m_araddr[3]                                |m_araddr[3]                                
m_awaddr[2]                                |m_awaddr[2]                                
m_wdata[14]                                |m_wdata[14]                                
m_arprot[0]                                |m_arprot[0]                                
m_awaddr[9]                                |m_awaddr[9]                                
m_araddr[11]                               |m_araddr[11]                               
m_wdata[22]                                |m_wdata[22]                                
m_awaddr[0]                                |m_awaddr[0]                                
m_araddr[2]                                |m_araddr[2]                                
m_awaddr[6]                                |m_awaddr[6]                                
m_araddr[4]                                |m_araddr[4]                                
m_wdata[13]                                |m_wdata[13]                                
m_awaddr[4]                                |m_awaddr[4]                                
m_araddr[6]                                |m_araddr[6]                                
m_wdata[2]                                 |m_wdata[2]                                 
m_awaddr[7]                                |m_awaddr[7]                                
m_awaddr[11]                               |m_awaddr[11]                               
m_wstrb[3]                                 |m_wstrb[3]                                 
m_wdata[20]                                |m_wdata[20]                                
m_araddr[1]                                |m_araddr[1]                                
m_araddr[30]                               |m_araddr[30]                               
m_awaddr[13]                               |m_awaddr[13]                               
m_araddr[13]                               |m_araddr[13]                               
m_awaddr[15]                               |m_awaddr[15]                               
m_awaddr[14]                               |m_awaddr[14]                               
m_awaddr[12]                               |m_awaddr[12]                               
m_araddr[12]                               |m_araddr[12]                               
m_araddr[29]                               |m_araddr[29]                               
m_araddr[28]                               |m_araddr[28]                               
m_araddr[31]                               |m_araddr[31]                               
m_awaddr[30]                               |m_awaddr[30]                               
m_araddr[15]                               |m_araddr[15]                               
m_araddr[14]                               |m_araddr[14]                               
m_rready                                   |m_rready                                   
m_arvalid                                  |m_arvalid                                  
m_awvalid                                  |m_awvalid                                  
m_bready                                   |m_bready                                   
m_wvalid                                   |m_wvalid                                   
m_awaddr[29]                               |m_awaddr[29]                               
m_awaddr[28]                               |m_awaddr[28]                               
m_araddr[23]                               |m_araddr[23]                               
m_araddr[22]                               |m_araddr[22]                               
m_araddr[19]                               |m_araddr[19]                               
m_araddr[18]                               |m_araddr[18]                               
m_araddr[17]                               |m_araddr[17]                               
m_awaddr[31]                               |m_awaddr[31]                               
m_araddr[16]                               |m_araddr[16]                               
m_awaddr[19]                               |m_awaddr[19]                               
m_awaddr[18]                               |m_awaddr[18]                               
m_awaddr[17]                               |m_awaddr[17]                               
m_awaddr[16]                               |m_awaddr[16]                               
m_araddr[24]                               |m_araddr[24]                               
m_araddr[26]                               |m_araddr[26]                               
m_araddr[20]                               |m_araddr[20]                               
m_awaddr[23]                               |m_awaddr[23]                               
m_awaddr[27]                               |m_awaddr[27]                               
m_araddr[21]                               |m_araddr[21]                               
m_araddr[25]                               |m_araddr[25]                               
m_araddr[27]                               |m_araddr[27]                               
m_awaddr[22]                               |m_awaddr[22]                               
m_awaddr[26]                               |m_awaddr[26]                               
m_awaddr[21]                               |m_awaddr[21]                               
m_awaddr[25]                               |m_awaddr[25]                               
m_awaddr[20]                               |m_awaddr[20]                               
m_awaddr[24]                               |m_awaddr[24]                               
s_rdata[9]                                 |s_rdata[9]                                 
s_rdata[98]                                |s_rdata[98]                                
s_rdata[97]                                |s_rdata[97]                                
s_bresp[2]                                 |s_bresp[2]                                 
s_rdata[100]                               |s_rdata[100]                               
s_rdata[11]                                |s_rdata[11]                                
s_rdata[14]                                |s_rdata[14]                                
s_bresp[4]                                 |s_bresp[4]                                 
s_wready[2]                                |s_wready[2]                                
s_bvalid[2]                                |s_bvalid[2]                                
s_rdata[108]                               |s_rdata[108]                               
s_wready[1]                                |s_wready[1]                                
s_bvalid[1]                                |s_bvalid[1]                                
s_awready[1]                               |s_awready[1]                               
s_bresp[3]                                 |s_bresp[3]                                 
s_rdata[115]                               |s_rdata[115]                               
s_awready[0]                               |s_awready[0]                               
s_bresp[1]                                 |s_bresp[1]                                 
s_awready[2]                               |s_awready[2]                               
s_bresp[5]                                 |s_bresp[5]                                 
s_awready[3]                               |s_awready[3]                               
s_bresp[7]                                 |s_bresp[7]                                 
s_rdata[111]                               |s_rdata[111]                               
s_rdata[118]                               |s_rdata[118]                               
s_rdata[105]                               |s_rdata[105]                               
s_bresp[6]                                 |s_bresp[6]                                 
s_wready[3]                                |s_wready[3]                                
s_bvalid[3]                                |s_bvalid[3]                                
s_rdata[124]                               |s_rdata[124]                               
s_rdata[123]                               |s_rdata[123]                               
s_rdata[116]                               |s_rdata[116]                               
s_rdata[121]                               |s_rdata[121]                               
s_rdata[119]                               |s_rdata[119]                               
s_rdata[122]                               |s_rdata[122]                               
s_rdata[41]                                |s_rdata[41]                                
s_rdata[62]                                |s_rdata[62]                                
s_rdata[21]                                |s_rdata[21]                                
s_arready[0]                               |s_arready[0]                               
s_rdata[4]                                 |s_rdata[4]                                 
s_rdata[2]                                 |s_rdata[2]                                 
s_rdata[19]                                |s_rdata[19]                                
s_rdata[5]                                 |s_rdata[5]                                 
s_rvalid[0]                                |s_rvalid[0]                                
s_rdata[99]                                |s_rdata[99]                                
s_rdata[112]                               |s_rdata[112]                               
s_rdata[107]                               |s_rdata[107]                               
s_rdata[110]                               |s_rdata[110]                               
s_rdata[104]                               |s_rdata[104]                               
s_rdata[103]                               |s_rdata[103]                               
s_rdata[106]                               |s_rdata[106]                               
s_rdata[113]                               |s_rdata[113]                               
s_rdata[101]                               |s_rdata[101]                               
s_rdata[117]                               |s_rdata[117]                               
s_rdata[96]                                |s_rdata[96]                                
s_rdata[102]                               |s_rdata[102]                               
s_rdata[109]                               |s_rdata[109]                               
s_rdata[114]                               |s_rdata[114]                               
s_arready[3]                               |s_arready[3]                               
s_rvalid[3]                                |s_rvalid[3]                                
s_rdata[120]                               |s_rdata[120]                               
s_rdata[30]                                |s_rdata[30]                                
s_rdata[1]                                 |s_rdata[1]                                 
s_rdata[29]                                |s_rdata[29]                                
s_rdata[28]                                |s_rdata[28]                                
s_rdata[27]                                |s_rdata[27]                                
s_rdata[17]                                |s_rdata[17]                                
s_rdata[16]                                |s_rdata[16]                                
s_rdata[3]                                 |s_rdata[3]                                 
s_rdata[22]                                |s_rdata[22]                                
s_rdata[31]                                |s_rdata[31]                                
s_rresp[0]                                 |s_rresp[0]                                 
s_rresp[1]                                 |s_rresp[1]                                 
s_rdata[8]                                 |s_rdata[8]                                 
s_rdata[7]                                 |s_rdata[7]                                 
s_rdata[10]                                |s_rdata[10]                                
s_rdata[12]                                |s_rdata[12]                                
s_rdata[18]                                |s_rdata[18]                                
s_rdata[6]                                 |s_rdata[6]                                 
s_rdata[0]                                 |s_rdata[0]                                 
s_rdata[13]                                |s_rdata[13]                                
s_rdata[47]                                |s_rdata[47]                                
s_rdata[56]                                |s_rdata[56]                                
s_rdata[26]                                |s_rdata[26]                                
s_rdata[23]                                |s_rdata[23]                                
s_rdata[20]                                |s_rdata[20]                                
s_rdata[25]                                |s_rdata[25]                                
s_rdata[44]                                |s_rdata[44]                                
s_rdata[55]                                |s_rdata[55]                                
s_rdata[52]                                |s_rdata[52]                                
s_rdata[57]                                |s_rdata[57]                                
s_rdata[15]                                |s_rdata[15]                                
s_rdata[24]                                |s_rdata[24]                                
s_rdata[73]                                |s_rdata[73]                                
s_rdata[69]                                |s_rdata[69]                                
s_rdata[64]                                |s_rdata[64]                                
s_rdata[70]                                |s_rdata[70]                                
s_rdata[77]                                |s_rdata[77]                                
s_rdata[72]                                |s_rdata[72]                                
s_rdata[81]                                |s_rdata[81]                                
s_rdata[83]                                |s_rdata[83]                                
s_rdata[85]                                |s_rdata[85]                                
s_rdata[79]                                |s_rdata[79]                                
s_rdata[86]                                |s_rdata[86]                                
s_rdata[88]                                |s_rdata[88]                                
s_rdata[84]                                |s_rdata[84]                                
s_rdata[89]                                |s_rdata[89]                                
s_rdata[90]                                |s_rdata[90]                                
s_rdata[87]                                |s_rdata[87]                                
s_rdata[92]                                |s_rdata[92]                                
s_rdata[78]                                |s_rdata[78]                                
s_rdata[66]                                |s_rdata[66]                                
s_rdata[71]                                |s_rdata[71]                                
s_rdata[74]                                |s_rdata[74]                                
s_rdata[67]                                |s_rdata[67]                                
s_rdata[80]                                |s_rdata[80]                                
s_rdata[94]                                |s_rdata[94]                                
s_rdata[93]                                |s_rdata[93]                                
s_rdata[95]                                |s_rdata[95]                                
s_rresp[4]                                 |s_rresp[4]                                 
s_rresp[5]                                 |s_rresp[5]                                 
s_rvalid[2]                                |s_rvalid[2]                                
s_rdata[76]                                |s_rdata[76]                                
s_rdata[75]                                |s_rdata[75]                                
s_rdata[82]                                |s_rdata[82]                                
s_arready[2]                               |s_arready[2]                               
s_rdata[68]                                |s_rdata[68]                                
s_rdata[91]                                |s_rdata[91]                                
s_rdata[65]                                |s_rdata[65]                                
s_bresp[0]                                 |s_bresp[0]                                 
s_wready[0]                                |s_wready[0]                                
s_bvalid[0]                                |s_bvalid[0]                                
s_rdata[40]                                |s_rdata[40]                                
s_rdata[39]                                |s_rdata[39]                                
s_rdata[42]                                |s_rdata[42]                                
s_rdata[49]                                |s_rdata[49]                                
s_rdata[51]                                |s_rdata[51]                                
s_rdata[34]                                |s_rdata[34]                                
s_rdata[43]                                |s_rdata[43]                                
s_rdata[46]                                |s_rdata[46]                                
s_rdata[37]                                |s_rdata[37]                                
s_rdata[32]                                |s_rdata[32]                                
s_rdata[38]                                |s_rdata[38]                                
s_rdata[45]                                |s_rdata[45]                                
s_rdata[50]                                |s_rdata[50]                                
s_rdata[53]                                |s_rdata[53]                                
s_rdata[58]                                |s_rdata[58]                                
s_rdata[35]                                |s_rdata[35]                                
s_rdata[48]                                |s_rdata[48]                                
s_rdata[61]                                |s_rdata[61]                                
s_rdata[60]                                |s_rdata[60]                                
s_rdata[59]                                |s_rdata[59]                                
s_rdata[33]                                |s_rdata[33]                                
s_rvalid[1]                                |s_rvalid[1]                                
s_arready[1]                               |s_arready[1]                               
s_rdata[36]                                |s_rdata[36]                                
s_rdata[54]                                |s_rdata[54]                                
s_rdata[63]                                |s_rdata[63]                                
s_rresp[2]                                 |s_rresp[2]                                 
s_rresp[3]                                 |s_rresp[3]                                 
s_rdata[126]                               |s_rdata[126]                               
s_rdata[125]                               |s_rdata[125]                               
s_rresp[6]                                 |s_rresp[6]                                 
s_rresp[7]                                 |s_rresp[7]                                 
s_rdata[127]                               |s_rdata[127]                               
s_awaddr[77]                               |s_awaddr[77]                               
s_araddr[126]                              |s_araddr[126]                              
s_rready[3]                                |s_rready[3]                                
s_awvalid[0]                               |s_awvalid[0]                               
s_bready[0]                                |s_bready[0]                                
s_wvalid[0]                                |s_wvalid[0]                                
s_rready[2]                                |s_rready[2]                                
s_rready[1]                                |s_rready[1]                                
s_arvalid[3]                               |s_arvalid[3]                               
s_arvalid[2]                               |s_arvalid[2]                               
s_awvalid[2]                               |s_awvalid[2]                               
s_bready[2]                                |s_bready[2]                                
s_wvalid[2]                                |s_wvalid[2]                                
s_awvalid[3]                               |s_awvalid[3]                               
s_bready[3]                                |s_bready[3]                                
s_wvalid[3]                                |s_wvalid[3]                                
s_arvalid[1]                               |s_arvalid[1]                               
s_awvalid[1]                               |s_awvalid[1]                               
s_bready[1]                                |s_bready[1]                                
s_wvalid[1]                                |s_wvalid[1]                                
s_arvalid[0]                               |s_arvalid[0]                               
s_rready[0]                                |s_rready[0]                                
m_bvalid                                   |m_bvalid                                   
m_wready                                   |m_wready                                   
m_bresp[0]                                 |m_bresp[0]                                 
s_araddr[13]                               |s_araddr[13]                               
s_araddr[109]                              |s_araddr[109]                              
s_araddr[45]                               |s_araddr[45]                               
s_araddr[108]                              |s_araddr[108]                              
s_araddr[12]                               |s_araddr[12]                               
s_araddr[44]                               |s_araddr[44]                               
s_araddr[76]                               |s_araddr[76]                               
s_araddr[30]                               |s_araddr[30]                               
s_araddr[62]                               |s_araddr[62]                               
s_araddr[94]                               |s_araddr[94]                               
s_awaddr[108]                              |s_awaddr[108]                              
s_awaddr[12]                               |s_awaddr[12]                               
s_awaddr[44]                               |s_awaddr[44]                               
s_awaddr[76]                               |s_awaddr[76]                               
s_awaddr[110]                              |s_awaddr[110]                              
s_awaddr[14]                               |s_awaddr[14]                               
s_awaddr[46]                               |s_awaddr[46]                               
s_awaddr[78]                               |s_awaddr[78]                               
s_awaddr[111]                              |s_awaddr[111]                              
s_awaddr[15]                               |s_awaddr[15]                               
s_awaddr[47]                               |s_awaddr[47]                               
s_awaddr[79]                               |s_awaddr[79]                               
m_awready                                  |m_awready                                  
m_bresp[1]                                 |m_bresp[1]                                 
m_rdata[12]                                |m_rdata[12]                                
m_rdata[11]                                |m_rdata[11]                                
m_rdata[14]                                |m_rdata[14]                                
m_rdata[15]                                |m_rdata[15]                                
m_rdata[19]                                |m_rdata[19]                                
m_rdata[1]                                 |m_rdata[1]                                 
m_rdata[21]                                |m_rdata[21]                                
m_arready                                  |m_arready                                  
m_rdata[22]                                |m_rdata[22]                                
m_rdata[24]                                |m_rdata[24]                                
m_rdata[23]                                |m_rdata[23]                                
m_rdata[26]                                |m_rdata[26]                                
m_rdata[20]                                |m_rdata[20]                                
m_rdata[25]                                |m_rdata[25]                                
m_rdata[27]                                |m_rdata[27]                                
m_rdata[28]                                |m_rdata[28]                                
m_rdata[2]                                 |m_rdata[2]                                 
m_rdata[4]                                 |m_rdata[4]                                 
m_rdata[18]                                |m_rdata[18]                                
m_rdata[8]                                 |m_rdata[8]                                 
m_rdata[17]                                |m_rdata[17]                                
m_rdata[16]                                |m_rdata[16]                                
m_rdata[3]                                 |m_rdata[3]                                 
m_rdata[10]                                |m_rdata[10]                                
m_rdata[7]                                 |m_rdata[7]                                 
m_rdata[0]                                 |m_rdata[0]                                 
m_rdata[13]                                |m_rdata[13]                                
m_rdata[6]                                 |m_rdata[6]                                 
m_rdata[9]                                 |m_rdata[9]                                 
m_rdata[30]                                |m_rdata[30]                                
m_rdata[29]                                |m_rdata[29]                                
m_rdata[31]                                |m_rdata[31]                                
m_rresp[0]                                 |m_rresp[0]                                 
m_rresp[1]                                 |m_rresp[1]                                 
m_rvalid                                   |m_rvalid                                   
m_rdata[5]                                 |m_rdata[5]                                 
s_araddr[110]                              |s_araddr[110]                              
s_araddr[14]                               |s_araddr[14]                               
s_araddr[46]                               |s_araddr[46]                               
s_araddr[78]                               |s_araddr[78]                               
s_araddr[111]                              |s_araddr[111]                              
s_araddr[15]                               |s_araddr[15]                               
s_araddr[47]                               |s_araddr[47]                               
s_araddr[79]                               |s_araddr[79]                               
s_araddr[124]                              |s_araddr[124]                              
s_araddr[28]                               |s_araddr[28]                               
s_araddr[60]                               |s_araddr[60]                               
s_araddr[92]                               |s_araddr[92]                               
s_araddr[125]                              |s_araddr[125]                              
s_araddr[29]                               |s_araddr[29]                               
s_araddr[61]                               |s_araddr[61]                               
s_araddr[93]                               |s_araddr[93]                               
s_araddr[127]                              |s_araddr[127]                              
s_araddr[31]                               |s_araddr[31]                               
s_araddr[63]                               |s_araddr[63]                               
s_araddr[95]                               |s_araddr[95]                               
s_awaddr[126]                              |s_awaddr[126]                              
s_awaddr[30]                               |s_awaddr[30]                               
s_awaddr[62]                               |s_awaddr[62]                               
s_awaddr[94]                               |s_awaddr[94]                               
s_araddr[112]                              |s_araddr[112]                              
s_araddr[16]                               |s_araddr[16]                               
s_araddr[48]                               |s_araddr[48]                               
s_araddr[80]                               |s_araddr[80]                               
s_araddr[113]                              |s_araddr[113]                              
s_araddr[17]                               |s_araddr[17]                               
s_araddr[49]                               |s_araddr[49]                               
s_araddr[81]                               |s_araddr[81]                               
s_araddr[114]                              |s_araddr[114]                              
s_araddr[18]                               |s_araddr[18]                               
s_araddr[50]                               |s_araddr[50]                               
s_araddr[82]                               |s_araddr[82]                               
s_araddr[115]                              |s_araddr[115]                              
s_araddr[19]                               |s_araddr[19]                               
s_araddr[51]                               |s_araddr[51]                               
s_araddr[83]                               |s_araddr[83]                               
s_araddr[118]                              |s_araddr[118]                              
s_araddr[22]                               |s_araddr[22]                               
s_araddr[54]                               |s_araddr[54]                               
s_araddr[86]                               |s_araddr[86]                               
s_araddr[119]                              |s_araddr[119]                              
s_araddr[23]                               |s_araddr[23]                               
s_araddr[55]                               |s_araddr[55]                               
s_araddr[87]                               |s_araddr[87]                               
s_awaddr[124]                              |s_awaddr[124]                              
s_awaddr[28]                               |s_awaddr[28]                               
s_awaddr[60]                               |s_awaddr[60]                               
s_awaddr[92]                               |s_awaddr[92]                               
s_awaddr[125]                              |s_awaddr[125]                              
s_awaddr[29]                               |s_awaddr[29]                               
s_awaddr[61]                               |s_awaddr[61]                               
s_awaddr[93]                               |s_awaddr[93]                               
s_awaddr[127]                              |s_awaddr[127]                              
s_awaddr[31]                               |s_awaddr[31]                               
s_awaddr[63]                               |s_awaddr[63]                               
s_awaddr[95]                               |s_awaddr[95]                               
s_araddr[120]                              |s_araddr[120]                              
s_araddr[24]                               |s_araddr[24]                               
s_araddr[56]                               |s_araddr[56]                               
s_araddr[88]                               |s_araddr[88]                               
s_araddr[116]                              |s_araddr[116]                              
s_araddr[20]                               |s_araddr[20]                               
s_araddr[52]                               |s_araddr[52]                               
s_araddr[84]                               |s_araddr[84]                               
s_araddr[122]                              |s_araddr[122]                              
s_araddr[26]                               |s_araddr[26]                               
s_araddr[58]                               |s_araddr[58]                               
s_araddr[90]                               |s_araddr[90]                               
s_araddr[117]                              |s_araddr[117]                              
s_araddr[21]                               |s_araddr[21]                               
s_araddr[53]                               |s_araddr[53]                               
s_araddr[85]                               |s_araddr[85]                               
s_araddr[123]                              |s_araddr[123]                              
s_araddr[27]                               |s_araddr[27]                               
s_araddr[59]                               |s_araddr[59]                               
s_araddr[91]                               |s_araddr[91]                               
s_araddr[121]                              |s_araddr[121]                              
s_araddr[25]                               |s_araddr[25]                               
s_araddr[57]                               |s_araddr[57]                               
s_araddr[89]                               |s_araddr[89]                               
s_awaddr[112]                              |s_awaddr[112]                              
s_awaddr[16]                               |s_awaddr[16]                               
s_awaddr[48]                               |s_awaddr[48]                               
s_awaddr[80]                               |s_awaddr[80]                               
s_awaddr[113]                              |s_awaddr[113]                              
s_awaddr[17]                               |s_awaddr[17]                               
s_awaddr[49]                               |s_awaddr[49]                               
s_awaddr[81]                               |s_awaddr[81]                               
s_awaddr[114]                              |s_awaddr[114]                              
s_awaddr[18]                               |s_awaddr[18]                               
s_awaddr[50]                               |s_awaddr[50]                               
s_awaddr[82]                               |s_awaddr[82]                               
s_awaddr[115]                              |s_awaddr[115]                              
s_awaddr[19]                               |s_awaddr[19]                               
s_awaddr[51]                               |s_awaddr[51]                               
s_awaddr[83]                               |s_awaddr[83]                               
s_awaddr[120]                              |s_awaddr[120]                              
s_awaddr[24]                               |s_awaddr[24]                               
s_awaddr[56]                               |s_awaddr[56]                               
s_awaddr[88]                               |s_awaddr[88]                               
s_awaddr[116]                              |s_awaddr[116]                              
s_awaddr[20]                               |s_awaddr[20]                               
s_awaddr[52]                               |s_awaddr[52]                               
s_awaddr[84]                               |s_awaddr[84]                               
s_awaddr[121]                              |s_awaddr[121]                              
s_awaddr[25]                               |s_awaddr[25]                               
s_awaddr[57]                               |s_awaddr[57]                               
s_awaddr[89]                               |s_awaddr[89]                               
s_awaddr[117]                              |s_awaddr[117]                              
s_awaddr[21]                               |s_awaddr[21]                               
s_awaddr[53]                               |s_awaddr[53]                               
s_awaddr[85]                               |s_awaddr[85]                               
s_awaddr[122]                              |s_awaddr[122]                              
s_awaddr[26]                               |s_awaddr[26]                               
s_awaddr[58]                               |s_awaddr[58]                               
s_awaddr[90]                               |s_awaddr[90]                               
s_awaddr[118]                              |s_awaddr[118]                              
s_awaddr[22]                               |s_awaddr[22]                               
s_awaddr[54]                               |s_awaddr[54]                               
s_awaddr[86]                               |s_awaddr[86]                               
s_awaddr[123]                              |s_awaddr[123]                              
s_awaddr[27]                               |s_awaddr[27]                               
s_awaddr[59]                               |s_awaddr[59]                               
s_awaddr[91]                               |s_awaddr[91]                               
s_awaddr[119]                              |s_awaddr[119]                              
s_awaddr[23]                               |s_awaddr[23]                               
s_awaddr[55]                               |s_awaddr[55]                               
s_awaddr[87]                               |s_awaddr[87]                               
s_araddr[77]                               |s_araddr[77]                               
s_awaddr[109]                              |s_awaddr[109]                              
s_awaddr[13]                               |s_awaddr[13]                               
s_awaddr[45]                               |s_awaddr[45]                               
s_araddr[0]                                |s_araddr[0]                                
s_araddr[100]                              |s_araddr[100]                              
s_araddr[101]                              |s_araddr[101]                              
s_araddr[102]                              |s_araddr[102]                              
s_araddr[103]                              |s_araddr[103]                              
s_araddr[104]                              |s_araddr[104]                              
s_araddr[105]                              |s_araddr[105]                              
s_araddr[106]                              |s_araddr[106]                              
s_araddr[107]                              |s_araddr[107]                              
s_araddr[10]                               |s_araddr[10]                               
s_araddr[11]                               |s_araddr[11]                               
s_araddr[1]                                |s_araddr[1]                                
s_araddr[2]                                |s_araddr[2]                                
s_araddr[32]                               |s_araddr[32]                               
s_araddr[33]                               |s_araddr[33]                               
s_araddr[34]                               |s_araddr[34]                               
s_araddr[35]                               |s_araddr[35]                               
s_araddr[36]                               |s_araddr[36]                               
s_araddr[37]                               |s_araddr[37]                               
s_araddr[38]                               |s_araddr[38]                               
s_araddr[39]                               |s_araddr[39]                               
s_araddr[3]                                |s_araddr[3]                                
s_araddr[40]                               |s_araddr[40]                               
s_araddr[41]                               |s_araddr[41]                               
s_araddr[42]                               |s_araddr[42]                               
s_araddr[43]                               |s_araddr[43]                               
s_araddr[4]                                |s_araddr[4]                                
s_araddr[5]                                |s_araddr[5]                                
s_araddr[64]                               |s_araddr[64]                               
s_araddr[65]                               |s_araddr[65]                               
s_araddr[66]                               |s_araddr[66]                               
s_araddr[67]                               |s_araddr[67]                               
s_araddr[68]                               |s_araddr[68]                               
s_araddr[69]                               |s_araddr[69]                               
s_araddr[6]                                |s_araddr[6]                                
s_araddr[70]                               |s_araddr[70]                               
s_araddr[71]                               |s_araddr[71]                               
s_araddr[72]                               |s_araddr[72]                               
s_araddr[73]                               |s_araddr[73]                               
s_araddr[74]                               |s_araddr[74]                               
s_araddr[75]                               |s_araddr[75]                               
s_araddr[7]                                |s_araddr[7]                                
s_araddr[8]                                |s_araddr[8]                                
s_araddr[96]                               |s_araddr[96]                               
s_araddr[97]                               |s_araddr[97]                               
s_araddr[98]                               |s_araddr[98]                               
s_araddr[99]                               |s_araddr[99]                               
s_araddr[9]                                |s_araddr[9]                                
s_arprot[0]                                |s_arprot[0]                                
s_arprot[10]                               |s_arprot[10]                               
s_arprot[11]                               |s_arprot[11]                               
s_arprot[1]                                |s_arprot[1]                                
s_arprot[2]                                |s_arprot[2]                                
s_arprot[3]                                |s_arprot[3]                                
s_arprot[4]                                |s_arprot[4]                                
s_arprot[5]                                |s_arprot[5]                                
s_arprot[6]                                |s_arprot[6]                                
s_arprot[7]                                |s_arprot[7]                                
s_arprot[8]                                |s_arprot[8]                                
s_arprot[9]                                |s_arprot[9]                                
s_awaddr[0]                                |s_awaddr[0]                                
s_awaddr[100]                              |s_awaddr[100]                              
s_awaddr[101]                              |s_awaddr[101]                              
s_awaddr[102]                              |s_awaddr[102]                              
s_awaddr[103]                              |s_awaddr[103]                              
s_awaddr[104]                              |s_awaddr[104]                              
s_awaddr[105]                              |s_awaddr[105]                              
s_awaddr[106]                              |s_awaddr[106]                              
s_awaddr[107]                              |s_awaddr[107]                              
s_awaddr[10]                               |s_awaddr[10]                               
s_awaddr[11]                               |s_awaddr[11]                               
s_awaddr[1]                                |s_awaddr[1]                                
s_awaddr[2]                                |s_awaddr[2]                                
s_awaddr[32]                               |s_awaddr[32]                               
s_awaddr[33]                               |s_awaddr[33]                               
s_awaddr[34]                               |s_awaddr[34]                               
s_awaddr[35]                               |s_awaddr[35]                               
s_awaddr[36]                               |s_awaddr[36]                               
s_awaddr[37]                               |s_awaddr[37]                               
s_awaddr[38]                               |s_awaddr[38]                               
s_awaddr[39]                               |s_awaddr[39]                               
s_awaddr[3]                                |s_awaddr[3]                                
s_awaddr[40]                               |s_awaddr[40]                               
s_awaddr[41]                               |s_awaddr[41]                               
s_awaddr[42]                               |s_awaddr[42]                               
s_awaddr[43]                               |s_awaddr[43]                               
s_awaddr[4]                                |s_awaddr[4]                                
s_awaddr[5]                                |s_awaddr[5]                                
s_awaddr[64]                               |s_awaddr[64]                               
s_awaddr[65]                               |s_awaddr[65]                               
s_awaddr[66]                               |s_awaddr[66]                               
s_awaddr[67]                               |s_awaddr[67]                               
s_awaddr[68]                               |s_awaddr[68]                               
s_awaddr[69]                               |s_awaddr[69]                               
s_awaddr[6]                                |s_awaddr[6]                                
s_awaddr[70]                               |s_awaddr[70]                               
s_awaddr[71]                               |s_awaddr[71]                               
s_awaddr[72]                               |s_awaddr[72]                               
s_awaddr[73]                               |s_awaddr[73]                               
s_awaddr[74]                               |s_awaddr[74]                               
s_awaddr[75]                               |s_awaddr[75]                               
s_awaddr[7]                                |s_awaddr[7]                                
s_awaddr[8]                                |s_awaddr[8]                                
s_awaddr[96]                               |s_awaddr[96]                               
s_awaddr[97]                               |s_awaddr[97]                               
s_awaddr[98]                               |s_awaddr[98]                               
s_awaddr[99]                               |s_awaddr[99]                               
s_awaddr[9]                                |s_awaddr[9]                                
s_awprot[0]                                |s_awprot[0]                                
s_awprot[10]                               |s_awprot[10]                               
s_awprot[11]                               |s_awprot[11]                               
s_awprot[1]                                |s_awprot[1]                                
s_awprot[2]                                |s_awprot[2]                                
s_awprot[3]                                |s_awprot[3]                                
s_awprot[4]                                |s_awprot[4]                                
s_awprot[5]                                |s_awprot[5]                                
s_awprot[6]                                |s_awprot[6]                                
s_awprot[7]                                |s_awprot[7]                                
s_awprot[8]                                |s_awprot[8]                                
s_awprot[9]                                |s_awprot[9]                                
s_wdata[0]                                 |s_wdata[0]                                 
s_wdata[100]                               |s_wdata[100]                               
s_wdata[101]                               |s_wdata[101]                               
s_wdata[102]                               |s_wdata[102]                               
s_wdata[103]                               |s_wdata[103]                               
s_wdata[104]                               |s_wdata[104]                               
s_wdata[105]                               |s_wdata[105]                               
s_wdata[106]                               |s_wdata[106]                               
s_wdata[107]                               |s_wdata[107]                               
s_wdata[108]                               |s_wdata[108]                               
s_wdata[109]                               |s_wdata[109]                               
s_wdata[10]                                |s_wdata[10]                                
s_wdata[110]                               |s_wdata[110]                               
s_wdata[111]                               |s_wdata[111]                               
s_wdata[112]                               |s_wdata[112]                               
s_wdata[113]                               |s_wdata[113]                               
s_wdata[114]                               |s_wdata[114]                               
s_wdata[115]                               |s_wdata[115]                               
s_wdata[116]                               |s_wdata[116]                               
s_wdata[117]                               |s_wdata[117]                               
s_wdata[118]                               |s_wdata[118]                               
s_wdata[119]                               |s_wdata[119]                               
s_wdata[11]                                |s_wdata[11]                                
s_wdata[120]                               |s_wdata[120]                               
s_wdata[121]                               |s_wdata[121]                               
s_wdata[122]                               |s_wdata[122]                               
s_wdata[123]                               |s_wdata[123]                               
s_wdata[124]                               |s_wdata[124]                               
s_wdata[125]                               |s_wdata[125]                               
s_wdata[126]                               |s_wdata[126]                               
s_wdata[127]                               |s_wdata[127]                               
s_wdata[12]                                |s_wdata[12]                                
s_wdata[13]                                |s_wdata[13]                                
s_wdata[14]                                |s_wdata[14]                                
s_wdata[15]                                |s_wdata[15]                                
s_wdata[16]                                |s_wdata[16]                                
s_wdata[17]                                |s_wdata[17]                                
s_wdata[18]                                |s_wdata[18]                                
s_wdata[19]                                |s_wdata[19]                                
s_wdata[1]                                 |s_wdata[1]                                 
s_wdata[20]                                |s_wdata[20]                                
s_wdata[21]                                |s_wdata[21]                                
s_wdata[22]                                |s_wdata[22]                                
s_wdata[23]                                |s_wdata[23]                                
s_wdata[24]                                |s_wdata[24]                                
s_wdata[25]                                |s_wdata[25]                                
s_wdata[26]                                |s_wdata[26]                                
s_wdata[27]                                |s_wdata[27]                                
s_wdata[28]                                |s_wdata[28]                                
s_wdata[29]                                |s_wdata[29]                                
s_wdata[2]                                 |s_wdata[2]                                 
s_wdata[30]                                |s_wdata[30]                                
s_wdata[31]                                |s_wdata[31]                                
s_wdata[32]                                |s_wdata[32]                                
s_wdata[33]                                |s_wdata[33]                                
s_wdata[34]                                |s_wdata[34]                                
s_wdata[35]                                |s_wdata[35]                                
s_wdata[36]                                |s_wdata[36]                                
s_wdata[37]                                |s_wdata[37]                                
s_wdata[38]                                |s_wdata[38]                                
s_wdata[39]                                |s_wdata[39]                                
s_wdata[3]                                 |s_wdata[3]                                 
s_wdata[40]                                |s_wdata[40]                                
s_wdata[41]                                |s_wdata[41]                                
s_wdata[42]                                |s_wdata[42]                                
s_wdata[43]                                |s_wdata[43]                                
s_wdata[44]                                |s_wdata[44]                                
s_wdata[45]                                |s_wdata[45]                                
s_wdata[46]                                |s_wdata[46]                                
s_wdata[47]                                |s_wdata[47]                                
s_wdata[48]                                |s_wdata[48]                                
s_wdata[49]                                |s_wdata[49]                                
s_wdata[4]                                 |s_wdata[4]                                 
s_wdata[50]                                |s_wdata[50]                                
s_wdata[51]                                |s_wdata[51]                                
s_wdata[52]                                |s_wdata[52]                                
s_wdata[53]                                |s_wdata[53]                                
s_wdata[54]                                |s_wdata[54]                                
s_wdata[55]                                |s_wdata[55]                                
s_wdata[56]                                |s_wdata[56]                                
s_wdata[57]                                |s_wdata[57]                                
s_wdata[58]                                |s_wdata[58]                                
s_wdata[59]                                |s_wdata[59]                                
s_wdata[5]                                 |s_wdata[5]                                 
s_wdata[60]                                |s_wdata[60]                                
s_wdata[61]                                |s_wdata[61]                                
s_wdata[62]                                |s_wdata[62]                                
s_wdata[63]                                |s_wdata[63]                                
s_wdata[64]                                |s_wdata[64]                                
s_wdata[65]                                |s_wdata[65]                                
s_wdata[66]                                |s_wdata[66]                                
s_wdata[67]                                |s_wdata[67]                                
s_wdata[68]                                |s_wdata[68]                                
s_wdata[69]                                |s_wdata[69]                                
s_wdata[6]                                 |s_wdata[6]                                 
s_wdata[70]                                |s_wdata[70]                                
s_wdata[71]                                |s_wdata[71]                                
s_wdata[72]                                |s_wdata[72]                                
s_wdata[73]                                |s_wdata[73]                                
s_wdata[74]                                |s_wdata[74]                                
s_wdata[75]                                |s_wdata[75]                                
s_wdata[76]                                |s_wdata[76]                                
s_wdata[77]                                |s_wdata[77]                                
s_wdata[78]                                |s_wdata[78]                                
s_wdata[79]                                |s_wdata[79]                                
s_wdata[7]                                 |s_wdata[7]                                 
s_wdata[80]                                |s_wdata[80]                                
s_wdata[81]                                |s_wdata[81]                                
s_wdata[82]                                |s_wdata[82]                                
s_wdata[83]                                |s_wdata[83]                                
s_wdata[84]                                |s_wdata[84]                                
s_wdata[85]                                |s_wdata[85]                                
s_wdata[86]                                |s_wdata[86]                                
s_wdata[87]                                |s_wdata[87]                                
s_wdata[88]                                |s_wdata[88]                                
s_wdata[89]                                |s_wdata[89]                                
s_wdata[8]                                 |s_wdata[8]                                 
s_wdata[90]                                |s_wdata[90]                                
s_wdata[91]                                |s_wdata[91]                                
s_wdata[92]                                |s_wdata[92]                                
s_wdata[93]                                |s_wdata[93]                                
s_wdata[94]                                |s_wdata[94]                                
s_wdata[95]                                |s_wdata[95]                                
s_wdata[96]                                |s_wdata[96]                                
s_wdata[97]                                |s_wdata[97]                                
s_wdata[98]                                |s_wdata[98]                                
s_wdata[99]                                |s_wdata[99]                                
s_wdata[9]                                 |s_wdata[9]                                 
s_wstrb[0]                                 |s_wstrb[0]                                 
s_wstrb[10]                                |s_wstrb[10]                                
s_wstrb[11]                                |s_wstrb[11]                                
s_wstrb[12]                                |s_wstrb[12]                                
s_wstrb[13]                                |s_wstrb[13]                                
s_wstrb[14]                                |s_wstrb[14]                                
s_wstrb[15]                                |s_wstrb[15]                                
s_wstrb[1]                                 |s_wstrb[1]                                 
s_wstrb[2]                                 |s_wstrb[2]                                 
s_wstrb[3]                                 |s_wstrb[3]                                 
s_wstrb[4]                                 |s_wstrb[4]                                 
s_wstrb[5]                                 |s_wstrb[5]                                 
s_wstrb[6]                                 |s_wstrb[6]                                 
s_wstrb[7]                                 |s_wstrb[7]                                 
s_wstrb[8]                                 |s_wstrb[8]                                 
s_wstrb[9]                                 |s_wstrb[9]                                 
VDD                                        |VDD                                        
VSS                                        |VSS                                        
clk_i                                      |clk_i                                      
rst_ni                                     |rst_ni                                     
---------------------------------------------------------------------------------------
Cell pin lists are equivalent.
Device classes interconnect_macro and interconnect_macro are equivalent.

Final result: Circuits match uniquely.
.
