+ analyze_power_grid -net VDD -voltage_file /home/jaikrishn/Documents/hardware/picorv32_axi4lite_port/phyisical_design/macros/picorv32/runs/run_6/56-openroad-irdropreport/net-VDD.csv
[INFO PSM-0040] All shapes on net VDD are connected.
########## IR report #################
Net              : VDD
Corner           : nom_typ_1p20V_25C
Total power      : 2.31e-02 W
Supply voltage   : 1.20e+00 V
Worstcase voltage: 1.20e+00 V
Average voltage  : 1.20e+00 V
Average IR drop  : 1.69e-04 V
Worstcase IR drop: 3.28e-03 V
Percentage drop  : 0.27 %
######################################
+ analyze_power_grid -net VSS -voltage_file /home/jaikrishn/Documents/hardware/picorv32_axi4lite_port/phyisical_design/macros/picorv32/runs/run_6/56-openroad-irdropreport/net-VSS.csv
[INFO PSM-0040] All shapes on net VSS are connected.
########## IR report #################
Net              : VSS
Corner           : nom_typ_1p20V_25C
Total power      : 2.31e-02 W
Supply voltage   : 0.00e+00 V
Worstcase voltage: 3.01e-03 V
Average voltage  : 1.71e-04 V
Average IR drop  : 1.71e-04 V
Worstcase IR drop: 3.01e-03 V
Percentage drop  : 0.25 %
######################################
