2026-09-16 22:40:03 +0530: Memory Usage (422708K) : Starting running IHP-SG13G2 KLayout DRC runset on /home/jaikrishn/Documents/hardware/picorv32_axi4lite_port/phyisical_design/macros/picorv32/runs/run_7/58-klayout-streamout/picorv32_macro.gds
2026-09-16 22:40:03 +0530: Memory Usage (422708K) : Ruby Version for klayout: 3.3.10
2026-09-16 22:40:03 +0530: Memory Usage (431648K) : Loading database to memory is complete.
2026-09-16 22:40:03 +0530: Memory Usage (431648K) : IHP-SG13G2 KLayout DRC runset output at: /home/jaikrishn/Documents/hardware/picorv32_axi4lite_port/phyisical_design/macros/picorv32/runs/run_7/65-klayout-drc/reports/drc.klayout.lyrdb
2026-09-16 22:40:03 +0530: Memory Usage (431832K) : Evaluate switches.
2026-09-16 22:40:03 +0530: Memory Usage (431832K) : tables selected: main
2026-09-16 22:40:03 +0530: Memory Usage (431832K) : KLayout will use 12 thread(s) in tiling mode.
2026-09-16 22:40:03 +0530: Memory Usage (431832K) : deep mode is enabled.
2026-09-16 22:40:03 +0530: Memory Usage (431832K) : FEOL enabled: true
2026-09-16 22:40:03 +0530: Memory Usage (431832K) : BEOL enabled: true
2026-09-16 22:40:03 +0530: Memory Usage (431832K) : OFFGRID enabled: true
2026-09-16 22:40:03 +0530: Memory Usage (431832K) : ANGLE enabled: true
2026-09-16 22:40:03 +0530: Memory Usage (431832K) : PIN enabled: true
2026-09-16 22:40:03 +0530: Memory Usage (431832K) : FORBIDDEN enabled: true
2026-09-16 22:40:03 +0530: Memory Usage (431832K) : RECOMMENDED enabled: false
2026-09-16 22:40:03 +0530: Memory Usage (431832K) : PreCheck DRC enabled: false
2026-09-16 22:40:03 +0530: Memory Usage (431832K) : CONNECTIVITY_RULES enabled: true.
2026-09-16 22:40:03 +0530: Memory Usage (431832K) : Read in polygons from layers.
2026-09-16 22:40:03 +0530: Memory Usage (437760K) : activ_drw has 177829 polygons
2026-09-16 22:40:03 +0530: Memory Usage (437760K) : activ_pin has 0 polygons
2026-09-16 22:40:03 +0530: Memory Usage (437760K) : activ_mask has 0 polygons
2026-09-16 22:40:03 +0530: Memory Usage (437760K) : activ_filler has 0 polygons
2026-09-16 22:40:03 +0530: Memory Usage (437760K) : activ_nofill has 0 polygons
2026-09-16 22:40:03 +0530: Memory Usage (437760K) : activ_opc has 0 polygons
2026-09-16 22:40:03 +0530: Memory Usage (437760K) : activ_iopc has 0 polygons
2026-09-16 22:40:03 +0530: Memory Usage (437760K) : activ_noqrc has 0 polygons
2026-09-16 22:40:03 +0530: Memory Usage (437760K) : biwind_drw has 0 polygons
2026-09-16 22:40:03 +0530: Memory Usage (437760K) : biwind_opc has 0 polygons
2026-09-16 22:40:03 +0530: Memory Usage (437760K) : pemwind_drw has 0 polygons
2026-09-16 22:40:03 +0530: Memory Usage (437760K) : gatpoly_drw has 173385 polygons
2026-09-16 22:40:03 +0530: Memory Usage (437760K) : gatpoly_pin has 0 polygons
2026-09-16 22:40:03 +0530: Memory Usage (437760K) : gatpoly_filler has 0 polygons
2026-09-16 22:40:03 +0530: Memory Usage (437760K) : gatpoly_nofill has 0 polygons
2026-09-16 22:40:03 +0530: Memory Usage (437760K) : gatpoly_opc has 0 polygons
2026-09-16 22:40:03 +0530: Memory Usage (437760K) : gatpoly_iopc has 0 polygons
2026-09-16 22:40:03 +0530: Memory Usage (437760K) : gatpoly_noqrc has 0 polygons
2026-09-16 22:40:03 +0530: Memory Usage (439808K) : cont_drw has 1295256 polygons
2026-09-16 22:40:03 +0530: Memory Usage (439808K) : cont_opc has 0 polygons
2026-09-16 22:40:03 +0530: Memory Usage (439808K) : nsd_drw has 0 polygons
2026-09-16 22:40:03 +0530: Memory Usage (439808K) : nsd_block has 0 polygons
2026-09-16 22:40:03 +0530: Memory Usage (439808K) : metal1_drw has 299485 polygons
2026-09-16 22:40:03 +0530: Memory Usage (439808K) : metal1_pin has 120724 polygons
2026-09-16 22:40:03 +0530: Memory Usage (439808K) : metal1_mask has 0 polygons
2026-09-16 22:40:03 +0530: Memory Usage (439808K) : metal1_filler has 0 polygons
2026-09-16 22:40:03 +0530: Memory Usage (439808K) : metal1_nofill has 0 polygons
2026-09-16 22:40:03 +0530: Memory Usage (439808K) : metal1_slit has 0 polygons
2026-09-16 22:40:03 +0530: Memory Usage (439964K) : metal1_text has 119259 polygons
2026-09-16 22:40:03 +0530: Memory Usage (439964K) : metal1_opc has 0 polygons
2026-09-16 22:40:03 +0530: Memory Usage (439964K) : metal1_noqrc has 0 polygons
2026-09-16 22:40:03 +0530: Memory Usage (439964K) : metal1_res has 0 polygons
2026-09-16 22:40:03 +0530: Memory Usage (439964K) : metal1_iprobe has 0 polygons
2026-09-16 22:40:03 +0530: Memory Usage (439964K) : metal1_diffprb has 0 polygons
2026-09-16 22:40:03 +0530: Memory Usage (439964K) : passiv_drw has 0 polygons
2026-09-16 22:40:03 +0530: Memory Usage (439964K) : passiv_pin has 0 polygons
2026-09-16 22:40:03 +0530: Memory Usage (439964K) : passiv_sbump has 0 polygons
2026-09-16 22:40:03 +0530: Memory Usage (439964K) : passiv_pillar has 0 polygons
2026-09-16 22:40:03 +0530: Memory Usage (439964K) : passiv_pdl has 0 polygons
2026-09-16 22:40:03 +0530: Memory Usage (442012K) : metal2_drw has 147390 polygons
2026-09-16 22:40:03 +0530: Memory Usage (442012K) : metal2_pin has 78 polygons
2026-09-16 22:40:03 +0530: Memory Usage (442012K) : metal2_mask has 0 polygons
2026-09-16 22:40:03 +0530: Memory Usage (442012K) : metal2_filler has 0 polygons
2026-09-16 22:40:03 +0530: Memory Usage (442012K) : metal2_nofill has 0 polygons
2026-09-16 22:40:03 +0530: Memory Usage (442012K) : metal2_slit has 0 polygons
2026-09-16 22:40:03 +0530: Memory Usage (442012K) : metal2_text has 78 polygons
2026-09-16 22:40:03 +0530: Memory Usage (442012K) : metal2_opc has 0 polygons
2026-09-16 22:40:03 +0530: Memory Usage (442012K) : metal2_noqrc has 0 polygons
2026-09-16 22:40:03 +0530: Memory Usage (442012K) : metal2_res has 0 polygons
2026-09-16 22:40:03 +0530: Memory Usage (442012K) : metal2_iprobe has 0 polygons
2026-09-16 22:40:03 +0530: Memory Usage (442012K) : metal2_diffprb has 0 polygons
2026-09-16 22:40:03 +0530: Memory Usage (442012K) : baspoly_drw has 0 polygons
2026-09-16 22:40:03 +0530: Memory Usage (442012K) : baspoly_pin has 0 polygons
2026-09-16 22:40:03 +0530: Memory Usage (442012K) : psd_drw has 82363 polygons
2026-09-16 22:40:03 +0530: Memory Usage (442012K) : nldb_drw has 0 polygons
2026-09-16 22:40:03 +0530: Memory Usage (442012K) : digibnd_drw has 0 polygons
2026-09-16 22:40:03 +0530: Memory Usage (442012K) : via1_drw has 46769 polygons
2026-09-16 22:40:03 +0530: Memory Usage (442012K) : backmetal1_drw has 0 polygons
2026-09-16 22:40:03 +0530: Memory Usage (442012K) : backmetal1_pin has 0 polygons
2026-09-16 22:40:03 +0530: Memory Usage (442012K) : backmetal1_mask has 0 polygons
2026-09-16 22:40:03 +0530: Memory Usage (442012K) : backmetal1_filler has 0 polygons
2026-09-16 22:40:03 +0530: Memory Usage (442012K) : backmetal1_nofill has 0 polygons
2026-09-16 22:40:03 +0530: Memory Usage (442012K) : backmetal1_slit has 0 polygons
2026-09-16 22:40:03 +0530: Memory Usage (442012K) : backmetal1_text has 0 polygons
2026-09-16 22:40:03 +0530: Memory Usage (442012K) : backmetal1_opc has 0 polygons
2026-09-16 22:40:04 +0530: Memory Usage (442012K) : backmetal1_noqrc has 0 polygons
2026-09-16 22:40:04 +0530: Memory Usage (442012K) : backmetal1_res has 0 polygons
2026-09-16 22:40:04 +0530: Memory Usage (442012K) : backmetal1_iprobe has 0 polygons
2026-09-16 22:40:04 +0530: Memory Usage (442012K) : backmetal1_diffprb has 0 polygons
2026-09-16 22:40:04 +0530: Memory Usage (442012K) : backpassiv_drw has 0 polygons
2026-09-16 22:40:04 +0530: Memory Usage (442012K) : res_drw has 0 polygons
2026-09-16 22:40:04 +0530: Memory Usage (442012K) : sram_drw has 0 polygons
2026-09-16 22:40:04 +0530: Memory Usage (442012K) : trans_drw has 0 polygons
2026-09-16 22:40:04 +0530: Memory Usage (442012K) : ind_drw has 0 polygons
2026-09-16 22:40:04 +0530: Memory Usage (442012K) : ind_pin has 0 polygons
2026-09-16 22:40:04 +0530: Memory Usage (442012K) : ind_text has 0 polygons
2026-09-16 22:40:04 +0530: Memory Usage (442012K) : salblock_drw has 0 polygons
2026-09-16 22:40:04 +0530: Memory Usage (442012K) : via2_drw has 47981 polygons
2026-09-16 22:40:04 +0530: Memory Usage (442012K) : metal3_drw has 75969 polygons
2026-09-16 22:40:04 +0530: Memory Usage (442012K) : metal3_pin has 73 polygons
2026-09-16 22:40:04 +0530: Memory Usage (442012K) : metal3_mask has 0 polygons
2026-09-16 22:40:04 +0530: Memory Usage (442012K) : metal3_filler has 0 polygons
2026-09-16 22:40:04 +0530: Memory Usage (442012K) : metal3_nofill has 0 polygons
2026-09-16 22:40:04 +0530: Memory Usage (442012K) : metal3_slit has 0 polygons
2026-09-16 22:40:04 +0530: Memory Usage (442012K) : metal3_text has 73 polygons
2026-09-16 22:40:04 +0530: Memory Usage (442012K) : metal3_opc has 0 polygons
2026-09-16 22:40:04 +0530: Memory Usage (442012K) : metal3_noqrc has 0 polygons
2026-09-16 22:40:04 +0530: Memory Usage (442012K) : metal3_res has 0 polygons
2026-09-16 22:40:04 +0530: Memory Usage (442012K) : metal3_iprobe has 0 polygons
2026-09-16 22:40:04 +0530: Memory Usage (442012K) : metal3_diffprb has 0 polygons
2026-09-16 22:40:04 +0530: Memory Usage (442012K) : nwell_drw has 41110 polygons
2026-09-16 22:40:04 +0530: Memory Usage (442012K) : nwell_pin has 0 polygons
2026-09-16 22:40:04 +0530: Memory Usage (442012K) : nbulay_drw has 0 polygons
2026-09-16 22:40:04 +0530: Memory Usage (442012K) : nbulay_pin has 0 polygons
2026-09-16 22:40:04 +0530: Memory Usage (442012K) : nbulay_block has 0 polygons
2026-09-16 22:40:04 +0530: Memory Usage (442012K) : emwind_drw has 0 polygons
2026-09-16 22:40:04 +0530: Memory Usage (442012K) : emwind_opc has 0 polygons
2026-09-16 22:40:04 +0530: Memory Usage (442012K) : deepco_drw has 0 polygons
2026-09-16 22:40:04 +0530: Memory Usage (442012K) : deepco_drw has 0 polygons
2026-09-16 22:40:04 +0530: Memory Usage (442012K) : mim_drw has 0 polygons
2026-09-16 22:40:04 +0530: Memory Usage (442012K) : edgeseal_drw has 0 polygons
2026-09-16 22:40:04 +0530: Memory Usage (442012K) : edgeseal_bound has 0 polygons
2026-09-16 22:40:04 +0530: Memory Usage (442012K) : substrate_drw has 0 polygons
2026-09-16 22:40:04 +0530: Memory Usage (442012K) : substrate_text has 0 polygons
2026-09-16 22:40:04 +0530: Memory Usage (442012K) : dfpad_drw has 0 polygons
2026-09-16 22:40:04 +0530: Memory Usage (442012K) : dfpad_pillar has 0 polygons
2026-09-16 22:40:04 +0530: Memory Usage (442012K) : dfpad_sbump has 0 polygons
2026-09-16 22:40:04 +0530: Memory Usage (442012K) : thickgateox_drw has 0 polygons
2026-09-16 22:40:04 +0530: Memory Usage (442012K) : pldb_drw has 0 polygons
2026-09-16 22:40:04 +0530: Memory Usage (442012K) : pwell_drw has 0 polygons
2026-09-16 22:40:04 +0530: Memory Usage (442012K) : pwell_pin has 0 polygons
2026-09-16 22:40:04 +0530: Memory Usage (442012K) : pwell_block has 0 polygons
2026-09-16 22:40:04 +0530: Memory Usage (442012K) : ic_drw has 0 polygons
2026-09-16 22:40:04 +0530: Memory Usage (442012K) : via3_drw has 13283 polygons
2026-09-16 22:40:04 +0530: Memory Usage (442012K) : metal4_drw has 10261 polygons
2026-09-16 22:40:04 +0530: Memory Usage (442012K) : metal4_pin has 0 polygons
2026-09-16 22:40:04 +0530: Memory Usage (442012K) : metal4_mask has 0 polygons
2026-09-16 22:40:04 +0530: Memory Usage (442012K) : metal4_filler has 0 polygons
2026-09-16 22:40:04 +0530: Memory Usage (442012K) : metal4_nofill has 0 polygons
2026-09-16 22:40:04 +0530: Memory Usage (442012K) : metal4_slit has 0 polygons
2026-09-16 22:40:04 +0530: Memory Usage (442012K) : metal4_text has 0 polygons
2026-09-16 22:40:04 +0530: Memory Usage (442012K) : metal4_opc has 0 polygons
2026-09-16 22:40:04 +0530: Memory Usage (442012K) : metal4_noqrc has 0 polygons
2026-09-16 22:40:04 +0530: Memory Usage (442012K) : metal4_res has 0 polygons
2026-09-16 22:40:04 +0530: Memory Usage (442012K) : metal4_iprobe has 0 polygons
2026-09-16 22:40:04 +0530: Memory Usage (442012K) : metal4_diffprb has 0 polygons
2026-09-16 22:40:04 +0530: Memory Usage (442012K) : heattrans_drw has 0 polygons
2026-09-16 22:40:04 +0530: Memory Usage (442012K) : heatres_drw has 0 polygons
2026-09-16 22:40:04 +0530: Memory Usage (442012K) : pempoly_drw has 0 polygons
2026-09-16 22:40:04 +0530: Memory Usage (442012K) : fbe_drw has 0 polygons
2026-09-16 22:40:04 +0530: Memory Usage (442012K) : empoly_drw has 0 polygons
2026-09-16 22:40:04 +0530: Memory Usage (442012K) : ldmos_drw has 0 polygons
2026-09-16 22:40:04 +0530: Memory Usage (442012K) : pbiwind_drw has 0 polygons
2026-09-16 22:40:04 +0530: Memory Usage (442012K) : digisub_drw has 0 polygons
2026-09-16 22:40:04 +0530: Memory Usage (442012K) : nodrc_drw has 0 polygons
2026-09-16 22:40:04 +0530: Memory Usage (442012K) : text_drw has 60 polygons
2026-09-16 22:40:04 +0530: Memory Usage (442012K) : via4_drw has 9647 polygons
2026-09-16 22:40:04 +0530: Memory Usage (442012K) : metal5_drw has 6044 polygons
2026-09-16 22:40:04 +0530: Memory Usage (442012K) : metal5_pin has 0 polygons
2026-09-16 22:40:04 +0530: Memory Usage (442012K) : metal5_mask has 0 polygons
2026-09-16 22:40:04 +0530: Memory Usage (442012K) : metal5_filler has 0 polygons
2026-09-16 22:40:04 +0530: Memory Usage (442012K) : metal5_nofill has 0 polygons
2026-09-16 22:40:04 +0530: Memory Usage (442012K) : metal5_slit has 0 polygons
2026-09-16 22:40:04 +0530: Memory Usage (442012K) : metal5_text has 0 polygons
2026-09-16 22:40:04 +0530: Memory Usage (442012K) : metal5_opc has 0 polygons
2026-09-16 22:40:04 +0530: Memory Usage (442012K) : metal5_noqrc has 0 polygons
2026-09-16 22:40:04 +0530: Memory Usage (442012K) : metal5_res has 0 polygons
2026-09-16 22:40:04 +0530: Memory Usage (442012K) : metal5_iprobe has 0 polygons
2026-09-16 22:40:04 +0530: Memory Usage (442012K) : metal5_diffprb has 0 polygons
2026-09-16 22:40:04 +0530: Memory Usage (442012K) : radhard_drw has 0 polygons
2026-09-16 22:40:04 +0530: Memory Usage (442012K) : memcap_drw has 0 polygons
2026-09-16 22:40:04 +0530: Memory Usage (442012K) : varicap_drw has 0 polygons
2026-09-16 22:40:05 +0530: Memory Usage (442012K) : flash_drw has 0 polygons
2026-09-16 22:40:05 +0530: Memory Usage (442012K) : intbondvia_drw has 0 polygons
2026-09-16 22:40:05 +0530: Memory Usage (442012K) : intbondmet_drw has 0 polygons
2026-09-16 22:40:05 +0530: Memory Usage (442012K) : devbondvia_drw has 0 polygons
2026-09-16 22:40:05 +0530: Memory Usage (442012K) : devbondmet_drw has 0 polygons
2026-09-16 22:40:05 +0530: Memory Usage (442012K) : devtrench_drw has 0 polygons
2026-09-16 22:40:05 +0530: Memory Usage (442012K) : redist_drw has 0 polygons
2026-09-16 22:40:05 +0530: Memory Usage (442012K) : graphbot_drw has 0 polygons
2026-09-16 22:40:05 +0530: Memory Usage (442012K) : graphtop_drw has 0 polygons
2026-09-16 22:40:05 +0530: Memory Usage (442012K) : antvia1_drw has 0 polygons
2026-09-16 22:40:05 +0530: Memory Usage (442012K) : antmetal2_drw has 0 polygons
2026-09-16 22:40:05 +0530: Memory Usage (442012K) : graphcont_drw has 0 polygons
2026-09-16 22:40:05 +0530: Memory Usage (442012K) : siwg_drw has 0 polygons
2026-09-16 22:40:05 +0530: Memory Usage (442012K) : siwg_filler has 0 polygons
2026-09-16 22:40:05 +0530: Memory Usage (442012K) : siwg_nofill has 0 polygons
2026-09-16 22:40:05 +0530: Memory Usage (442012K) : sigrating_drw has 0 polygons
2026-09-16 22:40:05 +0530: Memory Usage (442012K) : singrating_drw has 0 polygons
2026-09-16 22:40:05 +0530: Memory Usage (442012K) : graphpas_drw has 0 polygons
2026-09-16 22:40:05 +0530: Memory Usage (442012K) : emwind3_drw has 0 polygons
2026-09-16 22:40:05 +0530: Memory Usage (442012K) : emwihv3_drw has 0 polygons
2026-09-16 22:40:05 +0530: Memory Usage (442012K) : redbulay_drw has 0 polygons
2026-09-16 22:40:05 +0530: Memory Usage (442012K) : smos_drw has 0 polygons
2026-09-16 22:40:05 +0530: Memory Usage (442012K) : graphpad_drw has 0 polygons
2026-09-16 22:40:05 +0530: Memory Usage (442012K) : polimide_drw has 0 polygons
2026-09-16 22:40:05 +0530: Memory Usage (442012K) : polimide_pin has 0 polygons
2026-09-16 22:40:05 +0530: Memory Usage (442012K) : recog_drw has 0 polygons
2026-09-16 22:40:05 +0530: Memory Usage (442012K) : recog_pin has 0 polygons
2026-09-16 22:40:05 +0530: Memory Usage (442012K) : recog_esd has 0 polygons
2026-09-16 22:40:05 +0530: Memory Usage (442012K) : recog_diode has 60 polygons
2026-09-16 22:40:05 +0530: Memory Usage (442012K) : recog_tsv has 0 polygons
2026-09-16 22:40:05 +0530: Memory Usage (442012K) : recog_iprobe has 0 polygons
2026-09-16 22:40:05 +0530: Memory Usage (442012K) : recog_diffprb has 0 polygons
2026-09-16 22:40:05 +0530: Memory Usage (442012K) : recog_pillar has 0 polygons
2026-09-16 22:40:05 +0530: Memory Usage (442012K) : recog_sbump has 0 polygons
2026-09-16 22:40:05 +0530: Memory Usage (442012K) : recog_otp has 0 polygons
2026-09-16 22:40:05 +0530: Memory Usage (442012K) : recog_pdiode has 0 polygons
2026-09-16 22:40:05 +0530: Memory Usage (442012K) : recog_mom has 0 polygons
2026-09-16 22:40:05 +0530: Memory Usage (442012K) : recog_momf has 0 polygons
2026-09-16 22:40:05 +0530: Memory Usage (442012K) : recog_pcm has 0 polygons
2026-09-16 22:40:05 +0530: Memory Usage (442012K) : colopen_drw has 0 polygons
2026-09-16 22:40:05 +0530: Memory Usage (442012K) : graphmetal1_drw has 0 polygons
2026-09-16 22:40:05 +0530: Memory Usage (442012K) : graphmetal1_filler has 0 polygons
2026-09-16 22:40:05 +0530: Memory Usage (442012K) : graphmetal1_nofill has 0 polygons
2026-09-16 22:40:05 +0530: Memory Usage (442012K) : graphmetal1_slit has 0 polygons
2026-09-16 22:40:05 +0530: Memory Usage (442012K) : graphmetal1_opc has 0 polygons
2026-09-16 22:40:05 +0530: Memory Usage (442012K) : graphmet1l_drw has 0 polygons
2026-09-16 22:40:05 +0530: Memory Usage (442012K) : graphmet1l_filler has 0 polygons
2026-09-16 22:40:05 +0530: Memory Usage (442012K) : graphmet1l_nofill has 0 polygons
2026-09-16 22:40:05 +0530: Memory Usage (442012K) : graphmet1l_slit has 0 polygons
2026-09-16 22:40:05 +0530: Memory Usage (442012K) : graphmet1l_opc has 0 polygons
2026-09-16 22:40:05 +0530: Memory Usage (442012K) : extblock_drw has 0 polygons
2026-09-16 22:40:05 +0530: Memory Usage (442012K) : nldd_drw has 0 polygons
2026-09-16 22:40:05 +0530: Memory Usage (442012K) : pldd_drw has 0 polygons
2026-09-16 22:40:05 +0530: Memory Usage (442012K) : next_drw has 0 polygons
2026-09-16 22:40:05 +0530: Memory Usage (442012K) : pext_drw has 0 polygons
2026-09-16 22:40:05 +0530: Memory Usage (442012K) : nexthv_drw has 0 polygons
2026-09-16 22:40:05 +0530: Memory Usage (442012K) : pexthv_drw has 0 polygons
2026-09-16 22:40:05 +0530: Memory Usage (442012K) : graphgate_drw has 0 polygons
2026-09-16 22:40:05 +0530: Memory Usage (442012K) : sinwg_drw has 0 polygons
2026-09-16 22:40:05 +0530: Memory Usage (442012K) : sinwg_filler has 0 polygons
2026-09-16 22:40:05 +0530: Memory Usage (442012K) : sinwg_nofill has 0 polygons
2026-09-16 22:40:05 +0530: Memory Usage (442012K) : mempad_drw has 0 polygons
2026-09-16 22:40:05 +0530: Memory Usage (442012K) : topvia1_drw has 3766 polygons
2026-09-16 22:40:05 +0530: Memory Usage (442012K) : topmetal1_drw has 2129 polygons
2026-09-16 22:40:05 +0530: Memory Usage (442012K) : topmetal1_pin has 20 polygons
2026-09-16 22:40:05 +0530: Memory Usage (442012K) : topmetal1_mask has 0 polygons
2026-09-16 22:40:05 +0530: Memory Usage (442012K) : topmetal1_filler has 0 polygons
2026-09-16 22:40:05 +0530: Memory Usage (442012K) : topmetal1_nofill has 0 polygons
2026-09-16 22:40:05 +0530: Memory Usage (442012K) : topmetal1_slit has 0 polygons
2026-09-16 22:40:05 +0530: Memory Usage (442012K) : topmetal1_text has 2 polygons
2026-09-16 22:40:05 +0530: Memory Usage (442012K) : topmetal1_noqrc has 0 polygons
2026-09-16 22:40:05 +0530: Memory Usage (442012K) : topmetal1_res has 0 polygons
2026-09-16 22:40:05 +0530: Memory Usage (442012K) : topmetal1_iprobe has 0 polygons
2026-09-16 22:40:05 +0530: Memory Usage (442012K) : topmetal1_diffprb has 0 polygons
2026-09-16 22:40:05 +0530: Memory Usage (442012K) : inldpwl_drw has 0 polygons
2026-09-16 22:40:05 +0530: Memory Usage (442012K) : polyres_drw has 0 polygons
2026-09-16 22:40:05 +0530: Memory Usage (442012K) : polyres_pin has 0 polygons
2026-09-16 22:40:05 +0530: Memory Usage (442012K) : vmim_drw has 0 polygons
2026-09-16 22:40:05 +0530: Memory Usage (442012K) : nbulaycut_drw has 0 polygons
2026-09-16 22:40:05 +0530: Memory Usage (442012K) : antmetal1_drw has 0 polygons
2026-09-16 22:40:05 +0530: Memory Usage (442012K) : topvia2_drw has 200 polygons
2026-09-16 22:40:05 +0530: Memory Usage (442012K) : topmetal2_drw has 240 polygons
2026-09-16 22:40:05 +0530: Memory Usage (442012K) : topmetal2_pin has 20 polygons
2026-09-16 22:40:05 +0530: Memory Usage (442012K) : topmetal2_mask has 0 polygons
2026-09-16 22:40:05 +0530: Memory Usage (442012K) : topmetal2_filler has 0 polygons
2026-09-16 22:40:05 +0530: Memory Usage (442012K) : topmetal2_nofill has 0 polygons
2026-09-16 22:40:05 +0530: Memory Usage (442012K) : topmetal2_slit has 0 polygons
2026-09-16 22:40:05 +0530: Memory Usage (442012K) : topmetal2_text has 2 polygons
2026-09-16 22:40:05 +0530: Memory Usage (442012K) : topmetal2_noqrc has 0 polygons
2026-09-16 22:40:05 +0530: Memory Usage (442012K) : topmetal2_res has 0 polygons
2026-09-16 22:40:05 +0530: Memory Usage (442012K) : topmetal2_iprobe has 0 polygons
2026-09-16 22:40:05 +0530: Memory Usage (442012K) : topmetal2_diffprb has 0 polygons
2026-09-16 22:40:05 +0530: Memory Usage (442012K) : snsring_drw has 0 polygons
2026-09-16 22:40:05 +0530: Memory Usage (442012K) : sensor_drw has 0 polygons
2026-09-16 22:40:05 +0530: Memory Usage (442012K) : snsarms_drw has 0 polygons
2026-09-16 22:40:05 +0530: Memory Usage (442012K) : snscmosvia_drw has 0 polygons
2026-09-16 22:40:05 +0530: Memory Usage (442012K) : colwind_drw has 0 polygons
2026-09-16 22:40:05 +0530: Memory Usage (442012K) : flm_drw has 0 polygons
2026-09-16 22:40:05 +0530: Memory Usage (442012K) : hafniumox_drw has 0 polygons
2026-09-16 22:40:05 +0530: Memory Usage (442012K) : memvia_drw has 0 polygons
2026-09-16 22:40:05 +0530: Memory Usage (442012K) : thinfilmres_drw has 0 polygons
2026-09-16 22:40:05 +0530: Memory Usage (442012K) : rfmem_drw has 0 polygons
2026-09-16 22:40:05 +0530: Memory Usage (442012K) : norcx_drw has 0 polygons
2026-09-16 22:40:05 +0530: Memory Usage (442012K) : norcx_m2m3 has 0 polygons
2026-09-16 22:40:05 +0530: Memory Usage (442012K) : norcx_m2m4 has 0 polygons
2026-09-16 22:40:06 +0530: Memory Usage (442012K) : norcx_m2m5 has 0 polygons
2026-09-16 22:40:06 +0530: Memory Usage (442012K) : norcx_m2tm1 has 0 polygons
2026-09-16 22:40:06 +0530: Memory Usage (442012K) : norcx_m2tm2 has 0 polygons
2026-09-16 22:40:06 +0530: Memory Usage (442012K) : norcx_m3m4 has 0 polygons
2026-09-16 22:40:06 +0530: Memory Usage (442012K) : norcx_m3m5 has 0 polygons
2026-09-16 22:40:06 +0530: Memory Usage (442012K) : norcx_m3tm1 has 0 polygons
2026-09-16 22:40:06 +0530: Memory Usage (442012K) : norcx_m3tm2 has 0 polygons
2026-09-16 22:40:06 +0530: Memory Usage (442012K) : norcx_m4m5 has 0 polygons
2026-09-16 22:40:06 +0530: Memory Usage (442012K) : norcx_m4tm1 has 0 polygons
2026-09-16 22:40:06 +0530: Memory Usage (442012K) : norcx_m4tm2 has 0 polygons
2026-09-16 22:40:06 +0530: Memory Usage (442012K) : norcx_m5tm1 has 0 polygons
2026-09-16 22:40:06 +0530: Memory Usage (442012K) : norcx_m5tm2 has 0 polygons
2026-09-16 22:40:06 +0530: Memory Usage (442012K) : norcx_tm1tm2 has 0 polygons
2026-09-16 22:40:06 +0530: Memory Usage (442012K) : norcx_m1sub has 0 polygons
2026-09-16 22:40:06 +0530: Memory Usage (442012K) : norcx_m2sub has 0 polygons
2026-09-16 22:40:06 +0530: Memory Usage (442012K) : norcx_m3sub has 0 polygons
2026-09-16 22:40:06 +0530: Memory Usage (442012K) : norcx_m4sub has 0 polygons
2026-09-16 22:40:06 +0530: Memory Usage (442012K) : norcx_m5sub has 0 polygons
2026-09-16 22:40:06 +0530: Memory Usage (442012K) : norcx_tm1sub has 0 polygons
2026-09-16 22:40:06 +0530: Memory Usage (442012K) : norcx_tm2sub has 0 polygons
2026-09-16 22:40:06 +0530: Memory Usage (442012K) : snsbotvia_drw has 0 polygons
2026-09-16 22:40:06 +0530: Memory Usage (442012K) : snstopvia_drw has 0 polygons
2026-09-16 22:40:06 +0530: Memory Usage (442012K) : deepvia_drw has 0 polygons
2026-09-16 22:40:06 +0530: Memory Usage (442012K) : fgetch_drw has 0 polygons
2026-09-16 22:40:06 +0530: Memory Usage (442012K) : ctrgat_drw has 0 polygons
2026-09-16 22:40:06 +0530: Memory Usage (442012K) : fgimp_drw has 0 polygons
2026-09-16 22:40:06 +0530: Memory Usage (442012K) : emwihv_drw has 0 polygons
2026-09-16 22:40:06 +0530: Memory Usage (442012K) : lbe_drw has 0 polygons
2026-09-16 22:40:06 +0530: Memory Usage (442012K) : alcustop_drw has 0 polygons
2026-09-16 22:40:06 +0530: Memory Usage (442012K) : nometfiller_drw has 0 polygons
2026-09-16 22:40:06 +0530: Memory Usage (442012K) : prboundary_drw has 0 polygons
2026-09-16 22:40:06 +0530: Memory Usage (442012K) : exchange0_drw has 0 polygons
2026-09-16 22:40:06 +0530: Memory Usage (442012K) : exchange0_pin has 0 polygons
2026-09-16 22:40:06 +0530: Memory Usage (442012K) : exchange0_text has 0 polygons
2026-09-16 22:40:06 +0530: Memory Usage (442012K) : exchange1_drw has 0 polygons
2026-09-16 22:40:06 +0530: Memory Usage (442012K) : exchange1_pin has 0 polygons
2026-09-16 22:40:06 +0530: Memory Usage (442012K) : exchange1_text has 0 polygons
2026-09-16 22:40:06 +0530: Memory Usage (442012K) : exchange2_drw has 0 polygons
2026-09-16 22:40:06 +0530: Memory Usage (442012K) : exchange2_pin has 0 polygons
2026-09-16 22:40:06 +0530: Memory Usage (442012K) : exchange2_text has 0 polygons
2026-09-16 22:40:06 +0530: Memory Usage (442012K) : exchange3_drw has 0 polygons
2026-09-16 22:40:06 +0530: Memory Usage (442012K) : exchange3_pin has 0 polygons
2026-09-16 22:40:06 +0530: Memory Usage (442012K) : exchange3_text has 0 polygons
2026-09-16 22:40:06 +0530: Memory Usage (442012K) : exchange4_drw has 0 polygons
2026-09-16 22:40:06 +0530: Memory Usage (442012K) : exchange4_pin has 0 polygons
2026-09-16 22:40:06 +0530: Memory Usage (442012K) : exchange4_text has 0 polygons
2026-09-16 22:40:06 +0530: Memory Usage (442012K) : isonwell_drw has 0 polygons
2026-09-16 22:40:06 +0530: Memory Usage (442012K) : Total no. of polygons in the design is 2673556
2026-09-16 22:40:06 +0530: Memory Usage (442012K) : Loaded TECH DRC rules values from /home/jaikrishn/IHP-Open-PDK/ihp-sg13g2/libs.tech/klayout/python/sg13g2_pycell_lib/sg13g2_tech_mod.json
2026-09-16 22:40:06 +0530: Memory Usage (442012K) : Loaded default DRC rules values from /home/jaikrishn/IHP-Open-PDK/ihp-sg13g2/libs.tech/klayout/tech/drc/rule_decks/sg13g2_tech_default.json
2026-09-16 22:40:06 +0530: Memory Usage (442012K) : The following rules values were missing in tech json and default values were used:
2026-09-16 22:40:06 +0530: Memory Usage (442012K) :   - NW_f1_digibnd
2026-09-16 22:40:06 +0530: Memory Usage (442012K) :   - Cnt_c_digibnd
2026-09-16 22:40:06 +0530: Memory Usage (442012K) :   - Cnt_c_sram
2026-09-16 22:40:06 +0530: Memory Usage (442012K) :   - Sdiod_b
2026-09-16 22:40:06 +0530: Memory Usage (442012K) :   - Sdiod_c
2026-09-16 22:40:06 +0530: Memory Usage (448948K) : Total area of the design is 534448.8448 um^2.
2026-09-16 22:40:06 +0530: Memory Usage (448948K) : The design dimensions are 721.76 µm * 740.48 µm.
2026-09-16 22:40:06 +0530: Memory Usage (448948K) : Starting general IHP-SG13G2 derivations.
2026-09-16 22:40:06 +0530: Memory Usage (448948K) : Starting Pwell derivations
2026-09-16 22:40:07 +0530: Memory Usage (481020K) : Starting n-Activ derivations
2026-09-16 22:40:08 +0530: Memory Usage (512916K) : Starting p-Activ derivations
2026-09-16 22:40:09 +0530: Memory Usage (532100K) : Starting ptap derivations
2026-09-16 22:40:09 +0530: Memory Usage (556176K) : Starting ntap derivations
2026-09-16 22:40:10 +0530: Memory Usage (578900K) : Starting pact FET derivations
2026-09-16 22:40:10 +0530: Memory Usage (579784K) : Starting nact FET derivations
2026-09-16 22:40:11 +0530: Memory Usage (613832K) : Starting Gate derivations
2026-09-16 22:40:11 +0530: Memory Usage (626888K) : Starting cont/contbar general derivations
2026-09-16 22:40:14 +0530: Memory Usage (833864K) : Starting pad general derivations
2026-09-16 22:40:14 +0530: Memory Usage (833864K) : Starting schottky_nbl general derivations
2026-09-16 22:40:15 +0530: Memory Usage (833864K) : Starting SVaricap general derivations
2026-09-16 22:40:15 +0530: Memory Usage (833992K) : Starting HBT general derivations
2026-09-16 22:40:15 +0530: Memory Usage (833992K) : Starting IHP-SG13G2 DRC connectivity related derivations.
2026-09-16 22:40:15 +0530: Memory Usage (833992K) : Starting IHP-SG13G2 DRC connectivity setup
2026-09-16 22:40:20 +0530: Memory Usage (834172K) : Starting IHP-SG13G2 DRC rules.
2026-09-16 22:40:20 +0530: Memory Usage (834172K) : Running all FEOL rules
2026-09-16 22:40:20 +0530: Memory Usage (834172K) : Running all BEOL rules
2026-09-16 22:40:20 +0530: Memory Usage (834172K) : Running all PIN rules
2026-09-16 22:40:20 +0530: Memory Usage (834172K) : Running all FORBIDDEN rules
2026-09-16 22:40:20 +0530: Memory Usage (834172K) : Starting 5.1 NWell table
2026-09-16 22:40:20 +0530: Memory Usage (834172K) : Executing rule NW.b
2026-09-16 22:40:21 +0530: Memory Usage (845576K) : Executing rule NW.b1
2026-09-16 22:40:21 +0530: Memory Usage (845576K) : Executing rule NW.f1
2026-09-16 22:40:21 +0530: Memory Usage (845576K) : Executing rule NW.f1.digibnd
2026-09-16 22:40:21 +0530: Memory Usage (845576K) : Starting 5.2 PWell:block
2026-09-16 22:40:21 +0530: Memory Usage (845576K) : Executing rule PWB.e
2026-09-16 22:40:22 +0530: Memory Usage (845576K) : Executing rule PWB.e1
2026-09-16 22:40:22 +0530: Memory Usage (845576K) : Executing rule PWB.f
2026-09-16 22:40:22 +0530: Memory Usage (845576K) : Executing rule PWB.f1
2026-09-16 22:40:22 +0530: Memory Usage (845576K) : Starting 5.3 nBuLay table
2026-09-16 22:40:22 +0530: Memory Usage (845576K) : Executing rule NBL.b
2026-09-16 22:40:22 +0530: Memory Usage (845704K) : Executing rule NBL.c
2026-09-16 22:40:22 +0530: Memory Usage (845704K) : Executing rule NBL.d
2026-09-16 22:40:22 +0530: Memory Usage (847368K) : Executing rule NBL.e
2026-09-16 22:40:22 +0530: Memory Usage (855304K) : Executing rule NBL.f
2026-09-16 22:40:22 +0530: Memory Usage (858504K) : Starting 5.5. Activ table
2026-09-16 22:40:22 +0530: Memory Usage (858504K) : Executing rule Act.a
2026-09-16 22:40:23 +0530: Memory Usage (858504K) : Executing rule Act.b
2026-09-16 22:40:25 +0530: Memory Usage (901128K) : Starting 5.6 Activ:filler table
2026-09-16 22:40:25 +0530: Memory Usage (901128K) : Executing rule AFil.c1
2026-09-16 22:40:25 +0530: Memory Usage (901128K) : Executing rule AFil.c
2026-09-16 22:40:25 +0530: Memory Usage (901128K) : Executing rule AFil.d
2026-09-16 22:40:25 +0530: Memory Usage (901128K) : Executing rule AFil.e
2026-09-16 22:40:25 +0530: Memory Usage (901128K) : Executing rule AFil.j
2026-09-16 22:40:25 +0530: Memory Usage (901128K) : Starting 5.7. ThickGateOx table
2026-09-16 22:40:25 +0530: Memory Usage (901128K) : Executing rule TGO.f
2026-09-16 22:40:25 +0530: Memory Usage (901128K) : Starting 5.8. GatPoly table
2026-09-16 22:40:25 +0530: Memory Usage (901128K) : Executing rule Gat.a
2026-09-16 22:40:25 +0530: Memory Usage (901128K) : Executing rule Gat.b
2026-09-16 22:40:25 +0530: Memory Usage (901128K) : Executing rule Gat.d
2026-09-16 22:40:26 +0530: Memory Usage (910336K) : Executing rule Gat.a1
2026-09-16 22:40:26 +0530: Memory Usage (910768K) : Executing rule Gat.a2
2026-09-16 22:40:27 +0530: Memory Usage (912944K) : Executing rule Gat.g
2026-09-16 22:40:27 +0530: Memory Usage (913100K) : Starting 5.9 GatPoly:filler
2026-09-16 22:40:27 +0530: Memory Usage (913100K) : Executing rule GFil.d
2026-09-16 22:40:27 +0530: Memory Usage (913100K) : Executing rule GFil.e
2026-09-16 22:40:27 +0530: Memory Usage (913100K) : Executing rule GFil.i
2026-09-16 22:40:27 +0530: Memory Usage (913100K) : Starting 5.10 pSD table
2026-09-16 22:40:27 +0530: Memory Usage (913100K) : Executing rule pSD.c1
2026-09-16 22:40:29 +0530: Memory Usage (945964K) : Starting 5.14. Cont table
2026-09-16 22:40:29 +0530: Memory Usage (945964K) : Executing rule Cnt.a
2026-09-16 22:40:33 +0530: Memory Usage (1069228K) : Executing rule Cnt.b
2026-09-16 22:40:35 +0530: Memory Usage (1069356K) : Executing rule Cnt.c
2026-09-16 22:40:40 +0530: Memory Usage (1136172K) : Executing rule Cnt.c.digibnd
2026-09-16 22:40:40 +0530: Memory Usage (1136172K) : Executing rule Cnt.c.SRAM
2026-09-16 22:40:40 +0530: Memory Usage (1136172K) : Executing rule Cnt.d
2026-09-16 22:40:41 +0530: Memory Usage (1148460K) : Executing rule Cnt.e
2026-09-16 22:40:41 +0530: Memory Usage (1148588K) : Executing rule Cnt.g1
2026-09-16 22:40:44 +0530: Memory Usage (1165356K) : Executing rule Cnt.g2
2026-09-16 22:40:47 +0530: Memory Usage (1182380K) : Starting 5.15. ContBar table
2026-09-16 22:40:47 +0530: Memory Usage (1182380K) : Executing rule CntB.a
2026-09-16 22:40:50 +0530: Memory Usage (1193388K) : Executing rule CntB.a1
2026-09-16 22:40:50 +0530: Memory Usage (1193388K) : Executing rule CntB.b1
2026-09-16 22:40:50 +0530: Memory Usage (1193388K) : Executing rule CntB.h1
2026-09-16 22:40:50 +0530: Memory Usage (1193388K) : Starting 6.1.3 NPN Substrate-Tie table
2026-09-16 22:40:50 +0530: Memory Usage (1193388K) : Starting 6.7 Schottky diode table
2026-09-16 22:40:50 +0530: Memory Usage (1193388K) : Executing rule Sdiod.b
2026-09-16 22:40:50 +0530: Memory Usage (1193388K) : Executing rule Sdiod.c
2026-09-16 22:40:50 +0530: Memory Usage (1193388K) : Executing rule Sdiod.d
2026-09-16 22:40:50 +0530: Memory Usage (1193388K) : Executing rule Sdiod.e
2026-09-16 22:40:50 +0530: Memory Usage (1193388K) : Starting 7.2 Latch-up table
2026-09-16 22:40:50 +0530: Memory Usage (1193388K) : Executing rule LU.b
2026-09-16 22:40:52 +0530: Memory Usage (1207340K) : Starting 5.16. Metal1 table
2026-09-16 22:40:52 +0530: Memory Usage (1207340K) : Executing rule M1.a
2026-09-16 22:40:55 +0530: Memory Usage (1207340K) : Executing rule M1.b
2026-09-16 22:41:04 +0530: Memory Usage (1214640K) : Executing rule M1.e
2026-09-16 22:42:08 +0530: Memory Usage (1224880K) : Executing rule M1.f
2026-09-16 22:42:12 +0530: Memory Usage (1224880K) : Executing rule M1.g
2026-09-16 22:42:12 +0530: Memory Usage (1250192K) : Executing rule M1.i
2026-09-16 22:42:12 +0530: Memory Usage (1275280K) : Starting 5.17 Metaln table
2026-09-16 22:42:12 +0530: Memory Usage (1275280K) : Executing rule M2.a
2026-09-16 22:42:13 +0530: Memory Usage (1275280K) : Executing rule M2.b
2026-09-16 22:42:15 +0530: Memory Usage (1317776K) : Executing rule M2.e
2026-09-16 22:42:16 +0530: Memory Usage (1317648K) : Executing rule M2.f
2026-09-16 22:42:16 +0530: Memory Usage (1317648K) : Executing rule M2.g
2026-09-16 22:42:16 +0530: Memory Usage (1317776K) : Executing rule M2.i
2026-09-16 22:42:16 +0530: Memory Usage (1337360K) : Executing rule M3.a
2026-09-16 22:42:17 +0530: Memory Usage (1337360K) : Executing rule M3.b
2026-09-16 22:42:18 +0530: Memory Usage (1337488K) : Executing rule M3.e
2026-09-16 22:42:18 +0530: Memory Usage (1337488K) : Executing rule M3.f
2026-09-16 22:42:18 +0530: Memory Usage (1337488K) : Executing rule M3.g
2026-09-16 22:42:18 +0530: Memory Usage (1337488K) : Executing rule M3.i
2026-09-16 22:42:18 +0530: Memory Usage (1337488K) : Executing rule M4.a
2026-09-16 22:42:18 +0530: Memory Usage (1337488K) : Executing rule M4.b
2026-09-16 22:42:18 +0530: Memory Usage (1337488K) : Executing rule M4.e
2026-09-16 22:42:18 +0530: Memory Usage (1337488K) : Executing rule M4.f
2026-09-16 22:42:18 +0530: Memory Usage (1337488K) : Executing rule M4.g
2026-09-16 22:42:18 +0530: Memory Usage (1337488K) : Executing rule M4.i
2026-09-16 22:42:18 +0530: Memory Usage (1337744K) : Executing rule M5.a
2026-09-16 22:42:18 +0530: Memory Usage (1337744K) : Executing rule M5.b
2026-09-16 22:42:19 +0530: Memory Usage (1337744K) : Executing rule M5.e
2026-09-16 22:42:19 +0530: Memory Usage (1337872K) : Executing rule M5.f
2026-09-16 22:42:19 +0530: Memory Usage (1337872K) : Executing rule M5.g
2026-09-16 22:42:19 +0530: Memory Usage (1337740K) : Executing rule M5.i
2026-09-16 22:42:19 +0530: Memory Usage (1337868K) : Starting 5.18 Metaln:filler table
2026-09-16 22:42:19 +0530: Memory Usage (1337868K) : Executing rule M1Fil.c
2026-09-16 22:42:19 +0530: Memory Usage (1337868K) : Executing rule M1Fil.a2
2026-09-16 22:42:19 +0530: Memory Usage (1337868K) : Executing rule M2Fil.c
2026-09-16 22:42:19 +0530: Memory Usage (1337868K) : Executing rule M2Fil.a2
2026-09-16 22:42:19 +0530: Memory Usage (1337868K) : Executing rule M3Fil.c
2026-09-16 22:42:19 +0530: Memory Usage (1337868K) : Executing rule M3Fil.a2
2026-09-16 22:42:19 +0530: Memory Usage (1337868K) : Executing rule M4Fil.c
2026-09-16 22:42:19 +0530: Memory Usage (1337868K) : Executing rule M4Fil.a2
2026-09-16 22:42:19 +0530: Memory Usage (1337868K) : Executing rule M5Fil.c
2026-09-16 22:42:19 +0530: Memory Usage (1337868K) : Executing rule M5Fil.a2
2026-09-16 22:42:19 +0530: Memory Usage (1337868K) : Starting 5.19. Via1 table
2026-09-16 22:42:19 +0530: Memory Usage (1337868K) : Starting 5.19. Via1 table derivations
2026-09-16 22:42:19 +0530: Memory Usage (1337868K) : Executing rule V1.a
2026-09-16 22:42:19 +0530: Memory Usage (1337868K) : Executing rule V1.b
2026-09-16 22:42:19 +0530: Memory Usage (1348876K) : Executing rule V1.c
2026-09-16 22:42:20 +0530: Memory Usage (1348876K) : Starting 5.20. Vian table
2026-09-16 22:42:20 +0530: Memory Usage (1348876K) : Executing rule V2.a
2026-09-16 22:42:20 +0530: Memory Usage (1348876K) : Executing rule V2.b
2026-09-16 22:42:20 +0530: Memory Usage (1349004K) : Executing rule V2.c
2026-09-16 22:42:20 +0530: Memory Usage (1351816K) : Executing rule V3.a
2026-09-16 22:42:21 +0530: Memory Usage (1351816K) : Executing rule V3.b
2026-09-16 22:42:21 +0530: Memory Usage (1351816K) : Executing rule V3.c
2026-09-16 22:42:21 +0530: Memory Usage (1351816K) : Executing rule V4.a
2026-09-16 22:42:21 +0530: Memory Usage (1351816K) : Executing rule V4.b
2026-09-16 22:42:21 +0530: Memory Usage (1351816K) : Executing rule V4.c
2026-09-16 22:42:21 +0530: Memory Usage (1351944K) : Starting 5.21. TopVia1 table
2026-09-16 22:42:21 +0530: Memory Usage (1351944K) : Executing rule TV1.a
2026-09-16 22:42:21 +0530: Memory Usage (1351944K) : Executing rule TV1.b
2026-09-16 22:42:21 +0530: Memory Usage (1351816K) : Executing rule TV1.c
2026-09-16 22:42:21 +0530: Memory Usage (1351816K) : Executing rule TV1.d
2026-09-16 22:42:21 +0530: Memory Usage (1351944K) : Starting 5.22. TopMetal1 table
2026-09-16 22:42:21 +0530: Memory Usage (1351944K) : Executing rule TM1.a
2026-09-16 22:42:21 +0530: Memory Usage (1351944K) : Executing rule TM1.b
2026-09-16 22:42:21 +0530: Memory Usage (1351944K) : Starting 5.23 TopMetal1:filler table
2026-09-16 22:42:21 +0530: Memory Usage (1351944K) : Executing rule TM1Fil.c
2026-09-16 22:42:21 +0530: Memory Usage (1351944K) : Executing rule TM1Fil.a1
2026-09-16 22:42:21 +0530: Memory Usage (1351944K) : Starting 5.24. TopVia2 table
2026-09-16 22:42:21 +0530: Memory Usage (1351944K) : Executing rule TV2.a
2026-09-16 22:42:21 +0530: Memory Usage (1351944K) : Executing rule TV2.b
2026-09-16 22:42:21 +0530: Memory Usage (1351812K) : Executing rule TV2.c
2026-09-16 22:42:21 +0530: Memory Usage (1351812K) : Executing rule TV2.d
2026-09-16 22:42:22 +0530: Memory Usage (1351940K) : Starting 5.25. TopMetal2 table
2026-09-16 22:42:22 +0530: Memory Usage (1351940K) : Executing rule TM2.a
2026-09-16 22:42:22 +0530: Memory Usage (1351940K) : Executing rule TM2.b
2026-09-16 22:42:22 +0530: Memory Usage (1351940K) : Starting 5.26 TopMetal2:filler table
2026-09-16 22:42:22 +0530: Memory Usage (1351940K) : Executing rule TM2Fil.c
2026-09-16 22:42:22 +0530: Memory Usage (1351940K) : Executing rule TM2Fil.a1
2026-09-16 22:42:22 +0530: Memory Usage (1351940K) : Starting 5.27. Passiv table
2026-09-16 22:42:22 +0530: Memory Usage (1351940K) : Executing rule Pas.a
2026-09-16 22:42:22 +0530: Memory Usage (1351940K) : Executing rule Pas.b
2026-09-16 22:42:22 +0530: Memory Usage (1351940K) : Executing rule Pas.c
2026-09-16 22:42:22 +0530: Memory Usage (1351940K) : Starting 6.9.2 Copper Pillar table
2026-09-16 22:42:22 +0530: Memory Usage (1351940K) : Executing rule Padc.a
2026-09-16 22:42:22 +0530: Memory Usage (1351940K) : Executing rule Padc.b
2026-09-16 22:42:22 +0530: Memory Usage (1351940K) : Executing rule Padc.c
2026-09-16 22:42:22 +0530: Memory Usage (1351940K) : Executing rule Padb.f
2026-09-16 22:42:22 +0530: Memory Usage (1351940K) : Starting 6.9 Pad table
2026-09-16 22:42:22 +0530: Memory Usage (1351940K) : Executing rule Pad.m
2026-09-16 22:42:22 +0530: Memory Usage (1351940K) : Executing rule Pad.i
2026-09-16 22:42:22 +0530: Memory Usage (1351940K) : Starting 6.9.1 Solder Bump
2026-09-16 22:42:22 +0530: Memory Usage (1351940K) : Executing rule Padb.a
2026-09-16 22:42:22 +0530: Memory Usage (1351940K) : Executing rule Padb.b
2026-09-16 22:42:22 +0530: Memory Usage (1351940K) : Executing rule Padb.c
2026-09-16 22:42:22 +0530: Memory Usage (1351940K) : Executing rule Padb.f
2026-09-16 22:42:22 +0530: Memory Usage (1351940K) : Executing rule Padb.d
2026-09-16 22:42:22 +0530: Memory Usage (1351940K) : Starting 6.10 Sealring table
2026-09-16 22:42:22 +0530: Memory Usage (1351940K) : Executing rule Seal.l
2026-09-16 22:42:22 +0530: Memory Usage (1351940K) : Executing rule Seal.n
2026-09-16 22:42:22 +0530: Memory Usage (1351940K) : Executing rule seal.b_metal1
2026-09-16 22:42:22 +0530: Memory Usage (1351940K) : Executing rule seal.b_metal2
2026-09-16 22:42:22 +0530: Memory Usage (1351940K) : Executing rule seal.b_metal3
2026-09-16 22:42:22 +0530: Memory Usage (1351940K) : Executing rule seal.b_metal4
2026-09-16 22:42:22 +0530: Memory Usage (1351940K) : Executing rule seal.b_metal5
2026-09-16 22:42:22 +0530: Memory Usage (1351940K) : Executing rule seal.b_topmetal1
2026-09-16 22:42:22 +0530: Memory Usage (1351940K) : Executing rule seal.b_topmetal2
2026-09-16 22:42:22 +0530: Memory Usage (1351940K) : Executing rule seal.b_activ
2026-09-16 22:42:23 +0530: Memory Usage (1351940K) : Executing rule seal.b_psd
2026-09-16 22:42:23 +0530: Memory Usage (1351940K) : Executing rule Seal.k
2026-09-16 22:42:23 +0530: Memory Usage (1351940K) : Executing rule Seal.m
2026-09-16 22:42:23 +0530: Memory Usage (1351940K) : Starting 6.11 MIM table
2026-09-16 22:42:23 +0530: Memory Usage (1351940K) : Executing rule MIM.c
2026-09-16 22:42:23 +0530: Memory Usage (1351940K) : Executing rule MIM.d
2026-09-16 22:42:23 +0530: Memory Usage (1351940K) : Starting 7.3 Metal Slits table
2026-09-16 22:42:23 +0530: Memory Usage (1351940K) : Executing rule Slt.e1_M1
2026-09-16 22:42:23 +0530: Memory Usage (1351940K) : Executing rule Slt.e1_M2
2026-09-16 22:42:23 +0530: Memory Usage (1351940K) : Executing rule Slt.e1_M3
2026-09-16 22:42:23 +0530: Memory Usage (1351940K) : Executing rule Slt.e1_M4
2026-09-16 22:42:23 +0530: Memory Usage (1351940K) : Executing rule Slt.e1_M5
2026-09-16 22:42:23 +0530: Memory Usage (1351940K) : Executing rule Slt.e1_TM1
2026-09-16 22:42:23 +0530: Memory Usage (1351940K) : Executing rule Slt.e1_TM2
2026-09-16 22:42:23 +0530: Memory Usage (1351940K) : Starting 9.1. LBE table
2026-09-16 22:42:23 +0530: Memory Usage (1351940K) : Executing rule LBE.a
2026-09-16 22:42:23 +0530: Memory Usage (1351940K) : Executing rule LBE.b
2026-09-16 22:42:23 +0530: Memory Usage (1351940K) : Executing rule LBE.b1
2026-09-16 22:42:23 +0530: Memory Usage (1351940K) : Executing rule LBE.c
2026-09-16 22:42:23 +0530: Memory Usage (1351940K) : Executing rule LBE.d
2026-09-16 22:42:23 +0530: Memory Usage (1351940K) : Executing rule LBE.h
2026-09-16 22:42:23 +0530: Memory Usage (1351940K) : Starting 7.4. PIN table
2026-09-16 22:42:23 +0530: Memory Usage (1351940K) : Executing rule Pin.a
2026-09-16 22:42:23 +0530: Memory Usage (1351940K) : Executing rule Pin.b
2026-09-16 22:42:23 +0530: Memory Usage (1351940K) : Executing rule Pin.e
2026-09-16 22:42:24 +0530: Memory Usage (1389700K) : Executing rule Pin.f_M2
2026-09-16 22:42:24 +0530: Memory Usage (1389700K) : Executing rule Pin.f_M3
2026-09-16 22:42:24 +0530: Memory Usage (1389700K) : Executing rule Pin.f_M4
2026-09-16 22:42:24 +0530: Memory Usage (1389700K) : Executing rule Pin.f_M5
2026-09-16 22:42:24 +0530: Memory Usage (1389700K) : Executing rule Pin.g
2026-09-16 22:42:24 +0530: Memory Usage (1389700K) : Executing rule Pin.h
2026-09-16 22:42:24 +0530: Memory Usage (1389700K) : Starting 3.1. offgrid table
2026-09-16 22:42:24 +0530: Memory Usage (1389700K) : Executing rule activ_drw_Offgrid
2026-09-16 22:42:25 +0530: Memory Usage (1389828K) : Executing rule activ_mask_Offgrid
2026-09-16 22:42:25 +0530: Memory Usage (1389828K) : Executing rule activ_filler_Offgrid
2026-09-16 22:42:25 +0530: Memory Usage (1389828K) : Executing rule activ_opc_Offgrid
2026-09-16 22:42:25 +0530: Memory Usage (1389828K) : Executing rule activ_iopc_Offgrid
2026-09-16 22:42:25 +0530: Memory Usage (1389828K) : Executing rule biwind_drw_Offgrid
2026-09-16 22:42:25 +0530: Memory Usage (1389828K) : Executing rule biwind_opc_Offgrid
2026-09-16 22:42:25 +0530: Memory Usage (1389828K) : Executing rule pemwind_drw_Offgrid
2026-09-16 22:42:25 +0530: Memory Usage (1389828K) : Executing rule gatpoly_drw_Offgrid
2026-09-16 22:42:25 +0530: Memory Usage (1389828K) : Executing rule gatpoly_filler_Offgrid
2026-09-16 22:42:26 +0530: Memory Usage (1389828K) : Executing rule gatpoly_opc_Offgrid
2026-09-16 22:42:26 +0530: Memory Usage (1389828K) : Executing rule gatpoly_iopc_Offgrid
2026-09-16 22:42:26 +0530: Memory Usage (1389828K) : Executing rule gatpoly_noqrc_Offgrid
2026-09-16 22:42:26 +0530: Memory Usage (1389828K) : Executing rule cont_drw_Offgrid
2026-09-16 22:42:33 +0530: Memory Usage (1411972K) : Executing rule cont_opc_Offgrid
2026-09-16 22:42:33 +0530: Memory Usage (1411972K) : Executing rule nsd_drw_Offgrid
2026-09-16 22:42:33 +0530: Memory Usage (1411972K) : Executing rule nsd_block_Offgrid
2026-09-16 22:42:33 +0530: Memory Usage (1411972K) : Executing rule metal1_drw_Offgrid
2026-09-16 22:42:35 +0530: Memory Usage (1411972K) : Executing rule metal1_mask_Offgrid
2026-09-16 22:42:35 +0530: Memory Usage (1411972K) : Executing rule metal1_filler_Offgrid
2026-09-16 22:42:35 +0530: Memory Usage (1411972K) : Executing rule metal1_slit_Offgrid
2026-09-16 22:42:35 +0530: Memory Usage (1411972K) : Executing rule metal1_opc_Offgrid
2026-09-16 22:42:35 +0530: Memory Usage (1411972K) : Executing rule metal1_noqrc_Offgrid
2026-09-16 22:42:35 +0530: Memory Usage (1411972K) : Executing rule metal1_res_Offgrid
2026-09-16 22:42:35 +0530: Memory Usage (1411972K) : Executing rule metal1_iprobe_Offgrid
2026-09-16 22:42:35 +0530: Memory Usage (1411972K) : Executing rule metal1_diffprb_Offgrid
2026-09-16 22:42:35 +0530: Memory Usage (1411972K) : Executing rule passiv_drw_Offgrid
2026-09-16 22:42:35 +0530: Memory Usage (1411972K) : Executing rule passiv_pillar_Offgrid
2026-09-16 22:42:36 +0530: Memory Usage (1411972K) : Executing rule passiv_sbump_Offgrid
2026-09-16 22:42:36 +0530: Memory Usage (1411972K) : Executing rule passiv_pdl_Offgrid
2026-09-16 22:42:36 +0530: Memory Usage (1411972K) : Executing rule metal2_drw_Offgrid
2026-09-16 22:42:37 +0530: Memory Usage (1411972K) : Executing rule metal2_mask_Offgrid
2026-09-16 22:42:37 +0530: Memory Usage (1411972K) : Executing rule metal2_filler_Offgrid
2026-09-16 22:42:37 +0530: Memory Usage (1411972K) : Executing rule metal2_slit_Offgrid
2026-09-16 22:42:37 +0530: Memory Usage (1411972K) : Executing rule metal2_opc_Offgrid
2026-09-16 22:42:37 +0530: Memory Usage (1411972K) : Executing rule metal2_noqrc_Offgrid
2026-09-16 22:42:37 +0530: Memory Usage (1411972K) : Executing rule metal2_res_Offgrid
2026-09-16 22:42:37 +0530: Memory Usage (1411972K) : Executing rule metal2_iprobe_Offgrid
2026-09-16 22:42:37 +0530: Memory Usage (1411972K) : Executing rule metal2_diffprb_Offgrid
2026-09-16 22:42:37 +0530: Memory Usage (1411972K) : Executing rule baspoly_drw_Offgrid
2026-09-16 22:42:37 +0530: Memory Usage (1411972K) : Executing rule psd_drw_Offgrid
2026-09-16 22:42:38 +0530: Memory Usage (1411972K) : Executing rule nldb_drw_Offgrid
2026-09-16 22:42:38 +0530: Memory Usage (1411972K) : Executing rule via1_drw_Offgrid
2026-09-16 22:42:39 +0530: Memory Usage (1411972K) : Executing rule backmetal1_drw_Offgrid
2026-09-16 22:42:39 +0530: Memory Usage (1411972K) : Executing rule backmetal1_mask_Offgrid
2026-09-16 22:42:39 +0530: Memory Usage (1411972K) : Executing rule backmetal1_filler_Offgrid
2026-09-16 22:42:39 +0530: Memory Usage (1411972K) : Executing rule backmetal1_slit_Offgrid
2026-09-16 22:42:39 +0530: Memory Usage (1411972K) : Executing rule backmetal1_opc_Offgrid
2026-09-16 22:42:39 +0530: Memory Usage (1411972K) : Executing rule backmetal1_noqrc_Offgrid
2026-09-16 22:42:39 +0530: Memory Usage (1411972K) : Executing rule backmetal1_res_Offgrid
2026-09-16 22:42:39 +0530: Memory Usage (1411972K) : Executing rule backmetal1_iprobe_Offgrid
2026-09-16 22:42:39 +0530: Memory Usage (1411972K) : Executing rule backmetal1_diffprb_Offgrid
2026-09-16 22:42:39 +0530: Memory Usage (1411972K) : Executing rule backpassiv_drw_Offgrid
2026-09-16 22:42:39 +0530: Memory Usage (1411972K) : Executing rule salblock_drw_Offgrid
2026-09-16 22:42:39 +0530: Memory Usage (1411972K) : Executing rule via2_drw_Offgrid
2026-09-16 22:42:40 +0530: Memory Usage (1411972K) : Executing rule metal3_drw_Offgrid
2026-09-16 22:42:40 +0530: Memory Usage (1411972K) : Executing rule metal3_mask_Offgrid
2026-09-16 22:42:40 +0530: Memory Usage (1411972K) : Executing rule metal3_filler_Offgrid
2026-09-16 22:42:40 +0530: Memory Usage (1411972K) : Executing rule metal3_slit_Offgrid
2026-09-16 22:42:40 +0530: Memory Usage (1411972K) : Executing rule metal3_opc_Offgrid
2026-09-16 22:42:40 +0530: Memory Usage (1411972K) : Executing rule metal3_noqrc_Offgrid
2026-09-16 22:42:40 +0530: Memory Usage (1411972K) : Executing rule metal3_res_Offgrid
2026-09-16 22:42:40 +0530: Memory Usage (1411972K) : Executing rule metal3_iprobe_Offgrid
2026-09-16 22:42:40 +0530: Memory Usage (1411972K) : Executing rule metal3_diffprb_Offgrid
2026-09-16 22:42:41 +0530: Memory Usage (1411972K) : Executing rule nwell_drw_Offgrid
2026-09-16 22:42:41 +0530: Memory Usage (1411972K) : Executing rule nbulay_drw_Offgrid
2026-09-16 22:42:41 +0530: Memory Usage (1411972K) : Executing rule nbulay_block_Offgrid
2026-09-16 22:42:41 +0530: Memory Usage (1411972K) : Executing rule pwell_drw_Offgrid
2026-09-16 22:42:41 +0530: Memory Usage (1411972K) : Executing rule pwell_block_Offgrid
2026-09-16 22:42:41 +0530: Memory Usage (1411972K) : Executing rule emwind_drw_Offgrid
2026-09-16 22:42:41 +0530: Memory Usage (1411972K) : Executing rule emwind_opc_Offgrid
2026-09-16 22:42:41 +0530: Memory Usage (1411972K) : Executing rule deepco_drw_Offgrid
2026-09-16 22:42:41 +0530: Memory Usage (1411972K) : Executing rule mim_drw_Offgrid
2026-09-16 22:42:41 +0530: Memory Usage (1411972K) : Executing rule substrate_drw_Offgrid
2026-09-16 22:42:41 +0530: Memory Usage (1411972K) : Executing rule ic_drw_Offgrid
2026-09-16 22:42:41 +0530: Memory Usage (1411972K) : Executing rule via3_drw_Offgrid
2026-09-16 22:42:42 +0530: Memory Usage (1411972K) : Executing rule pldb_drw_Offgrid
2026-09-16 22:42:42 +0530: Memory Usage (1411972K) : Executing rule metal4_drw_Offgrid
2026-09-16 22:42:42 +0530: Memory Usage (1411972K) : Executing rule metal4_mask_Offgrid
2026-09-16 22:42:42 +0530: Memory Usage (1411972K) : Executing rule metal4_filler_Offgrid
2026-09-16 22:42:42 +0530: Memory Usage (1411972K) : Executing rule metal4_slit_Offgrid
2026-09-16 22:42:42 +0530: Memory Usage (1411972K) : Executing rule metal4_opc_Offgrid
2026-09-16 22:42:42 +0530: Memory Usage (1411972K) : Executing rule metal4_noqrc_Offgrid
2026-09-16 22:42:42 +0530: Memory Usage (1411972K) : Executing rule metal4_res_Offgrid
2026-09-16 22:42:42 +0530: Memory Usage (1411972K) : Executing rule metal4_iprobe_Offgrid
2026-09-16 22:42:42 +0530: Memory Usage (1411972K) : Executing rule metal4_diffprb_Offgrid
2026-09-16 22:42:42 +0530: Memory Usage (1411972K) : Executing rule via4_drw_Offgrid
2026-09-16 22:42:42 +0530: Memory Usage (1411972K) : Executing rule metal5_drw_Offgrid
2026-09-16 22:42:43 +0530: Memory Usage (1411972K) : Executing rule metal5_mask_Offgrid
2026-09-16 22:42:43 +0530: Memory Usage (1411972K) : Executing rule metal5_filler_Offgrid
2026-09-16 22:42:43 +0530: Memory Usage (1411972K) : Executing rule metal5_slit_Offgrid
2026-09-16 22:42:43 +0530: Memory Usage (1411972K) : Executing rule metal5_opc_Offgrid
2026-09-16 22:42:43 +0530: Memory Usage (1411972K) : Executing rule metal5_noqrc_Offgrid
2026-09-16 22:42:43 +0530: Memory Usage (1411972K) : Executing rule metal5_res_Offgrid
2026-09-16 22:42:43 +0530: Memory Usage (1411972K) : Executing rule metal5_iprobe_Offgrid
2026-09-16 22:42:43 +0530: Memory Usage (1411972K) : Executing rule metal5_diffprb_Offgrid
2026-09-16 22:42:43 +0530: Memory Usage (1411972K) : Executing rule prboundary_drw_Offgrid
2026-09-16 22:42:43 +0530: Memory Usage (1411972K) : Executing rule exchange0_drw_Offgrid
2026-09-16 22:42:43 +0530: Memory Usage (1411972K) : Executing rule exchange1_drw_Offgrid
2026-09-16 22:42:43 +0530: Memory Usage (1411972K) : Executing rule exchange2_drw_Offgrid
2026-09-16 22:42:43 +0530: Memory Usage (1411972K) : Executing rule exchange3_drw_Offgrid
2026-09-16 22:42:43 +0530: Memory Usage (1411972K) : Executing rule exchange4_drw_Offgrid
2026-09-16 22:42:43 +0530: Memory Usage (1411972K) : Executing rule isonwell_drw_Offgrid
2026-09-16 22:42:43 +0530: Memory Usage (1411972K) : Executing rule thickgateox_drw_Offgrid
2026-09-16 22:42:43 +0530: Memory Usage (1411972K) : Executing rule pempoly_drw_Offgrid
2026-09-16 22:42:43 +0530: Memory Usage (1411972K) : Executing rule fbe_drw_Offgrid
2026-09-16 22:42:43 +0530: Memory Usage (1411972K) : Executing rule empoly_drw_Offgrid
2026-09-16 22:42:43 +0530: Memory Usage (1411972K) : Executing rule ldmos_drw_Offgrid
2026-09-16 22:42:44 +0530: Memory Usage (1411972K) : Executing rule pbiwind_drw_Offgrid
2026-09-16 22:42:44 +0530: Memory Usage (1411972K) : Executing rule colopen_drw_Offgrid
2026-09-16 22:42:44 +0530: Memory Usage (1411972K) : Executing rule extblock_drw_Offgrid
2026-09-16 22:42:44 +0530: Memory Usage (1411972K) : Executing rule nldd_drw_Offgrid
2026-09-16 22:42:44 +0530: Memory Usage (1411972K) : Executing rule pldd_drw_Offgrid
2026-09-16 22:42:44 +0530: Memory Usage (1411972K) : Executing rule next_drw_Offgrid
2026-09-16 22:42:44 +0530: Memory Usage (1411972K) : Executing rule pext_drw_Offgrid
2026-09-16 22:42:44 +0530: Memory Usage (1411972K) : Executing rule nexthv_drw_Offgrid
2026-09-16 22:42:44 +0530: Memory Usage (1411972K) : Executing rule pexthv_drw_Offgrid
2026-09-16 22:42:44 +0530: Memory Usage (1411972K) : Executing rule graphgate_drw_Offgrid
2026-09-16 22:42:44 +0530: Memory Usage (1411972K) : Executing rule mempad_drw_Offgrid
2026-09-16 22:42:44 +0530: Memory Usage (1411972K) : Executing rule topvia1_drw_Offgrid
2026-09-16 22:42:44 +0530: Memory Usage (1411972K) : Executing rule topmetal1_drw_Offgrid
2026-09-16 22:42:44 +0530: Memory Usage (1411972K) : Executing rule topmetal1_mask_Offgrid
2026-09-16 22:42:44 +0530: Memory Usage (1411972K) : Executing rule topmetal1_filler_Offgrid
2026-09-16 22:42:44 +0530: Memory Usage (1411972K) : Executing rule topmetal1_slit_Offgrid
2026-09-16 22:42:44 +0530: Memory Usage (1411972K) : Executing rule topmetal1_noqrc_Offgrid
2026-09-16 22:42:45 +0530: Memory Usage (1411972K) : Executing rule topmetal1_res_Offgrid
2026-09-16 22:42:45 +0530: Memory Usage (1411972K) : Executing rule topmetal1_iprobe_Offgrid
2026-09-16 22:42:45 +0530: Memory Usage (1411972K) : Executing rule topmetal1_diffprb_Offgrid
2026-09-16 22:42:45 +0530: Memory Usage (1411972K) : Executing rule inldpwl_drw_Offgrid
2026-09-16 22:42:45 +0530: Memory Usage (1411972K) : Executing rule polyres_drw_Offgrid
2026-09-16 22:42:45 +0530: Memory Usage (1411972K) : Executing rule vmim_drw_Offgrid
2026-09-16 22:42:45 +0530: Memory Usage (1411972K) : Executing rule nbulaycut_drw_Offgrid
2026-09-16 22:42:45 +0530: Memory Usage (1411972K) : Executing rule antmetal1_drw_Offgrid
2026-09-16 22:42:45 +0530: Memory Usage (1411972K) : Executing rule topvia2_drw_Offgrid
2026-09-16 22:42:45 +0530: Memory Usage (1411972K) : Executing rule topmetal2_drw_Offgrid
2026-09-16 22:42:45 +0530: Memory Usage (1411972K) : Executing rule topmetal2_mask_Offgrid
2026-09-16 22:42:45 +0530: Memory Usage (1411972K) : Executing rule topmetal2_filler_Offgrid
2026-09-16 22:42:45 +0530: Memory Usage (1411972K) : Executing rule topmetal2_slit_Offgrid
2026-09-16 22:42:45 +0530: Memory Usage (1411972K) : Executing rule topmetal2_noqrc_Offgrid
2026-09-16 22:42:45 +0530: Memory Usage (1411972K) : Executing rule topmetal2_res_Offgrid
2026-09-16 22:42:45 +0530: Memory Usage (1411972K) : Executing rule topmetal2_iprobe_Offgrid
2026-09-16 22:42:45 +0530: Memory Usage (1411972K) : Executing rule topmetal2_diffprb_Offgrid
2026-09-16 22:42:46 +0530: Memory Usage (1411972K) : Executing rule snsring_drw_Offgrid
2026-09-16 22:42:46 +0530: Memory Usage (1411972K) : Executing rule sensor_drw_Offgrid
2026-09-16 22:42:46 +0530: Memory Usage (1411972K) : Executing rule snsarms_drw_Offgrid
2026-09-16 22:42:46 +0530: Memory Usage (1411972K) : Executing rule snscmosvia_drw_Offgrid
2026-09-16 22:42:46 +0530: Memory Usage (1411972K) : Executing rule colwind_drw_Offgrid
2026-09-16 22:42:46 +0530: Memory Usage (1411972K) : Executing rule flm_drw_Offgrid
2026-09-16 22:42:46 +0530: Memory Usage (1411972K) : Executing rule hafniumox_drw_Offgrid
2026-09-16 22:42:46 +0530: Memory Usage (1411972K) : Executing rule memvia_drw_Offgrid
2026-09-16 22:42:46 +0530: Memory Usage (1411972K) : Executing rule thinfilmres_drw_Offgrid
2026-09-16 22:42:46 +0530: Memory Usage (1411972K) : Executing rule rfmem_drw_Offgrid
2026-09-16 22:42:46 +0530: Memory Usage (1411972K) : Executing rule snsbotvia_drw_Offgrid
2026-09-16 22:42:46 +0530: Memory Usage (1411972K) : Executing rule snstopvia_drw_Offgrid
2026-09-16 22:42:46 +0530: Memory Usage (1411972K) : Executing rule deepvia_drw_Offgrid
2026-09-16 22:42:46 +0530: Memory Usage (1411972K) : Executing rule fgetch_drw_Offgrid
2026-09-16 22:42:46 +0530: Memory Usage (1411972K) : Executing rule ctrgat_drw_Offgrid
2026-09-16 22:42:46 +0530: Memory Usage (1411972K) : Executing rule fgimp_drw_Offgrid
2026-09-16 22:42:46 +0530: Memory Usage (1411972K) : Executing rule emwihv_drw_Offgrid
2026-09-16 22:42:46 +0530: Memory Usage (1411972K) : Executing rule lbe_drw_Offgrid
2026-09-16 22:42:46 +0530: Memory Usage (1411972K) : Executing rule alcustop_drw_Offgrid
2026-09-16 22:42:46 +0530: Memory Usage (1411972K) : Starting 3.2. angle table
2026-09-16 22:42:46 +0530: Memory Usage (1411972K) : Executing rule activ_drw_Acute
2026-09-16 22:42:47 +0530: Memory Usage (1411972K) : Executing rule activ_pin_Acute
2026-09-16 22:42:47 +0530: Memory Usage (1411972K) : Executing rule activ_mask_Acute
2026-09-16 22:42:48 +0530: Memory Usage (1411972K) : Executing rule activ_filler_Acute
2026-09-16 22:42:48 +0530: Memory Usage (1411972K) : Executing rule activ_nofill_Acute
2026-09-16 22:42:48 +0530: Memory Usage (1411972K) : Executing rule activ_opc_Acute
2026-09-16 22:42:48 +0530: Memory Usage (1411972K) : Executing rule activ_iopc_Acute
2026-09-16 22:42:48 +0530: Memory Usage (1411972K) : Executing rule activ_noqrc_Acute
2026-09-16 22:42:48 +0530: Memory Usage (1411972K) : Executing rule biwind_drw_Acute
2026-09-16 22:42:48 +0530: Memory Usage (1411972K) : Executing rule biwind_opc_Acute
2026-09-16 22:42:48 +0530: Memory Usage (1411972K) : Executing rule pemwind_drw_Acute
2026-09-16 22:42:48 +0530: Memory Usage (1411972K) : Executing rule gatpoly_drw_Acute
2026-09-16 22:42:48 +0530: Memory Usage (1411972K) : Executing rule gatpoly_pin_Acute
2026-09-16 22:42:48 +0530: Memory Usage (1411972K) : Executing rule gatpoly_filler_Acute
2026-09-16 22:42:48 +0530: Memory Usage (1411972K) : Executing rule gatpoly_nofill_Acute
2026-09-16 22:42:48 +0530: Memory Usage (1411972K) : Executing rule gatpoly_opc_Acute
2026-09-16 22:42:48 +0530: Memory Usage (1411972K) : Executing rule gatpoly_iopc_Acute
2026-09-16 22:42:49 +0530: Memory Usage (1411972K) : Executing rule gatpoly_noqrc_Acute
2026-09-16 22:42:49 +0530: Memory Usage (1411972K) : Executing rule cont_drw_Acute
2026-09-16 22:42:53 +0530: Memory Usage (1413332K) : Executing rule cont_opc_Acute
2026-09-16 22:42:53 +0530: Memory Usage (1413332K) : Executing rule nsd_drw_Acute
2026-09-16 22:42:54 +0530: Memory Usage (1413332K) : Executing rule nsd_block_Acute
2026-09-16 22:42:54 +0530: Memory Usage (1413332K) : Executing rule metal1_drw_Acute
2026-09-16 22:42:56 +0530: Memory Usage (1413204K) : Executing rule metal1_pin_Acute
2026-09-16 22:42:57 +0530: Memory Usage (1413204K) : Executing rule metal1_mask_Acute
2026-09-16 22:42:57 +0530: Memory Usage (1413204K) : Executing rule metal1_filler_Acute
2026-09-16 22:42:57 +0530: Memory Usage (1413204K) : Executing rule metal1_nofill_Acute
2026-09-16 22:42:57 +0530: Memory Usage (1413204K) : Executing rule metal1_slit_Acute
2026-09-16 22:42:57 +0530: Memory Usage (1413204K) : Executing rule metal1_opc_Acute
2026-09-16 22:42:57 +0530: Memory Usage (1413204K) : Executing rule metal1_noqrc_Acute
2026-09-16 22:42:57 +0530: Memory Usage (1413204K) : Executing rule metal1_res_Acute
2026-09-16 22:42:57 +0530: Memory Usage (1413204K) : Executing rule metal1_iprobe_Acute
2026-09-16 22:42:57 +0530: Memory Usage (1413204K) : Executing rule metal1_diffprb_Acute
2026-09-16 22:42:57 +0530: Memory Usage (1413064K) : Executing rule passiv_drw_Acute
2026-09-16 22:42:58 +0530: Memory Usage (1413064K) : Executing rule passiv_pin_Acute
2026-09-16 22:42:58 +0530: Memory Usage (1413064K) : Executing rule passiv_pillar_Acute
2026-09-16 22:42:58 +0530: Memory Usage (1413064K) : Executing rule passiv_sbump_Acute
2026-09-16 22:42:58 +0530: Memory Usage (1413064K) : Executing rule passiv_pdl_Acute
2026-09-16 22:42:58 +0530: Memory Usage (1413064K) : Executing rule metal2_drw_Acute
2026-09-16 22:42:59 +0530: Memory Usage (1413064K) : Executing rule metal2_pin_Acute
2026-09-16 22:42:59 +0530: Memory Usage (1413064K) : Executing rule metal2_mask_Acute
2026-09-16 22:42:59 +0530: Memory Usage (1413064K) : Executing rule metal2_filler_Acute
2026-09-16 22:42:59 +0530: Memory Usage (1413064K) : Executing rule metal2_nofill_Acute
2026-09-16 22:42:59 +0530: Memory Usage (1413064K) : Executing rule metal2_slit_Acute
2026-09-16 22:42:59 +0530: Memory Usage (1413064K) : Executing rule metal2_opc_Acute
2026-09-16 22:42:59 +0530: Memory Usage (1413064K) : Executing rule metal2_noqrc_Acute
2026-09-16 22:42:59 +0530: Memory Usage (1413064K) : Executing rule metal2_res_Acute
2026-09-16 22:42:59 +0530: Memory Usage (1413064K) : Executing rule metal2_iprobe_Acute
2026-09-16 22:42:59 +0530: Memory Usage (1413064K) : Executing rule metal2_diffprb_Acute
2026-09-16 22:42:59 +0530: Memory Usage (1413064K) : Executing rule baspoly_drw_Acute
2026-09-16 22:42:59 +0530: Memory Usage (1413064K) : Executing rule baspoly_pin_Acute
2026-09-16 22:43:00 +0530: Memory Usage (1413064K) : Executing rule psd_drw_Acute
2026-09-16 22:43:00 +0530: Memory Usage (1413064K) : Executing rule nldb_drw_Acute
2026-09-16 22:43:00 +0530: Memory Usage (1413064K) : Executing rule via1_drw_Acute
2026-09-16 22:43:00 +0530: Memory Usage (1413064K) : Executing rule backmetal1_drw_Acute
2026-09-16 22:43:00 +0530: Memory Usage (1413064K) : Executing rule backmetal1_pin_Acute
2026-09-16 22:43:01 +0530: Memory Usage (1413064K) : Executing rule backmetal1_mask_Acute
2026-09-16 22:43:01 +0530: Memory Usage (1413064K) : Executing rule backmetal1_filler_Acute
2026-09-16 22:43:01 +0530: Memory Usage (1413064K) : Executing rule backmetal1_nofill_Acute
2026-09-16 22:43:01 +0530: Memory Usage (1413064K) : Executing rule backmetal1_slit_Acute
2026-09-16 22:43:01 +0530: Memory Usage (1413064K) : Executing rule backmetal1_opc_Acute
2026-09-16 22:43:01 +0530: Memory Usage (1413064K) : Executing rule backmetal1_noqrc_Acute
2026-09-16 22:43:01 +0530: Memory Usage (1413064K) : Executing rule backmetal1_res_Acute
2026-09-16 22:43:01 +0530: Memory Usage (1413064K) : Executing rule backmetal1_iprobe_Acute
2026-09-16 22:43:01 +0530: Memory Usage (1413064K) : Executing rule backmetal1_diffprb_Acute
2026-09-16 22:43:01 +0530: Memory Usage (1413064K) : Executing rule backpassiv_drw_Acute
2026-09-16 22:43:01 +0530: Memory Usage (1413064K) : Executing rule salblock_drw_Acute
2026-09-16 22:43:01 +0530: Memory Usage (1413064K) : Executing rule via2_drw_Acute
2026-09-16 22:43:01 +0530: Memory Usage (1413064K) : Executing rule metal3_drw_Acute
2026-09-16 22:43:02 +0530: Memory Usage (1413064K) : Executing rule metal3_pin_Acute
2026-09-16 22:43:02 +0530: Memory Usage (1413064K) : Executing rule metal3_mask_Acute
2026-09-16 22:43:02 +0530: Memory Usage (1413064K) : Executing rule metal3_filler_Acute
2026-09-16 22:43:02 +0530: Memory Usage (1413064K) : Executing rule metal3_nofill_Acute
2026-09-16 22:43:02 +0530: Memory Usage (1413064K) : Executing rule metal3_slit_Acute
2026-09-16 22:43:02 +0530: Memory Usage (1413064K) : Executing rule metal3_opc_Acute
2026-09-16 22:43:02 +0530: Memory Usage (1413064K) : Executing rule metal3_noqrc_Acute
2026-09-16 22:43:02 +0530: Memory Usage (1413064K) : Executing rule metal3_res_Acute
2026-09-16 22:43:02 +0530: Memory Usage (1413064K) : Executing rule metal3_iprobe_Acute
2026-09-16 22:43:03 +0530: Memory Usage (1413064K) : Executing rule metal3_diffprb_Acute
2026-09-16 22:43:03 +0530: Memory Usage (1413064K) : Executing rule nwell_drw_Acute
2026-09-16 22:43:03 +0530: Memory Usage (1413064K) : Executing rule nwell_pin_Acute
2026-09-16 22:43:03 +0530: Memory Usage (1413064K) : Executing rule nbulay_drw_Acute
2026-09-16 22:43:03 +0530: Memory Usage (1413064K) : Executing rule nbulay_pin_Acute
2026-09-16 22:43:03 +0530: Memory Usage (1413064K) : Executing rule nbulay_block_Acute
2026-09-16 22:43:03 +0530: Memory Usage (1413064K) : Executing rule pwell_drw_Acute
2026-09-16 22:43:03 +0530: Memory Usage (1413064K) : Executing rule pwell_pin_Acute
2026-09-16 22:43:03 +0530: Memory Usage (1413064K) : Executing rule pwell_block_Acute
2026-09-16 22:43:03 +0530: Memory Usage (1413064K) : Executing rule emwind_drw_Acute
2026-09-16 22:43:04 +0530: Memory Usage (1413064K) : Executing rule emwind_opc_Acute
2026-09-16 22:43:04 +0530: Memory Usage (1413064K) : Executing rule deepco_drw_Acute
2026-09-16 22:43:04 +0530: Memory Usage (1413064K) : Executing rule mim_drw_Acute
2026-09-16 22:43:04 +0530: Memory Usage (1413064K) : Executing rule substrate_drw_Acute
2026-09-16 22:43:04 +0530: Memory Usage (1413064K) : Executing rule ic_drw_Acute
2026-09-16 22:43:04 +0530: Memory Usage (1413064K) : Executing rule via3_drw_Acute
2026-09-16 22:43:04 +0530: Memory Usage (1413064K) : Executing rule pldb_drw_Acute
2026-09-16 22:43:04 +0530: Memory Usage (1413064K) : Executing rule metal4_drw_Acute
2026-09-16 22:43:04 +0530: Memory Usage (1413064K) : Executing rule metal4_pin_Acute
2026-09-16 22:43:04 +0530: Memory Usage (1413064K) : Executing rule metal4_mask_Acute
2026-09-16 22:43:04 +0530: Memory Usage (1413064K) : Executing rule metal4_filler_Acute
2026-09-16 22:43:04 +0530: Memory Usage (1413064K) : Executing rule metal4_nofill_Acute
2026-09-16 22:43:04 +0530: Memory Usage (1413064K) : Executing rule metal4_slit_Acute
2026-09-16 22:43:05 +0530: Memory Usage (1413064K) : Executing rule metal4_opc_Acute
2026-09-16 22:43:05 +0530: Memory Usage (1413064K) : Executing rule metal4_noqrc_Acute
2026-09-16 22:43:05 +0530: Memory Usage (1413064K) : Executing rule metal4_res_Acute
2026-09-16 22:43:05 +0530: Memory Usage (1413064K) : Executing rule metal4_iprobe_Acute
2026-09-16 22:43:05 +0530: Memory Usage (1413064K) : Executing rule metal4_diffprb_Acute
2026-09-16 22:43:05 +0530: Memory Usage (1413064K) : Executing rule via4_drw_Acute
2026-09-16 22:43:05 +0530: Memory Usage (1413064K) : Executing rule metal5_drw_Acute
2026-09-16 22:43:05 +0530: Memory Usage (1413064K) : Executing rule metal5_pin_Acute
2026-09-16 22:43:05 +0530: Memory Usage (1413064K) : Executing rule metal5_mask_Acute
2026-09-16 22:43:05 +0530: Memory Usage (1413064K) : Executing rule metal5_filler_Acute
2026-09-16 22:43:05 +0530: Memory Usage (1413064K) : Executing rule metal5_nofill_Acute
2026-09-16 22:43:05 +0530: Memory Usage (1413064K) : Executing rule metal5_slit_Acute
2026-09-16 22:43:05 +0530: Memory Usage (1413064K) : Executing rule metal5_opc_Acute
2026-09-16 22:43:05 +0530: Memory Usage (1413064K) : Executing rule metal5_noqrc_Acute
2026-09-16 22:43:05 +0530: Memory Usage (1413064K) : Executing rule metal5_res_Acute
2026-09-16 22:43:06 +0530: Memory Usage (1413064K) : Executing rule metal5_iprobe_Acute
2026-09-16 22:43:06 +0530: Memory Usage (1413064K) : Executing rule metal5_diffprb_Acute
2026-09-16 22:43:06 +0530: Memory Usage (1413064K) : Executing rule prboundary_drw_Acute
2026-09-16 22:43:06 +0530: Memory Usage (1413064K) : Executing rule exchange0_drw_Acute
2026-09-16 22:43:06 +0530: Memory Usage (1413064K) : Executing rule exchange0_pin_Acute
2026-09-16 22:43:06 +0530: Memory Usage (1413064K) : Executing rule exchange1_drw_Acute
2026-09-16 22:43:06 +0530: Memory Usage (1413064K) : Executing rule exchange1_pin_Acute
2026-09-16 22:43:06 +0530: Memory Usage (1413064K) : Executing rule exchange2_drw_Acute
2026-09-16 22:43:06 +0530: Memory Usage (1413064K) : Executing rule exchange2_pin_Acute
2026-09-16 22:43:06 +0530: Memory Usage (1413064K) : Executing rule exchange3_drw_Acute
2026-09-16 22:43:06 +0530: Memory Usage (1413064K) : Executing rule exchange3_pin_Acute
2026-09-16 22:43:06 +0530: Memory Usage (1413064K) : Executing rule exchange4_drw_Acute
2026-09-16 22:43:06 +0530: Memory Usage (1413064K) : Executing rule exchange4_pin_Acute
2026-09-16 22:43:06 +0530: Memory Usage (1413064K) : Executing rule isonwell_drw_Acute
2026-09-16 22:43:06 +0530: Memory Usage (1413064K) : Executing rule thickgateox_drw_Acute
2026-09-16 22:43:06 +0530: Memory Usage (1413064K) : Executing rule pempoly_drw_Acute
2026-09-16 22:43:06 +0530: Memory Usage (1413064K) : Executing rule fbe_drw_Acute
2026-09-16 22:43:07 +0530: Memory Usage (1413064K) : Executing rule empoly_drw_Acute
2026-09-16 22:43:07 +0530: Memory Usage (1413064K) : Executing rule ldmos_drw_Acute
2026-09-16 22:43:07 +0530: Memory Usage (1413064K) : Executing rule pbiwind_drw_Acute
2026-09-16 22:43:07 +0530: Memory Usage (1413064K) : Executing rule colopen_drw_Acute
2026-09-16 22:43:07 +0530: Memory Usage (1413064K) : Executing rule extblock_drw_Acute
2026-09-16 22:43:07 +0530: Memory Usage (1413064K) : Executing rule nldd_drw_Acute
2026-09-16 22:43:07 +0530: Memory Usage (1413064K) : Executing rule pldd_drw_Acute
2026-09-16 22:43:07 +0530: Memory Usage (1413064K) : Executing rule next_drw_Acute
2026-09-16 22:43:07 +0530: Memory Usage (1413064K) : Executing rule pext_drw_Acute
2026-09-16 22:43:07 +0530: Memory Usage (1413064K) : Executing rule nexthv_drw_Acute
2026-09-16 22:43:07 +0530: Memory Usage (1413064K) : Executing rule pexthv_drw_Acute
2026-09-16 22:43:07 +0530: Memory Usage (1413064K) : Executing rule graphgate_drw_Acute
2026-09-16 22:43:07 +0530: Memory Usage (1413064K) : Executing rule mempad_drw_Acute
2026-09-16 22:43:07 +0530: Memory Usage (1413064K) : Executing rule topvia1_drw_Acute
2026-09-16 22:43:07 +0530: Memory Usage (1413064K) : Executing rule topmetal1_drw_Acute
2026-09-16 22:43:08 +0530: Memory Usage (1413064K) : Executing rule topmetal1_pin_Acute
2026-09-16 22:43:08 +0530: Memory Usage (1413064K) : Executing rule topmetal1_mask_Acute
2026-09-16 22:43:08 +0530: Memory Usage (1413064K) : Executing rule topmetal1_filler_Acute
2026-09-16 22:43:08 +0530: Memory Usage (1413064K) : Executing rule topmetal1_nofill_Acute
2026-09-16 22:43:08 +0530: Memory Usage (1413064K) : Executing rule topmetal1_slit_Acute
2026-09-16 22:43:08 +0530: Memory Usage (1413064K) : Executing rule topmetal1_noqrc_Acute
2026-09-16 22:43:08 +0530: Memory Usage (1413064K) : Executing rule topmetal1_res_Acute
2026-09-16 22:43:08 +0530: Memory Usage (1413064K) : Executing rule topmetal1_iprobe_Acute
2026-09-16 22:43:08 +0530: Memory Usage (1413064K) : Executing rule topmetal1_diffprb_Acute
2026-09-16 22:43:08 +0530: Memory Usage (1413064K) : Executing rule inldpwl_drw_Acute
2026-09-16 22:43:08 +0530: Memory Usage (1413064K) : Executing rule polyres_drw_Acute
2026-09-16 22:43:08 +0530: Memory Usage (1413064K) : Executing rule polyres_pin_Acute
2026-09-16 22:43:08 +0530: Memory Usage (1413064K) : Executing rule vmim_drw_Acute
2026-09-16 22:43:08 +0530: Memory Usage (1413064K) : Executing rule nbulaycut_drw_Acute
2026-09-16 22:43:08 +0530: Memory Usage (1413064K) : Executing rule antmetal1_drw_Acute
2026-09-16 22:43:08 +0530: Memory Usage (1413064K) : Executing rule topvia2_drw_Acute
2026-09-16 22:43:09 +0530: Memory Usage (1413064K) : Executing rule topmetal2_drw_Acute
2026-09-16 22:43:09 +0530: Memory Usage (1413064K) : Executing rule topmetal2_pin_Acute
2026-09-16 22:43:09 +0530: Memory Usage (1413064K) : Executing rule topmetal2_mask_Acute
2026-09-16 22:43:09 +0530: Memory Usage (1413064K) : Executing rule topmetal2_filler_Acute
2026-09-16 22:43:09 +0530: Memory Usage (1413064K) : Executing rule topmetal2_nofill_Acute
2026-09-16 22:43:09 +0530: Memory Usage (1413064K) : Executing rule topmetal2_slit_Acute
2026-09-16 22:43:09 +0530: Memory Usage (1413064K) : Executing rule topmetal2_noqrc_Acute
2026-09-16 22:43:09 +0530: Memory Usage (1413064K) : Executing rule topmetal2_res_Acute
2026-09-16 22:43:09 +0530: Memory Usage (1413064K) : Executing rule topmetal2_iprobe_Acute
2026-09-16 22:43:09 +0530: Memory Usage (1413064K) : Executing rule topmetal2_diffprb_Acute
2026-09-16 22:43:09 +0530: Memory Usage (1413064K) : Executing rule snsring_drw_Acute
2026-09-16 22:43:09 +0530: Memory Usage (1413064K) : Executing rule sensor_drw_Acute
2026-09-16 22:43:09 +0530: Memory Usage (1413064K) : Executing rule snsarms_drw_Acute
2026-09-16 22:43:09 +0530: Memory Usage (1413064K) : Executing rule snscmosvia_drw_Acute
2026-09-16 22:43:09 +0530: Memory Usage (1413064K) : Executing rule colwind_drw_Acute
2026-09-16 22:43:10 +0530: Memory Usage (1413064K) : Executing rule flm_drw_Acute
2026-09-16 22:43:10 +0530: Memory Usage (1413064K) : Executing rule hafniumox_drw_Acute
2026-09-16 22:43:10 +0530: Memory Usage (1413064K) : Executing rule memvia_drw_Acute
2026-09-16 22:43:10 +0530: Memory Usage (1413064K) : Executing rule thinfilmres_drw_Acute
2026-09-16 22:43:10 +0530: Memory Usage (1413064K) : Executing rule rfmem_drw_Acute
2026-09-16 22:43:10 +0530: Memory Usage (1413064K) : Executing rule snsbotvia_drw_Acute
2026-09-16 22:43:10 +0530: Memory Usage (1413064K) : Executing rule snstopvia_drw_Acute
2026-09-16 22:43:10 +0530: Memory Usage (1413064K) : Executing rule deepvia_drw_Acute
2026-09-16 22:43:10 +0530: Memory Usage (1413064K) : Executing rule fgetch_drw_Acute
2026-09-16 22:43:10 +0530: Memory Usage (1413064K) : Executing rule ctrgat_drw_Acute
2026-09-16 22:43:10 +0530: Memory Usage (1413064K) : Executing rule fgimp_drw_Acute
2026-09-16 22:43:10 +0530: Memory Usage (1413064K) : Executing rule emwihv_drw_Acute
2026-09-16 22:43:10 +0530: Memory Usage (1413064K) : Executing rule lbe_drw_Acute
2026-09-16 22:43:10 +0530: Memory Usage (1413064K) : Executing rule alcustop_drw_Acute
2026-09-16 22:43:10 +0530: Memory Usage (1413064K) : Executing rule cont_drw_Angle90
2026-09-16 22:43:22 +0530: Memory Usage (2068424K) : Executing rule via1_drw_Angle90
2026-09-16 22:43:22 +0530: Memory Usage (2068424K) : Executing rule via2_drw_Angle90
2026-09-16 22:43:22 +0530: Memory Usage (1907504K) : Executing rule via3_drw_Angle90
2026-09-16 22:43:22 +0530: Memory Usage (1907632K) : Executing rule via4_drw_Angle90
2026-09-16 22:43:23 +0530: Memory Usage (1907632K) : Executing rule vmim_drw_Angle90
2026-09-16 22:43:23 +0530: Memory Usage (1907632K) : Executing rule topvia1_drw_Angle90
2026-09-16 22:43:23 +0530: Memory Usage (1907504K) : Executing rule topvia2_drw_Angle90
2026-09-16 22:43:23 +0530: Memory Usage (1907632K) : Executing rule gatpoly_drw_Angle45
2026-09-16 22:43:23 +0530: Memory Usage (1907632K) : Executing rule activ_drw_Angle45
2026-09-16 22:43:27 +0530: Memory Usage (1941552K) : Executing rule metal1_drw_Angle45
2026-09-16 22:43:36 +0530: Memory Usage (1981240K) : Executing rule metal2_drw_Angle45
2026-09-16 22:43:39 +0530: Memory Usage (1893056K) : Executing rule metal3_drw_Angle45
2026-09-16 22:43:41 +0530: Memory Usage (1914304K) : Executing rule metal4_drw_Angle45
2026-09-16 22:43:41 +0530: Memory Usage (1914304K) : Executing rule metal5_drw_Angle45
2026-09-16 22:43:41 +0530: Memory Usage (1914304K) : Executing rule topmetal1_drw_Angle45
2026-09-16 22:43:41 +0530: Memory Usage (1914304K) : Executing rule topmetal2_drw_Angle45
2026-09-16 22:43:42 +0530: Memory Usage (1914432K) : Starting 3.2. FORBIDDEN table
2026-09-16 22:43:42 +0530: Memory Usage (1914432K) : Executing rule forbidden.biwind
2026-09-16 22:43:42 +0530: Memory Usage (1914432K) : Executing rule forbidden.pemwind
2026-09-16 22:43:42 +0530: Memory Usage (1914432K) : Executing rule forbidden.baspoly
2026-09-16 22:43:42 +0530: Memory Usage (1914432K) : Executing rule forbidden.deepco
2026-09-16 22:43:42 +0530: Memory Usage (1914432K) : Executing rule forbidden.pempoly
2026-09-16 22:43:42 +0530: Memory Usage (1914432K) : Executing rule forbidden.empoly
2026-09-16 22:43:42 +0530: Memory Usage (1914432K) : Executing rule forbidden.ldmos
2026-09-16 22:43:42 +0530: Memory Usage (1914432K) : Executing rule forbidden.pbiwind
2026-09-16 22:43:42 +0530: Memory Usage (1914432K) : Executing rule forbidden.nodrc
2026-09-16 22:43:42 +0530: Memory Usage (1914432K) : Executing rule forbidden.flash
2026-09-16 22:43:42 +0530: Memory Usage (1914432K) : Executing rule forbidden.colwind
2026-09-16 22:43:42 +0530: Memory Usage (1914432K) : KLayout DRC run for tables 'main' completed in 219.14 seconds
