┏━━━━━━━┳━━━━━━━━━━┳━━━━━━━━━━┳━━━━━━━━━━━━━━━━━┳━━━━━━━━━━━━━━━━━━━━━━━━━━━━┳━━━━━━━━━━━┓
┃ P / R ┃ Partial  ┃ Required ┃ Net             ┃ Pin                        ┃ Layer     ┃
┡━━━━━━━╇━━━━━━━━━━╇━━━━━━━━━━╇━━━━━━━━━━━━━━━━━╇━━━━━━━━━━━━━━━━━━━━━━━━━━━━╇━━━━━━━━━━━┩
│ 80.14 │ 16028.54 │ 200.00   │ s_rdata[114\]   │ u_ic/s_rdata[114]          │ TopMetal1 │
│ 27.17 │ 5433.52  │ 200.00   │ s_wdata[116\]   │ u_periph2/s_axil_wdata[20] │ Metal3    │
│ 26.79 │ 5357.06  │ 200.00   │ s_wdata[108\]   │ u_periph2/s_axil_wdata[12] │ Metal5    │
│ 26.64 │ 5328.03  │ 200.00   │ s_wdata[102\]   │ u_periph2/s_axil_wdata[6]  │ Metal3    │
│ 26.31 │ 5262.63  │ 200.00   │ s_wdata[98\]    │ u_periph2/s_axil_wdata[2]  │ Metal3    │
│ 17.61 │ 3521.59  │ 200.00   │ s_wdata[101\]   │ u_periph2/s_axil_wdata[5]  │ Metal4    │
│ 17.61 │ 3521.59  │ 200.00   │ s_wstrb[15\]    │ u_periph2/s_axil_wstrb[3]  │ Metal4    │
│ 17.54 │ 3508.41  │ 200.00   │ s_wdata[106\]   │ u_periph2/s_axil_wdata[10] │ Metal4    │
│ 10.68 │ 2136.13  │ 200.00   │ s_wready[3\]    │ u_ic/s_wready[3]           │ Metal4    │
│ 10.56 │ 2112.22  │ 200.00   │ s_araddr[99\]   │ u_periph2/s_axil_araddr[3] │ Metal4    │
│ 10.55 │ 2110.45  │ 200.00   │ s_awaddr[28\]   │ u_ram/s_axil_awaddr[28]    │ Metal3    │
│ 10.45 │ 2090.51  │ 200.00   │ s_rdata[126\]   │ u_ic/s_rdata[126]          │ Metal3    │
│ 10.45 │ 2090.34  │ 200.00   │ s_rdata[127\]   │ u_ic/s_rdata[127]          │ Metal3    │
│ 10.16 │ 2032.53  │ 200.00   │ s_awready[3\]   │ u_ic/s_awready[3]          │ Metal4    │
│ 10.05 │ 2010.82  │ 200.00   │ s_arready[3\]   │ u_ic/s_arready[3]          │ Metal3    │
│ 9.97  │ 1993.12  │ 200.00   │ s_rdata[100\]   │ u_ic/s_rdata[100]          │ Metal3    │
│ 9.96  │ 1992.89  │ 200.00   │ s_rdata[121\]   │ u_ic/s_rdata[121]          │ Metal3    │
│ 9.89  │ 1978.64  │ 200.00   │ s_rdata[105\]   │ u_ic/s_rdata[105]          │ Metal3    │
│ 9.89  │ 1978.11  │ 200.00   │ s_rdata[111\]   │ u_ic/s_rdata[111]          │ Metal3    │
│ 9.88  │ 1976.69  │ 200.00   │ s_rdata[108\]   │ u_ic/s_rdata[108]          │ Metal3    │
│ 9.81  │ 1961.64  │ 200.00   │ s_rdata[118\]   │ u_ic/s_rdata[118]          │ Metal3    │
│ 9.74  │ 1947.34  │ 200.00   │ s_rdata[123\]   │ u_ic/s_rdata[123]          │ Metal3    │
│ 9.74  │ 1947.20  │ 200.00   │ s_rdata[124\]   │ u_ic/s_rdata[124]          │ Metal3    │
│ 9.73  │ 1945.97  │ 200.00   │ s_rdata[120\]   │ u_ic/s_rdata[120]          │ Metal3    │
│ 9.73  │ 1945.70  │ 200.00   │ s_rdata[122\]   │ u_ic/s_rdata[122]          │ Metal3    │
│ 9.73  │ 1945.48  │ 200.00   │ s_rdata[125\]   │ u_ic/s_rdata[125]          │ Metal3    │
│ 9.66  │ 1931.53  │ 200.00   │ s_rdata[97\]    │ u_ic/s_rdata[97]           │ Metal3    │
│ 9.65  │ 1930.03  │ 200.00   │ s_rresp[7\]     │ u_ic/s_rresp[7]            │ Metal3    │
│ 9.65  │ 1929.23  │ 200.00   │ s_rresp[6\]     │ u_ic/s_rresp[6]            │ Metal3    │
│ 9.25  │ 1849.24  │ 200.00   │ s_rdata[127\]   │ u_ic/s_rdata[127]          │ Metal4    │
│ 9.13  │ 1825.33  │ 200.00   │ s_rdata[120\]   │ u_ic/s_rdata[120]          │ Metal4    │
│ 9.09  │ 1817.37  │ 200.00   │ s_rdata[121\]   │ u_ic/s_rdata[121]          │ Metal4    │
│ 8.97  │ 1794.97  │ 200.00   │ s_rdata[114\]   │ u_ic/s_rdata[114]          │ Metal5    │
│ 8.97  │ 1793.36  │ 200.00   │ s_wready[3\]    │ u_ic/s_wready[3]           │ Metal3    │
│ 8.90  │ 1780.78  │ 200.00   │ s_wstrb[15\]    │ u_periph2/s_axil_wstrb[3]  │ Metal3    │
│ 8.85  │ 1769.55  │ 200.00   │ s_rresp[7\]     │ u_ic/s_rresp[7]            │ Metal4    │
│ 8.82  │ 1763.10  │ 200.00   │ s_wready[0\]    │ u_ic/s_wready[0]           │ Metal5    │
│ 8.65  │ 1729.71  │ 200.00   │ s_rdata[105\]   │ u_ic/s_rdata[105]          │ Metal4    │
│ 8.45  │ 1689.86  │ 200.00   │ s_rdata[126\]   │ u_ic/s_rdata[126]          │ Metal4    │
│ 8.37  │ 1673.92  │ 200.00   │ s_rdata[111\]   │ u_ic/s_rdata[111]          │ Metal4    │
│ 7.89  │ 1578.20  │ 200.00   │ s_wdata[12\]    │ u_ram/s_axil_wdata[12]     │ Metal3    │
│ 7.86  │ 1572.26  │ 200.00   │ s_rdata[29\]    │ u_ic/s_rdata[29]           │ Metal3    │
│ 7.82  │ 1564.16  │ 200.00   │ s_rdata[30\]    │ u_ic/s_rdata[30]           │ Metal3    │
│ 7.79  │ 1557.79  │ 200.00   │ s_rdata[22\]    │ u_ic/s_rdata[22]           │ Metal3    │
│ 7.79  │ 1557.52  │ 200.00   │ s_rdata[9\]     │ u_ic/s_rdata[9]            │ Metal3    │
│ 7.79  │ 1557.21  │ 200.00   │ s_rdata[28\]    │ u_ic/s_rdata[28]           │ Metal3    │
│ 7.78  │ 1555.48  │ 200.00   │ s_rdata[1\]     │ u_ic/s_rdata[1]            │ Metal3    │
│ 7.77  │ 1554.69  │ 200.00   │ s_rdata[26\]    │ u_ic/s_rdata[26]           │ Metal3    │
│ 7.77  │ 1554.55  │ 200.00   │ s_rdata[4\]     │ u_ic/s_rdata[4]            │ Metal3    │
│ 7.77  │ 1554.29  │ 200.00   │ s_rdata[25\]    │ u_ic/s_rdata[25]           │ Metal3    │
│ 7.75  │ 1549.29  │ 200.00   │ s_rdata[24\]    │ u_ic/s_rdata[24]           │ Metal3    │
│ 7.74  │ 1548.84  │ 200.00   │ s_rdata[27\]    │ u_ic/s_rdata[27]           │ Metal3    │
│ 7.74  │ 1548.09  │ 200.00   │ s_rdata[23\]    │ u_ic/s_rdata[23]           │ Metal3    │
│ 7.74  │ 1547.43  │ 200.00   │ s_rdata[12\]    │ u_ic/s_rdata[12]           │ Metal3    │
│ 7.73  │ 1546.85  │ 200.00   │ s_rdata[15\]    │ u_ic/s_rdata[15]           │ Metal3    │
│ 7.73  │ 1546.19  │ 200.00   │ s_arready[0\]   │ u_ic/s_arready[0]          │ Metal3    │
│ 7.72  │ 1543.41  │ 200.00   │ s_wdata[106\]   │ u_periph2/s_axil_wdata[10] │ Metal3    │
│ 7.66  │ 1532.15  │ 200.00   │ s_rdata[31\]    │ u_ic/s_rdata[31]           │ Metal3    │
│ 7.59  │ 1517.04  │ 200.00   │ s_wdata[101\]   │ u_periph2/s_axil_wdata[5]  │ Metal3    │
│ 7.52  │ 1504.01  │ 200.00   │ cpu_rvalid      │ u_cpu/mem_axi_rvalid       │ Metal4    │
│ 7.50  │ 1500.67  │ 200.00   │ s_rresp[0\]     │ u_ic/s_rresp[0]            │ Metal3    │
│ 7.41  │ 1482.57  │ 200.00   │ s_wdata[1\]     │ u_ram/s_axil_wdata[1]      │ Metal3    │
│ 7.37  │ 1474.60  │ 200.00   │ s_wdata[0\]     │ u_ram/s_axil_wdata[0]      │ Metal3    │
│ 7.32  │ 1464.45  │ 200.00   │ cpu_rdata[0\]   │ u_cpu/mem_axi_rdata[0]     │ Metal4    │
│ 7.29  │ 1458.67  │ 200.00   │ s_wdata[2\]     │ u_ram/s_axil_wdata[2]      │ Metal3    │
│ 7.13  │ 1426.79  │ 200.00   │ s_araddr[25\]   │ u_ram/s_axil_araddr[25]    │ Metal3    │
│ 6.93  │ 1386.94  │ 200.00   │ s_araddr[23\]   │ u_ram/s_axil_araddr[23]    │ Metal3    │
│ 6.78  │ 1355.16  │ 200.00   │ s_wdata[1\]     │ u_ram/s_axil_wdata[1]      │ Metal4    │
│ 6.58  │ 1315.32  │ 200.00   │ s_awaddr[9\]    │ u_ram/s_axil_awaddr[9]     │ Metal4    │
│ 6.58  │ 1315.32  │ 200.00   │ s_wstrb[3\]     │ u_ram/s_axil_wstrb[3]      │ Metal4    │
│ 6.54  │ 1308.71  │ 200.00   │ cpu_araddr[10\] │ u_ic/m_araddr[10]          │ Metal5    │
│ 6.18  │ 1235.53  │ 200.00   │ s_araddr[0\]    │ u_ram/s_axil_araddr[0]     │ Metal3    │
│ 5.72  │ 1144.25  │ 200.00   │ s_wdata[67\]    │ u_periph1/s_axil_wdata[3]  │ Metal2    │
│ 5.71  │ 1141.51  │ 200.00   │ s_rdata[111\]   │ u_ic/s_rdata[111]          │ Metal5    │
│ 5.66  │ 1131.06  │ 200.00   │ s_wdata[82\]    │ u_periph1/s_axil_wdata[18] │ Metal2    │
│ 5.62  │ 1124.68  │ 200.00   │ s_araddr[99\]   │ u_periph2/s_axil_araddr[3] │ Metal3    │
│ 5.51  │ 1102.73  │ 200.00   │ rst_ni          │ u_periph2/rst_ni           │ Metal3    │
│ 5.51  │ 1102.73  │ 200.00   │ rst_ni          │ u_ram/rst_ni               │ Metal3    │
│ 5.50  │ 1099.71  │ 200.00   │ s_wdata[77\]    │ u_periph1/s_axil_wdata[13] │ Metal2    │
│ 5.30  │ 1060.55  │ 200.00   │ cpu_araddr[4\]  │ u_ic/m_araddr[4]           │ Metal3    │
│ 5.30  │ 1059.52  │ 200.00   │ cpu_araddr[30\] │ u_ic/m_araddr[30]          │ Metal3    │
│ 5.28  │ 1055.66  │ 200.00   │ cpu_rdata[20\]  │ u_cpu/mem_axi_rdata[20]    │ Metal4    │
│ 5.22  │ 1043.26  │ 200.00   │ cpu_araddr[1\]  │ u_ic/m_araddr[1]           │ Metal3    │
│ 5.18  │ 1036.12  │ 200.00   │ s_wdata[64\]    │ u_periph1/s_axil_wdata[0]  │ Metal2    │
│ 5.15  │ 1029.28  │ 200.00   │ s_wdata[40\]    │ u_periph0/s_axil_wdata[8]  │ Metal4    │
│ 5.12  │ 1024.69  │ 200.00   │ s_wdata[86\]    │ u_periph1/s_axil_wdata[22] │ Metal2    │
│ 5.11  │ 1022.34  │ 200.00   │ s_wdata[70\]    │ u_periph1/s_axil_wdata[6]  │ Metal2    │
│ 5.03  │ 1006.23  │ 200.00   │ s_wdata[95\]    │ u_periph1/s_axil_wdata[31] │ Metal2    │
│ 4.59  │ 918.31   │ 200.00   │ s_bready[2\]    │ u_periph1/s_axil_bready    │ Metal2    │
│ 4.42  │ 884.23   │ 200.00   │ cpu_awaddr[10\] │ u_ic/m_awaddr[10]          │ Metal4    │
│ 4.36  │ 871.04   │ 200.00   │ cpu_awaddr[9\]  │ u_ic/m_awaddr[9]           │ Metal4    │
│ 4.35  │ 870.89   │ 200.00   │ s_wdata[73\]    │ u_periph1/s_axil_wdata[9]  │ Metal3    │
│ 4.29  │ 857.86   │ 200.00   │ cpu_wdata[10\]  │ u_ic/m_wdata[10]           │ Metal4    │
│ 4.29  │ 857.70   │ 200.00   │ s_wdata[75\]    │ u_periph1/s_axil_wdata[11] │ Metal3    │
│ 4.29  │ 857.70   │ 200.00   │ s_wdata[78\]    │ u_periph1/s_axil_wdata[14] │ Metal3    │
│ 4.22  │ 844.67   │ 200.00   │ cpu_awaddr[3\]  │ u_ic/m_awaddr[3]           │ Metal4    │
│ 4.22  │ 844.51   │ 200.00   │ s_wdata[80\]    │ u_periph1/s_axil_wdata[16] │ Metal3    │
│ 4.09  │ 818.30   │ 200.00   │ cpu_rdata[11\]  │ u_cpu/mem_axi_rdata[11]    │ Metal4    │
│ 4.06  │ 812.23   │ 200.00   │ s_wdata[89\]    │ u_periph1/s_axil_wdata[25] │ Metal2    │
│ 4.05  │ 809.30   │ 200.00   │ s_wdata[76\]    │ u_periph1/s_axil_wdata[12] │ Metal2    │
│ 4.03  │ 805.11   │ 200.00   │ cpu_rdata[13\]  │ u_cpu/mem_axi_rdata[13]    │ Metal4    │
│ 3.99  │ 797.33   │ 200.00   │ s_bresp[3\]     │ u_ic/s_bresp[3]            │ Metal4    │
│ 3.91  │ 781.39   │ 200.00   │ s_bresp[2\]     │ u_ic/s_bresp[2]            │ Metal4    │
│ 3.82  │ 764.65   │ 200.00   │ s_wdata[84\]    │ u_periph1/s_axil_wdata[20] │ Metal2    │
│ 3.70  │ 739.17   │ 200.00   │ gpio2_in[31]    │ u_periph2/gpio_in[31]      │ Metal4    │
│ 3.70  │ 739.16   │ 200.00   │ gpio2_in[24]    │ u_periph2/gpio_in[24]      │ Metal4    │
│ 3.70  │ 739.16   │ 200.00   │ gpio2_in[29]    │ u_periph2/gpio_in[29]      │ Metal4    │
│ 3.63  │ 725.61   │ 200.00   │ s_awvalid[0\]   │ u_ram/s_axil_awvalid       │ Metal4    │
│ 3.50  │ 699.60   │ 200.00   │ gpio2_in[13]    │ u_periph2/gpio_in[13]      │ Metal4    │
│ 3.46  │ 691.50   │ 200.00   │ s_wdata[72\]    │ u_periph1/s_axil_wdata[8]  │ Metal2    │
│ 3.44  │ 688.32   │ 200.00   │ s_rresp[1\]     │ u_ic/s_rresp[1]            │ Metal3    │
│ 3.40  │ 680.95   │ 200.00   │ s_wdata[90\]    │ u_periph1/s_axil_wdata[26] │ Metal2    │
│ 3.39  │ 677.73   │ 200.00   │ s_wdata[92\]    │ u_periph1/s_axil_wdata[28] │ Metal2    │
│ 3.32  │ 664.57   │ 200.00   │ s_awaddr[66\]   │ u_periph1/s_axil_awaddr[2] │ Metal2    │
│ 3.28  │ 655.46   │ 200.00   │ s_wdata[71\]    │ u_periph1/s_axil_wdata[7]  │ Metal2    │
│ 3.26  │ 651.01   │ 200.00   │ s_rvalid[2\]    │ u_ic/s_rvalid[2]           │ Metal2    │
│ 3.23  │ 646.22   │ 200.00   │ cpu_arvalid     │ u_ic/m_arvalid             │ Metal3    │
│ 3.21  │ 641.39   │ 200.00   │ s_wdata[75\]    │ u_periph1/s_axil_wdata[11] │ Metal2    │
│ 3.19  │ 638.96   │ 200.00   │ cpu_araddr[29\] │ u_ic/m_araddr[29]          │ Metal3    │
│ 3.19  │ 637.45   │ 200.00   │ cpu_araddr[31\] │ u_ic/m_araddr[31]          │ Metal3    │
│ 3.17  │ 633.66   │ 200.00   │ gpio2_in[17]    │ u_periph2/gpio_in[17]      │ Metal4    │
│ 3.16  │ 632.72   │ 200.00   │ cpu_araddr[28\] │ u_ic/m_araddr[28]          │ Metal3    │
│ 3.13  │ 625.86   │ 200.00   │ s_wdata[81\]    │ u_periph1/s_axil_wdata[17] │ Metal2    │
│ 3.11  │ 622.36   │ 200.00   │ cpu_araddr[19\] │ u_ic/m_araddr[19]          │ Metal3    │
│ 3.09  │ 618.60   │ 200.00   │ s_rdata[85\]    │ u_ic/s_rdata[85]           │ Metal2    │
│ 3.09  │ 618.07   │ 200.00   │ s_rdata[87\]    │ u_ic/s_rdata[87]           │ Metal2    │
│ 3.09  │ 617.40   │ 200.00   │ cpu_araddr[16\] │ u_ic/m_araddr[16]          │ Metal3    │
│ 3.08  │ 616.91   │ 200.00   │ cpu_araddr[14\] │ u_ic/m_araddr[14]          │ Metal3    │
│ 3.08  │ 616.87   │ 200.00   │ cpu_araddr[15\] │ u_ic/m_araddr[15]          │ Metal3    │
│ 3.08  │ 616.60   │ 200.00   │ cpu_araddr[12\] │ u_ic/m_araddr[12]          │ Metal3    │
│ 3.08  │ 615.14   │ 200.00   │ cpu_araddr[13\] │ u_ic/m_araddr[13]          │ Metal3    │
│ 3.07  │ 613.81   │ 200.00   │ cpu_araddr[17\] │ u_ic/m_araddr[17]          │ Metal3    │
│ 3.07  │ 613.46   │ 200.00   │ cpu_araddr[18\] │ u_ic/m_araddr[18]          │ Metal3    │
│ 3.06  │ 611.16   │ 200.00   │ s_rdata[84\]    │ u_ic/s_rdata[84]           │ Metal2    │
│ 3.05  │ 610.62   │ 200.00   │ s_wdata[80\]    │ u_periph1/s_axil_wdata[16] │ Metal2    │
│ 2.93  │ 586.19   │ 200.00   │ s_rdata[76\]    │ u_ic/s_rdata[76]           │ Metal2    │
│ 2.87  │ 573.70   │ 200.00   │ s_wstrb[10\]    │ u_periph1/s_axil_wstrb[2]  │ Metal2    │
│ 2.86  │ 571.32   │ 200.00   │ s_rdata[69\]    │ u_ic/s_rdata[69]           │ Metal2    │
│ 2.84  │ 567.74   │ 200.00   │ s_rdata[63\]    │ u_ic/s_rdata[63]           │ Metal5    │
│ 2.84  │ 567.74   │ 200.00   │ s_rresp[3\]     │ u_ic/s_rresp[3]            │ Metal5    │
│ 2.80  │ 560.97   │ 200.00   │ s_awvalid[2\]   │ u_periph1/s_axil_awvalid   │ Metal2    │
│ 2.79  │ 558.17   │ 200.00   │ s_wdata[73\]    │ u_periph1/s_axil_wdata[9]  │ Metal2    │
│ 2.78  │ 556.97   │ 200.00   │ s_rdata[64\]    │ u_ic/s_rdata[64]           │ Metal2    │
│ 2.78  │ 556.44   │ 200.00   │ s_arready[2\]   │ u_ic/s_arready[2]          │ Metal2    │
│ 2.71  │ 541.22   │ 200.00   │ s_wdata[40\]    │ u_periph0/s_axil_wdata[8]  │ Metal3    │
│ 2.59  │ 518.42   │ 200.00   │ s_rdata[31\]    │ u_ic/s_rdata[31]           │ Metal4    │
│ 2.51  │ 502.48   │ 200.00   │ cpu_awaddr[13\] │ u_ic/m_awaddr[13]          │ Metal4    │
│ 2.50  │ 500.19   │ 200.00   │ gpio1_in[29]    │ u_periph1/gpio_in[29]      │ Metal3    │
│ 2.50  │ 499.31   │ 200.00   │ gpio1_in[28]    │ u_periph1/gpio_in[28]      │ Metal3    │
│ 2.50  │ 499.09   │ 200.00   │ gpio1_in[26]    │ u_periph1/gpio_in[26]      │ Metal3    │
│ 2.49  │ 497.65   │ 200.00   │ gpio1_in[25]    │ u_periph1/gpio_in[25]      │ Metal3    │
│ 2.44  │ 488.63   │ 200.00   │ cpu_awaddr[0\]  │ u_ic/m_awaddr[0]           │ Metal4    │
│ 2.44  │ 488.63   │ 200.00   │ cpu_wdata[22\]  │ u_ic/m_wdata[22]           │ Metal4    │
│ 2.44  │ 487.54   │ 200.00   │ gpio1_in[23]    │ u_periph1/gpio_in[23]      │ Metal3    │
│ 2.43  │ 485.49   │ 200.00   │ cpu_awready     │ u_cpu/mem_axi_awready      │ Metal2    │
│ 2.42  │ 484.59   │ 200.00   │ gpio1_in[18]    │ u_periph1/gpio_in[18]      │ Metal3    │
│ 2.42  │ 484.37   │ 200.00   │ gpio1_in[22]    │ u_periph1/gpio_in[22]      │ Metal3    │
│ 2.42  │ 483.71   │ 200.00   │ gpio1_in[24]    │ u_periph1/gpio_in[24]      │ Metal3    │
│ 2.42  │ 483.05   │ 200.00   │ gpio1_in[19]    │ u_periph1/gpio_in[19]      │ Metal3    │
│ 2.41  │ 481.51   │ 200.00   │ gpio1_in[20]    │ u_periph1/gpio_in[20]      │ Metal3    │
│ 2.38  │ 475.42   │ 200.00   │ gpio2_in[16]    │ u_periph2/gpio_in[16]      │ Metal4    │
│ 2.37  │ 474.48   │ 200.00   │ gpio1_in[15]    │ u_periph1/gpio_in[15]      │ Metal3    │
│ 2.37  │ 473.60   │ 200.00   │ gpio1_in[14]    │ u_periph1/gpio_in[14]      │ Metal3    │
│ 2.35  │ 470.52   │ 200.00   │ gpio1_in[16]    │ u_periph1/gpio_in[16]      │ Metal3    │
│ 2.34  │ 467.62   │ 200.00   │ s_wstrb[8\]     │ u_periph1/s_axil_wstrb[0]  │ Metal2    │
│ 2.31  │ 462.63   │ 200.00   │ s_rdata[63\]    │ u_ic/s_rdata[63]           │ Metal4    │
│ 2.31  │ 462.42   │ 200.00   │ rst_ni          │ u_periph2/rst_ni           │ Metal4    │
│ 2.31  │ 462.42   │ 200.00   │ rst_ni          │ u_ram/rst_ni               │ Metal4    │
│ 2.31  │ 462.23   │ 200.00   │ gpio2_in[20]    │ u_periph2/gpio_in[20]      │ Metal4    │
│ 2.31  │ 461.07   │ 200.00   │ gpio1_in[8]     │ u_periph1/gpio_in[8]       │ Metal3    │
│ 2.30  │ 459.56   │ 200.00   │ cpu_araddr[0\]  │ u_ic/m_araddr[0]           │ Metal2    │
│ 2.30  │ 459.09   │ 200.00   │ gpio1_in[4]     │ u_periph1/gpio_in[4]       │ Metal3    │
│ 2.29  │ 458.87   │ 200.00   │ gpio1_in[2]     │ u_periph1/gpio_in[2]       │ Metal3    │
│ 2.29  │ 458.26   │ 200.00   │ s_arvalid[2\]   │ u_periph1/s_axil_arvalid   │ Metal3    │
│ 2.29  │ 457.55   │ 200.00   │ gpio1_in[6]     │ u_periph1/gpio_in[6]       │ Metal3    │
│ 2.28  │ 456.46   │ 200.00   │ gpio1_in[7]     │ u_periph1/gpio_in[7]       │ Metal3    │
│ 2.28  │ 455.80   │ 200.00   │ gpio1_in[3]     │ u_periph1/gpio_in[3]       │ Metal3    │
│ 2.23  │ 445.69   │ 200.00   │ gpio1_in[1]     │ u_periph1/gpio_in[1]       │ Metal3    │
│ 2.22  │ 443.74   │ 200.00   │ cpu_araddr[7\]  │ u_ic/m_araddr[7]           │ Metal2    │
│ 2.22  │ 443.74   │ 200.00   │ cpu_arprot[1\]  │ u_ic/m_arprot[1]           │ Metal2    │
│ 2.22  │ 443.30   │ 200.00   │ cpu_bvalid      │ u_cpu/mem_axi_bvalid       │ Metal2    │
│ 2.21  │ 442.83   │ 200.00   │ gpio1_in[0]     │ u_periph1/gpio_in[0]       │ Metal3    │
│ 2.18  │ 435.86   │ 200.00   │ gpio2_in[1]     │ u_periph2/gpio_in[1]       │ Metal4    │
│ 2.15  │ 430.55   │ 200.00   │ cpu_awaddr[6\]  │ u_ic/m_awaddr[6]           │ Metal2    │
│ 2.01  │ 401.68   │ 200.00   │ s_wdata[66\]    │ u_periph1/s_axil_wdata[2]  │ Metal2    │
│ 2.00  │ 28355.18 │ 14172.00 │ s_wdata[108\]   │ u_periph2/s_axil_wdata[12] │ TopMetal1 │
│ 1.95  │ 390.91   │ 200.00   │ cpu_awaddr[12\] │ u_ic/m_awaddr[12]          │ Metal4    │
│ 1.95  │ 390.91   │ 200.00   │ s_rresp[3\]     │ u_ic/s_rresp[3]            │ Metal4    │
│ 1.94  │ 387.91   │ 200.00   │ cpu_wready      │ u_cpu/mem_axi_wready       │ Metal2    │
│ 1.82  │ 364.12   │ 200.00   │ s_wready[2\]    │ u_ic/s_wready[2]           │ Metal2    │
│ 1.71  │ 342.15   │ 200.00   │ rst_ni          │ u_boot_spi/rst_ni          │ Metal3    │
│ 1.71  │ 342.15   │ 200.00   │ rst_ni          │ u_periph1/rst_ni           │ Metal3    │
│ 1.69  │ 337.42   │ 200.00   │ s_rdata[53\]    │ u_ic/s_rdata[53]           │ Metal3    │
│ 1.69  │ 337.22   │ 200.00   │ s_wdata[79\]    │ u_periph1/s_axil_wdata[15] │ Metal2    │
│ 1.68  │ 336.93   │ 200.00   │ s_rdata[45\]    │ u_ic/s_rdata[45]           │ Metal3    │
│ 1.68  │ 335.43   │ 200.00   │ s_rdata[51\]    │ u_ic/s_rdata[51]           │ Metal3    │
│ 1.65  │ 329.98   │ 200.00   │ s_bresp[3\]     │ u_ic/s_bresp[3]            │ Metal3    │
│ 1.64  │ 327.16   │ 200.00   │ cpu_awaddr[21\] │ u_ic/m_awaddr[21]          │ Metal4    │
│ 1.64  │ 327.07   │ 200.00   │ s_araddr[12\]   │ u_ram/s_axil_araddr[12]    │ Metal3    │
│ 1.58  │ 316.02   │ 200.00   │ gpio0_in[24]    │ u_periph0/gpio_in[24]      │ Metal3    │
│ 1.57  │ 314.70   │ 200.00   │ gpio0_in[31]    │ u_periph0/gpio_in[31]      │ Metal3    │
│ 1.57  │ 314.48   │ 200.00   │ gpio0_in[26]    │ u_periph0/gpio_in[26]      │ Metal3    │
│ 1.57  │ 313.16   │ 200.00   │ gpio0_in[30]    │ u_periph0/gpio_in[30]      │ Metal3    │
│ 1.56  │ 312.94   │ 200.00   │ gpio0_in[27]    │ u_periph0/gpio_in[27]      │ Metal3    │
│ 1.56  │ 311.40   │ 200.00   │ gpio0_in[28]    │ u_periph0/gpio_in[28]      │ Metal3    │
│ 1.56  │ 311.39   │ 200.00   │ s_bresp[2\]     │ u_ic/s_bresp[2]            │ Metal3    │
│ 1.55  │ 310.08   │ 200.00   │ gpio0_in[29]    │ u_periph0/gpio_in[29]      │ Metal3    │
│ 1.51  │ 302.39   │ 200.00   │ gpio0_in[23]    │ u_periph0/gpio_in[23]      │ Metal3    │
│ 1.50  │ 300.85   │ 200.00   │ gpio0_in[22]    │ u_periph0/gpio_in[22]      │ Metal3    │
│ 1.50  │ 299.31   │ 200.00   │ gpio0_in[20]    │ u_periph0/gpio_in[20]      │ Metal3    │
│ 1.49  │ 298.87   │ 200.00   │ gpio0_in[17]    │ u_periph0/gpio_in[17]      │ Metal3    │
│ 1.49  │ 297.34   │ 200.00   │ gpio0_in[19]    │ u_periph0/gpio_in[19]      │ Metal3    │
│ 1.47  │ 294.10   │ 200.00   │ boot_we         │ u_ram/boot_we              │ Metal3    │
│ 1.46  │ 291.17   │ 200.00   │ gpio2_in[22]    │ u_periph2/gpio_in[22]      │ Metal3    │
│ 1.45  │ 290.08   │ 200.00   │ gpio0_in[13]    │ u_periph0/gpio_in[13]      │ Metal3    │
│ 1.44  │ 288.76   │ 200.00   │ gpio0_in[15]    │ u_periph0/gpio_in[15]      │ Metal3    │
│ 1.44  │ 288.54   │ 200.00   │ gpio0_in[12]    │ u_periph0/gpio_in[12]      │ Metal3    │
│ 1.44  │ 287.25   │ 200.00   │ cpu_awaddr[5\]  │ u_ic/m_awaddr[5]           │ Metal2    │
│ 1.44  │ 287.23   │ 200.00   │ gpio0_in[16]    │ u_periph0/gpio_in[16]      │ Metal3    │
│ 1.44  │ 287.01   │ 200.00   │ gpio0_in[11]    │ u_periph0/gpio_in[11]      │ Metal3    │
│ 1.43  │ 285.91   │ 200.00   │ gpio0_in[9]     │ u_periph0/gpio_in[9]       │ Metal3    │
│ 1.43  │ 285.69   │ 200.00   │ cpu_araddr[20\] │ u_ic/m_araddr[20]          │ Metal2    │
│ 1.43  │ 285.16   │ 200.00   │ s_rdata[10\]    │ u_ic/s_rdata[10]           │ Metal2    │
│ 1.43  │ 285.16   │ 200.00   │ s_rdata[14\]    │ u_ic/s_rdata[14]           │ Metal2    │
│ 1.41  │ 282.50   │ 200.00   │ s_rdata[17\]    │ u_ic/s_rdata[17]           │ Metal2    │
│ 1.38  │ 276.68   │ 200.00   │ gpio0_in[3]     │ u_periph0/gpio_in[3]       │ Metal3    │
│ 1.38  │ 275.80   │ 200.00   │ gpio0_in[4]     │ u_periph0/gpio_in[4]       │ Metal3    │
│ 1.37  │ 274.26   │ 200.00   │ gpio0_in[5]     │ u_periph0/gpio_in[5]       │ Metal3    │
│ 1.36  │ 272.72   │ 200.00   │ gpio0_in[6]     │ u_periph0/gpio_in[6]       │ Metal3    │
│ 1.36  │ 272.06   │ 200.00   │ gpio0_in[2]     │ u_periph0/gpio_in[2]       │ Metal3    │
│ 1.36  │ 271.18   │ 200.00   │ gpio0_in[7]     │ u_periph0/gpio_in[7]       │ Metal3    │
│ 1.36  │ 271.18   │ 200.00   │ gpio0_in[8]     │ u_periph0/gpio_in[8]       │ Metal3    │
│ 1.34  │ 268.64   │ 200.00   │ s_wdata[91\]    │ u_periph1/s_axil_wdata[27] │ Metal2    │
│ 1.34  │ 267.76   │ 200.00   │ s_wdata[65\]    │ u_periph1/s_axil_wdata[1]  │ Metal2    │
│ 1.32  │ 264.80   │ 200.00   │ gpio2_in[14]    │ u_periph2/gpio_in[14]      │ Metal3    │
│ 1.32  │ 264.80   │ 200.00   │ gpio2_in[15]    │ u_periph2/gpio_in[15]      │ Metal3    │
│ 1.32  │ 264.80   │ 200.00   │ gpio2_in[18]    │ u_periph2/gpio_in[18]      │ Metal3    │
│ 1.32  │ 264.80   │ 200.00   │ gpio2_in[9]     │ u_periph2/gpio_in[9]       │ Metal3    │
│ 1.32  │ 264.29   │ 200.00   │ cpu_awaddr[10\] │ u_ic/m_awaddr[10]          │ Metal3    │
│ 1.30  │ 260.72   │ 200.00   │ cpu_araddr[25\] │ u_ic/m_araddr[25]          │ Metal2    │
│ 1.30  │ 259.12   │ 200.00   │ cpu_wdata[18\]  │ u_ic/m_wdata[18]           │ Metal2    │
│ 1.30  │ 259.09   │ 200.00   │ gpio0_in[0]     │ u_periph0/gpio_in[0]       │ Metal3    │
│ 1.29  │ 258.21   │ 200.00   │ gpio0_in[1]     │ u_periph0/gpio_in[1]       │ Metal3    │
│ 1.26  │ 252.75   │ 200.00   │ s_rdata[8\]     │ u_ic/s_rdata[8]            │ Metal2    │
│ 1.26  │ 251.18   │ 200.00   │ rst_ni          │ u_boot_spi/rst_ni          │ Metal5    │
│ 1.26  │ 251.18   │ 200.00   │ rst_ni          │ u_periph1/rst_ni           │ Metal5    │
│ 1.26  │ 251.18   │ 200.00   │ rst_ni          │ u_periph2/rst_ni           │ Metal5    │
│ 1.26  │ 251.18   │ 200.00   │ rst_ni          │ u_ram/rst_ni               │ Metal5    │
│ 1.26  │ 251.16   │ 200.00   │ cpu_araddr[26\] │ u_ic/m_araddr[26]          │ Metal2    │
│ 1.25  │ 250.62   │ 200.00   │ s_rdata[16\]    │ u_ic/s_rdata[16]           │ Metal2    │
│ 1.24  │ 248.34   │ 200.00   │ s_arvalid[1\]   │ u_periph0/s_axil_arvalid   │ Metal3    │
│ 1.23  │ 246.37   │ 200.00   │ s_rdata[39\]    │ u_ic/s_rdata[39]           │ Metal2    │
│ 1.23  │ 245.31   │ 200.00   │ s_rdata[3\]     │ u_ic/s_rdata[3]            │ Metal2    │
│ 1.21  │ 241.44   │ 200.00   │ s_rdata[66\]    │ u_ic/s_rdata[66]           │ Metal3    │
│ 1.21  │ 241.39   │ 200.00   │ s_rdata[75\]    │ u_ic/s_rdata[75]           │ Metal3    │
│ 1.21  │ 241.35   │ 200.00   │ clk_i           │ clkbuf_0_clk_i/A           │ Metal3    │
│ 1.20  │ 240.46   │ 200.00   │ s_rdata[83\]    │ u_ic/s_rdata[83]           │ Metal3    │
│ 1.15  │ 230.44   │ 200.00   │ s_rdata[112\]   │ u_ic/s_rdata[112]          │ Metal2    │
│ 1.14  │ 227.78   │ 200.00   │ s_rdata[110\]   │ u_ic/s_rdata[110]          │ Metal2    │
│ 1.14  │ 227.25   │ 200.00   │ s_rdata[104\]   │ u_ic/s_rdata[104]          │ Metal2    │
│ 1.14  │ 227.25   │ 200.00   │ s_rdata[106\]   │ u_ic/s_rdata[106]          │ Metal2    │
│ 1.13  │ 226.72   │ 200.00   │ s_rdata[113\]   │ u_ic/s_rdata[113]          │ Metal2    │
│ 1.13  │ 16028.15 │ 14172.00 │ cpu_araddr[10\] │ u_ic/m_araddr[10]          │ TopMetal1 │
│ 1.12  │ 224.73   │ 200.00   │ cpu_awaddr[3\]  │ u_ic/m_awaddr[3]           │ Metal3    │
│ 1.09  │ 218.02   │ 200.00   │ s_rdata[70\]    │ u_ic/s_rdata[70]           │ Metal3    │
│ 1.06  │ 212.05   │ 200.00   │ gpio2_in[10]    │ u_periph2/gpio_in[10]      │ Metal3    │
│ 1.06  │ 212.05   │ 200.00   │ gpio2_in[11]    │ u_periph2/gpio_in[11]      │ Metal3    │
│ 1.06  │ 212.05   │ 200.00   │ gpio2_in[12]    │ u_periph2/gpio_in[12]      │ Metal3    │
│ 1.06  │ 212.05   │ 200.00   │ gpio2_in[19]    │ u_periph2/gpio_in[19]      │ Metal3    │
│ 1.06  │ 212.05   │ 200.00   │ gpio2_in[7]     │ u_periph2/gpio_in[7]       │ Metal3    │
│ 1.06  │ 212.05   │ 200.00   │ gpio2_in[8]     │ u_periph2/gpio_in[8]       │ Metal3    │
│ 1.06  │ 211.31   │ 200.00   │ s_rdata[99\]    │ u_ic/s_rdata[99]           │ Metal2    │
│ 1.05  │ 210.89   │ 200.00   │ s_rdata[77\]    │ u_ic/s_rdata[77]           │ Metal3    │
│ 1.03  │ 205.47   │ 200.00   │ s_rdata[40\]    │ u_ic/s_rdata[40]           │ Metal2    │
│ 1.02  │ 204.61   │ 200.00   │ cpu_wdata[3\]   │ u_ic/m_wdata[3]            │ Metal2    │
│ 1.02  │ 203.34   │ 200.00   │ s_rdata[7\]     │ u_ic/s_rdata[7]            │ Metal2    │
│ 1.01  │ 202.12   │ 200.00   │ s_wdata[88\]    │ u_periph1/s_axil_wdata[24] │ Metal2    │
│ 1.00  │ 199.66   │ 200.00   │ s_wready[0\]    │ u_ic/s_wready[0]           │ Metal4    │
│ 1.00  │ 14127.28 │ 14172.00 │ s_rdata[114\]   │ u_ic/s_rdata[114]          │ TopMetal2 │
│ 0.99  │ 198.86   │ 200.00   │ gpio2_in[6]     │ u_periph2/gpio_in[6]       │ Metal5    │
│ 0.93  │ 185.68   │ 200.00   │ gpio2_in[5]     │ u_periph2/gpio_in[5]       │ Metal3    │
│ 0.93  │ 185.17   │ 200.00   │ cpu_awaddr[9\]  │ u_ic/m_awaddr[9]           │ Metal3    │
│ 0.93  │ 185.15   │ 200.00   │ gpio1_in[17]    │ u_periph1/gpio_in[17]      │ Metal5    │
│ 0.93  │ 185.15   │ 200.00   │ gpio1_in[21]    │ u_periph1/gpio_in[21]      │ Metal5    │
│ 0.93  │ 185.15   │ 200.00   │ gpio1_in[27]    │ u_periph1/gpio_in[27]      │ Metal5    │
│ 0.93  │ 185.15   │ 200.00   │ gpio1_in[30]    │ u_periph1/gpio_in[30]      │ Metal5    │
│ 0.93  │ 185.15   │ 200.00   │ gpio1_in[31]    │ u_periph1/gpio_in[31]      │ Metal5    │
│ 0.78  │ 155.61   │ 200.00   │ rst_ni          │ u_boot_spi/rst_ni          │ Metal4    │
│ 0.78  │ 155.61   │ 200.00   │ rst_ni          │ u_periph1/rst_ni           │ Metal4    │
│ 0.66  │ 132.40   │ 200.00   │ gpio2_in[31]    │ u_periph2/gpio_in[31]      │ Metal5    │
│ 0.14  │ 27.09    │ 200.00   │ s_wdata[109\]   │ u_periph2/s_axil_wdata[13] │ Metal4    │
└───────┴──────────┴──────────┴─────────────────┴────────────────────────────┴───────────┘
