
===========================================================================
 report_power
============================================================================
======================= nom_typ_1p20V_25C Corner ===================================

Group                    Internal    Switching      Leakage        Total
                            Power        Power        Power        Power (Watts)
------------------------------------------------------------------------
Sequential           1.087102e-02 2.142917e-03 7.153371e-07 1.301465e-02  48.5%
Combinational        1.204482e-02 1.799908e-03 1.120820e-06 1.384585e-02  51.5%
Clock                0.000000e+00 0.000000e+00 0.000000e+00 0.000000e+00   0.0%
Macro                0.000000e+00 0.000000e+00 0.000000e+00 0.000000e+00   0.0%
Pad                  0.000000e+00 0.000000e+00 0.000000e+00 0.000000e+00   0.0%
------------------------------------------------------------------------
Total                2.291584e-02 3.942828e-03 1.836165e-06 2.686051e-02 100.0%
                            85.3%        14.7%         0.0%
Writing metric power__internal__total: 0.02291584387421608
Writing metric power__switching__total: 0.00394282815977931
Writing metric power__leakage__total: 1.836164528867812e-6
Writing metric power__total: 0.02686050906777382

