[WARNING ORD-0039] .openroad ignored with -python
Top-level design name: peripherals_macro
Block boundaries: 0 0 178105 196825
Horizontal Tracks Origin: 420, Count: 468, Step: 420
Vertical Tracks Origin: 480, Count: 370, Step: 480
Placement details for the N side
Virtual pin count:  0
Actual pin count:  96
Total pin count:  96
Tracks count:  185
Tracks per pin:  1
Used tracks count:  96
Unused track count:  89
Starting track index:  44
Placement details for the E side
Virtual pin count:  0
Actual pin count:  70
Total pin count:  70
Tracks count:  234
Tracks per pin:  3
Used tracks count:  208
Unused track count:  26
Starting track index:  13
Placement details for the W side
Virtual pin count:  0
Actual pin count:  2
Total pin count:  2
Tracks count:  234
Tracks per pin:  117
Used tracks count:  118
Unused track count:  116
Starting track index:  58
Placement details for the S side
Virtual pin count:  0
Actual pin count:  76
Total pin count:  76
Tracks count:  185
Tracks per pin:  2
Used tracks count:  151
Unused track count:  34
Starting track index:  17
