Clock: clk_i
Sources: clk_i 
Generated: no
Virtual: yes
Propagated: no
Period: 10.000000

===========================================================================
report_clock_properties
============================================================================
Clock                   Period          Waveform
----------------------------------------------------
clk_i                10.000000    0.000000  5.000000

===========================================================================
report_clock_latency
============================================================================
Clock clk_i
rise -> rise
    min     max
0.000000 0.000000 source latency
0.155346         network latency _14065_/CLK
        0.857278 network latency _15165_/CLK
---------------
0.155346 0.857278 latency
        0.701932 skew

fall -> fall
    min     max
0.000000 0.000000 source latency
0.147971         network latency _14065_/CLK
        0.838936 network latency _15165_/CLK
---------------
0.147971 0.838936 latency
        0.690964 skew



===========================================================================
report_clock_min_period
============================================================================
clk_i period_min = 14.04 fmax = 71.21
