Clock: clk_i
Sources: clk_i 
Generated: no
Virtual: yes
Propagated: no
Period: 10.000000

===========================================================================
report_clock_properties
============================================================================
Clock                   Period          Waveform
----------------------------------------------------
clk_i                10.000000    0.000000  5.000000

===========================================================================
report_clock_latency
============================================================================
Clock clk_i
rise -> rise
    min     max
0.000000 0.000000 source latency
0.245627         network latency u_sram/A_CLK
        0.285156 network latency _874_/CLK
---------------
0.245627 0.285156 latency
        0.039529 skew

fall -> fall
    min     max
0.000000 0.000000 source latency
0.266162         network latency _881_/CLK
        0.294786 network latency _874_/CLK
---------------
0.266162 0.294786 latency
        0.028624 skew



===========================================================================
report_clock_min_period
============================================================================
clk_i period_min = 7.95 fmax = 125.81
