175. Printing statistics.

=== picorv32_macro ===

        +----------Local Count, excluding submodules.
        |        +-Local Area, excluding submodules.
        |        | 
     9181        - wires
     9312        - wire bits
     1569        - public wires
     1700        - public wire bits
       20        - ports
      151        - port bits
     9273 1.77E+05 cells
      187  2375.05   sg13g2_a21o_1
      727  6.6E+03   sg13g2_a21oi_1
      236 3.43E+03   sg13g2_a221oi_1
      111  1.2E+03   sg13g2_a22oi_1
      120  1088.64   sg13g2_and2_1
       83 1.05E+03   sg13g2_and3_1
       78 1.13E+03   sg13g2_and4_1
       63  457.229   sg13g2_buf_1
     1594 7.81E+04   sg13g2_dfrbpq_1
       71  386.467   sg13g2_inv_1
     1252 2.27E+04   sg13g2_mux2_1
      603  2.3E+04   sg13g2_mux4_1
      344  2.5E+03   sg13g2_nand2_1
      239 2.17E+03   sg13g2_nand2b_1
      215  1950.48   sg13g2_nand3_1
       40  508.032   sg13g2_nand3b_1
      129  1.4E+03   sg13g2_nand4_1
      367 2.66E+03   sg13g2_nor2_1
       89  807.408   sg13g2_nor2b_1
      156 1.42E+03   sg13g2_nor3_1
       78  849.139   sg13g2_nor4_1
      626 5.68E+03   sg13g2_o21ai_1
       51  462.672   sg13g2_or2_1
       28  355.622   sg13g2_or3_1
       23   333.85   sg13g2_or4_1
     1594 1.16E+04   sg13g2_tiehi
        9   65.318   sg13g2_tielo
       97 1.41E+03   sg13g2_xnor2_1
       63  914.458   sg13g2_xor2_1

   Chip area for module '\picorv32_macro': 176549.625000
     of which used for sequential elements: 78088.147200 (44.23%)

