[WARNING ORD-0039] .openroad ignored with -python
Top-level design name: picorv32_macro
Block boundaries: 0 0 721760 740480
Horizontal Tracks Origin: 420, Count: 1762, Step: 420
Vertical Tracks Origin: 480, Count: 1503, Step: 480
Placement details for the N side
Virtual pin count:  0
Actual pin count:  77
Total pin count:  77
Tracks count:  752
Tracks per pin:  9
Used tracks count:  685
Unused track count:  67
Starting track index:  33
Placement details for the E side
Virtual pin count:  0
Actual pin count:  71
Total pin count:  71
Tracks count:  881
Tracks per pin:  12
Used tracks count:  841
Unused track count:  40
Starting track index:  20
Placement details for the W side
Virtual pin count:  0
Actual pin count:  2
Total pin count:  2
Tracks count:  881
Tracks per pin:  440
Used tracks count:  441
Unused track count:  440
Starting track index:  220
Placement details for the S side
Virtual pin count:  0
Actual pin count:  1
Total pin count:  1
Tracks count:  752
Tracks per pin:  752
Used tracks count:  1
Unused track count:  751
Starting track index:  375
