[WARNING ORD-0039] .openroad ignored with -python
Top-level design name: picorv32_macro
Block boundaries: 0 0 721760 740480
Horizontal Tracks Origin: 420, Count: 1762, Step: 420
Vertical Tracks Origin: 480, Count: 1503, Step: 480
Placement details for the N side
Virtual pin count:  0
Actual pin count:  2
Total pin count:  2
Tracks count:  752
Tracks per pin:  376
Used tracks count:  377
Unused track count:  375
Starting track index:  187
Placement details for the E side
Virtual pin count:  0
Actual pin count:  77
Total pin count:  77
Tracks count:  881
Tracks per pin:  11
Used tracks count:  837
Unused track count:  44
Starting track index:  22
Placement details for the W side
Virtual pin count:  0
Actual pin count:  75
Total pin count:  75
Tracks count:  881
Tracks per pin:  11
Used tracks count:  815
Unused track count:  66
Starting track index:  33
Placement details for the S side
Virtual pin count:  0
Actual pin count:  1
Total pin count:  1
Tracks count:  752
Tracks per pin:  752
Used tracks count:  1
Unused track count:  751
Starting track index:  375
