
===========================================================================
report_checks -unconstrained
===========================================================================
======================= nom_fast_1p32V_m40C Corner ===================================

Startpoint: mem_axi_rvalid (input port clocked by clk_i)
Endpoint: _14982_ (rising edge-triggered flip-flop clocked by clk_i)
Path Group: clk_i
Path Type: max

Fanout         Cap        Slew       Delay        Time   Description
---------------------------------------------------------------------------------------------
                                  0.000000    0.000000   clock clk_i (rise edge)
                                  0.000000    0.000000   clock network delay (propagated)
                                  2.000000    2.000000 ^ input external delay
     1    0.003208    0.013821    0.001839    2.001838 ^ mem_axi_rvalid (in)
                                                         mem_axi_rvalid (net)
                      0.013821    0.000000    2.001838 ^ hold3094/A (sg13g2_dlygate4sd3_1)
     1    0.003152    0.023258    0.243213    2.245051 ^ hold3094/X (sg13g2_dlygate4sd3_1)
                                                         net3094 (net)
                      0.023258    0.000123    2.245174 ^ input36/A (sg13g2_buf_1)
     2    0.049230    0.132756    0.118455    2.363630 ^ input36/X (sg13g2_buf_1)
                                                         net36 (net)
                      0.134610    0.012571    2.376201 ^ _07663_/A1 (sg13g2_o21ai_1)
     3    0.038860    0.172148    0.183247    2.559448 v _07663_/Y (sg13g2_o21ai_1)
                                                         _01619_ (net)
                      0.172179    0.001939    2.561387 v fanout688/A (sg13g2_buf_1)
     8    0.080854    0.175431    0.190365    2.751752 v fanout688/X (sg13g2_buf_1)
                                                         net688 (net)
                      0.175455    0.001780    2.753532 v _07665_/B (sg13g2_or2_1)
     2    0.008557    0.033135    0.114940    2.868473 v _07665_/X (sg13g2_or2_1)
                                                         _01621_ (net)
                      0.033144    0.000513    2.868986 v _07671_/A1 (sg13g2_a21oi_1)
     5    0.039095    0.217984    0.175502    3.044488 ^ _07671_/Y (sg13g2_a21oi_1)
                                                         _01627_ (net)
                      0.218076    0.003710    3.048198 ^ _07689_/B (sg13g2_nand2_1)
     2    0.009755    0.070066    0.093759    3.141957 v _07689_/Y (sg13g2_nand2_1)
                                                         _01645_ (net)
                      0.070067    0.000416    3.142373 v _07690_/A (sg13g2_and2_1)
     2    0.008044    0.025740    0.067768    3.210141 v _07690_/X (sg13g2_and2_1)
                                                         _01646_ (net)
                      0.025750    0.000478    3.210619 v _11246_/A2 (sg13g2_a21oi_1)
     1    0.030689    0.176441    0.148086    3.358705 ^ _11246_/Y (sg13g2_a21oi_1)
                                                         _03864_ (net)
                      0.176586    0.004121    3.362826 ^ fanout244/A (sg13g2_buf_1)
     6    0.091540    0.242804    0.229512    3.592338 ^ fanout244/X (sg13g2_buf_1)
                                                         net244 (net)
                      0.244841    0.018033    3.610371 ^ fanout243/A (sg13g2_buf_1)
     8    0.068263    0.182707    0.200803    3.811175 ^ fanout243/X (sg13g2_buf_1)
                                                         net243 (net)
                      0.184477    0.014517    3.825691 ^ fanout242/A (sg13g2_buf_1)
     8    0.061169    0.163721    0.184897    4.010589 ^ fanout242/X (sg13g2_buf_1)
                                                         net242 (net)
                      0.164185    0.007109    4.017698 ^ _12123_/B1 (sg13g2_o21ai_1)
     1    0.009349    0.068530    0.082271    4.099969 v _12123_/Y (sg13g2_o21ai_1)
                                                         _04716_ (net)
                      0.068541    0.000708    4.100677 v _12124_/B1 (sg13g2_a21oi_1)
     1    0.006656    0.059529    0.066984    4.167661 ^ _12124_/Y (sg13g2_a21oi_1)
                                                         _04717_ (net)
                      0.059531    0.000642    4.168303 ^ _12125_/B (sg13g2_nor2_1)
     1    0.002370    0.020098    0.026872    4.195175 v _12125_/Y (sg13g2_nor2_1)
                                                         _01353_ (net)
                      0.020098    0.000092    4.195266 v _14982_/D (sg13g2_dfrbpq_1)
                                              4.195266   data arrival time

                                 10.000000   10.000000   clock clk_i (rise edge)
                                  0.000000   10.000000   clock source latency
     1    0.077663    0.000000    0.000000   10.000000 ^ clk_i (in)
                                                         clk_i (net)
                      0.025099    0.012549   10.012549 ^ clkbuf_0_clk_i/A (sg13g2_buf_16)
    16    0.338703    0.060965    0.060375   10.072924 ^ clkbuf_0_clk_i/X (sg13g2_buf_16)
                                                         clknet_0_clk_i (net)
                      0.087567    0.030401   10.103326 ^ clkbuf_4_12_0_clk_i/A (sg13g2_buf_8)
     2    0.051470    0.027784    0.078240   10.181565 ^ clkbuf_4_12_0_clk_i/X (sg13g2_buf_8)
                                                         clknet_4_12_0_clk_i (net)
                      0.029042    0.004500   10.186065 ^ clkbuf_5_24__f_clk_i/A (sg13g2_buf_16)
     4    0.074811    0.021164    0.052469   10.238534 ^ clkbuf_5_24__f_clk_i/X (sg13g2_buf_16)
                                                         clknet_5_24__leaf_clk_i (net)
                      0.025076    0.007105   10.245639 ^ clkbuf_leaf_18_clk_i/A (sg13g2_buf_8)
    13    0.075151    0.032740    0.060769   10.306409 ^ clkbuf_leaf_18_clk_i/X (sg13g2_buf_8)
                                                         clknet_leaf_18_clk_i (net)
                      0.033210    0.003096   10.309505 ^ _14982_/CLK (sg13g2_dfrbpq_1)
                                 -0.200000   10.109505   clock uncertainty
                                  0.000000   10.109505   clock reconvergence pessimism
                                 -0.066132   10.043373   library setup time
                                             10.043373   data required time
---------------------------------------------------------------------------------------------
                                             10.043373   data required time
                                             -4.195266   data arrival time
---------------------------------------------------------------------------------------------
                                              5.848106   slack (MET)




===========================================================================
report_checks --slack_max -0.01
============================================================================
======================= nom_fast_1p32V_m40C Corner ===================================

No paths found.


===========================================================================
 report_check_types -max_slew -max_cap -max_fanout -violators
============================================================================
======================= nom_fast_1p32V_m40C Corner ===================================

max fanout

Pin                                   Limit Fanout  Slack
---------------------------------------------------------
clkbuf_0_clk_i/X                          8     16     -8 (VIOLATED)
clkbuf_leaf_20_clk_i/X                    8     15     -7 (VIOLATED)
clkbuf_leaf_49_clk_i/X                    8     15     -7 (VIOLATED)
clkbuf_leaf_56_clk_i/X                    8     15     -7 (VIOLATED)
clkbuf_leaf_57_clk_i/X                    8     15     -7 (VIOLATED)
clkbuf_leaf_58_clk_i/X                    8     15     -7 (VIOLATED)
clkbuf_leaf_60_clk_i/X                    8     15     -7 (VIOLATED)
clkbuf_leaf_101_clk_i/X                   8     14     -6 (VIOLATED)
clkbuf_leaf_102_clk_i/X                   8     14     -6 (VIOLATED)
clkbuf_leaf_104_clk_i/X                   8     14     -6 (VIOLATED)
clkbuf_leaf_115_clk_i/X                   8     14     -6 (VIOLATED)
clkbuf_leaf_119_clk_i/X                   8     14     -6 (VIOLATED)
clkbuf_leaf_11_clk_i/X                    8     14     -6 (VIOLATED)
clkbuf_leaf_124_clk_i/X                   8     14     -6 (VIOLATED)
clkbuf_leaf_13_clk_i/X                    8     14     -6 (VIOLATED)
clkbuf_leaf_19_clk_i/X                    8     14     -6 (VIOLATED)
clkbuf_leaf_22_clk_i/X                    8     14     -6 (VIOLATED)
clkbuf_leaf_23_clk_i/X                    8     14     -6 (VIOLATED)
clkbuf_leaf_30_clk_i/X                    8     14     -6 (VIOLATED)
clkbuf_leaf_31_clk_i/X                    8     14     -6 (VIOLATED)
clkbuf_leaf_32_clk_i/X                    8     14     -6 (VIOLATED)
clkbuf_leaf_33_clk_i/X                    8     14     -6 (VIOLATED)
clkbuf_leaf_36_clk_i/X                    8     14     -6 (VIOLATED)
clkbuf_leaf_37_clk_i/X                    8     14     -6 (VIOLATED)
clkbuf_leaf_38_clk_i/X                    8     14     -6 (VIOLATED)
clkbuf_leaf_3_clk_i/X                     8     14     -6 (VIOLATED)
clkbuf_leaf_42_clk_i/X                    8     14     -6 (VIOLATED)
clkbuf_leaf_43_clk_i/X                    8     14     -6 (VIOLATED)
clkbuf_leaf_44_clk_i/X                    8     14     -6 (VIOLATED)
clkbuf_leaf_46_clk_i/X                    8     14     -6 (VIOLATED)
clkbuf_leaf_4_clk_i/X                     8     14     -6 (VIOLATED)
clkbuf_leaf_50_clk_i/X                    8     14     -6 (VIOLATED)
clkbuf_leaf_54_clk_i/X                    8     14     -6 (VIOLATED)
clkbuf_leaf_5_clk_i/X                     8     14     -6 (VIOLATED)
clkbuf_leaf_66_clk_i/X                    8     14     -6 (VIOLATED)
clkbuf_leaf_67_clk_i/X                    8     14     -6 (VIOLATED)
clkbuf_leaf_6_clk_i/X                     8     14     -6 (VIOLATED)
clkbuf_leaf_72_clk_i/X                    8     14     -6 (VIOLATED)
clkbuf_leaf_7_clk_i/X                     8     14     -6 (VIOLATED)
clkbuf_leaf_83_clk_i/X                    8     14     -6 (VIOLATED)
clkbuf_leaf_8_clk_i/X                     8     14     -6 (VIOLATED)
clkbuf_leaf_94_clk_i/X                    8     14     -6 (VIOLATED)
clkbuf_leaf_96_clk_i/X                    8     14     -6 (VIOLATED)
clkbuf_leaf_97_clk_i/X                    8     14     -6 (VIOLATED)
clkbuf_leaf_99_clk_i/X                    8     14     -6 (VIOLATED)
clkbuf_leaf_0_clk_i/X                     8     13     -5 (VIOLATED)
clkbuf_leaf_100_clk_i/X                   8     13     -5 (VIOLATED)
clkbuf_leaf_103_clk_i/X                   8     13     -5 (VIOLATED)
clkbuf_leaf_105_clk_i/X                   8     13     -5 (VIOLATED)
clkbuf_leaf_106_clk_i/X                   8     13     -5 (VIOLATED)
clkbuf_leaf_10_clk_i/X                    8     13     -5 (VIOLATED)
clkbuf_leaf_111_clk_i/X                   8     13     -5 (VIOLATED)
clkbuf_leaf_112_clk_i/X                   8     13     -5 (VIOLATED)
clkbuf_leaf_113_clk_i/X                   8     13     -5 (VIOLATED)
clkbuf_leaf_114_clk_i/X                   8     13     -5 (VIOLATED)
clkbuf_leaf_116_clk_i/X                   8     13     -5 (VIOLATED)
clkbuf_leaf_117_clk_i/X                   8     13     -5 (VIOLATED)
clkbuf_leaf_118_clk_i/X                   8     13     -5 (VIOLATED)
clkbuf_leaf_121_clk_i/X                   8     13     -5 (VIOLATED)
clkbuf_leaf_122_clk_i/X                   8     13     -5 (VIOLATED)
clkbuf_leaf_123_clk_i/X                   8     13     -5 (VIOLATED)
clkbuf_leaf_125_clk_i/X                   8     13     -5 (VIOLATED)
clkbuf_leaf_12_clk_i/X                    8     13     -5 (VIOLATED)
clkbuf_leaf_14_clk_i/X                    8     13     -5 (VIOLATED)
clkbuf_leaf_15_clk_i/X                    8     13     -5 (VIOLATED)
clkbuf_leaf_16_clk_i/X                    8     13     -5 (VIOLATED)
clkbuf_leaf_17_clk_i/X                    8     13     -5 (VIOLATED)
clkbuf_leaf_18_clk_i/X                    8     13     -5 (VIOLATED)
clkbuf_leaf_1_clk_i/X                     8     13     -5 (VIOLATED)
clkbuf_leaf_21_clk_i/X                    8     13     -5 (VIOLATED)
clkbuf_leaf_24_clk_i/X                    8     13     -5 (VIOLATED)
clkbuf_leaf_25_clk_i/X                    8     13     -5 (VIOLATED)
clkbuf_leaf_26_clk_i/X                    8     13     -5 (VIOLATED)
clkbuf_leaf_27_clk_i/X                    8     13     -5 (VIOLATED)
clkbuf_leaf_28_clk_i/X                    8     13     -5 (VIOLATED)
clkbuf_leaf_29_clk_i/X                    8     13     -5 (VIOLATED)
clkbuf_leaf_2_clk_i/X                     8     13     -5 (VIOLATED)
clkbuf_leaf_34_clk_i/X                    8     13     -5 (VIOLATED)
clkbuf_leaf_35_clk_i/X                    8     13     -5 (VIOLATED)
clkbuf_leaf_40_clk_i/X                    8     13     -5 (VIOLATED)
clkbuf_leaf_41_clk_i/X                    8     13     -5 (VIOLATED)
clkbuf_leaf_45_clk_i/X                    8     13     -5 (VIOLATED)
clkbuf_leaf_47_clk_i/X                    8     13     -5 (VIOLATED)
clkbuf_leaf_52_clk_i/X                    8     13     -5 (VIOLATED)
clkbuf_leaf_59_clk_i/X                    8     13     -5 (VIOLATED)
clkbuf_leaf_65_clk_i/X                    8     13     -5 (VIOLATED)
clkbuf_leaf_68_clk_i/X                    8     13     -5 (VIOLATED)
clkbuf_leaf_70_clk_i/X                    8     13     -5 (VIOLATED)
clkbuf_leaf_78_clk_i/X                    8     13     -5 (VIOLATED)
clkbuf_leaf_79_clk_i/X                    8     13     -5 (VIOLATED)
clkbuf_leaf_81_clk_i/X                    8     13     -5 (VIOLATED)
clkbuf_leaf_82_clk_i/X                    8     13     -5 (VIOLATED)
clkbuf_leaf_88_clk_i/X                    8     13     -5 (VIOLATED)
clkbuf_leaf_89_clk_i/X                    8     13     -5 (VIOLATED)
clkbuf_leaf_90_clk_i/X                    8     13     -5 (VIOLATED)
clkbuf_leaf_91_clk_i/X                    8     13     -5 (VIOLATED)
clkbuf_leaf_93_clk_i/X                    8     13     -5 (VIOLATED)
clkbuf_leaf_95_clk_i/X                    8     13     -5 (VIOLATED)
clkbuf_leaf_9_clk_i/X                     8     13     -5 (VIOLATED)
clkbuf_leaf_107_clk_i/X                   8     12     -4 (VIOLATED)
clkbuf_leaf_108_clk_i/X                   8     12     -4 (VIOLATED)
clkbuf_leaf_110_clk_i/X                   8     12     -4 (VIOLATED)
clkbuf_leaf_120_clk_i/X                   8     12     -4 (VIOLATED)
clkbuf_leaf_126_clk_i/X                   8     12     -4 (VIOLATED)
clkbuf_leaf_39_clk_i/X                    8     12     -4 (VIOLATED)
clkbuf_leaf_48_clk_i/X                    8     12     -4 (VIOLATED)
clkbuf_leaf_55_clk_i/X                    8     12     -4 (VIOLATED)
clkbuf_leaf_61_clk_i/X                    8     12     -4 (VIOLATED)
clkbuf_leaf_64_clk_i/X                    8     12     -4 (VIOLATED)
clkbuf_leaf_69_clk_i/X                    8     12     -4 (VIOLATED)
clkbuf_leaf_71_clk_i/X                    8     12     -4 (VIOLATED)
clkbuf_leaf_73_clk_i/X                    8     12     -4 (VIOLATED)
clkbuf_leaf_74_clk_i/X                    8     12     -4 (VIOLATED)
clkbuf_leaf_76_clk_i/X                    8     12     -4 (VIOLATED)
clkbuf_leaf_77_clk_i/X                    8     12     -4 (VIOLATED)
clkbuf_leaf_84_clk_i/X                    8     12     -4 (VIOLATED)
clkbuf_leaf_85_clk_i/X                    8     12     -4 (VIOLATED)
clkbuf_leaf_86_clk_i/X                    8     12     -4 (VIOLATED)
clkbuf_leaf_87_clk_i/X                    8     12     -4 (VIOLATED)
clkbuf_leaf_109_clk_i/X                   8     11     -3 (VIOLATED)
clkbuf_leaf_127_clk_i/X                   8     11     -3 (VIOLATED)
clkbuf_leaf_62_clk_i/X                    8     11     -3 (VIOLATED)
clkbuf_leaf_63_clk_i/X                    8     11     -3 (VIOLATED)
clkbuf_leaf_75_clk_i/X                    8     11     -3 (VIOLATED)
clkbuf_leaf_80_clk_i/X                    8     11     -3 (VIOLATED)
clkbuf_leaf_98_clk_i/X                    8     11     -3 (VIOLATED)
clkbuf_leaf_53_clk_i/X                    8     10     -2 (VIOLATED)

max capacitance

Pin                                        Limit         Cap       Slack
------------------------------------------------------------------------
clkbuf_0_clk_i/X                        0.200000    0.363778   -0.163778 (VIOLATED)



===========================================================================
report_parasitic_annotation -report_unannotated
============================================================================
Found 73 unannotated drivers.
 clkload0/Y
 clkload1/X
 clkload10/Y
 clkload11/Y
 clkload12/Y
 clkload13/Y
 clkload14/Y
 clkload15/Y
 clkload16/Y
 clkload17/Y
 clkload18/Y
 clkload19/Y
 clkload2/Y
 clkload20/Y
 clkload21/Y
 clkload22/Y
 clkload23/X
 clkload24/X
 clkload25/Y
 clkload26/Y
 clkload27/Y
 clkload28/Y
 clkload29/Y
 clkload3/Y
 clkload30/X
 clkload31/Y
 clkload32/Y
 clkload33/Y
 clkload34/Y
 clkload35/Y
 clkload36/Y
 clkload37/Y
 clkload38/Y
 clkload39/Y
 clkload4/X
 clkload40/Y
 clkload41/Y
 clkload42/Y
 clkload43/Y
 clkload44/Y
 clkload45/Y
 clkload46/Y
 clkload47/Y
 clkload48/Y
 clkload49/Y
 clkload5/Y
 clkload50/X
 clkload51/Y
 clkload52/Y
 clkload53/Y
 clkload54/X
 clkload55/Y
 clkload56/Y
 clkload57/Y
 clkload58/Y
 clkload59/X
 clkload6/Y
 clkload60/Y
 clkload61/Y
 clkload62/Y
 clkload63/Y
 clkload64/Y
 clkload65/Y
 clkload66/Y
 clkload67/Y
 clkload68/Y
 clkload69/Y
 clkload7/Y
 clkload70/Y
 clkload71/X
 clkload72/Y
 clkload8/Y
 clkload9/Y
Found 0 partially unannotated drivers.

===========================================================================
max slew violation count 0
max fanout violation count 127
max cap violation count 1
============================================================================

===========================================================================
check_setup -verbose -unconstrained_endpoints -multiple_clock -no_clock -no_input_delay -loops -generated_clocks
===========================================================================
Warning: There is 1 input port missing set_input_delay.
  rst_ni
