Clock: clk_i
Sources: clk_i 
Generated: no
Virtual: yes
Propagated: no
Period: 10.000000

===========================================================================
report_clock_properties
============================================================================
Clock                   Period          Waveform
----------------------------------------------------
clk_i                10.000000    0.000000  5.000000

===========================================================================
report_clock_latency
============================================================================
Clock clk_i
rise -> rise
    min     max
0.000000 0.000000 source latency
0.293827         network latency _14197_/CLK
        0.346796 network latency _14683_/CLK
---------------
0.293827 0.346796 latency
        0.052970 skew

fall -> fall
    min     max
0.000000 0.000000 source latency
0.298552         network latency _14197_/CLK
        0.350662 network latency _14683_/CLK
---------------
0.298552 0.350662 latency
        0.052110 skew



===========================================================================
report_clock_min_period
============================================================================
clk_i period_min = 3.82 fmax = 261.74
