Netgen 1.5.316 compiled on Tue Feb 10 11:09:08 UTC 2026
Warning: netgen command 'format' use fully-qualified name '::netgen::format'
Warning: netgen command 'global' use fully-qualified name '::netgen::global'
Warning:  A case-insensitive file has been read and so the	verilog file must be treated case-insensitive to match.
Reading SPICE netlist file '/home/jaikrishn/IHP-Open-PDK/ihp-sg13g2/libs.ref/sg13g2_stdcell/spice/sg13g2_stdcell.spice'...
Call to undefined subcircuit sg13_lv_nmos
Creating placeholder cell definition.
Call to undefined subcircuit sg13_lv_pmos
Creating placeholder cell definition.
Call to undefined subcircuit dantenna
Creating placeholder cell definition.
Call to undefined subcircuit dpantenna
Creating placeholder cell definition.
Reading SPICE netlist file '/home/jaikrishn/IHP-Open-PDK/ihp-sg13g2/libs.ref/sg13g2_io/spice/sg13g2_io.spice'...
Call to undefined subcircuit ptap1
Creating placeholder cell definition.
Call to undefined subcircuit sg13_hv_nmos
Creating placeholder cell definition.
Call to undefined subcircuit rppd
Creating placeholder cell definition.
Call to undefined subcircuit sg13_hv_pmos
Creating placeholder cell definition.
Reading Verilog netlist file '/home/jaikrishn/Documents/hardware/picorv32_axi4lite_port/phyisical_design/macros/picorv32/runs/run_7/52-openroad-fillinsertion/picorv32_macro.pnl.v'...
Warning:  A case-insensitive file has been read and so the	verilog file must be treated case-insensitive to match.
Note:  Implicit pin X in instance clkload0 of sg13g2_buf_8 in cell picorv32_macro
Note:  Implicit pin X in instance clkload1 of sg13g2_buf_8 in cell picorv32_macro
Note:  Implicit pin Y in instance clkload10 of sg13g2_inv_1 in cell picorv32_macro
Note:  Implicit pin X in instance clkload11 of sg13g2_buf_8 in cell picorv32_macro
Note:  Implicit pin Y in instance clkload12 of sg13g2_inv_1 in cell picorv32_macro
Note:  Implicit pin Y in instance clkload13 of sg13g2_inv_1 in cell picorv32_macro
Note:  Implicit pin Y in instance clkload14 of sg13g2_inv_2 in cell picorv32_macro
Note:  Implicit pin Y in instance clkload15 of sg13g2_inv_2 in cell picorv32_macro
Note:  Implicit pin Y in instance clkload16 of sg13g2_inv_2 in cell picorv32_macro
Note:  Implicit pin Y in instance clkload17 of sg13g2_inv_1 in cell picorv32_macro
Note:  Implicit pin Y in instance clkload18 of sg13g2_inv_2 in cell picorv32_macro
Note:  Implicit pin Y in instance clkload19 of sg13g2_inv_1 in cell picorv32_macro
Note:  Implicit pin X in instance clkload2 of sg13g2_buf_8 in cell picorv32_macro
Note:  Implicit pin Y in instance clkload20 of sg13g2_inv_2 in cell picorv32_macro
Note:  Implicit pin Y in instance clkload21 of sg13g2_inv_1 in cell picorv32_macro
Note:  Implicit pin Y in instance clkload22 of sg13g2_inv_1 in cell picorv32_macro
Note:  Implicit pin X in instance clkload23 of sg13g2_buf_8 in cell picorv32_macro
Note:  Implicit pin Y in instance clkload24 of sg13g2_inv_2 in cell picorv32_macro
Note:  Implicit pin Y in instance clkload25 of sg13g2_inv_1 in cell picorv32_macro
Note:  Implicit pin Y in instance clkload26 of sg13g2_inv_1 in cell picorv32_macro
Note:  Implicit pin Y in instance clkload27 of sg13g2_inv_1 in cell picorv32_macro
Note:  Implicit pin Y in instance clkload28 of sg13g2_inv_2 in cell picorv32_macro
Note:  Implicit pin Y in instance clkload29 of sg13g2_inv_1 in cell picorv32_macro
Note:  Implicit pin X in instance clkload3 of sg13g2_buf_8 in cell picorv32_macro
Note:  Implicit pin Y in instance clkload30 of sg13g2_inv_1 in cell picorv32_macro
Note:  Implicit pin Y in instance clkload31 of sg13g2_inv_2 in cell picorv32_macro
Note:  Implicit pin Y in instance clkload32 of sg13g2_inv_1 in cell picorv32_macro
Note:  Implicit pin Y in instance clkload33 of sg13g2_inv_2 in cell picorv32_macro
Note:  Implicit pin Y in instance clkload34 of sg13g2_inv_1 in cell picorv32_macro
Note:  Implicit pin Y in instance clkload35 of sg13g2_inv_1 in cell picorv32_macro
Note:  Implicit pin Y in instance clkload36 of sg13g2_inv_2 in cell picorv32_macro
Note:  Implicit pin X in instance clkload37 of sg13g2_buf_8 in cell picorv32_macro
Note:  Implicit pin Y in instance clkload38 of sg13g2_inv_1 in cell picorv32_macro
Note:  Implicit pin Y in instance clkload39 of sg13g2_inv_1 in cell picorv32_macro
Note:  Implicit pin X in instance clkload4 of sg13g2_buf_8 in cell picorv32_macro
Note:  Implicit pin Y in instance clkload40 of sg13g2_inv_1 in cell picorv32_macro
Note:  Implicit pin Y in instance clkload41 of sg13g2_inv_2 in cell picorv32_macro
Note:  Implicit pin Y in instance clkload42 of sg13g2_inv_2 in cell picorv32_macro
Note:  Implicit pin X in instance clkload43 of sg13g2_buf_8 in cell picorv32_macro
Note:  Implicit pin Y in instance clkload44 of sg13g2_inv_1 in cell picorv32_macro
Note:  Implicit pin Y in instance clkload45 of sg13g2_inv_4 in cell picorv32_macro
Note:  Implicit pin Y in instance clkload46 of sg13g2_inv_1 in cell picorv32_macro
Note:  Implicit pin X in instance clkload47 of sg13g2_buf_8 in cell picorv32_macro
Note:  Implicit pin Y in instance clkload48 of sg13g2_inv_1 in cell picorv32_macro
Note:  Implicit pin Y in instance clkload49 of sg13g2_inv_2 in cell picorv32_macro
Note:  Implicit pin X in instance clkload5 of sg13g2_buf_8 in cell picorv32_macro
Note:  Implicit pin Y in instance clkload50 of sg13g2_inv_1 in cell picorv32_macro
Note:  Implicit pin Y in instance clkload51 of sg13g2_inv_1 in cell picorv32_macro
Note:  Implicit pin Y in instance clkload52 of sg13g2_inv_1 in cell picorv32_macro
Note:  Implicit pin Y in instance clkload53 of sg13g2_inv_1 in cell picorv32_macro
Note:  Implicit pin X in instance clkload54 of sg13g2_buf_8 in cell picorv32_macro
Note:  Implicit pin Y in instance clkload55 of sg13g2_inv_1 in cell picorv32_macro
Note:  Implicit pin Y in instance clkload56 of sg13g2_inv_1 in cell picorv32_macro
Note:  Implicit pin Y in instance clkload57 of sg13g2_inv_2 in cell picorv32_macro
Note:  Implicit pin Y in instance clkload58 of sg13g2_inv_1 in cell picorv32_macro
Note:  Implicit pin Y in instance clkload59 of sg13g2_inv_2 in cell picorv32_macro
Note:  Implicit pin X in instance clkload6 of sg13g2_buf_8 in cell picorv32_macro
Note:  Implicit pin Y in instance clkload60 of sg13g2_inv_1 in cell picorv32_macro
Note:  Implicit pin Y in instance clkload61 of sg13g2_inv_2 in cell picorv32_macro
Note:  Implicit pin Y in instance clkload62 of sg13g2_inv_1 in cell picorv32_macro
Note:  Implicit pin Y in instance clkload63 of sg13g2_inv_2 in cell picorv32_macro
Note:  Implicit pin Y in instance clkload64 of sg13g2_inv_1 in cell picorv32_macro
Note:  Implicit pin Y in instance clkload65 of sg13g2_inv_1 in cell picorv32_macro
Note:  Implicit pin X in instance clkload66 of sg13g2_buf_8 in cell picorv32_macro
Note:  Implicit pin X in instance clkload67 of sg13g2_buf_8 in cell picorv32_macro
Note:  Implicit pin Y in instance clkload68 of sg13g2_inv_1 in cell picorv32_macro
Note:  Implicit pin Y in instance clkload69 of sg13g2_inv_4 in cell picorv32_macro
Note:  Implicit pin X in instance clkload7 of sg13g2_buf_8 in cell picorv32_macro
Note:  Implicit pin Y in instance clkload70 of sg13g2_inv_4 in cell picorv32_macro
Note:  Implicit pin Y in instance clkload71 of sg13g2_inv_2 in cell picorv32_macro
Note:  Implicit pin Y in instance clkload72 of sg13g2_inv_4 in cell picorv32_macro
Note:  Implicit pin Y in instance clkload73 of sg13g2_inv_2 in cell picorv32_macro
Note:  Implicit pin X in instance clkload74 of sg13g2_buf_8 in cell picorv32_macro
Note:  Implicit pin Y in instance clkload75 of sg13g2_inv_2 in cell picorv32_macro
Note:  Implicit pin Y in instance clkload76 of sg13g2_inv_8 in cell picorv32_macro
Note:  Implicit pin Y in instance clkload77 of sg13g2_inv_1 in cell picorv32_macro
Note:  Implicit pin X in instance clkload78 of sg13g2_buf_8 in cell picorv32_macro
Note:  Implicit pin Y in instance clkload79 of sg13g2_inv_2 in cell picorv32_macro
Note:  Implicit pin Y in instance clkload8 of sg13g2_inv_1 in cell picorv32_macro
Note:  Implicit pin Y in instance clkload80 of sg13g2_inv_2 in cell picorv32_macro
Note:  Implicit pin Y in instance clkload81 of sg13g2_inv_2 in cell picorv32_macro
Note:  Implicit pin Y in instance clkload82 of sg13g2_inv_1 in cell picorv32_macro
Note:  Implicit pin Y in instance clkload83 of sg13g2_inv_1 in cell picorv32_macro
Note:  Implicit pin Y in instance clkload84 of sg13g2_inv_2 in cell picorv32_macro
Note:  Implicit pin Y in instance clkload85 of sg13g2_inv_2 in cell picorv32_macro
Note:  Implicit pin Y in instance clkload86 of sg13g2_inv_1 in cell picorv32_macro
Note:  Implicit pin Y in instance clkload87 of sg13g2_inv_1 in cell picorv32_macro
Note:  Implicit pin Y in instance clkload88 of sg13g2_inv_1 in cell picorv32_macro
Note:  Implicit pin Y in instance clkload89 of sg13g2_inv_1 in cell picorv32_macro
Note:  Implicit pin Y in instance clkload9 of sg13g2_inv_1 in cell picorv32_macro
Note:  Implicit pin X in instance clkload90 of sg13g2_buf_8 in cell picorv32_macro
Note:  Implicit pin Y in instance clkload91 of sg13g2_inv_1 in cell picorv32_macro
Treating empty subcircuits as black-box cells
Generating JSON file result

Reading setup file /nix/store/8y4m6wgn5kqlbig1qwnwbxijqqp0jwib-python3-3.13.9-env/lib/python3.13/site-packages/librelane/scripts/netgen/setup.tcl

Model ptap1 pin 1 == 2
No property w found for device ptap1
No property l found for device ptap1
No property l found for device ptap1
No property w found for device ptap1
No property l found for device ptap1
No property w found for device ptap1
No property b found for device ptap1
Model rppd pin 1 == 2
No property b found for device rppd
Model sg13_hv_nmos pin 1 == 3
No property trise found for device sg13_hv_nmos
No property z1 found for device sg13_hv_nmos
No property z2 found for device sg13_hv_nmos
No property wmin found for device sg13_hv_nmos
No property rfmode found for device sg13_hv_nmos
No property pre_layout found for device sg13_hv_nmos
Model sg13_hv_pmos pin 1 == 3
No property trise found for device sg13_hv_pmos
No property z1 found for device sg13_hv_pmos
No property z2 found for device sg13_hv_pmos
No property wmin found for device sg13_hv_pmos
No property rfmode found for device sg13_hv_pmos
No property pre_layout found for device sg13_hv_pmos
Model sg13_lv_nmos pin 1 == 3
No property trise found for device sg13_lv_nmos
No property z1 found for device sg13_lv_nmos
No property z2 found for device sg13_lv_nmos
No property wmin found for device sg13_lv_nmos
No property rfmode found for device sg13_lv_nmos
No property pre_layout found for device sg13_lv_nmos
Model sg13_lv_pmos pin 1 == 3
No property trise found for device sg13_lv_pmos
No property z1 found for device sg13_lv_pmos
No property z2 found for device sg13_lv_pmos
No property wmin found for device sg13_lv_pmos
No property rfmode found for device sg13_lv_pmos
No property pre_layout found for device sg13_lv_pmos
No property DEV_A found for device dantenna
No property DEV_P found for device dantenna
No property DEV_C found for device dantenna
No property DEV_A found for device dpantenna
No property DEV_P found for device dpantenna
No property DEV_C found for device dpantenna
Comparison output logged to file /home/jaikrishn/Documents/hardware/picorv32_axi4lite_port/phyisical_design/macros/picorv32/runs/run_7/70-netgen-lvs/reports/lvs.netgen.rpt
Logging to file "/home/jaikrishn/Documents/hardware/picorv32_axi4lite_port/phyisical_design/macros/picorv32/runs/run_7/70-netgen-lvs/reports/lvs.netgen.rpt" enabled

Contents of circuit 1:  Circuit: 'sg13g2_fill_2'
Circuit sg13g2_fill_2 contains 0 device instances.
Circuit contains 0 nets, and 2 disconnected pins.
Contents of circuit 2:  Circuit: 'sg13g2_fill_2'
Circuit sg13g2_fill_2 contains 0 device instances.
Circuit contains 0 nets, and 2 disconnected pins.

Circuit sg13g2_fill_2 contains no devices.

Contents of circuit 1:  Circuit: 'sg13g2_decap_8'
Circuit sg13g2_decap_8 contains 0 device instances.
Circuit contains 0 nets, and 2 disconnected pins.
Contents of circuit 2:  Circuit: 'sg13g2_decap_8'
Circuit sg13g2_decap_8 contains 2 device instances.
  Class: sg13_lv_pmos          instances:   1
  Class: sg13_lv_nmos          instances:   1
Circuit contains 2 nets.

Circuit sg13g2_decap_8 contains no devices.

Contents of circuit 1:  Circuit: 'sg13g2_mux2_1'
Circuit sg13g2_mux2_1 contains 0 device instances.
Circuit contains 0 nets, and 6 disconnected pins.
Contents of circuit 2:  Circuit: 'sg13g2_mux2_1'
Circuit sg13g2_mux2_1 contains 12 device instances.
  Class: sg13_lv_pmos          instances:   6
  Class: sg13_lv_nmos          instances:   6
Circuit contains 12 nets.

Circuit sg13g2_mux2_1 contains no devices.

Contents of circuit 1:  Circuit: 'sg13g2_nor3_1'
Circuit sg13g2_nor3_1 contains 0 device instances.
Circuit contains 0 nets, and 6 disconnected pins.
Contents of circuit 2:  Circuit: 'sg13g2_nor3_1'
Circuit sg13g2_nor3_1 contains 6 device instances.
  Class: sg13_lv_pmos          instances:   3
  Class: sg13_lv_nmos          instances:   3
Circuit contains 8 nets.

Circuit sg13g2_nor3_1 contains no devices.

Contents of circuit 1:  Circuit: 'sg13g2_nor2_1'
Circuit sg13g2_nor2_1 contains 0 device instances.
Circuit contains 0 nets, and 5 disconnected pins.
Contents of circuit 2:  Circuit: 'sg13g2_nor2_1'
Circuit sg13g2_nor2_1 contains 4 device instances.
  Class: sg13_lv_pmos          instances:   2
  Class: sg13_lv_nmos          instances:   2
Circuit contains 6 nets.

Circuit sg13g2_nor2_1 contains no devices.

Contents of circuit 1:  Circuit: 'sg13g2_fill_1'
Circuit sg13g2_fill_1 contains 0 device instances.
Circuit contains 0 nets, and 2 disconnected pins.
Contents of circuit 2:  Circuit: 'sg13g2_fill_1'
Circuit sg13g2_fill_1 contains 0 device instances.
Circuit contains 0 nets, and 2 disconnected pins.

Circuit sg13g2_fill_1 contains no devices.

Contents of circuit 1:  Circuit: 'sg13g2_decap_4'
Circuit sg13g2_decap_4 contains 0 device instances.
Circuit contains 0 nets, and 2 disconnected pins.
Contents of circuit 2:  Circuit: 'sg13g2_decap_4'
Circuit sg13g2_decap_4 contains 2 device instances.
  Class: sg13_lv_pmos          instances:   1
  Class: sg13_lv_nmos          instances:   1
Circuit contains 2 nets.

Circuit sg13g2_decap_4 contains no devices.

Contents of circuit 1:  Circuit: 'sg13g2_tiehi'
Circuit sg13g2_tiehi contains 0 device instances.
Circuit contains 0 nets, and 3 disconnected pins.
Contents of circuit 2:  Circuit: 'sg13g2_tiehi'
Circuit sg13g2_tiehi contains 4 device instances.
  Class: sg13_lv_pmos          instances:   2
  Class: sg13_lv_nmos          instances:   2
Circuit contains 6 nets.

Circuit sg13g2_tiehi contains no devices.

Contents of circuit 1:  Circuit: 'sg13g2_o21ai_1'
Circuit sg13g2_o21ai_1 contains 0 device instances.
Circuit contains 0 nets, and 6 disconnected pins.
Contents of circuit 2:  Circuit: 'sg13g2_o21ai_1'
Circuit sg13g2_o21ai_1 contains 6 device instances.
  Class: sg13_lv_pmos          instances:   3
  Class: sg13_lv_nmos          instances:   3
Circuit contains 8 nets.

Circuit sg13g2_o21ai_1 contains no devices.

Contents of circuit 1:  Circuit: 'sg13g2_a21oi_1'
Circuit sg13g2_a21oi_1 contains 0 device instances.
Circuit contains 0 nets, and 6 disconnected pins.
Contents of circuit 2:  Circuit: 'sg13g2_a21oi_1'
Circuit sg13g2_a21oi_1 contains 6 device instances.
  Class: sg13_lv_pmos          instances:   3
  Class: sg13_lv_nmos          instances:   3
Circuit contains 8 nets.

Circuit sg13g2_a21oi_1 contains no devices.

Contents of circuit 1:  Circuit: 'sg13g2_buf_1'
Circuit sg13g2_buf_1 contains 0 device instances.
Circuit contains 0 nets, and 4 disconnected pins.
Contents of circuit 2:  Circuit: 'sg13g2_buf_1'
Circuit sg13g2_buf_1 contains 4 device instances.
  Class: sg13_lv_pmos          instances:   2
  Class: sg13_lv_nmos          instances:   2
Circuit contains 5 nets.

Circuit sg13g2_buf_1 contains no devices.

Contents of circuit 1:  Circuit: 'sg13g2_nor4_1'
Circuit sg13g2_nor4_1 contains 0 device instances.
Circuit contains 0 nets, and 7 disconnected pins.
Contents of circuit 2:  Circuit: 'sg13g2_nor4_1'
Circuit sg13g2_nor4_1 contains 8 device instances.
  Class: sg13_lv_pmos          instances:   4
  Class: sg13_lv_nmos          instances:   4
Circuit contains 10 nets.

Circuit sg13g2_nor4_1 contains no devices.

Contents of circuit 1:  Circuit: 'sg13g2_nand2_1'
Circuit sg13g2_nand2_1 contains 0 device instances.
Circuit contains 0 nets, and 5 disconnected pins.
Contents of circuit 2:  Circuit: 'sg13g2_nand2_1'
Circuit sg13g2_nand2_1 contains 4 device instances.
  Class: sg13_lv_pmos          instances:   2
  Class: sg13_lv_nmos          instances:   2
Circuit contains 6 nets.

Circuit sg13g2_nand2_1 contains no devices.

Contents of circuit 1:  Circuit: 'sg13g2_a221oi_1'
Circuit sg13g2_a221oi_1 contains 0 device instances.
Circuit contains 0 nets, and 8 disconnected pins.
Contents of circuit 2:  Circuit: 'sg13g2_a221oi_1'
Circuit sg13g2_a221oi_1 contains 10 device instances.
  Class: sg13_lv_pmos          instances:   5
  Class: sg13_lv_nmos          instances:   5
Circuit contains 12 nets.

Circuit sg13g2_a221oi_1 contains no devices.

Contents of circuit 1:  Circuit: 'sg13g2_dfrbpq_1'
Circuit sg13g2_dfrbpq_1 contains 0 device instances.
Circuit contains 0 nets, and 6 disconnected pins.
Contents of circuit 2:  Circuit: 'sg13g2_dfrbpq_1'
Circuit sg13g2_dfrbpq_1 contains 32 device instances.
  Class: sg13_lv_pmos          instances:  16
  Class: sg13_lv_nmos          instances:  16
Circuit contains 21 nets.

Circuit sg13g2_dfrbpq_1 contains no devices.

Contents of circuit 1:  Circuit: 'sg13g2_mux4_1'
Circuit sg13g2_mux4_1 contains 0 device instances.
Circuit contains 0 nets, and 9 disconnected pins.
Contents of circuit 2:  Circuit: 'sg13g2_mux4_1'
Circuit sg13g2_mux4_1 contains 26 device instances.
  Class: sg13_lv_pmos          instances:  13
  Class: sg13_lv_nmos          instances:  13
Circuit contains 22 nets.

Circuit sg13g2_mux4_1 contains no devices.

Contents of circuit 1:  Circuit: 'sg13g2_inv_1'
Circuit sg13g2_inv_1 contains 0 device instances.
Circuit contains 0 nets, and 4 disconnected pins.
Contents of circuit 2:  Circuit: 'sg13g2_inv_1'
Circuit sg13g2_inv_1 contains 2 device instances.
  Class: sg13_lv_pmos          instances:   1
  Class: sg13_lv_nmos          instances:   1
Circuit contains 4 nets.

Circuit sg13g2_inv_1 contains no devices.

Contents of circuit 1:  Circuit: 'sg13g2_nand3_1'
Circuit sg13g2_nand3_1 contains 0 device instances.
Circuit contains 0 nets, and 6 disconnected pins.
Contents of circuit 2:  Circuit: 'sg13g2_nand3_1'
Circuit sg13g2_nand3_1 contains 6 device instances.
  Class: sg13_lv_pmos          instances:   3
  Class: sg13_lv_nmos          instances:   3
Circuit contains 8 nets.

Circuit sg13g2_nand3_1 contains no devices.

Contents of circuit 1:  Circuit: 'sg13g2_a21o_1'
Circuit sg13g2_a21o_1 contains 0 device instances.
Circuit contains 0 nets, and 6 disconnected pins.
Contents of circuit 2:  Circuit: 'sg13g2_a21o_1'
Circuit sg13g2_a21o_1 contains 8 device instances.
  Class: sg13_lv_pmos          instances:   4
  Class: sg13_lv_nmos          instances:   4
Circuit contains 9 nets.

Circuit sg13g2_a21o_1 contains no devices.

Contents of circuit 1:  Circuit: 'sg13g2_and4_1'
Circuit sg13g2_and4_1 contains 0 device instances.
Circuit contains 0 nets, and 7 disconnected pins.
Contents of circuit 2:  Circuit: 'sg13g2_and4_1'
Circuit sg13g2_and4_1 contains 10 device instances.
  Class: sg13_lv_pmos          instances:   5
  Class: sg13_lv_nmos          instances:   5
Circuit contains 11 nets.

Circuit sg13g2_and4_1 contains no devices.

Contents of circuit 1:  Circuit: 'sg13g2_nand3b_1'
Circuit sg13g2_nand3b_1 contains 0 device instances.
Circuit contains 0 nets, and 6 disconnected pins.
Contents of circuit 2:  Circuit: 'sg13g2_nand3b_1'
Circuit sg13g2_nand3b_1 contains 8 device instances.
  Class: sg13_lv_pmos          instances:   4
  Class: sg13_lv_nmos          instances:   4
Circuit contains 9 nets.

Circuit sg13g2_nand3b_1 contains no devices.

Contents of circuit 1:  Circuit: 'sg13g2_a22oi_1'
Circuit sg13g2_a22oi_1 contains 0 device instances.
Circuit contains 0 nets, and 7 disconnected pins.
Contents of circuit 2:  Circuit: 'sg13g2_a22oi_1'
Circuit sg13g2_a22oi_1 contains 8 device instances.
  Class: sg13_lv_pmos          instances:   4
  Class: sg13_lv_nmos          instances:   4
Circuit contains 10 nets.

Circuit sg13g2_a22oi_1 contains no devices.

Contents of circuit 1:  Circuit: 'sg13g2_and2_1'
Circuit sg13g2_and2_1 contains 0 device instances.
Circuit contains 0 nets, and 5 disconnected pins.
Contents of circuit 2:  Circuit: 'sg13g2_and2_1'
Circuit sg13g2_and2_1 contains 6 device instances.
  Class: sg13_lv_pmos          instances:   3
  Class: sg13_lv_nmos          instances:   3
Circuit contains 7 nets.

Circuit sg13g2_and2_1 contains no devices.

Contents of circuit 1:  Circuit: 'sg13g2_buf_16'
Circuit sg13g2_buf_16 contains 0 device instances.
Circuit contains 0 nets, and 4 disconnected pins.
Contents of circuit 2:  Circuit: 'sg13g2_buf_16'
Circuit sg13g2_buf_16 contains 4 device instances.
  Class: sg13_lv_pmos          instances:   2
  Class: sg13_lv_nmos          instances:   2
Circuit contains 5 nets.

Circuit sg13g2_buf_16 contains no devices.

Contents of circuit 1:  Circuit: 'sg13g2_nand2b_1'
Circuit sg13g2_nand2b_1 contains 0 device instances.
Circuit contains 0 nets, and 5 disconnected pins.
Contents of circuit 2:  Circuit: 'sg13g2_nand2b_1'
Circuit sg13g2_nand2b_1 contains 6 device instances.
  Class: sg13_lv_pmos          instances:   3
  Class: sg13_lv_nmos          instances:   3
Circuit contains 7 nets.

Circuit sg13g2_nand2b_1 contains no devices.

Contents of circuit 1:  Circuit: 'sg13g2_or2_1'
Circuit sg13g2_or2_1 contains 0 device instances.
Circuit contains 0 nets, and 5 disconnected pins.
Contents of circuit 2:  Circuit: 'sg13g2_or2_1'
Circuit sg13g2_or2_1 contains 6 device instances.
  Class: sg13_lv_pmos          instances:   3
  Class: sg13_lv_nmos          instances:   3
Circuit contains 7 nets.

Circuit sg13g2_or2_1 contains no devices.

Contents of circuit 1:  Circuit: 'sg13g2_nand4_1'
Circuit sg13g2_nand4_1 contains 0 device instances.
Circuit contains 0 nets, and 7 disconnected pins.
Contents of circuit 2:  Circuit: 'sg13g2_nand4_1'
Circuit sg13g2_nand4_1 contains 8 device instances.
  Class: sg13_lv_pmos          instances:   4
  Class: sg13_lv_nmos          instances:   4
Circuit contains 10 nets.

Circuit sg13g2_nand4_1 contains no devices.

Contents of circuit 1:  Circuit: 'sg13g2_xnor2_1'
Circuit sg13g2_xnor2_1 contains 0 device instances.
Circuit contains 0 nets, and 5 disconnected pins.
Contents of circuit 2:  Circuit: 'sg13g2_xnor2_1'
Circuit sg13g2_xnor2_1 contains 10 device instances.
  Class: sg13_lv_pmos          instances:   5
  Class: sg13_lv_nmos          instances:   5
Circuit contains 9 nets.

Circuit sg13g2_xnor2_1 contains no devices.

Contents of circuit 1:  Circuit: 'sg13g2_and3_1'
Circuit sg13g2_and3_1 contains 0 device instances.
Circuit contains 0 nets, and 6 disconnected pins.
Contents of circuit 2:  Circuit: 'sg13g2_and3_1'
Circuit sg13g2_and3_1 contains 8 device instances.
  Class: sg13_lv_pmos          instances:   4
  Class: sg13_lv_nmos          instances:   4
Circuit contains 9 nets.

Circuit sg13g2_and3_1 contains no devices.

Contents of circuit 1:  Circuit: 'sg13g2_dlygate4sd3_1'
Circuit sg13g2_dlygate4sd3_1 contains 0 device instances.
Circuit contains 0 nets, and 4 disconnected pins.
Contents of circuit 2:  Circuit: 'sg13g2_dlygate4sd3_1'
Circuit sg13g2_dlygate4sd3_1 contains 8 device instances.
  Class: sg13_lv_pmos          instances:   4
  Class: sg13_lv_nmos          instances:   4
Circuit contains 7 nets.

Circuit sg13g2_dlygate4sd3_1 contains no devices.

Contents of circuit 1:  Circuit: 'sg13g2_buf_8'
Circuit sg13g2_buf_8 contains 0 device instances.
Circuit contains 0 nets, and 4 disconnected pins.
Contents of circuit 2:  Circuit: 'sg13g2_buf_8'
Circuit sg13g2_buf_8 contains 4 device instances.
  Class: sg13_lv_pmos          instances:   2
  Class: sg13_lv_nmos          instances:   2
Circuit contains 5 nets.

Circuit sg13g2_buf_8 contains no devices.

Contents of circuit 1:  Circuit: 'sg13g2_or4_1'
Circuit sg13g2_or4_1 contains 0 device instances.
Circuit contains 0 nets, and 7 disconnected pins.
Contents of circuit 2:  Circuit: 'sg13g2_or4_1'
Circuit sg13g2_or4_1 contains 10 device instances.
  Class: sg13_lv_pmos          instances:   5
  Class: sg13_lv_nmos          instances:   5
Circuit contains 11 nets.

Circuit sg13g2_or4_1 contains no devices.

Contents of circuit 1:  Circuit: 'sg13g2_antennanp'
Circuit sg13g2_antennanp contains 0 device instances.
Circuit contains 0 nets, and 3 disconnected pins.
Contents of circuit 2:  Circuit: 'sg13g2_antennanp'
Circuit sg13g2_antennanp contains 2 device instances.
  Class: dpantenna             instances:   1
  Class: dantenna              instances:   1
Circuit contains 3 nets.

Circuit sg13g2_antennanp contains no devices.

Contents of circuit 1:  Circuit: 'sg13g2_nor2b_1'
Circuit sg13g2_nor2b_1 contains 0 device instances.
Circuit contains 0 nets, and 5 disconnected pins.
Contents of circuit 2:  Circuit: 'sg13g2_nor2b_1'
Circuit sg13g2_nor2b_1 contains 6 device instances.
  Class: sg13_lv_pmos          instances:   3
  Class: sg13_lv_nmos          instances:   3
Circuit contains 7 nets.

Circuit sg13g2_nor2b_1 contains no devices.

Contents of circuit 1:  Circuit: 'sg13g2_inv_2'
Circuit sg13g2_inv_2 contains 0 device instances.
Circuit contains 0 nets, and 4 disconnected pins.
Contents of circuit 2:  Circuit: 'sg13g2_inv_2'
Circuit sg13g2_inv_2 contains 2 device instances.
  Class: sg13_lv_pmos          instances:   1
  Class: sg13_lv_nmos          instances:   1
Circuit contains 4 nets.

Circuit sg13g2_inv_2 contains no devices.

Contents of circuit 1:  Circuit: 'sg13g2_xor2_1'
Circuit sg13g2_xor2_1 contains 0 device instances.
Circuit contains 0 nets, and 5 disconnected pins.
Contents of circuit 2:  Circuit: 'sg13g2_xor2_1'
Circuit sg13g2_xor2_1 contains 10 device instances.
  Class: sg13_lv_pmos          instances:   5
  Class: sg13_lv_nmos          instances:   5
Circuit contains 9 nets.

Circuit sg13g2_xor2_1 contains no devices.

Contents of circuit 1:  Circuit: 'sg13g2_inv_4'
Circuit sg13g2_inv_4 contains 0 device instances.
Circuit contains 0 nets, and 4 disconnected pins.
Contents of circuit 2:  Circuit: 'sg13g2_inv_4'
Circuit sg13g2_inv_4 contains 2 device instances.
  Class: sg13_lv_pmos          instances:   1
  Class: sg13_lv_nmos          instances:   1
Circuit contains 4 nets.

Circuit sg13g2_inv_4 contains no devices.

Contents of circuit 1:  Circuit: 'sg13g2_or3_1'
Circuit sg13g2_or3_1 contains 0 device instances.
Circuit contains 0 nets, and 6 disconnected pins.
Contents of circuit 2:  Circuit: 'sg13g2_or3_1'
Circuit sg13g2_or3_1 contains 8 device instances.
  Class: sg13_lv_pmos          instances:   4
  Class: sg13_lv_nmos          instances:   4
Circuit contains 9 nets.

Circuit sg13g2_or3_1 contains no devices.

Contents of circuit 1:  Circuit: 'sg13g2_inv_8'
Circuit sg13g2_inv_8 contains 0 device instances.
Circuit contains 0 nets, and 4 disconnected pins.
Contents of circuit 2:  Circuit: 'sg13g2_inv_8'
Circuit sg13g2_inv_8 contains 2 device instances.
  Class: sg13_lv_pmos          instances:   1
  Class: sg13_lv_nmos          instances:   1
Circuit contains 4 nets.

Circuit sg13g2_inv_8 contains no devices.

Contents of circuit 1:  Circuit: 'sg13g2_tielo'
Circuit sg13g2_tielo contains 0 device instances.
Circuit contains 0 nets, and 3 disconnected pins.
Contents of circuit 2:  Circuit: 'sg13g2_tielo'
Circuit sg13g2_tielo contains 4 device instances.
  Class: sg13_lv_pmos          instances:   2
  Class: sg13_lv_nmos          instances:   2
Circuit contains 6 nets.

Circuit sg13g2_tielo contains no devices.

Contents of circuit 1:  Circuit: 'picorv32_macro'
Circuit picorv32_macro contains 41110 device instances.
  Class: sg13g2_dlygate4sd3_1  instances: 155
  Class: sg13g2_antennanp      instances:  30
  Class: sg13g2_buf_16         instances:  33
  Class: sg13g2_dfrbpq_1       instances: 1594
  Class: sg13g2_and3_1         instances:  83
  Class: sg13g2_or2_1          instances:  51
  Class: sg13g2_nor2b_1        instances:  89
  Class: sg13g2_nand3_1        instances: 215
  Class: sg13g2_mux2_1         instances: 1252
  Class: sg13g2_decap_4        instances: 2491
  Class: sg13g2_decap_8        instances: 21410
  Class: sg13g2_and2_1         instances: 120
  Class: sg13g2_tiehi          instances: 1594
  Class: sg13g2_nor4_1         instances:  78
  Class: sg13g2_nand2_1        instances: 344
  Class: sg13g2_nor3_1         instances: 156
  Class: sg13g2_nand3b_1       instances:  40
  Class: sg13g2_fill_1         instances: 3094
  Class: sg13g2_fill_2         instances: 2980
  Class: sg13g2_tielo          instances:   9
  Class: sg13g2_or4_1          instances:  23
  Class: sg13g2_nor2_1         instances: 367
  Class: sg13g2_buf_1          instances: 1465
  Class: sg13g2_buf_8          instances: 169
  Class: sg13g2_a22oi_1        instances: 111
  Class: sg13g2_o21ai_1        instances: 626
  Class: sg13g2_a21oi_1        instances: 727
  Class: sg13g2_a21o_1         instances: 187
  Class: sg13g2_nand2b_1       instances: 239
  Class: sg13g2_a221oi_1       instances: 236
  Class: sg13g2_inv_1          instances: 114
  Class: sg13g2_inv_2          instances:  25
  Class: sg13g2_inv_4          instances:   4
  Class: sg13g2_inv_8          instances:   1
  Class: sg13g2_xor2_1         instances:  63
  Class: sg13g2_mux4_1         instances: 603
  Class: sg13g2_xnor2_1        instances:  97
  Class: sg13g2_and4_1         instances:  78
  Class: sg13g2_or3_1          instances:  28
  Class: sg13g2_nand4_1        instances: 129
Circuit contains 11146 nets.
Contents of circuit 2:  Circuit: 'picorv32_macro'
Circuit picorv32_macro contains 41110 device instances.
  Class: sg13g2_dlygate4sd3_1  instances: 155
  Class: sg13g2_antennanp      instances:  30
  Class: sg13g2_buf_16         instances:  33
  Class: sg13g2_dfrbpq_1       instances: 1594
  Class: sg13g2_and3_1         instances:  83
  Class: sg13g2_or2_1          instances:  51
  Class: sg13g2_nor2b_1        instances:  89
  Class: sg13g2_nand3_1        instances: 215
  Class: sg13g2_mux2_1         instances: 1252
  Class: sg13g2_decap_4        instances: 2491
  Class: sg13g2_decap_8        instances: 21410
  Class: sg13g2_and2_1         instances: 120
  Class: sg13g2_tiehi          instances: 1594
  Class: sg13g2_nor4_1         instances:  78
  Class: sg13g2_nand2_1        instances: 344
  Class: sg13g2_nor3_1         instances: 156
  Class: sg13g2_nand3b_1       instances:  40
  Class: sg13g2_fill_1         instances: 3094
  Class: sg13g2_fill_2         instances: 2980
  Class: sg13g2_tielo          instances:   9
  Class: sg13g2_or4_1          instances:  23
  Class: sg13g2_nor2_1         instances: 367
  Class: sg13g2_buf_1          instances: 1465
  Class: sg13g2_buf_8          instances: 169
  Class: sg13g2_a22oi_1        instances: 111
  Class: sg13g2_o21ai_1        instances: 626
  Class: sg13g2_a21oi_1        instances: 727
  Class: sg13g2_a21o_1         instances: 187
  Class: sg13g2_nand2b_1       instances: 239
  Class: sg13g2_a221oi_1       instances: 236
  Class: sg13g2_inv_1          instances: 114
  Class: sg13g2_inv_2          instances:  25
  Class: sg13g2_inv_4          instances:   4
  Class: sg13g2_inv_8          instances:   1
  Class: sg13g2_xor2_1         instances:  63
  Class: sg13g2_mux4_1         instances: 603
  Class: sg13g2_xnor2_1        instances:  97
  Class: sg13g2_and4_1         instances:  78
  Class: sg13g2_or3_1          instances:  28
  Class: sg13g2_nand4_1        instances: 129
Circuit contains 11146 nets.

Circuit was modified by parallel/series device merging.
New circuit summary:

Contents of circuit 1:  Circuit: 'picorv32_macro'
Circuit picorv32_macro contains 11139 device instances.
  Class: sg13g2_dlygate4sd3_1  instances: 155
  Class: sg13g2_antennanp      instances:  30
  Class: sg13g2_buf_16         instances:  33
  Class: sg13g2_dfrbpq_1       instances: 1594
  Class: sg13g2_and3_1         instances:  83
  Class: sg13g2_or2_1          instances:  51
  Class: sg13g2_nor2b_1        instances:  89
  Class: sg13g2_nand3_1        instances: 215
  Class: sg13g2_mux2_1         instances: 1252
  Class: sg13g2_decap_4        instances:   1
  Class: sg13g2_decap_8        instances:   1
  Class: sg13g2_and2_1         instances: 120
  Class: sg13g2_tiehi          instances: 1594
  Class: sg13g2_nor4_1         instances:  78
  Class: sg13g2_nand2_1        instances: 344
  Class: sg13g2_nor3_1         instances: 156
  Class: sg13g2_nand3b_1       instances:  40
  Class: sg13g2_fill_1         instances:   1
  Class: sg13g2_fill_2         instances:   1
  Class: sg13g2_tielo          instances:   9
  Class: sg13g2_or4_1          instances:  23
  Class: sg13g2_nor2_1         instances: 367
  Class: sg13g2_buf_1          instances: 1465
  Class: sg13g2_buf_8          instances: 169
  Class: sg13g2_a22oi_1        instances: 111
  Class: sg13g2_o21ai_1        instances: 626
  Class: sg13g2_a21oi_1        instances: 727
  Class: sg13g2_a21o_1         instances: 187
  Class: sg13g2_nand2b_1       instances: 239
  Class: sg13g2_a221oi_1       instances: 236
  Class: sg13g2_inv_1          instances: 114
  Class: sg13g2_inv_2          instances:  25
  Class: sg13g2_inv_4          instances:   4
  Class: sg13g2_inv_8          instances:   1
  Class: sg13g2_xor2_1         instances:  63
  Class: sg13g2_mux4_1         instances: 603
  Class: sg13g2_xnor2_1        instances:  97
  Class: sg13g2_and4_1         instances:  78
  Class: sg13g2_or3_1          instances:  28
  Class: sg13g2_nand4_1        instances: 129
Circuit contains 11146 nets.
Contents of circuit 2:  Circuit: 'picorv32_macro'
Circuit picorv32_macro contains 11139 device instances.
  Class: sg13g2_dlygate4sd3_1  instances: 155
  Class: sg13g2_antennanp      instances:  30
  Class: sg13g2_buf_16         instances:  33
  Class: sg13g2_dfrbpq_1       instances: 1594
  Class: sg13g2_and3_1         instances:  83
  Class: sg13g2_or2_1          instances:  51
  Class: sg13g2_nor2b_1        instances:  89
  Class: sg13g2_nand3_1        instances: 215
  Class: sg13g2_mux2_1         instances: 1252
  Class: sg13g2_decap_4        instances:   1
  Class: sg13g2_decap_8        instances:   1
  Class: sg13g2_and2_1         instances: 120
  Class: sg13g2_tiehi          instances: 1594
  Class: sg13g2_nor4_1         instances:  78
  Class: sg13g2_nand2_1        instances: 344
  Class: sg13g2_nor3_1         instances: 156
  Class: sg13g2_nand3b_1       instances:  40
  Class: sg13g2_fill_1         instances:   1
  Class: sg13g2_fill_2         instances:   1
  Class: sg13g2_tielo          instances:   9
  Class: sg13g2_or4_1          instances:  23
  Class: sg13g2_nor2_1         instances: 367
  Class: sg13g2_buf_1          instances: 1465
  Class: sg13g2_buf_8          instances: 169
  Class: sg13g2_a22oi_1        instances: 111
  Class: sg13g2_o21ai_1        instances: 626
  Class: sg13g2_a21oi_1        instances: 727
  Class: sg13g2_a21o_1         instances: 187
  Class: sg13g2_nand2b_1       instances: 239
  Class: sg13g2_a221oi_1       instances: 236
  Class: sg13g2_inv_1          instances: 114
  Class: sg13g2_inv_2          instances:  25
  Class: sg13g2_inv_4          instances:   4
  Class: sg13g2_inv_8          instances:   1
  Class: sg13g2_xor2_1         instances:  63
  Class: sg13g2_mux4_1         instances: 603
  Class: sg13g2_xnor2_1        instances:  97
  Class: sg13g2_and4_1         instances:  78
  Class: sg13g2_or3_1          instances:  28
  Class: sg13g2_nand4_1        instances: 129
Circuit contains 11146 nets.

Circuit 1 contains 11139 devices, Circuit 2 contains 11139 devices.
Circuit 1 contains 11146 nets,    Circuit 2 contains 11146 nets.


Final result: 
Circuits match uniquely.
.
Logging to file "/home/jaikrishn/Documents/hardware/picorv32_axi4lite_port/phyisical_design/macros/picorv32/runs/run_7/70-netgen-lvs/reports/lvs.netgen.rpt" disabled
LVS Done.
