116. Printing statistics.

=== peripherals_macro ===

        +----------Local Count, excluding submodules.
        |        +-Local Area, excluding submodules.
        |        | 
      574        - wires
      796        - wire bits
       23        - public wires
      245        - public wire bits
       22        - ports
      244        - port bits
      657 9.71E+03 cells
        1   12.701   sg13g2_a21o_1
      128 1.16E+03   sg13g2_a21oi_1
       32  347.155   sg13g2_a22oi_1
        1    9.072   sg13g2_and2_1
        1   12.701   sg13g2_and3_1
        1    7.258   sg13g2_buf_1
      101 4.95E+03   sg13g2_dfrbpq_1
       41  223.171   sg13g2_inv_1
        4    29.03   sg13g2_nand2_1
        1    9.072   sg13g2_nand2b_1
        1    9.072   sg13g2_nand3_1
        1   12.701   sg13g2_nand3b_1
       65  707.616   sg13g2_nand4_1
       65  471.744   sg13g2_nor2_1
        3   27.216   sg13g2_nor2b_1
        9   81.648   sg13g2_nor3_1
       97  879.984   sg13g2_o21ai_1
      101  733.018   sg13g2_tiehi
        4    29.03   sg13g2_tielo

   Chip area for module '\peripherals_macro': 9711.273600
     of which used for sequential elements: 4947.868800 (50.95%)

