
===========================================================================
report_checks -unconstrained
===========================================================================
======================= nom_typ_1p20V_25C Corner ===================================

Startpoint: m_araddr[13] (input port clocked by clk_i)
Endpoint: m_rdata[30] (output port clocked by clk_i)
Path Group: clk_i
Path Type: max

Fanout         Cap        Slew       Delay        Time   Description
---------------------------------------------------------------------------------------------
                                  0.000000    0.000000   clock clk_i (rise edge)
                                  0.000000    0.000000   clock network delay (propagated)
                                  2.000000    2.000000 v input external delay
    45    0.213289    0.174705    0.134069    2.134069 v m_araddr[13] (in)
                                                         m_araddr[13] (net)
                      0.175985    0.000000    2.134069 v _0414_/A (sg13g2_nor2_1)
     1    0.003550    0.065901    0.096099    2.230168 ^ _0414_/Y (sg13g2_nor2_1)
                                                         _0066_ (net)
                      0.065901    0.000017    2.230185 ^ _0415_/C (sg13g2_nand3b_1)
     1    0.003311    0.059948    0.089775    2.319960 v _0415_/Y (sg13g2_nand3b_1)
                                                         _0067_ (net)
                      0.059948    0.000018    2.319978 v _0416_/B (sg13g2_nor2_1)
    75    0.354881    2.876478    2.078075    4.398053 ^ _0416_/Y (sg13g2_nor2_1)
                                                         _0068_ (net)
                      2.876490    0.005195    4.403248 ^ _0417_/B (sg13g2_nand2_1)
    36    0.178913    1.429486    1.832257    6.235504 v _0417_/Y (sg13g2_nand2_1)
                                                         _0069_ (net)
                      1.429558    0.010365    6.245870 v _0448_/A2 (sg13g2_a22oi_1)
     1    0.008842    0.259045    0.314633    6.560503 ^ _0448_/Y (sg13g2_a22oi_1)
                                                         _0097_ (net)
                      0.259045    0.000315    6.560818 ^ _0452_/A2 (sg13g2_o21ai_1)
     1    0.050000    0.314462    0.343379    6.904197 v _0452_/Y (sg13g2_o21ai_1)
                                                         m_rdata[30] (net)
                      0.314462    0.000000    6.904197 v m_rdata[30] (out)
                                              6.904197   data arrival time

                                 10.000000   10.000000   clock clk_i (rise edge)
                                  0.000000   10.000000   clock network delay (propagated)
                                 -0.200000    9.800000   clock uncertainty
                                  0.000000    9.800000   clock reconvergence pessimism
                                 -2.000000    7.800000   output external delay
                                              7.800000   data required time
---------------------------------------------------------------------------------------------
                                              7.800000   data required time
                                             -6.904197   data arrival time
---------------------------------------------------------------------------------------------
                                              0.895803   slack (MET)




===========================================================================
report_checks --slack_max -0.01
============================================================================
======================= nom_typ_1p20V_25C Corner ===================================

No paths found.


===========================================================================
 report_check_types -max_slew -max_cap -max_fanout -violators
============================================================================
======================= nom_typ_1p20V_25C Corner ===================================

max slew

Pin                                        Limit        Slew       Slack
------------------------------------------------------------------------
_0731_/B1                               2.507400    2.876878   -0.369477 (VIOLATED)
_0711_/C                                2.507400    2.876877   -0.369477 (VIOLATED)
_0710_/B1                               2.507400    2.876876   -0.369476 (VIOLATED)
_0732_/C                                2.507400    2.876875   -0.369475 (VIOLATED)
_0655_/C                                2.507400    2.876874   -0.369474 (VIOLATED)
_0746_/C                                2.507400    2.876872   -0.369472 (VIOLATED)
_0753_/C                                2.507400    2.876873   -0.369472 (VIOLATED)
_0739_/C                                2.507400    2.876872   -0.369472 (VIOLATED)
_0654_/B1                               2.507400    2.876871   -0.369471 (VIOLATED)
_0745_/B1                               2.507400    2.876871   -0.369471 (VIOLATED)
_0752_/B1                               2.507400    2.876863   -0.369463 (VIOLATED)
_0470_/C                                2.507400    2.876836   -0.369436 (VIOLATED)
_0599_/C                                2.507400    2.876831   -0.369431 (VIOLATED)
_0598_/B1                               2.507400    2.876830   -0.369430 (VIOLATED)
_0455_/B1                               2.507400    2.876829   -0.369428 (VIOLATED)
_0456_/C                                2.507400    2.876827   -0.369427 (VIOLATED)
_0469_/B1                               2.507400    2.876824   -0.369424 (VIOLATED)
_0724_/B1                               2.507400    2.876798   -0.369398 (VIOLATED)
_0557_/C                                2.507400    2.876792   -0.369392 (VIOLATED)
_0556_/B1                               2.507400    2.876789   -0.369389 (VIOLATED)
_0442_/C                                2.507400    2.876786   -0.369386 (VIOLATED)
_0441_/B1                               2.507400    2.876781   -0.369381 (VIOLATED)
_0725_/C                                2.507400    2.876778   -0.369378 (VIOLATED)
_0448_/B1                               2.507400    2.876736   -0.369336 (VIOLATED)
_0426_/C                                2.507400    2.876719   -0.369319 (VIOLATED)
_0423_/B1                               2.507400    2.876718   -0.369318 (VIOLATED)
_0462_/B1                               2.507400    2.876685   -0.369285 (VIOLATED)
_0463_/C                                2.507400    2.876685   -0.369285 (VIOLATED)
_0738_/B1                               2.507400    2.876684   -0.369284 (VIOLATED)
_0676_/C                                2.507400    2.876684   -0.369283 (VIOLATED)
_0675_/B1                               2.507400    2.876682   -0.369282 (VIOLATED)
_0435_/C                                2.507400    2.876680   -0.369280 (VIOLATED)
_0434_/B1                               2.507400    2.876678   -0.369278 (VIOLATED)
_0420_/D                                2.507400    2.876673   -0.369273 (VIOLATED)
_0633_/B1                               2.507400    2.876673   -0.369273 (VIOLATED)
_0634_/C                                2.507400    2.876670   -0.369270 (VIOLATED)
_0577_/B1                               2.507400    2.876667   -0.369267 (VIOLATED)
_0476_/D                                2.507400    2.876649   -0.369248 (VIOLATED)
_0578_/C                                2.507400    2.876640   -0.369240 (VIOLATED)
_0449_/C                                2.507400    2.876611   -0.369211 (VIOLATED)
_0682_/B1                               2.507400    2.876593   -0.369193 (VIOLATED)
_0683_/C                                2.507400    2.876587   -0.369187 (VIOLATED)
_0563_/B1                               2.507400    2.876568   -0.369168 (VIOLATED)
_0564_/C                                2.507400    2.876569   -0.369168 (VIOLATED)
_0591_/B1                               2.507400    2.876569   -0.369168 (VIOLATED)
_0605_/B1                               2.507400    2.876567   -0.369167 (VIOLATED)
_0606_/C                                2.507400    2.876567   -0.369166 (VIOLATED)
_0696_/B1                               2.507400    2.876566   -0.369166 (VIOLATED)
_0571_/C                                2.507400    2.876564   -0.369164 (VIOLATED)
_0570_/B1                               2.507400    2.876562   -0.369162 (VIOLATED)
_0592_/C                                2.507400    2.876561   -0.369161 (VIOLATED)
_0718_/C                                2.507400    2.876559   -0.369159 (VIOLATED)
_0717_/B1                               2.507400    2.876547   -0.369147 (VIOLATED)
_0613_/C                                2.507400    2.876546   -0.369146 (VIOLATED)
_0662_/C                                2.507400    2.876540   -0.369140 (VIOLATED)
_0661_/B1                               2.507400    2.876535   -0.369135 (VIOLATED)
_0689_/B1                               2.507400    2.876532   -0.369132 (VIOLATED)
_0626_/B1                               2.507400    2.876532   -0.369132 (VIOLATED)
_0690_/C                                2.507400    2.876526   -0.369125 (VIOLATED)
_0612_/B1                               2.507400    2.876524   -0.369124 (VIOLATED)
_0703_/B1                               2.507400    2.876515   -0.369115 (VIOLATED)
_0627_/C                                2.507400    2.876514   -0.369114 (VIOLATED)
_0619_/B1                               2.507400    2.876510   -0.369110 (VIOLATED)
_0704_/C                                2.507400    2.876507   -0.369107 (VIOLATED)
_0648_/C                                2.507400    2.876503   -0.369103 (VIOLATED)
_0620_/C                                2.507400    2.876503   -0.369103 (VIOLATED)
_0584_/B1                               2.507400    2.876498   -0.369098 (VIOLATED)
_0417_/B                                2.507400    2.876490   -0.369090 (VIOLATED)
_0697_/C                                2.507400    2.876489   -0.369089 (VIOLATED)
_0647_/B1                               2.507400    2.876487   -0.369087 (VIOLATED)
_0585_/C                                2.507400    2.876486   -0.369085 (VIOLATED)
_0641_/C                                2.507400    2.876486   -0.369085 (VIOLATED)
_0640_/B1                               2.507400    2.876484   -0.369084 (VIOLATED)
_0668_/B1                               2.507400    2.876483   -0.369083 (VIOLATED)
_0669_/C                                2.507400    2.876482   -0.369082 (VIOLATED)
_0416_/Y                                2.507400    2.876478   -0.369078 (VIOLATED)
_0715_/C                                2.507400    2.853223   -0.345823 (VIOLATED)
_0659_/C                                2.507400    2.853223   -0.345822 (VIOLATED)
_0568_/C                                2.507400    2.853221   -0.345821 (VIOLATED)
_0694_/C                                2.507400    2.853218   -0.345818 (VIOLATED)
_0603_/C                                2.507400    2.853217   -0.345817 (VIOLATED)
_0708_/C                                2.507400    2.853216   -0.345816 (VIOLATED)
_0561_/C                                2.507400    2.853214   -0.345814 (VIOLATED)
_0729_/C                                2.507400    2.853208   -0.345808 (VIOLATED)
_0652_/C                                2.507400    2.853200   -0.345800 (VIOLATED)
_0453_/C                                2.507400    2.853197   -0.345797 (VIOLATED)
_0467_/C                                2.507400    2.853196   -0.345796 (VIOLATED)
_0743_/C                                2.507400    2.853197   -0.345797 (VIOLATED)
_0596_/C                                2.507400    2.853196   -0.345796 (VIOLATED)
_0750_/C                                2.507400    2.853192   -0.345792 (VIOLATED)
_0554_/C                                2.507400    2.853184   -0.345783 (VIOLATED)
_0722_/C                                2.507400    2.853179   -0.345779 (VIOLATED)
_0460_/C                                2.507400    2.853176   -0.345775 (VIOLATED)
_0736_/C                                2.507400    2.853170   -0.345770 (VIOLATED)
_0432_/C                                2.507400    2.853165   -0.345765 (VIOLATED)
_0439_/C                                2.507400    2.853165   -0.345765 (VIOLATED)
_0673_/C                                2.507400    2.853165   -0.345765 (VIOLATED)
_0446_/C                                2.507400    2.853161   -0.345761 (VIOLATED)
_0631_/C                                2.507400    2.853161   -0.345761 (VIOLATED)
_0610_/C                                2.507400    2.853161   -0.345761 (VIOLATED)
_0701_/C                                2.507400    2.853161   -0.345761 (VIOLATED)
_0582_/C                                2.507400    2.853159   -0.345759 (VIOLATED)
_0575_/C                                2.507400    2.853158   -0.345758 (VIOLATED)
_0638_/C                                2.507400    2.853158   -0.345758 (VIOLATED)
_0645_/C                                2.507400    2.853157   -0.345757 (VIOLATED)
_0421_/C                                2.507400    2.853157   -0.345757 (VIOLATED)
_0666_/C                                2.507400    2.853157   -0.345757 (VIOLATED)
_0617_/C                                2.507400    2.853157   -0.345756 (VIOLATED)
_0399_/Y                                2.507400    2.853153   -0.345753 (VIOLATED)
_0589_/C                                2.507400    2.853153   -0.345753 (VIOLATED)
_0624_/C                                2.507400    2.853153   -0.345753 (VIOLATED)
_0680_/C                                2.507400    2.853153   -0.345753 (VIOLATED)
_0687_/C                                2.507400    2.853153   -0.345753 (VIOLATED)
_0715_/B                                2.507400    2.813308   -0.305907 (VIOLATED)
_0659_/B                                2.507400    2.813307   -0.305907 (VIOLATED)
_0568_/B                                2.507400    2.813305   -0.305905 (VIOLATED)
_0694_/B                                2.507400    2.813303   -0.305903 (VIOLATED)
_0603_/B                                2.507400    2.813303   -0.305902 (VIOLATED)
_0708_/B                                2.507400    2.813302   -0.305901 (VIOLATED)
_0561_/B                                2.507400    2.813300   -0.305900 (VIOLATED)
_0729_/B                                2.507400    2.813295   -0.305895 (VIOLATED)
_0652_/B                                2.507400    2.813289   -0.305889 (VIOLATED)
_0453_/B                                2.507400    2.813287   -0.305887 (VIOLATED)
_0467_/B                                2.507400    2.813286   -0.305886 (VIOLATED)
_0743_/B                                2.507400    2.813286   -0.305886 (VIOLATED)
_0596_/B                                2.507400    2.813286   -0.305886 (VIOLATED)
_0750_/B                                2.507400    2.813283   -0.305883 (VIOLATED)
_0554_/B                                2.507400    2.813276   -0.305876 (VIOLATED)
_0610_/B                                2.507400    2.813276   -0.305875 (VIOLATED)
_0701_/B                                2.507400    2.813276   -0.305875 (VIOLATED)
_0582_/B                                2.507400    2.813273   -0.305873 (VIOLATED)
_0722_/B                                2.507400    2.813273   -0.305873 (VIOLATED)
_0638_/B                                2.507400    2.813272   -0.305872 (VIOLATED)
_0460_/B                                2.507400    2.813271   -0.305871 (VIOLATED)
_0645_/B                                2.507400    2.813270   -0.305870 (VIOLATED)
_0666_/B                                2.507400    2.813269   -0.305869 (VIOLATED)
_0617_/B                                2.507400    2.813269   -0.305869 (VIOLATED)
_0624_/B                                2.507400    2.813268   -0.305868 (VIOLATED)
_0687_/B                                2.507400    2.813267   -0.305867 (VIOLATED)
_0736_/B                                2.507400    2.813267   -0.305867 (VIOLATED)
_0589_/B                                2.507400    2.813266   -0.305866 (VIOLATED)
_0432_/B                                2.507400    2.813264   -0.305864 (VIOLATED)
_0439_/B                                2.507400    2.813264   -0.305864 (VIOLATED)
_0673_/B                                2.507400    2.813264   -0.305864 (VIOLATED)
_0680_/B                                2.507400    2.813265   -0.305864 (VIOLATED)
_0395_/Y                                2.507400    2.813260   -0.305860 (VIOLATED)
_0421_/B                                2.507400    2.813260   -0.305860 (VIOLATED)
_0446_/B                                2.507400    2.813260   -0.305860 (VIOLATED)
_0575_/B                                2.507400    2.813260   -0.305860 (VIOLATED)
_0631_/B                                2.507400    2.813260   -0.305860 (VIOLATED)

max fanout

Pin                                   Limit Fanout  Slack
---------------------------------------------------------
_0416_/Y                                  8     75    -67 (VIOLATED)
m_araddr[13]                              8     45    -37 (VIOLATED)
_0413_/X                                  8     43    -35 (VIOLATED)
_0407_/Y                                  8     39    -31 (VIOLATED)
_0404_/Y                                  8     38    -30 (VIOLATED)
_0419_/Y                                  8     38    -30 (VIOLATED)
_0418_/Y                                  8     37    -29 (VIOLATED)
_0395_/Y                                  8     36    -28 (VIOLATED)
_0399_/Y                                  8     36    -28 (VIOLATED)
_0402_/Y                                  8     36    -28 (VIOLATED)
_0417_/Y                                  8     36    -28 (VIOLATED)
_0425_/Y                                  8     36    -28 (VIOLATED)
m_awaddr[13]                              8     13     -5 (VIOLATED)
m_awaddr[12]                              8     12     -4 (VIOLATED)
m_araddr[12]                              8      9        (VIOLATED)
m_araddr[30]                              8      9        (VIOLATED)
m_awaddr[14]                              8      9        (VIOLATED)
m_awaddr[15]                              8      9        (VIOLATED)
_0482_/Y                                  8      9        (VIOLATED)
_0485_/Y                                  8      9        (VIOLATED)
_0501_/Y                                  8      9        (VIOLATED)

max capacitance

Pin                                        Limit         Cap       Slack
------------------------------------------------------------------------
_0416_/Y                                0.300000    0.354881   -0.054881 (VIOLATED)



===========================================================================
report_parasitic_annotation -report_unannotated
============================================================================
Found 2 unannotated drivers.
 clk_i
 rst_ni
Found 485 partially unannotated drivers.
 _0431_/Y
 _0438_/Y
 _0445_/Y
 _0452_/Y
 _0459_/Y
 _0466_/Y
 _0473_/Y
 _0474_/X
 _0475_/X
 _0476_/X
 _0477_/X
 _0478_/X
 _0479_/X
 _0480_/X
 _0481_/X
 _0493_/X
 _0496_/X
 _0498_/X
 _0513_/X
 _0514_/X
 _0515_/X
 _0516_/X
 _0517_/X
 _0518_/X
 _0519_/X
 _0520_/X
 _0521_/X
 _0529_/Y
 _0535_/Y
 _0541_/Y
 _0547_/Y
 _0553_/Y
 _0560_/Y
 _0567_/Y
 _0574_/Y
 _0581_/Y
 _0588_/Y
 _0595_/Y
 _0602_/Y
 _0609_/Y
 _0616_/Y
 _0623_/Y
 _0630_/Y
 _0637_/Y
 _0644_/Y
 _0651_/Y
 _0658_/Y
 _0665_/Y
 _0672_/Y
 _0679_/Y
 _0686_/Y
 _0693_/Y
 _0700_/Y
 _0707_/Y
 _0714_/Y
 _0721_/Y
 _0728_/Y
 _0735_/Y
 _0742_/Y
 _0749_/Y
 _0756_/Y
 _0757_/X
 _0758_/X
 _0759_/X
 _0760_/X
 _0761_/X
 _0762_/X
 _0763_/X
 _0764_/X
 _0765_/X
 _0766_/X
 _0767_/X
 _0768_/X
 _0769_/X
 _0770_/X
 _0771_/X
 _0772_/X
 _0773_/X
 _0774_/X
 _0775_/X
 _0776_/X
 _0777_/X
 _0778_/X
 _0779_/X
 _0780_/X
 _0781_/X
 _0782_/X
 _0783_/X
 _0784_/X
 _0785_/X
 _0786_/X
 _0787_/X
 _0788_/X
 _0789_/X
 _0790_/X
 _0791_/X
 _0792_/X
 _0793_/X
 _0794_/X
 _0795_/X
 _0796_/X
 _0797_/X
 _0798_/X
 _0799_/X
 _0800_/X
 _0801_/X
 _0802_/X
 _0803_/X
 _0804_/X
 _0805_/X
 _0806_/X
 _0807_/X
 _0808_/X
 _0809_/X
 _0810_/X
 _0811_/X
 _0812_/X
 _0813_/X
 _0814_/X
 _0815_/X
 _0816_/X
 _0817_/X
 _0818_/X
 _0819_/X
 _0820_/X
 _0821_/X
 _0822_/X
 _0823_/X
 _0824_/X
 _0825_/X
 _0826_/X
 _0827_/X
 _0828_/X
 _0829_/X
 _0830_/X
 _0831_/X
 _0832_/X
 _0833_/X
 _0834_/X
 _0835_/X
 _0836_/X
 _0837_/X
 _0838_/X
 _0839_/X
 _0840_/X
 _0841_/X
 _0842_/X
 _0843_/X
 _0844_/X
 _0845_/X
 _0846_/X
 _0847_/X
 _0848_/X
 _0849_/X
 _0850_/X
 _0851_/X
 _0852_/X
 _0853_/X
 _0854_/X
 _0855_/X
 _0856_/X
 _0857_/X
 _0858_/X
 _0859_/X
 _0860_/X
 _0861_/X
 _0862_/X
 _0863_/X
 _0864_/X
 _0865_/X
 _0866_/X
 _0867_/X
 _0868_/X
 _0869_/X
 _0870_/X
 _0871_/X
 _0872_/X
 _0873_/X
 _0874_/X
 _0875_/X
 _0876_/X
 _0877_/X
 _0878_/X
 _0879_/X
 _0880_/X
 _0881_/X
 _0882_/X
 _0883_/X
 _0884_/X
 _0885_/X
 _0886_/X
 _0887_/X
 _0888_/X
 _0889_/X
 _0890_/X
 _0891_/X
 _0892_/X
 _0893_/X
 _0894_/X
 _0895_/X
 _0896_/X
 _0897_/X
 _0898_/X
 _0899_/X
 _0900_/X
 _0901_/X
 _0902_/X
 _0903_/X
 _0904_/X
 _0905_/X
 _0906_/X
 _0907_/X
 _0908_/X
 _0909_/X
 _0910_/X
 _0911_/X
 _0912_/X
 _0913_/X
 _0914_/X
 _0915_/X
 _0916_/X
 _0917_/X
 _0918_/X
 _0919_/X
 _0920_/X
 _0921_/X
 _0922_/X
 _0923_/X
 _0924_/X
 _0925_/X
 _0926_/X
 _0927_/X
 _0928_/X
 _0929_/X
 _0930_/X
 _0931_/X
 _0932_/X
 _0933_/X
 _0934_/X
 _0935_/X
 _0936_/X
 _0937_/X
 _0938_/X
 _0939_/X
 _0940_/X
 _0941_/X
 _0942_/X
 _0943_/X
 _0944_/X
 _0945_/X
 _0946_/X
 _0947_/X
 _0948_/X
 _0949_/X
 _0950_/X
 _0951_/X
 _0952_/X
 _0953_/X
 _0954_/X
 _0955_/X
 _0956_/X
 _0957_/X
 _0958_/X
 _0959_/X
 _0960_/X
 _0961_/X
 _0962_/X
 _0963_/X
 _0964_/X
 _0965_/X
 _0966_/X
 _0967_/X
 _0968_/X
 _0969_/X
 _0970_/X
 _0971_/X
 _0972_/X
 _0973_/X
 _0974_/X
 _0975_/X
 _0976_/X
 _0977_/X
 _0978_/X
 _0979_/X
 _0980_/X
 _0981_/X
 _0982_/X
 _0983_/X
 _0984_/X
 _0985_/X
 _0986_/X
 _0987_/X
 _0988_/X
 _0989_/X
 _0990_/X
 _0991_/X
 _0992_/X
 _0993_/X
 _0994_/X
 _0995_/X
 _0996_/X
 _0997_/X
 _0998_/X
 _0999_/X
 _1000_/X
 _1001_/X
 _1002_/X
 _1003_/X
 _1004_/X
 _1005_/X
 _1006_/X
 _1007_/X
 _1008_/X
 _1009_/X
 _1010_/X
 _1011_/X
 _1012_/X
 _1013_/X
 _1014_/X
 _1015_/X
 _1016_/X
 _1017_/X
 _1018_/X
 _1019_/X
 _1020_/X
 _1021_/X
 _1022_/X
 _1023_/X
 _1024_/X
 _1025_/X
 _1026_/X
 _1027_/X
 _1028_/X
 _1029_/X
 _1030_/X
 _1031_/X
 _1032_/X
 _1033_/X
 _1034_/X
 _1035_/X
 _1036_/X
 _1037_/X
 _1038_/X
 _1039_/X
 _1040_/X
 _1041_/X
 _1042_/X
 _1043_/X
 _1044_/X
 _1045_/X
 _1046_/X
 _1047_/X
 _1048_/X
 _1049_/X
 _1050_/X
 _1051_/X
 _1052_/X
 _1053_/X
 _1054_/X
 _1055_/X
 _1056_/X
 _1057_/X
 _1058_/X
 _1059_/X
 _1060_/X
 _1061_/X
 _1062_/X
 _1063_/X
 _1064_/X
 _1065_/X
 _1066_/X
 _1067_/X
 _1068_/X
 _1069_/X
 _1070_/X
 _1071_/X
 _1072_/X
 _1073_/X
 _1074_/X
 _1075_/X
 _1076_/X
 _1077_/X
 _1078_/X
 _1079_/X
 _1080_/X
 _1081_/X
 _1082_/X
 _1083_/X
 _1084_/X
 _1085_/X
 _1086_/X
 _1087_/X
 _1088_/X
 _1089_/X
 _1090_/X
 _1091_/X
 _1092_/X
 _1093_/X
 _1094_/X
 _1095_/X
 _1096_/X
 _1097_/X
 _1098_/X
 _1099_/X
 _1100_/X
 _1101_/X
 _1102_/X
 _1103_/X
 _1104_/X
 _1105_/X
 _1106_/X
 _1107_/X
 _1108_/X
 _1109_/X
 _1110_/X
 _1111_/X
 _1112_/X
 _1113_/X
 _1114_/X
 _1115_/X
 _1116_/X
 _1117_/X
 _1118_/X
 _1119_/X
 _1120_/X
 _1121_/X
 _1122_/X
 _1123_/X
 _1124_/X
 _1125_/X
 _1126_/X
 _1127_/X
 _1128_/X
 _1129_/X
 _1130_/X
 _1131_/X
 _1132_/X
 _1133_/X
 _1134_/X
 _1135_/X
 _1136_/X
 _1137_/X
 _1138_/X
 _1139_/X
 _1140_/X
 _1141_/X
 _1142_/X
 _1143_/X
 _1144_/X
 _1145_/X
 _1146_/X
 _1147_/X
 _1148_/X
 _1149_/X
 _1150_/X
 _1151_/X
 _1152_/X
 _1153_/X
 _1154_/X
 _1155_/X
 _1156_/X
 _1157_/X
 _1158_/X
 _1159_/X
 _1160_/X
 _1161_/X
 _1162_/X
 _1163_/X
 _1164_/X
 _1165_/X
 _1166_/X
 _1167_/X
 _1168_/X
 _1169_/X
 _1170_/X
 _1171_/X
 _1172_/X
 _1173_/X
 _1174_/X
 _1175_/X
 _1176_/X
 _1177_/X
 _1178_/X
 _1179_/X
 _1180_/X

===========================================================================
max slew violation count 150
Writing metric design__max_slew_violation__count__corner:nom_typ_1p20V_25C: 150
max fanout violation count 21
Writing metric design__max_fanout_violation__count__corner:nom_typ_1p20V_25C: 21
max cap violation count 1
Writing metric design__max_cap_violation__count__corner:nom_typ_1p20V_25C: 1
============================================================================

===========================================================================
check_setup -verbose -unconstrained_endpoints -multiple_clock -no_clock -no_input_delay -loops -generated_clocks
===========================================================================
