Clock: clk_i
Sources: clk_i 
Generated: no
Virtual: yes
Propagated: no
Period: 10.000000

===========================================================================
report_clock_properties
============================================================================
Clock                   Period          Waveform
----------------------------------------------------
clk_i                10.000000    0.000000  5.000000

===========================================================================
report_clock_latency
============================================================================
Clock clk_i
rise -> rise
    min     max
0.000000 0.000000 source latency
0.123140         network latency _1060_/CLK
        0.141134 network latency _1031_/CLK
---------------
0.123140 0.141134 latency
        0.017993 skew

fall -> fall
    min     max
0.000000 0.000000 source latency
0.125580         network latency _1060_/CLK
        0.143292 network latency _1031_/CLK
---------------
0.125580 0.143292 latency
        0.017713 skew



===========================================================================
report_clock_min_period
============================================================================
clk_i period_min = 1.29 fmax = 777.41
