Reading timing models for corner nom_typ_1p20V_25C…
Reading timing library for the 'nom_typ_1p20V_25C' corner at '/home/jaikrishn/IHP-Open-PDK/ihp-sg13g2/libs.ref/sg13g2_stdcell/lib/sg13g2_stdcell_typ_1p20V_25C.lib'…
Reading timing library for the 'nom_typ_1p20V_25C' corner at '/home/jaikrishn/IHP-Open-PDK/ihp-sg13g2/libs.ref/sg13g2_io/lib/sg13g2_io_typ_1p2V_3p3V_25C.lib'…
Reading OpenROAD database at '/home/jaikrishn/Documents/hardware/picorv32_axi4lite_port/phyisical_design/macros/interconnect/runs/run_1/25-openroad-ioplacement/interconnect_macro.odb'…
Reading design constraints file at '/home/jaikrishn/Documents/hardware/picorv32_axi4lite_port/phyisical_design/macros/interconnect/constraint.sdc'…
[INFO] No information on clock propagation in input SDC file-- propagating all clocks.
[INFO] Setting signal min routing layer to: Metal2 and clock min routing layer to Metal2. 
[INFO] Setting signal max routing layer to: TopMetal2 and clock max routing layer to TopMetal2. 
+ global_placement -density 0.4 -routability_driven -pad_right 0 -pad_left 0 -init_wirelength_coef 0.25
[INFO GPL-0001] ---- Initialize GPL Main Data Structures
[INFO GPL-0002] DBU: 1000
[INFO GPL-0003] SiteSize: (  0.480  3.780 ) um
[INFO GPL-0004] CoreBBox: (  5.760 15.120 ) ( 170.880 177.660 ) um
[INFO GPL-0036] Movable instances area:       6843.917 um^2
[INFO GPL-0037] Total instances area:         6843.917 um^2
[INFO GPL-0035] Pin density area adjust:       717.286 um^2
[INFO GPL-0032] ---- Initialize Region: Top-level
[INFO GPL-0006] Number of instances:               833
[INFO GPL-0007] Movable instances:                 833
[INFO GPL-0008] Fixed instances:                     0
[INFO GPL-0009] Dummy instances:                     0
[INFO GPL-0010] Number of nets:                   1110
[INFO GPL-0011] Number of pins:                   3228
[INFO GPL-0012] Die BBox:  (  0.000  0.000 ) ( 176.975 195.695 ) um
[INFO GPL-0013] Core BBox: (  5.760 15.120 ) ( 170.880 177.660 ) um
[INFO GPL-0016] Core area:                   26838.605 um^2
[INFO GPL-0014] Region name: top-level.
[INFO GPL-0015] Region area:                 26838.605 um^2
[INFO GPL-0017] Fixed instances area:            0.000 um^2
[INFO GPL-0018] Movable instances area:       7561.203 um^2
[INFO GPL-0019] Utilization:                    28.173 %
[INFO GPL-0020] Standard cells area:          7561.203 um^2
[INFO GPL-0021] Large instances area:            0.000 um^2
[INFO GPL-0005] ---- Execute Conjugate Gradient Initial Placement.
[INFO GPL-0051] Source of initial instance position counters:
	Odb location = 833	Core center = 0	Region center = 0
[InitialPlace]  Iter: 1 conjugate gradient residual: 0.00000016 HPWL: 49497217
[InitialPlace]  Iter: 2 conjugate gradient residual: 0.00000011 HPWL: 30885128
[InitialPlace]  Iter: 3 conjugate gradient residual: 0.00000012 HPWL: 27811941
[InitialPlace]  Iter: 4 conjugate gradient residual: 0.00000008 HPWL: 26274996
[InitialPlace]  Iter: 5 conjugate gradient residual: 0.00000009 HPWL: 25612858
[INFO GPL-0033] ---- Initialize Nesterov Region: Top-level
[INFO GPL-0023] Placement target density:       0.4000
[INFO GPL-0024] Movable insts average area:      9.077 um^2
[INFO GPL-0025] Ideal bin area:                 22.693 um^2
[INFO GPL-0026] Ideal bin count:                  1182
[INFO GPL-0027] Total bin area:              26838.605 um^2
[INFO GPL-0028] Bin count (X, Y):          32 ,     32
[INFO GPL-0029] Bin size (W * H):       5.160 *  5.079 um
[INFO GPL-0030] Number of bins:                   1024
[INFO GPL-0007] ---- Execute Nesterov Global Placement.
[INFO GPL-0031] HPWL: Half-Perimeter Wirelength
Iteration | Overflow |     HPWL (um) |  HPWL(%) |   Penalty | Group
---------------------------------------------------------------
        0 |   0.6339 |  2.423419e+04 |   +0.00% |  6.17e-13 |      
       10 |   0.6078 |  2.455620e+04 |   +1.33% |  1.00e-12 |      
       20 |   0.6064 |  2.451769e+04 |   -0.16% |  1.64e-12 |      
       30 |   0.6068 |  2.452262e+04 |   +0.02% |  2.67e-12 |      
       40 |   0.6067 |  2.452090e+04 |   -0.01% |  4.34e-12 |      
       50 |   0.6066 |  2.452227e+04 |   +0.01% |  7.07e-12 |      
       60 |   0.6066 |  2.452277e+04 |   +0.00% |  1.15e-11 |      
       70 |   0.6065 |  2.452416e+04 |   +0.01% |  1.88e-11 |      
       80 |   0.6064 |  2.452695e+04 |   +0.01% |  3.06e-11 |      
       90 |   0.6061 |  2.453947e+04 |   +0.05% |  4.98e-11 |      
      100 |   0.6055 |  2.455825e+04 |   +0.08% |  8.11e-11 |      
      110 |   0.6047 |  2.457974e+04 |   +0.09% |  1.32e-10 |      
      120 |   0.6037 |  2.458712e+04 |   +0.03% |  2.15e-10 |      
      130 |   0.6021 |  2.456960e+04 |   -0.07% |  3.51e-10 |      
[INFO GPL-0038] Routability snapshot saved at iter = 139
      138 |   0.5997 |  2.460521e+04 |          |           |      
      140 |   0.5989 |  2.461589e+04 |   +0.19% |  5.71e-10 |      
      150 |   0.5934 |  2.462175e+04 |   +0.02% |  9.30e-10 |      
      160 |   0.5849 |  2.469943e+04 |   +0.32% |  1.52e-09 |      
      170 |   0.5735 |  2.478919e+04 |   +0.36% |  2.47e-09 |      
      180 |   0.5532 |  2.492668e+04 |   +0.55% |  4.02e-09 |      
      190 |   0.5287 |  2.515771e+04 |   +0.93% |  6.55e-09 |      
      200 |   0.4922 |  2.541374e+04 |   +1.02% |  1.07e-08 |      
      210 |   0.4449 |  2.573051e+04 |   +1.25% |  1.74e-08 |      
      220 |   0.3755 |  2.605537e+04 |   +1.26% |  2.83e-08 |      
      230 |   0.3151 |  2.648607e+04 |   +1.65% |  4.38e-08 |      
[INFO GPL-0040] Routability iteration: 1
[INFO GPL-0041] Total routing overflow: 0.0000
[INFO GPL-0042] Number of overflowed tiles: 0 (0.00%)
[INFO GPL-0043] Average top 0.5% routing congestion: 0.7603
[INFO GPL-0044] Average top 1.0% routing congestion: 0.7363
[INFO GPL-0045] Average top 2.0% routing congestion: 0.7138
[INFO GPL-0046] Average top 5.0% routing congestion: 0.6748
[INFO GPL-0047] Routability iteration weighted routing congestion: 0.7483
[INFO GPL-0050] Weighted routing congestion is lower than target routing congestion(1.0100), end routability optimization.
[INFO GPL-0090] Routability finished. Target routing congestion achieved succesfully.
Iteration | Overflow |     HPWL (um) |  HPWL(%) |   Penalty | Group
---------------------------------------------------------------
      240 |   0.2867 |  2.681426e+04 |   +1.24% |  6.46e-08 |      
      250 |   0.2672 |  2.717889e+04 |   +1.36% |  9.51e-08 |      
      260 |   0.2480 |  2.760333e+04 |   +1.56% |  1.40e-07 |      
      270 |   0.2143 |  2.815847e+04 |   +2.01% |  2.06e-07 |      
      280 |   0.1821 |  2.862791e+04 |   +1.67% |  3.04e-07 |      
      290 |   0.1524 |  2.906123e+04 |   +1.51% |  4.48e-07 |      
      300 |   0.1228 |  2.942489e+04 |   +1.25% |  6.60e-07 |      
      309 |   0.0993 |  2.966265e+04 |          |  9.72e-07 |      
---------------------------------------------------------------
[INFO GPL-1001] Global placement finished at iteration 309
[INFO GPL-1003] Routability mode iteration count: 96
[INFO GPL-1005] Routability final weighted congestion: 0.7385
[INFO GPL-1002] Placed Cell Area             7561.2029
[INFO GPL-1003] Available Free Area         26838.6048
[INFO GPL-1004] Minimum Feasible Density        0.2900 (cell_area / free_area)
[INFO GPL-1006]   Suggested Target Densities:
[INFO GPL-1007]     - For 90% usage of free space: 0.3130
[INFO GPL-1008]     - For 80% usage of free space: 0.3522
[INFO GPL-1009]     - For 50% usage of free space: 0.5635
[INFO GPL-1011] Original area (um^2): 7561.20
[INFO GPL-1012] Total routability artificial inflation: 0.00 (+0.00%)
[INFO GPL-1014] Final placement area: 7561.20 (+0.00%)
Setting global connections for newly added cells…
[INFO] Setting global connections...
[INFO ODB-0403] 0 connections made, 0 conflicts skipped.
Updating metrics…
Cell type report:                       Count       Area
  Buffer                                  424    3077.22
  Inverter                                 45     244.94
  Multi-Input combinational cell          364    3521.75
  Total                                   833    6843.92
Writing OpenROAD database to '/home/jaikrishn/Documents/hardware/picorv32_axi4lite_port/phyisical_design/macros/interconnect/runs/run_1/28-openroad-globalplacement/interconnect_macro.odb'…
Writing netlist to '/home/jaikrishn/Documents/hardware/picorv32_axi4lite_port/phyisical_design/macros/interconnect/runs/run_1/28-openroad-globalplacement/interconnect_macro.nl.v'…
Writing powered netlist to '/home/jaikrishn/Documents/hardware/picorv32_axi4lite_port/phyisical_design/macros/interconnect/runs/run_1/28-openroad-globalplacement/interconnect_macro.pnl.v'…
Writing layout to '/home/jaikrishn/Documents/hardware/picorv32_axi4lite_port/phyisical_design/macros/interconnect/runs/run_1/28-openroad-globalplacement/interconnect_macro.def'…
Writing timing constraints to '/home/jaikrishn/Documents/hardware/picorv32_axi4lite_port/phyisical_design/macros/interconnect/runs/run_1/28-openroad-globalplacement/interconnect_macro.sdc'…
