
===========================================================================
 report_power
============================================================================
======================= nom_typ_1p20V_25C Corner ===================================

Group                    Internal    Switching      Leakage        Total
                            Power        Power        Power        Power (Watts)
------------------------------------------------------------------------
Sequential           0.000000e+00 0.000000e+00 0.000000e+00 0.000000e+00   0.0%
Combinational        6.219175e-06 1.117700e-05 3.373185e-08 1.742991e-05   6.5%
Clock                5.032421e-05 1.395182e-04 6.154665e-05 2.513890e-04  93.5%
Macro                0.000000e+00 0.000000e+00 0.000000e+00 0.000000e+00   0.0%
Pad                  0.000000e+00 0.000000e+00 0.000000e+00 0.000000e+00   0.0%
------------------------------------------------------------------------
Total                5.654339e-05 1.506952e-04 6.158074e-05 2.688193e-04 100.0%
                            21.0%        56.1%        22.9%

