Clock: clk_i
Sources: clk_i 
Generated: no
Virtual: yes
Propagated: no
Period: 10.000000

===========================================================================
report_clock_properties
============================================================================
Clock                   Period          Waveform
----------------------------------------------------
clk_i                10.000000    0.000000  5.000000

===========================================================================
report_clock_latency
============================================================================
Clock clk_i
rise -> rise
    min     max
0.000000 0.000000 source latency
0.381359         network latency _1346_/CLK
        0.412569 network latency _1261_/CLK
---------------
0.381359 0.412569 latency
        0.031210 skew

fall -> fall
    min     max
0.000000 0.000000 source latency
0.391716         network latency _1346_/CLK
        0.419618 network latency _1261_/CLK
---------------
0.391716 0.419618 latency
        0.027903 skew



===========================================================================
report_clock_min_period
============================================================================
clk_i period_min = 3.66 fmax = 273.13
