Reading timing models for corner nom_typ_1p20V_25C…
Reading timing library for the 'nom_typ_1p20V_25C' corner at '/home/jaikrishn/IHP-Open-PDK/ihp-sg13g2/libs.ref/sg13g2_stdcell/lib/sg13g2_stdcell_typ_1p20V_25C.lib'…
Reading timing library for the 'nom_typ_1p20V_25C' corner at '/home/jaikrishn/IHP-Open-PDK/ihp-sg13g2/libs.ref/sg13g2_io/lib/sg13g2_io_typ_1p2V_3p3V_25C.lib'…
Reading OpenROAD database at '/home/jaikrishn/Documents/hardware/picorv32_axi4lite_port/phyisical_design/macros/picorv32/runs/run_5/39-openroad-globalrouting/picorv32_macro.odb'…
Reading design constraints file at '/home/jaikrishn/Documents/hardware/picorv32_axi4lite_port/phyisical_design/macros/picorv32/constraint.sdc'…
[INFO] No information on clock propagation in input SDC file-- propagating all clocks.
+ repair_antennas sg13g2_antennanp -iterations 3 -ratio_margin 10
[INFO GRT-0012] Found 31 antenna violations.
[INFO GRT-0302] Inserted 44 jumpers for 31 nets.
[INFO GRT-0012] Found 1 antenna violations.
[INFO GRT-0015] Inserted 1 diodes.
[INFO GRT-0012] Found 9 antenna violations.
[INFO GRT-0302] Inserted 11 jumpers for 9 nets.
[INFO GRT-0012] Found 1 antenna violations.
[INFO GRT-0015] Inserted 1 diodes.
[INFO GRT-0012] Found 1 antenna violations.
[INFO GRT-0302] Inserted 1 jumpers for 1 nets.
[INFO GRT-0012] Found 0 antenna violations.
Setting global connections for newly added cells…
[INFO] Setting global connections...
[INFO ODB-0403] 4 connections made, 0 conflicts skipped.
Updating metrics…
Cell type report:                       Count       Area
  Antenna cell                              2      10.89
  Buffer                                   63     457.23
  Clock buffer                            186    5105.72
  Timing Repair Buffer                   1569   12869.54
  Inverter                                 71     386.47
  Clock inverter                           64     430.01
  Sequential cell                        1594   78088.15
  Multi-Input combinational cell         7545   97621.98
  Total                                 11094  194969.98
Writing OpenROAD database to '/home/jaikrishn/Documents/hardware/picorv32_axi4lite_port/phyisical_design/macros/picorv32/runs/run_5/42-openroad-repairantennas/1-openroad-diodeinsertion/picorv32_macro.odb'…
Writing layout to '/home/jaikrishn/Documents/hardware/picorv32_axi4lite_port/phyisical_design/macros/picorv32/runs/run_5/42-openroad-repairantennas/1-openroad-diodeinsertion/picorv32_macro.def'…
