2026-09-17 22:31:39 +0530: Memory Usage (422740K) : Starting running IHP-SG13G2 KLayout DRC runset on /home/jaikrishn/Documents/hardware/picorv32_axi4lite_port/phyisical_design/macros/peripherals/runs/run_5/58-klayout-streamout/peripherals_macro.gds
2026-09-17 22:31:39 +0530: Memory Usage (422740K) : Ruby Version for klayout: 3.3.10
2026-09-17 22:31:39 +0530: Memory Usage (424208K) : Loading database to memory is complete.
2026-09-17 22:31:39 +0530: Memory Usage (424208K) : IHP-SG13G2 KLayout DRC runset output at: /home/jaikrishn/Documents/hardware/picorv32_axi4lite_port/phyisical_design/macros/peripherals/runs/run_5/65-klayout-drc/reports/drc.klayout.lyrdb
2026-09-17 22:31:39 +0530: Memory Usage (424208K) : Evaluate switches.
2026-09-17 22:31:39 +0530: Memory Usage (424208K) : tables selected: main
2026-09-17 22:31:39 +0530: Memory Usage (424208K) : KLayout will use 12 thread(s) in tiling mode.
2026-09-17 22:31:39 +0530: Memory Usage (424208K) : deep mode is enabled.
2026-09-17 22:31:39 +0530: Memory Usage (424208K) : FEOL enabled: true
2026-09-17 22:31:39 +0530: Memory Usage (424208K) : BEOL enabled: true
2026-09-17 22:31:39 +0530: Memory Usage (424208K) : OFFGRID enabled: true
2026-09-17 22:31:39 +0530: Memory Usage (424208K) : ANGLE enabled: true
2026-09-17 22:31:39 +0530: Memory Usage (424208K) : PIN enabled: true
2026-09-17 22:31:39 +0530: Memory Usage (424208K) : FORBIDDEN enabled: true
2026-09-17 22:31:39 +0530: Memory Usage (424208K) : RECOMMENDED enabled: false
2026-09-17 22:31:39 +0530: Memory Usage (424208K) : PreCheck DRC enabled: false
2026-09-17 22:31:39 +0530: Memory Usage (424208K) : CONNECTIVITY_RULES enabled: true.
2026-09-17 22:31:39 +0530: Memory Usage (424208K) : Read in polygons from layers.
2026-09-17 22:31:39 +0530: Memory Usage (425404K) : activ_drw has 10963 polygons
2026-09-17 22:31:39 +0530: Memory Usage (425404K) : activ_pin has 0 polygons
2026-09-17 22:31:39 +0530: Memory Usage (425404K) : activ_mask has 0 polygons
2026-09-17 22:31:39 +0530: Memory Usage (425404K) : activ_filler has 0 polygons
2026-09-17 22:31:39 +0530: Memory Usage (425404K) : activ_nofill has 0 polygons
2026-09-17 22:31:39 +0530: Memory Usage (425404K) : activ_opc has 0 polygons
2026-09-17 22:31:39 +0530: Memory Usage (425404K) : activ_iopc has 0 polygons
2026-09-17 22:31:39 +0530: Memory Usage (425404K) : activ_noqrc has 0 polygons
2026-09-17 22:31:39 +0530: Memory Usage (425404K) : biwind_drw has 0 polygons
2026-09-17 22:31:39 +0530: Memory Usage (425404K) : biwind_opc has 0 polygons
2026-09-17 22:31:39 +0530: Memory Usage (425660K) : pemwind_drw has 0 polygons
2026-09-17 22:31:39 +0530: Memory Usage (425660K) : gatpoly_drw has 9505 polygons
2026-09-17 22:31:39 +0530: Memory Usage (425660K) : gatpoly_pin has 0 polygons
2026-09-17 22:31:39 +0530: Memory Usage (425660K) : gatpoly_filler has 0 polygons
2026-09-17 22:31:39 +0530: Memory Usage (425660K) : gatpoly_nofill has 0 polygons
2026-09-17 22:31:39 +0530: Memory Usage (425660K) : gatpoly_opc has 0 polygons
2026-09-17 22:31:39 +0530: Memory Usage (425788K) : gatpoly_iopc has 0 polygons
2026-09-17 22:31:39 +0530: Memory Usage (425788K) : gatpoly_noqrc has 0 polygons
2026-09-17 22:31:39 +0530: Memory Usage (425788K) : cont_drw has 74372 polygons
2026-09-17 22:31:39 +0530: Memory Usage (425916K) : cont_opc has 0 polygons
2026-09-17 22:31:39 +0530: Memory Usage (426044K) : nsd_drw has 0 polygons
2026-09-17 22:31:39 +0530: Memory Usage (426044K) : nsd_block has 0 polygons
2026-09-17 22:31:39 +0530: Memory Usage (426176K) : metal1_drw has 18390 polygons
2026-09-17 22:31:39 +0530: Memory Usage (426176K) : metal1_pin has 8417 polygons
2026-09-17 22:31:39 +0530: Memory Usage (426176K) : metal1_mask has 0 polygons
2026-09-17 22:31:39 +0530: Memory Usage (426176K) : metal1_filler has 0 polygons
2026-09-17 22:31:39 +0530: Memory Usage (426304K) : metal1_nofill has 0 polygons
2026-09-17 22:31:39 +0530: Memory Usage (426304K) : metal1_slit has 0 polygons
2026-09-17 22:31:39 +0530: Memory Usage (426616K) : metal1_text has 8142 polygons
2026-09-17 22:31:39 +0530: Memory Usage (426616K) : metal1_opc has 0 polygons
2026-09-17 22:31:39 +0530: Memory Usage (426616K) : metal1_noqrc has 0 polygons
2026-09-17 22:31:39 +0530: Memory Usage (426744K) : metal1_res has 0 polygons
2026-09-17 22:31:39 +0530: Memory Usage (426744K) : metal1_iprobe has 0 polygons
2026-09-17 22:31:39 +0530: Memory Usage (426872K) : metal1_diffprb has 0 polygons
2026-09-17 22:31:39 +0530: Memory Usage (426872K) : passiv_drw has 0 polygons
2026-09-17 22:31:39 +0530: Memory Usage (427000K) : passiv_pin has 0 polygons
2026-09-17 22:31:39 +0530: Memory Usage (427000K) : passiv_sbump has 0 polygons
2026-09-17 22:31:39 +0530: Memory Usage (427128K) : passiv_pillar has 0 polygons
2026-09-17 22:31:39 +0530: Memory Usage (427128K) : passiv_pdl has 0 polygons
2026-09-17 22:31:39 +0530: Memory Usage (427128K) : metal2_drw has 11988 polygons
2026-09-17 22:31:39 +0530: Memory Usage (427128K) : metal2_pin has 172 polygons
2026-09-17 22:31:39 +0530: Memory Usage (427128K) : metal2_mask has 0 polygons
2026-09-17 22:31:39 +0530: Memory Usage (427128K) : metal2_filler has 0 polygons
2026-09-17 22:31:39 +0530: Memory Usage (427128K) : metal2_nofill has 0 polygons
2026-09-17 22:31:39 +0530: Memory Usage (427128K) : metal2_slit has 0 polygons
2026-09-17 22:31:39 +0530: Memory Usage (427256K) : metal2_text has 172 polygons
2026-09-17 22:31:39 +0530: Memory Usage (427256K) : metal2_opc has 0 polygons
2026-09-17 22:31:39 +0530: Memory Usage (427384K) : metal2_noqrc has 0 polygons
2026-09-17 22:31:39 +0530: Memory Usage (427384K) : metal2_res has 0 polygons
2026-09-17 22:31:39 +0530: Memory Usage (427384K) : metal2_iprobe has 0 polygons
2026-09-17 22:31:39 +0530: Memory Usage (427512K) : metal2_diffprb has 0 polygons
2026-09-17 22:31:39 +0530: Memory Usage (427512K) : baspoly_drw has 0 polygons
2026-09-17 22:31:39 +0530: Memory Usage (427640K) : baspoly_pin has 0 polygons
2026-09-17 22:31:39 +0530: Memory Usage (427640K) : psd_drw has 5081 polygons
2026-09-17 22:31:39 +0530: Memory Usage (427768K) : nldb_drw has 0 polygons
2026-09-17 22:31:39 +0530: Memory Usage (427768K) : digibnd_drw has 0 polygons
2026-09-17 22:31:39 +0530: Memory Usage (427896K) : via1_drw has 3646 polygons
2026-09-17 22:31:39 +0530: Memory Usage (427896K) : backmetal1_drw has 0 polygons
2026-09-17 22:31:39 +0530: Memory Usage (428024K) : backmetal1_pin has 0 polygons
2026-09-17 22:31:39 +0530: Memory Usage (428024K) : backmetal1_mask has 0 polygons
2026-09-17 22:31:39 +0530: Memory Usage (428024K) : backmetal1_filler has 0 polygons
2026-09-17 22:31:39 +0530: Memory Usage (428152K) : backmetal1_nofill has 0 polygons
2026-09-17 22:31:39 +0530: Memory Usage (428152K) : backmetal1_slit has 0 polygons
2026-09-17 22:31:39 +0530: Memory Usage (428280K) : backmetal1_text has 0 polygons
2026-09-17 22:31:39 +0530: Memory Usage (428280K) : backmetal1_opc has 0 polygons
2026-09-17 22:31:39 +0530: Memory Usage (428408K) : backmetal1_noqrc has 0 polygons
2026-09-17 22:31:39 +0530: Memory Usage (428408K) : backmetal1_res has 0 polygons
2026-09-17 22:31:39 +0530: Memory Usage (428536K) : backmetal1_iprobe has 0 polygons
2026-09-17 22:31:39 +0530: Memory Usage (428536K) : backmetal1_diffprb has 0 polygons
2026-09-17 22:31:39 +0530: Memory Usage (428664K) : backpassiv_drw has 0 polygons
2026-09-17 22:31:39 +0530: Memory Usage (428664K) : res_drw has 0 polygons
2026-09-17 22:31:39 +0530: Memory Usage (428664K) : sram_drw has 0 polygons
2026-09-17 22:31:39 +0530: Memory Usage (428792K) : trans_drw has 0 polygons
2026-09-17 22:31:39 +0530: Memory Usage (428792K) : ind_drw has 0 polygons
2026-09-17 22:31:39 +0530: Memory Usage (428920K) : ind_pin has 0 polygons
2026-09-17 22:31:39 +0530: Memory Usage (428920K) : ind_text has 0 polygons
2026-09-17 22:31:39 +0530: Memory Usage (428920K) : salblock_drw has 0 polygons
2026-09-17 22:31:39 +0530: Memory Usage (429048K) : via2_drw has 3620 polygons
2026-09-17 22:31:39 +0530: Memory Usage (429176K) : metal3_drw has 5973 polygons
2026-09-17 22:31:39 +0530: Memory Usage (429176K) : metal3_pin has 72 polygons
2026-09-17 22:31:39 +0530: Memory Usage (429176K) : metal3_mask has 0 polygons
2026-09-17 22:31:39 +0530: Memory Usage (429304K) : metal3_filler has 0 polygons
2026-09-17 22:31:39 +0530: Memory Usage (429304K) : metal3_nofill has 0 polygons
2026-09-17 22:31:39 +0530: Memory Usage (429432K) : metal3_slit has 0 polygons
2026-09-17 22:31:39 +0530: Memory Usage (429432K) : metal3_text has 72 polygons
2026-09-17 22:31:39 +0530: Memory Usage (429560K) : metal3_opc has 0 polygons
2026-09-17 22:31:39 +0530: Memory Usage (429560K) : metal3_noqrc has 0 polygons
2026-09-17 22:31:39 +0530: Memory Usage (429560K) : metal3_res has 0 polygons
2026-09-17 22:31:39 +0530: Memory Usage (429688K) : metal3_iprobe has 0 polygons
2026-09-17 22:31:39 +0530: Memory Usage (429688K) : metal3_diffprb has 0 polygons
2026-09-17 22:31:39 +0530: Memory Usage (429816K) : nwell_drw has 2540 polygons
2026-09-17 22:31:39 +0530: Memory Usage (429816K) : nwell_pin has 0 polygons
2026-09-17 22:31:39 +0530: Memory Usage (429944K) : nbulay_drw has 0 polygons
2026-09-17 22:31:39 +0530: Memory Usage (429944K) : nbulay_pin has 0 polygons
2026-09-17 22:31:39 +0530: Memory Usage (430072K) : nbulay_block has 0 polygons
2026-09-17 22:31:39 +0530: Memory Usage (430072K) : emwind_drw has 0 polygons
2026-09-17 22:31:39 +0530: Memory Usage (430200K) : emwind_opc has 0 polygons
2026-09-17 22:31:39 +0530: Memory Usage (430200K) : deepco_drw has 0 polygons
2026-09-17 22:31:39 +0530: Memory Usage (430200K) : deepco_drw has 0 polygons
2026-09-17 22:31:39 +0530: Memory Usage (430328K) : mim_drw has 0 polygons
2026-09-17 22:31:39 +0530: Memory Usage (430328K) : edgeseal_drw has 0 polygons
2026-09-17 22:31:39 +0530: Memory Usage (430456K) : edgeseal_bound has 0 polygons
2026-09-17 22:31:39 +0530: Memory Usage (430456K) : substrate_drw has 0 polygons
2026-09-17 22:31:39 +0530: Memory Usage (430584K) : substrate_text has 0 polygons
2026-09-17 22:31:39 +0530: Memory Usage (430584K) : dfpad_drw has 0 polygons
2026-09-17 22:31:39 +0530: Memory Usage (430584K) : dfpad_pillar has 0 polygons
2026-09-17 22:31:39 +0530: Memory Usage (430584K) : dfpad_sbump has 0 polygons
2026-09-17 22:31:39 +0530: Memory Usage (430712K) : thickgateox_drw has 0 polygons
2026-09-17 22:31:39 +0530: Memory Usage (430712K) : pldb_drw has 0 polygons
2026-09-17 22:31:39 +0530: Memory Usage (430712K) : pwell_drw has 0 polygons
2026-09-17 22:31:39 +0530: Memory Usage (430840K) : pwell_pin has 0 polygons
2026-09-17 22:31:39 +0530: Memory Usage (430840K) : pwell_block has 0 polygons
2026-09-17 22:31:39 +0530: Memory Usage (430968K) : ic_drw has 0 polygons
2026-09-17 22:31:39 +0530: Memory Usage (430968K) : via3_drw has 879 polygons
2026-09-17 22:31:39 +0530: Memory Usage (430968K) : metal4_drw has 769 polygons
2026-09-17 22:31:39 +0530: Memory Usage (431096K) : metal4_pin has 0 polygons
2026-09-17 22:31:39 +0530: Memory Usage (431096K) : metal4_mask has 0 polygons
2026-09-17 22:31:39 +0530: Memory Usage (431224K) : metal4_filler has 0 polygons
2026-09-17 22:31:39 +0530: Memory Usage (431224K) : metal4_nofill has 0 polygons
2026-09-17 22:31:39 +0530: Memory Usage (431352K) : metal4_slit has 0 polygons
2026-09-17 22:31:39 +0530: Memory Usage (431352K) : metal4_text has 0 polygons
2026-09-17 22:31:39 +0530: Memory Usage (431480K) : metal4_opc has 0 polygons
2026-09-17 22:31:39 +0530: Memory Usage (431480K) : metal4_noqrc has 0 polygons
2026-09-17 22:31:39 +0530: Memory Usage (431480K) : metal4_res has 0 polygons
2026-09-17 22:31:39 +0530: Memory Usage (431608K) : metal4_iprobe has 0 polygons
2026-09-17 22:31:39 +0530: Memory Usage (431608K) : metal4_diffprb has 0 polygons
2026-09-17 22:31:39 +0530: Memory Usage (431736K) : heattrans_drw has 0 polygons
2026-09-17 22:31:39 +0530: Memory Usage (431736K) : heatres_drw has 0 polygons
2026-09-17 22:31:39 +0530: Memory Usage (431864K) : pempoly_drw has 0 polygons
2026-09-17 22:31:39 +0530: Memory Usage (431864K) : fbe_drw has 0 polygons
2026-09-17 22:31:39 +0530: Memory Usage (431992K) : empoly_drw has 0 polygons
2026-09-17 22:31:39 +0530: Memory Usage (431992K) : ldmos_drw has 0 polygons
2026-09-17 22:31:39 +0530: Memory Usage (432120K) : pbiwind_drw has 0 polygons
2026-09-17 22:31:39 +0530: Memory Usage (432120K) : digisub_drw has 0 polygons
2026-09-17 22:31:39 +0530: Memory Usage (432120K) : nodrc_drw has 0 polygons
2026-09-17 22:31:39 +0530: Memory Usage (432248K) : text_drw has 0 polygons
2026-09-17 22:31:39 +0530: Memory Usage (432248K) : via4_drw has 588 polygons
2026-09-17 22:31:39 +0530: Memory Usage (432376K) : metal5_drw has 378 polygons
2026-09-17 22:31:39 +0530: Memory Usage (432504K) : metal5_pin has 0 polygons
2026-09-17 22:31:39 +0530: Memory Usage (432504K) : metal5_mask has 0 polygons
2026-09-17 22:31:39 +0530: Memory Usage (432504K) : metal5_filler has 0 polygons
2026-09-17 22:31:39 +0530: Memory Usage (432632K) : metal5_nofill has 0 polygons
2026-09-17 22:31:39 +0530: Memory Usage (432632K) : metal5_slit has 0 polygons
2026-09-17 22:31:39 +0530: Memory Usage (432632K) : metal5_text has 0 polygons
2026-09-17 22:31:39 +0530: Memory Usage (432760K) : metal5_opc has 0 polygons
2026-09-17 22:31:39 +0530: Memory Usage (432760K) : metal5_noqrc has 0 polygons
2026-09-17 22:31:39 +0530: Memory Usage (432888K) : metal5_res has 0 polygons
2026-09-17 22:31:39 +0530: Memory Usage (432888K) : metal5_iprobe has 0 polygons
2026-09-17 22:31:39 +0530: Memory Usage (433016K) : metal5_diffprb has 0 polygons
2026-09-17 22:31:39 +0530: Memory Usage (433016K) : radhard_drw has 0 polygons
2026-09-17 22:31:39 +0530: Memory Usage (433144K) : memcap_drw has 0 polygons
2026-09-17 22:31:39 +0530: Memory Usage (433144K) : varicap_drw has 0 polygons
2026-09-17 22:31:39 +0530: Memory Usage (433272K) : flash_drw has 0 polygons
2026-09-17 22:31:39 +0530: Memory Usage (433272K) : intbondvia_drw has 0 polygons
2026-09-17 22:31:39 +0530: Memory Usage (433272K) : intbondmet_drw has 0 polygons
2026-09-17 22:31:39 +0530: Memory Usage (433400K) : devbondvia_drw has 0 polygons
2026-09-17 22:31:39 +0530: Memory Usage (433400K) : devbondmet_drw has 0 polygons
2026-09-17 22:31:39 +0530: Memory Usage (433528K) : devtrench_drw has 0 polygons
2026-09-17 22:31:39 +0530: Memory Usage (433528K) : redist_drw has 0 polygons
2026-09-17 22:31:39 +0530: Memory Usage (433656K) : graphbot_drw has 0 polygons
2026-09-17 22:31:39 +0530: Memory Usage (433656K) : graphtop_drw has 0 polygons
2026-09-17 22:31:39 +0530: Memory Usage (433784K) : antvia1_drw has 0 polygons
2026-09-17 22:31:39 +0530: Memory Usage (433784K) : antmetal2_drw has 0 polygons
2026-09-17 22:31:39 +0530: Memory Usage (433784K) : graphcont_drw has 0 polygons
2026-09-17 22:31:39 +0530: Memory Usage (433912K) : siwg_drw has 0 polygons
2026-09-17 22:31:39 +0530: Memory Usage (433912K) : siwg_filler has 0 polygons
2026-09-17 22:31:39 +0530: Memory Usage (434040K) : siwg_nofill has 0 polygons
2026-09-17 22:31:39 +0530: Memory Usage (434040K) : sigrating_drw has 0 polygons
2026-09-17 22:31:39 +0530: Memory Usage (434168K) : singrating_drw has 0 polygons
2026-09-17 22:31:39 +0530: Memory Usage (434168K) : graphpas_drw has 0 polygons
2026-09-17 22:31:39 +0530: Memory Usage (434296K) : emwind3_drw has 0 polygons
2026-09-17 22:31:39 +0530: Memory Usage (434296K) : emwihv3_drw has 0 polygons
2026-09-17 22:31:39 +0530: Memory Usage (434424K) : redbulay_drw has 0 polygons
2026-09-17 22:31:39 +0530: Memory Usage (434424K) : smos_drw has 0 polygons
2026-09-17 22:31:39 +0530: Memory Usage (434424K) : graphpad_drw has 0 polygons
2026-09-17 22:31:39 +0530: Memory Usage (434552K) : polimide_drw has 0 polygons
2026-09-17 22:31:39 +0530: Memory Usage (434552K) : polimide_pin has 0 polygons
2026-09-17 22:31:39 +0530: Memory Usage (434680K) : recog_drw has 0 polygons
2026-09-17 22:31:39 +0530: Memory Usage (434680K) : recog_pin has 0 polygons
2026-09-17 22:31:39 +0530: Memory Usage (434808K) : recog_esd has 0 polygons
2026-09-17 22:31:39 +0530: Memory Usage (434808K) : recog_diode has 0 polygons
2026-09-17 22:31:39 +0530: Memory Usage (434936K) : recog_tsv has 0 polygons
2026-09-17 22:31:39 +0530: Memory Usage (434936K) : recog_iprobe has 0 polygons
2026-09-17 22:31:39 +0530: Memory Usage (435064K) : recog_diffprb has 0 polygons
2026-09-17 22:31:39 +0530: Memory Usage (435064K) : recog_pillar has 0 polygons
2026-09-17 22:31:39 +0530: Memory Usage (435064K) : recog_sbump has 0 polygons
2026-09-17 22:31:39 +0530: Memory Usage (435192K) : recog_otp has 0 polygons
2026-09-17 22:31:39 +0530: Memory Usage (435192K) : recog_pdiode has 0 polygons
2026-09-17 22:31:39 +0530: Memory Usage (435320K) : recog_mom has 0 polygons
2026-09-17 22:31:39 +0530: Memory Usage (435320K) : recog_momf has 0 polygons
2026-09-17 22:31:39 +0530: Memory Usage (435448K) : recog_pcm has 0 polygons
2026-09-17 22:31:39 +0530: Memory Usage (435448K) : colopen_drw has 0 polygons
2026-09-17 22:31:39 +0530: Memory Usage (435576K) : graphmetal1_drw has 0 polygons
2026-09-17 22:31:39 +0530: Memory Usage (435576K) : graphmetal1_filler has 0 polygons
2026-09-17 22:31:39 +0530: Memory Usage (435576K) : graphmetal1_nofill has 0 polygons
2026-09-17 22:31:39 +0530: Memory Usage (435704K) : graphmetal1_slit has 0 polygons
2026-09-17 22:31:39 +0530: Memory Usage (435704K) : graphmetal1_opc has 0 polygons
2026-09-17 22:31:39 +0530: Memory Usage (435832K) : graphmet1l_drw has 0 polygons
2026-09-17 22:31:39 +0530: Memory Usage (435832K) : graphmet1l_filler has 0 polygons
2026-09-17 22:31:39 +0530: Memory Usage (435832K) : graphmet1l_nofill has 0 polygons
2026-09-17 22:31:39 +0530: Memory Usage (435960K) : graphmet1l_slit has 0 polygons
2026-09-17 22:31:39 +0530: Memory Usage (435960K) : graphmet1l_opc has 0 polygons
2026-09-17 22:31:39 +0530: Memory Usage (436088K) : extblock_drw has 0 polygons
2026-09-17 22:31:39 +0530: Memory Usage (436088K) : nldd_drw has 0 polygons
2026-09-17 22:31:39 +0530: Memory Usage (436216K) : pldd_drw has 0 polygons
2026-09-17 22:31:39 +0530: Memory Usage (436216K) : next_drw has 0 polygons
2026-09-17 22:31:39 +0530: Memory Usage (436344K) : pext_drw has 0 polygons
2026-09-17 22:31:39 +0530: Memory Usage (436344K) : nexthv_drw has 0 polygons
2026-09-17 22:31:39 +0530: Memory Usage (436344K) : pexthv_drw has 0 polygons
2026-09-17 22:31:39 +0530: Memory Usage (436472K) : graphgate_drw has 0 polygons
2026-09-17 22:31:39 +0530: Memory Usage (436472K) : sinwg_drw has 0 polygons
2026-09-17 22:31:39 +0530: Memory Usage (436600K) : sinwg_filler has 0 polygons
2026-09-17 22:31:39 +0530: Memory Usage (436600K) : sinwg_nofill has 0 polygons
2026-09-17 22:31:39 +0530: Memory Usage (436728K) : mempad_drw has 0 polygons
2026-09-17 22:31:39 +0530: Memory Usage (436728K) : topvia1_drw has 224 polygons
2026-09-17 22:31:39 +0530: Memory Usage (436856K) : topmetal1_drw has 135 polygons
2026-09-17 22:31:39 +0530: Memory Usage (436856K) : topmetal1_pin has 5 polygons
2026-09-17 22:31:39 +0530: Memory Usage (436984K) : topmetal1_mask has 0 polygons
2026-09-17 22:31:39 +0530: Memory Usage (436984K) : topmetal1_filler has 0 polygons
2026-09-17 22:31:39 +0530: Memory Usage (436984K) : topmetal1_nofill has 0 polygons
2026-09-17 22:31:39 +0530: Memory Usage (437112K) : topmetal1_slit has 0 polygons
2026-09-17 22:31:39 +0530: Memory Usage (437112K) : topmetal1_text has 2 polygons
2026-09-17 22:31:39 +0530: Memory Usage (437240K) : topmetal1_noqrc has 0 polygons
2026-09-17 22:31:39 +0530: Memory Usage (437240K) : topmetal1_res has 0 polygons
2026-09-17 22:31:39 +0530: Memory Usage (437368K) : topmetal1_iprobe has 0 polygons
2026-09-17 22:31:39 +0530: Memory Usage (437368K) : topmetal1_diffprb has 0 polygons
2026-09-17 22:31:39 +0530: Memory Usage (437496K) : inldpwl_drw has 0 polygons
2026-09-17 22:31:39 +0530: Memory Usage (437496K) : polyres_drw has 0 polygons
2026-09-17 22:31:39 +0530: Memory Usage (437496K) : polyres_pin has 0 polygons
2026-09-17 22:31:39 +0530: Memory Usage (437624K) : vmim_drw has 0 polygons
2026-09-17 22:31:39 +0530: Memory Usage (437624K) : nbulaycut_drw has 0 polygons
2026-09-17 22:31:39 +0530: Memory Usage (437752K) : antmetal1_drw has 0 polygons
2026-09-17 22:31:39 +0530: Memory Usage (437752K) : topvia2_drw has 13 polygons
2026-09-17 22:31:39 +0530: Memory Usage (437752K) : topmetal2_drw has 23 polygons
2026-09-17 22:31:39 +0530: Memory Usage (437752K) : topmetal2_pin has 5 polygons
2026-09-17 22:31:39 +0530: Memory Usage (437752K) : topmetal2_mask has 0 polygons
2026-09-17 22:31:39 +0530: Memory Usage (437752K) : topmetal2_filler has 0 polygons
2026-09-17 22:31:39 +0530: Memory Usage (437752K) : topmetal2_nofill has 0 polygons
2026-09-17 22:31:39 +0530: Memory Usage (437752K) : topmetal2_slit has 0 polygons
2026-09-17 22:31:39 +0530: Memory Usage (437752K) : topmetal2_text has 2 polygons
2026-09-17 22:31:39 +0530: Memory Usage (437880K) : topmetal2_noqrc has 0 polygons
2026-09-17 22:31:39 +0530: Memory Usage (437880K) : topmetal2_res has 0 polygons
2026-09-17 22:31:39 +0530: Memory Usage (437880K) : topmetal2_iprobe has 0 polygons
2026-09-17 22:31:39 +0530: Memory Usage (437880K) : topmetal2_diffprb has 0 polygons
2026-09-17 22:31:39 +0530: Memory Usage (437880K) : snsring_drw has 0 polygons
2026-09-17 22:31:39 +0530: Memory Usage (437880K) : sensor_drw has 0 polygons
2026-09-17 22:31:39 +0530: Memory Usage (437880K) : snsarms_drw has 0 polygons
2026-09-17 22:31:39 +0530: Memory Usage (437880K) : snscmosvia_drw has 0 polygons
2026-09-17 22:31:39 +0530: Memory Usage (437880K) : colwind_drw has 0 polygons
2026-09-17 22:31:39 +0530: Memory Usage (437880K) : flm_drw has 0 polygons
2026-09-17 22:31:39 +0530: Memory Usage (437880K) : hafniumox_drw has 0 polygons
2026-09-17 22:31:39 +0530: Memory Usage (437880K) : memvia_drw has 0 polygons
2026-09-17 22:31:39 +0530: Memory Usage (437880K) : thinfilmres_drw has 0 polygons
2026-09-17 22:31:39 +0530: Memory Usage (437880K) : rfmem_drw has 0 polygons
2026-09-17 22:31:39 +0530: Memory Usage (437880K) : norcx_drw has 0 polygons
2026-09-17 22:31:39 +0530: Memory Usage (437880K) : norcx_m2m3 has 0 polygons
2026-09-17 22:31:39 +0530: Memory Usage (437880K) : norcx_m2m4 has 0 polygons
2026-09-17 22:31:39 +0530: Memory Usage (437880K) : norcx_m2m5 has 0 polygons
2026-09-17 22:31:39 +0530: Memory Usage (437880K) : norcx_m2tm1 has 0 polygons
2026-09-17 22:31:39 +0530: Memory Usage (437880K) : norcx_m2tm2 has 0 polygons
2026-09-17 22:31:39 +0530: Memory Usage (437880K) : norcx_m3m4 has 0 polygons
2026-09-17 22:31:39 +0530: Memory Usage (437880K) : norcx_m3m5 has 0 polygons
2026-09-17 22:31:39 +0530: Memory Usage (437880K) : norcx_m3tm1 has 0 polygons
2026-09-17 22:31:39 +0530: Memory Usage (437880K) : norcx_m3tm2 has 0 polygons
2026-09-17 22:31:39 +0530: Memory Usage (437880K) : norcx_m4m5 has 0 polygons
2026-09-17 22:31:39 +0530: Memory Usage (437880K) : norcx_m4tm1 has 0 polygons
2026-09-17 22:31:39 +0530: Memory Usage (437880K) : norcx_m4tm2 has 0 polygons
2026-09-17 22:31:39 +0530: Memory Usage (437880K) : norcx_m5tm1 has 0 polygons
2026-09-17 22:31:39 +0530: Memory Usage (437880K) : norcx_m5tm2 has 0 polygons
2026-09-17 22:31:39 +0530: Memory Usage (437880K) : norcx_tm1tm2 has 0 polygons
2026-09-17 22:31:39 +0530: Memory Usage (437880K) : norcx_m1sub has 0 polygons
2026-09-17 22:31:39 +0530: Memory Usage (437880K) : norcx_m2sub has 0 polygons
2026-09-17 22:31:39 +0530: Memory Usage (437880K) : norcx_m3sub has 0 polygons
2026-09-17 22:31:39 +0530: Memory Usage (437880K) : norcx_m4sub has 0 polygons
2026-09-17 22:31:39 +0530: Memory Usage (437880K) : norcx_m5sub has 0 polygons
2026-09-17 22:31:39 +0530: Memory Usage (437880K) : norcx_tm1sub has 0 polygons
2026-09-17 22:31:39 +0530: Memory Usage (437880K) : norcx_tm2sub has 0 polygons
2026-09-17 22:31:39 +0530: Memory Usage (437880K) : snsbotvia_drw has 0 polygons
2026-09-17 22:31:39 +0530: Memory Usage (437880K) : snstopvia_drw has 0 polygons
2026-09-17 22:31:39 +0530: Memory Usage (437880K) : deepvia_drw has 0 polygons
2026-09-17 22:31:39 +0530: Memory Usage (437880K) : fgetch_drw has 0 polygons
2026-09-17 22:31:39 +0530: Memory Usage (437880K) : ctrgat_drw has 0 polygons
2026-09-17 22:31:39 +0530: Memory Usage (437880K) : fgimp_drw has 0 polygons
2026-09-17 22:31:39 +0530: Memory Usage (437880K) : emwihv_drw has 0 polygons
2026-09-17 22:31:39 +0530: Memory Usage (437880K) : lbe_drw has 0 polygons
2026-09-17 22:31:39 +0530: Memory Usage (437880K) : alcustop_drw has 0 polygons
2026-09-17 22:31:39 +0530: Memory Usage (437880K) : nometfiller_drw has 0 polygons
2026-09-17 22:31:39 +0530: Memory Usage (437880K) : prboundary_drw has 0 polygons
2026-09-17 22:31:39 +0530: Memory Usage (437880K) : exchange0_drw has 0 polygons
2026-09-17 22:31:39 +0530: Memory Usage (437880K) : exchange0_pin has 0 polygons
2026-09-17 22:31:39 +0530: Memory Usage (437880K) : exchange0_text has 0 polygons
2026-09-17 22:31:39 +0530: Memory Usage (437880K) : exchange1_drw has 0 polygons
2026-09-17 22:31:39 +0530: Memory Usage (437880K) : exchange1_pin has 0 polygons
2026-09-17 22:31:39 +0530: Memory Usage (437880K) : exchange1_text has 0 polygons
2026-09-17 22:31:39 +0530: Memory Usage (437880K) : exchange2_drw has 0 polygons
2026-09-17 22:31:39 +0530: Memory Usage (437880K) : exchange2_pin has 0 polygons
2026-09-17 22:31:39 +0530: Memory Usage (437880K) : exchange2_text has 0 polygons
2026-09-17 22:31:39 +0530: Memory Usage (437880K) : exchange3_drw has 0 polygons
2026-09-17 22:31:39 +0530: Memory Usage (437880K) : exchange3_pin has 0 polygons
2026-09-17 22:31:39 +0530: Memory Usage (437880K) : exchange3_text has 0 polygons
2026-09-17 22:31:39 +0530: Memory Usage (437880K) : exchange4_drw has 0 polygons
2026-09-17 22:31:39 +0530: Memory Usage (437880K) : exchange4_pin has 0 polygons
2026-09-17 22:31:39 +0530: Memory Usage (437880K) : exchange4_text has 0 polygons
2026-09-17 22:31:39 +0530: Memory Usage (437880K) : isonwell_drw has 0 polygons
2026-09-17 22:31:39 +0530: Memory Usage (437880K) : Total no. of polygons in the design is 166148
2026-09-17 22:31:39 +0530: Memory Usage (437880K) : Loaded TECH DRC rules values from /home/jaikrishn/IHP-Open-PDK/ihp-sg13g2/libs.tech/klayout/python/sg13g2_pycell_lib/sg13g2_tech_mod.json
2026-09-17 22:31:39 +0530: Memory Usage (437880K) : Loaded default DRC rules values from /home/jaikrishn/IHP-Open-PDK/ihp-sg13g2/libs.tech/klayout/tech/drc/rule_decks/sg13g2_tech_default.json
2026-09-17 22:31:39 +0530: Memory Usage (437880K) : The following rules values were missing in tech json and default values were used:
2026-09-17 22:31:39 +0530: Memory Usage (437880K) :   - NW_f1_digibnd
2026-09-17 22:31:39 +0530: Memory Usage (437880K) :   - Cnt_c_digibnd
2026-09-17 22:31:39 +0530: Memory Usage (437880K) :   - Cnt_c_sram
2026-09-17 22:31:39 +0530: Memory Usage (437880K) :   - Sdiod_b
2026-09-17 22:31:39 +0530: Memory Usage (437880K) :   - Sdiod_c
2026-09-17 22:31:39 +0530: Memory Usage (438544K) : Total area of the design is 35055.516625 um^2.
2026-09-17 22:31:39 +0530: Memory Usage (438544K) : The design dimensions are 178.105 µm * 196.82500000000002 µm.
2026-09-17 22:31:39 +0530: Memory Usage (438544K) : Starting general IHP-SG13G2 derivations.
2026-09-17 22:31:39 +0530: Memory Usage (438544K) : Starting Pwell derivations
2026-09-17 22:31:39 +0530: Memory Usage (441764K) : Starting n-Activ derivations
2026-09-17 22:31:39 +0530: Memory Usage (444196K) : Starting p-Activ derivations
2026-09-17 22:31:39 +0530: Memory Usage (446756K) : Starting ptap derivations
2026-09-17 22:31:39 +0530: Memory Usage (449060K) : Starting ntap derivations
2026-09-17 22:31:40 +0530: Memory Usage (451492K) : Starting pact FET derivations
2026-09-17 22:31:40 +0530: Memory Usage (451492K) : Starting nact FET derivations
2026-09-17 22:31:40 +0530: Memory Usage (453668K) : Starting Gate derivations
2026-09-17 22:31:40 +0530: Memory Usage (454308K) : Starting cont/contbar general derivations
2026-09-17 22:31:40 +0530: Memory Usage (454820K) : Starting pad general derivations
2026-09-17 22:31:40 +0530: Memory Usage (454820K) : Starting schottky_nbl general derivations
2026-09-17 22:31:40 +0530: Memory Usage (454820K) : Starting SVaricap general derivations
2026-09-17 22:31:40 +0530: Memory Usage (454820K) : Starting HBT general derivations
2026-09-17 22:31:40 +0530: Memory Usage (454820K) : Starting IHP-SG13G2 DRC connectivity related derivations.
2026-09-17 22:31:40 +0530: Memory Usage (454820K) : Starting IHP-SG13G2 DRC connectivity setup
2026-09-17 22:31:40 +0530: Memory Usage (456656K) : Starting IHP-SG13G2 DRC rules.
2026-09-17 22:31:40 +0530: Memory Usage (456656K) : Running all FEOL rules
2026-09-17 22:31:40 +0530: Memory Usage (456656K) : Running all BEOL rules
2026-09-17 22:31:40 +0530: Memory Usage (456656K) : Running all PIN rules
2026-09-17 22:31:40 +0530: Memory Usage (456656K) : Running all FORBIDDEN rules
2026-09-17 22:31:40 +0530: Memory Usage (456656K) : Starting 5.1 NWell table
2026-09-17 22:31:40 +0530: Memory Usage (456656K) : Executing rule NW.b
2026-09-17 22:31:40 +0530: Memory Usage (458340K) : Executing rule NW.b1
2026-09-17 22:31:41 +0530: Memory Usage (458340K) : Executing rule NW.f1
2026-09-17 22:31:41 +0530: Memory Usage (458340K) : Executing rule NW.f1.digibnd
2026-09-17 22:31:41 +0530: Memory Usage (458340K) : Starting 5.2 PWell:block
2026-09-17 22:31:41 +0530: Memory Usage (458340K) : Executing rule PWB.e
2026-09-17 22:31:41 +0530: Memory Usage (458340K) : Executing rule PWB.e1
2026-09-17 22:31:41 +0530: Memory Usage (458340K) : Executing rule PWB.f
2026-09-17 22:31:41 +0530: Memory Usage (458340K) : Executing rule PWB.f1
2026-09-17 22:31:41 +0530: Memory Usage (458340K) : Starting 5.3 nBuLay table
2026-09-17 22:31:41 +0530: Memory Usage (458340K) : Executing rule NBL.b
2026-09-17 22:31:41 +0530: Memory Usage (458468K) : Executing rule NBL.c
2026-09-17 22:31:41 +0530: Memory Usage (458464K) : Executing rule NBL.d
2026-09-17 22:31:41 +0530: Memory Usage (458848K) : Executing rule NBL.e
2026-09-17 22:31:41 +0530: Memory Usage (459104K) : Executing rule NBL.f
2026-09-17 22:31:41 +0530: Memory Usage (459232K) : Starting 5.5. Activ table
2026-09-17 22:31:41 +0530: Memory Usage (459232K) : Executing rule Act.a
2026-09-17 22:31:41 +0530: Memory Usage (459232K) : Executing rule Act.b
2026-09-17 22:31:41 +0530: Memory Usage (460384K) : Starting 5.6 Activ:filler table
2026-09-17 22:31:41 +0530: Memory Usage (460384K) : Executing rule AFil.c1
2026-09-17 22:31:41 +0530: Memory Usage (460384K) : Executing rule AFil.c
2026-09-17 22:31:41 +0530: Memory Usage (460384K) : Executing rule AFil.d
2026-09-17 22:31:41 +0530: Memory Usage (460384K) : Executing rule AFil.e
2026-09-17 22:31:41 +0530: Memory Usage (460384K) : Executing rule AFil.j
2026-09-17 22:31:41 +0530: Memory Usage (460384K) : Starting 5.7. ThickGateOx table
2026-09-17 22:31:41 +0530: Memory Usage (460384K) : Executing rule TGO.f
2026-09-17 22:31:41 +0530: Memory Usage (460384K) : Starting 5.8. GatPoly table
2026-09-17 22:31:41 +0530: Memory Usage (460384K) : Executing rule Gat.a
2026-09-17 22:31:41 +0530: Memory Usage (460384K) : Executing rule Gat.b
2026-09-17 22:31:41 +0530: Memory Usage (461152K) : Executing rule Gat.d
2026-09-17 22:31:41 +0530: Memory Usage (461792K) : Executing rule Gat.a1
2026-09-17 22:31:41 +0530: Memory Usage (462940K) : Executing rule Gat.a2
2026-09-17 22:31:41 +0530: Memory Usage (463324K) : Executing rule Gat.g
2026-09-17 22:31:41 +0530: Memory Usage (463324K) : Starting 5.9 GatPoly:filler
2026-09-17 22:31:41 +0530: Memory Usage (463324K) : Executing rule GFil.d
2026-09-17 22:31:41 +0530: Memory Usage (463324K) : Executing rule GFil.e
2026-09-17 22:31:41 +0530: Memory Usage (463324K) : Executing rule GFil.i
2026-09-17 22:31:41 +0530: Memory Usage (463324K) : Starting 5.10 pSD table
2026-09-17 22:31:41 +0530: Memory Usage (463324K) : Executing rule pSD.c1
2026-09-17 22:31:41 +0530: Memory Usage (467932K) : Starting 5.14. Cont table
2026-09-17 22:31:41 +0530: Memory Usage (467932K) : Executing rule Cnt.a
2026-09-17 22:31:42 +0530: Memory Usage (478684K) : Executing rule Cnt.b
2026-09-17 22:31:42 +0530: Memory Usage (480092K) : Executing rule Cnt.c
2026-09-17 22:31:42 +0530: Memory Usage (481116K) : Executing rule Cnt.c.digibnd
2026-09-17 22:31:42 +0530: Memory Usage (481116K) : Executing rule Cnt.c.SRAM
2026-09-17 22:31:42 +0530: Memory Usage (481116K) : Executing rule Cnt.d
2026-09-17 22:31:42 +0530: Memory Usage (481628K) : Executing rule Cnt.e
2026-09-17 22:31:42 +0530: Memory Usage (482140K) : Executing rule Cnt.g1
2026-09-17 22:31:43 +0530: Memory Usage (482904K) : Executing rule Cnt.g2
2026-09-17 22:31:43 +0530: Memory Usage (485336K) : Starting 5.15. ContBar table
2026-09-17 22:31:43 +0530: Memory Usage (485336K) : Executing rule CntB.a
2026-09-17 22:31:43 +0530: Memory Usage (485848K) : Executing rule CntB.a1
2026-09-17 22:31:43 +0530: Memory Usage (485848K) : Executing rule CntB.b1
2026-09-17 22:31:43 +0530: Memory Usage (485848K) : Executing rule CntB.h1
2026-09-17 22:31:43 +0530: Memory Usage (485848K) : Starting 6.1.3 NPN Substrate-Tie table
2026-09-17 22:31:43 +0530: Memory Usage (485848K) : Starting 6.7 Schottky diode table
2026-09-17 22:31:43 +0530: Memory Usage (485848K) : Executing rule Sdiod.b
2026-09-17 22:31:43 +0530: Memory Usage (485848K) : Executing rule Sdiod.c
2026-09-17 22:31:43 +0530: Memory Usage (485848K) : Executing rule Sdiod.d
2026-09-17 22:31:43 +0530: Memory Usage (485848K) : Executing rule Sdiod.e
2026-09-17 22:31:43 +0530: Memory Usage (485848K) : Starting 7.2 Latch-up table
2026-09-17 22:31:43 +0530: Memory Usage (485848K) : Executing rule LU.b
2026-09-17 22:31:44 +0530: Memory Usage (485848K) : Starting 5.16. Metal1 table
2026-09-17 22:31:44 +0530: Memory Usage (485848K) : Executing rule M1.a
2026-09-17 22:31:44 +0530: Memory Usage (485848K) : Executing rule M1.b
2026-09-17 22:31:44 +0530: Memory Usage (490072K) : Executing rule M1.e
2026-09-17 22:31:46 +0530: Memory Usage (491480K) : Executing rule M1.f
2026-09-17 22:31:46 +0530: Memory Usage (491608K) : Executing rule M1.g
2026-09-17 22:31:46 +0530: Memory Usage (495192K) : Executing rule M1.i
2026-09-17 22:31:46 +0530: Memory Usage (500184K) : Starting 5.17 Metaln table
2026-09-17 22:31:46 +0530: Memory Usage (500184K) : Executing rule M2.a
2026-09-17 22:31:46 +0530: Memory Usage (500184K) : Executing rule M2.b
2026-09-17 22:31:46 +0530: Memory Usage (502872K) : Executing rule M2.e
2026-09-17 22:31:46 +0530: Memory Usage (502872K) : Executing rule M2.f
2026-09-17 22:31:46 +0530: Memory Usage (502872K) : Executing rule M2.g
2026-09-17 22:31:46 +0530: Memory Usage (502872K) : Executing rule M2.i
2026-09-17 22:31:46 +0530: Memory Usage (503640K) : Executing rule M3.a
2026-09-17 22:31:46 +0530: Memory Usage (503640K) : Executing rule M3.b
2026-09-17 22:31:46 +0530: Memory Usage (504536K) : Executing rule M3.e
2026-09-17 22:31:46 +0530: Memory Usage (504536K) : Executing rule M3.f
2026-09-17 22:31:46 +0530: Memory Usage (504536K) : Executing rule M3.g
2026-09-17 22:31:46 +0530: Memory Usage (504664K) : Executing rule M3.i
2026-09-17 22:31:46 +0530: Memory Usage (504920K) : Executing rule M4.a
2026-09-17 22:31:46 +0530: Memory Usage (504920K) : Executing rule M4.b
2026-09-17 22:31:46 +0530: Memory Usage (505048K) : Executing rule M4.e
2026-09-17 22:31:46 +0530: Memory Usage (505048K) : Executing rule M4.f
2026-09-17 22:31:46 +0530: Memory Usage (505048K) : Executing rule M4.g
2026-09-17 22:31:46 +0530: Memory Usage (504916K) : Executing rule M4.i
2026-09-17 22:31:46 +0530: Memory Usage (505044K) : Executing rule M5.a
2026-09-17 22:31:46 +0530: Memory Usage (505044K) : Executing rule M5.b
2026-09-17 22:31:46 +0530: Memory Usage (505044K) : Executing rule M5.e
2026-09-17 22:31:46 +0530: Memory Usage (505044K) : Executing rule M5.f
2026-09-17 22:31:46 +0530: Memory Usage (505044K) : Executing rule M5.g
2026-09-17 22:31:46 +0530: Memory Usage (505044K) : Executing rule M5.i
2026-09-17 22:31:46 +0530: Memory Usage (505044K) : Starting 5.18 Metaln:filler table
2026-09-17 22:31:46 +0530: Memory Usage (505044K) : Executing rule M1Fil.c
2026-09-17 22:31:47 +0530: Memory Usage (505044K) : Executing rule M1Fil.a2
2026-09-17 22:31:47 +0530: Memory Usage (505044K) : Executing rule M2Fil.c
2026-09-17 22:31:47 +0530: Memory Usage (505044K) : Executing rule M2Fil.a2
2026-09-17 22:31:47 +0530: Memory Usage (505044K) : Executing rule M3Fil.c
2026-09-17 22:31:47 +0530: Memory Usage (505044K) : Executing rule M3Fil.a2
2026-09-17 22:31:47 +0530: Memory Usage (505044K) : Executing rule M4Fil.c
2026-09-17 22:31:47 +0530: Memory Usage (505044K) : Executing rule M4Fil.a2
2026-09-17 22:31:47 +0530: Memory Usage (505044K) : Executing rule M5Fil.c
2026-09-17 22:31:47 +0530: Memory Usage (505044K) : Executing rule M5Fil.a2
2026-09-17 22:31:47 +0530: Memory Usage (505044K) : Starting 5.19. Via1 table
2026-09-17 22:31:47 +0530: Memory Usage (505044K) : Starting 5.19. Via1 table derivations
2026-09-17 22:31:47 +0530: Memory Usage (505044K) : Executing rule V1.a
2026-09-17 22:31:47 +0530: Memory Usage (505044K) : Executing rule V1.b
2026-09-17 22:31:47 +0530: Memory Usage (505044K) : Executing rule V1.c
2026-09-17 22:31:47 +0530: Memory Usage (505556K) : Starting 5.20. Vian table
2026-09-17 22:31:47 +0530: Memory Usage (505556K) : Executing rule V2.a
2026-09-17 22:31:47 +0530: Memory Usage (505556K) : Executing rule V2.b
2026-09-17 22:31:47 +0530: Memory Usage (505556K) : Executing rule V2.c
2026-09-17 22:31:47 +0530: Memory Usage (505556K) : Executing rule V3.a
2026-09-17 22:31:47 +0530: Memory Usage (505556K) : Executing rule V3.b
2026-09-17 22:31:47 +0530: Memory Usage (505556K) : Executing rule V3.c
2026-09-17 22:31:47 +0530: Memory Usage (505556K) : Executing rule V4.a
2026-09-17 22:31:47 +0530: Memory Usage (505556K) : Executing rule V4.b
2026-09-17 22:31:47 +0530: Memory Usage (505556K) : Executing rule V4.c
2026-09-17 22:31:47 +0530: Memory Usage (505556K) : Starting 5.21. TopVia1 table
2026-09-17 22:31:47 +0530: Memory Usage (505556K) : Executing rule TV1.a
2026-09-17 22:31:47 +0530: Memory Usage (505556K) : Executing rule TV1.b
2026-09-17 22:31:47 +0530: Memory Usage (505556K) : Executing rule TV1.c
2026-09-17 22:31:47 +0530: Memory Usage (505684K) : Executing rule TV1.d
2026-09-17 22:31:47 +0530: Memory Usage (505684K) : Starting 5.22. TopMetal1 table
2026-09-17 22:31:47 +0530: Memory Usage (505684K) : Executing rule TM1.a
2026-09-17 22:31:47 +0530: Memory Usage (505684K) : Executing rule TM1.b
2026-09-17 22:31:47 +0530: Memory Usage (505556K) : Starting 5.23 TopMetal1:filler table
2026-09-17 22:31:47 +0530: Memory Usage (505556K) : Executing rule TM1Fil.c
2026-09-17 22:31:47 +0530: Memory Usage (505556K) : Executing rule TM1Fil.a1
2026-09-17 22:31:47 +0530: Memory Usage (505556K) : Starting 5.24. TopVia2 table
2026-09-17 22:31:47 +0530: Memory Usage (505556K) : Executing rule TV2.a
2026-09-17 22:31:47 +0530: Memory Usage (505556K) : Executing rule TV2.b
2026-09-17 22:31:47 +0530: Memory Usage (505556K) : Executing rule TV2.c
2026-09-17 22:31:47 +0530: Memory Usage (505556K) : Executing rule TV2.d
2026-09-17 22:31:47 +0530: Memory Usage (505420K) : Starting 5.25. TopMetal2 table
2026-09-17 22:31:47 +0530: Memory Usage (505420K) : Executing rule TM2.a
2026-09-17 22:31:47 +0530: Memory Usage (505420K) : Executing rule TM2.b
2026-09-17 22:31:47 +0530: Memory Usage (505420K) : Starting 5.26 TopMetal2:filler table
2026-09-17 22:31:47 +0530: Memory Usage (505420K) : Executing rule TM2Fil.c
2026-09-17 22:31:47 +0530: Memory Usage (505420K) : Executing rule TM2Fil.a1
2026-09-17 22:31:47 +0530: Memory Usage (505420K) : Starting 5.27. Passiv table
2026-09-17 22:31:47 +0530: Memory Usage (505420K) : Executing rule Pas.a
2026-09-17 22:31:47 +0530: Memory Usage (505420K) : Executing rule Pas.b
2026-09-17 22:31:47 +0530: Memory Usage (505420K) : Executing rule Pas.c
2026-09-17 22:31:47 +0530: Memory Usage (505420K) : Starting 6.9.2 Copper Pillar table
2026-09-17 22:31:47 +0530: Memory Usage (505420K) : Executing rule Padc.a
2026-09-17 22:31:47 +0530: Memory Usage (505420K) : Executing rule Padc.b
2026-09-17 22:31:47 +0530: Memory Usage (505420K) : Executing rule Padc.c
2026-09-17 22:31:47 +0530: Memory Usage (505420K) : Executing rule Padb.f
2026-09-17 22:31:47 +0530: Memory Usage (505420K) : Starting 6.9 Pad table
2026-09-17 22:31:47 +0530: Memory Usage (505420K) : Executing rule Pad.m
2026-09-17 22:31:47 +0530: Memory Usage (505420K) : Executing rule Pad.i
2026-09-17 22:31:47 +0530: Memory Usage (505420K) : Starting 6.9.1 Solder Bump
2026-09-17 22:31:47 +0530: Memory Usage (505420K) : Executing rule Padb.a
2026-09-17 22:31:47 +0530: Memory Usage (505420K) : Executing rule Padb.b
2026-09-17 22:31:47 +0530: Memory Usage (505420K) : Executing rule Padb.c
2026-09-17 22:31:47 +0530: Memory Usage (505420K) : Executing rule Padb.f
2026-09-17 22:31:47 +0530: Memory Usage (505420K) : Executing rule Padb.d
2026-09-17 22:31:47 +0530: Memory Usage (505420K) : Starting 6.10 Sealring table
2026-09-17 22:31:47 +0530: Memory Usage (505420K) : Executing rule Seal.l
2026-09-17 22:31:47 +0530: Memory Usage (505420K) : Executing rule Seal.n
2026-09-17 22:31:47 +0530: Memory Usage (505420K) : Executing rule seal.b_metal1
2026-09-17 22:31:47 +0530: Memory Usage (505420K) : Executing rule seal.b_metal2
2026-09-17 22:31:47 +0530: Memory Usage (505420K) : Executing rule seal.b_metal3
2026-09-17 22:31:47 +0530: Memory Usage (505420K) : Executing rule seal.b_metal4
2026-09-17 22:31:47 +0530: Memory Usage (505420K) : Executing rule seal.b_metal5
2026-09-17 22:31:47 +0530: Memory Usage (505420K) : Executing rule seal.b_topmetal1
2026-09-17 22:31:47 +0530: Memory Usage (505420K) : Executing rule seal.b_topmetal2
2026-09-17 22:31:47 +0530: Memory Usage (505548K) : Executing rule seal.b_activ
2026-09-17 22:31:47 +0530: Memory Usage (505548K) : Executing rule seal.b_psd
2026-09-17 22:31:47 +0530: Memory Usage (505548K) : Executing rule Seal.k
2026-09-17 22:31:47 +0530: Memory Usage (505548K) : Executing rule Seal.m
2026-09-17 22:31:47 +0530: Memory Usage (505548K) : Starting 6.11 MIM table
2026-09-17 22:31:47 +0530: Memory Usage (505548K) : Executing rule MIM.c
2026-09-17 22:31:47 +0530: Memory Usage (505548K) : Executing rule MIM.d
2026-09-17 22:31:47 +0530: Memory Usage (505548K) : Starting 7.3 Metal Slits table
2026-09-17 22:31:47 +0530: Memory Usage (505548K) : Executing rule Slt.e1_M1
2026-09-17 22:31:47 +0530: Memory Usage (505548K) : Executing rule Slt.e1_M2
2026-09-17 22:31:47 +0530: Memory Usage (505548K) : Executing rule Slt.e1_M3
2026-09-17 22:31:47 +0530: Memory Usage (505548K) : Executing rule Slt.e1_M4
2026-09-17 22:31:47 +0530: Memory Usage (505548K) : Executing rule Slt.e1_M5
2026-09-17 22:31:47 +0530: Memory Usage (505548K) : Executing rule Slt.e1_TM1
2026-09-17 22:31:47 +0530: Memory Usage (505548K) : Executing rule Slt.e1_TM2
2026-09-17 22:31:47 +0530: Memory Usage (505548K) : Starting 9.1. LBE table
2026-09-17 22:31:47 +0530: Memory Usage (505548K) : Executing rule LBE.a
2026-09-17 22:31:47 +0530: Memory Usage (505548K) : Executing rule LBE.b
2026-09-17 22:31:47 +0530: Memory Usage (505548K) : Executing rule LBE.b1
2026-09-17 22:31:47 +0530: Memory Usage (505548K) : Executing rule LBE.c
2026-09-17 22:31:47 +0530: Memory Usage (505548K) : Executing rule LBE.d
2026-09-17 22:31:47 +0530: Memory Usage (505548K) : Executing rule LBE.h
2026-09-17 22:31:47 +0530: Memory Usage (505548K) : Starting 7.4. PIN table
2026-09-17 22:31:47 +0530: Memory Usage (505548K) : Executing rule Pin.a
2026-09-17 22:31:47 +0530: Memory Usage (505548K) : Executing rule Pin.b
2026-09-17 22:31:47 +0530: Memory Usage (505548K) : Executing rule Pin.e
2026-09-17 22:31:47 +0530: Memory Usage (507084K) : Executing rule Pin.f_M2
2026-09-17 22:31:47 +0530: Memory Usage (507084K) : Executing rule Pin.f_M3
2026-09-17 22:31:47 +0530: Memory Usage (507084K) : Executing rule Pin.f_M4
2026-09-17 22:31:47 +0530: Memory Usage (507084K) : Executing rule Pin.f_M5
2026-09-17 22:31:47 +0530: Memory Usage (507084K) : Executing rule Pin.g
2026-09-17 22:31:47 +0530: Memory Usage (507084K) : Executing rule Pin.h
2026-09-17 22:31:47 +0530: Memory Usage (507084K) : Starting 3.1. offgrid table
2026-09-17 22:31:47 +0530: Memory Usage (507084K) : Executing rule activ_drw_Offgrid
2026-09-17 22:31:47 +0530: Memory Usage (507084K) : Executing rule activ_mask_Offgrid
2026-09-17 22:31:47 +0530: Memory Usage (507084K) : Executing rule activ_filler_Offgrid
2026-09-17 22:31:47 +0530: Memory Usage (507084K) : Executing rule activ_opc_Offgrid
2026-09-17 22:31:47 +0530: Memory Usage (507084K) : Executing rule activ_iopc_Offgrid
2026-09-17 22:31:47 +0530: Memory Usage (507084K) : Executing rule biwind_drw_Offgrid
2026-09-17 22:31:48 +0530: Memory Usage (507084K) : Executing rule biwind_opc_Offgrid
2026-09-17 22:31:48 +0530: Memory Usage (507084K) : Executing rule pemwind_drw_Offgrid
2026-09-17 22:31:48 +0530: Memory Usage (507084K) : Executing rule gatpoly_drw_Offgrid
2026-09-17 22:31:48 +0530: Memory Usage (507084K) : Executing rule gatpoly_filler_Offgrid
2026-09-17 22:31:48 +0530: Memory Usage (507084K) : Executing rule gatpoly_opc_Offgrid
2026-09-17 22:31:48 +0530: Memory Usage (507084K) : Executing rule gatpoly_iopc_Offgrid
2026-09-17 22:31:48 +0530: Memory Usage (507084K) : Executing rule gatpoly_noqrc_Offgrid
2026-09-17 22:31:48 +0530: Memory Usage (507084K) : Executing rule cont_drw_Offgrid
2026-09-17 22:31:48 +0530: Memory Usage (537292K) : Executing rule cont_opc_Offgrid
2026-09-17 22:31:48 +0530: Memory Usage (537292K) : Executing rule nsd_drw_Offgrid
2026-09-17 22:31:48 +0530: Memory Usage (537292K) : Executing rule nsd_block_Offgrid
2026-09-17 22:31:48 +0530: Memory Usage (537292K) : Executing rule metal1_drw_Offgrid
2026-09-17 22:31:48 +0530: Memory Usage (537292K) : Executing rule metal1_mask_Offgrid
2026-09-17 22:31:48 +0530: Memory Usage (537420K) : Executing rule metal1_filler_Offgrid
2026-09-17 22:31:48 +0530: Memory Usage (537420K) : Executing rule metal1_slit_Offgrid
2026-09-17 22:31:48 +0530: Memory Usage (537420K) : Executing rule metal1_opc_Offgrid
2026-09-17 22:31:48 +0530: Memory Usage (537420K) : Executing rule metal1_noqrc_Offgrid
2026-09-17 22:31:48 +0530: Memory Usage (537420K) : Executing rule metal1_res_Offgrid
2026-09-17 22:31:48 +0530: Memory Usage (537420K) : Executing rule metal1_iprobe_Offgrid
2026-09-17 22:31:48 +0530: Memory Usage (537420K) : Executing rule metal1_diffprb_Offgrid
2026-09-17 22:31:48 +0530: Memory Usage (537548K) : Executing rule passiv_drw_Offgrid
2026-09-17 22:31:48 +0530: Memory Usage (537548K) : Executing rule passiv_pillar_Offgrid
2026-09-17 22:31:48 +0530: Memory Usage (537548K) : Executing rule passiv_sbump_Offgrid
2026-09-17 22:31:48 +0530: Memory Usage (537548K) : Executing rule passiv_pdl_Offgrid
2026-09-17 22:31:48 +0530: Memory Usage (537548K) : Executing rule metal2_drw_Offgrid
2026-09-17 22:31:48 +0530: Memory Usage (537548K) : Executing rule metal2_mask_Offgrid
2026-09-17 22:31:48 +0530: Memory Usage (537548K) : Executing rule metal2_filler_Offgrid
2026-09-17 22:31:48 +0530: Memory Usage (537548K) : Executing rule metal2_slit_Offgrid
2026-09-17 22:31:48 +0530: Memory Usage (537548K) : Executing rule metal2_opc_Offgrid
2026-09-17 22:31:48 +0530: Memory Usage (537548K) : Executing rule metal2_noqrc_Offgrid
2026-09-17 22:31:48 +0530: Memory Usage (537548K) : Executing rule metal2_res_Offgrid
2026-09-17 22:31:48 +0530: Memory Usage (537548K) : Executing rule metal2_iprobe_Offgrid
2026-09-17 22:31:48 +0530: Memory Usage (537548K) : Executing rule metal2_diffprb_Offgrid
2026-09-17 22:31:48 +0530: Memory Usage (537548K) : Executing rule baspoly_drw_Offgrid
2026-09-17 22:31:48 +0530: Memory Usage (537548K) : Executing rule psd_drw_Offgrid
2026-09-17 22:31:49 +0530: Memory Usage (537548K) : Executing rule nldb_drw_Offgrid
2026-09-17 22:31:49 +0530: Memory Usage (537548K) : Executing rule via1_drw_Offgrid
2026-09-17 22:31:49 +0530: Memory Usage (537548K) : Executing rule backmetal1_drw_Offgrid
2026-09-17 22:31:49 +0530: Memory Usage (537548K) : Executing rule backmetal1_mask_Offgrid
2026-09-17 22:31:49 +0530: Memory Usage (537548K) : Executing rule backmetal1_filler_Offgrid
2026-09-17 22:31:49 +0530: Memory Usage (537548K) : Executing rule backmetal1_slit_Offgrid
2026-09-17 22:31:49 +0530: Memory Usage (537548K) : Executing rule backmetal1_opc_Offgrid
2026-09-17 22:31:49 +0530: Memory Usage (537548K) : Executing rule backmetal1_noqrc_Offgrid
2026-09-17 22:31:49 +0530: Memory Usage (537548K) : Executing rule backmetal1_res_Offgrid
2026-09-17 22:31:49 +0530: Memory Usage (537548K) : Executing rule backmetal1_iprobe_Offgrid
2026-09-17 22:31:49 +0530: Memory Usage (537548K) : Executing rule backmetal1_diffprb_Offgrid
2026-09-17 22:31:49 +0530: Memory Usage (537548K) : Executing rule backpassiv_drw_Offgrid
2026-09-17 22:31:49 +0530: Memory Usage (537548K) : Executing rule salblock_drw_Offgrid
2026-09-17 22:31:49 +0530: Memory Usage (537548K) : Executing rule via2_drw_Offgrid
2026-09-17 22:31:49 +0530: Memory Usage (537548K) : Executing rule metal3_drw_Offgrid
2026-09-17 22:31:49 +0530: Memory Usage (537548K) : Executing rule metal3_mask_Offgrid
2026-09-17 22:31:49 +0530: Memory Usage (537548K) : Executing rule metal3_filler_Offgrid
2026-09-17 22:31:49 +0530: Memory Usage (537548K) : Executing rule metal3_slit_Offgrid
2026-09-17 22:31:49 +0530: Memory Usage (537548K) : Executing rule metal3_opc_Offgrid
2026-09-17 22:31:49 +0530: Memory Usage (537548K) : Executing rule metal3_noqrc_Offgrid
2026-09-17 22:31:49 +0530: Memory Usage (537548K) : Executing rule metal3_res_Offgrid
2026-09-17 22:31:49 +0530: Memory Usage (537548K) : Executing rule metal3_iprobe_Offgrid
2026-09-17 22:31:49 +0530: Memory Usage (537548K) : Executing rule metal3_diffprb_Offgrid
2026-09-17 22:31:49 +0530: Memory Usage (537548K) : Executing rule nwell_drw_Offgrid
2026-09-17 22:31:49 +0530: Memory Usage (537548K) : Executing rule nbulay_drw_Offgrid
2026-09-17 22:31:49 +0530: Memory Usage (537548K) : Executing rule nbulay_block_Offgrid
2026-09-17 22:31:49 +0530: Memory Usage (537548K) : Executing rule pwell_drw_Offgrid
2026-09-17 22:31:49 +0530: Memory Usage (537548K) : Executing rule pwell_block_Offgrid
2026-09-17 22:31:49 +0530: Memory Usage (537548K) : Executing rule emwind_drw_Offgrid
2026-09-17 22:31:49 +0530: Memory Usage (537548K) : Executing rule emwind_opc_Offgrid
2026-09-17 22:31:49 +0530: Memory Usage (537548K) : Executing rule deepco_drw_Offgrid
2026-09-17 22:31:49 +0530: Memory Usage (537548K) : Executing rule mim_drw_Offgrid
2026-09-17 22:31:49 +0530: Memory Usage (537548K) : Executing rule substrate_drw_Offgrid
2026-09-17 22:31:49 +0530: Memory Usage (537548K) : Executing rule ic_drw_Offgrid
2026-09-17 22:31:49 +0530: Memory Usage (537548K) : Executing rule via3_drw_Offgrid
2026-09-17 22:31:49 +0530: Memory Usage (537548K) : Executing rule pldb_drw_Offgrid
2026-09-17 22:31:49 +0530: Memory Usage (537548K) : Executing rule metal4_drw_Offgrid
2026-09-17 22:31:49 +0530: Memory Usage (537548K) : Executing rule metal4_mask_Offgrid
2026-09-17 22:31:49 +0530: Memory Usage (537548K) : Executing rule metal4_filler_Offgrid
2026-09-17 22:31:49 +0530: Memory Usage (537548K) : Executing rule metal4_slit_Offgrid
2026-09-17 22:31:49 +0530: Memory Usage (537548K) : Executing rule metal4_opc_Offgrid
2026-09-17 22:31:49 +0530: Memory Usage (537548K) : Executing rule metal4_noqrc_Offgrid
2026-09-17 22:31:49 +0530: Memory Usage (537548K) : Executing rule metal4_res_Offgrid
2026-09-17 22:31:49 +0530: Memory Usage (537548K) : Executing rule metal4_iprobe_Offgrid
2026-09-17 22:31:49 +0530: Memory Usage (537548K) : Executing rule metal4_diffprb_Offgrid
2026-09-17 22:31:49 +0530: Memory Usage (537548K) : Executing rule via4_drw_Offgrid
2026-09-17 22:31:49 +0530: Memory Usage (537548K) : Executing rule metal5_drw_Offgrid
2026-09-17 22:31:49 +0530: Memory Usage (537548K) : Executing rule metal5_mask_Offgrid
2026-09-17 22:31:49 +0530: Memory Usage (537548K) : Executing rule metal5_filler_Offgrid
2026-09-17 22:31:49 +0530: Memory Usage (537548K) : Executing rule metal5_slit_Offgrid
2026-09-17 22:31:49 +0530: Memory Usage (537548K) : Executing rule metal5_opc_Offgrid
2026-09-17 22:31:49 +0530: Memory Usage (537548K) : Executing rule metal5_noqrc_Offgrid
2026-09-17 22:31:49 +0530: Memory Usage (537548K) : Executing rule metal5_res_Offgrid
2026-09-17 22:31:49 +0530: Memory Usage (537548K) : Executing rule metal5_iprobe_Offgrid
2026-09-17 22:31:49 +0530: Memory Usage (537548K) : Executing rule metal5_diffprb_Offgrid
2026-09-17 22:31:49 +0530: Memory Usage (537548K) : Executing rule prboundary_drw_Offgrid
2026-09-17 22:31:49 +0530: Memory Usage (537548K) : Executing rule exchange0_drw_Offgrid
2026-09-17 22:31:49 +0530: Memory Usage (537548K) : Executing rule exchange1_drw_Offgrid
2026-09-17 22:31:49 +0530: Memory Usage (537548K) : Executing rule exchange2_drw_Offgrid
2026-09-17 22:31:50 +0530: Memory Usage (537548K) : Executing rule exchange3_drw_Offgrid
2026-09-17 22:31:50 +0530: Memory Usage (537548K) : Executing rule exchange4_drw_Offgrid
2026-09-17 22:31:50 +0530: Memory Usage (537548K) : Executing rule isonwell_drw_Offgrid
2026-09-17 22:31:50 +0530: Memory Usage (537548K) : Executing rule thickgateox_drw_Offgrid
2026-09-17 22:31:50 +0530: Memory Usage (537548K) : Executing rule pempoly_drw_Offgrid
2026-09-17 22:31:50 +0530: Memory Usage (537548K) : Executing rule fbe_drw_Offgrid
2026-09-17 22:31:50 +0530: Memory Usage (537548K) : Executing rule empoly_drw_Offgrid
2026-09-17 22:31:50 +0530: Memory Usage (537548K) : Executing rule ldmos_drw_Offgrid
2026-09-17 22:31:50 +0530: Memory Usage (537548K) : Executing rule pbiwind_drw_Offgrid
2026-09-17 22:31:50 +0530: Memory Usage (537548K) : Executing rule colopen_drw_Offgrid
2026-09-17 22:31:50 +0530: Memory Usage (537548K) : Executing rule extblock_drw_Offgrid
2026-09-17 22:31:50 +0530: Memory Usage (537548K) : Executing rule nldd_drw_Offgrid
2026-09-17 22:31:50 +0530: Memory Usage (537548K) : Executing rule pldd_drw_Offgrid
2026-09-17 22:31:50 +0530: Memory Usage (537548K) : Executing rule next_drw_Offgrid
2026-09-17 22:31:50 +0530: Memory Usage (537548K) : Executing rule pext_drw_Offgrid
2026-09-17 22:31:50 +0530: Memory Usage (537548K) : Executing rule nexthv_drw_Offgrid
2026-09-17 22:31:50 +0530: Memory Usage (537548K) : Executing rule pexthv_drw_Offgrid
2026-09-17 22:31:50 +0530: Memory Usage (537548K) : Executing rule graphgate_drw_Offgrid
2026-09-17 22:31:50 +0530: Memory Usage (537548K) : Executing rule mempad_drw_Offgrid
2026-09-17 22:31:50 +0530: Memory Usage (537548K) : Executing rule topvia1_drw_Offgrid
2026-09-17 22:31:50 +0530: Memory Usage (537548K) : Executing rule topmetal1_drw_Offgrid
2026-09-17 22:31:50 +0530: Memory Usage (537548K) : Executing rule topmetal1_mask_Offgrid
2026-09-17 22:31:50 +0530: Memory Usage (537548K) : Executing rule topmetal1_filler_Offgrid
2026-09-17 22:31:50 +0530: Memory Usage (537548K) : Executing rule topmetal1_slit_Offgrid
2026-09-17 22:31:50 +0530: Memory Usage (537548K) : Executing rule topmetal1_noqrc_Offgrid
2026-09-17 22:31:50 +0530: Memory Usage (537548K) : Executing rule topmetal1_res_Offgrid
2026-09-17 22:31:50 +0530: Memory Usage (537548K) : Executing rule topmetal1_iprobe_Offgrid
2026-09-17 22:31:50 +0530: Memory Usage (537548K) : Executing rule topmetal1_diffprb_Offgrid
2026-09-17 22:31:50 +0530: Memory Usage (537548K) : Executing rule inldpwl_drw_Offgrid
2026-09-17 22:31:50 +0530: Memory Usage (537548K) : Executing rule polyres_drw_Offgrid
2026-09-17 22:31:50 +0530: Memory Usage (537548K) : Executing rule vmim_drw_Offgrid
2026-09-17 22:31:50 +0530: Memory Usage (537548K) : Executing rule nbulaycut_drw_Offgrid
2026-09-17 22:31:50 +0530: Memory Usage (537548K) : Executing rule antmetal1_drw_Offgrid
2026-09-17 22:31:50 +0530: Memory Usage (537548K) : Executing rule topvia2_drw_Offgrid
2026-09-17 22:31:50 +0530: Memory Usage (537548K) : Executing rule topmetal2_drw_Offgrid
2026-09-17 22:31:50 +0530: Memory Usage (537548K) : Executing rule topmetal2_mask_Offgrid
2026-09-17 22:31:50 +0530: Memory Usage (537548K) : Executing rule topmetal2_filler_Offgrid
2026-09-17 22:31:50 +0530: Memory Usage (537548K) : Executing rule topmetal2_slit_Offgrid
2026-09-17 22:31:50 +0530: Memory Usage (537548K) : Executing rule topmetal2_noqrc_Offgrid
2026-09-17 22:31:50 +0530: Memory Usage (537548K) : Executing rule topmetal2_res_Offgrid
2026-09-17 22:31:50 +0530: Memory Usage (537548K) : Executing rule topmetal2_iprobe_Offgrid
2026-09-17 22:31:50 +0530: Memory Usage (537548K) : Executing rule topmetal2_diffprb_Offgrid
2026-09-17 22:31:50 +0530: Memory Usage (537548K) : Executing rule snsring_drw_Offgrid
2026-09-17 22:31:50 +0530: Memory Usage (537548K) : Executing rule sensor_drw_Offgrid
2026-09-17 22:31:50 +0530: Memory Usage (537548K) : Executing rule snsarms_drw_Offgrid
2026-09-17 22:31:50 +0530: Memory Usage (537548K) : Executing rule snscmosvia_drw_Offgrid
2026-09-17 22:31:50 +0530: Memory Usage (537548K) : Executing rule colwind_drw_Offgrid
2026-09-17 22:31:50 +0530: Memory Usage (537548K) : Executing rule flm_drw_Offgrid
2026-09-17 22:31:50 +0530: Memory Usage (537548K) : Executing rule hafniumox_drw_Offgrid
2026-09-17 22:31:50 +0530: Memory Usage (537548K) : Executing rule memvia_drw_Offgrid
2026-09-17 22:31:50 +0530: Memory Usage (537548K) : Executing rule thinfilmres_drw_Offgrid
2026-09-17 22:31:50 +0530: Memory Usage (537548K) : Executing rule rfmem_drw_Offgrid
2026-09-17 22:31:50 +0530: Memory Usage (537548K) : Executing rule snsbotvia_drw_Offgrid
2026-09-17 22:31:50 +0530: Memory Usage (537548K) : Executing rule snstopvia_drw_Offgrid
2026-09-17 22:31:50 +0530: Memory Usage (537548K) : Executing rule deepvia_drw_Offgrid
2026-09-17 22:31:50 +0530: Memory Usage (537548K) : Executing rule fgetch_drw_Offgrid
2026-09-17 22:31:50 +0530: Memory Usage (537548K) : Executing rule ctrgat_drw_Offgrid
2026-09-17 22:31:50 +0530: Memory Usage (537548K) : Executing rule fgimp_drw_Offgrid
2026-09-17 22:31:50 +0530: Memory Usage (537548K) : Executing rule emwihv_drw_Offgrid
2026-09-17 22:31:50 +0530: Memory Usage (537548K) : Executing rule lbe_drw_Offgrid
2026-09-17 22:31:50 +0530: Memory Usage (537548K) : Executing rule alcustop_drw_Offgrid
2026-09-17 22:31:50 +0530: Memory Usage (537548K) : Starting 3.2. angle table
2026-09-17 22:31:50 +0530: Memory Usage (537548K) : Executing rule activ_drw_Acute
2026-09-17 22:31:50 +0530: Memory Usage (537548K) : Executing rule activ_pin_Acute
2026-09-17 22:31:50 +0530: Memory Usage (537548K) : Executing rule activ_mask_Acute
2026-09-17 22:31:50 +0530: Memory Usage (537548K) : Executing rule activ_filler_Acute
2026-09-17 22:31:50 +0530: Memory Usage (537548K) : Executing rule activ_nofill_Acute
2026-09-17 22:31:50 +0530: Memory Usage (537548K) : Executing rule activ_opc_Acute
2026-09-17 22:31:50 +0530: Memory Usage (537548K) : Executing rule activ_iopc_Acute
2026-09-17 22:31:50 +0530: Memory Usage (537548K) : Executing rule activ_noqrc_Acute
2026-09-17 22:31:50 +0530: Memory Usage (537548K) : Executing rule biwind_drw_Acute
2026-09-17 22:31:50 +0530: Memory Usage (537548K) : Executing rule biwind_opc_Acute
2026-09-17 22:31:50 +0530: Memory Usage (537548K) : Executing rule pemwind_drw_Acute
2026-09-17 22:31:50 +0530: Memory Usage (537548K) : Executing rule gatpoly_drw_Acute
2026-09-17 22:31:51 +0530: Memory Usage (537548K) : Executing rule gatpoly_pin_Acute
2026-09-17 22:31:51 +0530: Memory Usage (537548K) : Executing rule gatpoly_filler_Acute
2026-09-17 22:31:51 +0530: Memory Usage (537548K) : Executing rule gatpoly_nofill_Acute
2026-09-17 22:31:51 +0530: Memory Usage (537548K) : Executing rule gatpoly_opc_Acute
2026-09-17 22:31:51 +0530: Memory Usage (537548K) : Executing rule gatpoly_iopc_Acute
2026-09-17 22:31:51 +0530: Memory Usage (537548K) : Executing rule gatpoly_noqrc_Acute
2026-09-17 22:31:51 +0530: Memory Usage (537548K) : Executing rule cont_drw_Acute
2026-09-17 22:31:51 +0530: Memory Usage (548044K) : Executing rule cont_opc_Acute
2026-09-17 22:31:51 +0530: Memory Usage (548044K) : Executing rule nsd_drw_Acute
2026-09-17 22:31:51 +0530: Memory Usage (548044K) : Executing rule nsd_block_Acute
2026-09-17 22:31:51 +0530: Memory Usage (548044K) : Executing rule metal1_drw_Acute
2026-09-17 22:31:51 +0530: Memory Usage (548044K) : Executing rule metal1_pin_Acute
2026-09-17 22:31:51 +0530: Memory Usage (548044K) : Executing rule metal1_mask_Acute
2026-09-17 22:31:51 +0530: Memory Usage (548044K) : Executing rule metal1_filler_Acute
2026-09-17 22:31:51 +0530: Memory Usage (548044K) : Executing rule metal1_nofill_Acute
2026-09-17 22:31:51 +0530: Memory Usage (548044K) : Executing rule metal1_slit_Acute
2026-09-17 22:31:51 +0530: Memory Usage (548044K) : Executing rule metal1_opc_Acute
2026-09-17 22:31:51 +0530: Memory Usage (548044K) : Executing rule metal1_noqrc_Acute
2026-09-17 22:31:51 +0530: Memory Usage (548044K) : Executing rule metal1_res_Acute
2026-09-17 22:31:51 +0530: Memory Usage (548044K) : Executing rule metal1_iprobe_Acute
2026-09-17 22:31:51 +0530: Memory Usage (548044K) : Executing rule metal1_diffprb_Acute
2026-09-17 22:31:51 +0530: Memory Usage (548044K) : Executing rule passiv_drw_Acute
2026-09-17 22:31:51 +0530: Memory Usage (548044K) : Executing rule passiv_pin_Acute
2026-09-17 22:31:51 +0530: Memory Usage (548044K) : Executing rule passiv_pillar_Acute
2026-09-17 22:31:51 +0530: Memory Usage (548044K) : Executing rule passiv_sbump_Acute
2026-09-17 22:31:51 +0530: Memory Usage (548044K) : Executing rule passiv_pdl_Acute
2026-09-17 22:31:51 +0530: Memory Usage (548044K) : Executing rule metal2_drw_Acute
2026-09-17 22:31:52 +0530: Memory Usage (548044K) : Executing rule metal2_pin_Acute
2026-09-17 22:31:52 +0530: Memory Usage (548044K) : Executing rule metal2_mask_Acute
2026-09-17 22:31:52 +0530: Memory Usage (548044K) : Executing rule metal2_filler_Acute
2026-09-17 22:31:52 +0530: Memory Usage (548044K) : Executing rule metal2_nofill_Acute
2026-09-17 22:31:52 +0530: Memory Usage (548044K) : Executing rule metal2_slit_Acute
2026-09-17 22:31:52 +0530: Memory Usage (548044K) : Executing rule metal2_opc_Acute
2026-09-17 22:31:52 +0530: Memory Usage (548044K) : Executing rule metal2_noqrc_Acute
2026-09-17 22:31:52 +0530: Memory Usage (548044K) : Executing rule metal2_res_Acute
2026-09-17 22:31:52 +0530: Memory Usage (548044K) : Executing rule metal2_iprobe_Acute
2026-09-17 22:31:52 +0530: Memory Usage (548044K) : Executing rule metal2_diffprb_Acute
2026-09-17 22:31:52 +0530: Memory Usage (548044K) : Executing rule baspoly_drw_Acute
2026-09-17 22:31:52 +0530: Memory Usage (548044K) : Executing rule baspoly_pin_Acute
2026-09-17 22:31:52 +0530: Memory Usage (548044K) : Executing rule psd_drw_Acute
2026-09-17 22:31:52 +0530: Memory Usage (548044K) : Executing rule nldb_drw_Acute
2026-09-17 22:31:52 +0530: Memory Usage (548044K) : Executing rule via1_drw_Acute
2026-09-17 22:31:52 +0530: Memory Usage (548044K) : Executing rule backmetal1_drw_Acute
2026-09-17 22:31:52 +0530: Memory Usage (548044K) : Executing rule backmetal1_pin_Acute
2026-09-17 22:31:52 +0530: Memory Usage (548044K) : Executing rule backmetal1_mask_Acute
2026-09-17 22:31:52 +0530: Memory Usage (548044K) : Executing rule backmetal1_filler_Acute
2026-09-17 22:31:52 +0530: Memory Usage (548044K) : Executing rule backmetal1_nofill_Acute
2026-09-17 22:31:52 +0530: Memory Usage (548044K) : Executing rule backmetal1_slit_Acute
2026-09-17 22:31:52 +0530: Memory Usage (548044K) : Executing rule backmetal1_opc_Acute
2026-09-17 22:31:52 +0530: Memory Usage (548044K) : Executing rule backmetal1_noqrc_Acute
2026-09-17 22:31:52 +0530: Memory Usage (548044K) : Executing rule backmetal1_res_Acute
2026-09-17 22:31:52 +0530: Memory Usage (548044K) : Executing rule backmetal1_iprobe_Acute
2026-09-17 22:31:52 +0530: Memory Usage (548044K) : Executing rule backmetal1_diffprb_Acute
2026-09-17 22:31:52 +0530: Memory Usage (548044K) : Executing rule backpassiv_drw_Acute
2026-09-17 22:31:52 +0530: Memory Usage (548044K) : Executing rule salblock_drw_Acute
2026-09-17 22:31:52 +0530: Memory Usage (548044K) : Executing rule via2_drw_Acute
2026-09-17 22:31:52 +0530: Memory Usage (548044K) : Executing rule metal3_drw_Acute
2026-09-17 22:31:52 +0530: Memory Usage (548044K) : Executing rule metal3_pin_Acute
2026-09-17 22:31:52 +0530: Memory Usage (548044K) : Executing rule metal3_mask_Acute
2026-09-17 22:31:52 +0530: Memory Usage (548044K) : Executing rule metal3_filler_Acute
2026-09-17 22:31:52 +0530: Memory Usage (548044K) : Executing rule metal3_nofill_Acute
2026-09-17 22:31:52 +0530: Memory Usage (548044K) : Executing rule metal3_slit_Acute
2026-09-17 22:31:52 +0530: Memory Usage (548044K) : Executing rule metal3_opc_Acute
2026-09-17 22:31:52 +0530: Memory Usage (548044K) : Executing rule metal3_noqrc_Acute
2026-09-17 22:31:52 +0530: Memory Usage (548044K) : Executing rule metal3_res_Acute
2026-09-17 22:31:52 +0530: Memory Usage (548044K) : Executing rule metal3_iprobe_Acute
2026-09-17 22:31:52 +0530: Memory Usage (548044K) : Executing rule metal3_diffprb_Acute
2026-09-17 22:31:52 +0530: Memory Usage (548044K) : Executing rule nwell_drw_Acute
2026-09-17 22:31:52 +0530: Memory Usage (548044K) : Executing rule nwell_pin_Acute
2026-09-17 22:31:52 +0530: Memory Usage (548044K) : Executing rule nbulay_drw_Acute
2026-09-17 22:31:52 +0530: Memory Usage (548044K) : Executing rule nbulay_pin_Acute
2026-09-17 22:31:52 +0530: Memory Usage (548044K) : Executing rule nbulay_block_Acute
2026-09-17 22:31:52 +0530: Memory Usage (548044K) : Executing rule pwell_drw_Acute
2026-09-17 22:31:52 +0530: Memory Usage (548044K) : Executing rule pwell_pin_Acute
2026-09-17 22:31:52 +0530: Memory Usage (548044K) : Executing rule pwell_block_Acute
2026-09-17 22:31:52 +0530: Memory Usage (548044K) : Executing rule emwind_drw_Acute
2026-09-17 22:31:52 +0530: Memory Usage (548044K) : Executing rule emwind_opc_Acute
2026-09-17 22:31:52 +0530: Memory Usage (548044K) : Executing rule deepco_drw_Acute
2026-09-17 22:31:52 +0530: Memory Usage (548044K) : Executing rule mim_drw_Acute
2026-09-17 22:31:52 +0530: Memory Usage (548044K) : Executing rule substrate_drw_Acute
2026-09-17 22:31:52 +0530: Memory Usage (548044K) : Executing rule ic_drw_Acute
2026-09-17 22:31:52 +0530: Memory Usage (548044K) : Executing rule via3_drw_Acute
2026-09-17 22:31:52 +0530: Memory Usage (548044K) : Executing rule pldb_drw_Acute
2026-09-17 22:31:52 +0530: Memory Usage (548044K) : Executing rule metal4_drw_Acute
2026-09-17 22:31:52 +0530: Memory Usage (548044K) : Executing rule metal4_pin_Acute
2026-09-17 22:31:53 +0530: Memory Usage (548044K) : Executing rule metal4_mask_Acute
2026-09-17 22:31:53 +0530: Memory Usage (548044K) : Executing rule metal4_filler_Acute
2026-09-17 22:31:53 +0530: Memory Usage (548044K) : Executing rule metal4_nofill_Acute
2026-09-17 22:31:53 +0530: Memory Usage (548044K) : Executing rule metal4_slit_Acute
2026-09-17 22:31:53 +0530: Memory Usage (548044K) : Executing rule metal4_opc_Acute
2026-09-17 22:31:53 +0530: Memory Usage (548044K) : Executing rule metal4_noqrc_Acute
2026-09-17 22:31:53 +0530: Memory Usage (548044K) : Executing rule metal4_res_Acute
2026-09-17 22:31:53 +0530: Memory Usage (548044K) : Executing rule metal4_iprobe_Acute
2026-09-17 22:31:53 +0530: Memory Usage (548044K) : Executing rule metal4_diffprb_Acute
2026-09-17 22:31:53 +0530: Memory Usage (548044K) : Executing rule via4_drw_Acute
2026-09-17 22:31:53 +0530: Memory Usage (548044K) : Executing rule metal5_drw_Acute
2026-09-17 22:31:53 +0530: Memory Usage (548044K) : Executing rule metal5_pin_Acute
2026-09-17 22:31:53 +0530: Memory Usage (548044K) : Executing rule metal5_mask_Acute
2026-09-17 22:31:53 +0530: Memory Usage (548044K) : Executing rule metal5_filler_Acute
2026-09-17 22:31:53 +0530: Memory Usage (548044K) : Executing rule metal5_nofill_Acute
2026-09-17 22:31:53 +0530: Memory Usage (548044K) : Executing rule metal5_slit_Acute
2026-09-17 22:31:53 +0530: Memory Usage (548044K) : Executing rule metal5_opc_Acute
2026-09-17 22:31:53 +0530: Memory Usage (548044K) : Executing rule metal5_noqrc_Acute
2026-09-17 22:31:53 +0530: Memory Usage (548044K) : Executing rule metal5_res_Acute
2026-09-17 22:31:53 +0530: Memory Usage (548044K) : Executing rule metal5_iprobe_Acute
2026-09-17 22:31:53 +0530: Memory Usage (548044K) : Executing rule metal5_diffprb_Acute
2026-09-17 22:31:53 +0530: Memory Usage (548044K) : Executing rule prboundary_drw_Acute
2026-09-17 22:31:53 +0530: Memory Usage (548044K) : Executing rule exchange0_drw_Acute
2026-09-17 22:31:53 +0530: Memory Usage (548044K) : Executing rule exchange0_pin_Acute
2026-09-17 22:31:53 +0530: Memory Usage (548044K) : Executing rule exchange1_drw_Acute
2026-09-17 22:31:53 +0530: Memory Usage (548044K) : Executing rule exchange1_pin_Acute
2026-09-17 22:31:53 +0530: Memory Usage (548044K) : Executing rule exchange2_drw_Acute
2026-09-17 22:31:53 +0530: Memory Usage (548044K) : Executing rule exchange2_pin_Acute
2026-09-17 22:31:53 +0530: Memory Usage (548044K) : Executing rule exchange3_drw_Acute
2026-09-17 22:31:53 +0530: Memory Usage (548044K) : Executing rule exchange3_pin_Acute
2026-09-17 22:31:53 +0530: Memory Usage (548044K) : Executing rule exchange4_drw_Acute
2026-09-17 22:31:53 +0530: Memory Usage (548044K) : Executing rule exchange4_pin_Acute
2026-09-17 22:31:53 +0530: Memory Usage (548044K) : Executing rule isonwell_drw_Acute
2026-09-17 22:31:53 +0530: Memory Usage (548044K) : Executing rule thickgateox_drw_Acute
2026-09-17 22:31:53 +0530: Memory Usage (548044K) : Executing rule pempoly_drw_Acute
2026-09-17 22:31:53 +0530: Memory Usage (548044K) : Executing rule fbe_drw_Acute
2026-09-17 22:31:53 +0530: Memory Usage (548044K) : Executing rule empoly_drw_Acute
2026-09-17 22:31:53 +0530: Memory Usage (548044K) : Executing rule ldmos_drw_Acute
2026-09-17 22:31:53 +0530: Memory Usage (548172K) : Executing rule pbiwind_drw_Acute
2026-09-17 22:31:53 +0530: Memory Usage (548172K) : Executing rule colopen_drw_Acute
2026-09-17 22:31:53 +0530: Memory Usage (548172K) : Executing rule extblock_drw_Acute
2026-09-17 22:31:53 +0530: Memory Usage (548172K) : Executing rule nldd_drw_Acute
2026-09-17 22:31:53 +0530: Memory Usage (548172K) : Executing rule pldd_drw_Acute
2026-09-17 22:31:53 +0530: Memory Usage (548172K) : Executing rule next_drw_Acute
2026-09-17 22:31:53 +0530: Memory Usage (548172K) : Executing rule pext_drw_Acute
2026-09-17 22:31:53 +0530: Memory Usage (548172K) : Executing rule nexthv_drw_Acute
2026-09-17 22:31:53 +0530: Memory Usage (548172K) : Executing rule pexthv_drw_Acute
2026-09-17 22:31:53 +0530: Memory Usage (548172K) : Executing rule graphgate_drw_Acute
2026-09-17 22:31:53 +0530: Memory Usage (548172K) : Executing rule mempad_drw_Acute
2026-09-17 22:31:53 +0530: Memory Usage (548172K) : Executing rule topvia1_drw_Acute
2026-09-17 22:31:53 +0530: Memory Usage (548172K) : Executing rule topmetal1_drw_Acute
2026-09-17 22:31:53 +0530: Memory Usage (548172K) : Executing rule topmetal1_pin_Acute
2026-09-17 22:31:53 +0530: Memory Usage (548172K) : Executing rule topmetal1_mask_Acute
2026-09-17 22:31:53 +0530: Memory Usage (548172K) : Executing rule topmetal1_filler_Acute
2026-09-17 22:31:53 +0530: Memory Usage (548172K) : Executing rule topmetal1_nofill_Acute
2026-09-17 22:31:53 +0530: Memory Usage (548172K) : Executing rule topmetal1_slit_Acute
2026-09-17 22:31:53 +0530: Memory Usage (548172K) : Executing rule topmetal1_noqrc_Acute
2026-09-17 22:31:53 +0530: Memory Usage (548172K) : Executing rule topmetal1_res_Acute
2026-09-17 22:31:53 +0530: Memory Usage (548172K) : Executing rule topmetal1_iprobe_Acute
2026-09-17 22:31:53 +0530: Memory Usage (548172K) : Executing rule topmetal1_diffprb_Acute
2026-09-17 22:31:53 +0530: Memory Usage (548172K) : Executing rule inldpwl_drw_Acute
2026-09-17 22:31:53 +0530: Memory Usage (548172K) : Executing rule polyres_drw_Acute
2026-09-17 22:31:53 +0530: Memory Usage (548172K) : Executing rule polyres_pin_Acute
2026-09-17 22:31:53 +0530: Memory Usage (548172K) : Executing rule vmim_drw_Acute
2026-09-17 22:31:53 +0530: Memory Usage (548172K) : Executing rule nbulaycut_drw_Acute
2026-09-17 22:31:53 +0530: Memory Usage (548172K) : Executing rule antmetal1_drw_Acute
2026-09-17 22:31:53 +0530: Memory Usage (548172K) : Executing rule topvia2_drw_Acute
2026-09-17 22:31:53 +0530: Memory Usage (548172K) : Executing rule topmetal2_drw_Acute
2026-09-17 22:31:53 +0530: Memory Usage (548172K) : Executing rule topmetal2_pin_Acute
2026-09-17 22:31:54 +0530: Memory Usage (548172K) : Executing rule topmetal2_mask_Acute
2026-09-17 22:31:54 +0530: Memory Usage (548172K) : Executing rule topmetal2_filler_Acute
2026-09-17 22:31:54 +0530: Memory Usage (548172K) : Executing rule topmetal2_nofill_Acute
2026-09-17 22:31:54 +0530: Memory Usage (548172K) : Executing rule topmetal2_slit_Acute
2026-09-17 22:31:54 +0530: Memory Usage (548172K) : Executing rule topmetal2_noqrc_Acute
2026-09-17 22:31:54 +0530: Memory Usage (548172K) : Executing rule topmetal2_res_Acute
2026-09-17 22:31:54 +0530: Memory Usage (548172K) : Executing rule topmetal2_iprobe_Acute
2026-09-17 22:31:54 +0530: Memory Usage (548172K) : Executing rule topmetal2_diffprb_Acute
2026-09-17 22:31:54 +0530: Memory Usage (548172K) : Executing rule snsring_drw_Acute
2026-09-17 22:31:54 +0530: Memory Usage (548172K) : Executing rule sensor_drw_Acute
2026-09-17 22:31:54 +0530: Memory Usage (548172K) : Executing rule snsarms_drw_Acute
2026-09-17 22:31:54 +0530: Memory Usage (548172K) : Executing rule snscmosvia_drw_Acute
2026-09-17 22:31:54 +0530: Memory Usage (548172K) : Executing rule colwind_drw_Acute
2026-09-17 22:31:54 +0530: Memory Usage (548172K) : Executing rule flm_drw_Acute
2026-09-17 22:31:54 +0530: Memory Usage (548172K) : Executing rule hafniumox_drw_Acute
2026-09-17 22:31:54 +0530: Memory Usage (548172K) : Executing rule memvia_drw_Acute
2026-09-17 22:31:54 +0530: Memory Usage (548172K) : Executing rule thinfilmres_drw_Acute
2026-09-17 22:31:54 +0530: Memory Usage (548172K) : Executing rule rfmem_drw_Acute
2026-09-17 22:31:54 +0530: Memory Usage (548172K) : Executing rule snsbotvia_drw_Acute
2026-09-17 22:31:54 +0530: Memory Usage (548172K) : Executing rule snstopvia_drw_Acute
2026-09-17 22:31:54 +0530: Memory Usage (548172K) : Executing rule deepvia_drw_Acute
2026-09-17 22:31:54 +0530: Memory Usage (548172K) : Executing rule fgetch_drw_Acute
2026-09-17 22:31:54 +0530: Memory Usage (548172K) : Executing rule ctrgat_drw_Acute
2026-09-17 22:31:54 +0530: Memory Usage (548172K) : Executing rule fgimp_drw_Acute
2026-09-17 22:31:54 +0530: Memory Usage (548172K) : Executing rule emwihv_drw_Acute
2026-09-17 22:31:54 +0530: Memory Usage (548172K) : Executing rule lbe_drw_Acute
2026-09-17 22:31:54 +0530: Memory Usage (548172K) : Executing rule alcustop_drw_Acute
2026-09-17 22:31:54 +0530: Memory Usage (548172K) : Executing rule cont_drw_Angle90
2026-09-17 22:31:55 +0530: Memory Usage (561868K) : Executing rule via1_drw_Angle90
2026-09-17 22:31:55 +0530: Memory Usage (561996K) : Executing rule via2_drw_Angle90
2026-09-17 22:31:55 +0530: Memory Usage (562124K) : Executing rule via3_drw_Angle90
2026-09-17 22:31:55 +0530: Memory Usage (562124K) : Executing rule via4_drw_Angle90
2026-09-17 22:31:55 +0530: Memory Usage (562252K) : Executing rule vmim_drw_Angle90
2026-09-17 22:31:55 +0530: Memory Usage (562252K) : Executing rule topvia1_drw_Angle90
2026-09-17 22:31:55 +0530: Memory Usage (562252K) : Executing rule topvia2_drw_Angle90
2026-09-17 22:31:55 +0530: Memory Usage (562252K) : Executing rule gatpoly_drw_Angle45
2026-09-17 22:31:55 +0530: Memory Usage (562380K) : Executing rule activ_drw_Angle45
2026-09-17 22:31:55 +0530: Memory Usage (564428K) : Executing rule metal1_drw_Angle45
2026-09-17 22:31:56 +0530: Memory Usage (571724K) : Executing rule metal2_drw_Angle45
2026-09-17 22:31:57 +0530: Memory Usage (576204K) : Executing rule metal3_drw_Angle45
2026-09-17 22:31:57 +0530: Memory Usage (577100K) : Executing rule metal4_drw_Angle45
2026-09-17 22:31:57 +0530: Memory Usage (577100K) : Executing rule metal5_drw_Angle45
2026-09-17 22:31:57 +0530: Memory Usage (577228K) : Executing rule topmetal1_drw_Angle45
2026-09-17 22:31:57 +0530: Memory Usage (577228K) : Executing rule topmetal2_drw_Angle45
2026-09-17 22:31:57 +0530: Memory Usage (577228K) : Starting 3.2. FORBIDDEN table
2026-09-17 22:31:57 +0530: Memory Usage (577228K) : Executing rule forbidden.biwind
2026-09-17 22:31:57 +0530: Memory Usage (577228K) : Executing rule forbidden.pemwind
2026-09-17 22:31:57 +0530: Memory Usage (577228K) : Executing rule forbidden.baspoly
2026-09-17 22:31:57 +0530: Memory Usage (577228K) : Executing rule forbidden.deepco
2026-09-17 22:31:57 +0530: Memory Usage (577228K) : Executing rule forbidden.pempoly
2026-09-17 22:31:57 +0530: Memory Usage (577228K) : Executing rule forbidden.empoly
2026-09-17 22:31:57 +0530: Memory Usage (577228K) : Executing rule forbidden.ldmos
2026-09-17 22:31:57 +0530: Memory Usage (577228K) : Executing rule forbidden.pbiwind
2026-09-17 22:31:57 +0530: Memory Usage (577228K) : Executing rule forbidden.nodrc
2026-09-17 22:31:57 +0530: Memory Usage (577228K) : Executing rule forbidden.flash
2026-09-17 22:31:57 +0530: Memory Usage (577228K) : Executing rule forbidden.colwind
2026-09-17 22:31:57 +0530: Memory Usage (577228K) : KLayout DRC run for tables 'main' completed in 18.32 seconds
