Netgen 1.5.316 compiled on Tue Feb 10 11:09:08 UTC 2026
Warning: netgen command 'format' use fully-qualified name '::netgen::format'
Warning: netgen command 'global' use fully-qualified name '::netgen::global'
Warning:  A case-insensitive file has been read and so the	verilog file must be treated case-insensitive to match.
Reading SPICE netlist file '/home/jaikrishn/IHP-Open-PDK/ihp-sg13g2/libs.ref/sg13g2_stdcell/spice/sg13g2_stdcell.spice'...
Call to undefined subcircuit sg13_lv_nmos
Creating placeholder cell definition.
Call to undefined subcircuit sg13_lv_pmos
Creating placeholder cell definition.
Call to undefined subcircuit dantenna
Creating placeholder cell definition.
Call to undefined subcircuit dpantenna
Creating placeholder cell definition.
Reading SPICE netlist file '/home/jaikrishn/IHP-Open-PDK/ihp-sg13g2/libs.ref/sg13g2_io/spice/sg13g2_io.spice'...
Call to undefined subcircuit ptap1
Creating placeholder cell definition.
Call to undefined subcircuit sg13_hv_nmos
Creating placeholder cell definition.
Call to undefined subcircuit rppd
Creating placeholder cell definition.
Call to undefined subcircuit sg13_hv_pmos
Creating placeholder cell definition.
Reading Verilog netlist file '/home/jaikrishn/Documents/hardware/picorv32_axi4lite_port/phyisical_design/macros/ram/runs/run_1/53-openroad-fillinsertion/ram_macro.pnl.v'...
Warning:  A case-insensitive file has been read and so the	verilog file must be treated case-insensitive to match.
Note:  Implicit pin Y in instance clkload0 of sg13g2_inv_1 in cell ram_macro
Note:  Implicit pin Y in instance clkload1 of sg13g2_inv_1 in cell ram_macro
Note:  Implicit pin Y in instance clkload10 of sg13g2_inv_1 in cell ram_macro
Note:  Implicit pin Y in instance clkload11 of sg13g2_inv_1 in cell ram_macro
Note:  Implicit pin Y in instance clkload12 of sg13g2_inv_1 in cell ram_macro
Note:  Implicit pin Y in instance clkload13 of sg13g2_inv_1 in cell ram_macro
Note:  Implicit pin Y in instance clkload14 of sg13g2_inv_1 in cell ram_macro
Note:  Implicit pin Y in instance clkload2 of sg13g2_inv_1 in cell ram_macro
Note:  Implicit pin Y in instance clkload3 of sg13g2_inv_1 in cell ram_macro
Note:  Implicit pin Y in instance clkload4 of sg13g2_inv_1 in cell ram_macro
Note:  Implicit pin Y in instance clkload5 of sg13g2_inv_1 in cell ram_macro
Note:  Implicit pin Y in instance clkload6 of sg13g2_inv_1 in cell ram_macro
Note:  Implicit pin Y in instance clkload7 of sg13g2_inv_1 in cell ram_macro
Note:  Implicit pin Y in instance clkload8 of sg13g2_inv_1 in cell ram_macro
Note:  Implicit pin Y in instance clkload9 of sg13g2_inv_1 in cell ram_macro
Creating placeholder cell definition for module RM_IHPSG13_1P_1024x32_c2_bm_bist.
Treating empty subcircuits as black-box cells
Generating JSON file result

Reading setup file /nix/store/8y4m6wgn5kqlbig1qwnwbxijqqp0jwib-python3-3.13.9-env/lib/python3.13/site-packages/librelane/scripts/netgen/setup.tcl

Model ptap1 pin 1 == 2
No property w found for device ptap1
No property l found for device ptap1
No property l found for device ptap1
No property w found for device ptap1
No property l found for device ptap1
No property w found for device ptap1
No property b found for device ptap1
Model rppd pin 1 == 2
No property b found for device rppd
Model sg13_hv_nmos pin 1 == 3
No property trise found for device sg13_hv_nmos
No property z1 found for device sg13_hv_nmos
No property z2 found for device sg13_hv_nmos
No property wmin found for device sg13_hv_nmos
No property rfmode found for device sg13_hv_nmos
No property pre_layout found for device sg13_hv_nmos
Model sg13_hv_pmos pin 1 == 3
No property trise found for device sg13_hv_pmos
No property z1 found for device sg13_hv_pmos
No property z2 found for device sg13_hv_pmos
No property wmin found for device sg13_hv_pmos
No property rfmode found for device sg13_hv_pmos
No property pre_layout found for device sg13_hv_pmos
Model sg13_lv_nmos pin 1 == 3
No property trise found for device sg13_lv_nmos
No property z1 found for device sg13_lv_nmos
No property z2 found for device sg13_lv_nmos
No property wmin found for device sg13_lv_nmos
No property rfmode found for device sg13_lv_nmos
No property pre_layout found for device sg13_lv_nmos
Model sg13_lv_pmos pin 1 == 3
No property trise found for device sg13_lv_pmos
No property z1 found for device sg13_lv_pmos
No property z2 found for device sg13_lv_pmos
No property wmin found for device sg13_lv_pmos
No property rfmode found for device sg13_lv_pmos
No property pre_layout found for device sg13_lv_pmos
No property DEV_A found for device dantenna
No property DEV_P found for device dantenna
No property DEV_C found for device dantenna
No property DEV_A found for device dpantenna
No property DEV_P found for device dpantenna
No property DEV_C found for device dpantenna
Comparison output logged to file /home/jaikrishn/Documents/hardware/picorv32_axi4lite_port/phyisical_design/macros/ram/runs/run_1/71-netgen-lvs/reports/lvs.netgen.rpt
Logging to file "/home/jaikrishn/Documents/hardware/picorv32_axi4lite_port/phyisical_design/macros/ram/runs/run_1/71-netgen-lvs/reports/lvs.netgen.rpt" enabled

Contents of circuit 1:  Circuit: 'sg13g2_decap_8'
Circuit sg13g2_decap_8 contains 0 device instances.
Circuit contains 0 nets, and 2 disconnected pins.
Contents of circuit 2:  Circuit: 'sg13g2_decap_8'
Circuit sg13g2_decap_8 contains 2 device instances.
  Class: sg13_lv_pmos          instances:   1
  Class: sg13_lv_nmos          instances:   1
Circuit contains 2 nets.

Circuit sg13g2_decap_8 contains no devices.

Contents of circuit 1:  Circuit: 'sg13g2_dlygate4sd3_1'
Circuit sg13g2_dlygate4sd3_1 contains 0 device instances.
Circuit contains 0 nets, and 4 disconnected pins.
Contents of circuit 2:  Circuit: 'sg13g2_dlygate4sd3_1'
Circuit sg13g2_dlygate4sd3_1 contains 8 device instances.
  Class: sg13_lv_pmos          instances:   4
  Class: sg13_lv_nmos          instances:   4
Circuit contains 7 nets.

Circuit sg13g2_dlygate4sd3_1 contains no devices.

Contents of circuit 1:  Circuit: 'sg13g2_inv_1'
Circuit sg13g2_inv_1 contains 0 device instances.
Circuit contains 0 nets, and 4 disconnected pins.
Contents of circuit 2:  Circuit: 'sg13g2_inv_1'
Circuit sg13g2_inv_1 contains 2 device instances.
  Class: sg13_lv_pmos          instances:   1
  Class: sg13_lv_nmos          instances:   1
Circuit contains 4 nets.

Circuit sg13g2_inv_1 contains no devices.

Contents of circuit 1:  Circuit: 'sg13g2_fill_1'
Circuit sg13g2_fill_1 contains 0 device instances.
Circuit contains 0 nets, and 2 disconnected pins.
Contents of circuit 2:  Circuit: 'sg13g2_fill_1'
Circuit sg13g2_fill_1 contains 0 device instances.
Circuit contains 0 nets, and 2 disconnected pins.

Circuit sg13g2_fill_1 contains no devices.

Contents of circuit 1:  Circuit: 'sg13g2_nand3_1'
Circuit sg13g2_nand3_1 contains 0 device instances.
Circuit contains 0 nets, and 6 disconnected pins.
Contents of circuit 2:  Circuit: 'sg13g2_nand3_1'
Circuit sg13g2_nand3_1 contains 6 device instances.
  Class: sg13_lv_pmos          instances:   3
  Class: sg13_lv_nmos          instances:   3
Circuit contains 8 nets.

Circuit sg13g2_nand3_1 contains no devices.

Contents of circuit 1:  Circuit: 'sg13g2_decap_4'
Circuit sg13g2_decap_4 contains 0 device instances.
Circuit contains 0 nets, and 2 disconnected pins.
Contents of circuit 2:  Circuit: 'sg13g2_decap_4'
Circuit sg13g2_decap_4 contains 2 device instances.
  Class: sg13_lv_pmos          instances:   1
  Class: sg13_lv_nmos          instances:   1
Circuit contains 2 nets.

Circuit sg13g2_decap_4 contains no devices.

Contents of circuit 1:  Circuit: 'sg13g2_fill_2'
Circuit sg13g2_fill_2 contains 0 device instances.
Circuit contains 0 nets, and 2 disconnected pins.
Contents of circuit 2:  Circuit: 'sg13g2_fill_2'
Circuit sg13g2_fill_2 contains 0 device instances.
Circuit contains 0 nets, and 2 disconnected pins.

Circuit sg13g2_fill_2 contains no devices.

Contents of circuit 1:  Circuit: 'sg13g2_nand2b_1'
Circuit sg13g2_nand2b_1 contains 0 device instances.
Circuit contains 0 nets, and 5 disconnected pins.
Contents of circuit 2:  Circuit: 'sg13g2_nand2b_1'
Circuit sg13g2_nand2b_1 contains 6 device instances.
  Class: sg13_lv_pmos          instances:   3
  Class: sg13_lv_nmos          instances:   3
Circuit contains 7 nets.

Circuit sg13g2_nand2b_1 contains no devices.

Contents of circuit 1:  Circuit: 'sg13g2_dfrbpq_1'
Circuit sg13g2_dfrbpq_1 contains 0 device instances.
Circuit contains 0 nets, and 6 disconnected pins.
Contents of circuit 2:  Circuit: 'sg13g2_dfrbpq_1'
Circuit sg13g2_dfrbpq_1 contains 32 device instances.
  Class: sg13_lv_pmos          instances:  16
  Class: sg13_lv_nmos          instances:  16
Circuit contains 21 nets.

Circuit sg13g2_dfrbpq_1 contains no devices.

Contents of circuit 1:  Circuit: 'sg13g2_mux2_1'
Circuit sg13g2_mux2_1 contains 0 device instances.
Circuit contains 0 nets, and 6 disconnected pins.
Contents of circuit 2:  Circuit: 'sg13g2_mux2_1'
Circuit sg13g2_mux2_1 contains 12 device instances.
  Class: sg13_lv_pmos          instances:   6
  Class: sg13_lv_nmos          instances:   6
Circuit contains 12 nets.

Circuit sg13g2_mux2_1 contains no devices.

Contents of circuit 1:  Circuit: 'sg13g2_o21ai_1'
Circuit sg13g2_o21ai_1 contains 0 device instances.
Circuit contains 0 nets, and 6 disconnected pins.
Contents of circuit 2:  Circuit: 'sg13g2_o21ai_1'
Circuit sg13g2_o21ai_1 contains 6 device instances.
  Class: sg13_lv_pmos          instances:   3
  Class: sg13_lv_nmos          instances:   3
Circuit contains 8 nets.

Circuit sg13g2_o21ai_1 contains no devices.

Contents of circuit 1:  Circuit: 'sg13g2_or4_1'
Circuit sg13g2_or4_1 contains 0 device instances.
Circuit contains 0 nets, and 7 disconnected pins.
Contents of circuit 2:  Circuit: 'sg13g2_or4_1'
Circuit sg13g2_or4_1 contains 10 device instances.
  Class: sg13_lv_pmos          instances:   5
  Class: sg13_lv_nmos          instances:   5
Circuit contains 11 nets.

Circuit sg13g2_or4_1 contains no devices.

Contents of circuit 1:  Circuit: 'sg13g2_buf_1'
Circuit sg13g2_buf_1 contains 0 device instances.
Circuit contains 0 nets, and 4 disconnected pins.
Contents of circuit 2:  Circuit: 'sg13g2_buf_1'
Circuit sg13g2_buf_1 contains 4 device instances.
  Class: sg13_lv_pmos          instances:   2
  Class: sg13_lv_nmos          instances:   2
Circuit contains 5 nets.

Circuit sg13g2_buf_1 contains no devices.

Contents of circuit 1:  Circuit: 'sg13g2_and4_1'
Circuit sg13g2_and4_1 contains 0 device instances.
Circuit contains 0 nets, and 7 disconnected pins.
Contents of circuit 2:  Circuit: 'sg13g2_and4_1'
Circuit sg13g2_and4_1 contains 10 device instances.
  Class: sg13_lv_pmos          instances:   5
  Class: sg13_lv_nmos          instances:   5
Circuit contains 11 nets.

Circuit sg13g2_and4_1 contains no devices.

Contents of circuit 1:  Circuit: 'sg13g2_nand2_1'
Circuit sg13g2_nand2_1 contains 0 device instances.
Circuit contains 0 nets, and 5 disconnected pins.
Contents of circuit 2:  Circuit: 'sg13g2_nand2_1'
Circuit sg13g2_nand2_1 contains 4 device instances.
  Class: sg13_lv_pmos          instances:   2
  Class: sg13_lv_nmos          instances:   2
Circuit contains 6 nets.

Circuit sg13g2_nand2_1 contains no devices.

Contents of circuit 1:  Circuit: 'sg13g2_a21oi_1'
Circuit sg13g2_a21oi_1 contains 0 device instances.
Circuit contains 0 nets, and 6 disconnected pins.
Contents of circuit 2:  Circuit: 'sg13g2_a21oi_1'
Circuit sg13g2_a21oi_1 contains 6 device instances.
  Class: sg13_lv_pmos          instances:   3
  Class: sg13_lv_nmos          instances:   3
Circuit contains 8 nets.

Circuit sg13g2_a21oi_1 contains no devices.

Contents of circuit 1:  Circuit: 'sg13g2_nor4_2'
Circuit sg13g2_nor4_2 contains 0 device instances.
Circuit contains 0 nets, and 7 disconnected pins.
Contents of circuit 2:  Circuit: 'sg13g2_nor4_2'
Circuit sg13g2_nor4_2 contains 8 device instances.
  Class: sg13_lv_pmos          instances:   4
  Class: sg13_lv_nmos          instances:   4
Circuit contains 10 nets.

Circuit sg13g2_nor4_2 contains no devices.

Contents of circuit 1:  Circuit: 'sg13g2_buf_8'
Circuit sg13g2_buf_8 contains 0 device instances.
Circuit contains 0 nets, and 4 disconnected pins.
Contents of circuit 2:  Circuit: 'sg13g2_buf_8'
Circuit sg13g2_buf_8 contains 4 device instances.
  Class: sg13_lv_pmos          instances:   2
  Class: sg13_lv_nmos          instances:   2
Circuit contains 5 nets.

Circuit sg13g2_buf_8 contains no devices.

Contents of circuit 1:  Circuit: 'sg13g2_buf_4'
Circuit sg13g2_buf_4 contains 0 device instances.
Circuit contains 0 nets, and 4 disconnected pins.
Contents of circuit 2:  Circuit: 'sg13g2_buf_4'
Circuit sg13g2_buf_4 contains 4 device instances.
  Class: sg13_lv_pmos          instances:   2
  Class: sg13_lv_nmos          instances:   2
Circuit contains 5 nets.

Circuit sg13g2_buf_4 contains no devices.

Contents of circuit 1:  Circuit: 'sg13g2_buf_2'
Circuit sg13g2_buf_2 contains 0 device instances.
Circuit contains 0 nets, and 4 disconnected pins.
Contents of circuit 2:  Circuit: 'sg13g2_buf_2'
Circuit sg13g2_buf_2 contains 4 device instances.
  Class: sg13_lv_pmos          instances:   2
  Class: sg13_lv_nmos          instances:   2
Circuit contains 5 nets.

Circuit sg13g2_buf_2 contains no devices.

Contents of circuit 1:  Circuit: 'sg13g2_nand4_1'
Circuit sg13g2_nand4_1 contains 0 device instances.
Circuit contains 0 nets, and 7 disconnected pins.
Contents of circuit 2:  Circuit: 'sg13g2_nand4_1'
Circuit sg13g2_nand4_1 contains 8 device instances.
  Class: sg13_lv_pmos          instances:   4
  Class: sg13_lv_nmos          instances:   4
Circuit contains 10 nets.

Circuit sg13g2_nand4_1 contains no devices.

Contents of circuit 1:  Circuit: 'sg13g2_and2_1'
Circuit sg13g2_and2_1 contains 0 device instances.
Circuit contains 0 nets, and 5 disconnected pins.
Contents of circuit 2:  Circuit: 'sg13g2_and2_1'
Circuit sg13g2_and2_1 contains 6 device instances.
  Class: sg13_lv_pmos          instances:   3
  Class: sg13_lv_nmos          instances:   3
Circuit contains 7 nets.

Circuit sg13g2_and2_1 contains no devices.

Contents of circuit 1:  Circuit: 'RM_IHPSG13_1P_1024x32_c2_bm_bist'
Circuit RM_IHPSG13_1P_1024x32_c2_bm_bist contains 0 device instances.
Circuit contains 0 nets, and 193 disconnected pins.
Contents of circuit 2:  Circuit: 'RM_IHPSG13_1P_1024x32_c2_bm_bist'
Circuit RM_IHPSG13_1P_1024x32_c2_bm_bist contains 0 device instances.
Circuit contains 0 nets.

Circuit RM_IHPSG13_1P_1024x32_c2_bm_bist contains no devices.

Contents of circuit 1:  Circuit: 'sg13g2_inv_4'
Circuit sg13g2_inv_4 contains 0 device instances.
Circuit contains 0 nets, and 4 disconnected pins.
Contents of circuit 2:  Circuit: 'sg13g2_inv_4'
Circuit sg13g2_inv_4 contains 2 device instances.
  Class: sg13_lv_pmos          instances:   1
  Class: sg13_lv_nmos          instances:   1
Circuit contains 4 nets.

Circuit sg13g2_inv_4 contains no devices.

Contents of circuit 1:  Circuit: 'sg13g2_nor3_1'
Circuit sg13g2_nor3_1 contains 0 device instances.
Circuit contains 0 nets, and 6 disconnected pins.
Contents of circuit 2:  Circuit: 'sg13g2_nor3_1'
Circuit sg13g2_nor3_1 contains 6 device instances.
  Class: sg13_lv_pmos          instances:   3
  Class: sg13_lv_nmos          instances:   3
Circuit contains 8 nets.

Circuit sg13g2_nor3_1 contains no devices.

Contents of circuit 1:  Circuit: 'sg13g2_buf_16'
Circuit sg13g2_buf_16 contains 0 device instances.
Circuit contains 0 nets, and 4 disconnected pins.
Contents of circuit 2:  Circuit: 'sg13g2_buf_16'
Circuit sg13g2_buf_16 contains 4 device instances.
  Class: sg13_lv_pmos          instances:   2
  Class: sg13_lv_nmos          instances:   2
Circuit contains 5 nets.

Circuit sg13g2_buf_16 contains no devices.

Contents of circuit 1:  Circuit: 'sg13g2_tielo'
Circuit sg13g2_tielo contains 0 device instances.
Circuit contains 0 nets, and 3 disconnected pins.
Contents of circuit 2:  Circuit: 'sg13g2_tielo'
Circuit sg13g2_tielo contains 4 device instances.
  Class: sg13_lv_pmos          instances:   2
  Class: sg13_lv_nmos          instances:   2
Circuit contains 6 nets.

Circuit sg13g2_tielo contains no devices.

Contents of circuit 1:  Circuit: 'sg13g2_and3_1'
Circuit sg13g2_and3_1 contains 0 device instances.
Circuit contains 0 nets, and 6 disconnected pins.
Contents of circuit 2:  Circuit: 'sg13g2_and3_1'
Circuit sg13g2_and3_1 contains 8 device instances.
  Class: sg13_lv_pmos          instances:   4
  Class: sg13_lv_nmos          instances:   4
Circuit contains 9 nets.

Circuit sg13g2_and3_1 contains no devices.

Contents of circuit 1:  Circuit: 'sg13g2_nand2_2'
Circuit sg13g2_nand2_2 contains 0 device instances.
Circuit contains 0 nets, and 5 disconnected pins.
Contents of circuit 2:  Circuit: 'sg13g2_nand2_2'
Circuit sg13g2_nand2_2 contains 4 device instances.
  Class: sg13_lv_pmos          instances:   2
  Class: sg13_lv_nmos          instances:   2
Circuit contains 6 nets.

Circuit sg13g2_nand2_2 contains no devices.

Contents of circuit 1:  Circuit: 'sg13g2_a21o_1'
Circuit sg13g2_a21o_1 contains 0 device instances.
Circuit contains 0 nets, and 6 disconnected pins.
Contents of circuit 2:  Circuit: 'sg13g2_a21o_1'
Circuit sg13g2_a21o_1 contains 8 device instances.
  Class: sg13_lv_pmos          instances:   4
  Class: sg13_lv_nmos          instances:   4
Circuit contains 9 nets.

Circuit sg13g2_a21o_1 contains no devices.

Contents of circuit 1:  Circuit: 'sg13g2_or2_1'
Circuit sg13g2_or2_1 contains 0 device instances.
Circuit contains 0 nets, and 5 disconnected pins.
Contents of circuit 2:  Circuit: 'sg13g2_or2_1'
Circuit sg13g2_or2_1 contains 6 device instances.
  Class: sg13_lv_pmos          instances:   3
  Class: sg13_lv_nmos          instances:   3
Circuit contains 7 nets.

Circuit sg13g2_or2_1 contains no devices.

Contents of circuit 1:  Circuit: 'sg13g2_a22oi_1'
Circuit sg13g2_a22oi_1 contains 0 device instances.
Circuit contains 0 nets, and 7 disconnected pins.
Contents of circuit 2:  Circuit: 'sg13g2_a22oi_1'
Circuit sg13g2_a22oi_1 contains 8 device instances.
  Class: sg13_lv_pmos          instances:   4
  Class: sg13_lv_nmos          instances:   4
Circuit contains 10 nets.

Circuit sg13g2_a22oi_1 contains no devices.

Contents of circuit 1:  Circuit: 'sg13g2_nor2_1'
Circuit sg13g2_nor2_1 contains 0 device instances.
Circuit contains 0 nets, and 5 disconnected pins.
Contents of circuit 2:  Circuit: 'sg13g2_nor2_1'
Circuit sg13g2_nor2_1 contains 4 device instances.
  Class: sg13_lv_pmos          instances:   2
  Class: sg13_lv_nmos          instances:   2
Circuit contains 6 nets.

Circuit sg13g2_nor2_1 contains no devices.

Contents of circuit 1:  Circuit: 'sg13g2_nor2_2'
Circuit sg13g2_nor2_2 contains 0 device instances.
Circuit contains 0 nets, and 5 disconnected pins.
Contents of circuit 2:  Circuit: 'sg13g2_nor2_2'
Circuit sg13g2_nor2_2 contains 4 device instances.
  Class: sg13_lv_pmos          instances:   2
  Class: sg13_lv_nmos          instances:   2
Circuit contains 6 nets.

Circuit sg13g2_nor2_2 contains no devices.

Contents of circuit 1:  Circuit: 'sg13g2_nand3b_1'
Circuit sg13g2_nand3b_1 contains 0 device instances.
Circuit contains 0 nets, and 6 disconnected pins.
Contents of circuit 2:  Circuit: 'sg13g2_nand3b_1'
Circuit sg13g2_nand3b_1 contains 8 device instances.
  Class: sg13_lv_pmos          instances:   4
  Class: sg13_lv_nmos          instances:   4
Circuit contains 9 nets.

Circuit sg13g2_nand3b_1 contains no devices.

Contents of circuit 1:  Circuit: 'sg13g2_tiehi'
Circuit sg13g2_tiehi contains 0 device instances.
Circuit contains 0 nets, and 3 disconnected pins.
Contents of circuit 2:  Circuit: 'sg13g2_tiehi'
Circuit sg13g2_tiehi contains 4 device instances.
  Class: sg13_lv_pmos          instances:   2
  Class: sg13_lv_nmos          instances:   2
Circuit contains 6 nets.

Circuit sg13g2_tiehi contains no devices.

Contents of circuit 1:  Circuit: 'sg13g2_nor4_1'
Circuit sg13g2_nor4_1 contains 0 device instances.
Circuit contains 0 nets, and 7 disconnected pins.
Contents of circuit 2:  Circuit: 'sg13g2_nor4_1'
Circuit sg13g2_nor4_1 contains 8 device instances.
  Class: sg13_lv_pmos          instances:   4
  Class: sg13_lv_nmos          instances:   4
Circuit contains 10 nets.

Circuit sg13g2_nor4_1 contains no devices.

Contents of circuit 1:  Circuit: 'sg13g2_nor2b_1'
Circuit sg13g2_nor2b_1 contains 0 device instances.
Circuit contains 0 nets, and 5 disconnected pins.
Contents of circuit 2:  Circuit: 'sg13g2_nor2b_1'
Circuit sg13g2_nor2b_1 contains 6 device instances.
  Class: sg13_lv_pmos          instances:   3
  Class: sg13_lv_nmos          instances:   3
Circuit contains 7 nets.

Circuit sg13g2_nor2b_1 contains no devices.

Contents of circuit 1:  Circuit: 'sg13g2_antennanp'
Circuit sg13g2_antennanp contains 0 device instances.
Circuit contains 0 nets, and 3 disconnected pins.
Contents of circuit 2:  Circuit: 'sg13g2_antennanp'
Circuit sg13g2_antennanp contains 2 device instances.
  Class: dpantenna             instances:   1
  Class: dantenna              instances:   1
Circuit contains 3 nets.

Circuit sg13g2_antennanp contains no devices.

Contents of circuit 1:  Circuit: 'ram_macro'
Circuit ram_macro contains 21725 device instances.
  Class: sg13g2_dlygate4sd3_1  instances: 341
  Class: sg13g2_antennanp      instances:   4
  Class: sg13g2_buf_16         instances:   7
  Class: sg13g2_dfrbpq_1       instances:  97
  Class: sg13g2_and3_1         instances:   1
  Class: sg13g2_or2_1          instances:   2
  Class: sg13g2_nor2b_1        instances:   1
  Class: sg13g2_nand3_1        instances:  12
  Class: sg13g2_mux2_1         instances:  56
  Class: sg13g2_decap_4        instances: 268
  Class: sg13g2_decap_8        instances: 19358
  Class: sg13g2_and2_1         instances:  10
  Class: sg13g2_tiehi          instances:   1
  Class: sg13g2_nor4_1         instances:   1
  Class: sg13g2_nor4_2         instances:  10
  Class: sg13g2_nand2_1        instances:  78
  Class: sg13g2_nand2_2        instances:   1
  Class: RM_IHPSG13_1P_1024x32_c2_bm_bist instances:   1
  Class: sg13g2_nor3_1         instances:   2
  Class: sg13g2_nand3b_1       instances:   1
  Class: sg13g2_fill_1         instances: 570
  Class: sg13g2_fill_2         instances: 325
  Class: sg13g2_tielo          instances:  79
  Class: sg13g2_or4_1          instances:   3
  Class: sg13g2_nor2_1         instances:   7
  Class: sg13g2_nor2_2         instances:   1
  Class: sg13g2_buf_1          instances: 254
  Class: sg13g2_buf_2          instances:   3
  Class: sg13g2_buf_4          instances:  21
  Class: sg13g2_buf_8          instances:  21
  Class: sg13g2_a22oi_1        instances:   1
  Class: sg13g2_o21ai_1        instances:  76
  Class: sg13g2_a21oi_1        instances:   5
  Class: sg13g2_a21o_1         instances:   4
  Class: sg13g2_nand2b_1       instances:  33
  Class: sg13g2_inv_1          instances:  53
  Class: sg13g2_inv_4          instances:   1
  Class: sg13g2_and4_1         instances:   3
  Class: sg13g2_nand4_1        instances:  13
Circuit contains 1383 nets, and 22 disconnected pins.
Contents of circuit 2:  Circuit: 'ram_macro'
Circuit ram_macro contains 21725 device instances.
  Class: sg13g2_dlygate4sd3_1  instances: 341
  Class: sg13g2_antennanp      instances:   4
  Class: sg13g2_buf_16         instances:   7
  Class: sg13g2_dfrbpq_1       instances:  97
  Class: sg13g2_and3_1         instances:   1
  Class: sg13g2_or2_1          instances:   2
  Class: sg13g2_nor2b_1        instances:   1
  Class: sg13g2_nand3_1        instances:  12
  Class: sg13g2_mux2_1         instances:  56
  Class: sg13g2_decap_4        instances: 268
  Class: sg13g2_decap_8        instances: 19358
  Class: sg13g2_and2_1         instances:  10
  Class: sg13g2_tiehi          instances:   1
  Class: sg13g2_nor4_1         instances:   1
  Class: sg13g2_nor4_2         instances:  10
  Class: sg13g2_nand2_1        instances:  78
  Class: sg13g2_nand2_2        instances:   1
  Class: RM_IHPSG13_1P_1024x32_c2_bm_bist instances:   1
  Class: sg13g2_nor3_1         instances:   2
  Class: sg13g2_nand3b_1       instances:   1
  Class: sg13g2_fill_1         instances: 570
  Class: sg13g2_fill_2         instances: 325
  Class: sg13g2_tielo          instances:  79
  Class: sg13g2_or4_1          instances:   3
  Class: sg13g2_nor2_1         instances:   7
  Class: sg13g2_nor2_2         instances:   1
  Class: sg13g2_buf_1          instances: 254
  Class: sg13g2_buf_2          instances:   3
  Class: sg13g2_buf_4          instances:  21
  Class: sg13g2_buf_8          instances:  21
  Class: sg13g2_a22oi_1        instances:   1
  Class: sg13g2_o21ai_1        instances:  76
  Class: sg13g2_a21oi_1        instances:   5
  Class: sg13g2_a21o_1         instances:   4
  Class: sg13g2_nand2b_1       instances:  33
  Class: sg13g2_inv_1          instances:  53
  Class: sg13g2_inv_4          instances:   1
  Class: sg13g2_and4_1         instances:   3
  Class: sg13g2_nand4_1        instances:  13
Circuit contains 1383 nets, and 22 disconnected pins.

Circuit was modified by parallel/series device merging.
New circuit summary:

Contents of circuit 1:  Circuit: 'ram_macro'
Circuit ram_macro contains 1208 device instances.
  Class: sg13g2_dlygate4sd3_1  instances: 341
  Class: sg13g2_antennanp      instances:   4
  Class: sg13g2_buf_16         instances:   7
  Class: sg13g2_dfrbpq_1       instances:  97
  Class: sg13g2_and3_1         instances:   1
  Class: sg13g2_or2_1          instances:   2
  Class: sg13g2_nor2b_1        instances:   1
  Class: sg13g2_nand3_1        instances:  12
  Class: sg13g2_mux2_1         instances:  56
  Class: sg13g2_decap_4        instances:   1
  Class: sg13g2_decap_8        instances:   1
  Class: sg13g2_and2_1         instances:  10
  Class: sg13g2_tiehi          instances:   1
  Class: sg13g2_nor4_1         instances:   1
  Class: sg13g2_nor4_2         instances:  10
  Class: sg13g2_nand2_1        instances:  78
  Class: sg13g2_nand2_2        instances:   1
  Class: RM_IHPSG13_1P_1024x32_c2_bm_bist instances:   1
  Class: sg13g2_nor3_1         instances:   2
  Class: sg13g2_nand3b_1       instances:   1
  Class: sg13g2_fill_1         instances:   1
  Class: sg13g2_fill_2         instances:   1
  Class: sg13g2_tielo          instances:  79
  Class: sg13g2_or4_1          instances:   3
  Class: sg13g2_nor2_1         instances:   7
  Class: sg13g2_nor2_2         instances:   1
  Class: sg13g2_buf_1          instances: 254
  Class: sg13g2_buf_2          instances:   3
  Class: sg13g2_buf_4          instances:  21
  Class: sg13g2_buf_8          instances:  21
  Class: sg13g2_a22oi_1        instances:   1
  Class: sg13g2_o21ai_1        instances:  76
  Class: sg13g2_a21oi_1        instances:   5
  Class: sg13g2_a21o_1         instances:   4
  Class: sg13g2_nand2b_1       instances:  33
  Class: sg13g2_inv_1          instances:  53
  Class: sg13g2_inv_4          instances:   1
  Class: sg13g2_and4_1         instances:   3
  Class: sg13g2_nand4_1        instances:  13
Circuit contains 1383 nets, and 22 disconnected pins.
Contents of circuit 2:  Circuit: 'ram_macro'
Circuit ram_macro contains 1208 device instances.
  Class: sg13g2_dlygate4sd3_1  instances: 341
  Class: sg13g2_antennanp      instances:   4
  Class: sg13g2_buf_16         instances:   7
  Class: sg13g2_dfrbpq_1       instances:  97
  Class: sg13g2_and3_1         instances:   1
  Class: sg13g2_or2_1          instances:   2
  Class: sg13g2_nor2b_1        instances:   1
  Class: sg13g2_nand3_1        instances:  12
  Class: sg13g2_mux2_1         instances:  56
  Class: sg13g2_decap_4        instances:   1
  Class: sg13g2_decap_8        instances:   1
  Class: sg13g2_and2_1         instances:  10
  Class: sg13g2_tiehi          instances:   1
  Class: sg13g2_nor4_1         instances:   1
  Class: sg13g2_nor4_2         instances:  10
  Class: sg13g2_nand2_1        instances:  78
  Class: sg13g2_nand2_2        instances:   1
  Class: RM_IHPSG13_1P_1024x32_c2_bm_bist instances:   1
  Class: sg13g2_nor3_1         instances:   2
  Class: sg13g2_nand3b_1       instances:   1
  Class: sg13g2_fill_1         instances:   1
  Class: sg13g2_fill_2         instances:   1
  Class: sg13g2_tielo          instances:  79
  Class: sg13g2_or4_1          instances:   3
  Class: sg13g2_nor2_1         instances:   7
  Class: sg13g2_nor2_2         instances:   1
  Class: sg13g2_buf_1          instances: 254
  Class: sg13g2_buf_2          instances:   3
  Class: sg13g2_buf_4          instances:  21
  Class: sg13g2_buf_8          instances:  21
  Class: sg13g2_a22oi_1        instances:   1
  Class: sg13g2_o21ai_1        instances:  76
  Class: sg13g2_a21oi_1        instances:   5
  Class: sg13g2_a21o_1         instances:   4
  Class: sg13g2_nand2b_1       instances:  33
  Class: sg13g2_inv_1          instances:  53
  Class: sg13g2_inv_4          instances:   1
  Class: sg13g2_and4_1         instances:   3
  Class: sg13g2_nand4_1        instances:  13
Circuit contains 1383 nets, and 22 disconnected pins.

Circuit 1 contains 1208 devices, Circuit 2 contains 1208 devices.
Circuit 1 contains 1383 nets,    Circuit 2 contains 1383 nets.


Final result: 
Circuits match uniquely.
.
Logging to file "/home/jaikrishn/Documents/hardware/picorv32_axi4lite_port/phyisical_design/macros/ram/runs/run_1/71-netgen-lvs/reports/lvs.netgen.rpt" disabled
LVS Done.
