
===========================================================================
report_checks -unconstrained
===========================================================================
======================= nom_typ_1p20V_25C Corner ===================================

Startpoint: _1386_ (rising edge-triggered flip-flop clocked by clk_i)
Endpoint: spi_sclk (output port clocked by clk_i)
Path Group: clk_i
Path Type: max

Fanout         Cap        Slew       Delay        Time   Description
---------------------------------------------------------------------------------------------
                                  0.000000    0.000000   clock clk_i (rise edge)
                                  0.000000    0.000000   clock source latency
     1    0.040138    0.000000    0.000000    0.000000 ^ clk_i (in)
                                                         clk_i (net)
                      0.006155    0.003077    0.003077 ^ clkbuf_0_clk_i/A (sg13g2_buf_16)
    16    0.204016    0.064014    0.082240    0.085317 ^ clkbuf_0_clk_i/X (sg13g2_buf_16)
                                                         clknet_0_clk_i (net)
                      0.067028    0.010771    0.096088 ^ clkbuf_4_0_0_clk_i/A (sg13g2_buf_8)
     2    0.041477    0.034567    0.094194    0.190282 ^ clkbuf_4_0_0_clk_i/X (sg13g2_buf_8)
                                                         clknet_4_0_0_clk_i (net)
                      0.034991    0.002851    0.193133 ^ clkbuf_5_1__f_clk_i/A (sg13g2_buf_16)
     6    0.026494    0.021176    0.068814    0.261947 ^ clkbuf_5_1__f_clk_i/X (sg13g2_buf_16)
                                                         clknet_5_1__leaf_clk_i (net)
                      0.021188    0.000984    0.262931 ^ _1386_/CLK (sg13g2_dfrbpq_1)
     1    0.003312    0.025416    0.164261    0.427193 ^ _1386_/Q (sg13g2_dfrbpq_1)
                                                         net70 (net)
                      0.025416    0.000127    0.427320 ^ fanout121/A (sg13g2_buf_1)
     5    0.033901    0.143922    0.145289    0.572609 ^ fanout121/X (sg13g2_buf_1)
                                                         net121 (net)
                      0.144183    0.004998    0.577607 ^ output70/A (sg13g2_buf_1)
     1    0.050793    0.211748    0.237388    0.814996 ^ output70/X (sg13g2_buf_1)
                                                         spi_sclk (net)
                      0.211780    0.002180    0.817176 ^ spi_sclk (out)
                                              0.817176   data arrival time

                                 10.000000   10.000000   clock clk_i (rise edge)
                                  0.000000   10.000000   clock network delay (propagated)
                                 -0.200000    9.800000   clock uncertainty
                                  0.000000    9.800000   clock reconvergence pessimism
                                 -2.000000    7.800000   output external delay
                                              7.800000   data required time
---------------------------------------------------------------------------------------------
                                              7.800000   data required time
                                             -0.817176   data arrival time
---------------------------------------------------------------------------------------------
                                              6.982824   slack (MET)




===========================================================================
report_checks --slack_max -0.01
============================================================================
======================= nom_typ_1p20V_25C Corner ===================================

No paths found.


===========================================================================
 report_check_types -max_slew -max_cap -max_fanout -violators
============================================================================
======================= nom_typ_1p20V_25C Corner ===================================

max fanout

Pin                                   Limit Fanout  Slack
---------------------------------------------------------
clkbuf_0_clk_i/X                          8     16     -8 (VIOLATED)



===========================================================================
report_parasitic_annotation -report_unannotated
============================================================================
Found 10 unannotated drivers.
 clkload0/Y
 clkload1/Y
 clkload2/Y
 clkload3/Y
 clkload4/Y
 clkload5/Y
 clkload6/Y
 clkload7/Y
 clkload8/Y
 clkload9/Y
Found 0 partially unannotated drivers.

===========================================================================
max slew violation count 0
max fanout violation count 1
max cap violation count 0
============================================================================

===========================================================================
check_setup -verbose -unconstrained_endpoints -multiple_clock -no_clock -no_input_delay -loops -generated_clocks
===========================================================================
Warning: There is 1 input port missing set_input_delay.
  rst_ni
Warning: There is 1 unconstrained endpoint.
  _1388_/D
