
===========================================================================
report_checks -unconstrained
===========================================================================
======================= nom_slow_1p08V_125C Corner ===================================

Startpoint: _1397_ (rising edge-triggered flip-flop clocked by clk_i)
Endpoint: _1274_ (rising edge-triggered flip-flop clocked by clk_i)
Path Group: clk_i
Path Type: max

Fanout         Cap        Slew       Delay        Time   Description
---------------------------------------------------------------------------------------------
                                  0.000000    0.000000   clock clk_i (rise edge)
                                  0.000000    0.000000   clock source latency
     1    0.038905    0.000000    0.000000    0.000000 ^ clk_i (in)
                                                         clk_i (net)
                      0.005884    0.002942    0.002942 ^ clkbuf_0_clk_i/A (sg13g2_buf_16)
    16    0.193995    0.094561    0.127826    0.130768 ^ clkbuf_0_clk_i/X (sg13g2_buf_16)
                                                         clknet_0_clk_i (net)
                      0.097441    0.012995    0.143762 ^ clkbuf_4_12_0_clk_i/A (sg13g2_buf_8)
     2    0.037691    0.050417    0.149828    0.293591 ^ clkbuf_4_12_0_clk_i/X (sg13g2_buf_8)
                                                         clknet_4_12_0_clk_i (net)
                      0.050439    0.001364    0.294955 ^ clkbuf_5_24__f_clk_i/A (sg13g2_buf_16)
     6    0.029979    0.033875    0.109639    0.404594 ^ clkbuf_5_24__f_clk_i/X (sg13g2_buf_16)
                                                         clknet_5_24__leaf_clk_i (net)
                      0.033901    0.001831    0.406425 ^ _1397_/CLK (sg13g2_dfrbpq_1)
     1    0.006687    0.058018    0.276027    0.682452 ^ _1397_/Q (sg13g2_dfrbpq_1)
                                                         u_boot_ctrl.state[9] (net)
                      0.058058    0.000551    0.683003 ^ fanout111/A (sg13g2_buf_1)
     4    0.030412    0.200739    0.227272    0.910275 ^ fanout111/X (sg13g2_buf_1)
                                                         net111 (net)
                      0.200739    0.000163    0.910438 ^ fanout110/A (sg13g2_buf_1)
     6    0.043530    0.282628    0.342013    1.252451 ^ fanout110/X (sg13g2_buf_1)
                                                         net110 (net)
                      0.282738    0.002083    1.254534 ^ fanout109/A (sg13g2_buf_1)
     8    0.034534    0.227389    0.328033    1.582567 ^ fanout109/X (sg13g2_buf_1)
                                                         net109 (net)
                      0.227389    0.000153    1.582720 ^ _0845_/A (sg13g2_nor2_1)
     2    0.010965    0.109281    0.162940    1.745660 v _0845_/Y (sg13g2_nor2_1)
                                                         _0275_ (net)
                      0.109283    0.000615    1.746274 v fanout83/A (sg13g2_buf_1)
     8    0.049299    0.260369    0.304930    2.051204 v fanout83/X (sg13g2_buf_1)
                                                         net83 (net)
                      0.260714    0.007887    2.059091 v _0879_/A (sg13g2_nor4_1)
     8    0.038736    1.076048    0.959471    3.018563 ^ _0879_/Y (sg13g2_nor4_1)
                                                         _0298_ (net)
                      1.076061    0.003248    3.021811 ^ _0890_/B (sg13g2_nand3_1)
     1    0.004995    0.236034    0.346117    3.367928 v _0890_/Y (sg13g2_nand3_1)
                                                         _0306_ (net)
                      0.236034    0.000346    3.368274 v _0899_/B1 (sg13g2_a221oi_1)
     1    0.002687    0.158751    0.244490    3.612763 ^ _0899_/Y (sg13g2_a221oi_1)
                                                         _0056_ (net)
                      0.158751    0.000099    3.612862 ^ _1274_/D (sg13g2_dfrbpq_1)
                                              3.612862   data arrival time

                                 10.000000   10.000000   clock clk_i (rise edge)
                                  0.000000   10.000000   clock source latency
     1    0.036582    0.000000    0.000000   10.000000 ^ clk_i (in)
                                                         clk_i (net)
                      0.005372    0.002686   10.002687 ^ clkbuf_0_clk_i/A (sg13g2_buf_16)
    16    0.176560    0.087542    0.123098   10.125784 ^ clkbuf_0_clk_i/X (sg13g2_buf_16)
                                                         clknet_0_clk_i (net)
                      0.091421    0.014490   10.140274 ^ clkbuf_4_10_0_clk_i/A (sg13g2_buf_8)
     2    0.034154    0.047867    0.144761   10.285034 ^ clkbuf_4_10_0_clk_i/X (sg13g2_buf_8)
                                                         clknet_4_10_0_clk_i (net)
                      0.047870    0.000743   10.285777 ^ clkbuf_5_20__f_clk_i/A (sg13g2_buf_16)
     6    0.022322    0.031110    0.106099   10.391876 ^ clkbuf_5_20__f_clk_i/X (sg13g2_buf_16)
                                                         clknet_5_20__leaf_clk_i (net)
                      0.031115    0.000809   10.392685 ^ _1274_/CLK (sg13g2_dfrbpq_1)
                                 -0.200000   10.192685   clock uncertainty
                                  0.004984   10.197669   clock reconvergence pessimism
                                 -0.246083    9.951586   library setup time
                                              9.951586   data required time
---------------------------------------------------------------------------------------------
                                              9.951586   data required time
                                             -3.612862   data arrival time
---------------------------------------------------------------------------------------------
                                              6.338724   slack (MET)




===========================================================================
report_checks --slack_max -0.01
============================================================================
======================= nom_slow_1p08V_125C Corner ===================================

No paths found.


===========================================================================
 report_check_types -max_slew -max_cap -max_fanout -violators
============================================================================
======================= nom_slow_1p08V_125C Corner ===================================

max fanout

Pin                                   Limit Fanout  Slack
---------------------------------------------------------
clkbuf_0_clk_i/X                          8     16     -8 (VIOLATED)



===========================================================================
report_parasitic_annotation -report_unannotated
============================================================================
Found 10 unannotated drivers.
 clkload0/Y
 clkload1/Y
 clkload2/Y
 clkload3/Y
 clkload4/Y
 clkload5/Y
 clkload6/Y
 clkload7/Y
 clkload8/Y
 clkload9/Y
Found 0 partially unannotated drivers.

===========================================================================
max slew violation count 0
max fanout violation count 1
max cap violation count 0
============================================================================

===========================================================================
check_setup -verbose -unconstrained_endpoints -multiple_clock -no_clock -no_input_delay -loops -generated_clocks
===========================================================================
Warning: There is 1 input port missing set_input_delay.
  rst_ni
Warning: There is 1 unconstrained endpoint.
  _1388_/D
