                                                                     Buffers by Cell Master                                                                     
┏━━━━━━━━━━━━━━━━━━━━━━━━━━━━━━━━━━━━━━━━━━━━━━━━━━━━━━━━━━━━━━━━━━━━━━━━━━━━━━━━━━━━━━━━━━━━━━━━━━━━━━━━━━━━━━━━━━━━━━━━┳━━━━━━━━━━━━━━━━━━━━━━━━━━━━━━━━━━━━━┓
┃ Buffer                                                                                                                 ┃ Count                               ┃
┡━━━━━━━━━━━━━━━━━━━━━━━━━━━━━━━━━━━━━━━━━━━━━━━━━━━━━━━━━━━━━━━━━━━━━━━━━━━━━━━━━━━━━━━━━━━━━━━━━━━━━━━━━━━━━━━━━━━━━━━━╇━━━━━━━━━━━━━━━━━━━━━━━━━━━━━━━━━━━━━┩
│ sg13g2_buf_1                                                                                                           │ 1485                                │
│ sg13g2_buf_16                                                                                                          │ 33                                  │
│ sg13g2_buf_2                                                                                                           │ 83                                  │
│ sg13g2_buf_4                                                                                                           │ 48                                  │
│ sg13g2_buf_8                                                                                                           │ 205                                 │
│ sg13g2_dlygate4sd3_1                                                                                                   │ 155                                 │
└────────────────────────────────────────────────────────────────────────────────────────────────────────────────────────┴─────────────────────────────────────┘
