Starting…
Running 'Verilator.Lint' at 'runs/run_2/01-verilator-lint'…
Logging subprocess to [repr.filename]'runs/run_2/01-verilator-lint/verilator-lint.log'[/repr.filename]…
Running 'Checker.LintTimingConstructs' at 'runs/run_2/02-checker-linttimingconstructs'…
Check for Lint Timing Errors clear.
Running 'Checker.LintErrors' at 'runs/run_2/03-checker-linterrors'…
Check for Lint errors clear.
Running 'Checker.LintWarnings' at 'runs/run_2/04-checker-lintwarnings'…
162 Lint warnings found.
Running 'Yosys.JsonHeader' at 'runs/run_2/05-yosys-jsonheader'…
Logging subprocess to [repr.filename]'runs/run_2/05-yosys-jsonheader/yosys-jsonheader.log'[/repr.filename]…
Running 'Yosys.Synthesis' at 'runs/run_2/06-yosys-synthesis'…
Logging subprocess to [repr.filename]'runs/run_2/06-yosys-synthesis/yosys-synthesis.log'[/repr.filename]…
Parsing synthesis checks…
Parsing synthesis checks…
Running 'Checker.YosysUnmappedCells' at 'runs/run_2/07-checker-yosysunmappedcells'…
Check for Unmapped Yosys instances clear.
Running 'Checker.YosysSynthChecks' at 'runs/run_2/08-checker-yosyssynthchecks'…
Check for Yosys check errors clear.
Running 'Checker.NetlistAssignStatements' at 'runs/run_2/09-checker-netlistassignstatements'…
Running 'OpenROAD.CheckSDCFiles' at 'runs/run_2/10-openroad-checksdcfiles'…
Running 'OpenROAD.CheckMacroInstances' at 'runs/run_2/11-openroad-checkmacroinstances'…
No macros found, skipping instance check…
Running 'OpenROAD.STAPrePNR' at 'runs/run_2/12-openroad-staprepnr'…
Starting STA for the nom_fast_1p32V_m40C timing corner…
Logging subprocess to [repr.filename]'runs/run_2/12-openroad-staprepnr/nom_fast_1p32V_m40C/sta.log'[/repr.filename]…
Starting STA for the nom_slow_1p08V_125C timing corner…
Logging subprocess to [repr.filename]'runs/run_2/12-openroad-staprepnr/nom_slow_1p08V_125C/sta.log'[/repr.filename]…
Starting STA for the nom_typ_1p20V_25C timing corner…
Logging subprocess to [repr.filename]'runs/run_2/12-openroad-staprepnr/nom_typ_1p20V_25C/sta.log'[/repr.filename]…
Finished STA for the nom_slow_1p08V_125C timing corner.
Finished STA for the nom_fast_1p32V_m40C timing corner.
Finished STA for the nom_typ_1p20V_25C timing corner.
Running 'OpenROAD.Floorplan' at 'runs/run_2/13-openroad-floorplan'…
Logging subprocess to [repr.filename]'runs/run_2/13-openroad-floorplan/openroad-floorplan.log'[/repr.filename]…
Running 'OpenROAD.DumpRCValues' at 'runs/run_2/14-openroad-dumprcvalues'…
Logging subprocess to [repr.filename]'runs/run_2/14-openroad-dumprcvalues/openroad-dumprcvalues.log'[/repr.filename]…
Running 'Odb.CheckMacroAntennaProperties' at 'runs/run_2/15-odb-checkmacroantennaproperties'…
No cells provided, skipping 'Odb.CheckMacroAntennaProperties'…
Running 'Odb.SetPowerConnections' at 'runs/run_2/16-odb-setpowerconnections'…
Logging subprocess to [repr.filename]'runs/run_2/16-odb-setpowerconnections/odb-setpowerconnections.log'[/repr.filename]…
Running 'Odb.ManualMacroPlacement' at 'runs/run_2/17-odb-manualmacroplacement'…
No instances found, skipping 'Odb.ManualMacroPlacement'…
Running 'OpenROAD.CutRows' at 'runs/run_2/18-openroad-cutrows'…
Logging subprocess to [repr.filename]'runs/run_2/18-openroad-cutrows/openroad-cutrows.log'[/repr.filename]…
Running 'OpenROAD.TapEndcapInsertion' at 'runs/run_2/19-openroad-tapendcapinsertion'…
Logging subprocess to [repr.filename]'runs/run_2/19-openroad-tapendcapinsertion/openroad-tapendcapinsertion.log'[/repr.filename]…
Running 'Odb.AddPDNObstructions' at 'runs/run_2/20-odb-addpdnobstructions'…
'PDN_OBSTRUCTIONS' is not defined. Skipping 'Odb.AddPDNObstructions'…
Running 'OpenROAD.GeneratePDN' at 'runs/run_2/21-openroad-generatepdn'…
'PDN_CFG' not explicitly set, setting it to /nix/store/8y4m6wgn5kqlbig1qwnwbxijqqp0jwib-python3-3.13.9-env/lib/python3.13/site-packages/librelane/scripts/openroad/common/pdn_cfg.tcl…
Logging subprocess to [repr.filename]'runs/run_2/21-openroad-generatepdn/openroad-generatepdn.log'[/repr.filename]…
Running 'Odb.RemovePDNObstructions' at 'runs/run_2/22-odb-removepdnobstructions'…
'PDN_OBSTRUCTIONS' is not defined. Skipping 'Odb.RemovePDNObstructions'…
Running 'Odb.AddRoutingObstructions' at 'runs/run_2/23-odb-addroutingobstructions'…
'ROUTING_OBSTRUCTIONS' is not defined. Skipping 'Odb.AddRoutingObstructions'…
Running 'OpenROAD.GlobalPlacementSkipIO' at 'runs/run_2/24-openroad-globalplacementskipio'…
I/O pins to be placed from /home/jaikrishn/Documents/hardware/picorv32_axi4lite_port/phyisical_design/macros/picorv32/pin_order.cfg. Returning state unaltered…
Running 'OpenROAD.IOPlacement' at 'runs/run_2/25-openroad-ioplacement'…
IO_PIN_ORDER_CFG is set. Skipping 'OpenROAD.IOPlacement'…
Running 'Odb.CustomIOPlacement' at 'runs/run_2/26-odb-customioplacement'…
Logging subprocess to [repr.filename]'runs/run_2/26-odb-customioplacement/odb-customioplacement.log'[/repr.filename]…
Overriding minimum distance 0.5 with 0.61 for pins on side W to avoid overlap.
Overriding minimum distance 0.5 with 0.61 for pins on side S to avoid overlap.
Overriding minimum distance 0.5 with 0.61 for pins on side N to avoid overlap.
Overriding minimum distance 0.5 with 0.61 for pins on side E to avoid overlap.
Running 'Odb.ApplyDEFTemplate' at 'runs/run_2/27-odb-applydeftemplate'…
No DEF template provided, skipping 'Odb.ApplyDEFTemplate'…
Running 'OpenROAD.GlobalPlacement' at 'runs/run_2/28-openroad-globalplacement'…
Logging subprocess to [repr.filename]'runs/run_2/28-openroad-globalplacement/openroad-globalplacement.log'[/repr.filename]…
[GRT-0281] Net clk_i has a large fanout of 1595 terminals.
Running 'Odb.WriteVerilogHeader' at 'runs/run_2/29-odb-writeverilogheader'…
Logging subprocess to [repr.filename]'runs/run_2/29-odb-writeverilogheader/odb-writeverilogheader.log'[/repr.filename]…
Running 'Checker.PowerGridViolations' at 'runs/run_2/30-checker-powergridviolations'…
Check for power grid violations (as reported by OpenROAD PSM- you may ignore these if LVS passes) clear.
Running 'OpenROAD.STAMidPNR' at 'runs/run_2/31-openroad-stamidpnr'…
Logging subprocess to [repr.filename]'runs/run_2/31-openroad-stamidpnr/openroad-stamidpnr.log'[/repr.filename]…
Running 'OpenROAD.RepairDesignPostGPL' at 'runs/run_2/32-openroad-repairdesignpostgpl'…
Logging subprocess to [repr.filename]'runs/run_2/32-openroad-repairdesignpostgpl/openroad-repairdesignpostgpl.log'[/repr.filename]…
Running 'Odb.ManualGlobalPlacement' at 'runs/run_2/33-odb-manualglobalplacement'…
'MANUAL_GLOBAL_PLACEMENTS' not set. Skipping 'Odb.ManualGlobalPlacement'…
Running 'OpenROAD.DetailedPlacement' at 'runs/run_2/34-openroad-detailedplacement'…
Logging subprocess to [repr.filename]'runs/run_2/34-openroad-detailedplacement/openroad-detailedplacement.log'[/repr.filename]…
Running 'OpenROAD.CTS' at 'runs/run_2/35-openroad-cts'…
Logging subprocess to [repr.filename]'runs/run_2/35-openroad-cts/openroad-cts.log'[/repr.filename]…
Running 'OpenROAD.STAMidPNR-1' at 'runs/run_2/36-openroad-stamidpnr-1'…
Logging subprocess to [repr.filename]'runs/run_2/36-openroad-stamidpnr-1/openroad-stamidpnr-1.log'[/repr.filename]…
Running 'OpenROAD.ResizerTimingPostCTS' at 'runs/run_2/37-openroad-resizertimingpostcts'…
Logging subprocess to [repr.filename]'runs/run_2/37-openroad-resizertimingpostcts/openroad-resizertimingpostcts.log'[/repr.filename]…
Running 'OpenROAD.STAMidPNR-2' at 'runs/run_2/38-openroad-stamidpnr-2'…
Logging subprocess to [repr.filename]'runs/run_2/38-openroad-stamidpnr-2/openroad-stamidpnr-2.log'[/repr.filename]…
Running 'OpenROAD.GlobalRouting' at 'runs/run_2/39-openroad-globalrouting'…
Logging subprocess to [repr.filename]'runs/run_2/39-openroad-globalrouting/openroad-globalrouting.log'[/repr.filename]…
Running 'OpenROAD.CheckAntennas' at 'runs/run_2/40-openroad-checkantennas'…
Logging subprocess to [repr.filename]'runs/run_2/40-openroad-checkantennas/openroad-checkantennas.log'[/repr.filename]…
Gating variable for step 'OpenROAD.RepairDesignPostGRT' set to 'False'- the step will be skipped.
Skipping step 'Repair Design (Post-Global Routing)'…
Running 'Odb.DiodesOnPorts' at 'runs/run_2/41-odb-diodesonports'…
'DIODE_ON_PORTS' is set to 'none': skipping 'Odb.DiodesOnPorts'…
Gating variable for step 'Odb.HeuristicDiodeInsertion' set to 'False'- the step will be skipped.
Skipping step 'Heuristic Diode Insertion'…
Running 'OpenROAD.RepairAntennas' at 'runs/run_2/42-openroad-repairantennas'…
Running 'OpenROAD.DiodeInsertion' at 'runs/run_2/42-openroad-repairantennas/1-openroad-diodeinsertion'…
Logging subprocess to [repr.filename]'runs/run_2/42-openroad-repairantennas/1-openroad-diodeinsertion/openroad-diodeinsertion.log'[/repr.filename]…
Running 'OpenROAD.CheckAntennas' at 'runs/run_2/42-openroad-repairantennas/2-openroad-checkantennas'…
Logging subprocess to [repr.filename]'runs/run_2/42-openroad-repairantennas/2-openroad-checkantennas/openroad-checkantennas.log'[/repr.filename]…
Gating variable for step 'OpenROAD.ResizerTimingPostGRT' set to 'False'- the step will be skipped.
Skipping step 'Resizer Timing Optimizations (Post-Global Routing)'…
Running 'OpenROAD.STAMidPNR-3' at 'runs/run_2/43-openroad-stamidpnr-3'…
Logging subprocess to [repr.filename]'runs/run_2/43-openroad-stamidpnr-3/openroad-stamidpnr-3.log'[/repr.filename]…
Running 'OpenROAD.DetailedRouting' at 'runs/run_2/44-openroad-detailedrouting'…
Running TritonRoute with 12 threads…
Logging subprocess to [repr.filename]'runs/run_2/44-openroad-detailedrouting/openroad-detailedrouting.log'[/repr.filename]…
[DRT-0349] LEF58_ENCLOSURE with no CUTCLASS is not supported. Skipping for layer Cont
[DRT-0349] LEF58_ENCLOSURE with no CUTCLASS is not supported. Skipping for layer Via1
[DRT-0349] LEF58_ENCLOSURE with no CUTCLASS is not supported. Skipping for layer Via1
[DRT-0349] LEF58_ENCLOSURE with no CUTCLASS is not supported. Skipping for layer Via2
[DRT-0349] LEF58_ENCLOSURE with no CUTCLASS is not supported. Skipping for layer Via3
[DRT-0349] LEF58_ENCLOSURE with no CUTCLASS is not supported. Skipping for layer Via4
[DRT-0349] LEF58_ENCLOSURE with no CUTCLASS is not supported. Skipping for layer TopVia1
[DRT-0349] LEF58_ENCLOSURE with no CUTCLASS is not supported. Skipping for layer TopVia1
[DRT-0349] LEF58_ENCLOSURE with no CUTCLASS is not supported. Skipping for layer TopVia2
[DRT-0349] LEF58_ENCLOSURE with no CUTCLASS is not supported. Skipping for layer TopVia2
Running 'Odb.RemoveRoutingObstructions' at 'runs/run_2/45-odb-removeroutingobstructions'…
'ROUTING_OBSTRUCTIONS' is not defined. Skipping 'Odb.RemoveRoutingObstructions'…
Running 'OpenROAD.CheckAntennas-1' at 'runs/run_2/46-openroad-checkantennas-1'…
Logging subprocess to [repr.filename]'runs/run_2/46-openroad-checkantennas-1/openroad-checkantennas-1.log'[/repr.filename]…
Running 'Checker.TrDRC' at 'runs/run_2/47-checker-trdrc'…
Check for Routing DRC errors clear.
Running 'Odb.ReportDisconnectedPins' at 'runs/run_2/48-odb-reportdisconnectedpins'…
Logging subprocess to [repr.filename]'runs/run_2/48-odb-reportdisconnectedpins/odb-reportdisconnectedpins.log'[/repr.filename]…
Running 'Checker.DisconnectedPins' at 'runs/run_2/49-checker-disconnectedpins'…
Check for critical disconnected pins clear.
Running 'Odb.ReportWireLength' at 'runs/run_2/50-odb-reportwirelength'…
Logging subprocess to [repr.filename]'runs/run_2/50-odb-reportwirelength/odb-reportwirelength.log'[/repr.filename]…
Running 'Checker.WireLength' at 'runs/run_2/51-checker-wirelength'…
Threshold for Threshold-surpassing long wires is not set. The checker will be skipped.
Running 'OpenROAD.FillInsertion' at 'runs/run_2/52-openroad-fillinsertion'…
Logging subprocess to [repr.filename]'runs/run_2/52-openroad-fillinsertion/openroad-fillinsertion.log'[/repr.filename]…
Running 'Odb.CellFrequencyTables' at 'runs/run_2/53-odb-cellfrequencytables'…
Logging subprocess to [repr.filename]'runs/run_2/53-odb-cellfrequencytables/buffer_list.txt'[/repr.filename]…
Logging subprocess to [repr.filename]'runs/run_2/53-odb-cellfrequencytables/odb-cellfrequencytables.log'[/repr.filename]…
Running 'OpenROAD.RCX' at 'runs/run_2/54-openroad-rcx'…
Running RCX for corners matching nom_* (/home/jaikrishn/Documents/hardware/picorv32_axi4lite_port/phyisical_design/macros/picorv32/runs/run_2/54-openroad-rcx/nom/rcx.log)…
Logging subprocess to [repr.filename]'runs/run_2/54-openroad-rcx/nom/rcx.log'[/repr.filename]…
Finished RCX for corners matching nom_*.
Running 'OpenROAD.STAPostPNR' at 'runs/run_2/55-openroad-stapostpnr'…
Starting STA for the nom_fast_1p32V_m40C timing corner…
Starting STA for the nom_slow_1p08V_125C timing corner…
Logging subprocess to [repr.filename]'runs/run_2/55-openroad-stapostpnr/nom_fast_1p32V_m40C/sta.log'[/repr.filename]…
Starting STA for the nom_typ_1p20V_25C timing corner…
Logging subprocess to [repr.filename]'runs/run_2/55-openroad-stapostpnr/nom_typ_1p20V_25C/sta.log'[/repr.filename]…
Logging subprocess to [repr.filename]'runs/run_2/55-openroad-stapostpnr/nom_slow_1p08V_125C/sta.log'[/repr.filename]…
Finished STA for the nom_typ_1p20V_25C timing corner.
Logging subprocess to [repr.filename]'runs/run_2/55-openroad-stapostpnr/nom_typ_1p20V_25C/filter_unannotated.log'[/repr.filename]…
Finished STA for the nom_fast_1p32V_m40C timing corner.
Logging subprocess to [repr.filename]'runs/run_2/55-openroad-stapostpnr/nom_fast_1p32V_m40C/filter_unannotated.log'[/repr.filename]…
Finished STA for the nom_slow_1p08V_125C timing corner.
Logging subprocess to [repr.filename]'runs/run_2/55-openroad-stapostpnr/nom_slow_1p08V_125C/filter_unannotated.log'[/repr.filename]…
Running 'OpenROAD.IRDropReport' at 'runs/run_2/56-openroad-irdropreport'…
'VSRC_LOC_FILES' was not given a value, which may make the results of IR drop analysis inaccurate. If you are not integrating a top-level chip for manufacture, you may ignore this warning, otherwise, see the documentation for 'VSRC_LOC_FILES'.
Logging subprocess to [repr.filename]'runs/run_2/56-openroad-irdropreport/openroad-irdropreport.log'[/repr.filename]…
+ analyze_power_grid -net VDD -voltage_file /home/jaikrishn/Documents/hardware/picorv32_axi4lite_port/phyisical_design/macros/picorv32/runs/run_2/56-openroad-irdropreport/net-VDD.csv
[INFO PSM-0040] All shapes on net VDD are connected.
########## IR report #################
Net              : VDD
Corner           : nom_typ_1p20V_25C
Total power      : 2.26e-02 W
Supply voltage   : 1.20e+00 V
Worstcase voltage: 1.19e+00 V
Average voltage  : 1.20e+00 V
Average IR drop  : 2.58e-04 V
Worstcase IR drop: 5.62e-03 V
Percentage drop  : 0.47 %
######################################
+ analyze_power_grid -net VSS -voltage_file /home/jaikrishn/Documents/hardware/picorv32_axi4lite_port/phyisical_design/macros/picorv32/runs/run_2/56-openroad-irdropreport/net-VSS.csv
[INFO PSM-0040] All shapes on net VSS are connected.
########## IR report #################
Net              : VSS
Corner           : nom_typ_1p20V_25C
Total power      : 2.26e-02 W
Supply voltage   : 0.00e+00 V
Worstcase voltage: 3.25e-03 V
Average voltage  : 2.59e-04 V
Average IR drop  : 2.59e-04 V
Worstcase IR drop: 3.25e-03 V
Percentage drop  : 0.27 %
######################################

Running 'Magic.StreamOut' at 'runs/run_2/57-magic-streamout'…
Logging subprocess to [repr.filename]'runs/run_2/57-magic-streamout/magic-streamout.log'[/repr.filename]…
Running 'KLayout.StreamOut' at 'runs/run_2/58-klayout-streamout'…
Logging subprocess to [repr.filename]'runs/run_2/58-klayout-streamout/klayout-streamout.log'[/repr.filename]…
Running 'KLayout.Render' at 'runs/run_2/59-klayout-render'…
Logging subprocess to [repr.filename]'runs/run_2/59-klayout-render/klayout-render.log'[/repr.filename]…
Running 'Magic.WriteLEF' at 'runs/run_2/60-magic-writelef'…
Logging subprocess to [repr.filename]'runs/run_2/60-magic-writelef/magic-writelef.log'[/repr.filename]…
Running 'Odb.CheckDesignAntennaProperties' at 'runs/run_2/61-odb-checkdesignantennaproperties'…
Logging subprocess to [repr.filename]'runs/run_2/61-odb-checkdesignantennaproperties/odb-checkdesignantennaproperties.log'[/repr.filename]…
Running 'KLayout.XOR' at 'runs/run_2/62-klayout-xor'…
Running XOR with 12 threads…
Logging subprocess to [repr.filename]'runs/run_2/62-klayout-xor/klayout-xor.log'[/repr.filename]…
Running 'Checker.XOR' at 'runs/run_2/63-checker-xor'…
Check for XOR differences clear.
Running 'Magic.DRC' at 'runs/run_2/64-magic-drc'…
Logging subprocess to [repr.filename]'runs/run_2/64-magic-drc/magic-drc.log'[/repr.filename]…
Running 'KLayout.DRC' at 'runs/run_2/65-klayout-drc'…
Running KLayout DRC with 12 threads…
Logging subprocess to [repr.filename]'runs/run_2/65-klayout-drc/klayout-drc.log'[/repr.filename]…
Logging subprocess to [repr.filename]'runs/run_2/65-klayout-drc/xml_drc_report_to_json.log'[/repr.filename]…
Running 'Checker.MagicDRC' at 'runs/run_2/66-checker-magicdrc'…
Check for Magic DRC errors clear.
Running 'Checker.KLayoutDRC' at 'runs/run_2/67-checker-klayoutdrc'…
Check for KLayout DRC errors clear.
Running 'Magic.SpiceExtraction' at 'runs/run_2/68-magic-spiceextraction'…
Logging subprocess to [repr.filename]'runs/run_2/68-magic-spiceextraction/magic-spiceextraction.log'[/repr.filename]…
Running 'Checker.IllegalOverlap' at 'runs/run_2/69-checker-illegaloverlap'…
Check for Magic Illegal Overlap errors clear.
Running 'Netgen.LVS' at 'runs/run_2/70-netgen-lvs'…
Logging subprocess to [repr.filename]'runs/run_2/70-netgen-lvs/netgen-lvs.log'[/repr.filename]…
Running 'Checker.LVS' at 'runs/run_2/71-checker-lvs'…
Check for LVS errors clear.
Gating variable for step 'Yosys.EQY' set to 'False'- the step will be skipped.
Skipping step 'Equivalence Check'…
Running 'Checker.SetupViolations' at 'runs/run_2/72-checker-setupviolations'…
No setup violations found
Running 'Checker.HoldViolations' at 'runs/run_2/73-checker-holdviolations'…
No hold violations found
Running 'Checker.MaxSlewViolations' at 'runs/run_2/74-checker-maxslewviolations'…
Max Slew violations found in the following corners:
* nom_slow_1p08V_125C
* nom_typ_1p20V_25C
No max slew violations found
Running 'Checker.MaxCapViolations' at 'runs/run_2/75-checker-maxcapviolations'…
Max Cap violations found in the following corners:
* nom_fast_1p32V_m40C
* nom_slow_1p08V_125C
* nom_typ_1p20V_25C
No max cap violations found
Running 'Misc.ReportManufacturability' at 'runs/run_2/76-misc-reportmanufacturability'…
Saving views to '/home/jaikrishn/Documents/hardware/picorv32_axi4lite_port/phyisical_design/macros/picorv32/runs/run_2/final'…
Flow complete.
