
===========================================================================
 report_power
============================================================================
======================= nom_typ_1p20V_25C Corner ===================================

Group                    Internal    Switching      Leakage        Total
                            Power        Power        Power        Power (Watts)
------------------------------------------------------------------------
Sequential           9.231043e-03 5.716576e-04 7.153371e-07 9.803416e-03  45.7%
Combinational        4.279539e-03 4.051216e-03 1.376400e-06 8.332131e-03  38.8%
Clock                1.770152e-03 1.542608e-03 1.701513e-07 3.312930e-03  15.4%
Macro                0.000000e+00 0.000000e+00 0.000000e+00 0.000000e+00   0.0%
Pad                  0.000000e+00 0.000000e+00 0.000000e+00 0.000000e+00   0.0%
------------------------------------------------------------------------
Total                1.528074e-02 6.165484e-03 2.261871e-06 2.144848e-02 100.0%
                            71.2%        28.7%         0.0%
Writing metric power__internal__total: 0.015280735678970814
Writing metric power__switching__total: 0.006165483500808477
Writing metric power__leakage__total: 2.261870577058289e-6
Writing metric power__total: 0.02144847996532917

