
===========================================================================
 report_power
============================================================================
======================= nom_typ_1p20V_25C Corner ===================================

Group                    Internal    Switching      Leakage        Total
                            Power        Power        Power        Power (Watts)
------------------------------------------------------------------------
Sequential           9.157006e-04 1.242559e-06 7.561217e-08 9.170187e-04  51.6%
Combinational        4.768511e-06 1.206340e-05 1.073007e-07 1.693922e-05   1.0%
Clock                5.986405e-04 2.446525e-04 5.743088e-08 8.433504e-04  47.5%
Macro                0.000000e+00 0.000000e+00 0.000000e+00 0.000000e+00   0.0%
Pad                  0.000000e+00 0.000000e+00 0.000000e+00 0.000000e+00   0.0%
------------------------------------------------------------------------
Total                1.519110e-03 2.579585e-04 2.403427e-07 1.777308e-03 100.0%
                            85.5%        14.5%         0.0%
Writing metric power__internal__total: 0.0015191095881164074
Writing metric power__switching__total: 0.00025795845431275666
Writing metric power__leakage__total: 2.40342671986582e-7
Writing metric power__total: 0.0017773084109649062

