
===========================================================================
 report_power
============================================================================
======================= nom_typ_1p20V_25C Corner ===================================

Group                    Internal    Switching      Leakage        Total
                            Power        Power        Power        Power (Watts)
------------------------------------------------------------------------
Sequential           9.231273e-03 5.560683e-04 7.153371e-07 9.788057e-03  45.7%
Combinational        4.241173e-03 4.067966e-03 1.336488e-06 8.310475e-03  38.8%
Clock                1.770148e-03 1.542461e-03 1.701513e-07 3.312779e-03  15.5%
Macro                0.000000e+00 0.000000e+00 0.000000e+00 0.000000e+00   0.0%
Pad                  0.000000e+00 0.000000e+00 0.000000e+00 0.000000e+00   0.0%
------------------------------------------------------------------------
Total                1.524259e-02 6.166498e-03 2.221951e-06 2.141131e-02 100.0%
                            71.2%        28.8%         0.0%
Writing metric power__internal__total: 0.015242586843669415
Writing metric power__switching__total: 0.006166497711092234
Writing metric power__leakage__total: 2.2219514903554227e-6
Writing metric power__total: 0.021411307156085968

