Clock: clk_i
Sources: clk_i 
Generated: no
Virtual: yes
Propagated: no
Period: 10.000000

===========================================================================
report_clock_properties
============================================================================
Clock                   Period          Waveform
----------------------------------------------------
clk_i                10.000000    0.000000  5.000000

===========================================================================
report_clock_latency
============================================================================
Clock clk_i
rise -> rise
    min     max
0.000000 0.000000 source latency
0.414036         network latency _14618_/CLK
        0.487461 network latency _15242_/CLK
---------------
0.414036 0.487461 latency
        0.073425 skew

fall -> fall
    min     max
0.000000 0.000000 source latency
0.420310         network latency _14618_/CLK
        0.491149 network latency _15242_/CLK
---------------
0.420310 0.491149 latency
        0.070839 skew



===========================================================================
report_clock_min_period
============================================================================
clk_i period_min = 5.77 fmax = 173.28
