124. Printing statistics.

=== ram_macro ===

        +----------Local Count, excluding submodules.
        |        +-Local Area, excluding submodules.
        |        | 
      291        - wires
      656        - wire bits
       38        - public wires
      371        - public wire bits
       22        - ports
      213        - port bits
      420 4.75E+03 cells
       48        -   $_ANDNOT_
       45        -   $_AND_
      146        -   $_MUX_
        5        -   $_NAND_
        4        -   $_NOR_
        8        -   $_NOT_
        6        -   $_ORNOT_
       60        -   $_OR_
        1        -   RM_IHPSG13_1P_1024x32_c2_bm_bist
       97 4.75E+03   sg13g2_dfrbpq_1

   Area for cell type $_ANDNOT_ is unknown!
   Area for cell type $_AND_ is unknown!
   Area for cell type $_MUX_ is unknown!
   Area for cell type $_NAND_ is unknown!
   Area for cell type $_NOR_ is unknown!
   Area for cell type $_NOT_ is unknown!
   Area for cell type $_ORNOT_ is unknown!
   Area for cell type $_OR_ is unknown!
   Area for cell type \RM_IHPSG13_1P_1024x32_c2_bm_bist is unknown!

   Chip area for module '\ram_macro': 4751.913600
     of which used for sequential elements: 4751.913600 (100.00%)

