Clock: clk_i
Sources: clk_i 
Generated: no
Virtual: yes
Propagated: no
Period: 10.000000

===========================================================================
report_clock_properties
============================================================================
Clock                   Period          Waveform
----------------------------------------------------
clk_i                10.000000    0.000000  5.000000

===========================================================================
report_clock_latency
============================================================================
Clock clk_i
rise -> rise
    min     max
0.000000 0.000000 source latency
0.197172         network latency _1359_/CLK
        0.231288 network latency _1380_/CLK
---------------
0.197172 0.231288 latency
        0.034116 skew

fall -> fall
    min     max
0.000000 0.000000 source latency
0.197148         network latency _1359_/CLK
        0.229980 network latency _1380_/CLK
---------------
0.197148 0.229980 latency
        0.032832 skew



===========================================================================
report_clock_min_period
============================================================================
clk_i period_min = 1.60 fmax = 623.75
