
===========================================================================
report_checks -unconstrained
===========================================================================
======================= nom_typ_1p20V_25C Corner ===================================

Startpoint: _15058_ (rising edge-triggered flip-flop clocked by clk_i)
Endpoint: _14956_ (rising edge-triggered flip-flop clocked by clk_i)
Path Group: clk_i
Path Type: max

Fanout         Cap        Slew       Delay        Time   Description
---------------------------------------------------------------------------------------------
                                  0.000000    0.000000   clock clk_i (rise edge)
                                  0.000000    0.000000   clock source latency
     1    0.077357    0.000000    0.000000    0.000000 ^ clk_i (in)
                                                         clk_i (net)
                      0.027137    0.013569    0.013569 ^ clkbuf_0_clk_i/A (sg13g2_buf_16)
    16    0.360872    0.105845    0.109588    0.123157 ^ clkbuf_0_clk_i/X (sg13g2_buf_16)
                                                         clknet_0_clk_i (net)
                      0.111767    0.019315    0.142472 ^ clkbuf_4_13_0_clk_i/A (sg13g2_buf_8)
     2    0.054594    0.042618    0.117057    0.259529 ^ clkbuf_4_13_0_clk_i/X (sg13g2_buf_8)
                                                         clknet_4_13_0_clk_i (net)
                      0.043983    0.005697    0.265225 ^ clkbuf_5_27__f_clk_i/A (sg13g2_buf_16)
     4    0.062794    0.029355    0.078741    0.343967 ^ clkbuf_5_27__f_clk_i/X (sg13g2_buf_16)
                                                         clknet_5_27__leaf_clk_i (net)
                      0.030685    0.005077    0.349044 ^ clkbuf_leaf_83_clk_i/A (sg13g2_buf_8)
    14    0.077024    0.050281    0.090587    0.439631 ^ clkbuf_leaf_83_clk_i/X (sg13g2_buf_8)
                                                         clknet_leaf_83_clk_i (net)
                      0.050361    0.001614    0.441244 ^ _15058_/CLK (sg13g2_dfrbpq_1)
     3    0.062319    0.257451    0.336140    0.777385 ^ _15058_/Q (sg13g2_dfrbpq_1)
                                                         u_picorv32.picorv32_core.latched_store (net)
                      0.257495    0.002856    0.780241 ^ fanout1328/A (sg13g2_buf_1)
     7    0.073335    0.303522    0.317326    1.097566 ^ fanout1328/X (sg13g2_buf_1)
                                                         net1328 (net)
                      0.304784    0.015995    1.113561 ^ fanout1327/A (sg13g2_buf_1)
     8    0.064434    0.268183    0.301233    1.414794 ^ fanout1327/X (sg13g2_buf_1)
                                                         net1327 (net)
                      0.270127    0.018505    1.433299 ^ _08837_/B (sg13g2_and2_1)
     1    0.009566    0.056409    0.168998    1.602297 ^ _08837_/X (sg13g2_and2_1)
                                                         _02694_ (net)
                      0.056423    0.000836    1.603133 ^ fanout867/A (sg13g2_buf_1)
     7    0.078137    0.322658    0.274183    1.877315 ^ fanout867/X (sg13g2_buf_1)
                                                         net867 (net)
                      0.324228    0.018342    1.895657 ^ fanout866/A (sg13g2_buf_1)
     4    0.031663    0.135753    0.222573    2.118230 ^ fanout866/X (sg13g2_buf_1)
                                                         net866 (net)
                      0.135753    0.000702    2.118932 ^ fanout865/A (sg13g2_buf_1)
     6    0.033774    0.143638    0.188215    2.307148 ^ fanout865/X (sg13g2_buf_1)
                                                         net865 (net)
                      0.143736    0.002187    2.309335 ^ fanout864/A (sg13g2_buf_1)
     8    0.047349    0.198126    0.226685    2.536020 ^ fanout864/X (sg13g2_buf_1)
                                                         net864 (net)
                      0.198275    0.004482    2.540502 ^ _10677_/A2 (sg13g2_a21o_1)
     4    0.026151    0.115741    0.227218    2.767720 ^ _10677_/X (sg13g2_a21o_1)
                                                         _03356_ (net)
                      0.115767    0.001677    2.769397 ^ _10844_/A (sg13g2_nand4_1)
     4    0.024741    0.296072    0.286222    3.055619 v _10844_/Y (sg13g2_nand4_1)
                                                         _03489_ (net)
                      0.296125    0.003279    3.058898 v _10897_/D (sg13g2_nor4_1)
     3    0.013722    0.303603    0.307553    3.366451 ^ _10897_/Y (sg13g2_nor4_1)
                                                         _03538_ (net)
                      0.303605    0.000727    3.367178 ^ max_cap306/A (sg13g2_buf_1)
     2    0.012205    0.064375    0.162371    3.529549 ^ max_cap306/X (sg13g2_buf_1)
                                                         net306 (net)
                      0.064383    0.000750    3.530298 ^ _10936_/A (sg13g2_nand4_1)
     3    0.014603    0.192418    0.183124    3.713422 v _10936_/Y (sg13g2_nand4_1)
                                                         _03574_ (net)
                      0.192495    0.001246    3.714668 v _10965_/C (sg13g2_nor3_1)
     2    0.020448    0.297644    0.292110    4.006778 ^ _10965_/Y (sg13g2_nor3_1)
                                                         _03601_ (net)
                      0.297663    0.002021    4.008799 ^ _11042_/A (sg13g2_nand4_1)
     2    0.020925    0.294672    0.323206    4.332005 v _11042_/Y (sg13g2_nand4_1)
                                                         _03673_ (net)
                      0.294704    0.003050    4.335055 v _11078_/D (sg13g2_nor4_1)
     2    0.016687    0.349916    0.346149    4.681204 ^ _11078_/Y (sg13g2_nor4_1)
                                                         _03706_ (net)
                      0.349949    0.002788    4.683992 ^ wire211/A (sg13g2_buf_1)
     3    0.014927    0.075105    0.178530    4.862522 ^ wire211/X (sg13g2_buf_1)
                                                         net211 (net)
                      0.075129    0.001283    4.863805 ^ _11116_/A (sg13g2_nand2_1)
     5    0.033398    0.211880    0.193047    5.056851 v _11116_/Y (sg13g2_nand2_1)
                                                         _03741_ (net)
                      0.212017    0.003532    5.060384 v _11190_/C (sg13g2_nor3_1)
     2    0.012208    0.204548    0.215922    5.276305 ^ _11190_/Y (sg13g2_nor3_1)
                                                         _03810_ (net)
                      0.204551    0.000696    5.277002 ^ _11205_/B (sg13g2_xor2_1)
     1    0.004967    0.086023    0.156740    5.433741 ^ _11205_/X (sg13g2_xor2_1)
                                                         _03824_ (net)
                      0.086023    0.000201    5.433942 ^ _11206_/A2 (sg13g2_o21ai_1)
     1    0.004497    0.073400    0.075669    5.509611 v _11206_/Y (sg13g2_o21ai_1)
                                                         _03825_ (net)
                      0.073400    0.000181    5.509792 v _11208_/A1 (sg13g2_o21ai_1)
     1    0.005442    0.095704    0.118372    5.628163 ^ _11208_/Y (sg13g2_o21ai_1)
                                                         _03827_ (net)
                      0.095704    0.000415    5.628579 ^ _11209_/B (sg13g2_nand2_1)
     1    0.002099    0.033126    0.064557    5.693135 v _11209_/Y (sg13g2_nand2_1)
                                                         _01327_ (net)
                      0.033126    0.000082    5.693217 v _14956_/D (sg13g2_dfrbpq_1)
                                              5.693217   data arrival time

                                 10.000000   10.000000   clock clk_i (rise edge)
                                  0.000000   10.000000   clock source latency
     1    0.074684    0.000000    0.000000   10.000000 ^ clk_i (in)
                                                         clk_i (net)
                      0.025378    0.012689   10.012689 ^ clkbuf_0_clk_i/A (sg13g2_buf_16)
    16    0.340375    0.100373    0.106462   10.119151 ^ clkbuf_0_clk_i/X (sg13g2_buf_16)
                                                         clknet_0_clk_i (net)
                      0.108918    0.022197   10.141349 ^ clkbuf_4_6_0_clk_i/A (sg13g2_buf_8)
     2    0.044986    0.037802    0.113536   10.254885 ^ clkbuf_4_6_0_clk_i/X (sg13g2_buf_8)
                                                         clknet_4_6_0_clk_i (net)
                      0.038353    0.003241   10.258125 ^ clkbuf_5_13__f_clk_i/A (sg13g2_buf_16)
     4    0.065902    0.029788    0.077033   10.335158 ^ clkbuf_5_13__f_clk_i/X (sg13g2_buf_16)
                                                         clknet_5_13__leaf_clk_i (net)
                      0.030629    0.004158   10.339315 ^ clkbuf_leaf_109_clk_i/A (sg13g2_buf_8)
    12    0.072410    0.048408    0.087220   10.426536 ^ clkbuf_leaf_109_clk_i/X (sg13g2_buf_8)
                                                         clknet_leaf_109_clk_i (net)
                      0.049165    0.004764   10.431299 ^ _14956_/CLK (sg13g2_dfrbpq_1)
                                 -0.200000   10.231299   clock uncertainty
                                  0.004006   10.235306   clock reconvergence pessimism
                                 -0.109906   10.125401   library setup time
                                             10.125401   data required time
---------------------------------------------------------------------------------------------
                                             10.125401   data required time
                                             -5.693217   data arrival time
---------------------------------------------------------------------------------------------
                                              4.432183   slack (MET)




===========================================================================
report_checks --slack_max -0.01
============================================================================
======================= nom_typ_1p20V_25C Corner ===================================

No paths found.


===========================================================================
 report_check_types -max_slew -max_cap -max_fanout -violators
============================================================================
======================= nom_typ_1p20V_25C Corner ===================================

max slew

Pin                                        Limit        Slew       Slack
------------------------------------------------------------------------
_11331_/B1                              0.500000    0.556770   -0.056770 (VIOLATED)
_11835_/B1                              0.500000    0.556439   -0.056439 (VIOLATED)
_11858_/A                               0.500000    0.556263   -0.056263 (VIOLATED)
_11929_/A                               0.500000    0.556091   -0.056091 (VIOLATED)
_12144_/A                               0.500000    0.556084   -0.056084 (VIOLATED)
_11976_/C1                              0.500000    0.556035   -0.056035 (VIOLATED)
_12292_/A                               0.500000    0.556009   -0.056009 (VIOLATED)
_12049_/B1                              0.500000    0.555540   -0.055540 (VIOLATED)
fanout754/X                             0.500000    0.555521   -0.055521 (VIOLATED)
_15246_/D                               0.500000    0.539016   -0.039016 (VIOLATED)
_08651_/Y                               0.500000    0.538867   -0.038867 (VIOLATED)
_08537_/A2                              0.500000    0.507812   -0.007812 (VIOLATED)
fanout1433/A                            0.500000    0.507396   -0.007396 (VIOLATED)
_11984_/B2                              0.500000    0.505469   -0.005469 (VIOLATED)
_08919_/A1                              0.500000    0.505419   -0.005419 (VIOLATED)
_11934_/A                               0.500000    0.505405   -0.005405 (VIOLATED)
_11936_/A                               0.500000    0.505405   -0.005405 (VIOLATED)
_11987_/A1                              0.500000    0.505346   -0.005346 (VIOLATED)
_11935_/A                               0.500000    0.505346   -0.005346 (VIOLATED)
fanout1434/X                            0.500000    0.505326   -0.005326 (VIOLATED)

max fanout

Pin                                   Limit Fanout  Slack
---------------------------------------------------------
clkbuf_0_clk_i/X                          8     16     -8 (VIOLATED)
clkbuf_leaf_10_clk_i/X                    8     15     -7 (VIOLATED)
clkbuf_leaf_6_clk_i/X                     8     15     -7 (VIOLATED)
clkbuf_leaf_7_clk_i/X                     8     15     -7 (VIOLATED)
clkbuf_leaf_82_clk_i/X                    8     15     -7 (VIOLATED)
clkbuf_leaf_0_clk_i/X                     8     14     -6 (VIOLATED)
clkbuf_leaf_103_clk_i/X                   8     14     -6 (VIOLATED)
clkbuf_leaf_111_clk_i/X                   8     14     -6 (VIOLATED)
clkbuf_leaf_112_clk_i/X                   8     14     -6 (VIOLATED)
clkbuf_leaf_114_clk_i/X                   8     14     -6 (VIOLATED)
clkbuf_leaf_11_clk_i/X                    8     14     -6 (VIOLATED)
clkbuf_leaf_123_clk_i/X                   8     14     -6 (VIOLATED)
clkbuf_leaf_127_clk_i/X                   8     14     -6 (VIOLATED)
clkbuf_leaf_12_clk_i/X                    8     14     -6 (VIOLATED)
clkbuf_leaf_13_clk_i/X                    8     14     -6 (VIOLATED)
clkbuf_leaf_15_clk_i/X                    8     14     -6 (VIOLATED)
clkbuf_leaf_1_clk_i/X                     8     14     -6 (VIOLATED)
clkbuf_leaf_22_clk_i/X                    8     14     -6 (VIOLATED)
clkbuf_leaf_24_clk_i/X                    8     14     -6 (VIOLATED)
clkbuf_leaf_26_clk_i/X                    8     14     -6 (VIOLATED)
clkbuf_leaf_28_clk_i/X                    8     14     -6 (VIOLATED)
clkbuf_leaf_2_clk_i/X                     8     14     -6 (VIOLATED)
clkbuf_leaf_30_clk_i/X                    8     14     -6 (VIOLATED)
clkbuf_leaf_31_clk_i/X                    8     14     -6 (VIOLATED)
clkbuf_leaf_35_clk_i/X                    8     14     -6 (VIOLATED)
clkbuf_leaf_37_clk_i/X                    8     14     -6 (VIOLATED)
clkbuf_leaf_38_clk_i/X                    8     14     -6 (VIOLATED)
clkbuf_leaf_39_clk_i/X                    8     14     -6 (VIOLATED)
clkbuf_leaf_3_clk_i/X                     8     14     -6 (VIOLATED)
clkbuf_leaf_40_clk_i/X                    8     14     -6 (VIOLATED)
clkbuf_leaf_41_clk_i/X                    8     14     -6 (VIOLATED)
clkbuf_leaf_44_clk_i/X                    8     14     -6 (VIOLATED)
clkbuf_leaf_49_clk_i/X                    8     14     -6 (VIOLATED)
clkbuf_leaf_4_clk_i/X                     8     14     -6 (VIOLATED)
clkbuf_leaf_5_clk_i/X                     8     14     -6 (VIOLATED)
clkbuf_leaf_62_clk_i/X                    8     14     -6 (VIOLATED)
clkbuf_leaf_66_clk_i/X                    8     14     -6 (VIOLATED)
clkbuf_leaf_73_clk_i/X                    8     14     -6 (VIOLATED)
clkbuf_leaf_74_clk_i/X                    8     14     -6 (VIOLATED)
clkbuf_leaf_75_clk_i/X                    8     14     -6 (VIOLATED)
clkbuf_leaf_76_clk_i/X                    8     14     -6 (VIOLATED)
clkbuf_leaf_78_clk_i/X                    8     14     -6 (VIOLATED)
clkbuf_leaf_79_clk_i/X                    8     14     -6 (VIOLATED)
clkbuf_leaf_80_clk_i/X                    8     14     -6 (VIOLATED)
clkbuf_leaf_83_clk_i/X                    8     14     -6 (VIOLATED)
clkbuf_leaf_94_clk_i/X                    8     14     -6 (VIOLATED)
clkbuf_leaf_98_clk_i/X                    8     14     -6 (VIOLATED)
clkbuf_leaf_99_clk_i/X                    8     14     -6 (VIOLATED)
clkbuf_leaf_9_clk_i/X                     8     14     -6 (VIOLATED)
clkbuf_leaf_100_clk_i/X                   8     13     -5 (VIOLATED)
clkbuf_leaf_102_clk_i/X                   8     13     -5 (VIOLATED)
clkbuf_leaf_104_clk_i/X                   8     13     -5 (VIOLATED)
clkbuf_leaf_105_clk_i/X                   8     13     -5 (VIOLATED)
clkbuf_leaf_107_clk_i/X                   8     13     -5 (VIOLATED)
clkbuf_leaf_115_clk_i/X                   8     13     -5 (VIOLATED)
clkbuf_leaf_116_clk_i/X                   8     13     -5 (VIOLATED)
clkbuf_leaf_117_clk_i/X                   8     13     -5 (VIOLATED)
clkbuf_leaf_118_clk_i/X                   8     13     -5 (VIOLATED)
clkbuf_leaf_119_clk_i/X                   8     13     -5 (VIOLATED)
clkbuf_leaf_120_clk_i/X                   8     13     -5 (VIOLATED)
clkbuf_leaf_121_clk_i/X                   8     13     -5 (VIOLATED)
clkbuf_leaf_122_clk_i/X                   8     13     -5 (VIOLATED)
clkbuf_leaf_124_clk_i/X                   8     13     -5 (VIOLATED)
clkbuf_leaf_125_clk_i/X                   8     13     -5 (VIOLATED)
clkbuf_leaf_14_clk_i/X                    8     13     -5 (VIOLATED)
clkbuf_leaf_18_clk_i/X                    8     13     -5 (VIOLATED)
clkbuf_leaf_19_clk_i/X                    8     13     -5 (VIOLATED)
clkbuf_leaf_21_clk_i/X                    8     13     -5 (VIOLATED)
clkbuf_leaf_23_clk_i/X                    8     13     -5 (VIOLATED)
clkbuf_leaf_25_clk_i/X                    8     13     -5 (VIOLATED)
clkbuf_leaf_27_clk_i/X                    8     13     -5 (VIOLATED)
clkbuf_leaf_29_clk_i/X                    8     13     -5 (VIOLATED)
clkbuf_leaf_32_clk_i/X                    8     13     -5 (VIOLATED)
clkbuf_leaf_33_clk_i/X                    8     13     -5 (VIOLATED)
clkbuf_leaf_36_clk_i/X                    8     13     -5 (VIOLATED)
clkbuf_leaf_43_clk_i/X                    8     13     -5 (VIOLATED)
clkbuf_leaf_45_clk_i/X                    8     13     -5 (VIOLATED)
clkbuf_leaf_47_clk_i/X                    8     13     -5 (VIOLATED)
clkbuf_leaf_48_clk_i/X                    8     13     -5 (VIOLATED)
clkbuf_leaf_50_clk_i/X                    8     13     -5 (VIOLATED)
clkbuf_leaf_51_clk_i/X                    8     13     -5 (VIOLATED)
clkbuf_leaf_53_clk_i/X                    8     13     -5 (VIOLATED)
clkbuf_leaf_55_clk_i/X                    8     13     -5 (VIOLATED)
clkbuf_leaf_56_clk_i/X                    8     13     -5 (VIOLATED)
clkbuf_leaf_57_clk_i/X                    8     13     -5 (VIOLATED)
clkbuf_leaf_58_clk_i/X                    8     13     -5 (VIOLATED)
clkbuf_leaf_60_clk_i/X                    8     13     -5 (VIOLATED)
clkbuf_leaf_61_clk_i/X                    8     13     -5 (VIOLATED)
clkbuf_leaf_63_clk_i/X                    8     13     -5 (VIOLATED)
clkbuf_leaf_64_clk_i/X                    8     13     -5 (VIOLATED)
clkbuf_leaf_65_clk_i/X                    8     13     -5 (VIOLATED)
clkbuf_leaf_67_clk_i/X                    8     13     -5 (VIOLATED)
clkbuf_leaf_68_clk_i/X                    8     13     -5 (VIOLATED)
clkbuf_leaf_69_clk_i/X                    8     13     -5 (VIOLATED)
clkbuf_leaf_70_clk_i/X                    8     13     -5 (VIOLATED)
clkbuf_leaf_71_clk_i/X                    8     13     -5 (VIOLATED)
clkbuf_leaf_72_clk_i/X                    8     13     -5 (VIOLATED)
clkbuf_leaf_77_clk_i/X                    8     13     -5 (VIOLATED)
clkbuf_leaf_84_clk_i/X                    8     13     -5 (VIOLATED)
clkbuf_leaf_87_clk_i/X                    8     13     -5 (VIOLATED)
clkbuf_leaf_8_clk_i/X                     8     13     -5 (VIOLATED)
clkbuf_leaf_101_clk_i/X                   8     12     -4 (VIOLATED)
clkbuf_leaf_106_clk_i/X                   8     12     -4 (VIOLATED)
clkbuf_leaf_108_clk_i/X                   8     12     -4 (VIOLATED)
clkbuf_leaf_109_clk_i/X                   8     12     -4 (VIOLATED)
clkbuf_leaf_110_clk_i/X                   8     12     -4 (VIOLATED)
clkbuf_leaf_126_clk_i/X                   8     12     -4 (VIOLATED)
clkbuf_leaf_16_clk_i/X                    8     12     -4 (VIOLATED)
clkbuf_leaf_17_clk_i/X                    8     12     -4 (VIOLATED)
clkbuf_leaf_20_clk_i/X                    8     12     -4 (VIOLATED)
clkbuf_leaf_34_clk_i/X                    8     12     -4 (VIOLATED)
clkbuf_leaf_42_clk_i/X                    8     12     -4 (VIOLATED)
clkbuf_leaf_46_clk_i/X                    8     12     -4 (VIOLATED)
clkbuf_leaf_52_clk_i/X                    8     12     -4 (VIOLATED)
clkbuf_leaf_59_clk_i/X                    8     12     -4 (VIOLATED)
clkbuf_leaf_81_clk_i/X                    8     12     -4 (VIOLATED)
clkbuf_leaf_86_clk_i/X                    8     12     -4 (VIOLATED)
clkbuf_leaf_89_clk_i/X                    8     12     -4 (VIOLATED)
clkbuf_leaf_90_clk_i/X                    8     12     -4 (VIOLATED)
clkbuf_leaf_91_clk_i/X                    8     12     -4 (VIOLATED)
clkbuf_leaf_95_clk_i/X                    8     12     -4 (VIOLATED)
clkbuf_leaf_96_clk_i/X                    8     12     -4 (VIOLATED)
clkbuf_leaf_97_clk_i/X                    8     12     -4 (VIOLATED)
clkbuf_leaf_113_clk_i/X                   8     11     -3 (VIOLATED)
clkbuf_leaf_54_clk_i/X                    8     11     -3 (VIOLATED)
clkbuf_leaf_85_clk_i/X                    8     11     -3 (VIOLATED)
clkbuf_leaf_88_clk_i/X                    8     11     -3 (VIOLATED)
clkbuf_leaf_93_clk_i/X                    8     11     -3 (VIOLATED)

max capacitance

Pin                                        Limit         Cap       Slack
------------------------------------------------------------------------
clkbuf_0_clk_i/X                        0.100000    0.360872   -0.260872 (VIOLATED)
fanout754/X                             0.100000    0.135975   -0.035975 (VIOLATED)
wire613/X                               0.100000    0.130790   -0.030790 (VIOLATED)
max_cap402/X                            0.100000    0.125216   -0.025216 (VIOLATED)
wire1401/X                              0.100000    0.124014   -0.024014 (VIOLATED)
max_cap1609/X                           0.100000    0.123641   -0.023641 (VIOLATED)
fanout1434/X                            0.100000    0.123525   -0.023525 (VIOLATED)
wire633/X                               0.100000    0.122633   -0.022633 (VIOLATED)
fanout1753/X                            0.100000    0.121568   -0.021568 (VIOLATED)
wire671/X                               0.100000    0.120039   -0.020039 (VIOLATED)
wire321/X                               0.100000    0.119866   -0.019866 (VIOLATED)
wire1563/X                              0.100000    0.119420   -0.019420 (VIOLATED)
fanout753/X                             0.100000    0.119248   -0.019248 (VIOLATED)
fanout1451/X                            0.100000    0.118590   -0.018590 (VIOLATED)
max_cap987/X                            0.100000    0.118447   -0.018447 (VIOLATED)
wire480/X                               0.100000    0.116850   -0.016850 (VIOLATED)
wire458/X                               0.100000    0.116660   -0.016660 (VIOLATED)
wire1533/X                              0.100000    0.116580   -0.016580 (VIOLATED)
max_cap663/X                            0.100000    0.116489   -0.016489 (VIOLATED)
wire689/X                               0.100000    0.116371   -0.016371 (VIOLATED)
fanout1428/X                            0.100000    0.116299   -0.016299 (VIOLATED)
wire423/X                               0.100000    0.116279   -0.016279 (VIOLATED)
max_cap442/X                            0.100000    0.114968   -0.014968 (VIOLATED)
max_cap345/X                            0.100000    0.114480   -0.014480 (VIOLATED)
max_cap331/X                            0.100000    0.114201   -0.014201 (VIOLATED)
max_cap314/X                            0.100000    0.113812   -0.013812 (VIOLATED)
max_cap437/X                            0.100000    0.113547   -0.013547 (VIOLATED)
fanout962/X                             0.100000    0.113511   -0.013511 (VIOLATED)
fanout690/X                             0.100000    0.112283   -0.012283 (VIOLATED)
fanout505/X                             0.100000    0.112101   -0.012101 (VIOLATED)
max_cap647/X                            0.100000    0.112020   -0.012020 (VIOLATED)
wire653/X                               0.100000    0.111526   -0.011526 (VIOLATED)
wire470/X                               0.100000    0.111490   -0.011490 (VIOLATED)
wire603/X                               0.100000    0.111442   -0.011442 (VIOLATED)
wire629/X                               0.100000    0.111340   -0.011340 (VIOLATED)
max_cap325/X                            0.100000    0.111280   -0.011280 (VIOLATED)
fanout755/X                             0.100000    0.111180   -0.011180 (VIOLATED)
fanout1591/X                            0.100000    0.110554   -0.010554 (VIOLATED)
wire1564/X                              0.100000    0.109994   -0.009994 (VIOLATED)
wire435/X                               0.100000    0.109963   -0.009963 (VIOLATED)
max_cap487/X                            0.100000    0.109950   -0.009950 (VIOLATED)
max_cap680/X                            0.100000    0.109738   -0.009738 (VIOLATED)
wire651/X                               0.100000    0.109642   -0.009642 (VIOLATED)
fanout1598/X                            0.100000    0.109497   -0.009497 (VIOLATED)
wire1557/X                              0.100000    0.109194   -0.009194 (VIOLATED)
max_cap1069/X                           0.100000    0.109104   -0.009104 (VIOLATED)
max_cap620/X                            0.100000    0.108798   -0.008798 (VIOLATED)
wire444/X                               0.100000    0.108707   -0.008707 (VIOLATED)
max_cap960/X                            0.100000    0.108403   -0.008403 (VIOLATED)
wire618/X                               0.100000    0.107934   -0.007934 (VIOLATED)
wire496/X                               0.100000    0.107858   -0.007858 (VIOLATED)
clkbuf_leaf_93_clk_i/X                  0.100000    0.107632   -0.007632 (VIOLATED)
max_cap335/X                            0.100000    0.107409   -0.007409 (VIOLATED)
max_cap391/X                            0.100000    0.107406   -0.007406 (VIOLATED)
fanout1441/X                            0.100000    0.107092   -0.007092 (VIOLATED)
max_cap516/X                            0.100000    0.106975   -0.006975 (VIOLATED)
max_cap597/X                            0.100000    0.106972   -0.006972 (VIOLATED)
fanout681/X                             0.100000    0.106898   -0.006898 (VIOLATED)
max_cap1556/X                           0.100000    0.106568   -0.006568 (VIOLATED)
fanout946/X                             0.100000    0.106348   -0.006348 (VIOLATED)
fanout1223/X                            0.100000    0.106230   -0.006230 (VIOLATED)
wire1559/X                              0.100000    0.105940   -0.005940 (VIOLATED)
max_cap466/X                            0.100000    0.105838   -0.005838 (VIOLATED)
max_cap752/X                            0.100000    0.105707   -0.005707 (VIOLATED)
max_cap678/X                            0.100000    0.105681   -0.005681 (VIOLATED)
max_cap1600/X                           0.100000    0.105628   -0.005628 (VIOLATED)
max_cap431/X                            0.100000    0.105559   -0.005559 (VIOLATED)
max_cap408/X                            0.100000    0.105469   -0.005469 (VIOLATED)
fanout346/X                             0.100000    0.105032   -0.005032 (VIOLATED)
max_cap694/X                            0.100000    0.104967   -0.004967 (VIOLATED)
fanout1583/X                            0.100000    0.104863   -0.004863 (VIOLATED)
max_cap661/X                            0.100000    0.104457   -0.004457 (VIOLATED)
max_cap685/X                            0.100000    0.104451   -0.004451 (VIOLATED)
wire639/X                               0.100000    0.104197   -0.004197 (VIOLATED)
max_cap549/X                            0.100000    0.104175   -0.004175 (VIOLATED)
fanout1770/X                            0.100000    0.104157   -0.004157 (VIOLATED)
max_cap500/X                            0.100000    0.103869   -0.003869 (VIOLATED)
wire700/X                               0.100000    0.103600   -0.003600 (VIOLATED)
wire418/X                               0.100000    0.103244   -0.003244 (VIOLATED)
max_cap468/X                            0.100000    0.103010   -0.003010 (VIOLATED)
fanout551/X                             0.100000    0.102830   -0.002830 (VIOLATED)
wire337/X                               0.100000    0.102827   -0.002827 (VIOLATED)
fanout281/X                             0.100000    0.102598   -0.002598 (VIOLATED)
max_cap310/X                            0.100000    0.102530   -0.002530 (VIOLATED)
fanout850/X                             0.100000    0.102195   -0.002195 (VIOLATED)
fanout1431/X                            0.100000    0.102136   -0.002136 (VIOLATED)
max_cap343/X                            0.100000    0.102078   -0.002078 (VIOLATED)
wire1567/X                              0.100000    0.101872   -0.001872 (VIOLATED)
max_cap333/X                            0.100000    0.101863   -0.001863 (VIOLATED)
max_cap657/X                            0.100000    0.101776   -0.001776 (VIOLATED)
max_cap323/X                            0.100000    0.101531   -0.001531 (VIOLATED)
max_cap395/X                            0.100000    0.101272   -0.001272 (VIOLATED)
max_cap318/X                            0.100000    0.101267   -0.001267 (VIOLATED)
fanout1353/X                            0.100000    0.101041   -0.001041 (VIOLATED)
input22/X                               0.100000    0.100965   -0.000965 (VIOLATED)
max_cap460/X                            0.100000    0.100944   -0.000944 (VIOLATED)
fanout958/X                             0.100000    0.100907   -0.000907 (VIOLATED)
max_cap1561/X                           0.100000    0.100854   -0.000854 (VIOLATED)
max_cap611/X                            0.100000    0.100847   -0.000847 (VIOLATED)
wire329/X                               0.100000    0.100527   -0.000527 (VIOLATED)
wire456/X                               0.100000    0.100385   -0.000385 (VIOLATED)



===========================================================================
report_parasitic_annotation -report_unannotated
============================================================================
Found 84 unannotated drivers.
 clkload0/Y
 clkload1/X
 clkload10/Y
 clkload11/Y
 clkload12/Y
 clkload13/Y
 clkload14/Y
 clkload15/Y
 clkload16/Y
 clkload17/Y
 clkload18/X
 clkload19/Y
 clkload2/Y
 clkload20/Y
 clkload21/Y
 clkload22/Y
 clkload23/Y
 clkload24/Y
 clkload25/Y
 clkload26/Y
 clkload27/Y
 clkload28/Y
 clkload29/Y
 clkload3/Y
 clkload30/Y
 clkload31/Y
 clkload32/Y
 clkload33/Y
 clkload34/Y
 clkload35/Y
 clkload36/Y
 clkload37/Y
 clkload38/Y
 clkload39/Y
 clkload4/Y
 clkload40/Y
 clkload41/Y
 clkload42/Y
 clkload43/Y
 clkload44/Y
 clkload45/Y
 clkload46/Y
 clkload47/Y
 clkload48/Y
 clkload49/Y
 clkload5/Y
 clkload50/Y
 clkload51/Y
 clkload52/Y
 clkload53/X
 clkload54/Y
 clkload55/Y
 clkload56/Y
 clkload57/Y
 clkload58/Y
 clkload59/Y
 clkload6/Y
 clkload60/Y
 clkload61/Y
 clkload62/X
 clkload63/Y
 clkload64/X
 clkload65/Y
 clkload66/Y
 clkload67/Y
 clkload68/Y
 clkload69/Y
 clkload7/Y
 clkload70/Y
 clkload71/Y
 clkload72/Y
 clkload73/Y
 clkload74/Y
 clkload75/Y
 clkload76/Y
 clkload77/Y
 clkload78/Y
 clkload79/Y
 clkload8/Y
 clkload80/Y
 clkload81/Y
 clkload82/Y
 clkload83/Y
 clkload9/Y
Found 0 partially unannotated drivers.

===========================================================================
max slew violation count 20
max fanout violation count 128
max cap violation count 101
============================================================================

===========================================================================
check_setup -verbose -unconstrained_endpoints -multiple_clock -no_clock -no_input_delay -loops -generated_clocks
===========================================================================
Warning: There is 1 input port missing set_input_delay.
  rst_ni
