Clock: clk_i
Sources: clk_i 
Generated: no
Virtual: yes
Propagated: no
Period: 10.000000

===========================================================================
report_clock_properties
============================================================================
Clock                   Period          Waveform
----------------------------------------------------
clk_i                10.000000    0.000000  5.000000

===========================================================================
report_clock_latency
============================================================================
Clock clk_i
rise -> rise
    min     max
0.000000 0.000000 source latency
0.418450         network latency _14757_/CLK
        0.468087 network latency _15222_/CLK
---------------
0.418450 0.468087 latency
        0.049638 skew

fall -> fall
    min     max
0.000000 0.000000 source latency
0.421370         network latency _14757_/CLK
        0.469510 network latency _15222_/CLK
---------------
0.421370 0.469510 latency
        0.048141 skew



===========================================================================
report_clock_min_period
============================================================================
clk_i period_min = 5.57 fmax = 179.60
