
===========================================================================
 report_power
============================================================================
======================= nom_typ_1p20V_25C Corner ===================================

Group                    Internal    Switching      Leakage        Total
                            Power        Power        Power        Power (Watts)
------------------------------------------------------------------------
Sequential           9.216004e-03 6.079078e-04 7.153371e-07 9.824627e-03  43.5%
Combinational        4.410949e-03 4.996820e-03 1.452141e-06 9.409221e-03  41.6%
Clock                1.632023e-03 1.728849e-03 8.540236e-06 3.369412e-03  14.9%
Macro                0.000000e+00 0.000000e+00 0.000000e+00 0.000000e+00   0.0%
Pad                  0.000000e+00 0.000000e+00 0.000000e+00 0.000000e+00   0.0%
------------------------------------------------------------------------
Total                1.525897e-02 7.333579e-03 1.070758e-05 2.260326e-02 100.0%
                            67.5%        32.4%         0.0%

