Reading timing models for corner nom_typ_1p20V_25C…
Reading timing library for the 'nom_typ_1p20V_25C' corner at '/home/jaikrishn/IHP-Open-PDK/ihp-sg13g2/libs.ref/sg13g2_stdcell/lib/sg13g2_stdcell_typ_1p20V_25C.lib'…
Reading timing library for the 'nom_typ_1p20V_25C' corner at '/home/jaikrishn/IHP-Open-PDK/ihp-sg13g2/libs.ref/sg13g2_io/lib/sg13g2_io_typ_1p2V_3p3V_25C.lib'…
Reading timing library for the 'nom_typ_1p20V_25C' corner at '/home/jaikrishn/Documents/hardware/picorv32_axi4lite_port/phyisical_design/macros/picorv32/runs/run_12/final/lib/nom_typ_1p20V_25C/picorv32_macro__nom_typ_1p20V_25C.lib'…
Reading timing library for the 'nom_typ_1p20V_25C' corner at '/home/jaikrishn/Documents/hardware/picorv32_axi4lite_port/phyisical_design/macros/interconnect/runs/run_1/final/lib/nom_typ_1p20V_25C/interconnect_macro__nom_typ_1p20V_25C.lib'…
Reading timing library for the 'nom_typ_1p20V_25C' corner at '/home/jaikrishn/Documents/hardware/picorv32_axi4lite_port/phyisical_design/macros/peripherals/runs/run_5/final/lib/nom_typ_1p20V_25C/peripherals_macro__nom_typ_1p20V_25C.lib'…
Reading timing library for the 'nom_typ_1p20V_25C' corner at '/home/jaikrishn/Documents/hardware/picorv32_axi4lite_port/phyisical_design/macros/boot_spi/runs/run_7/final/lib/nom_typ_1p20V_25C/boot_spi_macro__nom_typ_1p20V_25C.lib'…
Reading timing library for the 'nom_typ_1p20V_25C' corner at '/home/jaikrishn/Documents/hardware/picorv32_axi4lite_port/phyisical_design/macros/ram/runs/run_1/final/lib/nom_typ_1p20V_25C/ram_macro__nom_typ_1p20V_25C.lib'…
Reading OpenROAD database at '/home/jaikrishn/Documents/hardware/picorv32_axi4lite_port/phyisical_design/runs/run_3/37-openroad-resizertimingpostcts/soc_top.odb'…
Reading design constraints file at '/home/jaikrishn/Documents/hardware/picorv32_axi4lite_port/phyisical_design/constraint.sdc'…
[INFO] No information on clock propagation in input SDC file-- propagating all clocks.
[INFO] Setting signal min routing layer to: Metal2 and clock min routing layer to Metal2. 
[INFO] Setting signal max routing layer to: TopMetal2 and clock max routing layer to TopMetal2. 
+ global_route -congestion_iterations 50 -verbose
[INFO GRT-0020] Min routing layer: Metal2
[INFO GRT-0021] Max routing layer: TopMetal2
[INFO GRT-0022] Global adjustment: 30%
[INFO GRT-0023] Grid origin: (0, 0)
[INFO GRT-0088] Layer Metal1  Track-Pitch = 0.4200  line-2-Via Pitch: 0.3650
[INFO GRT-0088] Layer Metal2  Track-Pitch = 0.4800  line-2-Via Pitch: 0.4150
[INFO GRT-0088] Layer Metal3  Track-Pitch = 0.4200  line-2-Via Pitch: 0.4150
[INFO GRT-0088] Layer Metal4  Track-Pitch = 0.4800  line-2-Via Pitch: 0.4150
[INFO GRT-0088] Layer Metal5  Track-Pitch = 0.4200  line-2-Via Pitch: 0.6200
[INFO GRT-0088] Layer TopMetal1 Track-Pitch = 3.2800  line-2-Via Pitch: 3.4100
[INFO GRT-0088] Layer TopMetal2 Track-Pitch = 4.0000  line-2-Via Pitch: 3.9500
[INFO GRT-0003] Macros: 7
[INFO GRT-0004] Blockages: 2360
[INFO GRT-0019] Found 4 clock nets.
[INFO GRT-0001] Minimum degree: 2
[INFO GRT-0002] Maximum degree: 6

[INFO GRT-0053] Routing resources analysis:
          Routing      Original      Derated      Resource
Layer     Direction    Resources     Resources    Reduction (%)
---------------------------------------------------------------
Metal1     Horizontal          0             0          0.00%
Metal2     Vertical      1210464        806454          33.38%
Metal3     Horizontal    1420194        927338          34.70%
Metal4     Vertical      1246606        829423          33.47%
Metal5     Horizontal    1444204        941332          34.82%
TopMetal1    Vertical       179327        110507          38.38%
TopMetal2    Horizontal     138469         88475          36.10%
---------------------------------------------------------------

[INFO GRT-0101] Running extra iterations to remove overflow.
[INFO GRT-0102] Start extra iteration 1/50
[INFO GRT-0102] Start extra iteration 2/50
[INFO GRT-0102] Start extra iteration 3/50
[INFO GRT-0197] Via related to pin nodes: 2288
[INFO GRT-0198] Via related Steiner nodes: 2
[INFO GRT-0199] Via filling finished.
[INFO GRT-0111] Final number of vias: 5237
[INFO GRT-0112] Final usage 3D: 193113

[INFO GRT-0096] Final congestion report:
Layer         Resource        Demand        Usage (%)    Max H / Max V / Total Overflow
---------------------------------------------------------------------------------------
Metal1               0             0            0.00%             0 /  0 /  0
Metal2          806454         30736            3.81%             0 /  0 /  0
Metal3          927338         79590            8.58%             0 /  0 /  0
Metal4          829423         30778            3.71%             0 /  0 /  0
Metal5          941332         33441            3.55%             0 /  0 /  0
TopMetal1         110507          2697            2.44%             0 /  0 /  0
TopMetal2          88475           160            0.18%             0 /  0 /  0
---------------------------------------------------------------------------------------
Total          3703529        177402            4.79%             0 /  0 /  0

[INFO GRT-0018] Total wirelength: 1303927 um
[INFO GRT-0014] Routed nets: 1389
[INFO GRT-0303] Global routing runtime = 00:00:02
Setting global connections for newly added cells…
[INFO] Setting global connections...
u_cpu matched with u_cpu
u_ic matched with u_ic
u_periph0 matched with u_periph0
u_periph1 matched with u_periph1
u_periph2 matched with u_periph2
u_boot_spi matched with u_boot_spi
u_ram matched with u_ram
[INFO ODB-0403] 0 connections made, 12 conflicts skipped, use -force to connect.
Updating metrics…
Cell type report:                       Count       Area
  Macro                                     7 1198462.38
  Clock buffer                              3     136.08
  Timing Repair Buffer                    294    2150.06
  Clock inverter                            1      34.47
  Total                                   305 1200783.00
Writing OpenROAD database to '/home/jaikrishn/Documents/hardware/picorv32_axi4lite_port/phyisical_design/runs/run_3/39-openroad-globalrouting/soc_top.odb'…
Writing layout to '/home/jaikrishn/Documents/hardware/picorv32_axi4lite_port/phyisical_design/runs/run_3/39-openroad-globalrouting/soc_top.def'…
