Clock: clk_i
Sources: clk_i 
Generated: no
Virtual: yes
Propagated: no
Period: 10.000000

===========================================================================
report_clock_properties
============================================================================
Clock                   Period          Waveform
----------------------------------------------------
clk_i                10.000000    0.000000  5.000000

===========================================================================
report_clock_latency
============================================================================
Clock clk_i
rise -> rise
    min     max
0.000000 0.000000 source latency
0.011925         network latency _1358_/CLK
        0.061534 network latency _1239_/CLK
---------------
0.011925 0.061534 latency
        0.049609 skew

fall -> fall
    min     max
0.000000 0.000000 source latency
0.011408         network latency _1358_/CLK
        0.060306 network latency _1239_/CLK
---------------
0.011408 0.060306 latency
        0.048898 skew



===========================================================================
report_clock_min_period
============================================================================
clk_i period_min = 3.85 fmax = 259.96
