[WARNING ORD-0039] .openroad ignored with -python
                                Cells by Master                                 
┏━━━━━━━━━━━━━━━━━━━━━━━━━━━━━━━━━━━━━━━━━━━━━━━━━━━━━━━━━━━━━━━━┳━━━━━━━━━━━━━┓
┃ Cell                                                           ┃ Count       ┃
┡━━━━━━━━━━━━━━━━━━━━━━━━━━━━━━━━━━━━━━━━━━━━━━━━━━━━━━━━━━━━━━━━╇━━━━━━━━━━━━━┩
│ RM_IHPSG13_1P_1024x32_c2_bm_bist                               │ 1           │
│ sg13g2_a21o_1                                                  │ 4           │
│ sg13g2_a21oi_1                                                 │ 5           │
│ sg13g2_a22oi_1                                                 │ 1           │
│ sg13g2_and2_1                                                  │ 10          │
│ sg13g2_and3_1                                                  │ 1           │
│ sg13g2_and4_1                                                  │ 3           │
│ sg13g2_antennanp                                               │ 4           │
│ sg13g2_buf_1                                                   │ 254         │
│ sg13g2_buf_16                                                  │ 7           │
│ sg13g2_buf_2                                                   │ 3           │
│ sg13g2_buf_4                                                   │ 21          │
│ sg13g2_buf_8                                                   │ 21          │
│ sg13g2_decap_4                                                 │ 268         │
│ sg13g2_decap_8                                                 │ 19358       │
│ sg13g2_dfrbpq_1                                                │ 97          │
│ sg13g2_dlygate4sd3_1                                           │ 341         │
│ sg13g2_fill_1                                                  │ 570         │
│ sg13g2_fill_2                                                  │ 325         │
│ sg13g2_inv_1                                                   │ 53          │
│ sg13g2_inv_4                                                   │ 1           │
│ sg13g2_mux2_1                                                  │ 56          │
│ sg13g2_nand2_1                                                 │ 78          │
│ sg13g2_nand2_2                                                 │ 1           │
│ sg13g2_nand2b_1                                                │ 33          │
│ sg13g2_nand3_1                                                 │ 12          │
│ sg13g2_nand3b_1                                                │ 1           │
│ sg13g2_nand4_1                                                 │ 13          │
│ sg13g2_nor2_1                                                  │ 7           │
│ sg13g2_nor2_2                                                  │ 1           │
│ sg13g2_nor2b_1                                                 │ 1           │
│ sg13g2_nor3_1                                                  │ 2           │
│ sg13g2_nor4_1                                                  │ 1           │
│ sg13g2_nor4_2                                                  │ 10          │
│ sg13g2_o21ai_1                                                 │ 76          │
│ sg13g2_or2_1                                                   │ 2           │
│ sg13g2_or4_1                                                   │ 3           │
│ sg13g2_tiehi                                                   │ 1           │
│ sg13g2_tielo                                                   │ 79          │
└────────────────────────────────────────────────────────────────┴─────────────┘
                               Cells by Function                                
┏━━━━━━━━━━━━━━━━━━━━━━━━━━━━━━━━━━━━━━━━━━━━━━━━━━━━━┳━━━━━━━━━━━━━━━━━━━━━━━━┓
┃ Cell Function                                       ┃ Count                  ┃
┡━━━━━━━━━━━━━━━━━━━━━━━━━━━━━━━━━━━━━━━━━━━━━━━━━━━━━╇━━━━━━━━━━━━━━━━━━━━━━━━┩
└─────────────────────────────────────────────────────┴────────────────────────┘
                                  Cells by SCL                                  
┏━━━━━━━━━━━━━━━━━━━━━━━━━━━━━━━━━┳━━━━━━━━━━━━━━━━━━━━━━━━━━━━━━━━━━━━━━━━━━━━┓
┃ SCL                             ┃ Count                                      ┃
┡━━━━━━━━━━━━━━━━━━━━━━━━━━━━━━━━━╇━━━━━━━━━━━━━━━━━━━━━━━━━━━━━━━━━━━━━━━━━━━━┩
└─────────────────────────────────┴────────────────────────────────────────────┘
                             Buffers by Cell Master                             
┏━━━━━━━━━━━━━━━━━━━━━━━━━━━━━━━━━━━━━━━━━━━━━━━━━━━━━━━━━━━┳━━━━━━━━━━━━━━━━━━┓
┃ Buffer                                                    ┃ Count            ┃
┡━━━━━━━━━━━━━━━━━━━━━━━━━━━━━━━━━━━━━━━━━━━━━━━━━━━━━━━━━━━╇━━━━━━━━━━━━━━━━━━┩
│ sg13g2_buf_1                                              │ 254              │
│ sg13g2_buf_16                                             │ 7                │
│ sg13g2_buf_2                                              │ 3                │
│ sg13g2_buf_4                                              │ 21               │
│ sg13g2_buf_8                                              │ 21               │
│ sg13g2_dlygate4sd3_1                                      │ 341              │
└───────────────────────────────────────────────────────────┴──────────────────┘
