
===========================================================================
 report_power
============================================================================
======================= nom_typ_1p20V_25C Corner ===================================

Group                    Internal    Switching      Leakage        Total
                            Power        Power        Power        Power (Watts)
------------------------------------------------------------------------
Sequential           9.130609e-04 1.735151e-06 7.561217e-08 9.148717e-04  58.5%
Combinational        4.794974e-06 1.698292e-05 1.060712e-07 2.188396e-05   1.4%
Clock                3.631189e-04 2.648789e-04 3.457186e-08 6.280324e-04  40.1%
Macro                0.000000e+00 0.000000e+00 0.000000e+00 0.000000e+00   0.0%
Pad                  0.000000e+00 0.000000e+00 0.000000e+00 0.000000e+00   0.0%
------------------------------------------------------------------------
Total                1.280975e-03 2.835970e-04 2.162543e-07 1.564788e-03 100.0%
                            81.9%        18.1%         0.0%
Writing metric power__internal__total: 0.0012809747131541371
Writing metric power__switching__total: 0.0002835970080923289
Writing metric power__leakage__total: 2.1625432111704868e-7
Writing metric power__total: 0.001564788050018251

