
Cell sg13g2_fill_2 (0) disconnected node: VDD
Cell sg13g2_fill_2 (0) disconnected node: VSS
Cell sg13g2_fill_2 (1) disconnected node: VDD
Cell sg13g2_fill_2 (1) disconnected node: VSS

Subcircuit pins:
Circuit 1: sg13g2_fill_2                   |Circuit 2: sg13g2_fill_2                   
-------------------------------------------|-------------------------------------------
VDD                                        |VDD                                        
VSS                                        |VSS                                        
---------------------------------------------------------------------------------------
Cell pin lists are equivalent.
Device classes sg13g2_fill_2 and sg13g2_fill_2 are equivalent.

Cell sg13g2_decap_8 (0) disconnected node: VDD
Cell sg13g2_decap_8 (0) disconnected node: VSS

Subcircuit pins:
Circuit 1: sg13g2_decap_8                  |Circuit 2: sg13g2_decap_8                  
-------------------------------------------|-------------------------------------------
VDD                                        |VDD                                        
VSS                                        |VSS                                        
---------------------------------------------------------------------------------------
Cell pin lists are equivalent.
Device classes sg13g2_decap_8 and sg13g2_decap_8 are equivalent.

Cell sg13g2_mux2_1 (0) disconnected node: X
Cell sg13g2_mux2_1 (0) disconnected node: A0
Cell sg13g2_mux2_1 (0) disconnected node: A1
Cell sg13g2_mux2_1 (0) disconnected node: S
Cell sg13g2_mux2_1 (0) disconnected node: VDD
Cell sg13g2_mux2_1 (0) disconnected node: VSS

Subcircuit pins:
Circuit 1: sg13g2_mux2_1                   |Circuit 2: sg13g2_mux2_1                   
-------------------------------------------|-------------------------------------------
X                                          |X                                          
A0                                         |A0                                         
A1                                         |A1                                         
S                                          |S                                          
VDD                                        |VDD                                        
VSS                                        |VSS                                        
---------------------------------------------------------------------------------------
Cell pin lists are equivalent.
Device classes sg13g2_mux2_1 and sg13g2_mux2_1 are equivalent.

Cell sg13g2_nor3_1 (0) disconnected node: Y
Cell sg13g2_nor3_1 (0) disconnected node: A
Cell sg13g2_nor3_1 (0) disconnected node: B
Cell sg13g2_nor3_1 (0) disconnected node: C
Cell sg13g2_nor3_1 (0) disconnected node: VDD
Cell sg13g2_nor3_1 (0) disconnected node: VSS

Subcircuit pins:
Circuit 1: sg13g2_nor3_1                   |Circuit 2: sg13g2_nor3_1                   
-------------------------------------------|-------------------------------------------
Y                                          |Y                                          
A                                          |A                                          
B                                          |B                                          
C                                          |C                                          
VDD                                        |VDD                                        
VSS                                        |VSS                                        
---------------------------------------------------------------------------------------
Cell pin lists are equivalent.
Device classes sg13g2_nor3_1 and sg13g2_nor3_1 are equivalent.

Cell sg13g2_nor2_1 (0) disconnected node: Y
Cell sg13g2_nor2_1 (0) disconnected node: A
Cell sg13g2_nor2_1 (0) disconnected node: B
Cell sg13g2_nor2_1 (0) disconnected node: VDD
Cell sg13g2_nor2_1 (0) disconnected node: VSS

Subcircuit pins:
Circuit 1: sg13g2_nor2_1                   |Circuit 2: sg13g2_nor2_1                   
-------------------------------------------|-------------------------------------------
Y                                          |Y                                          
A                                          |A                                          
B                                          |B                                          
VDD                                        |VDD                                        
VSS                                        |VSS                                        
---------------------------------------------------------------------------------------
Cell pin lists are equivalent.
Device classes sg13g2_nor2_1 and sg13g2_nor2_1 are equivalent.

Cell sg13g2_fill_1 (0) disconnected node: VDD
Cell sg13g2_fill_1 (0) disconnected node: VSS
Cell sg13g2_fill_1 (1) disconnected node: VDD
Cell sg13g2_fill_1 (1) disconnected node: VSS

Subcircuit pins:
Circuit 1: sg13g2_fill_1                   |Circuit 2: sg13g2_fill_1                   
-------------------------------------------|-------------------------------------------
VDD                                        |VDD                                        
VSS                                        |VSS                                        
---------------------------------------------------------------------------------------
Cell pin lists are equivalent.
Device classes sg13g2_fill_1 and sg13g2_fill_1 are equivalent.

Cell sg13g2_tiehi (0) disconnected node: L_HI
Cell sg13g2_tiehi (0) disconnected node: VDD
Cell sg13g2_tiehi (0) disconnected node: VSS

Subcircuit pins:
Circuit 1: sg13g2_tiehi                    |Circuit 2: sg13g2_tiehi                    
-------------------------------------------|-------------------------------------------
L_HI                                       |L_HI                                       
VDD                                        |VDD                                        
VSS                                        |VSS                                        
---------------------------------------------------------------------------------------
Cell pin lists are equivalent.
Device classes sg13g2_tiehi and sg13g2_tiehi are equivalent.

Cell sg13g2_o21ai_1 (0) disconnected node: Y
Cell sg13g2_o21ai_1 (0) disconnected node: A1
Cell sg13g2_o21ai_1 (0) disconnected node: A2
Cell sg13g2_o21ai_1 (0) disconnected node: B1
Cell sg13g2_o21ai_1 (0) disconnected node: VDD
Cell sg13g2_o21ai_1 (0) disconnected node: VSS

Subcircuit pins:
Circuit 1: sg13g2_o21ai_1                  |Circuit 2: sg13g2_o21ai_1                  
-------------------------------------------|-------------------------------------------
Y                                          |Y                                          
A1                                         |A1                                         
A2                                         |A2                                         
B1                                         |B1                                         
VDD                                        |VDD                                        
VSS                                        |VSS                                        
---------------------------------------------------------------------------------------
Cell pin lists are equivalent.
Device classes sg13g2_o21ai_1 and sg13g2_o21ai_1 are equivalent.

Cell sg13g2_a21oi_1 (0) disconnected node: Y
Cell sg13g2_a21oi_1 (0) disconnected node: A1
Cell sg13g2_a21oi_1 (0) disconnected node: A2
Cell sg13g2_a21oi_1 (0) disconnected node: B1
Cell sg13g2_a21oi_1 (0) disconnected node: VDD
Cell sg13g2_a21oi_1 (0) disconnected node: VSS

Subcircuit pins:
Circuit 1: sg13g2_a21oi_1                  |Circuit 2: sg13g2_a21oi_1                  
-------------------------------------------|-------------------------------------------
Y                                          |Y                                          
A1                                         |A1                                         
A2                                         |A2                                         
B1                                         |B1                                         
VDD                                        |VDD                                        
VSS                                        |VSS                                        
---------------------------------------------------------------------------------------
Cell pin lists are equivalent.
Device classes sg13g2_a21oi_1 and sg13g2_a21oi_1 are equivalent.

Cell sg13g2_buf_1 (0) disconnected node: X
Cell sg13g2_buf_1 (0) disconnected node: A
Cell sg13g2_buf_1 (0) disconnected node: VDD
Cell sg13g2_buf_1 (0) disconnected node: VSS

Subcircuit pins:
Circuit 1: sg13g2_buf_1                    |Circuit 2: sg13g2_buf_1                    
-------------------------------------------|-------------------------------------------
X                                          |X                                          
A                                          |A                                          
VDD                                        |VDD                                        
VSS                                        |VSS                                        
---------------------------------------------------------------------------------------
Cell pin lists are equivalent.
Device classes sg13g2_buf_1 and sg13g2_buf_1 are equivalent.

Cell sg13g2_nor4_1 (0) disconnected node: Y
Cell sg13g2_nor4_1 (0) disconnected node: A
Cell sg13g2_nor4_1 (0) disconnected node: B
Cell sg13g2_nor4_1 (0) disconnected node: C
Cell sg13g2_nor4_1 (0) disconnected node: D
Cell sg13g2_nor4_1 (0) disconnected node: VDD
Cell sg13g2_nor4_1 (0) disconnected node: VSS

Subcircuit pins:
Circuit 1: sg13g2_nor4_1                   |Circuit 2: sg13g2_nor4_1                   
-------------------------------------------|-------------------------------------------
Y                                          |Y                                          
A                                          |A                                          
B                                          |B                                          
C                                          |C                                          
D                                          |D                                          
VDD                                        |VDD                                        
VSS                                        |VSS                                        
---------------------------------------------------------------------------------------
Cell pin lists are equivalent.
Device classes sg13g2_nor4_1 and sg13g2_nor4_1 are equivalent.

Cell sg13g2_nand2_1 (0) disconnected node: Y
Cell sg13g2_nand2_1 (0) disconnected node: A
Cell sg13g2_nand2_1 (0) disconnected node: B
Cell sg13g2_nand2_1 (0) disconnected node: VDD
Cell sg13g2_nand2_1 (0) disconnected node: VSS

Subcircuit pins:
Circuit 1: sg13g2_nand2_1                  |Circuit 2: sg13g2_nand2_1                  
-------------------------------------------|-------------------------------------------
Y                                          |Y                                          
A                                          |A                                          
B                                          |B                                          
VDD                                        |VDD                                        
VSS                                        |VSS                                        
---------------------------------------------------------------------------------------
Cell pin lists are equivalent.
Device classes sg13g2_nand2_1 and sg13g2_nand2_1 are equivalent.

Cell sg13g2_a221oi_1 (0) disconnected node: Y
Cell sg13g2_a221oi_1 (0) disconnected node: A1
Cell sg13g2_a221oi_1 (0) disconnected node: A2
Cell sg13g2_a221oi_1 (0) disconnected node: B1
Cell sg13g2_a221oi_1 (0) disconnected node: B2
Cell sg13g2_a221oi_1 (0) disconnected node: C1
Cell sg13g2_a221oi_1 (0) disconnected node: VDD
Cell sg13g2_a221oi_1 (0) disconnected node: VSS

Subcircuit pins:
Circuit 1: sg13g2_a221oi_1                 |Circuit 2: sg13g2_a221oi_1                 
-------------------------------------------|-------------------------------------------
Y                                          |Y                                          
A1                                         |A1                                         
A2                                         |A2                                         
B1                                         |B1                                         
B2                                         |B2                                         
C1                                         |C1                                         
VDD                                        |VDD                                        
VSS                                        |VSS                                        
---------------------------------------------------------------------------------------
Cell pin lists are equivalent.
Device classes sg13g2_a221oi_1 and sg13g2_a221oi_1 are equivalent.

Cell sg13g2_dfrbpq_1 (0) disconnected node: Q
Cell sg13g2_dfrbpq_1 (0) disconnected node: CLK
Cell sg13g2_dfrbpq_1 (0) disconnected node: D
Cell sg13g2_dfrbpq_1 (0) disconnected node: RESET_B
Cell sg13g2_dfrbpq_1 (0) disconnected node: VDD
Cell sg13g2_dfrbpq_1 (0) disconnected node: VSS

Subcircuit pins:
Circuit 1: sg13g2_dfrbpq_1                 |Circuit 2: sg13g2_dfrbpq_1                 
-------------------------------------------|-------------------------------------------
Q                                          |Q                                          
CLK                                        |CLK                                        
D                                          |D                                          
RESET_B                                    |RESET_B                                    
VDD                                        |VDD                                        
VSS                                        |VSS                                        
---------------------------------------------------------------------------------------
Cell pin lists are equivalent.
Device classes sg13g2_dfrbpq_1 and sg13g2_dfrbpq_1 are equivalent.

Cell sg13g2_mux4_1 (0) disconnected node: X
Cell sg13g2_mux4_1 (0) disconnected node: A0
Cell sg13g2_mux4_1 (0) disconnected node: A1
Cell sg13g2_mux4_1 (0) disconnected node: A2
Cell sg13g2_mux4_1 (0) disconnected node: A3
Cell sg13g2_mux4_1 (0) disconnected node: S0
Cell sg13g2_mux4_1 (0) disconnected node: S1
Cell sg13g2_mux4_1 (0) disconnected node: VDD
Cell sg13g2_mux4_1 (0) disconnected node: VSS

Subcircuit pins:
Circuit 1: sg13g2_mux4_1                   |Circuit 2: sg13g2_mux4_1                   
-------------------------------------------|-------------------------------------------
X                                          |X                                          
A0                                         |A0                                         
A1                                         |A1                                         
A2                                         |A2                                         
A3                                         |A3                                         
S0                                         |S0                                         
S1                                         |S1                                         
VDD                                        |VDD                                        
VSS                                        |VSS                                        
---------------------------------------------------------------------------------------
Cell pin lists are equivalent.
Device classes sg13g2_mux4_1 and sg13g2_mux4_1 are equivalent.

Cell sg13g2_decap_4 (0) disconnected node: VDD
Cell sg13g2_decap_4 (0) disconnected node: VSS

Subcircuit pins:
Circuit 1: sg13g2_decap_4                  |Circuit 2: sg13g2_decap_4                  
-------------------------------------------|-------------------------------------------
VDD                                        |VDD                                        
VSS                                        |VSS                                        
---------------------------------------------------------------------------------------
Cell pin lists are equivalent.
Device classes sg13g2_decap_4 and sg13g2_decap_4 are equivalent.

Cell sg13g2_inv_1 (0) disconnected node: Y
Cell sg13g2_inv_1 (0) disconnected node: A
Cell sg13g2_inv_1 (0) disconnected node: VDD
Cell sg13g2_inv_1 (0) disconnected node: VSS

Subcircuit pins:
Circuit 1: sg13g2_inv_1                    |Circuit 2: sg13g2_inv_1                    
-------------------------------------------|-------------------------------------------
Y                                          |Y                                          
A                                          |A                                          
VDD                                        |VDD                                        
VSS                                        |VSS                                        
---------------------------------------------------------------------------------------
Cell pin lists are equivalent.
Device classes sg13g2_inv_1 and sg13g2_inv_1 are equivalent.

Cell sg13g2_nand3_1 (0) disconnected node: Y
Cell sg13g2_nand3_1 (0) disconnected node: A
Cell sg13g2_nand3_1 (0) disconnected node: B
Cell sg13g2_nand3_1 (0) disconnected node: C
Cell sg13g2_nand3_1 (0) disconnected node: VDD
Cell sg13g2_nand3_1 (0) disconnected node: VSS

Subcircuit pins:
Circuit 1: sg13g2_nand3_1                  |Circuit 2: sg13g2_nand3_1                  
-------------------------------------------|-------------------------------------------
Y                                          |Y                                          
A                                          |A                                          
B                                          |B                                          
C                                          |C                                          
VDD                                        |VDD                                        
VSS                                        |VSS                                        
---------------------------------------------------------------------------------------
Cell pin lists are equivalent.
Device classes sg13g2_nand3_1 and sg13g2_nand3_1 are equivalent.

Cell sg13g2_a21o_1 (0) disconnected node: X
Cell sg13g2_a21o_1 (0) disconnected node: A1
Cell sg13g2_a21o_1 (0) disconnected node: A2
Cell sg13g2_a21o_1 (0) disconnected node: B1
Cell sg13g2_a21o_1 (0) disconnected node: VDD
Cell sg13g2_a21o_1 (0) disconnected node: VSS

Subcircuit pins:
Circuit 1: sg13g2_a21o_1                   |Circuit 2: sg13g2_a21o_1                   
-------------------------------------------|-------------------------------------------
X                                          |X                                          
A1                                         |A1                                         
A2                                         |A2                                         
B1                                         |B1                                         
VDD                                        |VDD                                        
VSS                                        |VSS                                        
---------------------------------------------------------------------------------------
Cell pin lists are equivalent.
Device classes sg13g2_a21o_1 and sg13g2_a21o_1 are equivalent.

Cell sg13g2_and4_1 (0) disconnected node: X
Cell sg13g2_and4_1 (0) disconnected node: A
Cell sg13g2_and4_1 (0) disconnected node: B
Cell sg13g2_and4_1 (0) disconnected node: C
Cell sg13g2_and4_1 (0) disconnected node: D
Cell sg13g2_and4_1 (0) disconnected node: VDD
Cell sg13g2_and4_1 (0) disconnected node: VSS

Subcircuit pins:
Circuit 1: sg13g2_and4_1                   |Circuit 2: sg13g2_and4_1                   
-------------------------------------------|-------------------------------------------
X                                          |X                                          
A                                          |A                                          
B                                          |B                                          
C                                          |C                                          
D                                          |D                                          
VDD                                        |VDD                                        
VSS                                        |VSS                                        
---------------------------------------------------------------------------------------
Cell pin lists are equivalent.
Device classes sg13g2_and4_1 and sg13g2_and4_1 are equivalent.

Cell sg13g2_nand3b_1 (0) disconnected node: Y
Cell sg13g2_nand3b_1 (0) disconnected node: A_N
Cell sg13g2_nand3b_1 (0) disconnected node: B
Cell sg13g2_nand3b_1 (0) disconnected node: C
Cell sg13g2_nand3b_1 (0) disconnected node: VDD
Cell sg13g2_nand3b_1 (0) disconnected node: VSS

Subcircuit pins:
Circuit 1: sg13g2_nand3b_1                 |Circuit 2: sg13g2_nand3b_1                 
-------------------------------------------|-------------------------------------------
Y                                          |Y                                          
A_N                                        |A_N                                        
B                                          |B                                          
C                                          |C                                          
VDD                                        |VDD                                        
VSS                                        |VSS                                        
---------------------------------------------------------------------------------------
Cell pin lists are equivalent.
Device classes sg13g2_nand3b_1 and sg13g2_nand3b_1 are equivalent.

Cell sg13g2_a22oi_1 (0) disconnected node: Y
Cell sg13g2_a22oi_1 (0) disconnected node: A1
Cell sg13g2_a22oi_1 (0) disconnected node: A2
Cell sg13g2_a22oi_1 (0) disconnected node: B1
Cell sg13g2_a22oi_1 (0) disconnected node: B2
Cell sg13g2_a22oi_1 (0) disconnected node: VDD
Cell sg13g2_a22oi_1 (0) disconnected node: VSS

Subcircuit pins:
Circuit 1: sg13g2_a22oi_1                  |Circuit 2: sg13g2_a22oi_1                  
-------------------------------------------|-------------------------------------------
Y                                          |Y                                          
A1                                         |A1                                         
A2                                         |A2                                         
B1                                         |B1                                         
B2                                         |B2                                         
VDD                                        |VDD                                        
VSS                                        |VSS                                        
---------------------------------------------------------------------------------------
Cell pin lists are equivalent.
Device classes sg13g2_a22oi_1 and sg13g2_a22oi_1 are equivalent.

Cell sg13g2_and2_1 (0) disconnected node: X
Cell sg13g2_and2_1 (0) disconnected node: A
Cell sg13g2_and2_1 (0) disconnected node: B
Cell sg13g2_and2_1 (0) disconnected node: VDD
Cell sg13g2_and2_1 (0) disconnected node: VSS

Subcircuit pins:
Circuit 1: sg13g2_and2_1                   |Circuit 2: sg13g2_and2_1                   
-------------------------------------------|-------------------------------------------
X                                          |X                                          
A                                          |A                                          
B                                          |B                                          
VDD                                        |VDD                                        
VSS                                        |VSS                                        
---------------------------------------------------------------------------------------
Cell pin lists are equivalent.
Device classes sg13g2_and2_1 and sg13g2_and2_1 are equivalent.

Cell sg13g2_buf_16 (0) disconnected node: X
Cell sg13g2_buf_16 (0) disconnected node: A
Cell sg13g2_buf_16 (0) disconnected node: VDD
Cell sg13g2_buf_16 (0) disconnected node: VSS

Subcircuit pins:
Circuit 1: sg13g2_buf_16                   |Circuit 2: sg13g2_buf_16                   
-------------------------------------------|-------------------------------------------
X                                          |X                                          
A                                          |A                                          
VDD                                        |VDD                                        
VSS                                        |VSS                                        
---------------------------------------------------------------------------------------
Cell pin lists are equivalent.
Device classes sg13g2_buf_16 and sg13g2_buf_16 are equivalent.

Cell sg13g2_nand2b_1 (0) disconnected node: Y
Cell sg13g2_nand2b_1 (0) disconnected node: A_N
Cell sg13g2_nand2b_1 (0) disconnected node: B
Cell sg13g2_nand2b_1 (0) disconnected node: VDD
Cell sg13g2_nand2b_1 (0) disconnected node: VSS

Subcircuit pins:
Circuit 1: sg13g2_nand2b_1                 |Circuit 2: sg13g2_nand2b_1                 
-------------------------------------------|-------------------------------------------
Y                                          |Y                                          
A_N                                        |A_N                                        
B                                          |B                                          
VDD                                        |VDD                                        
VSS                                        |VSS                                        
---------------------------------------------------------------------------------------
Cell pin lists are equivalent.
Device classes sg13g2_nand2b_1 and sg13g2_nand2b_1 are equivalent.

Cell sg13g2_or2_1 (0) disconnected node: X
Cell sg13g2_or2_1 (0) disconnected node: A
Cell sg13g2_or2_1 (0) disconnected node: B
Cell sg13g2_or2_1 (0) disconnected node: VDD
Cell sg13g2_or2_1 (0) disconnected node: VSS

Subcircuit pins:
Circuit 1: sg13g2_or2_1                    |Circuit 2: sg13g2_or2_1                    
-------------------------------------------|-------------------------------------------
X                                          |X                                          
A                                          |A                                          
B                                          |B                                          
VDD                                        |VDD                                        
VSS                                        |VSS                                        
---------------------------------------------------------------------------------------
Cell pin lists are equivalent.
Device classes sg13g2_or2_1 and sg13g2_or2_1 are equivalent.

Cell sg13g2_nand4_1 (0) disconnected node: Y
Cell sg13g2_nand4_1 (0) disconnected node: A
Cell sg13g2_nand4_1 (0) disconnected node: B
Cell sg13g2_nand4_1 (0) disconnected node: C
Cell sg13g2_nand4_1 (0) disconnected node: D
Cell sg13g2_nand4_1 (0) disconnected node: VDD
Cell sg13g2_nand4_1 (0) disconnected node: VSS

Subcircuit pins:
Circuit 1: sg13g2_nand4_1                  |Circuit 2: sg13g2_nand4_1                  
-------------------------------------------|-------------------------------------------
Y                                          |Y                                          
A                                          |A                                          
B                                          |B                                          
C                                          |C                                          
D                                          |D                                          
VDD                                        |VDD                                        
VSS                                        |VSS                                        
---------------------------------------------------------------------------------------
Cell pin lists are equivalent.
Device classes sg13g2_nand4_1 and sg13g2_nand4_1 are equivalent.

Cell sg13g2_xnor2_1 (0) disconnected node: Y
Cell sg13g2_xnor2_1 (0) disconnected node: A
Cell sg13g2_xnor2_1 (0) disconnected node: B
Cell sg13g2_xnor2_1 (0) disconnected node: VDD
Cell sg13g2_xnor2_1 (0) disconnected node: VSS

Subcircuit pins:
Circuit 1: sg13g2_xnor2_1                  |Circuit 2: sg13g2_xnor2_1                  
-------------------------------------------|-------------------------------------------
Y                                          |Y                                          
A                                          |A                                          
B                                          |B                                          
VDD                                        |VDD                                        
VSS                                        |VSS                                        
---------------------------------------------------------------------------------------
Cell pin lists are equivalent.
Device classes sg13g2_xnor2_1 and sg13g2_xnor2_1 are equivalent.

Cell sg13g2_and3_1 (0) disconnected node: X
Cell sg13g2_and3_1 (0) disconnected node: A
Cell sg13g2_and3_1 (0) disconnected node: B
Cell sg13g2_and3_1 (0) disconnected node: C
Cell sg13g2_and3_1 (0) disconnected node: VDD
Cell sg13g2_and3_1 (0) disconnected node: VSS

Subcircuit pins:
Circuit 1: sg13g2_and3_1                   |Circuit 2: sg13g2_and3_1                   
-------------------------------------------|-------------------------------------------
X                                          |X                                          
A                                          |A                                          
B                                          |B                                          
C                                          |C                                          
VDD                                        |VDD                                        
VSS                                        |VSS                                        
---------------------------------------------------------------------------------------
Cell pin lists are equivalent.
Device classes sg13g2_and3_1 and sg13g2_and3_1 are equivalent.

Cell sg13g2_dlygate4sd3_1 (0) disconnected node: X
Cell sg13g2_dlygate4sd3_1 (0) disconnected node: A
Cell sg13g2_dlygate4sd3_1 (0) disconnected node: VDD
Cell sg13g2_dlygate4sd3_1 (0) disconnected node: VSS

Subcircuit pins:
Circuit 1: sg13g2_dlygate4sd3_1            |Circuit 2: sg13g2_dlygate4sd3_1            
-------------------------------------------|-------------------------------------------
X                                          |X                                          
A                                          |A                                          
VDD                                        |VDD                                        
VSS                                        |VSS                                        
---------------------------------------------------------------------------------------
Cell pin lists are equivalent.
Device classes sg13g2_dlygate4sd3_1 and sg13g2_dlygate4sd3_1 are equivalent.

Cell sg13g2_or4_1 (0) disconnected node: X
Cell sg13g2_or4_1 (0) disconnected node: A
Cell sg13g2_or4_1 (0) disconnected node: B
Cell sg13g2_or4_1 (0) disconnected node: C
Cell sg13g2_or4_1 (0) disconnected node: D
Cell sg13g2_or4_1 (0) disconnected node: VDD
Cell sg13g2_or4_1 (0) disconnected node: VSS

Subcircuit pins:
Circuit 1: sg13g2_or4_1                    |Circuit 2: sg13g2_or4_1                    
-------------------------------------------|-------------------------------------------
X                                          |X                                          
A                                          |A                                          
B                                          |B                                          
C                                          |C                                          
D                                          |D                                          
VDD                                        |VDD                                        
VSS                                        |VSS                                        
---------------------------------------------------------------------------------------
Cell pin lists are equivalent.
Device classes sg13g2_or4_1 and sg13g2_or4_1 are equivalent.

Cell sg13g2_antennanp (0) disconnected node: A
Cell sg13g2_antennanp (0) disconnected node: VDD
Cell sg13g2_antennanp (0) disconnected node: VSS

Subcircuit pins:
Circuit 1: sg13g2_antennanp                |Circuit 2: sg13g2_antennanp                
-------------------------------------------|-------------------------------------------
A                                          |A                                          
VDD                                        |VDD                                        
VSS                                        |VSS                                        
---------------------------------------------------------------------------------------
Cell pin lists are equivalent.
Device classes sg13g2_antennanp and sg13g2_antennanp are equivalent.

Cell sg13g2_buf_8 (0) disconnected node: X
Cell sg13g2_buf_8 (0) disconnected node: A
Cell sg13g2_buf_8 (0) disconnected node: VDD
Cell sg13g2_buf_8 (0) disconnected node: VSS

Subcircuit pins:
Circuit 1: sg13g2_buf_8                    |Circuit 2: sg13g2_buf_8                    
-------------------------------------------|-------------------------------------------
X                                          |X                                          
A                                          |A                                          
VDD                                        |VDD                                        
VSS                                        |VSS                                        
---------------------------------------------------------------------------------------
Cell pin lists are equivalent.
Device classes sg13g2_buf_8 and sg13g2_buf_8 are equivalent.

Cell sg13g2_nor2b_1 (0) disconnected node: Y
Cell sg13g2_nor2b_1 (0) disconnected node: A
Cell sg13g2_nor2b_1 (0) disconnected node: B_N
Cell sg13g2_nor2b_1 (0) disconnected node: VDD
Cell sg13g2_nor2b_1 (0) disconnected node: VSS

Subcircuit pins:
Circuit 1: sg13g2_nor2b_1                  |Circuit 2: sg13g2_nor2b_1                  
-------------------------------------------|-------------------------------------------
Y                                          |Y                                          
A                                          |A                                          
B_N                                        |B_N                                        
VDD                                        |VDD                                        
VSS                                        |VSS                                        
---------------------------------------------------------------------------------------
Cell pin lists are equivalent.
Device classes sg13g2_nor2b_1 and sg13g2_nor2b_1 are equivalent.

Cell sg13g2_xor2_1 (0) disconnected node: X
Cell sg13g2_xor2_1 (0) disconnected node: A
Cell sg13g2_xor2_1 (0) disconnected node: B
Cell sg13g2_xor2_1 (0) disconnected node: VDD
Cell sg13g2_xor2_1 (0) disconnected node: VSS

Subcircuit pins:
Circuit 1: sg13g2_xor2_1                   |Circuit 2: sg13g2_xor2_1                   
-------------------------------------------|-------------------------------------------
X                                          |X                                          
A                                          |A                                          
B                                          |B                                          
VDD                                        |VDD                                        
VSS                                        |VSS                                        
---------------------------------------------------------------------------------------
Cell pin lists are equivalent.
Device classes sg13g2_xor2_1 and sg13g2_xor2_1 are equivalent.

Cell sg13g2_or3_1 (0) disconnected node: X
Cell sg13g2_or3_1 (0) disconnected node: A
Cell sg13g2_or3_1 (0) disconnected node: B
Cell sg13g2_or3_1 (0) disconnected node: C
Cell sg13g2_or3_1 (0) disconnected node: VDD
Cell sg13g2_or3_1 (0) disconnected node: VSS

Subcircuit pins:
Circuit 1: sg13g2_or3_1                    |Circuit 2: sg13g2_or3_1                    
-------------------------------------------|-------------------------------------------
X                                          |X                                          
A                                          |A                                          
B                                          |B                                          
C                                          |C                                          
VDD                                        |VDD                                        
VSS                                        |VSS                                        
---------------------------------------------------------------------------------------
Cell pin lists are equivalent.
Device classes sg13g2_or3_1 and sg13g2_or3_1 are equivalent.

Cell sg13g2_inv_4 (0) disconnected node: Y
Cell sg13g2_inv_4 (0) disconnected node: A
Cell sg13g2_inv_4 (0) disconnected node: VDD
Cell sg13g2_inv_4 (0) disconnected node: VSS

Subcircuit pins:
Circuit 1: sg13g2_inv_4                    |Circuit 2: sg13g2_inv_4                    
-------------------------------------------|-------------------------------------------
Y                                          |Y                                          
A                                          |A                                          
VDD                                        |VDD                                        
VSS                                        |VSS                                        
---------------------------------------------------------------------------------------
Cell pin lists are equivalent.
Device classes sg13g2_inv_4 and sg13g2_inv_4 are equivalent.

Cell sg13g2_inv_2 (0) disconnected node: Y
Cell sg13g2_inv_2 (0) disconnected node: A
Cell sg13g2_inv_2 (0) disconnected node: VDD
Cell sg13g2_inv_2 (0) disconnected node: VSS

Subcircuit pins:
Circuit 1: sg13g2_inv_2                    |Circuit 2: sg13g2_inv_2                    
-------------------------------------------|-------------------------------------------
Y                                          |Y                                          
A                                          |A                                          
VDD                                        |VDD                                        
VSS                                        |VSS                                        
---------------------------------------------------------------------------------------
Cell pin lists are equivalent.
Device classes sg13g2_inv_2 and sg13g2_inv_2 are equivalent.

Cell sg13g2_tielo (0) disconnected node: L_LO
Cell sg13g2_tielo (0) disconnected node: VDD
Cell sg13g2_tielo (0) disconnected node: VSS

Subcircuit pins:
Circuit 1: sg13g2_tielo                    |Circuit 2: sg13g2_tielo                    
-------------------------------------------|-------------------------------------------
L_LO                                       |L_LO                                       
VDD                                        |VDD                                        
VSS                                        |VSS                                        
---------------------------------------------------------------------------------------
Cell pin lists are equivalent.
Device classes sg13g2_tielo and sg13g2_tielo are equivalent.

Class picorv32_macro (0):  Merged 29914 parallel devices.
Class picorv32_macro (1):  Merged 29914 parallel devices.
Subcircuit summary:
Circuit 1: picorv32_macro                  |Circuit 2: picorv32_macro                  
-------------------------------------------|-------------------------------------------
sg13g2_fill_2 (2990->1)                    |sg13g2_fill_2 (2990->1)                    
sg13g2_decap_8 (21286->1)                  |sg13g2_decap_8 (21286->1)                  
sg13g2_mux2_1 (1252)                       |sg13g2_mux2_1 (1252)                       
sg13g2_nor3_1 (156)                        |sg13g2_nor3_1 (156)                        
sg13g2_nor2_1 (367)                        |sg13g2_nor2_1 (367)                        
sg13g2_fill_1 (3129->1)                    |sg13g2_fill_1 (3129->1)                    
sg13g2_tiehi (1594)                        |sg13g2_tiehi (1594)                        
sg13g2_o21ai_1 (626)                       |sg13g2_o21ai_1 (626)                       
sg13g2_a21oi_1 (727)                       |sg13g2_a21oi_1 (727)                       
sg13g2_buf_1 (1465)                        |sg13g2_buf_1 (1465)                        
sg13g2_nor4_1 (78)                         |sg13g2_nor4_1 (78)                         
sg13g2_nand2_1 (344)                       |sg13g2_nand2_1 (344)                       
sg13g2_a221oi_1 (236)                      |sg13g2_a221oi_1 (236)                      
sg13g2_dfrbpq_1 (1594)                     |sg13g2_dfrbpq_1 (1594)                     
sg13g2_mux4_1 (603)                        |sg13g2_mux4_1 (603)                        
sg13g2_decap_4 (2513->1)                   |sg13g2_decap_4 (2513->1)                   
sg13g2_inv_1 (77)                          |sg13g2_inv_1 (77)                          
sg13g2_nand3_1 (215)                       |sg13g2_nand3_1 (215)                       
sg13g2_a21o_1 (187)                        |sg13g2_a21o_1 (187)                        
sg13g2_and4_1 (78)                         |sg13g2_and4_1 (78)                         
sg13g2_nand3b_1 (40)                       |sg13g2_nand3b_1 (40)                       
sg13g2_a22oi_1 (111)                       |sg13g2_a22oi_1 (111)                       
sg13g2_and2_1 (120)                        |sg13g2_and2_1 (120)                        
sg13g2_buf_16 (33)                         |sg13g2_buf_16 (33)                         
sg13g2_nand2b_1 (239)                      |sg13g2_nand2b_1 (239)                      
sg13g2_or2_1 (51)                          |sg13g2_or2_1 (51)                          
sg13g2_nand4_1 (129)                       |sg13g2_nand4_1 (129)                       
sg13g2_xnor2_1 (97)                        |sg13g2_xnor2_1 (97)                        
sg13g2_and3_1 (83)                         |sg13g2_and3_1 (83)                         
sg13g2_dlygate4sd3_1 (163)                 |sg13g2_dlygate4sd3_1 (163)                 
sg13g2_or4_1 (23)                          |sg13g2_or4_1 (23)                          
sg13g2_antennanp (27)                      |sg13g2_antennanp (27)                      
sg13g2_buf_8 (236)                         |sg13g2_buf_8 (236)                         
sg13g2_nor2b_1 (89)                        |sg13g2_nor2b_1 (89)                        
sg13g2_xor2_1 (63)                         |sg13g2_xor2_1 (63)                         
sg13g2_or3_1 (28)                          |sg13g2_or3_1 (28)                          
sg13g2_inv_4 (4)                           |sg13g2_inv_4 (4)                           
sg13g2_inv_2 (3)                           |sg13g2_inv_2 (3)                           
sg13g2_tielo (9)                           |sg13g2_tielo (9)                           
Number of devices: 11151                   |Number of devices: 11151                   
Number of nets: 11161                      |Number of nets: 11161                      
---------------------------------------------------------------------------------------
Resolving symmetries by property value.
Resolving symmetries by pin name.
Resolving symmetries by net name.
Netlists match with 9 symmetries.

Subcircuit pins:
Circuit 1: picorv32_macro                  |Circuit 2: picorv32_macro                  
-------------------------------------------|-------------------------------------------
clk_i                                      |clk_i                                      
mem_axi_wready                             |mem_axi_wready                             
mem_axi_awready                            |mem_axi_awready                            
mem_axi_arready                            |mem_axi_arready                            
mem_axi_rdata[28]                          |mem_axi_rdata[28]                          
mem_axi_rdata[25]                          |mem_axi_rdata[25]                          
mem_axi_rdata[31]                          |mem_axi_rdata[31]                          
mem_axi_rdata[29]                          |mem_axi_rdata[29]                          
mem_axi_rdata[24]                          |mem_axi_rdata[24]                          
mem_axi_rdata[27]                          |mem_axi_rdata[27]                          
mem_axi_rdata[26]                          |mem_axi_rdata[26]                          
mem_axi_rdata[30]                          |mem_axi_rdata[30]                          
mem_axi_rdata[10]                          |mem_axi_rdata[10]                          
mem_axi_rdata[12]                          |mem_axi_rdata[12]                          
mem_axi_rdata[13]                          |mem_axi_rdata[13]                          
mem_axi_rdata[9]                           |mem_axi_rdata[9]                           
mem_axi_rdata[8]                           |mem_axi_rdata[8]                           
mem_axi_rdata[11]                          |mem_axi_rdata[11]                          
mem_axi_rdata[14]                          |mem_axi_rdata[14]                          
mem_axi_rdata[17]                          |mem_axi_rdata[17]                          
mem_axi_rdata[19]                          |mem_axi_rdata[19]                          
mem_axi_rdata[22]                          |mem_axi_rdata[22]                          
mem_axi_rdata[23]                          |mem_axi_rdata[23]                          
mem_axi_rdata[21]                          |mem_axi_rdata[21]                          
mem_axi_rdata[16]                          |mem_axi_rdata[16]                          
mem_axi_rdata[18]                          |mem_axi_rdata[18]                          
mem_axi_rdata[20]                          |mem_axi_rdata[20]                          
mem_axi_rdata[6]                           |mem_axi_rdata[6]                           
mem_axi_rdata[7]                           |mem_axi_rdata[7]                           
mem_axi_rdata[3]                           |mem_axi_rdata[3]                           
mem_axi_rdata[4]                           |mem_axi_rdata[4]                           
mem_axi_rdata[1]                           |mem_axi_rdata[1]                           
mem_axi_rdata[2]                           |mem_axi_rdata[2]                           
mem_axi_rdata[0]                           |mem_axi_rdata[0]                           
mem_axi_rdata[5]                           |mem_axi_rdata[5]                           
mem_axi_rdata[15]                          |mem_axi_rdata[15]                          
mem_axi_bvalid                             |mem_axi_bvalid                             
mem_axi_rvalid                             |mem_axi_rvalid                             
rst_ni                                     |rst_ni                                     
mem_axi_wdata[21]                          |mem_axi_wdata[21]                          
mem_axi_wdata[22]                          |mem_axi_wdata[22]                          
mem_axi_wdata[23]                          |mem_axi_wdata[23]                          
mem_axi_wdata[2]                           |mem_axi_wdata[2]                           
mem_axi_wdata[0]                           |mem_axi_wdata[0]                           
mem_axi_wdata[19]                          |mem_axi_wdata[19]                          
mem_axi_wdata[20]                          |mem_axi_wdata[20]                          
mem_axi_rready                             |mem_axi_rready                             
mem_axi_wdata[16]                          |mem_axi_wdata[16]                          
mem_axi_wdata[17]                          |mem_axi_wdata[17]                          
mem_axi_wdata[18]                          |mem_axi_wdata[18]                          
mem_axi_wdata[5]                           |mem_axi_wdata[5]                           
mem_axi_wdata[13]                          |mem_axi_wdata[13]                          
mem_axi_wdata[15]                          |mem_axi_wdata[15]                          
mem_axi_wdata[24]                          |mem_axi_wdata[24]                          
mem_axi_wdata[25]                          |mem_axi_wdata[25]                          
mem_axi_wdata[27]                          |mem_axi_wdata[27]                          
mem_axi_wdata[26]                          |mem_axi_wdata[26]                          
mem_axi_wdata[28]                          |mem_axi_wdata[28]                          
mem_axi_wdata[29]                          |mem_axi_wdata[29]                          
mem_axi_wdata[30]                          |mem_axi_wdata[30]                          
mem_axi_wdata[31]                          |mem_axi_wdata[31]                          
mem_axi_wdata[8]                           |mem_axi_wdata[8]                           
mem_axi_wdata[14]                          |mem_axi_wdata[14]                          
mem_axi_wdata[12]                          |mem_axi_wdata[12]                          
mem_axi_wdata[11]                          |mem_axi_wdata[11]                          
mem_axi_wdata[10]                          |mem_axi_wdata[10]                          
mem_axi_wdata[9]                           |mem_axi_wdata[9]                           
mem_axi_wdata[1]                           |mem_axi_wdata[1]                           
mem_axi_wdata[3]                           |mem_axi_wdata[3]                           
mem_axi_wdata[4]                           |mem_axi_wdata[4]                           
mem_axi_wdata[6]                           |mem_axi_wdata[6]                           
mem_axi_wdata[7]                           |mem_axi_wdata[7]                           
mem_axi_araddr[11]                         |mem_axi_araddr[11]                         
trap                                       |trap                                       
mem_axi_araddr[25]                         |mem_axi_araddr[25]                         
mem_axi_araddr[4]                          |mem_axi_araddr[4]                          
mem_axi_araddr[3]                          |mem_axi_araddr[3]                          
mem_axi_araddr[30]                         |mem_axi_araddr[30]                         
mem_axi_wstrb[3]                           |mem_axi_wstrb[3]                           
mem_axi_wstrb[2]                           |mem_axi_wstrb[2]                           
mem_axi_wstrb[1]                           |mem_axi_wstrb[1]                           
mem_axi_wstrb[0]                           |mem_axi_wstrb[0]                           
mem_axi_bready                             |mem_axi_bready                             
mem_axi_araddr[20]                         |mem_axi_araddr[20]                         
mem_axi_araddr[2]                          |mem_axi_araddr[2]                          
mem_axi_araddr[26]                         |mem_axi_araddr[26]                         
mem_axi_araddr[28]                         |mem_axi_araddr[28]                         
mem_axi_araddr[10]                         |mem_axi_araddr[10]                         
mem_axi_araddr[12]                         |mem_axi_araddr[12]                         
mem_axi_araddr[15]                         |mem_axi_araddr[15]                         
mem_axi_araddr[18]                         |mem_axi_araddr[18]                         
mem_axi_araddr[22]                         |mem_axi_araddr[22]                         
mem_axi_araddr[23]                         |mem_axi_araddr[23]                         
mem_axi_araddr[27]                         |mem_axi_araddr[27]                         
mem_axi_araddr[7]                          |mem_axi_araddr[7]                          
mem_axi_araddr[6]                          |mem_axi_araddr[6]                          
mem_axi_araddr[14]                         |mem_axi_araddr[14]                         
mem_axi_araddr[17]                         |mem_axi_araddr[17]                         
mem_axi_araddr[29]                         |mem_axi_araddr[29]                         
mem_axi_araddr[31]                         |mem_axi_araddr[31]                         
mem_axi_araddr[5]                          |mem_axi_araddr[5]                          
mem_axi_araddr[24]                         |mem_axi_araddr[24]                         
mem_axi_araddr[19]                         |mem_axi_araddr[19]                         
mem_axi_araddr[13]                         |mem_axi_araddr[13]                         
mem_axi_araddr[16]                         |mem_axi_araddr[16]                         
mem_axi_araddr[21]                         |mem_axi_araddr[21]                         
mem_axi_araddr[8]                          |mem_axi_araddr[8]                          
mem_axi_araddr[9]                          |mem_axi_araddr[9]                          
mem_axi_awaddr[4]                          |mem_axi_awaddr[4]                          
mem_axi_awaddr[11]                         |mem_axi_awaddr[11]                         
mem_axi_arvalid                            |mem_axi_arvalid                            
mem_axi_awvalid                            |mem_axi_awvalid                            
mem_axi_wvalid                             |mem_axi_wvalid                             
mem_axi_arprot[2]                          |mem_axi_arprot[2]                          
mem_axi_awaddr[19]                         |mem_axi_awaddr[19]                         
mem_axi_awaddr[13]                         |mem_axi_awaddr[13]                         
mem_axi_awaddr[21]                         |mem_axi_awaddr[21]                         
mem_axi_awaddr[9]                          |mem_axi_awaddr[9]                          
mem_axi_awaddr[8]                          |mem_axi_awaddr[8]                          
mem_axi_awaddr[16]                         |mem_axi_awaddr[16]                         
mem_axi_awaddr[25]                         |mem_axi_awaddr[25]                         
mem_axi_awaddr[20]                         |mem_axi_awaddr[20]                         
mem_axi_awaddr[24]                         |mem_axi_awaddr[24]                         
mem_axi_awaddr[28]                         |mem_axi_awaddr[28]                         
mem_axi_awaddr[26]                         |mem_axi_awaddr[26]                         
mem_axi_awaddr[29]                         |mem_axi_awaddr[29]                         
mem_axi_awaddr[17]                         |mem_axi_awaddr[17]                         
mem_axi_awaddr[14]                         |mem_axi_awaddr[14]                         
mem_axi_awaddr[2]                          |mem_axi_awaddr[2]                          
mem_axi_awaddr[30]                         |mem_axi_awaddr[30]                         
mem_axi_awaddr[3]                          |mem_axi_awaddr[3]                          
mem_axi_awaddr[5]                          |mem_axi_awaddr[5]                          
mem_axi_awaddr[31]                         |mem_axi_awaddr[31]                         
mem_axi_awaddr[6]                          |mem_axi_awaddr[6]                          
mem_axi_awaddr[23]                         |mem_axi_awaddr[23]                         
mem_axi_awaddr[12]                         |mem_axi_awaddr[12]                         
mem_axi_awaddr[22]                         |mem_axi_awaddr[22]                         
mem_axi_awaddr[10]                         |mem_axi_awaddr[10]                         
mem_axi_awaddr[18]                         |mem_axi_awaddr[18]                         
mem_axi_awaddr[27]                         |mem_axi_awaddr[27]                         
mem_axi_awaddr[7]                          |mem_axi_awaddr[7]                          
mem_axi_awaddr[15]                         |mem_axi_awaddr[15]                         
mem_axi_awprot[1]                          |mem_axi_awprot[1]                          
mem_axi_awprot[0]                          |mem_axi_awprot[0]                          
mem_axi_awaddr[1]                          |mem_axi_awaddr[1]                          
mem_axi_awaddr[0]                          |mem_axi_awaddr[0]                          
mem_axi_arprot[1]                          |mem_axi_arprot[1]                          
mem_axi_arprot[0]                          |mem_axi_arprot[0]                          
mem_axi_araddr[1]                          |mem_axi_araddr[1]                          
mem_axi_araddr[0]                          |mem_axi_araddr[0]                          
mem_axi_awprot[2]                          |mem_axi_awprot[2]                          
VDD                                        |VDD                                        
VSS                                        |VSS                                        
---------------------------------------------------------------------------------------
Cell pin lists are equivalent.
Device classes picorv32_macro and picorv32_macro are equivalent.

Final result: Circuits match uniquely.
.
