+ analyze_power_grid -net VPWR -voltage_file /home/jaikrishn/Documents/hardware/picorv32_axi4lite_port/phyisical_design/runs/run_3/56-openroad-irdropreport/net-VPWR.csv
[INFO PSM-0040] All shapes on net VPWR are connected.
########## IR report #################
Net              : VPWR
Corner           : nom_typ_1p20V_25C
Total power      : 2.68e-04 W
Supply voltage   : 1.20e+00 V
Worstcase voltage: 1.20e+00 V
Average voltage  : 1.20e+00 V
Average IR drop  : 4.36e-07 V
Worstcase IR drop: 8.61e-04 V
Percentage drop  : 0.07 %
######################################
+ analyze_power_grid -net VGND -voltage_file /home/jaikrishn/Documents/hardware/picorv32_axi4lite_port/phyisical_design/runs/run_3/56-openroad-irdropreport/net-VGND.csv
[INFO PSM-0040] All shapes on net VGND are connected.
########## IR report #################
Net              : VGND
Corner           : nom_typ_1p20V_25C
Total power      : 2.68e-04 W
Supply voltage   : 0.00e+00 V
Worstcase voltage: 2.72e-04 V
Average voltage  : 2.52e-07 V
Average IR drop  : 2.52e-07 V
Worstcase IR drop: 2.72e-04 V
Percentage drop  : 0.02 %
######################################
