
Cell sg13g2_decap_8 (0) disconnected node: VDD
Cell sg13g2_decap_8 (0) disconnected node: VSS

Subcircuit pins:
Circuit 1: sg13g2_decap_8                  |Circuit 2: sg13g2_decap_8                  
-------------------------------------------|-------------------------------------------
VDD                                        |VDD                                        
VSS                                        |VSS                                        
---------------------------------------------------------------------------------------
Cell pin lists are equivalent.
Device classes sg13g2_decap_8 and sg13g2_decap_8 are equivalent.

Cell sg13g2_dlygate4sd3_1 (0) disconnected node: X
Cell sg13g2_dlygate4sd3_1 (0) disconnected node: A
Cell sg13g2_dlygate4sd3_1 (0) disconnected node: VDD
Cell sg13g2_dlygate4sd3_1 (0) disconnected node: VSS

Subcircuit pins:
Circuit 1: sg13g2_dlygate4sd3_1            |Circuit 2: sg13g2_dlygate4sd3_1            
-------------------------------------------|-------------------------------------------
X                                          |X                                          
A                                          |A                                          
VDD                                        |VDD                                        
VSS                                        |VSS                                        
---------------------------------------------------------------------------------------
Cell pin lists are equivalent.
Device classes sg13g2_dlygate4sd3_1 and sg13g2_dlygate4sd3_1 are equivalent.

Cell sg13g2_fill_2 (0) disconnected node: VDD
Cell sg13g2_fill_2 (0) disconnected node: VSS
Cell sg13g2_fill_2 (1) disconnected node: VDD
Cell sg13g2_fill_2 (1) disconnected node: VSS

Subcircuit pins:
Circuit 1: sg13g2_fill_2                   |Circuit 2: sg13g2_fill_2                   
-------------------------------------------|-------------------------------------------
VDD                                        |VDD                                        
VSS                                        |VSS                                        
---------------------------------------------------------------------------------------
Cell pin lists are equivalent.
Device classes sg13g2_fill_2 and sg13g2_fill_2 are equivalent.

Cell sg13g2_o21ai_1 (0) disconnected node: Y
Cell sg13g2_o21ai_1 (0) disconnected node: A1
Cell sg13g2_o21ai_1 (0) disconnected node: A2
Cell sg13g2_o21ai_1 (0) disconnected node: B1
Cell sg13g2_o21ai_1 (0) disconnected node: VDD
Cell sg13g2_o21ai_1 (0) disconnected node: VSS

Subcircuit pins:
Circuit 1: sg13g2_o21ai_1                  |Circuit 2: sg13g2_o21ai_1                  
-------------------------------------------|-------------------------------------------
Y                                          |Y                                          
A1                                         |A1                                         
A2                                         |A2                                         
B1                                         |B1                                         
VDD                                        |VDD                                        
VSS                                        |VSS                                        
---------------------------------------------------------------------------------------
Cell pin lists are equivalent.
Device classes sg13g2_o21ai_1 and sg13g2_o21ai_1 are equivalent.

Cell sg13g2_nand4_1 (0) disconnected node: Y
Cell sg13g2_nand4_1 (0) disconnected node: A
Cell sg13g2_nand4_1 (0) disconnected node: B
Cell sg13g2_nand4_1 (0) disconnected node: C
Cell sg13g2_nand4_1 (0) disconnected node: D
Cell sg13g2_nand4_1 (0) disconnected node: VDD
Cell sg13g2_nand4_1 (0) disconnected node: VSS

Subcircuit pins:
Circuit 1: sg13g2_nand4_1                  |Circuit 2: sg13g2_nand4_1                  
-------------------------------------------|-------------------------------------------
Y                                          |Y                                          
A                                          |A                                          
B                                          |B                                          
C                                          |C                                          
D                                          |D                                          
VDD                                        |VDD                                        
VSS                                        |VSS                                        
---------------------------------------------------------------------------------------
Cell pin lists are equivalent.
Device classes sg13g2_nand4_1 and sg13g2_nand4_1 are equivalent.

Cell sg13g2_nor2_1 (0) disconnected node: Y
Cell sg13g2_nor2_1 (0) disconnected node: A
Cell sg13g2_nor2_1 (0) disconnected node: B
Cell sg13g2_nor2_1 (0) disconnected node: VDD
Cell sg13g2_nor2_1 (0) disconnected node: VSS

Subcircuit pins:
Circuit 1: sg13g2_nor2_1                   |Circuit 2: sg13g2_nor2_1                   
-------------------------------------------|-------------------------------------------
Y                                          |Y                                          
A                                          |A                                          
B                                          |B                                          
VDD                                        |VDD                                        
VSS                                        |VSS                                        
---------------------------------------------------------------------------------------
Cell pin lists are equivalent.
Device classes sg13g2_nor2_1 and sg13g2_nor2_1 are equivalent.

Cell sg13g2_fill_1 (0) disconnected node: VDD
Cell sg13g2_fill_1 (0) disconnected node: VSS
Cell sg13g2_fill_1 (1) disconnected node: VDD
Cell sg13g2_fill_1 (1) disconnected node: VSS

Subcircuit pins:
Circuit 1: sg13g2_fill_1                   |Circuit 2: sg13g2_fill_1                   
-------------------------------------------|-------------------------------------------
VDD                                        |VDD                                        
VSS                                        |VSS                                        
---------------------------------------------------------------------------------------
Cell pin lists are equivalent.
Device classes sg13g2_fill_1 and sg13g2_fill_1 are equivalent.

Cell sg13g2_a21oi_1 (0) disconnected node: Y
Cell sg13g2_a21oi_1 (0) disconnected node: A1
Cell sg13g2_a21oi_1 (0) disconnected node: A2
Cell sg13g2_a21oi_1 (0) disconnected node: B1
Cell sg13g2_a21oi_1 (0) disconnected node: VDD
Cell sg13g2_a21oi_1 (0) disconnected node: VSS

Subcircuit pins:
Circuit 1: sg13g2_a21oi_1                  |Circuit 2: sg13g2_a21oi_1                  
-------------------------------------------|-------------------------------------------
Y                                          |Y                                          
A1                                         |A1                                         
A2                                         |A2                                         
B1                                         |B1                                         
VDD                                        |VDD                                        
VSS                                        |VSS                                        
---------------------------------------------------------------------------------------
Cell pin lists are equivalent.
Device classes sg13g2_a21oi_1 and sg13g2_a21oi_1 are equivalent.

Cell sg13g2_dfrbpq_1 (0) disconnected node: Q
Cell sg13g2_dfrbpq_1 (0) disconnected node: CLK
Cell sg13g2_dfrbpq_1 (0) disconnected node: D
Cell sg13g2_dfrbpq_1 (0) disconnected node: RESET_B
Cell sg13g2_dfrbpq_1 (0) disconnected node: VDD
Cell sg13g2_dfrbpq_1 (0) disconnected node: VSS

Subcircuit pins:
Circuit 1: sg13g2_dfrbpq_1                 |Circuit 2: sg13g2_dfrbpq_1                 
-------------------------------------------|-------------------------------------------
Q                                          |Q                                          
CLK                                        |CLK                                        
D                                          |D                                          
RESET_B                                    |RESET_B                                    
VDD                                        |VDD                                        
VSS                                        |VSS                                        
---------------------------------------------------------------------------------------
Cell pin lists are equivalent.
Device classes sg13g2_dfrbpq_1 and sg13g2_dfrbpq_1 are equivalent.

Cell sg13g2_decap_4 (0) disconnected node: VDD
Cell sg13g2_decap_4 (0) disconnected node: VSS

Subcircuit pins:
Circuit 1: sg13g2_decap_4                  |Circuit 2: sg13g2_decap_4                  
-------------------------------------------|-------------------------------------------
VDD                                        |VDD                                        
VSS                                        |VSS                                        
---------------------------------------------------------------------------------------
Cell pin lists are equivalent.
Device classes sg13g2_decap_4 and sg13g2_decap_4 are equivalent.

Cell sg13g2_a22oi_1 (0) disconnected node: Y
Cell sg13g2_a22oi_1 (0) disconnected node: A1
Cell sg13g2_a22oi_1 (0) disconnected node: A2
Cell sg13g2_a22oi_1 (0) disconnected node: B1
Cell sg13g2_a22oi_1 (0) disconnected node: B2
Cell sg13g2_a22oi_1 (0) disconnected node: VDD
Cell sg13g2_a22oi_1 (0) disconnected node: VSS

Subcircuit pins:
Circuit 1: sg13g2_a22oi_1                  |Circuit 2: sg13g2_a22oi_1                  
-------------------------------------------|-------------------------------------------
Y                                          |Y                                          
A1                                         |A1                                         
A2                                         |A2                                         
B1                                         |B1                                         
B2                                         |B2                                         
VDD                                        |VDD                                        
VSS                                        |VSS                                        
---------------------------------------------------------------------------------------
Cell pin lists are equivalent.
Device classes sg13g2_a22oi_1 and sg13g2_a22oi_1 are equivalent.

Cell sg13g2_tiehi (0) disconnected node: L_HI
Cell sg13g2_tiehi (0) disconnected node: VDD
Cell sg13g2_tiehi (0) disconnected node: VSS

Subcircuit pins:
Circuit 1: sg13g2_tiehi                    |Circuit 2: sg13g2_tiehi                    
-------------------------------------------|-------------------------------------------
L_HI                                       |L_HI                                       
VDD                                        |VDD                                        
VSS                                        |VSS                                        
---------------------------------------------------------------------------------------
Cell pin lists are equivalent.
Device classes sg13g2_tiehi and sg13g2_tiehi are equivalent.

Cell sg13g2_buf_1 (0) disconnected node: X
Cell sg13g2_buf_1 (0) disconnected node: A
Cell sg13g2_buf_1 (0) disconnected node: VDD
Cell sg13g2_buf_1 (0) disconnected node: VSS

Subcircuit pins:
Circuit 1: sg13g2_buf_1                    |Circuit 2: sg13g2_buf_1                    
-------------------------------------------|-------------------------------------------
X                                          |X                                          
A                                          |A                                          
VDD                                        |VDD                                        
VSS                                        |VSS                                        
---------------------------------------------------------------------------------------
Cell pin lists are equivalent.
Device classes sg13g2_buf_1 and sg13g2_buf_1 are equivalent.

Cell sg13g2_buf_8 (0) disconnected node: X
Cell sg13g2_buf_8 (0) disconnected node: A
Cell sg13g2_buf_8 (0) disconnected node: VDD
Cell sg13g2_buf_8 (0) disconnected node: VSS

Subcircuit pins:
Circuit 1: sg13g2_buf_8                    |Circuit 2: sg13g2_buf_8                    
-------------------------------------------|-------------------------------------------
X                                          |X                                          
A                                          |A                                          
VDD                                        |VDD                                        
VSS                                        |VSS                                        
---------------------------------------------------------------------------------------
Cell pin lists are equivalent.
Device classes sg13g2_buf_8 and sg13g2_buf_8 are equivalent.

Cell sg13g2_nor3_1 (0) disconnected node: Y
Cell sg13g2_nor3_1 (0) disconnected node: A
Cell sg13g2_nor3_1 (0) disconnected node: B
Cell sg13g2_nor3_1 (0) disconnected node: C
Cell sg13g2_nor3_1 (0) disconnected node: VDD
Cell sg13g2_nor3_1 (0) disconnected node: VSS

Subcircuit pins:
Circuit 1: sg13g2_nor3_1                   |Circuit 2: sg13g2_nor3_1                   
-------------------------------------------|-------------------------------------------
Y                                          |Y                                          
A                                          |A                                          
B                                          |B                                          
C                                          |C                                          
VDD                                        |VDD                                        
VSS                                        |VSS                                        
---------------------------------------------------------------------------------------
Cell pin lists are equivalent.
Device classes sg13g2_nor3_1 and sg13g2_nor3_1 are equivalent.

Cell sg13g2_nor2b_1 (0) disconnected node: Y
Cell sg13g2_nor2b_1 (0) disconnected node: A
Cell sg13g2_nor2b_1 (0) disconnected node: B_N
Cell sg13g2_nor2b_1 (0) disconnected node: VDD
Cell sg13g2_nor2b_1 (0) disconnected node: VSS

Subcircuit pins:
Circuit 1: sg13g2_nor2b_1                  |Circuit 2: sg13g2_nor2b_1                  
-------------------------------------------|-------------------------------------------
Y                                          |Y                                          
A                                          |A                                          
B_N                                        |B_N                                        
VDD                                        |VDD                                        
VSS                                        |VSS                                        
---------------------------------------------------------------------------------------
Cell pin lists are equivalent.
Device classes sg13g2_nor2b_1 and sg13g2_nor2b_1 are equivalent.

Cell sg13g2_and3_1 (0) disconnected node: X
Cell sg13g2_and3_1 (0) disconnected node: A
Cell sg13g2_and3_1 (0) disconnected node: B
Cell sg13g2_and3_1 (0) disconnected node: C
Cell sg13g2_and3_1 (0) disconnected node: VDD
Cell sg13g2_and3_1 (0) disconnected node: VSS

Subcircuit pins:
Circuit 1: sg13g2_and3_1                   |Circuit 2: sg13g2_and3_1                   
-------------------------------------------|-------------------------------------------
X                                          |X                                          
A                                          |A                                          
B                                          |B                                          
C                                          |C                                          
VDD                                        |VDD                                        
VSS                                        |VSS                                        
---------------------------------------------------------------------------------------
Cell pin lists are equivalent.
Device classes sg13g2_and3_1 and sg13g2_and3_1 are equivalent.

Cell sg13g2_inv_1 (0) disconnected node: Y
Cell sg13g2_inv_1 (0) disconnected node: A
Cell sg13g2_inv_1 (0) disconnected node: VDD
Cell sg13g2_inv_1 (0) disconnected node: VSS

Subcircuit pins:
Circuit 1: sg13g2_inv_1                    |Circuit 2: sg13g2_inv_1                    
-------------------------------------------|-------------------------------------------
Y                                          |Y                                          
A                                          |A                                          
VDD                                        |VDD                                        
VSS                                        |VSS                                        
---------------------------------------------------------------------------------------
Cell pin lists are equivalent.
Device classes sg13g2_inv_1 and sg13g2_inv_1 are equivalent.

Cell sg13g2_nand2_1 (0) disconnected node: Y
Cell sg13g2_nand2_1 (0) disconnected node: A
Cell sg13g2_nand2_1 (0) disconnected node: B
Cell sg13g2_nand2_1 (0) disconnected node: VDD
Cell sg13g2_nand2_1 (0) disconnected node: VSS

Subcircuit pins:
Circuit 1: sg13g2_nand2_1                  |Circuit 2: sg13g2_nand2_1                  
-------------------------------------------|-------------------------------------------
Y                                          |Y                                          
A                                          |A                                          
B                                          |B                                          
VDD                                        |VDD                                        
VSS                                        |VSS                                        
---------------------------------------------------------------------------------------
Cell pin lists are equivalent.
Device classes sg13g2_nand2_1 and sg13g2_nand2_1 are equivalent.

Cell sg13g2_a21o_1 (0) disconnected node: X
Cell sg13g2_a21o_1 (0) disconnected node: A1
Cell sg13g2_a21o_1 (0) disconnected node: A2
Cell sg13g2_a21o_1 (0) disconnected node: B1
Cell sg13g2_a21o_1 (0) disconnected node: VDD
Cell sg13g2_a21o_1 (0) disconnected node: VSS

Subcircuit pins:
Circuit 1: sg13g2_a21o_1                   |Circuit 2: sg13g2_a21o_1                   
-------------------------------------------|-------------------------------------------
X                                          |X                                          
A1                                         |A1                                         
A2                                         |A2                                         
B1                                         |B1                                         
VDD                                        |VDD                                        
VSS                                        |VSS                                        
---------------------------------------------------------------------------------------
Cell pin lists are equivalent.
Device classes sg13g2_a21o_1 and sg13g2_a21o_1 are equivalent.

Cell sg13g2_nand3_1 (0) disconnected node: Y
Cell sg13g2_nand3_1 (0) disconnected node: A
Cell sg13g2_nand3_1 (0) disconnected node: B
Cell sg13g2_nand3_1 (0) disconnected node: C
Cell sg13g2_nand3_1 (0) disconnected node: VDD
Cell sg13g2_nand3_1 (0) disconnected node: VSS

Subcircuit pins:
Circuit 1: sg13g2_nand3_1                  |Circuit 2: sg13g2_nand3_1                  
-------------------------------------------|-------------------------------------------
Y                                          |Y                                          
A                                          |A                                          
B                                          |B                                          
C                                          |C                                          
VDD                                        |VDD                                        
VSS                                        |VSS                                        
---------------------------------------------------------------------------------------
Cell pin lists are equivalent.
Device classes sg13g2_nand3_1 and sg13g2_nand3_1 are equivalent.

Cell sg13g2_and2_1 (0) disconnected node: X
Cell sg13g2_and2_1 (0) disconnected node: A
Cell sg13g2_and2_1 (0) disconnected node: B
Cell sg13g2_and2_1 (0) disconnected node: VDD
Cell sg13g2_and2_1 (0) disconnected node: VSS

Subcircuit pins:
Circuit 1: sg13g2_and2_1                   |Circuit 2: sg13g2_and2_1                   
-------------------------------------------|-------------------------------------------
X                                          |X                                          
A                                          |A                                          
B                                          |B                                          
VDD                                        |VDD                                        
VSS                                        |VSS                                        
---------------------------------------------------------------------------------------
Cell pin lists are equivalent.
Device classes sg13g2_and2_1 and sg13g2_and2_1 are equivalent.

Cell sg13g2_nand2b_1 (0) disconnected node: Y
Cell sg13g2_nand2b_1 (0) disconnected node: A_N
Cell sg13g2_nand2b_1 (0) disconnected node: B
Cell sg13g2_nand2b_1 (0) disconnected node: VDD
Cell sg13g2_nand2b_1 (0) disconnected node: VSS

Subcircuit pins:
Circuit 1: sg13g2_nand2b_1                 |Circuit 2: sg13g2_nand2b_1                 
-------------------------------------------|-------------------------------------------
Y                                          |Y                                          
A_N                                        |A_N                                        
B                                          |B                                          
VDD                                        |VDD                                        
VSS                                        |VSS                                        
---------------------------------------------------------------------------------------
Cell pin lists are equivalent.
Device classes sg13g2_nand2b_1 and sg13g2_nand2b_1 are equivalent.

Cell sg13g2_buf_16 (0) disconnected node: X
Cell sg13g2_buf_16 (0) disconnected node: A
Cell sg13g2_buf_16 (0) disconnected node: VDD
Cell sg13g2_buf_16 (0) disconnected node: VSS

Subcircuit pins:
Circuit 1: sg13g2_buf_16                   |Circuit 2: sg13g2_buf_16                   
-------------------------------------------|-------------------------------------------
X                                          |X                                          
A                                          |A                                          
VDD                                        |VDD                                        
VSS                                        |VSS                                        
---------------------------------------------------------------------------------------
Cell pin lists are equivalent.
Device classes sg13g2_buf_16 and sg13g2_buf_16 are equivalent.

Cell sg13g2_tielo (0) disconnected node: L_LO
Cell sg13g2_tielo (0) disconnected node: VDD
Cell sg13g2_tielo (0) disconnected node: VSS

Subcircuit pins:
Circuit 1: sg13g2_tielo                    |Circuit 2: sg13g2_tielo                    
-------------------------------------------|-------------------------------------------
L_LO                                       |L_LO                                       
VDD                                        |VDD                                        
VSS                                        |VSS                                        
---------------------------------------------------------------------------------------
Cell pin lists are equivalent.
Device classes sg13g2_tielo and sg13g2_tielo are equivalent.

Cell sg13g2_nand3b_1 (0) disconnected node: Y
Cell sg13g2_nand3b_1 (0) disconnected node: A_N
Cell sg13g2_nand3b_1 (0) disconnected node: B
Cell sg13g2_nand3b_1 (0) disconnected node: C
Cell sg13g2_nand3b_1 (0) disconnected node: VDD
Cell sg13g2_nand3b_1 (0) disconnected node: VSS

Subcircuit pins:
Circuit 1: sg13g2_nand3b_1                 |Circuit 2: sg13g2_nand3b_1                 
-------------------------------------------|-------------------------------------------
Y                                          |Y                                          
A_N                                        |A_N                                        
B                                          |B                                          
C                                          |C                                          
VDD                                        |VDD                                        
VSS                                        |VSS                                        
---------------------------------------------------------------------------------------
Cell pin lists are equivalent.
Device classes sg13g2_nand3b_1 and sg13g2_nand3b_1 are equivalent.

Cell peripherals_macro (0) disconnected node: s_axil_araddr[0]
Cell peripherals_macro (0) disconnected node: s_axil_araddr[10]
Cell peripherals_macro (0) disconnected node: s_axil_araddr[11]
Cell peripherals_macro (0) disconnected node: s_axil_araddr[12]
Cell peripherals_macro (0) disconnected node: s_axil_araddr[13]
Cell peripherals_macro (0) disconnected node: s_axil_araddr[14]
Cell peripherals_macro (0) disconnected node: s_axil_araddr[15]
Cell peripherals_macro (0) disconnected node: s_axil_araddr[16]
Cell peripherals_macro (0) disconnected node: s_axil_araddr[17]
Cell peripherals_macro (0) disconnected node: s_axil_araddr[18]
Cell peripherals_macro (0) disconnected node: s_axil_araddr[19]
Cell peripherals_macro (0) disconnected node: s_axil_araddr[1]
Cell peripherals_macro (0) disconnected node: s_axil_araddr[20]
Cell peripherals_macro (0) disconnected node: s_axil_araddr[21]
Cell peripherals_macro (0) disconnected node: s_axil_araddr[22]
Cell peripherals_macro (0) disconnected node: s_axil_araddr[23]
Cell peripherals_macro (0) disconnected node: s_axil_araddr[24]
Cell peripherals_macro (0) disconnected node: s_axil_araddr[25]
Cell peripherals_macro (0) disconnected node: s_axil_araddr[26]
Cell peripherals_macro (0) disconnected node: s_axil_araddr[27]
Cell peripherals_macro (0) disconnected node: s_axil_araddr[28]
Cell peripherals_macro (0) disconnected node: s_axil_araddr[29]
Cell peripherals_macro (0) disconnected node: s_axil_araddr[30]
Cell peripherals_macro (0) disconnected node: s_axil_araddr[31]
Cell peripherals_macro (0) disconnected node: s_axil_araddr[4]
Cell peripherals_macro (0) disconnected node: s_axil_araddr[5]
Cell peripherals_macro (0) disconnected node: s_axil_araddr[6]
Cell peripherals_macro (0) disconnected node: s_axil_araddr[7]
Cell peripherals_macro (0) disconnected node: s_axil_araddr[8]
Cell peripherals_macro (0) disconnected node: s_axil_araddr[9]
Cell peripherals_macro (0) disconnected node: s_axil_awaddr[0]
Cell peripherals_macro (0) disconnected node: s_axil_awaddr[10]
Cell peripherals_macro (0) disconnected node: s_axil_awaddr[11]
Cell peripherals_macro (0) disconnected node: s_axil_awaddr[12]
Cell peripherals_macro (0) disconnected node: s_axil_awaddr[13]
Cell peripherals_macro (0) disconnected node: s_axil_awaddr[14]
Cell peripherals_macro (0) disconnected node: s_axil_awaddr[15]
Cell peripherals_macro (0) disconnected node: s_axil_awaddr[16]
Cell peripherals_macro (0) disconnected node: s_axil_awaddr[17]
Cell peripherals_macro (0) disconnected node: s_axil_awaddr[18]
Cell peripherals_macro (0) disconnected node: s_axil_awaddr[19]
Cell peripherals_macro (0) disconnected node: s_axil_awaddr[1]
Cell peripherals_macro (0) disconnected node: s_axil_awaddr[20]
Cell peripherals_macro (0) disconnected node: s_axil_awaddr[21]
Cell peripherals_macro (0) disconnected node: s_axil_awaddr[22]
Cell peripherals_macro (0) disconnected node: s_axil_awaddr[23]
Cell peripherals_macro (0) disconnected node: s_axil_awaddr[24]
Cell peripherals_macro (0) disconnected node: s_axil_awaddr[25]
Cell peripherals_macro (0) disconnected node: s_axil_awaddr[26]
Cell peripherals_macro (0) disconnected node: s_axil_awaddr[27]
Cell peripherals_macro (0) disconnected node: s_axil_awaddr[28]
Cell peripherals_macro (0) disconnected node: s_axil_awaddr[29]
Cell peripherals_macro (0) disconnected node: s_axil_awaddr[30]
Cell peripherals_macro (0) disconnected node: s_axil_awaddr[31]
Cell peripherals_macro (0) disconnected node: s_axil_awaddr[4]
Cell peripherals_macro (0) disconnected node: s_axil_awaddr[5]
Cell peripherals_macro (0) disconnected node: s_axil_awaddr[6]
Cell peripherals_macro (0) disconnected node: s_axil_awaddr[7]
Cell peripherals_macro (0) disconnected node: s_axil_awaddr[8]
Cell peripherals_macro (0) disconnected node: s_axil_awaddr[9]
Cell peripherals_macro (0) disconnected node: s_axil_rready
Cell peripherals_macro (1) disconnected node: s_axil_rready
Cell peripherals_macro (1) disconnected node: s_axil_araddr[31]
Cell peripherals_macro (1) disconnected node: s_axil_araddr[30]
Cell peripherals_macro (1) disconnected node: s_axil_araddr[29]
Cell peripherals_macro (1) disconnected node: s_axil_araddr[28]
Cell peripherals_macro (1) disconnected node: s_axil_araddr[27]
Cell peripherals_macro (1) disconnected node: s_axil_araddr[26]
Cell peripherals_macro (1) disconnected node: s_axil_araddr[25]
Cell peripherals_macro (1) disconnected node: s_axil_araddr[24]
Cell peripherals_macro (1) disconnected node: s_axil_araddr[23]
Cell peripherals_macro (1) disconnected node: s_axil_araddr[22]
Cell peripherals_macro (1) disconnected node: s_axil_araddr[21]
Cell peripherals_macro (1) disconnected node: s_axil_araddr[20]
Cell peripherals_macro (1) disconnected node: s_axil_araddr[19]
Cell peripherals_macro (1) disconnected node: s_axil_araddr[18]
Cell peripherals_macro (1) disconnected node: s_axil_araddr[17]
Cell peripherals_macro (1) disconnected node: s_axil_araddr[16]
Cell peripherals_macro (1) disconnected node: s_axil_araddr[15]
Cell peripherals_macro (1) disconnected node: s_axil_araddr[14]
Cell peripherals_macro (1) disconnected node: s_axil_araddr[13]
Cell peripherals_macro (1) disconnected node: s_axil_araddr[12]
Cell peripherals_macro (1) disconnected node: s_axil_araddr[11]
Cell peripherals_macro (1) disconnected node: s_axil_araddr[10]
Cell peripherals_macro (1) disconnected node: s_axil_araddr[9]
Cell peripherals_macro (1) disconnected node: s_axil_araddr[8]
Cell peripherals_macro (1) disconnected node: s_axil_araddr[7]
Cell peripherals_macro (1) disconnected node: s_axil_araddr[6]
Cell peripherals_macro (1) disconnected node: s_axil_araddr[5]
Cell peripherals_macro (1) disconnected node: s_axil_araddr[4]
Cell peripherals_macro (1) disconnected node: s_axil_araddr[1]
Cell peripherals_macro (1) disconnected node: s_axil_araddr[0]
Cell peripherals_macro (1) disconnected node: s_axil_awaddr[31]
Cell peripherals_macro (1) disconnected node: s_axil_awaddr[30]
Cell peripherals_macro (1) disconnected node: s_axil_awaddr[29]
Cell peripherals_macro (1) disconnected node: s_axil_awaddr[28]
Cell peripherals_macro (1) disconnected node: s_axil_awaddr[27]
Cell peripherals_macro (1) disconnected node: s_axil_awaddr[26]
Cell peripherals_macro (1) disconnected node: s_axil_awaddr[25]
Cell peripherals_macro (1) disconnected node: s_axil_awaddr[24]
Cell peripherals_macro (1) disconnected node: s_axil_awaddr[23]
Cell peripherals_macro (1) disconnected node: s_axil_awaddr[22]
Cell peripherals_macro (1) disconnected node: s_axil_awaddr[21]
Cell peripherals_macro (1) disconnected node: s_axil_awaddr[20]
Cell peripherals_macro (1) disconnected node: s_axil_awaddr[19]
Cell peripherals_macro (1) disconnected node: s_axil_awaddr[18]
Cell peripherals_macro (1) disconnected node: s_axil_awaddr[17]
Cell peripherals_macro (1) disconnected node: s_axil_awaddr[16]
Cell peripherals_macro (1) disconnected node: s_axil_awaddr[15]
Cell peripherals_macro (1) disconnected node: s_axil_awaddr[14]
Cell peripherals_macro (1) disconnected node: s_axil_awaddr[13]
Cell peripherals_macro (1) disconnected node: s_axil_awaddr[12]
Cell peripherals_macro (1) disconnected node: s_axil_awaddr[11]
Cell peripherals_macro (1) disconnected node: s_axil_awaddr[10]
Cell peripherals_macro (1) disconnected node: s_axil_awaddr[9]
Cell peripherals_macro (1) disconnected node: s_axil_awaddr[8]
Cell peripherals_macro (1) disconnected node: s_axil_awaddr[7]
Cell peripherals_macro (1) disconnected node: s_axil_awaddr[6]
Cell peripherals_macro (1) disconnected node: s_axil_awaddr[5]
Cell peripherals_macro (1) disconnected node: s_axil_awaddr[4]
Cell peripherals_macro (1) disconnected node: s_axil_awaddr[1]
Cell peripherals_macro (1) disconnected node: s_axil_awaddr[0]
Class peripherals_macro (0):  Merged 1474 parallel devices.
Class peripherals_macro (1):  Merged 1474 parallel devices.
Cell peripherals_macro (0) disconnected node: s_axil_araddr[0]
Cell peripherals_macro (0) disconnected node: s_axil_araddr[10]
Cell peripherals_macro (0) disconnected node: s_axil_araddr[11]
Cell peripherals_macro (0) disconnected node: s_axil_araddr[12]
Cell peripherals_macro (0) disconnected node: s_axil_araddr[13]
Cell peripherals_macro (0) disconnected node: s_axil_araddr[14]
Cell peripherals_macro (0) disconnected node: s_axil_araddr[15]
Cell peripherals_macro (0) disconnected node: s_axil_araddr[16]
Cell peripherals_macro (0) disconnected node: s_axil_araddr[17]
Cell peripherals_macro (0) disconnected node: s_axil_araddr[18]
Cell peripherals_macro (0) disconnected node: s_axil_araddr[19]
Cell peripherals_macro (0) disconnected node: s_axil_araddr[1]
Cell peripherals_macro (0) disconnected node: s_axil_araddr[20]
Cell peripherals_macro (0) disconnected node: s_axil_araddr[21]
Cell peripherals_macro (0) disconnected node: s_axil_araddr[22]
Cell peripherals_macro (0) disconnected node: s_axil_araddr[23]
Cell peripherals_macro (0) disconnected node: s_axil_araddr[24]
Cell peripherals_macro (0) disconnected node: s_axil_araddr[25]
Cell peripherals_macro (0) disconnected node: s_axil_araddr[26]
Cell peripherals_macro (0) disconnected node: s_axil_araddr[27]
Cell peripherals_macro (0) disconnected node: s_axil_araddr[28]
Cell peripherals_macro (0) disconnected node: s_axil_araddr[29]
Cell peripherals_macro (0) disconnected node: s_axil_araddr[30]
Cell peripherals_macro (0) disconnected node: s_axil_araddr[31]
Cell peripherals_macro (0) disconnected node: s_axil_araddr[4]
Cell peripherals_macro (0) disconnected node: s_axil_araddr[5]
Cell peripherals_macro (0) disconnected node: s_axil_araddr[6]
Cell peripherals_macro (0) disconnected node: s_axil_araddr[7]
Cell peripherals_macro (0) disconnected node: s_axil_araddr[8]
Cell peripherals_macro (0) disconnected node: s_axil_araddr[9]
Cell peripherals_macro (0) disconnected node: s_axil_awaddr[0]
Cell peripherals_macro (0) disconnected node: s_axil_awaddr[10]
Cell peripherals_macro (0) disconnected node: s_axil_awaddr[11]
Cell peripherals_macro (0) disconnected node: s_axil_awaddr[12]
Cell peripherals_macro (0) disconnected node: s_axil_awaddr[13]
Cell peripherals_macro (0) disconnected node: s_axil_awaddr[14]
Cell peripherals_macro (0) disconnected node: s_axil_awaddr[15]
Cell peripherals_macro (0) disconnected node: s_axil_awaddr[16]
Cell peripherals_macro (0) disconnected node: s_axil_awaddr[17]
Cell peripherals_macro (0) disconnected node: s_axil_awaddr[18]
Cell peripherals_macro (0) disconnected node: s_axil_awaddr[19]
Cell peripherals_macro (0) disconnected node: s_axil_awaddr[1]
Cell peripherals_macro (0) disconnected node: s_axil_awaddr[20]
Cell peripherals_macro (0) disconnected node: s_axil_awaddr[21]
Cell peripherals_macro (0) disconnected node: s_axil_awaddr[22]
Cell peripherals_macro (0) disconnected node: s_axil_awaddr[23]
Cell peripherals_macro (0) disconnected node: s_axil_awaddr[24]
Cell peripherals_macro (0) disconnected node: s_axil_awaddr[25]
Cell peripherals_macro (0) disconnected node: s_axil_awaddr[26]
Cell peripherals_macro (0) disconnected node: s_axil_awaddr[27]
Cell peripherals_macro (0) disconnected node: s_axil_awaddr[28]
Cell peripherals_macro (0) disconnected node: s_axil_awaddr[29]
Cell peripherals_macro (0) disconnected node: s_axil_awaddr[30]
Cell peripherals_macro (0) disconnected node: s_axil_awaddr[31]
Cell peripherals_macro (0) disconnected node: s_axil_awaddr[4]
Cell peripherals_macro (0) disconnected node: s_axil_awaddr[5]
Cell peripherals_macro (0) disconnected node: s_axil_awaddr[6]
Cell peripherals_macro (0) disconnected node: s_axil_awaddr[7]
Cell peripherals_macro (0) disconnected node: s_axil_awaddr[8]
Cell peripherals_macro (0) disconnected node: s_axil_awaddr[9]
Cell peripherals_macro (0) disconnected node: s_axil_rready
Cell peripherals_macro (1) disconnected node: s_axil_rready
Cell peripherals_macro (1) disconnected node: s_axil_araddr[31]
Cell peripherals_macro (1) disconnected node: s_axil_araddr[30]
Cell peripherals_macro (1) disconnected node: s_axil_araddr[29]
Cell peripherals_macro (1) disconnected node: s_axil_araddr[28]
Cell peripherals_macro (1) disconnected node: s_axil_araddr[27]
Cell peripherals_macro (1) disconnected node: s_axil_araddr[26]
Cell peripherals_macro (1) disconnected node: s_axil_araddr[25]
Cell peripherals_macro (1) disconnected node: s_axil_araddr[24]
Cell peripherals_macro (1) disconnected node: s_axil_araddr[23]
Cell peripherals_macro (1) disconnected node: s_axil_araddr[22]
Cell peripherals_macro (1) disconnected node: s_axil_araddr[21]
Cell peripherals_macro (1) disconnected node: s_axil_araddr[20]
Cell peripherals_macro (1) disconnected node: s_axil_araddr[19]
Cell peripherals_macro (1) disconnected node: s_axil_araddr[18]
Cell peripherals_macro (1) disconnected node: s_axil_araddr[17]
Cell peripherals_macro (1) disconnected node: s_axil_araddr[16]
Cell peripherals_macro (1) disconnected node: s_axil_araddr[15]
Cell peripherals_macro (1) disconnected node: s_axil_araddr[14]
Cell peripherals_macro (1) disconnected node: s_axil_araddr[13]
Cell peripherals_macro (1) disconnected node: s_axil_araddr[12]
Cell peripherals_macro (1) disconnected node: s_axil_araddr[11]
Cell peripherals_macro (1) disconnected node: s_axil_araddr[10]
Cell peripherals_macro (1) disconnected node: s_axil_araddr[9]
Cell peripherals_macro (1) disconnected node: s_axil_araddr[8]
Cell peripherals_macro (1) disconnected node: s_axil_araddr[7]
Cell peripherals_macro (1) disconnected node: s_axil_araddr[6]
Cell peripherals_macro (1) disconnected node: s_axil_araddr[5]
Cell peripherals_macro (1) disconnected node: s_axil_araddr[4]
Cell peripherals_macro (1) disconnected node: s_axil_araddr[1]
Cell peripherals_macro (1) disconnected node: s_axil_araddr[0]
Cell peripherals_macro (1) disconnected node: s_axil_awaddr[31]
Cell peripherals_macro (1) disconnected node: s_axil_awaddr[30]
Cell peripherals_macro (1) disconnected node: s_axil_awaddr[29]
Cell peripherals_macro (1) disconnected node: s_axil_awaddr[28]
Cell peripherals_macro (1) disconnected node: s_axil_awaddr[27]
Cell peripherals_macro (1) disconnected node: s_axil_awaddr[26]
Cell peripherals_macro (1) disconnected node: s_axil_awaddr[25]
Cell peripherals_macro (1) disconnected node: s_axil_awaddr[24]
Cell peripherals_macro (1) disconnected node: s_axil_awaddr[23]
Cell peripherals_macro (1) disconnected node: s_axil_awaddr[22]
Cell peripherals_macro (1) disconnected node: s_axil_awaddr[21]
Cell peripherals_macro (1) disconnected node: s_axil_awaddr[20]
Cell peripherals_macro (1) disconnected node: s_axil_awaddr[19]
Cell peripherals_macro (1) disconnected node: s_axil_awaddr[18]
Cell peripherals_macro (1) disconnected node: s_axil_awaddr[17]
Cell peripherals_macro (1) disconnected node: s_axil_awaddr[16]
Cell peripherals_macro (1) disconnected node: s_axil_awaddr[15]
Cell peripherals_macro (1) disconnected node: s_axil_awaddr[14]
Cell peripherals_macro (1) disconnected node: s_axil_awaddr[13]
Cell peripherals_macro (1) disconnected node: s_axil_awaddr[12]
Cell peripherals_macro (1) disconnected node: s_axil_awaddr[11]
Cell peripherals_macro (1) disconnected node: s_axil_awaddr[10]
Cell peripherals_macro (1) disconnected node: s_axil_awaddr[9]
Cell peripherals_macro (1) disconnected node: s_axil_awaddr[8]
Cell peripherals_macro (1) disconnected node: s_axil_awaddr[7]
Cell peripherals_macro (1) disconnected node: s_axil_awaddr[6]
Cell peripherals_macro (1) disconnected node: s_axil_awaddr[5]
Cell peripherals_macro (1) disconnected node: s_axil_awaddr[4]
Cell peripherals_macro (1) disconnected node: s_axil_awaddr[1]
Cell peripherals_macro (1) disconnected node: s_axil_awaddr[0]
Subcircuit summary:
Circuit 1: peripherals_macro               |Circuit 2: peripherals_macro               
-------------------------------------------|-------------------------------------------
sg13g2_decap_8 (911->1)                    |sg13g2_decap_8 (911->1)                    
sg13g2_dlygate4sd3_1 (103)                 |sg13g2_dlygate4sd3_1 (103)                 
sg13g2_fill_2 (199->1)                     |sg13g2_fill_2 (199->1)                     
sg13g2_o21ai_1 (97)                        |sg13g2_o21ai_1 (97)                        
sg13g2_nand4_1 (65)                        |sg13g2_nand4_1 (65)                        
sg13g2_nor2_1 (65)                         |sg13g2_nor2_1 (65)                         
sg13g2_fill_1 (207->1)                     |sg13g2_fill_1 (207->1)                     
sg13g2_a21oi_1 (128)                       |sg13g2_a21oi_1 (128)                       
sg13g2_dfrbpq_1 (101)                      |sg13g2_dfrbpq_1 (101)                      
sg13g2_decap_4 (161->1)                    |sg13g2_decap_4 (161->1)                    
sg13g2_a22oi_1 (32)                        |sg13g2_a22oi_1 (32)                        
sg13g2_tiehi (101)                         |sg13g2_tiehi (101)                         
sg13g2_buf_1 (275)                         |sg13g2_buf_1 (275)                         
sg13g2_buf_8 (16)                          |sg13g2_buf_8 (16)                          
sg13g2_nor3_1 (9)                          |sg13g2_nor3_1 (9)                          
sg13g2_nor2b_1 (3)                         |sg13g2_nor2b_1 (3)                         
sg13g2_and3_1 (1)                          |sg13g2_and3_1 (1)                          
sg13g2_inv_1 (52)                          |sg13g2_inv_1 (52)                          
sg13g2_nand2_1 (4)                         |sg13g2_nand2_1 (4)                         
sg13g2_a21o_1 (1)                          |sg13g2_a21o_1 (1)                          
sg13g2_nand3_1 (1)                         |sg13g2_nand3_1 (1)                         
sg13g2_and2_1 (1)                          |sg13g2_and2_1 (1)                          
sg13g2_nand2b_1 (1)                        |sg13g2_nand2b_1 (1)                        
sg13g2_buf_16 (1)                          |sg13g2_buf_16 (1)                          
sg13g2_tielo (4)                           |sg13g2_tielo (4)                           
sg13g2_nand3b_1 (1)                        |sg13g2_nand3b_1 (1)                        
Number of devices: 1066                    |Number of devices: 1066                    
Number of nets: 1142                       |Number of nets: 1142                       
---------------------------------------------------------------------------------------
Resolving symmetries by property value.
Resolving symmetries by pin name.
Netlists match uniquely.

Subcircuit pins:
Circuit 1: peripherals_macro               |Circuit 2: peripherals_macro               
-------------------------------------------|-------------------------------------------
clk_i                                      |clk_i                                      
s_axil_wvalid                              |s_axil_wvalid                              
s_axil_wstrb[0]                            |s_axil_wstrb[0]                            
s_axil_wstrb[2]                            |s_axil_wstrb[2]                            
s_axil_wstrb[3]                            |s_axil_wstrb[3]                            
s_axil_wstrb[1]                            |s_axil_wstrb[1]                            
gpio_in[7]                                 |gpio_in[7]                                 
s_axil_bready                              |s_axil_bready                              
gpio_in[0]                                 |gpio_in[0]                                 
gpio_in[25]                                |gpio_in[25]                                
gpio_in[15]                                |gpio_in[15]                                
gpio_in[6]                                 |gpio_in[6]                                 
gpio_in[14]                                |gpio_in[14]                                
gpio_in[11]                                |gpio_in[11]                                
gpio_in[13]                                |gpio_in[13]                                
gpio_in[22]                                |gpio_in[22]                                
gpio_in[28]                                |gpio_in[28]                                
gpio_in[29]                                |gpio_in[29]                                
gpio_in[26]                                |gpio_in[26]                                
gpio_in[30]                                |gpio_in[30]                                
gpio_in[31]                                |gpio_in[31]                                
gpio_in[27]                                |gpio_in[27]                                
gpio_in[16]                                |gpio_in[16]                                
gpio_in[8]                                 |gpio_in[8]                                 
gpio_in[9]                                 |gpio_in[9]                                 
gpio_in[10]                                |gpio_in[10]                                
gpio_in[18]                                |gpio_in[18]                                
gpio_in[24]                                |gpio_in[24]                                
gpio_in[23]                                |gpio_in[23]                                
gpio_in[17]                                |gpio_in[17]                                
gpio_in[20]                                |gpio_in[20]                                
gpio_in[21]                                |gpio_in[21]                                
gpio_in[19]                                |gpio_in[19]                                
gpio_in[12]                                |gpio_in[12]                                
gpio_in[3]                                 |gpio_in[3]                                 
gpio_in[5]                                 |gpio_in[5]                                 
gpio_in[2]                                 |gpio_in[2]                                 
gpio_in[4]                                 |gpio_in[4]                                 
gpio_in[1]                                 |gpio_in[1]                                 
s_axil_wdata[6]                            |s_axil_wdata[6]                            
s_axil_wdata[14]                           |s_axil_wdata[14]                           
s_axil_wdata[23]                           |s_axil_wdata[23]                           
s_axil_wdata[10]                           |s_axil_wdata[10]                           
s_axil_wdata[22]                           |s_axil_wdata[22]                           
s_axil_wdata[3]                            |s_axil_wdata[3]                            
s_axil_wdata[28]                           |s_axil_wdata[28]                           
s_axil_wdata[7]                            |s_axil_wdata[7]                            
s_axil_wdata[30]                           |s_axil_wdata[30]                           
s_axil_wdata[13]                           |s_axil_wdata[13]                           
s_axil_wdata[15]                           |s_axil_wdata[15]                           
s_axil_wdata[4]                            |s_axil_wdata[4]                            
s_axil_wdata[16]                           |s_axil_wdata[16]                           
s_axil_wdata[17]                           |s_axil_wdata[17]                           
s_axil_wdata[19]                           |s_axil_wdata[19]                           
s_axil_wdata[5]                            |s_axil_wdata[5]                            
s_axil_wdata[18]                           |s_axil_wdata[18]                           
s_axil_wdata[20]                           |s_axil_wdata[20]                           
s_axil_wdata[2]                            |s_axil_wdata[2]                            
s_axil_wdata[21]                           |s_axil_wdata[21]                           
s_axil_wdata[26]                           |s_axil_wdata[26]                           
s_axil_wdata[27]                           |s_axil_wdata[27]                           
s_axil_wdata[8]                            |s_axil_wdata[8]                            
s_axil_wdata[0]                            |s_axil_wdata[0]                            
s_axil_wdata[29]                           |s_axil_wdata[29]                           
s_axil_wdata[31]                           |s_axil_wdata[31]                           
s_axil_wdata[24]                           |s_axil_wdata[24]                           
s_axil_wdata[1]                            |s_axil_wdata[1]                            
s_axil_wdata[25]                           |s_axil_wdata[25]                           
s_axil_wdata[9]                            |s_axil_wdata[9]                            
s_axil_wdata[11]                           |s_axil_wdata[11]                           
s_axil_wdata[12]                           |s_axil_wdata[12]                           
s_axil_awaddr[2]                           |s_axil_awaddr[2]                           
rst_ni                                     |rst_ni                                     
s_axil_awaddr[3]                           |s_axil_awaddr[3]                           
s_axil_arvalid                             |s_axil_arvalid                             
s_axil_awvalid                             |s_axil_awvalid                             
s_axil_araddr[3]                           |s_axil_araddr[3]                           
s_axil_araddr[2]                           |s_axil_araddr[2]                           
s_axil_arready                             |s_axil_arready                             
s_axil_awready                             |s_axil_awready                             
s_axil_rvalid                              |s_axil_rvalid                              
s_axil_rdata[29]                           |s_axil_rdata[29]                           
s_axil_rdata[30]                           |s_axil_rdata[30]                           
s_axil_rdata[31]                           |s_axil_rdata[31]                           
s_axil_rdata[27]                           |s_axil_rdata[27]                           
s_axil_rdata[26]                           |s_axil_rdata[26]                           
s_axil_rdata[18]                           |s_axil_rdata[18]                           
s_axil_rdata[15]                           |s_axil_rdata[15]                           
s_axil_rdata[25]                           |s_axil_rdata[25]                           
s_axil_rdata[22]                           |s_axil_rdata[22]                           
s_axil_rdata[28]                           |s_axil_rdata[28]                           
s_axil_rdata[12]                           |s_axil_rdata[12]                           
s_axil_rdata[6]                            |s_axil_rdata[6]                            
s_axil_rdata[14]                           |s_axil_rdata[14]                           
s_axil_rdata[13]                           |s_axil_rdata[13]                           
s_axil_rdata[9]                            |s_axil_rdata[9]                            
s_axil_rdata[8]                            |s_axil_rdata[8]                            
s_axil_rdata[10]                           |s_axil_rdata[10]                           
s_axil_rdata[16]                           |s_axil_rdata[16]                           
s_axil_rdata[19]                           |s_axil_rdata[19]                           
s_axil_rdata[17]                           |s_axil_rdata[17]                           
s_axil_rdata[20]                           |s_axil_rdata[20]                           
s_axil_rdata[21]                           |s_axil_rdata[21]                           
s_axil_rdata[23]                           |s_axil_rdata[23]                           
s_axil_rdata[24]                           |s_axil_rdata[24]                           
s_axil_rdata[11]                           |s_axil_rdata[11]                           
s_axil_rdata[5]                            |s_axil_rdata[5]                            
s_axil_rdata[0]                            |s_axil_rdata[0]                            
s_axil_rdata[7]                            |s_axil_rdata[7]                            
s_axil_rdata[1]                            |s_axil_rdata[1]                            
s_axil_rdata[2]                            |s_axil_rdata[2]                            
s_axil_rdata[4]                            |s_axil_rdata[4]                            
s_axil_rdata[3]                            |s_axil_rdata[3]                            
s_axil_wready                              |s_axil_wready                              
gpio_dir[15]                               |gpio_dir[15]                               
gpio_dir[13]                               |gpio_dir[13]                               
gpio_dir[21]                               |gpio_dir[21]                               
gpio_dir[23]                               |gpio_dir[23]                               
gpio_dir[7]                                |gpio_dir[7]                                
gpio_dir[6]                                |gpio_dir[6]                                
gpio_dir[9]                                |gpio_dir[9]                                
gpio_dir[8]                                |gpio_dir[8]                                
gpio_out[15]                               |gpio_out[15]                               
gpio_out[25]                               |gpio_out[25]                               
gpio_out[13]                               |gpio_out[13]                               
gpio_out[7]                                |gpio_out[7]                                
gpio_dir[3]                                |gpio_dir[3]                                
gpio_out[11]                               |gpio_out[11]                               
gpio_out[14]                               |gpio_out[14]                               
gpio_out[6]                                |gpio_out[6]                                
gpio_dir[30]                               |gpio_dir[30]                               
gpio_out[26]                               |gpio_out[26]                               
gpio_out[27]                               |gpio_out[27]                               
gpio_out[31]                               |gpio_out[31]                               
gpio_out[30]                               |gpio_out[30]                               
s_axil_bvalid                              |s_axil_bvalid                              
gpio_out[0]                                |gpio_out[0]                                
gpio_out[29]                               |gpio_out[29]                               
gpio_out[22]                               |gpio_out[22]                               
gpio_out[28]                               |gpio_out[28]                               
gpio_out[12]                               |gpio_out[12]                               
gpio_out[16]                               |gpio_out[16]                               
gpio_out[19]                               |gpio_out[19]                               
gpio_out[18]                               |gpio_out[18]                               
gpio_out[17]                               |gpio_out[17]                               
gpio_out[21]                               |gpio_out[21]                               
gpio_out[20]                               |gpio_out[20]                               
gpio_out[23]                               |gpio_out[23]                               
gpio_out[24]                               |gpio_out[24]                               
gpio_out[5]                                |gpio_out[5]                                
gpio_out[3]                                |gpio_out[3]                                
gpio_out[2]                                |gpio_out[2]                                
gpio_out[4]                                |gpio_out[4]                                
gpio_out[1]                                |gpio_out[1]                                
gpio_out[8]                                |gpio_out[8]                                
gpio_out[10]                               |gpio_out[10]                               
gpio_out[9]                                |gpio_out[9]                                
gpio_dir[0]                                |gpio_dir[0]                                
gpio_dir[29]                               |gpio_dir[29]                               
gpio_dir[22]                               |gpio_dir[22]                               
gpio_dir[28]                               |gpio_dir[28]                               
gpio_dir[10]                               |gpio_dir[10]                               
gpio_dir[14]                               |gpio_dir[14]                               
gpio_dir[12]                               |gpio_dir[12]                               
gpio_dir[11]                               |gpio_dir[11]                               
gpio_dir[16]                               |gpio_dir[16]                               
gpio_dir[17]                               |gpio_dir[17]                               
gpio_dir[18]                               |gpio_dir[18]                               
gpio_dir[4]                                |gpio_dir[4]                                
gpio_dir[2]                                |gpio_dir[2]                                
gpio_dir[5]                                |gpio_dir[5]                                
gpio_dir[1]                                |gpio_dir[1]                                
gpio_dir[19]                               |gpio_dir[19]                               
gpio_dir[20]                               |gpio_dir[20]                               
gpio_dir[25]                               |gpio_dir[25]                               
gpio_dir[26]                               |gpio_dir[26]                               
gpio_dir[24]                               |gpio_dir[24]                               
gpio_dir[31]                               |gpio_dir[31]                               
gpio_dir[27]                               |gpio_dir[27]                               
s_axil_bresp[0]                            |s_axil_bresp[0]                            
s_axil_bresp[1]                            |s_axil_bresp[1]                            
s_axil_rresp[0]                            |s_axil_rresp[0]                            
s_axil_rresp[1]                            |s_axil_rresp[1]                            
VDD                                        |VDD                                        
VSS                                        |VSS                                        
s_axil_araddr[0]                           |s_axil_araddr[0]                           
s_axil_araddr[10]                          |s_axil_araddr[10]                          
s_axil_araddr[11]                          |s_axil_araddr[11]                          
s_axil_araddr[12]                          |s_axil_araddr[12]                          
s_axil_araddr[13]                          |s_axil_araddr[13]                          
s_axil_araddr[14]                          |s_axil_araddr[14]                          
s_axil_araddr[15]                          |s_axil_araddr[15]                          
s_axil_araddr[16]                          |s_axil_araddr[16]                          
s_axil_araddr[17]                          |s_axil_araddr[17]                          
s_axil_araddr[18]                          |s_axil_araddr[18]                          
s_axil_araddr[19]                          |s_axil_araddr[19]                          
s_axil_araddr[1]                           |s_axil_araddr[1]                           
s_axil_araddr[20]                          |s_axil_araddr[20]                          
s_axil_araddr[21]                          |s_axil_araddr[21]                          
s_axil_araddr[22]                          |s_axil_araddr[22]                          
s_axil_araddr[23]                          |s_axil_araddr[23]                          
s_axil_araddr[24]                          |s_axil_araddr[24]                          
s_axil_araddr[25]                          |s_axil_araddr[25]                          
s_axil_araddr[26]                          |s_axil_araddr[26]                          
s_axil_araddr[27]                          |s_axil_araddr[27]                          
s_axil_araddr[28]                          |s_axil_araddr[28]                          
s_axil_araddr[29]                          |s_axil_araddr[29]                          
s_axil_araddr[30]                          |s_axil_araddr[30]                          
s_axil_araddr[31]                          |s_axil_araddr[31]                          
s_axil_araddr[4]                           |s_axil_araddr[4]                           
s_axil_araddr[5]                           |s_axil_araddr[5]                           
s_axil_araddr[6]                           |s_axil_araddr[6]                           
s_axil_araddr[7]                           |s_axil_araddr[7]                           
s_axil_araddr[8]                           |s_axil_araddr[8]                           
s_axil_araddr[9]                           |s_axil_araddr[9]                           
s_axil_awaddr[0]                           |s_axil_awaddr[0]                           
s_axil_awaddr[10]                          |s_axil_awaddr[10]                          
s_axil_awaddr[11]                          |s_axil_awaddr[11]                          
s_axil_awaddr[12]                          |s_axil_awaddr[12]                          
s_axil_awaddr[13]                          |s_axil_awaddr[13]                          
s_axil_awaddr[14]                          |s_axil_awaddr[14]                          
s_axil_awaddr[15]                          |s_axil_awaddr[15]                          
s_axil_awaddr[16]                          |s_axil_awaddr[16]                          
s_axil_awaddr[17]                          |s_axil_awaddr[17]                          
s_axil_awaddr[18]                          |s_axil_awaddr[18]                          
s_axil_awaddr[19]                          |s_axil_awaddr[19]                          
s_axil_awaddr[1]                           |s_axil_awaddr[1]                           
s_axil_awaddr[20]                          |s_axil_awaddr[20]                          
s_axil_awaddr[21]                          |s_axil_awaddr[21]                          
s_axil_awaddr[22]                          |s_axil_awaddr[22]                          
s_axil_awaddr[23]                          |s_axil_awaddr[23]                          
s_axil_awaddr[24]                          |s_axil_awaddr[24]                          
s_axil_awaddr[25]                          |s_axil_awaddr[25]                          
s_axil_awaddr[26]                          |s_axil_awaddr[26]                          
s_axil_awaddr[27]                          |s_axil_awaddr[27]                          
s_axil_awaddr[28]                          |s_axil_awaddr[28]                          
s_axil_awaddr[29]                          |s_axil_awaddr[29]                          
s_axil_awaddr[30]                          |s_axil_awaddr[30]                          
s_axil_awaddr[31]                          |s_axil_awaddr[31]                          
s_axil_awaddr[4]                           |s_axil_awaddr[4]                           
s_axil_awaddr[5]                           |s_axil_awaddr[5]                           
s_axil_awaddr[6]                           |s_axil_awaddr[6]                           
s_axil_awaddr[7]                           |s_axil_awaddr[7]                           
s_axil_awaddr[8]                           |s_axil_awaddr[8]                           
s_axil_awaddr[9]                           |s_axil_awaddr[9]                           
s_axil_rready                              |s_axil_rready                              
---------------------------------------------------------------------------------------
Cell pin lists are equivalent.
Device classes peripherals_macro and peripherals_macro are equivalent.

Final result: Circuits match uniquely.
.
