
===========================================================================
 report_power
============================================================================
======================= nom_typ_1p20V_25C Corner ===================================

Group                    Internal    Switching      Leakage        Total
                            Power        Power        Power        Power (Watts)
------------------------------------------------------------------------
Sequential           9.256083e-03 6.426653e-04 7.153371e-07 9.899464e-03  45.3%
Combinational        4.126227e-03 3.953951e-03 1.276854e-06 8.081456e-03  37.0%
Clock                2.229749e-03 1.622913e-03 2.109560e-07 3.852872e-03  17.6%
Macro                0.000000e+00 0.000000e+00 0.000000e+00 0.000000e+00   0.0%
Pad                  0.000000e+00 0.000000e+00 0.000000e+00 0.000000e+00   0.0%
------------------------------------------------------------------------
Total                1.561209e-02 6.219527e-03 2.203116e-06 2.183382e-02 100.0%
                            71.5%        28.5%         0.0%
Writing metric power__internal__total: 0.015612087212502956
Writing metric power__switching__total: 0.006219527218490839
Writing metric power__leakage__total: 2.2031163098290563e-6
Writing metric power__total: 0.021833818405866623

