┏━━━━━━━┳━━━━━━━━━┳━━━━━━━━━━┳━━━━━━━━━━━━━━━━━┳━━━━━━━━━━━━━━━━━━━━━━━━━━━━┳━━━━━━━━━━━┓
┃ P / R ┃ Partial ┃ Required ┃ Net             ┃ Pin                        ┃ Layer     ┃
┡━━━━━━━╇━━━━━━━━━╇━━━━━━━━━━╇━━━━━━━━━━━━━━━━━╇━━━━━━━━━━━━━━━━━━━━━━━━━━━━╇━━━━━━━━━━━┩
│ 38.97 │ 7794.96 │ 200.00   │ s_wdata[13\]    │ u_ram/s_axil_wdata[13]     │ TopMetal1 │
│ 9.88  │ 1975.26 │ 200.00   │ s_wready[0\]    │ u_ic/s_wready[0]           │ TopMetal1 │
│ 9.04  │ 1808.19 │ 200.00   │ boot_wdata[11\] │ u_ram/boot_wdata[11]       │ Metal3    │
│ 8.97  │ 1793.96 │ 200.00   │ boot_wdata[1\]  │ u_ram/boot_wdata[1]        │ Metal3    │
│ 8.78  │ 1755.44 │ 200.00   │ boot_wdata[8\]  │ u_ram/boot_wdata[8]        │ Metal3    │
│ 8.51  │ 1701.16 │ 200.00   │ gpio0_in[31]    │ u_periph0/gpio_in[31]      │ Metal3    │
│ 8.48  │ 1695.23 │ 200.00   │ gpio0_in[30]    │ u_periph0/gpio_in[30]      │ Metal3    │
│ 8.44  │ 1687.98 │ 200.00   │ gpio0_in[28]    │ u_periph0/gpio_in[28]      │ Metal3    │
│ 8.44  │ 1687.54 │ 200.00   │ gpio0_in[29]    │ u_periph0/gpio_in[29]      │ Metal3    │
│ 8.43  │ 1686.66 │ 200.00   │ gpio0_in[25]    │ u_periph0/gpio_in[25]      │ Metal3    │
│ 8.43  │ 1686.00 │ 200.00   │ gpio0_in[26]    │ u_periph0/gpio_in[26]      │ Metal3    │
│ 8.43  │ 1685.12 │ 200.00   │ gpio0_in[27]    │ u_periph0/gpio_in[27]      │ Metal3    │
│ 8.42  │ 1684.46 │ 200.00   │ gpio0_in[23]    │ u_periph0/gpio_in[23]      │ Metal3    │
│ 8.38  │ 1676.32 │ 200.00   │ gpio0_in[24]    │ u_periph0/gpio_in[24]      │ Metal3    │
│ 8.37  │ 1673.69 │ 200.00   │ gpio0_in[16]    │ u_periph0/gpio_in[16]      │ Metal3    │
│ 8.37  │ 1673.25 │ 200.00   │ gpio0_in[17]    │ u_periph0/gpio_in[17]      │ Metal3    │
│ 8.36  │ 1671.27 │ 200.00   │ gpio0_in[19]    │ u_periph0/gpio_in[19]      │ Metal3    │
│ 8.35  │ 1670.61 │ 200.00   │ gpio0_in[21]    │ u_periph0/gpio_in[21]      │ Metal3    │
│ 8.35  │ 1670.39 │ 200.00   │ gpio0_in[22]    │ u_periph0/gpio_in[22]      │ Metal3    │
│ 8.35  │ 1669.73 │ 200.00   │ gpio0_in[20]    │ u_periph0/gpio_in[20]      │ Metal3    │
│ 8.35  │ 1669.29 │ 200.00   │ gpio0_in[18]    │ u_periph0/gpio_in[18]      │ Metal3    │
│ 8.31  │ 1661.16 │ 200.00   │ gpio0_in[8]     │ u_periph0/gpio_in[8]       │ Metal3    │
│ 8.30  │ 1659.62 │ 200.00   │ gpio0_in[13]    │ u_periph0/gpio_in[13]      │ Metal3    │
│ 8.30  │ 1659.18 │ 200.00   │ gpio0_in[12]    │ u_periph0/gpio_in[12]      │ Metal3    │
│ 8.29  │ 1658.53 │ 200.00   │ gpio0_in[9]     │ u_periph0/gpio_in[9]       │ Metal3    │
│ 8.28  │ 1656.99 │ 200.00   │ gpio0_in[14]    │ u_periph0/gpio_in[14]      │ Metal3    │
│ 8.25  │ 1649.95 │ 200.00   │ gpio0_in[11]    │ u_periph0/gpio_in[11]      │ Metal3    │
│ 8.25  │ 1649.41 │ 200.00   │ gpio0_in[10]    │ u_periph0/gpio_in[10]      │ Metal3    │
│ 8.24  │ 1648.20 │ 200.00   │ gpio0_in[4]     │ u_periph0/gpio_in[4]       │ Metal3    │
│ 8.23  │ 1646.88 │ 200.00   │ gpio0_in[5]     │ u_periph0/gpio_in[5]       │ Metal3    │
│ 8.23  │ 1646.66 │ 200.00   │ gpio0_in[3]     │ u_periph0/gpio_in[3]       │ Metal3    │
│ 8.23  │ 1646.00 │ 200.00   │ gpio0_in[2]     │ u_periph0/gpio_in[2]       │ Metal3    │
│ 8.22  │ 1644.90 │ 200.00   │ gpio0_in[0]     │ u_periph0/gpio_in[0]       │ Metal3    │
│ 8.22  │ 1644.46 │ 200.00   │ gpio0_in[7]     │ u_periph0/gpio_in[7]       │ Metal3    │
│ 8.21  │ 1642.48 │ 200.00   │ gpio0_in[6]     │ u_periph0/gpio_in[6]       │ Metal3    │
│ 8.11  │ 1622.51 │ 200.00   │ gpio0_in[15]    │ u_periph0/gpio_in[15]      │ Metal5    │
│ 8.10  │ 1619.05 │ 200.00   │ gpio1_in[24]    │ u_periph1/gpio_in[24]      │ TopMetal2 │
│ 7.72  │ 1543.57 │ 200.00   │ s_awaddr[24\]   │ u_ram/s_axil_awaddr[24]    │ Metal4    │
│ 7.44  │ 1487.18 │ 200.00   │ gpio1_in[30]    │ u_periph1/gpio_in[30]      │ TopMetal2 │
│ 7.39  │ 1477.64 │ 200.00   │ s_awaddr[28\]   │ u_ram/s_axil_awaddr[28]    │ Metal4    │
│ 7.19  │ 1437.92 │ 200.00   │ gpio0_in[1]     │ u_periph0/gpio_in[1]       │ Metal3    │
│ 6.78  │ 1355.31 │ 200.00   │ gpio1_in[29]    │ u_periph1/gpio_in[29]      │ TopMetal2 │
│ 6.12  │ 1223.44 │ 200.00   │ gpio1_in[16]    │ u_periph1/gpio_in[16]      │ TopMetal2 │
│ 6.12  │ 1223.44 │ 200.00   │ gpio1_in[19]    │ u_periph1/gpio_in[19]      │ TopMetal2 │
│ 6.12  │ 1223.44 │ 200.00   │ gpio1_in[22]    │ u_periph1/gpio_in[22]      │ TopMetal2 │
│ 6.07  │ 1213.90 │ 200.00   │ cpu_rvalid      │ u_cpu/mem_axi_rvalid       │ Metal4    │
│ 6.03  │ 1205.27 │ 200.00   │ s_rdata[6\]     │ u_ic/s_rdata[6]            │ Metal5    │
│ 6.02  │ 1203.64 │ 200.00   │ s_rdata[2\]     │ u_ic/s_rdata[2]            │ Metal5    │
│ 5.98  │ 1195.78 │ 200.00   │ s_wstrb[2\]     │ u_ram/s_axil_wstrb[2]      │ Metal4    │
│ 5.94  │ 1187.81 │ 200.00   │ s_wdata[29\]    │ u_ram/s_axil_wdata[29]     │ Metal4    │
│ 5.90  │ 1179.84 │ 200.00   │ s_araddr[11\]   │ u_ram/s_axil_araddr[11]    │ Metal4    │
│ 5.90  │ 1179.84 │ 200.00   │ s_wdata[27\]    │ u_ram/s_axil_wdata[27]     │ Metal4    │
│ 5.86  │ 1171.88 │ 200.00   │ s_awaddr[10\]   │ u_ram/s_axil_awaddr[10]    │ Metal4    │
│ 5.86  │ 1171.88 │ 200.00   │ s_awaddr[3\]    │ u_ram/s_axil_awaddr[3]     │ Metal4    │
│ 5.78  │ 1155.94 │ 200.00   │ s_awaddr[7\]    │ u_ram/s_axil_awaddr[7]     │ Metal4    │
│ 5.78  │ 1155.94 │ 200.00   │ s_wstrb[3\]     │ u_ram/s_axil_wstrb[3]      │ Metal4    │
│ 5.61  │ 1121.59 │ 200.00   │ boot_we         │ u_ram/boot_we              │ Metal4    │
│ 5.28  │ 1055.23 │ 200.00   │ gpio2_in[29]    │ u_periph2/gpio_in[29]      │ Metal3    │
│ 5.28  │ 1055.23 │ 200.00   │ gpio2_in[30]    │ u_periph2/gpio_in[30]      │ Metal3    │
│ 5.25  │ 1050.17 │ 200.00   │ gpio2_in[28]    │ u_periph2/gpio_in[28]      │ Metal3    │
│ 5.25  │ 1049.29 │ 200.00   │ gpio2_in[31]    │ u_periph2/gpio_in[31]      │ Metal3    │
│ 5.20  │ 1040.06 │ 200.00   │ gpio2_in[24]    │ u_periph2/gpio_in[24]      │ Metal3    │
│ 5.19  │ 1038.97 │ 200.00   │ gpio2_in[25]    │ u_periph2/gpio_in[25]      │ Metal3    │
│ 5.14  │ 1028.64 │ 200.00   │ gpio2_in[14]    │ u_periph2/gpio_in[14]      │ Metal3    │
│ 5.14  │ 1027.54 │ 200.00   │ gpio2_in[19]    │ u_periph2/gpio_in[19]      │ Metal3    │
│ 5.13  │ 1026.00 │ 200.00   │ gpio2_in[18]    │ u_periph2/gpio_in[18]      │ Metal3    │
│ 5.12  │ 1023.36 │ 200.00   │ gpio2_in[12]    │ u_periph2/gpio_in[12]      │ Metal3    │
│ 5.08  │ 1015.23 │ 200.00   │ gpio2_in[8]     │ u_periph2/gpio_in[8]       │ Metal3    │
│ 5.07  │ 1014.13 │ 200.00   │ gpio2_in[10]    │ u_periph2/gpio_in[10]      │ Metal3    │
│ 5.07  │ 1014.13 │ 200.00   │ gpio2_in[5]     │ u_periph2/gpio_in[5]       │ Metal3    │
│ 5.02  │ 1004.53 │ 200.00   │ s_araddr[31\]   │ u_ram/s_axil_araddr[31]    │ Metal4    │
│ 5.02  │ 1004.29 │ 200.00   │ gpio1_in[29]    │ u_periph1/gpio_in[29]      │ TopMetal1 │
│ 5.02  │ 1003.26 │ 200.00   │ gpio2_in[7]     │ u_periph2/gpio_in[7]       │ Metal5    │
│ 5.01  │ 1002.73 │ 200.00   │ gpio2_in[11]    │ u_periph2/gpio_in[11]      │ Metal5    │
│ 5.01  │ 1002.73 │ 200.00   │ gpio2_in[13]    │ u_periph2/gpio_in[13]      │ Metal5    │
│ 5.01  │ 1002.73 │ 200.00   │ gpio2_in[6]     │ u_periph2/gpio_in[6]       │ Metal5    │
│ 5.00  │ 1000.06 │ 200.00   │ gpio2_in[3]     │ u_periph2/gpio_in[3]       │ Metal3    │
│ 5.00  │ 999.84  │ 200.00   │ gpio2_in[0]     │ u_periph2/gpio_in[0]       │ Metal3    │
│ 5.00  │ 999.62  │ 200.00   │ gpio2_in[4]     │ u_periph2/gpio_in[4]       │ Metal3    │
│ 4.99  │ 997.12  │ 200.00   │ gpio2_in[2]     │ u_periph2/gpio_in[2]       │ Metal3    │
│ 4.98  │ 996.56  │ 200.00   │ s_wstrb[0\]     │ u_ram/s_axil_wstrb[0]      │ Metal4    │
│ 4.95  │ 989.54  │ 200.00   │ gpio2_in[21]    │ u_periph2/gpio_in[21]      │ Metal5    │
│ 4.80  │ 959.71  │ 200.00   │ gpio1_in[0]     │ u_periph1/gpio_in[0]       │ TopMetal2 │
│ 4.80  │ 959.71  │ 200.00   │ gpio1_in[14]    │ u_periph1/gpio_in[14]      │ TopMetal2 │
│ 4.80  │ 959.71  │ 200.00   │ gpio1_in[7]     │ u_periph1/gpio_in[7]       │ TopMetal2 │
│ 4.79  │ 957.13  │ 200.00   │ s_araddr[1\]    │ u_ram/s_axil_araddr[1]     │ Metal4    │
│ 4.78  │ 956.71  │ 200.00   │ s_wdata[21\]    │ u_ram/s_axil_wdata[21]     │ Metal4    │
│ 4.78  │ 956.71  │ 200.00   │ s_wdata[3\]     │ u_ram/s_axil_wdata[3]      │ Metal4    │
│ 4.74  │ 948.74  │ 200.00   │ s_awaddr[8\]    │ u_ram/s_axil_awaddr[8]     │ Metal4    │
│ 4.71  │ 941.19  │ 200.00   │ s_araddr[0\]    │ u_ram/s_axil_araddr[0]     │ Metal4    │
│ 4.71  │ 941.19  │ 200.00   │ s_araddr[2\]    │ u_ram/s_axil_araddr[2]     │ Metal4    │
│ 4.70  │ 940.77  │ 200.00   │ s_araddr[7\]    │ u_ram/s_axil_araddr[7]     │ Metal4    │
│ 4.68  │ 936.79  │ 200.00   │ gpio2_in[23]    │ u_periph2/gpio_in[23]      │ Metal5    │
│ 4.68  │ 936.79  │ 200.00   │ gpio2_in[9]     │ u_periph2/gpio_in[9]       │ Metal5    │
│ 4.66  │ 932.81  │ 200.00   │ s_awaddr[16\]   │ u_ram/s_axil_awaddr[16]    │ Metal4    │
│ 4.62  │ 924.84  │ 200.00   │ s_araddr[5\]    │ u_ram/s_axil_araddr[5]     │ Metal4    │
│ 4.58  │ 916.87  │ 200.00   │ s_araddr[6\]    │ u_ram/s_axil_araddr[6]     │ Metal4    │
│ 4.58  │ 916.87  │ 200.00   │ s_awaddr[25\]   │ u_ram/s_axil_awaddr[25]    │ Metal4    │
│ 4.55  │ 910.60  │ 200.00   │ s_wdata[67\]    │ u_periph1/s_axil_wdata[3]  │ Metal4    │
│ 4.55  │ 910.60  │ 200.00   │ s_wdata[77\]    │ u_periph1/s_axil_wdata[13] │ Metal4    │
│ 4.55  │ 910.42  │ 200.00   │ gpio2_in[17]    │ u_periph2/gpio_in[17]      │ Metal5    │
│ 4.55  │ 910.42  │ 200.00   │ gpio2_in[20]    │ u_periph2/gpio_in[20]      │ Metal5    │
│ 4.54  │ 908.90  │ 200.00   │ s_awaddr[15\]   │ u_ram/s_axil_awaddr[15]    │ Metal4    │
│ 4.54  │ 908.90  │ 200.00   │ s_awaddr[17\]   │ u_ram/s_axil_awaddr[17]    │ Metal4    │
│ 4.54  │ 908.90  │ 200.00   │ s_awaddr[21\]   │ u_ram/s_axil_awaddr[21]    │ Metal4    │
│ 4.50  │ 900.93  │ 200.00   │ s_awaddr[29\]   │ u_ram/s_axil_awaddr[29]    │ Metal4    │
│ 4.49  │ 897.23  │ 200.00   │ gpio2_in[16]    │ u_periph2/gpio_in[16]      │ Metal5    │
│ 4.46  │ 892.96  │ 200.00   │ s_awaddr[22\]   │ u_ram/s_axil_awaddr[22]    │ Metal4    │
│ 4.46  │ 892.96  │ 200.00   │ s_wdata[25\]    │ u_ram/s_axil_wdata[25]     │ Metal4    │
│ 4.42  │ 884.99  │ 200.00   │ s_awaddr[31\]   │ u_ram/s_axil_awaddr[31]    │ Metal4    │
│ 4.35  │ 869.05  │ 200.00   │ s_wdata[0\]     │ u_ram/s_axil_wdata[0]      │ Metal4    │
│ 4.31  │ 861.50  │ 200.00   │ s_araddr[16\]   │ u_ram/s_axil_araddr[16]    │ Metal4    │
│ 4.31  │ 861.50  │ 200.00   │ s_araddr[17\]   │ u_ram/s_axil_araddr[17]    │ Metal4    │
│ 4.27  │ 853.12  │ 200.00   │ s_wdata[31\]    │ u_ram/s_axil_wdata[31]     │ Metal4    │
│ 4.23  │ 845.15  │ 200.00   │ s_araddr[24\]   │ u_ram/s_axil_araddr[24]    │ Metal4    │
│ 4.23  │ 845.15  │ 200.00   │ s_awaddr[18\]   │ u_ram/s_axil_awaddr[18]    │ Metal4    │
│ 4.22  │ 844.83  │ 200.00   │ rst_ni          │ u_boot_spi/rst_ni          │ Metal3    │
│ 4.19  │ 837.18  │ 200.00   │ s_araddr[13\]   │ u_ram/s_axil_araddr[13]    │ Metal4    │
│ 4.19  │ 837.18  │ 200.00   │ s_araddr[20\]   │ u_ram/s_axil_araddr[20]    │ Metal4    │
│ 4.19  │ 837.18  │ 200.00   │ s_araddr[21\]   │ u_ram/s_axil_araddr[21]    │ Metal4    │
│ 4.19  │ 837.18  │ 200.00   │ s_araddr[22\]   │ u_ram/s_axil_araddr[22]    │ Metal4    │
│ 4.19  │ 837.18  │ 200.00   │ s_awaddr[23\]   │ u_ram/s_axil_awaddr[23]    │ Metal4    │
│ 4.16  │ 831.30  │ 200.00   │ gpio2_in[1]     │ u_periph2/gpio_in[1]       │ Metal5    │
│ 4.15  │ 829.43  │ 200.00   │ s_wdata[18\]    │ u_ram/s_axil_wdata[18]     │ Metal3    │
│ 4.15  │ 829.21  │ 200.00   │ s_awaddr[30\]   │ u_ram/s_axil_awaddr[30]    │ Metal4    │
│ 4.11  │ 822.75  │ 200.00   │ s_rdata[4\]     │ u_ic/s_rdata[4]            │ Metal5    │
│ 4.09  │ 818.14  │ 200.00   │ gpio2_in[27]    │ u_periph2/gpio_in[27]      │ Metal3    │
│ 4.03  │ 805.11  │ 200.00   │ cpu_rdata[21\]  │ u_cpu/mem_axi_rdata[21]    │ Metal4    │
│ 4.02  │ 804.95  │ 200.00   │ s_wdata[90\]    │ u_periph1/s_axil_wdata[26] │ Metal3    │
│ 4.00  │ 799.43  │ 200.00   │ boot_wdata[1\]  │ u_ram/boot_wdata[1]        │ Metal2    │
│ 3.63  │ 725.52  │ 200.00   │ boot_addr[10\]  │ u_ram/boot_addr[10]        │ Metal3    │
│ 3.56  │ 712.65  │ 200.00   │ gpio2_in[15]    │ u_periph2/gpio_in[15]      │ Metal3    │
│ 3.51  │ 701.93  │ 200.00   │ s_wdata[2\]     │ u_ram/s_axil_wdata[2]      │ Metal3    │
│ 3.51  │ 701.61  │ 200.00   │ s_wstrb[0\]     │ u_ram/s_axil_wstrb[0]      │ Metal3    │
│ 3.48  │ 695.97  │ 200.00   │ gpio1_in[13]    │ u_periph1/gpio_in[13]      │ TopMetal2 │
│ 3.43  │ 686.43  │ 200.00   │ s_wdata[85\]    │ u_periph1/s_axil_wdata[21] │ Metal4    │
│ 3.43  │ 686.27  │ 200.00   │ gpio2_in[26]    │ u_periph2/gpio_in[26]      │ Metal3    │
│ 3.43  │ 685.99  │ 200.00   │ s_wdata[28\]    │ u_ram/s_axil_wdata[28]     │ Metal3    │
│ 3.40  │ 679.90  │ 200.00   │ gpio1_in[24]    │ u_periph1/gpio_in[24]      │ TopMetal1 │
│ 3.40  │ 679.90  │ 200.00   │ gpio1_in[30]    │ u_periph1/gpio_in[30]      │ TopMetal1 │
│ 3.35  │ 669.83  │ 200.00   │ s_rdata[92\]    │ u_ic/s_rdata[92]           │ Metal4    │
│ 3.35  │ 669.83  │ 200.00   │ s_rresp[4\]     │ u_ic/s_rresp[4]            │ Metal4    │
│ 3.32  │ 663.69  │ 200.00   │ s_wdata[11\]    │ u_ram/s_axil_wdata[11]     │ Metal5    │
│ 3.23  │ 646.71  │ 200.00   │ gpio2_in[22]    │ u_periph2/gpio_in[22]      │ Metal3    │
│ 3.19  │ 637.86  │ 200.00   │ s_wdata[25\]    │ u_ram/s_axil_wdata[25]     │ Metal3    │
│ 3.17  │ 633.68  │ 200.00   │ cpu_wdata[24\]  │ u_ic/m_wdata[24]           │ Metal4    │
│ 3.15  │ 629.89  │ 200.00   │ s_wdata[21\]    │ u_ram/s_axil_wdata[21]     │ Metal3    │
│ 3.12  │ 623.85  │ 200.00   │ s_awaddr[19\]   │ u_ram/s_axil_awaddr[19]    │ Metal5    │
│ 3.12  │ 623.53  │ 200.00   │ s_wdata[20\]    │ u_ram/s_axil_wdata[20]     │ Metal5    │
│ 3.11  │ 621.92  │ 200.00   │ s_wdata[17\]    │ u_ram/s_axil_wdata[17]     │ Metal3    │
│ 3.10  │ 620.34  │ 200.00   │ boot_wdata[9\]  │ u_ram/boot_wdata[9]        │ Metal3    │
│ 3.04  │ 607.15  │ 200.00   │ boot_wdata[22\] │ u_ram/boot_wdata[22]       │ Metal3    │
│ 3.00  │ 599.62  │ 200.00   │ s_wdata[13\]    │ u_ram/s_axil_wdata[13]     │ Metal5    │
│ 3.00  │ 599.62  │ 200.00   │ s_wdata[14\]    │ u_ram/s_axil_wdata[14]     │ Metal5    │
│ 2.96  │ 591.65  │ 200.00   │ s_wdata[16\]    │ u_ram/s_axil_wdata[16]     │ Metal5    │
│ 2.91  │ 582.07  │ 200.00   │ s_wdata[8\]     │ u_ram/s_axil_wdata[8]      │ Metal3    │
│ 2.88  │ 575.71  │ 200.00   │ s_wdata[12\]    │ u_ram/s_axil_wdata[12]     │ Metal5    │
│ 2.84  │ 567.75  │ 200.00   │ cpu_rdata[0\]   │ u_cpu/mem_axi_rdata[0]     │ Metal4    │
│ 2.84  │ 567.75  │ 200.00   │ cpu_wdata[15\]  │ u_ic/m_wdata[15]           │ Metal4    │
│ 2.67  │ 534.26  │ 200.00   │ s_wdata[3\]     │ u_ram/s_axil_wdata[3]      │ Metal3    │
│ 2.60  │ 519.05  │ 200.00   │ s_wdata[122\]   │ u_periph2/s_axil_wdata[26] │ Metal2    │
│ 2.55  │ 509.08  │ 200.00   │ s_wdata[104\]   │ u_periph2/s_axil_wdata[8]  │ Metal2    │
│ 2.54  │ 508.20  │ 200.00   │ s_wdata[123\]   │ u_periph2/s_axil_wdata[27] │ Metal2    │
│ 2.53  │ 506.74  │ 200.00   │ s_wdata[96\]    │ u_periph2/s_axil_wdata[0]  │ Metal2    │
│ 2.53  │ 505.86  │ 200.00   │ s_wdata[107\]   │ u_periph2/s_axil_wdata[11] │ Metal2    │
│ 2.53  │ 505.57  │ 200.00   │ s_wdata[105\]   │ u_periph2/s_axil_wdata[9]  │ Metal2    │
│ 2.52  │ 504.98  │ 200.00   │ s_wdata[103\]   │ u_periph2/s_axil_wdata[7]  │ Metal2    │
│ 2.52  │ 504.69  │ 200.00   │ s_wdata[124\]   │ u_periph2/s_axil_wdata[28] │ Metal2    │
│ 2.52  │ 504.10  │ 200.00   │ s_wdata[114\]   │ u_periph2/s_axil_wdata[18] │ Metal2    │
│ 2.52  │ 504.10  │ 200.00   │ s_wdata[99\]    │ u_periph2/s_axil_wdata[3]  │ Metal2    │
│ 2.51  │ 502.93  │ 200.00   │ s_wdata[117\]   │ u_periph2/s_axil_wdata[21] │ Metal2    │
│ 2.51  │ 502.48  │ 200.00   │ s_rdata[107\]   │ u_ic/s_rdata[107]          │ Metal4    │
│ 2.51  │ 502.38  │ 200.00   │ s_araddr[31\]   │ u_ram/s_axil_araddr[31]    │ Metal3    │
│ 2.51  │ 502.38  │ 200.00   │ s_wdata[0\]     │ u_ram/s_axil_wdata[0]      │ Metal3    │
│ 2.47  │ 494.14  │ 200.00   │ s_wdata[112\]   │ u_periph2/s_axil_wdata[16] │ Metal2    │
│ 2.44  │ 488.38  │ 200.00   │ s_araddr[18\]   │ u_ram/s_axil_araddr[18]    │ Metal5    │
│ 2.44  │ 487.73  │ 200.00   │ s_wdata[121\]   │ u_periph2/s_axil_wdata[25] │ Metal2    │
│ 2.43  │ 486.96  │ 200.00   │ boot_addr[3\]   │ u_ram/boot_addr[3]         │ Metal4    │
│ 2.40  │ 480.09  │ 200.00   │ s_rresp[4\]     │ u_ic/s_rresp[4]            │ Metal5    │
│ 2.39  │ 477.43  │ 200.00   │ s_wdata[113\]   │ u_periph2/s_axil_wdata[17] │ Metal2    │
│ 2.34  │ 468.64  │ 200.00   │ s_wdata[108\]   │ u_periph2/s_axil_wdata[12] │ Metal2    │
│ 2.32  │ 463.63  │ 200.00   │ gpio1_in[13]    │ u_periph1/gpio_in[13]      │ TopMetal1 │
│ 2.32  │ 463.04  │ 200.00   │ s_rdata[115\]   │ u_ic/s_rdata[115]          │ Metal4    │
│ 2.25  │ 449.07  │ 200.00   │ s_wdata[110\]   │ u_periph2/s_axil_wdata[14] │ Metal4    │
│ 2.23  │ 446.70  │ 200.00   │ s_rdata[98\]    │ u_ic/s_rdata[98]           │ Metal4    │
│ 2.22  │ 443.88  │ 200.00   │ cpu_wready      │ u_cpu/mem_axi_wready       │ Metal2    │
│ 2.15  │ 430.66  │ 200.00   │ s_araddr[24\]   │ u_ram/s_axil_araddr[24]    │ Metal3    │
│ 2.11  │ 422.79  │ 200.00   │ s_rdata[109\]   │ u_ic/s_rdata[109]          │ Metal4    │
│ 2.11  │ 422.69  │ 200.00   │ s_araddr[21\]   │ u_ram/s_axil_araddr[21]    │ Metal3    │
│ 2.11  │ 422.69  │ 200.00   │ s_araddr[22\]   │ u_ram/s_axil_araddr[22]    │ Metal3    │
│ 2.11  │ 422.54  │ 200.00   │ s_awaddr[24\]   │ u_ram/s_axil_awaddr[24]    │ Metal3    │
│ 2.08  │ 416.19  │ 200.00   │ s_wdata[93\]    │ u_periph1/s_axil_wdata[29] │ Metal2    │
│ 2.08  │ 415.31  │ 200.00   │ s_wstrb[14\]    │ u_periph2/s_axil_wstrb[2]  │ Metal2    │
│ 2.07  │ 414.82  │ 200.00   │ s_rdata[102\]   │ u_ic/s_rdata[102]          │ Metal4    │
│ 2.06  │ 411.50  │ 200.00   │ s_wstrb[12\]    │ u_periph2/s_axil_wstrb[0]  │ Metal2    │
│ 2.05  │ 409.35  │ 200.00   │ s_awaddr[28\]   │ u_ram/s_axil_awaddr[28]    │ Metal3    │
│ 2.03  │ 406.85  │ 200.00   │ s_awaddr[66\]   │ u_periph1/s_axil_awaddr[2] │ Metal4    │
│ 1.95  │ 390.91  │ 200.00   │ boot_addr[10\]  │ u_ram/boot_addr[10]        │ Metal4    │
│ 1.95  │ 390.91  │ 200.00   │ boot_addr[11\]  │ u_ram/boot_addr[11]        │ Metal4    │
│ 1.95  │ 390.82  │ 200.00   │ s_araddr[11\]   │ u_ram/s_axil_araddr[11]    │ Metal3    │
│ 1.95  │ 390.82  │ 200.00   │ s_araddr[20\]   │ u_ram/s_axil_araddr[20]    │ Metal3    │
│ 1.95  │ 390.82  │ 200.00   │ s_awaddr[66\]   │ u_periph1/s_axil_awaddr[2] │ Metal3    │
│ 1.91  │ 382.95  │ 200.00   │ gpio2_in[22]    │ u_periph2/gpio_in[22]      │ Metal5    │
│ 1.85  │ 370.62  │ 200.00   │ spi_miso        │ u_boot_spi/spi_miso        │ Metal4    │
│ 1.80  │ 359.93  │ 200.00   │ s_wdata[64\]    │ u_periph1/s_axil_wdata[0]  │ Metal2    │
│ 1.79  │ 358.94  │ 200.00   │ s_araddr[9\]    │ u_ram/s_axil_araddr[9]     │ Metal3    │
│ 1.78  │ 356.76  │ 200.00   │ cpu_rdata[12\]  │ u_cpu/mem_axi_rdata[12]    │ Metal4    │
│ 1.78  │ 356.76  │ 200.00   │ s_wdata[51\]    │ u_periph0/s_axil_wdata[19] │ Metal4    │
│ 1.78  │ 356.76  │ 200.00   │ s_wdata[56\]    │ u_periph0/s_axil_wdata[24] │ Metal4    │
│ 1.78  │ 356.76  │ 200.00   │ s_wstrb[7\]     │ u_periph0/s_axil_wstrb[3]  │ Metal4    │
│ 1.78  │ 356.60  │ 200.00   │ s_wdata[85\]    │ u_periph1/s_axil_wdata[21] │ Metal3    │
│ 1.78  │ 355.50  │ 200.00   │ gpio1_in[19]    │ u_periph1/gpio_in[19]      │ TopMetal1 │
│ 1.78  │ 355.50  │ 200.00   │ gpio1_in[22]    │ u_periph1/gpio_in[22]      │ TopMetal1 │
│ 1.75  │ 350.97  │ 200.00   │ s_araddr[13\]   │ u_ram/s_axil_araddr[13]    │ Metal3    │
│ 1.74  │ 348.20  │ 200.00   │ s_wdata[81\]    │ u_periph1/s_axil_wdata[17] │ Metal2    │
│ 1.74  │ 347.62  │ 200.00   │ s_wdata[75\]    │ u_periph1/s_axil_wdata[11] │ Metal2    │
│ 1.74  │ 347.33  │ 200.00   │ s_wdata[92\]    │ u_periph1/s_axil_wdata[28] │ Metal2    │
│ 1.72  │ 344.98  │ 200.00   │ s_wdata[72\]    │ u_periph1/s_axil_wdata[8]  │ Metal2    │
│ 1.72  │ 343.57  │ 200.00   │ gpio2_in[9]     │ u_periph2/gpio_in[9]       │ Metal4    │
│ 1.72  │ 343.39  │ 200.00   │ gpio2_in[26]    │ u_periph2/gpio_in[26]      │ Metal5    │
│ 1.72  │ 343.10  │ 200.00   │ boot_addr[6\]   │ u_ram/boot_addr[6]         │ Metal4    │
│ 1.72  │ 343.10  │ 200.00   │ s_rvalid[3\]    │ u_ic/s_rvalid[3]           │ Metal4    │
│ 1.69  │ 337.07  │ 200.00   │ s_wdata[78\]    │ u_periph1/s_axil_wdata[14] │ Metal2    │
│ 1.68  │ 335.13  │ 200.00   │ s_rdata[101\]   │ u_ic/s_rdata[101]          │ Metal4    │
│ 1.68  │ 335.13  │ 200.00   │ s_rdata[116\]   │ u_ic/s_rdata[116]          │ Metal4    │
│ 1.68  │ 335.04  │ 200.00   │ s_araddr[4\]    │ u_ram/s_axil_araddr[4]     │ Metal3    │
│ 1.68  │ 335.02  │ 200.00   │ s_wdata[101\]   │ u_periph2/s_axil_wdata[5]  │ Metal2    │
│ 1.67  │ 333.26  │ 200.00   │ s_wdata[73\]    │ u_periph1/s_axil_wdata[9]  │ Metal2    │
│ 1.67  │ 333.22  │ 200.00   │ s_rdata[119\]   │ u_ic/s_rdata[119]          │ Metal2    │
│ 1.66  │ 332.16  │ 200.00   │ s_rdata[96\]    │ u_ic/s_rdata[96]           │ Metal2    │
│ 1.66  │ 331.50  │ 200.00   │ s_wdata[80\]    │ u_periph1/s_axil_wdata[16] │ Metal2    │
│ 1.66  │ 331.50  │ 200.00   │ s_wdata[95\]    │ u_periph1/s_axil_wdata[31] │ Metal2    │
│ 1.65  │ 330.38  │ 200.00   │ cpu_rdata[14\]  │ u_cpu/mem_axi_rdata[14]    │ Metal4    │
│ 1.64  │ 328.90  │ 200.00   │ s_awvalid[3\]   │ u_periph2/s_axil_awvalid   │ Metal2    │
│ 1.60  │ 319.10  │ 200.00   │ s_araddr[3\]    │ u_ram/s_axil_araddr[3]     │ Metal3    │
│ 1.60  │ 319.10  │ 200.00   │ s_araddr[6\]    │ u_ram/s_axil_araddr[6]     │ Metal3    │
│ 1.59  │ 317.20  │ 200.00   │ cpu_rdata[15\]  │ u_cpu/mem_axi_rdata[15]    │ Metal4    │
│ 1.59  │ 317.04  │ 200.00   │ s_wdata[67\]    │ u_periph1/s_axil_wdata[3]  │ Metal3    │
│ 1.59  │ 317.04  │ 200.00   │ s_wstrb[7\]     │ u_periph0/s_axil_wstrb[3]  │ Metal3    │
│ 1.58  │ 315.51  │ 200.00   │ s_rdata[114\]   │ u_ic/s_rdata[114]          │ Metal2    │
│ 1.58  │ 315.23  │ 200.00   │ gpio1_in[25]    │ u_periph1/gpio_in[25]      │ Metal3    │
│ 1.56  │ 311.28  │ 200.00   │ s_wdata[119\]   │ u_periph2/s_axil_wdata[23] │ Metal2    │
│ 1.56  │ 311.13  │ 200.00   │ s_araddr[5\]    │ u_ram/s_axil_araddr[5]     │ Metal3    │
│ 1.56  │ 311.13  │ 200.00   │ s_araddr[7\]    │ u_ram/s_axil_araddr[7]     │ Metal3    │
│ 1.55  │ 309.14  │ 200.00   │ s_rdata[117\]   │ u_ic/s_rdata[117]          │ Metal2    │
│ 1.54  │ 307.14  │ 200.00   │ cpu_araddr[30\] │ u_ic/m_araddr[30]          │ Metal3    │
│ 1.53  │ 305.13  │ 200.00   │ s_wdata[102\]   │ u_periph2/s_axil_wdata[6]  │ Metal2    │
│ 1.52  │ 304.36  │ 200.00   │ gpio1_in[27]    │ u_periph1/gpio_in[27]      │ Metal5    │
│ 1.52  │ 303.85  │ 200.00   │ s_wdata[77\]    │ u_periph1/s_axil_wdata[13] │ Metal3    │
│ 1.52  │ 303.83  │ 200.00   │ gpio2_in[15]    │ u_periph2/gpio_in[15]      │ Metal5    │
│ 1.52  │ 303.16  │ 200.00   │ s_awaddr[31\]   │ u_ram/s_axil_awaddr[31]    │ Metal3    │
│ 1.52  │ 303.14  │ 200.00   │ gpio1_in[18]    │ u_periph1/gpio_in[18]      │ Metal3    │
│ 1.51  │ 302.70  │ 200.00   │ gpio1_in[21]    │ u_periph1/gpio_in[21]      │ Metal3    │
│ 1.50  │ 299.40  │ 200.00   │ gpio1_in[17]    │ u_periph1/gpio_in[17]      │ Metal3    │
│ 1.47  │ 294.87  │ 200.00   │ s_bready[2\]    │ u_periph1/s_axil_bready    │ Metal2    │
│ 1.47  │ 293.11  │ 200.00   │ s_wstrb[10\]    │ u_periph1/s_axil_wstrb[2]  │ Metal2    │
│ 1.45  │ 290.88  │ 200.00   │ cpu_araddr[1\]  │ u_ic/m_araddr[1]           │ Metal3    │
│ 1.45  │ 289.08  │ 200.00   │ gpio1_in[11]    │ u_periph1/gpio_in[11]      │ Metal3    │
│ 1.44  │ 287.54  │ 200.00   │ gpio1_in[15]    │ u_periph1/gpio_in[15]      │ Metal3    │
│ 1.44  │ 287.32  │ 200.00   │ s_rdata[25\]    │ u_ic/s_rdata[25]           │ Metal4    │
│ 1.42  │ 284.46  │ 200.00   │ gpio1_in[10]    │ u_periph1/gpio_in[10]      │ Metal3    │
│ 1.42  │ 283.44  │ 200.00   │ s_wdata[115\]   │ u_periph2/s_axil_wdata[19] │ Metal2    │
│ 1.40  │ 280.80  │ 200.00   │ s_wdata[79\]    │ u_periph1/s_axil_wdata[15] │ Metal2    │
│ 1.38  │ 275.45  │ 200.00   │ gpio1_in[5]     │ u_periph1/gpio_in[5]       │ Metal3    │
│ 1.38  │ 275.23  │ 200.00   │ gpio1_in[8]     │ u_periph1/gpio_in[8]       │ Metal3    │
│ 1.37  │ 274.41  │ 200.00   │ cpu_rdata[0\]   │ u_cpu/mem_axi_rdata[0]     │ Metal3    │
│ 1.36  │ 272.15  │ 200.00   │ gpio1_in[2]     │ u_periph1/gpio_in[2]       │ Metal3    │
│ 1.35  │ 269.96  │ 200.00   │ s_wdata[70\]    │ u_periph1/s_axil_wdata[6]  │ Metal2    │
│ 1.32  │ 264.45  │ 200.00   │ boot_wdata[24\] │ u_ram/boot_wdata[24]       │ Metal4    │
│ 1.32  │ 264.45  │ 200.00   │ boot_wdata[31\] │ u_ram/boot_wdata[31]       │ Metal4    │
│ 1.32  │ 263.31  │ 200.00   │ boot_addr[11\]  │ u_ram/boot_addr[11]        │ Metal3    │
│ 1.32  │ 263.31  │ 200.00   │ s_awaddr[29\]   │ u_ram/s_axil_awaddr[29]    │ Metal3    │
│ 1.30  │ 259.20  │ 200.00   │ s_wready[2\]    │ u_ic/s_wready[2]           │ Metal2    │
│ 1.28  │ 256.89  │ 200.00   │ cpu_araddr[4\]  │ u_ic/m_araddr[4]           │ Metal3    │
│ 1.28  │ 256.78  │ 200.00   │ s_wdata[127\]   │ u_periph2/s_axil_wdata[31] │ Metal2    │
│ 1.28  │ 255.86  │ 200.00   │ s_rdata[31\]    │ u_ic/s_rdata[31]           │ Metal4    │
│ 1.28  │ 255.44  │ 200.00   │ s_rdata[13\]    │ u_ic/s_rdata[13]           │ Metal4    │
│ 1.28  │ 255.35  │ 200.00   │ s_awaddr[25\]   │ u_ram/s_axil_awaddr[25]    │ Metal3    │
│ 1.26  │ 251.26  │ 200.00   │ boot_wdata[10\] │ u_ram/boot_wdata[10]       │ Metal4    │
│ 1.26  │ 251.26  │ 200.00   │ boot_wdata[23\] │ u_ram/boot_wdata[23]       │ Metal4    │
│ 1.26  │ 251.26  │ 200.00   │ boot_wdata[30\] │ u_ram/boot_wdata[30]       │ Metal4    │
│ 1.26  │ 251.08  │ 200.00   │ s_wdata[52\]    │ u_periph0/s_axil_wdata[20] │ Metal5    │
│ 1.25  │ 250.37  │ 200.00   │ s_wdata[91\]    │ u_periph1/s_axil_wdata[27] │ Metal2    │
│ 1.24  │ 247.47  │ 200.00   │ cpu_bready      │ u_ic/m_bready              │ Metal4    │
│ 1.24  │ 247.47  │ 200.00   │ s_bresp[0\]     │ u_ic/s_bresp[0]            │ Metal4    │
│ 1.24  │ 247.47  │ 200.00   │ s_rdata[21\]    │ u_ic/s_rdata[21]           │ Metal4    │
│ 1.24  │ 247.38  │ 200.00   │ s_awaddr[30\]   │ u_ram/s_axil_awaddr[30]    │ Metal3    │
│ 1.24  │ 247.37  │ 200.00   │ gpio1_in[7]     │ u_periph1/gpio_in[7]       │ TopMetal1 │
│ 1.23  │ 246.46  │ 200.00   │ boot_wdata[0\]  │ u_ram/boot_wdata[0]        │ Metal2    │
│ 1.22  │ 243.59  │ 200.00   │ s_wdata[85\]    │ u_periph1/s_axil_wdata[21] │ Metal2    │
│ 1.21  │ 242.12  │ 200.00   │ s_wdata[90\]    │ u_periph1/s_axil_wdata[26] │ Metal2    │
│ 1.21  │ 241.93  │ 200.00   │ rst_ni          │ u_periph2/rst_ni           │ Metal3    │
│ 1.20  │ 239.50  │ 200.00   │ s_awready[0\]   │ u_ic/s_awready[0]          │ Metal4    │
│ 1.20  │ 239.50  │ 200.00   │ s_rdata[6\]     │ u_ic/s_rdata[6]            │ Metal4    │
│ 1.19  │ 238.08  │ 200.00   │ boot_wdata[17\] │ u_ram/boot_wdata[17]       │ Metal4    │
│ 1.19  │ 238.08  │ 200.00   │ boot_wdata[2\]  │ u_ram/boot_wdata[2]        │ Metal4    │
│ 1.19  │ 237.92  │ 200.00   │ cpu_wstrb[2\]   │ u_ic/m_wstrb[2]            │ Metal3    │
│ 1.19  │ 237.92  │ 200.00   │ s_wdata[56\]    │ u_periph0/s_axil_wdata[24] │ Metal3    │
│ 1.19  │ 237.92  │ 200.00   │ s_wstrb[4\]     │ u_periph0/s_axil_wstrb[0]  │ Metal3    │
│ 1.17  │ 233.28  │ 200.00   │ boot_wdata[27\] │ u_ram/boot_wdata[27]       │ Metal2    │
│ 1.17  │ 233.05  │ 200.00   │ boot_addr[9\]   │ u_ram/boot_addr[9]         │ Metal5    │
│ 1.16  │ 231.53  │ 200.00   │ s_rdata[22\]    │ u_ic/s_rdata[22]           │ Metal4    │
│ 1.16  │ 231.53  │ 200.00   │ s_wready[1\]    │ u_ic/s_wready[1]           │ Metal4    │
│ 1.16  │ 231.44  │ 200.00   │ s_awaddr[21\]   │ u_ram/s_axil_awaddr[21]    │ Metal3    │
│ 1.15  │ 229.09  │ 200.00   │ s_rvalid[2\]    │ u_ic/s_rvalid[2]           │ Metal2    │
│ 1.13  │ 225.24  │ 200.00   │ s_wdata[116\]   │ u_periph2/s_axil_wdata[20] │ Metal3    │
│ 1.12  │ 224.73  │ 200.00   │ cpu_wdata[24\]  │ u_ic/m_wdata[24]           │ Metal3    │
│ 1.12  │ 224.71  │ 200.00   │ gpio2_in[27]    │ u_periph2/gpio_in[27]      │ Metal5    │
│ 1.12  │ 223.56  │ 200.00   │ s_bvalid[0\]    │ u_ic/s_bvalid[0]           │ Metal4    │
│ 1.11  │ 221.12  │ 200.00   │ s_rdata[84\]    │ u_ic/s_rdata[84]           │ Metal2    │
│ 1.10  │ 219.21  │ 200.00   │ boot_wdata[13\] │ u_ram/boot_wdata[13]       │ Metal2    │
│ 1.09  │ 217.22  │ 200.00   │ s_wdata[97\]    │ u_periph2/s_axil_wdata[1]  │ Metal2    │
│ 1.09  │ 217.22  │ 200.00   │ s_wvalid[2\]    │ u_periph1/s_axil_wvalid    │ Metal2    │
│ 1.09  │ 217.11  │ 200.00   │ s_rdata[102\]   │ u_ic/s_rdata[102]          │ Metal5    │
│ 1.09  │ 217.11  │ 200.00   │ s_rdata[98\]    │ u_ic/s_rdata[98]           │ Metal5    │
│ 1.08  │ 215.50  │ 200.00   │ s_awaddr[22\]   │ u_ram/s_axil_awaddr[22]    │ Metal3    │
│ 1.08  │ 215.48  │ 200.00   │ boot_wdata[5\]  │ u_ram/boot_wdata[5]        │ Metal2    │
│ 1.08  │ 215.48  │ 200.00   │ s_rdata[107\]   │ u_ic/s_rdata[107]          │ Metal5    │
│ 1.08  │ 215.46  │ 200.00   │ s_wdata[120\]   │ u_periph2/s_axil_wdata[24] │ Metal2    │
│ 1.07  │ 214.84  │ 200.00   │ s_awaddr[35\]   │ u_periph0/s_axil_awaddr[3] │ TopMetal1 │
│ 1.06  │ 211.70  │ 200.00   │ boot_wdata[26\] │ u_ram/boot_wdata[26]       │ Metal4    │
│ 1.06  │ 211.68  │ 200.00   │ boot_wdata[9\]  │ u_ram/boot_wdata[9]        │ Metal4    │
│ 1.06  │ 211.68  │ 200.00   │ gpio1_in[31]    │ u_periph1/gpio_in[31]      │ Metal4    │
│ 1.06  │ 211.55  │ 200.00   │ gpio1_in[31]    │ u_periph1/gpio_in[31]      │ Metal3    │
│ 1.06  │ 211.55  │ 200.00   │ s_wdata[51\]    │ u_periph0/s_axil_wdata[19] │ Metal3    │
│ 1.05  │ 210.85  │ 200.00   │ s_rdata[85\]    │ u_ic/s_rdata[85]           │ Metal2    │
│ 1.05  │ 210.80  │ 200.00   │ s_wdata[76\]    │ u_periph1/s_axil_wdata[12] │ Metal2    │
│ 1.04  │ 207.63  │ 200.00   │ s_rdata[19\]    │ u_ic/s_rdata[19]           │ Metal4    │
│ 1.04  │ 207.53  │ 200.00   │ boot_addr[6\]   │ u_ram/boot_addr[6]         │ Metal3    │
│ 1.04  │ 207.53  │ 200.00   │ s_awaddr[23\]   │ u_ram/s_axil_awaddr[23]    │ Metal3    │
│ 1.03  │ 206.90  │ 200.00   │ boot_wdata[12\] │ u_ram/boot_wdata[12]       │ Metal2    │
│ 1.03  │ 206.02  │ 200.00   │ boot_wdata[4\]  │ u_ram/boot_wdata[4]        │ Metal2    │
│ 1.02  │ 204.12  │ 200.00   │ s_rdata[76\]    │ u_ic/s_rdata[76]           │ Metal2    │
│ 1.02  │ 203.44  │ 200.00   │ s_wdata[86\]    │ u_periph1/s_axil_wdata[22] │ Metal2    │
│ 1.01  │ 201.39  │ 200.00   │ s_wdata[109\]   │ u_periph2/s_axil_wdata[13] │ Metal2    │
│ 1.00  │ 199.66  │ 200.00   │ s_rdata[30\]    │ u_ic/s_rdata[30]           │ Metal4    │
│ 1.00  │ 199.66  │ 200.00   │ s_rdata[4\]     │ u_ic/s_rdata[4]            │ Metal4    │
│ 1.00  │ 199.56  │ 200.00   │ s_wready[1\]    │ u_ic/s_wready[1]           │ Metal3    │
│ 0.99  │ 198.52  │ 200.00   │ boot_wdata[25\] │ u_ram/boot_wdata[25]       │ Metal4    │
│ 0.99  │ 198.52  │ 200.00   │ cpu_arprot[1\]  │ u_ic/m_arprot[1]           │ Metal4    │
│ 0.99  │ 198.33  │ 200.00   │ gpio0_in[1]     │ u_periph0/gpio_in[1]       │ Metal5    │
│ 0.96  │ 192.11  │ 200.00   │ s_rdata[24\]    │ u_ic/s_rdata[24]           │ Metal4    │
│ 0.96  │ 191.69  │ 200.00   │ s_rdata[95\]    │ u_ic/s_rdata[95]           │ Metal4    │
│ 0.93  │ 185.17  │ 200.00   │ cpu_wdata[29\]  │ u_ic/m_wdata[29]           │ Metal3    │
│ 0.92  │ 183.95  │ 200.00   │ boot_addr[5\]   │ u_ram/boot_addr[5]         │ Metal3    │
│ 0.92  │ 183.72  │ 200.00   │ s_rdata[2\]     │ u_ic/s_rdata[2]            │ Metal4    │
│ 0.92  │ 183.62  │ 200.00   │ s_awaddr[17\]   │ u_ram/s_axil_awaddr[17]    │ Metal3    │
│ 0.90  │ 179.59  │ 200.00   │ rst_ni          │ u_boot_spi/rst_ni          │ Metal4    │
│ 0.90  │ 179.59  │ 200.00   │ rst_ni          │ u_ram/rst_ni               │ Metal4    │
│ 0.88  │ 175.66  │ 200.00   │ s_awaddr[15\]   │ u_ram/s_axil_awaddr[15]    │ Metal3    │
│ 0.88  │ 175.66  │ 200.00   │ s_awaddr[16\]   │ u_ram/s_axil_awaddr[16]    │ Metal3    │
│ 0.79  │ 158.80  │ 200.00   │ s_wdata[96\]    │ u_periph2/s_axil_wdata[0]  │ Metal3    │
│ 0.76  │ 151.84  │ 200.00   │ s_rdata[86\]    │ u_ic/s_rdata[86]           │ Metal4    │
│ 0.73  │ 145.77  │ 200.00   │ gpio0_in[1]     │ u_periph0/gpio_in[1]       │ Metal4    │
│ 0.68  │ 135.90  │ 200.00   │ s_wdata[28\]    │ u_ram/s_axil_wdata[28]     │ Metal4    │
│ 0.66  │ 132.56  │ 200.00   │ cpu_araddr[1\]  │ u_ic/m_araddr[1]           │ Metal4    │
│ 0.64  │ 127.94  │ 200.00   │ s_rdata[1\]     │ u_ic/s_rdata[1]            │ Metal4    │
│ 0.60  │ 119.97  │ 200.00   │ s_rdata[60\]    │ u_ic/s_rdata[60]           │ Metal4    │
│ 0.60  │ 119.39  │ 200.00   │ boot_wdata[22\] │ u_ram/boot_wdata[22]       │ Metal4    │
│ 0.53  │ 106.19  │ 200.00   │ gpio1_in[6]     │ u_periph1/gpio_in[6]       │ Metal4    │
│ 0.53  │ 106.05  │ 200.00   │ s_wdata[110\]   │ u_periph2/s_axil_wdata[14] │ Metal3    │
│ 0.53  │ 106.05  │ 200.00   │ s_wdata[112\]   │ u_periph2/s_axil_wdata[16] │ Metal3    │
│ 0.53  │ 106.05  │ 200.00   │ s_wdata[113\]   │ u_periph2/s_axil_wdata[17] │ Metal3    │
│ 0.53  │ 106.03  │ 200.00   │ gpio1_in[4]     │ u_periph1/gpio_in[4]       │ Metal5    │
│ 0.52  │ 104.03  │ 200.00   │ s_rdata[54\]    │ u_ic/s_rdata[54]           │ Metal4    │
│ 0.40  │ 80.11   │ 200.00   │ s_rdata[29\]    │ u_ic/s_rdata[29]           │ Metal4    │
│ 0.32  │ 64.18   │ 200.00   │ s_rdata[44\]    │ u_ic/s_rdata[44]           │ Metal4    │
│ 0.28  │ 56.21   │ 200.00   │ rst_ni          │ u_periph2/rst_ni           │ Metal4    │
│ 0.27  │ 53.46   │ 200.00   │ s_wstrb[4\]     │ u_periph0/s_axil_wstrb[0]  │ Metal4    │
│ 0.21  │ 41.50   │ 200.00   │ rst_ni          │ u_boot_spi/rst_ni          │ Metal5    │
│ 0.21  │ 41.50   │ 200.00   │ rst_ni          │ u_periph0/rst_ni           │ Metal5    │
│ 0.21  │ 41.50   │ 200.00   │ rst_ni          │ u_periph1/rst_ni           │ Metal5    │
│ 0.21  │ 41.50   │ 200.00   │ rst_ni          │ u_periph2/rst_ni           │ Metal5    │
│ 0.21  │ 41.50   │ 200.00   │ rst_ni          │ u_ram/rst_ni               │ Metal5    │
│ 0.20  │ 40.27   │ 200.00   │ s_wdata[42\]    │ u_periph0/s_axil_wdata[10] │ Metal4    │
│ 0.17  │ 33.06   │ 200.00   │ s_wdata[77\]    │ u_periph1/s_axil_wdata[13] │ TopMetal1 │
│ 0.16  │ 32.30   │ 200.00   │ cpu_araddr[14\] │ u_ic/m_araddr[14]          │ Metal4    │
│ 0.14  │ 27.09   │ 200.00   │ gpio2_in[22]    │ u_periph2/gpio_in[22]      │ Metal4    │
│ 0.07  │ 13.90   │ 200.00   │ gpio2_in[15]    │ u_periph2/gpio_in[15]      │ Metal4    │
│ 0.07  │ 13.90   │ 200.00   │ gpio2_in[26]    │ u_periph2/gpio_in[26]      │ Metal4    │
│ 0.07  │ 13.90   │ 200.00   │ gpio2_in[27]    │ u_periph2/gpio_in[27]      │ Metal4    │
│ 0.02  │ 3.52    │ 200.00   │ s_wdata[77\]    │ u_periph1/s_axil_wdata[13] │ Metal5    │
│ 0.00  │ 0.34    │ 200.00   │ boot_addr[5\]   │ u_ram/boot_addr[5]         │ Metal4    │
│ 0.00  │ 0.34    │ 200.00   │ s_wdata[18\]    │ u_ram/s_axil_wdata[18]     │ Metal4    │
│ 0.00  │ 0.34    │ 200.00   │ s_wdata[2\]     │ u_ram/s_axil_wdata[2]      │ Metal4    │
└───────┴─────────┴──────────┴─────────────────┴────────────────────────────┴───────────┘
