
===========================================================================
report_checks -unconstrained
===========================================================================
======================= nom_typ_1p20V_25C Corner ===================================

Startpoint: u_cpu (rising edge-triggered flip-flop clocked by clk)
Endpoint: u_cpu (rising edge-triggered flip-flop clocked by clk)
Path Group: clk
Path Type: max

Fanout         Cap        Slew       Delay        Time   Description
---------------------------------------------------------------------------------------------
                                  0.000000    0.000000   clock clk (rise edge)
                                  0.000000    0.000000   clock source latency
     1    0.178376    0.000000    0.000000    0.000000 ^ clk_i (in)
                                                         clk_i (net)
                      0.194911    0.097455    0.097455 ^ clkbuf_0_clk_i/A (sg13g2_buf_16)
     2    0.103280    0.043855    0.140146    0.237601 ^ clkbuf_0_clk_i/X (sg13g2_buf_16)
                                                         clknet_0_clk_i (net)
                      0.044639    0.004845    0.242446 ^ clkbuf_1_0__f_clk_i/A (sg13g2_buf_16)
     4    0.394559    0.042549    0.086005    0.328452 ^ clkbuf_1_0__f_clk_i/X (sg13g2_buf_16)
                                                         clknet_1_0__leaf_clk_i (net)
                      0.322130    0.156663    0.485115 ^ u_cpu/clk_i (picorv32_macro)
     1    0.201663    0.811799    1.894144    2.379258 ^ u_cpu/mem_axi_araddr[13] (picorv32_macro)
                                                         cpu_araddr[13] (net)
                      0.811799    0.000000    2.379258 ^ u_ic/m_araddr[13] (interconnect_macro)
     1    0.193898    0.782009    2.891231    5.270490 ^ u_ic/m_rvalid (interconnect_macro)
                                                         cpu_rvalid (net)
                      0.782009    0.000000    5.270490 ^ u_cpu/mem_axi_rvalid (picorv32_macro)
                                              5.270490   data arrival time

                                 10.000000   10.000000   clock clk (rise edge)
                                  0.000000   10.000000   clock source latency
     1    0.175703    0.000000    0.000000   10.000000 ^ clk_i (in)
                                                         clk_i (net)
                      0.189613    0.094807   10.094807 ^ clkbuf_0_clk_i/A (sg13g2_buf_16)
     2    0.097935    0.042627    0.138217   10.233025 ^ clkbuf_0_clk_i/X (sg13g2_buf_16)
                                                         clknet_0_clk_i (net)
                      0.043212    0.004396   10.237421 ^ clkbuf_1_0__f_clk_i/A (sg13g2_buf_16)
     4    0.394559    0.042467    0.085292   10.322713 ^ clkbuf_1_0__f_clk_i/X (sg13g2_buf_16)
                                                         clknet_1_0__leaf_clk_i (net)
                      0.322135    0.156676   10.479389 ^ u_cpu/clk_i (picorv32_macro)
                                 -0.200000   10.279389   clock uncertainty
                                  0.005726   10.285115   clock reconvergence pessimism
                                 -2.975980    7.309135   library setup time
                                              7.309135   data required time
---------------------------------------------------------------------------------------------
                                              7.309135   data required time
                                             -5.270490   data arrival time
---------------------------------------------------------------------------------------------
                                              2.038646   slack (MET)




===========================================================================
report_checks --slack_max -0.01
============================================================================
======================= nom_typ_1p20V_25C Corner ===================================

No paths found.


===========================================================================
 report_check_types -max_slew -max_cap -max_fanout -violators
============================================================================
======================= nom_typ_1p20V_25C Corner ===================================



===========================================================================
report_parasitic_annotation -report_unannotated
============================================================================
Found 31 unannotated drivers.
 clkload0/Y
 u_boot_spi/boot_done
 u_cpu/trap
 u_ic/m_bresp[0]
 u_ic/m_bresp[1]
 u_ic/m_rresp[0]
 u_ic/m_rresp[1]
 u_ic/s_arprot[0]
 u_ic/s_arprot[10]
 u_ic/s_arprot[11]
 u_ic/s_arprot[1]
 u_ic/s_arprot[2]
 u_ic/s_arprot[3]
 u_ic/s_arprot[4]
 u_ic/s_arprot[5]
 u_ic/s_arprot[6]
 u_ic/s_arprot[7]
 u_ic/s_arprot[8]
 u_ic/s_arprot[9]
 u_ic/s_awprot[0]
 u_ic/s_awprot[10]
 u_ic/s_awprot[11]
 u_ic/s_awprot[1]
 u_ic/s_awprot[2]
 u_ic/s_awprot[3]
 u_ic/s_awprot[4]
 u_ic/s_awprot[5]
 u_ic/s_awprot[6]
 u_ic/s_awprot[7]
 u_ic/s_awprot[8]
 u_ic/s_awprot[9]
Found 1094 partially unannotated drivers.
 clkbuf_1_0__f_clk_i/X
 clkbuf_1_1__f_clk_i/X
 input1/X
 input10/X
 input11/X
 input12/X
 input13/X
 input14/X
 input15/X
 input16/X
 input17/X
 input18/X
 input19/X
 input2/X
 input20/X
 input21/X
 input22/X
 input23/X
 input24/X
 input25/X
 input26/X
 input27/X
 input28/X
 input29/X
 input3/X
 input30/X
 input31/X
 input32/X
 input33/X
 input34/X
 input35/X
 input36/X
 input37/X
 input38/X
 input39/X
 input4/X
 input40/X
 input41/X
 input42/X
 input43/X
 input44/X
 input45/X
 input46/X
 input47/X
 input48/X
 input49/X
 input5/X
 input50/X
 input51/X
 input52/X
 input53/X
 input54/X
 input55/X
 input56/X
 input57/X
 input58/X
 input59/X
 input6/X
 input60/X
 input61/X
 input62/X
 input63/X
 input64/X
 input65/X
 input66/X
 input67/X
 input68/X
 input69/X
 input7/X
 input70/X
 input71/X
 input72/X
 input73/X
 input74/X
 input75/X
 input76/X
 input77/X
 input78/X
 input79/X
 input8/X
 input80/X
 input81/X
 input82/X
 input83/X
 input84/X
 input85/X
 input86/X
 input87/X
 input88/X
 input89/X
 input9/X
 input90/X
 input91/X
 input92/X
 input93/X
 input94/X
 input95/X
 input96/X
 input97/X
 input98/X
 max_cap294/X
 output100/X
 output101/X
 output102/X
 output103/X
 output104/X
 output105/X
 output106/X
 output107/X
 output108/X
 output109/X
 output110/X
 output111/X
 output112/X
 output113/X
 output114/X
 output115/X
 output116/X
 output117/X
 output118/X
 output119/X
 output120/X
 output121/X
 output122/X
 output123/X
 output124/X
 output125/X
 output126/X
 output127/X
 output128/X
 output129/X
 output130/X
 output131/X
 output132/X
 output133/X
 output134/X
 output135/X
 output136/X
 output137/X
 output138/X
 output139/X
 output140/X
 output141/X
 output142/X
 output143/X
 output144/X
 output145/X
 output146/X
 output147/X
 output148/X
 output149/X
 output150/X
 output151/X
 output152/X
 output153/X
 output154/X
 output155/X
 output156/X
 output157/X
 output158/X
 output159/X
 output160/X
 output161/X
 output162/X
 output163/X
 output164/X
 output165/X
 output166/X
 output167/X
 output168/X
 output169/X
 output170/X
 output171/X
 output172/X
 output173/X
 output174/X
 output175/X
 output176/X
 output177/X
 output178/X
 output179/X
 output180/X
 output181/X
 output182/X
 output183/X
 output184/X
 output185/X
 output186/X
 output187/X
 output188/X
 output189/X
 output190/X
 output191/X
 output192/X
 output193/X
 output194/X
 output195/X
 output196/X
 output197/X
 output198/X
 output199/X
 output200/X
 output201/X
 output202/X
 output203/X
 output204/X
 output205/X
 output206/X
 output207/X
 output208/X
 output209/X
 output210/X
 output211/X
 output212/X
 output213/X
 output214/X
 output215/X
 output216/X
 output217/X
 output218/X
 output219/X
 output220/X
 output221/X
 output222/X
 output223/X
 output224/X
 output225/X
 output226/X
 output227/X
 output228/X
 output229/X
 output230/X
 output231/X
 output232/X
 output233/X
 output234/X
 output235/X
 output236/X
 output237/X
 output238/X
 output239/X
 output240/X
 output241/X
 output242/X
 output243/X
 output244/X
 output245/X
 output246/X
 output247/X
 output248/X
 output249/X
 output250/X
 output251/X
 output252/X
 output253/X
 output254/X
 output255/X
 output256/X
 output257/X
 output258/X
 output259/X
 output260/X
 output261/X
 output262/X
 output263/X
 output264/X
 output265/X
 output266/X
 output267/X
 output268/X
 output269/X
 output270/X
 output271/X
 output272/X
 output273/X
 output274/X
 output275/X
 output276/X
 output277/X
 output278/X
 output279/X
 output280/X
 output281/X
 output282/X
 output283/X
 output284/X
 output285/X
 output286/X
 output287/X
 output288/X
 output289/X
 output290/X
 output291/X
 output292/X
 output293/X
 output99/X
 u_boot_spi/boot_addr[0]
 u_boot_spi/boot_addr[10]
 u_boot_spi/boot_addr[11]
 u_boot_spi/boot_addr[12]
 u_boot_spi/boot_addr[13]
 u_boot_spi/boot_addr[14]
 u_boot_spi/boot_addr[15]
 u_boot_spi/boot_addr[16]
 u_boot_spi/boot_addr[17]
 u_boot_spi/boot_addr[18]
 u_boot_spi/boot_addr[19]
 u_boot_spi/boot_addr[1]
 u_boot_spi/boot_addr[20]
 u_boot_spi/boot_addr[21]
 u_boot_spi/boot_addr[22]
 u_boot_spi/boot_addr[23]
 u_boot_spi/boot_addr[24]
 u_boot_spi/boot_addr[25]
 u_boot_spi/boot_addr[26]
 u_boot_spi/boot_addr[27]
 u_boot_spi/boot_addr[28]
 u_boot_spi/boot_addr[29]
 u_boot_spi/boot_addr[2]
 u_boot_spi/boot_addr[30]
 u_boot_spi/boot_addr[31]
 u_boot_spi/boot_addr[3]
 u_boot_spi/boot_addr[4]
 u_boot_spi/boot_addr[5]
 u_boot_spi/boot_addr[6]
 u_boot_spi/boot_addr[7]
 u_boot_spi/boot_addr[8]
 u_boot_spi/boot_addr[9]
 u_boot_spi/boot_wdata[0]
 u_boot_spi/boot_wdata[10]
 u_boot_spi/boot_wdata[11]
 u_boot_spi/boot_wdata[12]
 u_boot_spi/boot_wdata[13]
 u_boot_spi/boot_wdata[14]
 u_boot_spi/boot_wdata[15]
 u_boot_spi/boot_wdata[16]
 u_boot_spi/boot_wdata[17]
 u_boot_spi/boot_wdata[18]
 u_boot_spi/boot_wdata[19]
 u_boot_spi/boot_wdata[1]
 u_boot_spi/boot_wdata[20]
 u_boot_spi/boot_wdata[21]
 u_boot_spi/boot_wdata[22]
 u_boot_spi/boot_wdata[23]
 u_boot_spi/boot_wdata[24]
 u_boot_spi/boot_wdata[25]
 u_boot_spi/boot_wdata[26]
 u_boot_spi/boot_wdata[27]
 u_boot_spi/boot_wdata[28]
 u_boot_spi/boot_wdata[29]
 u_boot_spi/boot_wdata[2]
 u_boot_spi/boot_wdata[30]
 u_boot_spi/boot_wdata[31]
 u_boot_spi/boot_wdata[3]
 u_boot_spi/boot_wdata[4]
 u_boot_spi/boot_wdata[5]
 u_boot_spi/boot_wdata[6]
 u_boot_spi/boot_wdata[7]
 u_boot_spi/boot_wdata[8]
 u_boot_spi/boot_wdata[9]
 u_boot_spi/boot_we
 u_boot_spi/cpu_rst_n
 u_cpu/mem_axi_araddr[0]
 u_cpu/mem_axi_araddr[10]
 u_cpu/mem_axi_araddr[11]
 u_cpu/mem_axi_araddr[12]
 u_cpu/mem_axi_araddr[13]
 u_cpu/mem_axi_araddr[14]
 u_cpu/mem_axi_araddr[15]
 u_cpu/mem_axi_araddr[16]
 u_cpu/mem_axi_araddr[17]
 u_cpu/mem_axi_araddr[18]
 u_cpu/mem_axi_araddr[19]
 u_cpu/mem_axi_araddr[1]
 u_cpu/mem_axi_araddr[20]
 u_cpu/mem_axi_araddr[21]
 u_cpu/mem_axi_araddr[22]
 u_cpu/mem_axi_araddr[23]
 u_cpu/mem_axi_araddr[24]
 u_cpu/mem_axi_araddr[25]
 u_cpu/mem_axi_araddr[26]
 u_cpu/mem_axi_araddr[27]
 u_cpu/mem_axi_araddr[28]
 u_cpu/mem_axi_araddr[29]
 u_cpu/mem_axi_araddr[2]
 u_cpu/mem_axi_araddr[30]
 u_cpu/mem_axi_araddr[31]
 u_cpu/mem_axi_araddr[3]
 u_cpu/mem_axi_araddr[4]
 u_cpu/mem_axi_araddr[5]
 u_cpu/mem_axi_araddr[6]
 u_cpu/mem_axi_araddr[7]
 u_cpu/mem_axi_araddr[8]
 u_cpu/mem_axi_araddr[9]
 u_cpu/mem_axi_arprot[0]
 u_cpu/mem_axi_arprot[1]
 u_cpu/mem_axi_arprot[2]
 u_cpu/mem_axi_arvalid
 u_cpu/mem_axi_awaddr[0]
 u_cpu/mem_axi_awaddr[10]
 u_cpu/mem_axi_awaddr[11]
 u_cpu/mem_axi_awaddr[12]
 u_cpu/mem_axi_awaddr[13]
 u_cpu/mem_axi_awaddr[14]
 u_cpu/mem_axi_awaddr[15]
 u_cpu/mem_axi_awaddr[16]
 u_cpu/mem_axi_awaddr[17]
 u_cpu/mem_axi_awaddr[18]
 u_cpu/mem_axi_awaddr[19]
 u_cpu/mem_axi_awaddr[1]
 u_cpu/mem_axi_awaddr[20]
 u_cpu/mem_axi_awaddr[21]
 u_cpu/mem_axi_awaddr[22]
 u_cpu/mem_axi_awaddr[23]
 u_cpu/mem_axi_awaddr[24]
 u_cpu/mem_axi_awaddr[25]
 u_cpu/mem_axi_awaddr[26]
 u_cpu/mem_axi_awaddr[27]
 u_cpu/mem_axi_awaddr[28]
 u_cpu/mem_axi_awaddr[29]
 u_cpu/mem_axi_awaddr[2]
 u_cpu/mem_axi_awaddr[30]
 u_cpu/mem_axi_awaddr[31]
 u_cpu/mem_axi_awaddr[3]
 u_cpu/mem_axi_awaddr[4]
 u_cpu/mem_axi_awaddr[5]
 u_cpu/mem_axi_awaddr[6]
 u_cpu/mem_axi_awaddr[7]
 u_cpu/mem_axi_awaddr[8]
 u_cpu/mem_axi_awaddr[9]
 u_cpu/mem_axi_awprot[0]
 u_cpu/mem_axi_awprot[1]
 u_cpu/mem_axi_awprot[2]
 u_cpu/mem_axi_awvalid
 u_cpu/mem_axi_bready
 u_cpu/mem_axi_rready
 u_cpu/mem_axi_wdata[0]
 u_cpu/mem_axi_wdata[10]
 u_cpu/mem_axi_wdata[11]
 u_cpu/mem_axi_wdata[12]
 u_cpu/mem_axi_wdata[13]
 u_cpu/mem_axi_wdata[14]
 u_cpu/mem_axi_wdata[15]
 u_cpu/mem_axi_wdata[16]
 u_cpu/mem_axi_wdata[17]
 u_cpu/mem_axi_wdata[18]
 u_cpu/mem_axi_wdata[19]
 u_cpu/mem_axi_wdata[1]
 u_cpu/mem_axi_wdata[20]
 u_cpu/mem_axi_wdata[21]
 u_cpu/mem_axi_wdata[22]
 u_cpu/mem_axi_wdata[23]
 u_cpu/mem_axi_wdata[24]
 u_cpu/mem_axi_wdata[25]
 u_cpu/mem_axi_wdata[26]
 u_cpu/mem_axi_wdata[27]
 u_cpu/mem_axi_wdata[28]
 u_cpu/mem_axi_wdata[29]
 u_cpu/mem_axi_wdata[2]
 u_cpu/mem_axi_wdata[30]
 u_cpu/mem_axi_wdata[31]
 u_cpu/mem_axi_wdata[3]
 u_cpu/mem_axi_wdata[4]
 u_cpu/mem_axi_wdata[5]
 u_cpu/mem_axi_wdata[6]
 u_cpu/mem_axi_wdata[7]
 u_cpu/mem_axi_wdata[8]
 u_cpu/mem_axi_wdata[9]
 u_cpu/mem_axi_wstrb[0]
 u_cpu/mem_axi_wstrb[1]
 u_cpu/mem_axi_wstrb[2]
 u_cpu/mem_axi_wstrb[3]
 u_cpu/mem_axi_wvalid
 u_ic/m_arready
 u_ic/m_awready
 u_ic/m_bvalid
 u_ic/m_rdata[0]
 u_ic/m_rdata[10]
 u_ic/m_rdata[11]
 u_ic/m_rdata[12]
 u_ic/m_rdata[13]
 u_ic/m_rdata[14]
 u_ic/m_rdata[15]
 u_ic/m_rdata[16]
 u_ic/m_rdata[17]
 u_ic/m_rdata[18]
 u_ic/m_rdata[19]
 u_ic/m_rdata[1]
 u_ic/m_rdata[20]
 u_ic/m_rdata[21]
 u_ic/m_rdata[22]
 u_ic/m_rdata[23]
 u_ic/m_rdata[24]
 u_ic/m_rdata[25]
 u_ic/m_rdata[26]
 u_ic/m_rdata[27]
 u_ic/m_rdata[28]
 u_ic/m_rdata[29]
 u_ic/m_rdata[2]
 u_ic/m_rdata[30]
 u_ic/m_rdata[31]
 u_ic/m_rdata[3]
 u_ic/m_rdata[4]
 u_ic/m_rdata[5]
 u_ic/m_rdata[6]
 u_ic/m_rdata[7]
 u_ic/m_rdata[8]
 u_ic/m_rdata[9]
 u_ic/m_rvalid
 u_ic/m_wready
 u_ic/s_araddr[0]
 u_ic/s_araddr[100]
 u_ic/s_araddr[101]
 u_ic/s_araddr[102]
 u_ic/s_araddr[103]
 u_ic/s_araddr[104]
 u_ic/s_araddr[105]
 u_ic/s_araddr[106]
 u_ic/s_araddr[107]
 u_ic/s_araddr[108]
 u_ic/s_araddr[109]
 u_ic/s_araddr[10]
 u_ic/s_araddr[110]
 u_ic/s_araddr[111]
 u_ic/s_araddr[112]
 u_ic/s_araddr[113]
 u_ic/s_araddr[114]
 u_ic/s_araddr[115]
 u_ic/s_araddr[116]
 u_ic/s_araddr[117]
 u_ic/s_araddr[118]
 u_ic/s_araddr[119]
 u_ic/s_araddr[11]
 u_ic/s_araddr[120]
 u_ic/s_araddr[121]
 u_ic/s_araddr[122]
 u_ic/s_araddr[123]
 u_ic/s_araddr[124]
 u_ic/s_araddr[125]
 u_ic/s_araddr[126]
 u_ic/s_araddr[127]
 u_ic/s_araddr[12]
 u_ic/s_araddr[13]
 u_ic/s_araddr[14]
 u_ic/s_araddr[15]
 u_ic/s_araddr[16]
 u_ic/s_araddr[17]
 u_ic/s_araddr[18]
 u_ic/s_araddr[19]
 u_ic/s_araddr[1]
 u_ic/s_araddr[20]
 u_ic/s_araddr[21]
 u_ic/s_araddr[22]
 u_ic/s_araddr[23]
 u_ic/s_araddr[24]
 u_ic/s_araddr[25]
 u_ic/s_araddr[26]
 u_ic/s_araddr[27]
 u_ic/s_araddr[28]
 u_ic/s_araddr[29]
 u_ic/s_araddr[2]
 u_ic/s_araddr[30]
 u_ic/s_araddr[31]
 u_ic/s_araddr[32]
 u_ic/s_araddr[33]
 u_ic/s_araddr[34]
 u_ic/s_araddr[35]
 u_ic/s_araddr[36]
 u_ic/s_araddr[37]
 u_ic/s_araddr[38]
 u_ic/s_araddr[39]
 u_ic/s_araddr[3]
 u_ic/s_araddr[40]
 u_ic/s_araddr[41]
 u_ic/s_araddr[42]
 u_ic/s_araddr[43]
 u_ic/s_araddr[44]
 u_ic/s_araddr[45]
 u_ic/s_araddr[46]
 u_ic/s_araddr[47]
 u_ic/s_araddr[48]
 u_ic/s_araddr[49]
 u_ic/s_araddr[4]
 u_ic/s_araddr[50]
 u_ic/s_araddr[51]
 u_ic/s_araddr[52]
 u_ic/s_araddr[53]
 u_ic/s_araddr[54]
 u_ic/s_araddr[55]
 u_ic/s_araddr[56]
 u_ic/s_araddr[57]
 u_ic/s_araddr[58]
 u_ic/s_araddr[59]
 u_ic/s_araddr[5]
 u_ic/s_araddr[60]
 u_ic/s_araddr[61]
 u_ic/s_araddr[62]
 u_ic/s_araddr[63]
 u_ic/s_araddr[64]
 u_ic/s_araddr[65]
 u_ic/s_araddr[66]
 u_ic/s_araddr[67]
 u_ic/s_araddr[68]
 u_ic/s_araddr[69]
 u_ic/s_araddr[6]
 u_ic/s_araddr[70]
 u_ic/s_araddr[71]
 u_ic/s_araddr[72]
 u_ic/s_araddr[73]
 u_ic/s_araddr[74]
 u_ic/s_araddr[75]
 u_ic/s_araddr[76]
 u_ic/s_araddr[77]
 u_ic/s_araddr[78]
 u_ic/s_araddr[79]
 u_ic/s_araddr[7]
 u_ic/s_araddr[80]
 u_ic/s_araddr[81]
 u_ic/s_araddr[82]
 u_ic/s_araddr[83]
 u_ic/s_araddr[84]
 u_ic/s_araddr[85]
 u_ic/s_araddr[86]
 u_ic/s_araddr[87]
 u_ic/s_araddr[88]
 u_ic/s_araddr[89]
 u_ic/s_araddr[8]
 u_ic/s_araddr[90]
 u_ic/s_araddr[91]
 u_ic/s_araddr[92]
 u_ic/s_araddr[93]
 u_ic/s_araddr[94]
 u_ic/s_araddr[95]
 u_ic/s_araddr[96]
 u_ic/s_araddr[97]
 u_ic/s_araddr[98]
 u_ic/s_araddr[99]
 u_ic/s_araddr[9]
 u_ic/s_arvalid[0]
 u_ic/s_arvalid[1]
 u_ic/s_arvalid[2]
 u_ic/s_arvalid[3]
 u_ic/s_awaddr[0]
 u_ic/s_awaddr[100]
 u_ic/s_awaddr[101]
 u_ic/s_awaddr[102]
 u_ic/s_awaddr[103]
 u_ic/s_awaddr[104]
 u_ic/s_awaddr[105]
 u_ic/s_awaddr[106]
 u_ic/s_awaddr[107]
 u_ic/s_awaddr[108]
 u_ic/s_awaddr[109]
 u_ic/s_awaddr[10]
 u_ic/s_awaddr[110]
 u_ic/s_awaddr[111]
 u_ic/s_awaddr[112]
 u_ic/s_awaddr[113]
 u_ic/s_awaddr[114]
 u_ic/s_awaddr[115]
 u_ic/s_awaddr[116]
 u_ic/s_awaddr[117]
 u_ic/s_awaddr[118]
 u_ic/s_awaddr[119]
 u_ic/s_awaddr[11]
 u_ic/s_awaddr[120]
 u_ic/s_awaddr[121]
 u_ic/s_awaddr[122]
 u_ic/s_awaddr[123]
 u_ic/s_awaddr[124]
 u_ic/s_awaddr[125]
 u_ic/s_awaddr[126]
 u_ic/s_awaddr[127]
 u_ic/s_awaddr[12]
 u_ic/s_awaddr[13]
 u_ic/s_awaddr[14]
 u_ic/s_awaddr[15]
 u_ic/s_awaddr[16]
 u_ic/s_awaddr[17]
 u_ic/s_awaddr[18]
 u_ic/s_awaddr[19]
 u_ic/s_awaddr[1]
 u_ic/s_awaddr[20]
 u_ic/s_awaddr[21]
 u_ic/s_awaddr[22]
 u_ic/s_awaddr[23]
 u_ic/s_awaddr[24]
 u_ic/s_awaddr[25]
 u_ic/s_awaddr[26]
 u_ic/s_awaddr[27]
 u_ic/s_awaddr[28]
 u_ic/s_awaddr[29]
 u_ic/s_awaddr[2]
 u_ic/s_awaddr[30]
 u_ic/s_awaddr[31]
 u_ic/s_awaddr[32]
 u_ic/s_awaddr[33]
 u_ic/s_awaddr[34]
 u_ic/s_awaddr[35]
 u_ic/s_awaddr[36]
 u_ic/s_awaddr[37]
 u_ic/s_awaddr[38]
 u_ic/s_awaddr[39]
 u_ic/s_awaddr[3]
 u_ic/s_awaddr[40]
 u_ic/s_awaddr[41]
 u_ic/s_awaddr[42]
 u_ic/s_awaddr[43]
 u_ic/s_awaddr[44]
 u_ic/s_awaddr[45]
 u_ic/s_awaddr[46]
 u_ic/s_awaddr[47]
 u_ic/s_awaddr[48]
 u_ic/s_awaddr[49]
 u_ic/s_awaddr[4]
 u_ic/s_awaddr[50]
 u_ic/s_awaddr[51]
 u_ic/s_awaddr[52]
 u_ic/s_awaddr[53]
 u_ic/s_awaddr[54]
 u_ic/s_awaddr[55]
 u_ic/s_awaddr[56]
 u_ic/s_awaddr[57]
 u_ic/s_awaddr[58]
 u_ic/s_awaddr[59]
 u_ic/s_awaddr[5]
 u_ic/s_awaddr[60]
 u_ic/s_awaddr[61]
 u_ic/s_awaddr[62]
 u_ic/s_awaddr[63]
 u_ic/s_awaddr[64]
 u_ic/s_awaddr[65]
 u_ic/s_awaddr[66]
 u_ic/s_awaddr[67]
 u_ic/s_awaddr[68]
 u_ic/s_awaddr[69]
 u_ic/s_awaddr[6]
 u_ic/s_awaddr[70]
 u_ic/s_awaddr[71]
 u_ic/s_awaddr[72]
 u_ic/s_awaddr[73]
 u_ic/s_awaddr[74]
 u_ic/s_awaddr[75]
 u_ic/s_awaddr[76]
 u_ic/s_awaddr[77]
 u_ic/s_awaddr[78]
 u_ic/s_awaddr[79]
 u_ic/s_awaddr[7]
 u_ic/s_awaddr[80]
 u_ic/s_awaddr[81]
 u_ic/s_awaddr[82]
 u_ic/s_awaddr[83]
 u_ic/s_awaddr[84]
 u_ic/s_awaddr[85]
 u_ic/s_awaddr[86]
 u_ic/s_awaddr[87]
 u_ic/s_awaddr[88]
 u_ic/s_awaddr[89]
 u_ic/s_awaddr[8]
 u_ic/s_awaddr[90]
 u_ic/s_awaddr[91]
 u_ic/s_awaddr[92]
 u_ic/s_awaddr[93]
 u_ic/s_awaddr[94]
 u_ic/s_awaddr[95]
 u_ic/s_awaddr[96]
 u_ic/s_awaddr[97]
 u_ic/s_awaddr[98]
 u_ic/s_awaddr[99]
 u_ic/s_awaddr[9]
 u_ic/s_awvalid[0]
 u_ic/s_awvalid[1]
 u_ic/s_awvalid[2]
 u_ic/s_awvalid[3]
 u_ic/s_bready[0]
 u_ic/s_bready[1]
 u_ic/s_bready[2]
 u_ic/s_bready[3]
 u_ic/s_rready[0]
 u_ic/s_rready[1]
 u_ic/s_rready[2]
 u_ic/s_rready[3]
 u_ic/s_wdata[0]
 u_ic/s_wdata[100]
 u_ic/s_wdata[101]
 u_ic/s_wdata[102]
 u_ic/s_wdata[103]
 u_ic/s_wdata[104]
 u_ic/s_wdata[105]
 u_ic/s_wdata[106]
 u_ic/s_wdata[107]
 u_ic/s_wdata[108]
 u_ic/s_wdata[109]
 u_ic/s_wdata[10]
 u_ic/s_wdata[110]
 u_ic/s_wdata[111]
 u_ic/s_wdata[112]
 u_ic/s_wdata[113]
 u_ic/s_wdata[114]
 u_ic/s_wdata[115]
 u_ic/s_wdata[116]
 u_ic/s_wdata[117]
 u_ic/s_wdata[118]
 u_ic/s_wdata[119]
 u_ic/s_wdata[11]
 u_ic/s_wdata[120]
 u_ic/s_wdata[121]
 u_ic/s_wdata[122]
 u_ic/s_wdata[123]
 u_ic/s_wdata[124]
 u_ic/s_wdata[125]
 u_ic/s_wdata[126]
 u_ic/s_wdata[127]
 u_ic/s_wdata[12]
 u_ic/s_wdata[13]
 u_ic/s_wdata[14]
 u_ic/s_wdata[15]
 u_ic/s_wdata[16]
 u_ic/s_wdata[17]
 u_ic/s_wdata[18]
 u_ic/s_wdata[19]
 u_ic/s_wdata[1]
 u_ic/s_wdata[20]
 u_ic/s_wdata[21]
 u_ic/s_wdata[22]
 u_ic/s_wdata[23]
 u_ic/s_wdata[24]
 u_ic/s_wdata[25]
 u_ic/s_wdata[26]
 u_ic/s_wdata[27]
 u_ic/s_wdata[28]
 u_ic/s_wdata[29]
 u_ic/s_wdata[2]
 u_ic/s_wdata[30]
 u_ic/s_wdata[31]
 u_ic/s_wdata[32]
 u_ic/s_wdata[33]
 u_ic/s_wdata[34]
 u_ic/s_wdata[35]
 u_ic/s_wdata[36]
 u_ic/s_wdata[37]
 u_ic/s_wdata[38]
 u_ic/s_wdata[39]
 u_ic/s_wdata[3]
 u_ic/s_wdata[40]
 u_ic/s_wdata[41]
 u_ic/s_wdata[42]
 u_ic/s_wdata[43]
 u_ic/s_wdata[44]
 u_ic/s_wdata[45]
 u_ic/s_wdata[46]
 u_ic/s_wdata[47]
 u_ic/s_wdata[48]
 u_ic/s_wdata[49]
 u_ic/s_wdata[4]
 u_ic/s_wdata[50]
 u_ic/s_wdata[51]
 u_ic/s_wdata[52]
 u_ic/s_wdata[53]
 u_ic/s_wdata[54]
 u_ic/s_wdata[55]
 u_ic/s_wdata[56]
 u_ic/s_wdata[57]
 u_ic/s_wdata[58]
 u_ic/s_wdata[59]
 u_ic/s_wdata[5]
 u_ic/s_wdata[60]
 u_ic/s_wdata[61]
 u_ic/s_wdata[62]
 u_ic/s_wdata[63]
 u_ic/s_wdata[64]
 u_ic/s_wdata[65]
 u_ic/s_wdata[66]
 u_ic/s_wdata[67]
 u_ic/s_wdata[68]
 u_ic/s_wdata[69]
 u_ic/s_wdata[6]
 u_ic/s_wdata[70]
 u_ic/s_wdata[71]
 u_ic/s_wdata[72]
 u_ic/s_wdata[73]
 u_ic/s_wdata[74]
 u_ic/s_wdata[75]
 u_ic/s_wdata[76]
 u_ic/s_wdata[77]
 u_ic/s_wdata[78]
 u_ic/s_wdata[79]
 u_ic/s_wdata[7]
 u_ic/s_wdata[80]
 u_ic/s_wdata[81]
 u_ic/s_wdata[82]
 u_ic/s_wdata[83]
 u_ic/s_wdata[84]
 u_ic/s_wdata[85]
 u_ic/s_wdata[86]
 u_ic/s_wdata[87]
 u_ic/s_wdata[88]
 u_ic/s_wdata[89]
 u_ic/s_wdata[8]
 u_ic/s_wdata[90]
 u_ic/s_wdata[91]
 u_ic/s_wdata[92]
 u_ic/s_wdata[93]
 u_ic/s_wdata[94]
 u_ic/s_wdata[95]
 u_ic/s_wdata[96]
 u_ic/s_wdata[97]
 u_ic/s_wdata[98]
 u_ic/s_wdata[99]
 u_ic/s_wdata[9]
 u_ic/s_wstrb[0]
 u_ic/s_wstrb[10]
 u_ic/s_wstrb[11]
 u_ic/s_wstrb[12]
 u_ic/s_wstrb[13]
 u_ic/s_wstrb[14]
 u_ic/s_wstrb[15]
 u_ic/s_wstrb[1]
 u_ic/s_wstrb[2]
 u_ic/s_wstrb[3]
 u_ic/s_wstrb[4]
 u_ic/s_wstrb[5]
 u_ic/s_wstrb[6]
 u_ic/s_wstrb[7]
 u_ic/s_wstrb[8]
 u_ic/s_wstrb[9]
 u_ic/s_wvalid[0]
 u_ic/s_wvalid[1]
 u_ic/s_wvalid[2]
 u_ic/s_wvalid[3]
 u_periph0/s_axil_arready
 u_periph0/s_axil_awready
 u_periph0/s_axil_bresp[0]
 u_periph0/s_axil_bresp[1]
 u_periph0/s_axil_bvalid
 u_periph0/s_axil_rdata[0]
 u_periph0/s_axil_rdata[10]
 u_periph0/s_axil_rdata[11]
 u_periph0/s_axil_rdata[12]
 u_periph0/s_axil_rdata[13]
 u_periph0/s_axil_rdata[14]
 u_periph0/s_axil_rdata[15]
 u_periph0/s_axil_rdata[16]
 u_periph0/s_axil_rdata[17]
 u_periph0/s_axil_rdata[18]
 u_periph0/s_axil_rdata[19]
 u_periph0/s_axil_rdata[1]
 u_periph0/s_axil_rdata[20]
 u_periph0/s_axil_rdata[21]
 u_periph0/s_axil_rdata[22]
 u_periph0/s_axil_rdata[23]
 u_periph0/s_axil_rdata[24]
 u_periph0/s_axil_rdata[25]
 u_periph0/s_axil_rdata[26]
 u_periph0/s_axil_rdata[27]
 u_periph0/s_axil_rdata[28]
 u_periph0/s_axil_rdata[29]
 u_periph0/s_axil_rdata[2]
 u_periph0/s_axil_rdata[30]
 u_periph0/s_axil_rdata[31]
 u_periph0/s_axil_rdata[3]
 u_periph0/s_axil_rdata[4]
 u_periph0/s_axil_rdata[5]
 u_periph0/s_axil_rdata[6]
 u_periph0/s_axil_rdata[7]
 u_periph0/s_axil_rdata[8]
 u_periph0/s_axil_rdata[9]
 u_periph0/s_axil_rresp[0]
 u_periph0/s_axil_rresp[1]
 u_periph0/s_axil_rvalid
 u_periph0/s_axil_wready
 u_periph1/s_axil_arready
 u_periph1/s_axil_awready
 u_periph1/s_axil_bresp[0]
 u_periph1/s_axil_bresp[1]
 u_periph1/s_axil_bvalid
 u_periph1/s_axil_rdata[0]
 u_periph1/s_axil_rdata[10]
 u_periph1/s_axil_rdata[11]
 u_periph1/s_axil_rdata[12]
 u_periph1/s_axil_rdata[13]
 u_periph1/s_axil_rdata[14]
 u_periph1/s_axil_rdata[15]
 u_periph1/s_axil_rdata[16]
 u_periph1/s_axil_rdata[17]
 u_periph1/s_axil_rdata[18]
 u_periph1/s_axil_rdata[19]
 u_periph1/s_axil_rdata[1]
 u_periph1/s_axil_rdata[20]
 u_periph1/s_axil_rdata[21]
 u_periph1/s_axil_rdata[22]
 u_periph1/s_axil_rdata[23]
 u_periph1/s_axil_rdata[24]
 u_periph1/s_axil_rdata[25]
 u_periph1/s_axil_rdata[26]
 u_periph1/s_axil_rdata[27]
 u_periph1/s_axil_rdata[28]
 u_periph1/s_axil_rdata[29]
 u_periph1/s_axil_rdata[2]
 u_periph1/s_axil_rdata[30]
 u_periph1/s_axil_rdata[31]
 u_periph1/s_axil_rdata[3]
 u_periph1/s_axil_rdata[4]
 u_periph1/s_axil_rdata[5]
 u_periph1/s_axil_rdata[6]
 u_periph1/s_axil_rdata[7]
 u_periph1/s_axil_rdata[8]
 u_periph1/s_axil_rdata[9]
 u_periph1/s_axil_rresp[0]
 u_periph1/s_axil_rresp[1]
 u_periph1/s_axil_rvalid
 u_periph1/s_axil_wready
 u_periph2/s_axil_arready
 u_periph2/s_axil_awready
 u_periph2/s_axil_bresp[0]
 u_periph2/s_axil_bresp[1]
 u_periph2/s_axil_bvalid
 u_periph2/s_axil_rdata[0]
 u_periph2/s_axil_rdata[10]
 u_periph2/s_axil_rdata[11]
 u_periph2/s_axil_rdata[12]
 u_periph2/s_axil_rdata[13]
 u_periph2/s_axil_rdata[14]
 u_periph2/s_axil_rdata[15]
 u_periph2/s_axil_rdata[16]
 u_periph2/s_axil_rdata[17]
 u_periph2/s_axil_rdata[18]
 u_periph2/s_axil_rdata[19]
 u_periph2/s_axil_rdata[1]
 u_periph2/s_axil_rdata[20]
 u_periph2/s_axil_rdata[21]
 u_periph2/s_axil_rdata[22]
 u_periph2/s_axil_rdata[23]
 u_periph2/s_axil_rdata[24]
 u_periph2/s_axil_rdata[25]
 u_periph2/s_axil_rdata[26]
 u_periph2/s_axil_rdata[27]
 u_periph2/s_axil_rdata[28]
 u_periph2/s_axil_rdata[29]
 u_periph2/s_axil_rdata[2]
 u_periph2/s_axil_rdata[30]
 u_periph2/s_axil_rdata[31]
 u_periph2/s_axil_rdata[3]
 u_periph2/s_axil_rdata[4]
 u_periph2/s_axil_rdata[5]
 u_periph2/s_axil_rdata[6]
 u_periph2/s_axil_rdata[7]
 u_periph2/s_axil_rdata[8]
 u_periph2/s_axil_rdata[9]
 u_periph2/s_axil_rresp[0]
 u_periph2/s_axil_rresp[1]
 u_periph2/s_axil_rvalid
 u_periph2/s_axil_wready
 u_ram/s_axil_arready
 u_ram/s_axil_awready
 u_ram/s_axil_bresp[0]
 u_ram/s_axil_bresp[1]
 u_ram/s_axil_bvalid
 u_ram/s_axil_rdata[0]
 u_ram/s_axil_rdata[10]
 u_ram/s_axil_rdata[11]
 u_ram/s_axil_rdata[12]
 u_ram/s_axil_rdata[13]
 u_ram/s_axil_rdata[14]
 u_ram/s_axil_rdata[15]
 u_ram/s_axil_rdata[16]
 u_ram/s_axil_rdata[17]
 u_ram/s_axil_rdata[18]
 u_ram/s_axil_rdata[19]
 u_ram/s_axil_rdata[1]
 u_ram/s_axil_rdata[20]
 u_ram/s_axil_rdata[21]
 u_ram/s_axil_rdata[22]
 u_ram/s_axil_rdata[23]
 u_ram/s_axil_rdata[24]
 u_ram/s_axil_rdata[25]
 u_ram/s_axil_rdata[26]
 u_ram/s_axil_rdata[27]
 u_ram/s_axil_rdata[28]
 u_ram/s_axil_rdata[29]
 u_ram/s_axil_rdata[2]
 u_ram/s_axil_rdata[30]
 u_ram/s_axil_rdata[31]
 u_ram/s_axil_rdata[3]
 u_ram/s_axil_rdata[4]
 u_ram/s_axil_rdata[5]
 u_ram/s_axil_rdata[6]
 u_ram/s_axil_rdata[7]
 u_ram/s_axil_rdata[8]
 u_ram/s_axil_rdata[9]
 u_ram/s_axil_rresp[0]
 u_ram/s_axil_rresp[1]
 u_ram/s_axil_rvalid
 u_ram/s_axil_wready

===========================================================================
max slew violation count 0
Writing metric design__max_slew_violation__count__corner:nom_typ_1p20V_25C: 0
max fanout violation count 0
Writing metric design__max_fanout_violation__count__corner:nom_typ_1p20V_25C: 0
max cap violation count 0
Writing metric design__max_cap_violation__count__corner:nom_typ_1p20V_25C: 0
============================================================================

===========================================================================
check_setup -verbose -unconstrained_endpoints -multiple_clock -no_clock -no_input_delay -loops -generated_clocks
===========================================================================
Warning: There are 4 unconstrained endpoints.
  u_ram/s_axil_araddr[0]
  u_ram/s_axil_araddr[1]
  u_ram/s_axil_awaddr[0]
  u_ram/s_axil_awaddr[1]
