
===========================================================================
report_checks -unconstrained
===========================================================================
======================= nom_fast_1p32V_m40C Corner ===================================

Startpoint: s_axil_awvalid (input port clocked by clk_i)
Endpoint: _1037_ (rising edge-triggered flip-flop clocked by clk_i)
Path Group: clk_i
Path Type: max

Fanout         Cap        Slew       Delay        Time   Description
---------------------------------------------------------------------------------------------
                      0.200000    0.000000    0.000000   clock clk_i (rise edge)
                                  0.000000    0.000000   clock network delay (ideal)
                                  2.000000    2.000000 ^ input external delay
     3    0.010760    0.018498    0.005778    2.005778 ^ s_axil_awvalid (in)
                                                         s_axil_awvalid (net)
                      0.018498    0.000000    2.005778 ^ _0730_/D (sg13g2_nand4_1)
    64    0.247580    1.847113    1.401452    3.407230 v _0730_/Y (sg13g2_nand4_1)
                                                         _0246_ (net)
                      1.847113    0.000000    3.407230 v _0738_/A1 (sg13g2_o21ai_1)
     1    0.003852    0.206990    0.226553    3.633783 ^ _0738_/Y (sg13g2_o21ai_1)
                                                         _0252_ (net)
                      0.206990    0.000000    3.633783 ^ _0739_/B (sg13g2_nor2_1)
     1    0.001830    0.038747    0.043526    3.677309 v _0739_/Y (sg13g2_nor2_1)
                                                         _0036_ (net)
                      0.038747    0.000000    3.677309 v _1037_/D (sg13g2_dfrbpq_1)
                                              3.677309   data arrival time

                      0.200000   10.000000   10.000000   clock clk_i (rise edge)
                                  0.000000   10.000000   clock network delay (ideal)
                                 -0.200000    9.800000   clock uncertainty
                                  0.000000    9.800000   clock reconvergence pessimism
                                              9.800000 ^ _1037_/CLK (sg13g2_dfrbpq_1)
                                 -0.039921    9.760079   library setup time
                                              9.760079   data required time
---------------------------------------------------------------------------------------------
                                              9.760079   data required time
                                             -3.677309   data arrival time
---------------------------------------------------------------------------------------------
                                              6.082770   slack (MET)




===========================================================================
report_checks --slack_max -0.01
============================================================================
======================= nom_fast_1p32V_m40C Corner ===================================

No paths found.


===========================================================================
 report_check_types -max_slew -max_cap -max_fanout -violators
============================================================================
======================= nom_fast_1p32V_m40C Corner ===================================

max fanout

Pin                                   Limit Fanout  Slack
---------------------------------------------------------
_0729_/Y                                  8     65    -57 (VIOLATED)
_0586_/Y                                  8     64    -56 (VIOLATED)
_0730_/Y                                  8     64    -56 (VIOLATED)
s_axil_awaddr[2]                          8     37    -29 (VIOLATED)
_0587_/Y                                  8     36    -28 (VIOLATED)
_0591_/Y                                  8     33    -25 (VIOLATED)
_0592_/Y                                  8     32    -24 (VIOLATED)
_0595_/Y                                  8     32    -24 (VIOLATED)
_0596_/Y                                  8     32    -24 (VIOLATED)
_0597_/Y                                  8     32    -24 (VIOLATED)
s_axil_wstrb[0]                           8     17     -9 (VIOLATED)
s_axil_wstrb[1]                           8     17     -9 (VIOLATED)
s_axil_wstrb[2]                           8     17     -9 (VIOLATED)
s_axil_wstrb[3]                           8     17     -9 (VIOLATED)
s_axil_awaddr[3]                          8      9        (VIOLATED)



===========================================================================
report_parasitic_annotation -report_unannotated
============================================================================
Found 796 unannotated drivers.
 clk_i
 gpio_in[0]
 gpio_in[10]
 gpio_in[11]
 gpio_in[12]
 gpio_in[13]
 gpio_in[14]
 gpio_in[15]
 gpio_in[16]
 gpio_in[17]
 gpio_in[18]
 gpio_in[19]
 gpio_in[1]
 gpio_in[20]
 gpio_in[21]
 gpio_in[22]
 gpio_in[23]
 gpio_in[24]
 gpio_in[25]
 gpio_in[26]
 gpio_in[27]
 gpio_in[28]
 gpio_in[29]
 gpio_in[2]
 gpio_in[30]
 gpio_in[31]
 gpio_in[3]
 gpio_in[4]
 gpio_in[5]
 gpio_in[6]
 gpio_in[7]
 gpio_in[8]
 gpio_in[9]
 rst_ni
 s_axil_araddr[0]
 s_axil_araddr[10]
 s_axil_araddr[11]
 s_axil_araddr[12]
 s_axil_araddr[13]
 s_axil_araddr[14]
 s_axil_araddr[15]
 s_axil_araddr[16]
 s_axil_araddr[17]
 s_axil_araddr[18]
 s_axil_araddr[19]
 s_axil_araddr[1]
 s_axil_araddr[20]
 s_axil_araddr[21]
 s_axil_araddr[22]
 s_axil_araddr[23]
 s_axil_araddr[24]
 s_axil_araddr[25]
 s_axil_araddr[26]
 s_axil_araddr[27]
 s_axil_araddr[28]
 s_axil_araddr[29]
 s_axil_araddr[2]
 s_axil_araddr[30]
 s_axil_araddr[31]
 s_axil_araddr[3]
 s_axil_araddr[4]
 s_axil_araddr[5]
 s_axil_araddr[6]
 s_axil_araddr[7]
 s_axil_araddr[8]
 s_axil_araddr[9]
 s_axil_arvalid
 s_axil_awaddr[0]
 s_axil_awaddr[10]
 s_axil_awaddr[11]
 s_axil_awaddr[12]
 s_axil_awaddr[13]
 s_axil_awaddr[14]
 s_axil_awaddr[15]
 s_axil_awaddr[16]
 s_axil_awaddr[17]
 s_axil_awaddr[18]
 s_axil_awaddr[19]
 s_axil_awaddr[1]
 s_axil_awaddr[20]
 s_axil_awaddr[21]
 s_axil_awaddr[22]
 s_axil_awaddr[23]
 s_axil_awaddr[24]
 s_axil_awaddr[25]
 s_axil_awaddr[26]
 s_axil_awaddr[27]
 s_axil_awaddr[28]
 s_axil_awaddr[29]
 s_axil_awaddr[2]
 s_axil_awaddr[30]
 s_axil_awaddr[31]
 s_axil_awaddr[3]
 s_axil_awaddr[4]
 s_axil_awaddr[5]
 s_axil_awaddr[6]
 s_axil_awaddr[7]
 s_axil_awaddr[8]
 s_axil_awaddr[9]
 s_axil_awvalid
 s_axil_bready
 s_axil_rready
 s_axil_wdata[0]
 s_axil_wdata[10]
 s_axil_wdata[11]
 s_axil_wdata[12]
 s_axil_wdata[13]
 s_axil_wdata[14]
 s_axil_wdata[15]
 s_axil_wdata[16]
 s_axil_wdata[17]
 s_axil_wdata[18]
 s_axil_wdata[19]
 s_axil_wdata[1]
 s_axil_wdata[20]
 s_axil_wdata[21]
 s_axil_wdata[22]
 s_axil_wdata[23]
 s_axil_wdata[24]
 s_axil_wdata[25]
 s_axil_wdata[26]
 s_axil_wdata[27]
 s_axil_wdata[28]
 s_axil_wdata[29]
 s_axil_wdata[2]
 s_axil_wdata[30]
 s_axil_wdata[31]
 s_axil_wdata[3]
 s_axil_wdata[4]
 s_axil_wdata[5]
 s_axil_wdata[6]
 s_axil_wdata[7]
 s_axil_wdata[8]
 s_axil_wdata[9]
 s_axil_wstrb[0]
 s_axil_wstrb[1]
 s_axil_wstrb[2]
 s_axil_wstrb[3]
 s_axil_wvalid
 _0551_/Y
 _0552_/Y
 _0553_/Y
 _0554_/Y
 _0555_/Y
 _0556_/Y
 _0557_/Y
 _0558_/Y
 _0559_/Y
 _0560_/Y
 _0561_/Y
 _0562_/Y
 _0563_/Y
 _0564_/Y
 _0565_/Y
 _0566_/Y
 _0567_/Y
 _0568_/Y
 _0569_/Y
 _0570_/Y
 _0571_/Y
 _0572_/Y
 _0573_/Y
 _0574_/Y
 _0575_/Y
 _0576_/Y
 _0577_/Y
 _0578_/Y
 _0579_/Y
 _0580_/Y
 _0581_/Y
 _0582_/Y
 _0583_/Y
 _0584_/Y
 _0585_/Y
 _0586_/Y
 _0587_/Y
 _0588_/Y
 _0589_/Y
 _0590_/Y
 _0591_/Y
 _0592_/Y
 _0593_/Y
 _0594_/Y
 _0595_/Y
 _0596_/Y
 _0597_/Y
 _0598_/Y
 _0599_/Y
 _0600_/Y
 _0601_/Y
 _0602_/Y
 _0603_/Y
 _0604_/Y
 _0605_/Y
 _0606_/Y
 _0607_/Y
 _0608_/Y
 _0609_/Y
 _0610_/Y
 _0611_/Y
 _0612_/Y
 _0613_/Y
 _0614_/Y
 _0615_/Y
 _0616_/Y
 _0617_/Y
 _0618_/Y
 _0619_/Y
 _0620_/Y
 _0621_/Y
 _0622_/Y
 _0623_/Y
 _0624_/Y
 _0625_/Y
 _0626_/Y
 _0627_/Y
 _0628_/Y
 _0629_/Y
 _0630_/Y
 _0631_/Y
 _0632_/Y
 _0633_/Y
 _0634_/Y
 _0635_/Y
 _0636_/Y
 _0637_/Y
 _0638_/Y
 _0639_/Y
 _0640_/Y
 _0641_/Y
 _0642_/Y
 _0643_/Y
 _0644_/Y
 _0645_/Y
 _0646_/Y
 _0647_/Y
 _0648_/Y
 _0649_/Y
 _0650_/Y
 _0651_/Y
 _0652_/Y
 _0653_/Y
 _0654_/Y
 _0655_/Y
 _0656_/Y
 _0657_/Y
 _0658_/Y
 _0659_/Y
 _0660_/Y
 _0661_/Y
 _0662_/Y
 _0663_/Y
 _0664_/Y
 _0665_/Y
 _0666_/Y
 _0667_/Y
 _0668_/Y
 _0669_/Y
 _0670_/Y
 _0671_/Y
 _0672_/Y
 _0673_/Y
 _0674_/Y
 _0675_/Y
 _0676_/Y
 _0677_/Y
 _0678_/Y
 _0679_/Y
 _0680_/Y
 _0681_/Y
 _0682_/Y
 _0683_/Y
 _0684_/Y
 _0685_/Y
 _0686_/Y
 _0687_/Y
 _0688_/Y
 _0689_/Y
 _0690_/Y
 _0691_/Y
 _0692_/Y
 _0693_/Y
 _0694_/Y
 _0695_/Y
 _0696_/Y
 _0697_/Y
 _0698_/Y
 _0699_/Y
 _0700_/Y
 _0701_/Y
 _0702_/Y
 _0703_/Y
 _0704_/Y
 _0705_/Y
 _0706_/Y
 _0707_/Y
 _0708_/Y
 _0709_/Y
 _0710_/Y
 _0711_/Y
 _0712_/Y
 _0713_/Y
 _0714_/Y
 _0715_/Y
 _0716_/Y
 _0717_/Y
 _0718_/Y
 _0719_/Y
 _0720_/Y
 _0721_/Y
 _0722_/Y
 _0723_/Y
 _0724_/Y
 _0725_/Y
 _0726_/Y
 _0727_/Y
 _0728_/Y
 _0729_/Y
 _0730_/Y
 _0731_/X
 _0732_/X
 _0733_/Y
 _0734_/X
 _0735_/Y
 _0736_/Y
 _0737_/Y
 _0738_/Y
 _0739_/Y
 _0740_/Y
 _0741_/Y
 _0742_/Y
 _0743_/Y
 _0744_/Y
 _0745_/Y
 _0746_/Y
 _0747_/Y
 _0748_/Y
 _0749_/Y
 _0750_/Y
 _0751_/Y
 _0752_/Y
 _0753_/Y
 _0754_/Y
 _0755_/Y
 _0756_/Y
 _0757_/Y
 _0758_/Y
 _0759_/Y
 _0760_/Y
 _0761_/Y
 _0762_/Y
 _0763_/Y
 _0764_/Y
 _0765_/Y
 _0766_/Y
 _0767_/Y
 _0768_/Y
 _0769_/Y
 _0770_/Y
 _0771_/Y
 _0772_/Y
 _0773_/Y
 _0774_/Y
 _0775_/Y
 _0776_/Y
 _0777_/Y
 _0778_/Y
 _0779_/Y
 _0780_/Y
 _0781_/Y
 _0782_/Y
 _0783_/Y
 _0784_/Y
 _0785_/Y
 _0786_/Y
 _0787_/Y
 _0788_/Y
 _0789_/Y
 _0790_/Y
 _0791_/Y
 _0792_/Y
 _0793_/Y
 _0794_/Y
 _0795_/Y
 _0796_/Y
 _0797_/Y
 _0798_/Y
 _0799_/Y
 _0800_/Y
 _0801_/Y
 _0802_/Y
 _0803_/Y
 _0804_/Y
 _0805_/Y
 _0806_/Y
 _0807_/Y
 _0808_/Y
 _0809_/Y
 _0810_/Y
 _0811_/Y
 _0812_/Y
 _0813_/Y
 _0814_/Y
 _0815_/Y
 _0816_/Y
 _0817_/Y
 _0818_/Y
 _0819_/Y
 _0820_/Y
 _0821_/Y
 _0822_/Y
 _0823_/Y
 _0824_/Y
 _0825_/Y
 _0826_/Y
 _0827_/Y
 _0828_/Y
 _0829_/Y
 _0830_/Y
 _0831_/Y
 _0832_/Y
 _0833_/Y
 _0834_/Y
 _0835_/Y
 _0836_/Y
 _0837_/Y
 _0838_/Y
 _0839_/Y
 _0840_/Y
 _0841_/Y
 _0842_/Y
 _0843_/Y
 _0844_/Y
 _0845_/Y
 _0846_/Y
 _0847_/Y
 _0848_/Y
 _0849_/Y
 _0850_/Y
 _0851_/Y
 _0852_/Y
 _0853_/Y
 _0854_/Y
 _0855_/Y
 _0856_/Y
 _0857_/Y
 _0858_/Y
 _0859_/Y
 _0860_/Y
 _0861_/Y
 _0862_/Y
 _0863_/Y
 _0864_/Y
 _0865_/Y
 _0866_/Y
 _0867_/Y
 _0868_/Y
 _0869_/Y
 _0870_/Y
 _0871_/Y
 _0872_/Y
 _0873_/Y
 _0874_/Y
 _0875_/Y
 _0876_/Y
 _0877_/Y
 _0878_/Y
 _0879_/Y
 _0880_/Y
 _0881_/Y
 _0882_/Y
 _0883_/Y
 _0884_/Y
 _0885_/Y
 _0886_/Y
 _0887_/Y
 _0888_/Y
 _0889_/Y
 _0890_/Y
 _0891_/Y
 _0892_/Y
 _0893_/Y
 _0894_/Y
 _0895_/Y
 _0896_/Y
 _0897_/Y
 _0898_/Y
 _0899_/Y
 _0900_/Y
 _0901_/Y
 _0902_/Y
 _0903_/Y
 _0904_/Y
 _0905_/Y
 _0906_/Y
 _0907_/Y
 _0908_/Y
 _0909_/Y
 _0910_/Y
 _0911_/Y
 _0912_/Y
 _0913_/Y
 _0914_/Y
 _0915_/Y
 _0916_/Y
 _0917_/Y
 _0918_/Y
 _0919_/Y
 _0920_/Y
 _0921_/Y
 _0922_/Y
 _0923_/Y
 _0924_/Y
 _0925_/Y
 _0926_/Y
 _0927_/Y
 _0928_/Y
 _0929_/Y
 _0930_/Y
 _0931_/Y
 _0932_/Y
 _0933_/Y
 _0934_/Y
 _0935_/Y
 _0936_/Y
 _0937_/Y
 _0938_/Y
 _0939_/Y
 _0940_/Y
 _0941_/Y
 _0942_/Y
 _0943_/Y
 _0944_/Y
 _0945_/Y
 _0946_/Y
 _0947_/Y
 _0948_/Y
 _0949_/Y
 _0950_/Y
 _0951_/Y
 _0952_/Y
 _0953_/Y
 _0954_/Y
 _0955_/Y
 _0956_/Y
 _0957_/Y
 _0958_/Y
 _0959_/Y
 _0960_/Y
 _0961_/Y
 _0962_/Y
 _0963_/Y
 _0964_/Y
 _0965_/Y
 _0966_/Y
 _0967_/Y
 _0968_/Y
 _0969_/Y
 _0970_/Y
 _0971_/Y
 _0972_/Y
 _0973_/Y
 _0974_/Y
 _0975_/Y
 _0976_/Y
 _0977_/Y
 _0978_/Y
 _0979_/Y
 _0980_/Y
 _0981_/Y
 _0982_/Y
 _0983_/Y
 _0984_/Y
 _0985_/Y
 _0986_/Y
 _0987_/Y
 _0988_/Y
 _0989_/Y
 _0990_/Y
 _0991_/Y
 _0992_/Y
 _0993_/Y
 _0994_/Y
 _0995_/Y
 _0996_/Y
 _0997_/Y
 _0998_/Y
 _0999_/Y
 _1000_/Y
 _1001_/Q
 _1002_/Q
 _1003_/Q
 _1004_/Q
 _1005_/Q
 _1006_/Q
 _1007_/Q
 _1008_/Q
 _1009_/Q
 _1010_/Q
 _1011_/Q
 _1012_/Q
 _1013_/Q
 _1014_/Q
 _1015_/Q
 _1016_/Q
 _1017_/Q
 _1018_/Q
 _1019_/Q
 _1020_/Q
 _1021_/Q
 _1022_/Q
 _1023_/Q
 _1024_/Q
 _1025_/Q
 _1026_/Q
 _1027_/Q
 _1028_/Q
 _1029_/Q
 _1030_/Q
 _1031_/Q
 _1032_/Q
 _1033_/Q
 _1034_/Q
 _1035_/Q
 _1036_/Q
 _1037_/Q
 _1038_/Q
 _1039_/Q
 _1040_/Q
 _1041_/Q
 _1042_/Q
 _1043_/Q
 _1044_/Q
 _1045_/Q
 _1046_/Q
 _1047_/Q
 _1048_/Q
 _1049_/Q
 _1050_/Q
 _1051_/Q
 _1052_/Q
 _1053_/Q
 _1054_/Q
 _1055_/Q
 _1056_/Q
 _1057_/Q
 _1058_/Q
 _1059_/Q
 _1060_/Q
 _1061_/Q
 _1062_/Q
 _1063_/Q
 _1064_/Q
 _1065_/Q
 _1066_/Q
 _1067_/Q
 _1068_/Q
 _1069_/Q
 _1070_/Q
 _1071_/Q
 _1072_/Q
 _1073_/Q
 _1074_/Q
 _1075_/Q
 _1076_/Q
 _1077_/Q
 _1078_/Q
 _1079_/Q
 _1080_/Q
 _1081_/Q
 _1082_/Q
 _1083_/Q
 _1084_/Q
 _1085_/Q
 _1086_/Q
 _1087_/Q
 _1088_/Q
 _1089_/Q
 _1090_/Q
 _1091_/Q
 _1092_/Q
 _1093_/Q
 _1094_/Q
 _1095_/Q
 _1096_/Q
 _1097_/Q
 _1098_/Q
 _1099_/Q
 _1100_/Q
 _1101_/Q
 _1102_/L_HI
 _1103_/L_HI
 _1104_/L_HI
 _1105_/L_HI
 _1106_/L_HI
 _1107_/L_HI
 _1108_/L_HI
 _1109_/L_HI
 _1110_/L_HI
 _1111_/L_HI
 _1112_/L_HI
 _1113_/L_HI
 _1114_/L_HI
 _1115_/L_HI
 _1116_/L_HI
 _1117_/L_HI
 _1118_/L_HI
 _1119_/L_HI
 _1120_/L_HI
 _1121_/L_HI
 _1122_/L_HI
 _1123_/L_HI
 _1124_/L_HI
 _1125_/L_HI
 _1126_/L_HI
 _1127_/L_HI
 _1128_/L_HI
 _1129_/L_HI
 _1130_/L_HI
 _1131_/L_HI
 _1132_/L_HI
 _1133_/L_HI
 _1134_/L_HI
 _1135_/L_HI
 _1136_/L_HI
 _1137_/L_HI
 _1138_/L_HI
 _1139_/L_HI
 _1140_/L_HI
 _1141_/L_HI
 _1142_/L_HI
 _1143_/L_HI
 _1144_/L_HI
 _1145_/L_HI
 _1146_/L_HI
 _1147_/L_HI
 _1148_/L_HI
 _1149_/L_HI
 _1150_/L_HI
 _1151_/L_HI
 _1152_/L_HI
 _1153_/L_HI
 _1154_/L_HI
 _1155_/L_HI
 _1156_/L_HI
 _1157_/L_HI
 _1158_/L_HI
 _1159_/L_HI
 _1160_/L_HI
 _1161_/L_HI
 _1162_/L_HI
 _1163_/L_HI
 _1164_/L_HI
 _1165_/L_HI
 _1166_/L_HI
 _1167_/L_HI
 _1168_/L_HI
 _1169_/L_HI
 _1170_/L_HI
 _1171_/L_HI
 _1172_/L_HI
 _1173_/L_HI
 _1174_/L_HI
 _1175_/L_HI
 _1176_/L_HI
 _1177_/L_HI
 _1178_/L_HI
 _1179_/L_HI
 _1180_/L_HI
 _1181_/L_HI
 _1182_/L_HI
 _1183_/L_HI
 _1184_/L_HI
 _1185_/L_HI
 _1186_/L_HI
 _1187_/L_HI
 _1188_/L_HI
 _1189_/L_HI
 _1190_/L_HI
 _1191_/L_HI
 _1192_/L_HI
 _1193_/L_HI
 _1194_/L_HI
 _1195_/L_HI
 _1196_/L_HI
 _1197_/L_HI
 _1198_/L_HI
 _1199_/L_HI
 _1200_/L_HI
 _1201_/L_HI
 _1202_/L_HI
 _1203_/L_LO
 _1204_/L_LO
 _1205_/L_LO
 _1206_/L_LO
 _1207_/X
Found 0 partially unannotated drivers.

===========================================================================
max slew violation count 0
max fanout violation count 15
max cap violation count 0
============================================================================

===========================================================================
check_setup -verbose -unconstrained_endpoints -multiple_clock -no_clock -no_input_delay -loops -generated_clocks
===========================================================================
