Clock: clk_i
Sources: clk_i 
Generated: no
Virtual: yes
Propagated: no
Period: 10.000000

===========================================================================
report_clock_properties
============================================================================
Clock                   Period          Waveform
----------------------------------------------------
clk_i                10.000000    0.000000  5.000000

===========================================================================
report_clock_latency
============================================================================
Clock clk_i
rise -> rise
    min     max
0.000000 0.000000 source latency
0.496608         network latency _14981_/CLK
        0.599198 network latency _14414_/CLK
---------------
0.496608 0.599198 latency
        0.102590 skew

fall -> fall
    min     max
0.000000 0.000000 source latency
0.496469         network latency _14981_/CLK
        0.597768 network latency _14414_/CLK
---------------
0.496469 0.597768 latency
        0.101299 skew



===========================================================================
report_clock_min_period
============================================================================
clk_i period_min = 5.85 fmax = 171.07
