
===========================================================================
 report_power
============================================================================
======================= nom_typ_1p20V_25C Corner ===================================

Group                    Internal    Switching      Leakage        Total
                            Power        Power        Power        Power (Watts)
------------------------------------------------------------------------
Sequential           9.204050e-03 6.818900e-04 7.153371e-07 9.886655e-03  42.3%
Combinational        4.423401e-03 5.461378e-03 1.452141e-06 9.886231e-03  42.3%
Clock                1.637634e-03 1.944401e-03 1.565711e-07 3.582191e-03  15.3%
Macro                0.000000e+00 0.000000e+00 0.000000e+00 0.000000e+00   0.0%
Pad                  0.000000e+00 0.000000e+00 0.000000e+00 0.000000e+00   0.0%
------------------------------------------------------------------------
Total                1.526511e-02 8.087667e-03 2.324029e-06 2.335510e-02 100.0%
                            65.4%        34.6%         0.0%
Writing metric power__internal__total: 0.015265113674104214
Writing metric power__switching__total: 0.00808766670525074
Writing metric power__leakage__total: 2.324029082956258e-6
Writing metric power__total: 0.02335510402917862

