2026-09-21 21:54:08 +0530: Memory Usage (422808K) : Starting running IHP-SG13G2 KLayout DRC runset on /home/jaikrishn/Documents/hardware/picorv32_axi4lite_port/phyisical_design/macros/ram/runs/run_1/59-klayout-streamout/ram_macro.gds
2026-09-21 21:54:08 +0530: Memory Usage (422964K) : Ruby Version for klayout: 3.3.10
2026-09-21 21:54:08 +0530: Memory Usage (426132K) : Loading database to memory is complete.
2026-09-21 21:54:08 +0530: Memory Usage (426132K) : IHP-SG13G2 KLayout DRC runset output at: /home/jaikrishn/Documents/hardware/picorv32_axi4lite_port/phyisical_design/macros/ram/runs/run_1/66-klayout-drc/reports/drc.klayout.lyrdb
2026-09-21 21:54:08 +0530: Memory Usage (426316K) : Evaluate switches.
2026-09-21 21:54:08 +0530: Memory Usage (426316K) : tables selected: main
2026-09-21 21:54:08 +0530: Memory Usage (426316K) : KLayout will use 12 thread(s) in tiling mode.
2026-09-21 21:54:08 +0530: Memory Usage (426316K) : deep mode is enabled.
2026-09-21 21:54:08 +0530: Memory Usage (426316K) : FEOL enabled: true
2026-09-21 21:54:08 +0530: Memory Usage (426316K) : BEOL enabled: true
2026-09-21 21:54:08 +0530: Memory Usage (426316K) : OFFGRID enabled: true
2026-09-21 21:54:08 +0530: Memory Usage (426316K) : ANGLE enabled: true
2026-09-21 21:54:08 +0530: Memory Usage (426316K) : PIN enabled: true
2026-09-21 21:54:08 +0530: Memory Usage (426316K) : FORBIDDEN enabled: true
2026-09-21 21:54:08 +0530: Memory Usage (426316K) : RECOMMENDED enabled: false
2026-09-21 21:54:08 +0530: Memory Usage (426316K) : PreCheck DRC enabled: false
2026-09-21 21:54:08 +0530: Memory Usage (426316K) : CONNECTIVITY_RULES enabled: true.
2026-09-21 21:54:08 +0530: Memory Usage (426316K) : Read in polygons from layers.
2026-09-21 21:54:08 +0530: Memory Usage (428276K) : activ_drw has 592929 polygons
2026-09-21 21:54:08 +0530: Memory Usage (428276K) : activ_pin has 0 polygons
2026-09-21 21:54:08 +0530: Memory Usage (428276K) : activ_mask has 0 polygons
2026-09-21 21:54:08 +0530: Memory Usage (428276K) : activ_filler has 0 polygons
2026-09-21 21:54:08 +0530: Memory Usage (428276K) : activ_nofill has 0 polygons
2026-09-21 21:54:08 +0530: Memory Usage (428276K) : activ_opc has 0 polygons
2026-09-21 21:54:08 +0530: Memory Usage (428276K) : activ_iopc has 0 polygons
2026-09-21 21:54:08 +0530: Memory Usage (428276K) : activ_noqrc has 0 polygons
2026-09-21 21:54:08 +0530: Memory Usage (428276K) : biwind_drw has 0 polygons
2026-09-21 21:54:08 +0530: Memory Usage (428276K) : biwind_opc has 0 polygons
2026-09-21 21:54:08 +0530: Memory Usage (428276K) : pemwind_drw has 0 polygons
2026-09-21 21:54:08 +0530: Memory Usage (428788K) : gatpoly_drw has 478712 polygons
2026-09-21 21:54:08 +0530: Memory Usage (428788K) : gatpoly_pin has 0 polygons
2026-09-21 21:54:08 +0530: Memory Usage (428788K) : gatpoly_filler has 0 polygons
2026-09-21 21:54:08 +0530: Memory Usage (428788K) : gatpoly_nofill has 0 polygons
2026-09-21 21:54:08 +0530: Memory Usage (428788K) : gatpoly_opc has 0 polygons
2026-09-21 21:54:08 +0530: Memory Usage (428788K) : gatpoly_iopc has 0 polygons
2026-09-21 21:54:08 +0530: Memory Usage (428788K) : gatpoly_noqrc has 0 polygons
2026-09-21 21:54:08 +0530: Memory Usage (428788K) : cont_drw has 1265638 polygons
2026-09-21 21:54:08 +0530: Memory Usage (428788K) : cont_opc has 0 polygons
2026-09-21 21:54:08 +0530: Memory Usage (428788K) : nsd_drw has 0 polygons
2026-09-21 21:54:08 +0530: Memory Usage (428788K) : nsd_block has 0 polygons
2026-09-21 21:54:08 +0530: Memory Usage (429044K) : metal1_drw has 935127 polygons
2026-09-21 21:54:08 +0530: Memory Usage (429172K) : metal1_pin has 58792 polygons
2026-09-21 21:54:08 +0530: Memory Usage (429172K) : metal1_mask has 0 polygons
2026-09-21 21:54:08 +0530: Memory Usage (429172K) : metal1_filler has 0 polygons
2026-09-21 21:54:08 +0530: Memory Usage (429172K) : metal1_nofill has 0 polygons
2026-09-21 21:54:08 +0530: Memory Usage (429172K) : metal1_slit has 0 polygons
2026-09-21 21:54:08 +0530: Memory Usage (429584K) : metal1_text has 47157 polygons
2026-09-21 21:54:08 +0530: Memory Usage (429584K) : metal1_opc has 0 polygons
2026-09-21 21:54:08 +0530: Memory Usage (429584K) : metal1_noqrc has 0 polygons
2026-09-21 21:54:08 +0530: Memory Usage (429712K) : metal1_res has 10 polygons
2026-09-21 21:54:08 +0530: Memory Usage (429712K) : metal1_iprobe has 0 polygons
2026-09-21 21:54:08 +0530: Memory Usage (429712K) : metal1_diffprb has 0 polygons
2026-09-21 21:54:08 +0530: Memory Usage (429712K) : passiv_drw has 0 polygons
2026-09-21 21:54:08 +0530: Memory Usage (429712K) : passiv_pin has 0 polygons
2026-09-21 21:54:08 +0530: Memory Usage (429712K) : passiv_sbump has 0 polygons
2026-09-21 21:54:08 +0530: Memory Usage (429712K) : passiv_pillar has 0 polygons
2026-09-21 21:54:08 +0530: Memory Usage (429840K) : passiv_pdl has 0 polygons
2026-09-21 21:54:08 +0530: Memory Usage (430352K) : metal2_drw has 387223 polygons
2026-09-21 21:54:08 +0530: Memory Usage (430352K) : metal2_pin has 370044 polygons
2026-09-21 21:54:08 +0530: Memory Usage (430352K) : metal2_mask has 0 polygons
2026-09-21 21:54:08 +0530: Memory Usage (430352K) : metal2_filler has 0 polygons
2026-09-21 21:54:08 +0530: Memory Usage (430352K) : metal2_nofill has 0 polygons
2026-09-21 21:54:08 +0530: Memory Usage (430352K) : metal2_slit has 0 polygons
2026-09-21 21:54:08 +0530: Memory Usage (430352K) : metal2_text has 238652 polygons
2026-09-21 21:54:08 +0530: Memory Usage (430352K) : metal2_opc has 0 polygons
2026-09-21 21:54:08 +0530: Memory Usage (430352K) : metal2_noqrc has 0 polygons
2026-09-21 21:54:08 +0530: Memory Usage (430352K) : metal2_res has 65568 polygons
2026-09-21 21:54:08 +0530: Memory Usage (430352K) : metal2_iprobe has 0 polygons
2026-09-21 21:54:08 +0530: Memory Usage (430352K) : metal2_diffprb has 0 polygons
2026-09-21 21:54:08 +0530: Memory Usage (430352K) : baspoly_drw has 0 polygons
2026-09-21 21:54:08 +0530: Memory Usage (430352K) : baspoly_pin has 0 polygons
2026-09-21 21:54:08 +0530: Memory Usage (430736K) : psd_drw has 124509 polygons
2026-09-21 21:54:08 +0530: Memory Usage (430736K) : nldb_drw has 0 polygons
2026-09-21 21:54:08 +0530: Memory Usage (430864K) : digibnd_drw has 41267 polygons
2026-09-21 21:54:08 +0530: Memory Usage (430864K) : via1_drw has 339192 polygons
2026-09-21 21:54:08 +0530: Memory Usage (430864K) : backmetal1_drw has 0 polygons
2026-09-21 21:54:08 +0530: Memory Usage (430864K) : backmetal1_pin has 0 polygons
2026-09-21 21:54:08 +0530: Memory Usage (430864K) : backmetal1_mask has 0 polygons
2026-09-21 21:54:08 +0530: Memory Usage (430864K) : backmetal1_filler has 0 polygons
2026-09-21 21:54:08 +0530: Memory Usage (430864K) : backmetal1_nofill has 0 polygons
2026-09-21 21:54:08 +0530: Memory Usage (430864K) : backmetal1_slit has 0 polygons
2026-09-21 21:54:08 +0530: Memory Usage (430992K) : backmetal1_text has 0 polygons
2026-09-21 21:54:08 +0530: Memory Usage (430992K) : backmetal1_opc has 0 polygons
2026-09-21 21:54:08 +0530: Memory Usage (431120K) : backmetal1_noqrc has 0 polygons
2026-09-21 21:54:08 +0530: Memory Usage (431120K) : backmetal1_res has 0 polygons
2026-09-21 21:54:08 +0530: Memory Usage (431120K) : backmetal1_iprobe has 0 polygons
2026-09-21 21:54:08 +0530: Memory Usage (431248K) : backmetal1_diffprb has 0 polygons
2026-09-21 21:54:08 +0530: Memory Usage (431248K) : backpassiv_drw has 0 polygons
2026-09-21 21:54:08 +0530: Memory Usage (431376K) : res_drw has 0 polygons
2026-09-21 21:54:08 +0530: Memory Usage (431760K) : sram_drw has 38016 polygons
2026-09-21 21:54:08 +0530: Memory Usage (431760K) : trans_drw has 0 polygons
2026-09-21 21:54:08 +0530: Memory Usage (431760K) : ind_drw has 0 polygons
2026-09-21 21:54:09 +0530: Memory Usage (431760K) : ind_pin has 0 polygons
2026-09-21 21:54:09 +0530: Memory Usage (431760K) : ind_text has 0 polygons
2026-09-21 21:54:09 +0530: Memory Usage (431760K) : salblock_drw has 0 polygons
2026-09-21 21:54:09 +0530: Memory Usage (432144K) : via2_drw has 155603 polygons
2026-09-21 21:54:09 +0530: Memory Usage (432400K) : metal3_drw has 146779 polygons
2026-09-21 21:54:09 +0530: Memory Usage (432400K) : metal3_pin has 172959 polygons
2026-09-21 21:54:09 +0530: Memory Usage (432400K) : metal3_mask has 0 polygons
2026-09-21 21:54:09 +0530: Memory Usage (432400K) : metal3_filler has 0 polygons
2026-09-21 21:54:09 +0530: Memory Usage (432400K) : metal3_nofill has 0 polygons
2026-09-21 21:54:09 +0530: Memory Usage (432400K) : metal3_slit has 0 polygons
2026-09-21 21:54:09 +0530: Memory Usage (432784K) : metal3_text has 102559 polygons
2026-09-21 21:54:09 +0530: Memory Usage (432784K) : metal3_opc has 0 polygons
2026-09-21 21:54:09 +0530: Memory Usage (432784K) : metal3_noqrc has 0 polygons
2026-09-21 21:54:09 +0530: Memory Usage (433040K) : metal3_res has 32960 polygons
2026-09-21 21:54:09 +0530: Memory Usage (433040K) : metal3_iprobe has 0 polygons
2026-09-21 21:54:09 +0530: Memory Usage (433040K) : metal3_diffprb has 0 polygons
2026-09-21 21:54:09 +0530: Memory Usage (433168K) : nwell_drw has 96147 polygons
2026-09-21 21:54:09 +0530: Memory Usage (433168K) : nwell_pin has 0 polygons
2026-09-21 21:54:09 +0530: Memory Usage (433168K) : nbulay_drw has 0 polygons
2026-09-21 21:54:09 +0530: Memory Usage (433168K) : nbulay_pin has 0 polygons
2026-09-21 21:54:09 +0530: Memory Usage (433168K) : nbulay_block has 0 polygons
2026-09-21 21:54:09 +0530: Memory Usage (433168K) : emwind_drw has 0 polygons
2026-09-21 21:54:09 +0530: Memory Usage (433168K) : emwind_opc has 0 polygons
2026-09-21 21:54:09 +0530: Memory Usage (433168K) : deepco_drw has 0 polygons
2026-09-21 21:54:09 +0530: Memory Usage (433296K) : deepco_drw has 0 polygons
2026-09-21 21:54:09 +0530: Memory Usage (433296K) : mim_drw has 0 polygons
2026-09-21 21:54:09 +0530: Memory Usage (433424K) : edgeseal_drw has 0 polygons
2026-09-21 21:54:09 +0530: Memory Usage (433424K) : edgeseal_bound has 0 polygons
2026-09-21 21:54:09 +0530: Memory Usage (433552K) : substrate_drw has 0 polygons
2026-09-21 21:54:09 +0530: Memory Usage (433552K) : substrate_text has 0 polygons
2026-09-21 21:54:09 +0530: Memory Usage (433680K) : dfpad_drw has 0 polygons
2026-09-21 21:54:09 +0530: Memory Usage (433680K) : dfpad_pillar has 0 polygons
2026-09-21 21:54:09 +0530: Memory Usage (433808K) : dfpad_sbump has 0 polygons
2026-09-21 21:54:09 +0530: Memory Usage (433808K) : thickgateox_drw has 0 polygons
2026-09-21 21:54:09 +0530: Memory Usage (433936K) : pldb_drw has 0 polygons
2026-09-21 21:54:09 +0530: Memory Usage (433936K) : pwell_drw has 0 polygons
2026-09-21 21:54:09 +0530: Memory Usage (434064K) : pwell_pin has 0 polygons
2026-09-21 21:54:09 +0530: Memory Usage (434064K) : pwell_block has 0 polygons
2026-09-21 21:54:09 +0530: Memory Usage (434064K) : ic_drw has 0 polygons
2026-09-21 21:54:09 +0530: Memory Usage (434576K) : via3_drw has 78607 polygons
2026-09-21 21:54:09 +0530: Memory Usage (434576K) : metal4_drw has 16184 polygons
2026-09-21 21:54:09 +0530: Memory Usage (434704K) : metal4_pin has 104 polygons
2026-09-21 21:54:09 +0530: Memory Usage (434704K) : metal4_mask has 0 polygons
2026-09-21 21:54:09 +0530: Memory Usage (434704K) : metal4_filler has 0 polygons
2026-09-21 21:54:09 +0530: Memory Usage (434704K) : metal4_nofill has 0 polygons
2026-09-21 21:54:09 +0530: Memory Usage (434704K) : metal4_slit has 0 polygons
2026-09-21 21:54:09 +0530: Memory Usage (434704K) : metal4_text has 104 polygons
2026-09-21 21:54:09 +0530: Memory Usage (434704K) : metal4_opc has 0 polygons
2026-09-21 21:54:09 +0530: Memory Usage (434704K) : metal4_noqrc has 0 polygons
2026-09-21 21:54:09 +0530: Memory Usage (434704K) : metal4_res has 0 polygons
2026-09-21 21:54:09 +0530: Memory Usage (434704K) : metal4_iprobe has 0 polygons
2026-09-21 21:54:09 +0530: Memory Usage (434704K) : metal4_diffprb has 0 polygons
2026-09-21 21:54:09 +0530: Memory Usage (434704K) : heattrans_drw has 0 polygons
2026-09-21 21:54:09 +0530: Memory Usage (434704K) : heatres_drw has 0 polygons
2026-09-21 21:54:09 +0530: Memory Usage (434704K) : pempoly_drw has 0 polygons
2026-09-21 21:54:09 +0530: Memory Usage (434704K) : fbe_drw has 0 polygons
2026-09-21 21:54:09 +0530: Memory Usage (434704K) : empoly_drw has 0 polygons
2026-09-21 21:54:09 +0530: Memory Usage (434704K) : ldmos_drw has 0 polygons
2026-09-21 21:54:09 +0530: Memory Usage (434704K) : pbiwind_drw has 0 polygons
2026-09-21 21:54:09 +0530: Memory Usage (434704K) : digisub_drw has 0 polygons
2026-09-21 21:54:09 +0530: Memory Usage (434704K) : nodrc_drw has 0 polygons
2026-09-21 21:54:09 +0530: Memory Usage (434704K) : text_drw has 399164 polygons
2026-09-21 21:54:09 +0530: Memory Usage (434704K) : via4_drw has 82043 polygons
2026-09-21 21:54:09 +0530: Memory Usage (434704K) : metal5_drw has 5749 polygons
2026-09-21 21:54:09 +0530: Memory Usage (434704K) : metal5_pin has 0 polygons
2026-09-21 21:54:09 +0530: Memory Usage (434704K) : metal5_mask has 0 polygons
2026-09-21 21:54:09 +0530: Memory Usage (434704K) : metal5_filler has 0 polygons
2026-09-21 21:54:09 +0530: Memory Usage (434704K) : metal5_nofill has 0 polygons
2026-09-21 21:54:09 +0530: Memory Usage (434704K) : metal5_slit has 0 polygons
2026-09-21 21:54:09 +0530: Memory Usage (434704K) : metal5_text has 0 polygons
2026-09-21 21:54:09 +0530: Memory Usage (434704K) : metal5_opc has 0 polygons
2026-09-21 21:54:09 +0530: Memory Usage (434704K) : metal5_noqrc has 0 polygons
2026-09-21 21:54:09 +0530: Memory Usage (434704K) : metal5_res has 0 polygons
2026-09-21 21:54:09 +0530: Memory Usage (434704K) : metal5_iprobe has 0 polygons
2026-09-21 21:54:09 +0530: Memory Usage (434704K) : metal5_diffprb has 0 polygons
2026-09-21 21:54:09 +0530: Memory Usage (434704K) : radhard_drw has 0 polygons
2026-09-21 21:54:09 +0530: Memory Usage (434704K) : memcap_drw has 0 polygons
2026-09-21 21:54:09 +0530: Memory Usage (434704K) : varicap_drw has 0 polygons
2026-09-21 21:54:09 +0530: Memory Usage (434704K) : flash_drw has 0 polygons
2026-09-21 21:54:09 +0530: Memory Usage (434704K) : intbondvia_drw has 0 polygons
2026-09-21 21:54:09 +0530: Memory Usage (434704K) : intbondmet_drw has 0 polygons
2026-09-21 21:54:09 +0530: Memory Usage (434704K) : devbondvia_drw has 0 polygons
2026-09-21 21:54:09 +0530: Memory Usage (434704K) : devbondmet_drw has 0 polygons
2026-09-21 21:54:09 +0530: Memory Usage (434704K) : devtrench_drw has 0 polygons
2026-09-21 21:54:09 +0530: Memory Usage (434704K) : redist_drw has 0 polygons
2026-09-21 21:54:09 +0530: Memory Usage (434704K) : graphbot_drw has 0 polygons
2026-09-21 21:54:09 +0530: Memory Usage (434704K) : graphtop_drw has 0 polygons
2026-09-21 21:54:09 +0530: Memory Usage (434704K) : antvia1_drw has 0 polygons
2026-09-21 21:54:09 +0530: Memory Usage (434704K) : antmetal2_drw has 0 polygons
2026-09-21 21:54:09 +0530: Memory Usage (434704K) : graphcont_drw has 0 polygons
2026-09-21 21:54:09 +0530: Memory Usage (434704K) : siwg_drw has 0 polygons
2026-09-21 21:54:09 +0530: Memory Usage (434704K) : siwg_filler has 0 polygons
2026-09-21 21:54:09 +0530: Memory Usage (434704K) : siwg_nofill has 0 polygons
2026-09-21 21:54:09 +0530: Memory Usage (434704K) : sigrating_drw has 0 polygons
2026-09-21 21:54:09 +0530: Memory Usage (434704K) : singrating_drw has 0 polygons
2026-09-21 21:54:09 +0530: Memory Usage (434704K) : graphpas_drw has 0 polygons
2026-09-21 21:54:09 +0530: Memory Usage (434704K) : emwind3_drw has 0 polygons
2026-09-21 21:54:09 +0530: Memory Usage (434704K) : emwihv3_drw has 0 polygons
2026-09-21 21:54:09 +0530: Memory Usage (434704K) : redbulay_drw has 0 polygons
2026-09-21 21:54:09 +0530: Memory Usage (434704K) : smos_drw has 0 polygons
2026-09-21 21:54:09 +0530: Memory Usage (434704K) : graphpad_drw has 0 polygons
2026-09-21 21:54:09 +0530: Memory Usage (434704K) : polimide_drw has 0 polygons
2026-09-21 21:54:09 +0530: Memory Usage (434704K) : polimide_pin has 0 polygons
2026-09-21 21:54:09 +0530: Memory Usage (434704K) : recog_drw has 0 polygons
2026-09-21 21:54:09 +0530: Memory Usage (434704K) : recog_pin has 0 polygons
2026-09-21 21:54:09 +0530: Memory Usage (434704K) : recog_esd has 0 polygons
2026-09-21 21:54:09 +0530: Memory Usage (434704K) : recog_diode has 8 polygons
2026-09-21 21:54:09 +0530: Memory Usage (434704K) : recog_tsv has 0 polygons
2026-09-21 21:54:09 +0530: Memory Usage (434704K) : recog_iprobe has 0 polygons
2026-09-21 21:54:09 +0530: Memory Usage (434704K) : recog_diffprb has 0 polygons
2026-09-21 21:54:09 +0530: Memory Usage (434704K) : recog_pillar has 0 polygons
2026-09-21 21:54:09 +0530: Memory Usage (434704K) : recog_sbump has 0 polygons
2026-09-21 21:54:09 +0530: Memory Usage (434704K) : recog_otp has 0 polygons
2026-09-21 21:54:09 +0530: Memory Usage (434704K) : recog_pdiode has 0 polygons
2026-09-21 21:54:09 +0530: Memory Usage (434704K) : recog_mom has 0 polygons
2026-09-21 21:54:09 +0530: Memory Usage (434704K) : recog_momf has 0 polygons
2026-09-21 21:54:09 +0530: Memory Usage (434704K) : recog_pcm has 0 polygons
2026-09-21 21:54:09 +0530: Memory Usage (434704K) : colopen_drw has 0 polygons
2026-09-21 21:54:09 +0530: Memory Usage (434704K) : graphmetal1_drw has 0 polygons
2026-09-21 21:54:09 +0530: Memory Usage (434704K) : graphmetal1_filler has 0 polygons
2026-09-21 21:54:09 +0530: Memory Usage (434704K) : graphmetal1_nofill has 0 polygons
2026-09-21 21:54:09 +0530: Memory Usage (434704K) : graphmetal1_slit has 0 polygons
2026-09-21 21:54:09 +0530: Memory Usage (434704K) : graphmetal1_opc has 0 polygons
2026-09-21 21:54:09 +0530: Memory Usage (434704K) : graphmet1l_drw has 0 polygons
2026-09-21 21:54:09 +0530: Memory Usage (434704K) : graphmet1l_filler has 0 polygons
2026-09-21 21:54:09 +0530: Memory Usage (434704K) : graphmet1l_nofill has 0 polygons
2026-09-21 21:54:09 +0530: Memory Usage (434704K) : graphmet1l_slit has 0 polygons
2026-09-21 21:54:09 +0530: Memory Usage (434704K) : graphmet1l_opc has 0 polygons
2026-09-21 21:54:09 +0530: Memory Usage (434704K) : extblock_drw has 0 polygons
2026-09-21 21:54:09 +0530: Memory Usage (434704K) : nldd_drw has 0 polygons
2026-09-21 21:54:09 +0530: Memory Usage (434704K) : pldd_drw has 0 polygons
2026-09-21 21:54:09 +0530: Memory Usage (434704K) : next_drw has 0 polygons
2026-09-21 21:54:09 +0530: Memory Usage (434704K) : pext_drw has 0 polygons
2026-09-21 21:54:09 +0530: Memory Usage (434704K) : nexthv_drw has 0 polygons
2026-09-21 21:54:09 +0530: Memory Usage (434704K) : pexthv_drw has 0 polygons
2026-09-21 21:54:09 +0530: Memory Usage (434704K) : graphgate_drw has 0 polygons
2026-09-21 21:54:09 +0530: Memory Usage (434704K) : sinwg_drw has 0 polygons
2026-09-21 21:54:09 +0530: Memory Usage (434704K) : sinwg_filler has 0 polygons
2026-09-21 21:54:09 +0530: Memory Usage (434704K) : sinwg_nofill has 0 polygons
2026-09-21 21:54:09 +0530: Memory Usage (434704K) : mempad_drw has 0 polygons
2026-09-21 21:54:09 +0530: Memory Usage (434704K) : topvia1_drw has 3374 polygons
2026-09-21 21:54:09 +0530: Memory Usage (434704K) : topmetal1_drw has 1585 polygons
2026-09-21 21:54:09 +0530: Memory Usage (434704K) : topmetal1_pin has 18 polygons
2026-09-21 21:54:09 +0530: Memory Usage (434704K) : topmetal1_mask has 0 polygons
2026-09-21 21:54:09 +0530: Memory Usage (434704K) : topmetal1_filler has 0 polygons
2026-09-21 21:54:09 +0530: Memory Usage (434704K) : topmetal1_nofill has 0 polygons
2026-09-21 21:54:09 +0530: Memory Usage (434704K) : topmetal1_slit has 0 polygons
2026-09-21 21:54:09 +0530: Memory Usage (434704K) : topmetal1_text has 2 polygons
2026-09-21 21:54:09 +0530: Memory Usage (434704K) : topmetal1_noqrc has 0 polygons
2026-09-21 21:54:09 +0530: Memory Usage (434704K) : topmetal1_res has 0 polygons
2026-09-21 21:54:09 +0530: Memory Usage (434704K) : topmetal1_iprobe has 0 polygons
2026-09-21 21:54:09 +0530: Memory Usage (434704K) : topmetal1_diffprb has 0 polygons
2026-09-21 21:54:09 +0530: Memory Usage (434704K) : inldpwl_drw has 0 polygons
2026-09-21 21:54:09 +0530: Memory Usage (434704K) : polyres_drw has 0 polygons
2026-09-21 21:54:09 +0530: Memory Usage (434704K) : polyres_pin has 0 polygons
2026-09-21 21:54:09 +0530: Memory Usage (434704K) : vmim_drw has 0 polygons
2026-09-21 21:54:09 +0530: Memory Usage (434704K) : nbulaycut_drw has 0 polygons
2026-09-21 21:54:09 +0530: Memory Usage (434704K) : antmetal1_drw has 0 polygons
2026-09-21 21:54:09 +0530: Memory Usage (434960K) : topvia2_drw has 162 polygons
2026-09-21 21:54:09 +0530: Memory Usage (435088K) : topmetal2_drw has 198 polygons
2026-09-21 21:54:09 +0530: Memory Usage (435088K) : topmetal2_pin has 18 polygons
2026-09-21 21:54:09 +0530: Memory Usage (435088K) : topmetal2_mask has 0 polygons
2026-09-21 21:54:09 +0530: Memory Usage (435088K) : topmetal2_filler has 0 polygons
2026-09-21 21:54:09 +0530: Memory Usage (435088K) : topmetal2_nofill has 0 polygons
2026-09-21 21:54:09 +0530: Memory Usage (435088K) : topmetal2_slit has 0 polygons
2026-09-21 21:54:09 +0530: Memory Usage (435088K) : topmetal2_text has 2 polygons
2026-09-21 21:54:09 +0530: Memory Usage (435088K) : topmetal2_noqrc has 0 polygons
2026-09-21 21:54:09 +0530: Memory Usage (435088K) : topmetal2_res has 0 polygons
2026-09-21 21:54:09 +0530: Memory Usage (435216K) : topmetal2_iprobe has 0 polygons
2026-09-21 21:54:09 +0530: Memory Usage (435216K) : topmetal2_diffprb has 0 polygons
2026-09-21 21:54:09 +0530: Memory Usage (435344K) : snsring_drw has 0 polygons
2026-09-21 21:54:09 +0530: Memory Usage (435344K) : sensor_drw has 0 polygons
2026-09-21 21:54:09 +0530: Memory Usage (435472K) : snsarms_drw has 0 polygons
2026-09-21 21:54:09 +0530: Memory Usage (435472K) : snscmosvia_drw has 0 polygons
2026-09-21 21:54:09 +0530: Memory Usage (435600K) : colwind_drw has 0 polygons
2026-09-21 21:54:09 +0530: Memory Usage (435600K) : flm_drw has 0 polygons
2026-09-21 21:54:09 +0530: Memory Usage (435728K) : hafniumox_drw has 0 polygons
2026-09-21 21:54:09 +0530: Memory Usage (435728K) : memvia_drw has 0 polygons
2026-09-21 21:54:09 +0530: Memory Usage (435728K) : thinfilmres_drw has 0 polygons
2026-09-21 21:54:09 +0530: Memory Usage (435856K) : rfmem_drw has 0 polygons
2026-09-21 21:54:09 +0530: Memory Usage (435856K) : norcx_drw has 0 polygons
2026-09-21 21:54:09 +0530: Memory Usage (435984K) : norcx_m2m3 has 0 polygons
2026-09-21 21:54:09 +0530: Memory Usage (435984K) : norcx_m2m4 has 0 polygons
2026-09-21 21:54:09 +0530: Memory Usage (436112K) : norcx_m2m5 has 0 polygons
2026-09-21 21:54:09 +0530: Memory Usage (436112K) : norcx_m2tm1 has 0 polygons
2026-09-21 21:54:09 +0530: Memory Usage (436240K) : norcx_m2tm2 has 0 polygons
2026-09-21 21:54:09 +0530: Memory Usage (436240K) : norcx_m3m4 has 0 polygons
2026-09-21 21:54:09 +0530: Memory Usage (436368K) : norcx_m3m5 has 0 polygons
2026-09-21 21:54:09 +0530: Memory Usage (436368K) : norcx_m3tm1 has 0 polygons
2026-09-21 21:54:09 +0530: Memory Usage (436368K) : norcx_m3tm2 has 0 polygons
2026-09-21 21:54:09 +0530: Memory Usage (436496K) : norcx_m4m5 has 0 polygons
2026-09-21 21:54:09 +0530: Memory Usage (436496K) : norcx_m4tm1 has 0 polygons
2026-09-21 21:54:09 +0530: Memory Usage (436624K) : norcx_m4tm2 has 0 polygons
2026-09-21 21:54:09 +0530: Memory Usage (436624K) : norcx_m5tm1 has 0 polygons
2026-09-21 21:54:09 +0530: Memory Usage (436752K) : norcx_m5tm2 has 0 polygons
2026-09-21 21:54:09 +0530: Memory Usage (436752K) : norcx_tm1tm2 has 0 polygons
2026-09-21 21:54:09 +0530: Memory Usage (436880K) : norcx_m1sub has 0 polygons
2026-09-21 21:54:09 +0530: Memory Usage (436880K) : norcx_m2sub has 0 polygons
2026-09-21 21:54:09 +0530: Memory Usage (437008K) : norcx_m3sub has 0 polygons
2026-09-21 21:54:09 +0530: Memory Usage (437008K) : norcx_m4sub has 0 polygons
2026-09-21 21:54:09 +0530: Memory Usage (437008K) : norcx_m5sub has 0 polygons
2026-09-21 21:54:09 +0530: Memory Usage (437136K) : norcx_tm1sub has 0 polygons
2026-09-21 21:54:09 +0530: Memory Usage (437136K) : norcx_tm2sub has 0 polygons
2026-09-21 21:54:09 +0530: Memory Usage (437264K) : snsbotvia_drw has 0 polygons
2026-09-21 21:54:09 +0530: Memory Usage (437264K) : snstopvia_drw has 0 polygons
2026-09-21 21:54:09 +0530: Memory Usage (437392K) : deepvia_drw has 0 polygons
2026-09-21 21:54:09 +0530: Memory Usage (437392K) : fgetch_drw has 0 polygons
2026-09-21 21:54:09 +0530: Memory Usage (437520K) : ctrgat_drw has 0 polygons
2026-09-21 21:54:09 +0530: Memory Usage (437520K) : fgimp_drw has 0 polygons
2026-09-21 21:54:09 +0530: Memory Usage (437648K) : emwihv_drw has 0 polygons
2026-09-21 21:54:09 +0530: Memory Usage (437648K) : lbe_drw has 0 polygons
2026-09-21 21:54:09 +0530: Memory Usage (437648K) : alcustop_drw has 0 polygons
2026-09-21 21:54:09 +0530: Memory Usage (437776K) : nometfiller_drw has 0 polygons
2026-09-21 21:54:09 +0530: Memory Usage (437776K) : prboundary_drw has 0 polygons
2026-09-21 21:54:09 +0530: Memory Usage (437904K) : exchange0_drw has 0 polygons
2026-09-21 21:54:09 +0530: Memory Usage (437904K) : exchange0_pin has 0 polygons
2026-09-21 21:54:09 +0530: Memory Usage (438032K) : exchange0_text has 0 polygons
2026-09-21 21:54:09 +0530: Memory Usage (438032K) : exchange1_drw has 0 polygons
2026-09-21 21:54:09 +0530: Memory Usage (438160K) : exchange1_pin has 0 polygons
2026-09-21 21:54:09 +0530: Memory Usage (438160K) : exchange1_text has 0 polygons
2026-09-21 21:54:09 +0530: Memory Usage (438160K) : exchange2_drw has 0 polygons
2026-09-21 21:54:09 +0530: Memory Usage (438288K) : exchange2_pin has 0 polygons
2026-09-21 21:54:09 +0530: Memory Usage (438288K) : exchange2_text has 0 polygons
2026-09-21 21:54:09 +0530: Memory Usage (438416K) : exchange3_drw has 0 polygons
2026-09-21 21:54:09 +0530: Memory Usage (438416K) : exchange3_pin has 0 polygons
2026-09-21 21:54:09 +0530: Memory Usage (438416K) : exchange3_text has 0 polygons
2026-09-21 21:54:09 +0530: Memory Usage (438416K) : exchange4_drw has 0 polygons
2026-09-21 21:54:09 +0530: Memory Usage (438416K) : exchange4_pin has 0 polygons
2026-09-21 21:54:09 +0530: Memory Usage (438416K) : exchange4_text has 0 polygons
2026-09-21 21:54:09 +0530: Memory Usage (438416K) : isonwell_drw has 0 polygons
2026-09-21 21:54:09 +0530: Memory Usage (438416K) : Total no. of polygons in the design is 6277165
2026-09-21 21:54:09 +0530: Memory Usage (438416K) : Loaded TECH DRC rules values from /home/jaikrishn/IHP-Open-PDK/ihp-sg13g2/libs.tech/klayout/python/sg13g2_pycell_lib/sg13g2_tech_mod.json
2026-09-21 21:54:09 +0530: Memory Usage (438416K) : Loaded default DRC rules values from /home/jaikrishn/IHP-Open-PDK/ihp-sg13g2/libs.tech/klayout/tech/drc/rule_decks/sg13g2_tech_default.json
2026-09-21 21:54:09 +0530: Memory Usage (438416K) : The following rules values were missing in tech json and default values were used:
2026-09-21 21:54:09 +0530: Memory Usage (438416K) :   - NW_f1_digibnd
2026-09-21 21:54:09 +0530: Memory Usage (438416K) :   - Cnt_c_digibnd
2026-09-21 21:54:09 +0530: Memory Usage (438416K) :   - Cnt_c_sram
2026-09-21 21:54:09 +0530: Memory Usage (438416K) :   - Sdiod_b
2026-09-21 21:54:09 +0530: Memory Usage (438416K) :   - Sdiod_c
2026-09-21 21:54:09 +0530: Memory Usage (441384K) : Total area of the design is 454687.28729999997 um^2.
2026-09-21 21:54:09 +0530: Memory Usage (441384K) : The design dimensions are 665.01 µm * 683.73 µm.
2026-09-21 21:54:09 +0530: Memory Usage (441384K) : Starting general IHP-SG13G2 derivations.
2026-09-21 21:54:09 +0530: Memory Usage (441384K) : Starting Pwell derivations
2026-09-21 21:54:10 +0530: Memory Usage (475960K) : Starting n-Activ derivations
2026-09-21 21:54:10 +0530: Memory Usage (490040K) : Starting p-Activ derivations
2026-09-21 21:54:10 +0530: Memory Usage (502968K) : Starting ptap derivations
2026-09-21 21:54:11 +0530: Memory Usage (515512K) : Starting ntap derivations
2026-09-21 21:54:11 +0530: Memory Usage (528440K) : Starting pact FET derivations
2026-09-21 21:54:11 +0530: Memory Usage (528440K) : Starting nact FET derivations
2026-09-21 21:54:11 +0530: Memory Usage (530360K) : Starting Gate derivations
2026-09-21 21:54:12 +0530: Memory Usage (537144K) : Starting cont/contbar general derivations
2026-09-21 21:54:13 +0530: Memory Usage (658488K) : Starting pad general derivations
2026-09-21 21:54:13 +0530: Memory Usage (658488K) : Starting schottky_nbl general derivations
2026-09-21 21:54:13 +0530: Memory Usage (658488K) : Starting SVaricap general derivations
2026-09-21 21:54:14 +0530: Memory Usage (659128K) : Starting HBT general derivations
2026-09-21 21:54:14 +0530: Memory Usage (659128K) : Starting IHP-SG13G2 DRC connectivity related derivations.
2026-09-21 21:54:14 +0530: Memory Usage (664504K) : Starting IHP-SG13G2 DRC connectivity setup
2026-09-21 21:54:16 +0530: Memory Usage (664680K) : Starting IHP-SG13G2 DRC rules.
2026-09-21 21:54:16 +0530: Memory Usage (664680K) : Running all FEOL rules
2026-09-21 21:54:16 +0530: Memory Usage (664680K) : Running all BEOL rules
2026-09-21 21:54:16 +0530: Memory Usage (664680K) : Running all PIN rules
2026-09-21 21:54:16 +0530: Memory Usage (664680K) : Running all FORBIDDEN rules
2026-09-21 21:54:16 +0530: Memory Usage (664680K) : Starting 5.1 NWell table
2026-09-21 21:54:16 +0530: Memory Usage (664680K) : Executing rule NW.b
2026-09-21 21:54:18 +0530: Memory Usage (665200K) : Executing rule NW.b1
2026-09-21 21:54:18 +0530: Memory Usage (665328K) : Executing rule NW.f1
2026-09-21 21:54:18 +0530: Memory Usage (665328K) : Executing rule NW.f1.digibnd
2026-09-21 21:54:18 +0530: Memory Usage (665328K) : Starting 5.2 PWell:block
2026-09-21 21:54:18 +0530: Memory Usage (665328K) : Executing rule PWB.e
2026-09-21 21:54:18 +0530: Memory Usage (665328K) : Executing rule PWB.e1
2026-09-21 21:54:18 +0530: Memory Usage (665328K) : Executing rule PWB.f
2026-09-21 21:54:18 +0530: Memory Usage (665328K) : Executing rule PWB.f1
2026-09-21 21:54:18 +0530: Memory Usage (665328K) : Starting 5.3 nBuLay table
2026-09-21 21:54:19 +0530: Memory Usage (665328K) : Executing rule NBL.b
2026-09-21 21:54:19 +0530: Memory Usage (665328K) : Executing rule NBL.c
2026-09-21 21:54:19 +0530: Memory Usage (665328K) : Executing rule NBL.d
2026-09-21 21:54:19 +0530: Memory Usage (672496K) : Executing rule NBL.e
2026-09-21 21:54:19 +0530: Memory Usage (692080K) : Executing rule NBL.f
2026-09-21 21:54:19 +0530: Memory Usage (692848K) : Starting 5.5. Activ table
2026-09-21 21:54:19 +0530: Memory Usage (692848K) : Executing rule Act.a
2026-09-21 21:54:19 +0530: Memory Usage (692848K) : Executing rule Act.b
2026-09-21 21:54:20 +0530: Memory Usage (708756K) : Starting 5.6 Activ:filler table
2026-09-21 21:54:20 +0530: Memory Usage (708756K) : Executing rule AFil.c1
2026-09-21 21:54:20 +0530: Memory Usage (708756K) : Executing rule AFil.c
2026-09-21 21:54:20 +0530: Memory Usage (708756K) : Executing rule AFil.d
2026-09-21 21:54:20 +0530: Memory Usage (708756K) : Executing rule AFil.e
2026-09-21 21:54:20 +0530: Memory Usage (708756K) : Executing rule AFil.j
2026-09-21 21:54:20 +0530: Memory Usage (708756K) : Starting 5.7. ThickGateOx table
2026-09-21 21:54:20 +0530: Memory Usage (708756K) : Executing rule TGO.f
2026-09-21 21:54:20 +0530: Memory Usage (708756K) : Starting 5.8. GatPoly table
2026-09-21 21:54:20 +0530: Memory Usage (708756K) : Executing rule Gat.a
2026-09-21 21:54:20 +0530: Memory Usage (708756K) : Executing rule Gat.b
2026-09-21 21:54:20 +0530: Memory Usage (709652K) : Executing rule Gat.d
2026-09-21 21:54:20 +0530: Memory Usage (720532K) : Executing rule Gat.a1
2026-09-21 21:54:21 +0530: Memory Usage (733648K) : Executing rule Gat.a2
2026-09-21 21:54:21 +0530: Memory Usage (745168K) : Executing rule Gat.g
2026-09-21 21:54:21 +0530: Memory Usage (745460K) : Starting 5.9 GatPoly:filler
2026-09-21 21:54:21 +0530: Memory Usage (745460K) : Executing rule GFil.d
2026-09-21 21:54:21 +0530: Memory Usage (745460K) : Executing rule GFil.e
2026-09-21 21:54:21 +0530: Memory Usage (745460K) : Executing rule GFil.i
2026-09-21 21:54:21 +0530: Memory Usage (745460K) : Starting 5.10 pSD table
2026-09-21 21:54:21 +0530: Memory Usage (745460K) : Executing rule pSD.c1
2026-09-21 21:54:22 +0530: Memory Usage (760948K) : Starting 5.14. Cont table
2026-09-21 21:54:22 +0530: Memory Usage (766708K) : Executing rule Cnt.a
2026-09-21 21:54:24 +0530: Memory Usage (848884K) : Executing rule Cnt.b
2026-09-21 21:54:24 +0530: Memory Usage (851956K) : Executing rule Cnt.c
2026-09-21 21:54:26 +0530: Memory Usage (875764K) : Executing rule Cnt.c.digibnd
2026-09-21 21:54:26 +0530: Memory Usage (881648K) : Executing rule Cnt.c.SRAM
2026-09-21 21:54:27 +0530: Memory Usage (881768K) : Executing rule Cnt.d
2026-09-21 21:54:27 +0530: Memory Usage (885480K) : Executing rule Cnt.e
2026-09-21 21:54:27 +0530: Memory Usage (885608K) : Executing rule Cnt.g1
2026-09-21 21:54:28 +0530: Memory Usage (885864K) : Executing rule Cnt.g2
2026-09-21 21:54:30 +0530: Memory Usage (900320K) : Starting 5.15. ContBar table
2026-09-21 21:54:30 +0530: Memory Usage (900320K) : Executing rule CntB.a
2026-09-21 21:54:32 +0530: Memory Usage (906208K) : Executing rule CntB.a1
2026-09-21 21:54:32 +0530: Memory Usage (906208K) : Executing rule CntB.b1
2026-09-21 21:54:32 +0530: Memory Usage (906208K) : Executing rule CntB.h1
2026-09-21 21:54:32 +0530: Memory Usage (906336K) : Starting 6.1.3 NPN Substrate-Tie table
2026-09-21 21:54:32 +0530: Memory Usage (906336K) : Starting 6.7 Schottky diode table
2026-09-21 21:54:32 +0530: Memory Usage (906336K) : Executing rule Sdiod.b
2026-09-21 21:54:32 +0530: Memory Usage (906336K) : Executing rule Sdiod.c
2026-09-21 21:54:32 +0530: Memory Usage (906336K) : Executing rule Sdiod.d
2026-09-21 21:54:32 +0530: Memory Usage (906336K) : Executing rule Sdiod.e
2026-09-21 21:54:32 +0530: Memory Usage (906336K) : Starting 7.2 Latch-up table
2026-09-21 21:54:32 +0530: Memory Usage (906336K) : Executing rule LU.b
2026-09-21 21:54:34 +0530: Memory Usage (917600K) : Starting 5.16. Metal1 table
2026-09-21 21:54:34 +0530: Memory Usage (917600K) : Executing rule M1.a
2026-09-21 21:54:35 +0530: Memory Usage (917600K) : Executing rule M1.b
2026-09-21 21:54:38 +0530: Memory Usage (925024K) : Executing rule M1.e
2026-09-21 21:54:44 +0530: Memory Usage (925792K) : Executing rule M1.f
2026-09-21 21:54:46 +0530: Memory Usage (925792K) : Executing rule M1.g
2026-09-21 21:54:46 +0530: Memory Usage (930120K) : Executing rule M1.i
2026-09-21 21:54:46 +0530: Memory Usage (985800K) : Starting 5.17 Metaln table
2026-09-21 21:54:46 +0530: Memory Usage (985800K) : Executing rule M2.a
2026-09-21 21:54:46 +0530: Memory Usage (934216K) : Executing rule M2.b
2026-09-21 21:54:47 +0530: Memory Usage (934216K) : Executing rule M2.e
2026-09-21 21:54:47 +0530: Memory Usage (934216K) : Executing rule M2.f
2026-09-21 21:54:47 +0530: Memory Usage (934216K) : Executing rule M2.g
2026-09-21 21:54:47 +0530: Memory Usage (934216K) : Executing rule M2.i
2026-09-21 21:54:47 +0530: Memory Usage (934344K) : Executing rule M3.a
2026-09-21 21:54:47 +0530: Memory Usage (934344K) : Executing rule M3.b
2026-09-21 21:54:48 +0530: Memory Usage (934344K) : Executing rule M3.e
2026-09-21 21:54:48 +0530: Memory Usage (934216K) : Executing rule M3.f
2026-09-21 21:54:48 +0530: Memory Usage (934216K) : Executing rule M3.g
2026-09-21 21:54:48 +0530: Memory Usage (934216K) : Executing rule M3.i
2026-09-21 21:54:48 +0530: Memory Usage (934344K) : Executing rule M4.a
2026-09-21 21:54:48 +0530: Memory Usage (934344K) : Executing rule M4.b
2026-09-21 21:54:48 +0530: Memory Usage (934472K) : Executing rule M4.e
2026-09-21 21:54:48 +0530: Memory Usage (934344K) : Executing rule M4.f
2026-09-21 21:54:48 +0530: Memory Usage (934344K) : Executing rule M4.g
2026-09-21 21:54:48 +0530: Memory Usage (934216K) : Executing rule M4.i
2026-09-21 21:54:48 +0530: Memory Usage (934216K) : Executing rule M5.a
2026-09-21 21:54:48 +0530: Memory Usage (934216K) : Executing rule M5.b
2026-09-21 21:54:48 +0530: Memory Usage (934472K) : Executing rule M5.e
2026-09-21 21:54:48 +0530: Memory Usage (934472K) : Executing rule M5.f
2026-09-21 21:54:48 +0530: Memory Usage (934472K) : Executing rule M5.g
2026-09-21 21:54:48 +0530: Memory Usage (934472K) : Executing rule M5.i
2026-09-21 21:54:48 +0530: Memory Usage (934472K) : Starting 5.18 Metaln:filler table
2026-09-21 21:54:48 +0530: Memory Usage (934472K) : Executing rule M1Fil.c
2026-09-21 21:54:48 +0530: Memory Usage (934472K) : Executing rule M1Fil.a2
2026-09-21 21:54:48 +0530: Memory Usage (934472K) : Executing rule M2Fil.c
2026-09-21 21:54:48 +0530: Memory Usage (934472K) : Executing rule M2Fil.a2
2026-09-21 21:54:48 +0530: Memory Usage (934472K) : Executing rule M3Fil.c
2026-09-21 21:54:48 +0530: Memory Usage (934472K) : Executing rule M3Fil.a2
2026-09-21 21:54:48 +0530: Memory Usage (934472K) : Executing rule M4Fil.c
2026-09-21 21:54:48 +0530: Memory Usage (934472K) : Executing rule M4Fil.a2
2026-09-21 21:54:48 +0530: Memory Usage (934472K) : Executing rule M5Fil.c
2026-09-21 21:54:48 +0530: Memory Usage (934472K) : Executing rule M5Fil.a2
2026-09-21 21:54:48 +0530: Memory Usage (934472K) : Starting 5.19. Via1 table
2026-09-21 21:54:48 +0530: Memory Usage (934472K) : Starting 5.19. Via1 table derivations
2026-09-21 21:54:48 +0530: Memory Usage (934472K) : Executing rule V1.a
2026-09-21 21:54:49 +0530: Memory Usage (934472K) : Executing rule V1.b
2026-09-21 21:54:49 +0530: Memory Usage (934472K) : Executing rule V1.c
2026-09-21 21:54:49 +0530: Memory Usage (935880K) : Starting 5.20. Vian table
2026-09-21 21:54:49 +0530: Memory Usage (935880K) : Executing rule V2.a
2026-09-21 21:54:49 +0530: Memory Usage (935880K) : Executing rule V2.b
2026-09-21 21:54:49 +0530: Memory Usage (936008K) : Executing rule V2.c
2026-09-21 21:54:50 +0530: Memory Usage (936008K) : Executing rule V3.a
2026-09-21 21:54:50 +0530: Memory Usage (936008K) : Executing rule V3.b
2026-09-21 21:54:50 +0530: Memory Usage (936136K) : Executing rule V3.c
2026-09-21 21:54:50 +0530: Memory Usage (936136K) : Executing rule V4.a
2026-09-21 21:54:50 +0530: Memory Usage (936136K) : Executing rule V4.b
2026-09-21 21:54:50 +0530: Memory Usage (935868K) : Executing rule V4.c
2026-09-21 21:54:50 +0530: Memory Usage (935996K) : Starting 5.21. TopVia1 table
2026-09-21 21:54:50 +0530: Memory Usage (935996K) : Executing rule TV1.a
2026-09-21 21:54:50 +0530: Memory Usage (935996K) : Executing rule TV1.b
2026-09-21 21:54:50 +0530: Memory Usage (935864K) : Executing rule TV1.c
2026-09-21 21:54:50 +0530: Memory Usage (935864K) : Executing rule TV1.d
2026-09-21 21:54:50 +0530: Memory Usage (935736K) : Starting 5.22. TopMetal1 table
2026-09-21 21:54:50 +0530: Memory Usage (935736K) : Executing rule TM1.a
2026-09-21 21:54:50 +0530: Memory Usage (935736K) : Executing rule TM1.b
2026-09-21 21:54:50 +0530: Memory Usage (935736K) : Starting 5.23 TopMetal1:filler table
2026-09-21 21:54:50 +0530: Memory Usage (935736K) : Executing rule TM1Fil.c
2026-09-21 21:54:50 +0530: Memory Usage (935736K) : Executing rule TM1Fil.a1
2026-09-21 21:54:50 +0530: Memory Usage (935736K) : Starting 5.24. TopVia2 table
2026-09-21 21:54:50 +0530: Memory Usage (935736K) : Executing rule TV2.a
2026-09-21 21:54:50 +0530: Memory Usage (935736K) : Executing rule TV2.b
2026-09-21 21:54:50 +0530: Memory Usage (935864K) : Executing rule TV2.c
2026-09-21 21:54:50 +0530: Memory Usage (935992K) : Executing rule TV2.d
2026-09-21 21:54:50 +0530: Memory Usage (935992K) : Starting 5.25. TopMetal2 table
2026-09-21 21:54:50 +0530: Memory Usage (935992K) : Executing rule TM2.a
2026-09-21 21:54:50 +0530: Memory Usage (935992K) : Executing rule TM2.b
2026-09-21 21:54:50 +0530: Memory Usage (935992K) : Starting 5.26 TopMetal2:filler table
2026-09-21 21:54:50 +0530: Memory Usage (935992K) : Executing rule TM2Fil.c
2026-09-21 21:54:50 +0530: Memory Usage (935992K) : Executing rule TM2Fil.a1
2026-09-21 21:54:50 +0530: Memory Usage (935992K) : Starting 5.27. Passiv table
2026-09-21 21:54:50 +0530: Memory Usage (935992K) : Executing rule Pas.a
2026-09-21 21:54:50 +0530: Memory Usage (935992K) : Executing rule Pas.b
2026-09-21 21:54:50 +0530: Memory Usage (935992K) : Executing rule Pas.c
2026-09-21 21:54:50 +0530: Memory Usage (935992K) : Starting 6.9.2 Copper Pillar table
2026-09-21 21:54:50 +0530: Memory Usage (935992K) : Executing rule Padc.a
2026-09-21 21:54:50 +0530: Memory Usage (935992K) : Executing rule Padc.b
2026-09-21 21:54:50 +0530: Memory Usage (935992K) : Executing rule Padc.c
2026-09-21 21:54:50 +0530: Memory Usage (935992K) : Executing rule Padb.f
2026-09-21 21:54:50 +0530: Memory Usage (935992K) : Starting 6.9 Pad table
2026-09-21 21:54:50 +0530: Memory Usage (935992K) : Executing rule Pad.m
2026-09-21 21:54:50 +0530: Memory Usage (935992K) : Executing rule Pad.i
2026-09-21 21:54:50 +0530: Memory Usage (935992K) : Starting 6.9.1 Solder Bump
2026-09-21 21:54:50 +0530: Memory Usage (935992K) : Executing rule Padb.a
2026-09-21 21:54:50 +0530: Memory Usage (935992K) : Executing rule Padb.b
2026-09-21 21:54:50 +0530: Memory Usage (935992K) : Executing rule Padb.c
2026-09-21 21:54:50 +0530: Memory Usage (935992K) : Executing rule Padb.f
2026-09-21 21:54:50 +0530: Memory Usage (935992K) : Executing rule Padb.d
2026-09-21 21:54:50 +0530: Memory Usage (935992K) : Starting 6.10 Sealring table
2026-09-21 21:54:50 +0530: Memory Usage (935992K) : Executing rule Seal.l
2026-09-21 21:54:50 +0530: Memory Usage (935992K) : Executing rule Seal.n
2026-09-21 21:54:50 +0530: Memory Usage (935992K) : Executing rule seal.b_metal1
2026-09-21 21:54:50 +0530: Memory Usage (935992K) : Executing rule seal.b_metal2
2026-09-21 21:54:50 +0530: Memory Usage (935992K) : Executing rule seal.b_metal3
2026-09-21 21:54:50 +0530: Memory Usage (935992K) : Executing rule seal.b_metal4
2026-09-21 21:54:50 +0530: Memory Usage (935992K) : Executing rule seal.b_metal5
2026-09-21 21:54:51 +0530: Memory Usage (935992K) : Executing rule seal.b_topmetal1
2026-09-21 21:54:51 +0530: Memory Usage (935992K) : Executing rule seal.b_topmetal2
2026-09-21 21:54:51 +0530: Memory Usage (935992K) : Executing rule seal.b_activ
2026-09-21 21:54:51 +0530: Memory Usage (935992K) : Executing rule seal.b_psd
2026-09-21 21:54:51 +0530: Memory Usage (935992K) : Executing rule Seal.k
2026-09-21 21:54:51 +0530: Memory Usage (935992K) : Executing rule Seal.m
2026-09-21 21:54:51 +0530: Memory Usage (935992K) : Starting 6.11 MIM table
2026-09-21 21:54:51 +0530: Memory Usage (935992K) : Executing rule MIM.c
2026-09-21 21:54:51 +0530: Memory Usage (935992K) : Executing rule MIM.d
2026-09-21 21:54:51 +0530: Memory Usage (935992K) : Starting 7.3 Metal Slits table
2026-09-21 21:54:51 +0530: Memory Usage (935992K) : Executing rule Slt.e1_M1
2026-09-21 21:54:51 +0530: Memory Usage (935992K) : Executing rule Slt.e1_M2
2026-09-21 21:54:51 +0530: Memory Usage (935992K) : Executing rule Slt.e1_M3
2026-09-21 21:54:51 +0530: Memory Usage (936120K) : Executing rule Slt.e1_M4
2026-09-21 21:54:51 +0530: Memory Usage (936120K) : Executing rule Slt.e1_M5
2026-09-21 21:54:51 +0530: Memory Usage (936120K) : Executing rule Slt.e1_TM1
2026-09-21 21:54:51 +0530: Memory Usage (936120K) : Executing rule Slt.e1_TM2
2026-09-21 21:54:51 +0530: Memory Usage (936120K) : Starting 9.1. LBE table
2026-09-21 21:54:51 +0530: Memory Usage (936120K) : Executing rule LBE.a
2026-09-21 21:54:51 +0530: Memory Usage (936120K) : Executing rule LBE.b
2026-09-21 21:54:51 +0530: Memory Usage (936120K) : Executing rule LBE.b1
2026-09-21 21:54:51 +0530: Memory Usage (936120K) : Executing rule LBE.c
2026-09-21 21:54:51 +0530: Memory Usage (936248K) : Executing rule LBE.d
2026-09-21 21:54:51 +0530: Memory Usage (936248K) : Executing rule LBE.h
2026-09-21 21:54:51 +0530: Memory Usage (936248K) : Starting 7.4. PIN table
2026-09-21 21:54:51 +0530: Memory Usage (936248K) : Executing rule Pin.a
2026-09-21 21:54:51 +0530: Memory Usage (936248K) : Executing rule Pin.b
2026-09-21 21:54:51 +0530: Memory Usage (936248K) : Executing rule Pin.e
2026-09-21 21:54:51 +0530: Memory Usage (936376K) : Executing rule Pin.f_M2
2026-09-21 21:54:51 +0530: Memory Usage (936240K) : Executing rule Pin.f_M3
2026-09-21 21:54:51 +0530: Memory Usage (936240K) : Executing rule Pin.f_M4
2026-09-21 21:54:51 +0530: Memory Usage (938544K) : Executing rule Pin.f_M5
2026-09-21 21:54:51 +0530: Memory Usage (938544K) : Executing rule Pin.g
2026-09-21 21:54:51 +0530: Memory Usage (938544K) : Executing rule Pin.h
2026-09-21 21:54:51 +0530: Memory Usage (938544K) : Starting 3.1. offgrid table
2026-09-21 21:54:51 +0530: Memory Usage (938544K) : Executing rule activ_drw_Offgrid
2026-09-21 21:54:52 +0530: Memory Usage (938704K) : Executing rule activ_mask_Offgrid
2026-09-21 21:54:52 +0530: Memory Usage (938704K) : Executing rule activ_filler_Offgrid
2026-09-21 21:54:52 +0530: Memory Usage (938704K) : Executing rule activ_opc_Offgrid
2026-09-21 21:54:52 +0530: Memory Usage (938704K) : Executing rule activ_iopc_Offgrid
2026-09-21 21:54:52 +0530: Memory Usage (938704K) : Executing rule biwind_drw_Offgrid
2026-09-21 21:54:52 +0530: Memory Usage (938704K) : Executing rule biwind_opc_Offgrid
2026-09-21 21:54:52 +0530: Memory Usage (938704K) : Executing rule pemwind_drw_Offgrid
2026-09-21 21:54:52 +0530: Memory Usage (938704K) : Executing rule gatpoly_drw_Offgrid
2026-09-21 21:54:52 +0530: Memory Usage (938704K) : Executing rule gatpoly_filler_Offgrid
2026-09-21 21:54:52 +0530: Memory Usage (938704K) : Executing rule gatpoly_opc_Offgrid
2026-09-21 21:54:52 +0530: Memory Usage (938704K) : Executing rule gatpoly_iopc_Offgrid
2026-09-21 21:54:52 +0530: Memory Usage (938704K) : Executing rule gatpoly_noqrc_Offgrid
2026-09-21 21:54:52 +0530: Memory Usage (938704K) : Executing rule cont_drw_Offgrid
2026-09-21 21:54:57 +0530: Memory Usage (973520K) : Executing rule cont_opc_Offgrid
2026-09-21 21:54:57 +0530: Memory Usage (973520K) : Executing rule nsd_drw_Offgrid
2026-09-21 21:54:57 +0530: Memory Usage (973520K) : Executing rule nsd_block_Offgrid
2026-09-21 21:54:57 +0530: Memory Usage (973520K) : Executing rule metal1_drw_Offgrid
2026-09-21 21:54:59 +0530: Memory Usage (973520K) : Executing rule metal1_mask_Offgrid
2026-09-21 21:54:59 +0530: Memory Usage (973520K) : Executing rule metal1_filler_Offgrid
2026-09-21 21:54:59 +0530: Memory Usage (973520K) : Executing rule metal1_slit_Offgrid
2026-09-21 21:54:59 +0530: Memory Usage (973520K) : Executing rule metal1_opc_Offgrid
2026-09-21 21:54:59 +0530: Memory Usage (973520K) : Executing rule metal1_noqrc_Offgrid
2026-09-21 21:54:59 +0530: Memory Usage (973520K) : Executing rule metal1_res_Offgrid
2026-09-21 21:54:59 +0530: Memory Usage (973520K) : Executing rule metal1_iprobe_Offgrid
2026-09-21 21:54:59 +0530: Memory Usage (973520K) : Executing rule metal1_diffprb_Offgrid
2026-09-21 21:54:59 +0530: Memory Usage (973520K) : Executing rule passiv_drw_Offgrid
2026-09-21 21:54:59 +0530: Memory Usage (973520K) : Executing rule passiv_pillar_Offgrid
2026-09-21 21:54:59 +0530: Memory Usage (973520K) : Executing rule passiv_sbump_Offgrid
2026-09-21 21:54:59 +0530: Memory Usage (973520K) : Executing rule passiv_pdl_Offgrid
2026-09-21 21:54:59 +0530: Memory Usage (973520K) : Executing rule metal2_drw_Offgrid
2026-09-21 21:54:59 +0530: Memory Usage (973520K) : Executing rule metal2_mask_Offgrid
2026-09-21 21:54:59 +0530: Memory Usage (973520K) : Executing rule metal2_filler_Offgrid
2026-09-21 21:54:59 +0530: Memory Usage (973520K) : Executing rule metal2_slit_Offgrid
2026-09-21 21:54:59 +0530: Memory Usage (973520K) : Executing rule metal2_opc_Offgrid
2026-09-21 21:54:59 +0530: Memory Usage (973520K) : Executing rule metal2_noqrc_Offgrid
2026-09-21 21:54:59 +0530: Memory Usage (973520K) : Executing rule metal2_res_Offgrid
2026-09-21 21:54:59 +0530: Memory Usage (973520K) : Executing rule metal2_iprobe_Offgrid
2026-09-21 21:54:59 +0530: Memory Usage (973520K) : Executing rule metal2_diffprb_Offgrid
2026-09-21 21:54:59 +0530: Memory Usage (973520K) : Executing rule baspoly_drw_Offgrid
2026-09-21 21:54:59 +0530: Memory Usage (973520K) : Executing rule psd_drw_Offgrid
2026-09-21 21:55:00 +0530: Memory Usage (973520K) : Executing rule nldb_drw_Offgrid
2026-09-21 21:55:00 +0530: Memory Usage (973520K) : Executing rule via1_drw_Offgrid
2026-09-21 21:55:01 +0530: Memory Usage (971716K) : Executing rule backmetal1_drw_Offgrid
2026-09-21 21:55:01 +0530: Memory Usage (971716K) : Executing rule backmetal1_mask_Offgrid
2026-09-21 21:55:01 +0530: Memory Usage (971716K) : Executing rule backmetal1_filler_Offgrid
2026-09-21 21:55:01 +0530: Memory Usage (971716K) : Executing rule backmetal1_slit_Offgrid
2026-09-21 21:55:01 +0530: Memory Usage (971716K) : Executing rule backmetal1_opc_Offgrid
2026-09-21 21:55:01 +0530: Memory Usage (971716K) : Executing rule backmetal1_noqrc_Offgrid
2026-09-21 21:55:01 +0530: Memory Usage (971716K) : Executing rule backmetal1_res_Offgrid
2026-09-21 21:55:01 +0530: Memory Usage (971716K) : Executing rule backmetal1_iprobe_Offgrid
2026-09-21 21:55:01 +0530: Memory Usage (971716K) : Executing rule backmetal1_diffprb_Offgrid
2026-09-21 21:55:01 +0530: Memory Usage (971716K) : Executing rule backpassiv_drw_Offgrid
2026-09-21 21:55:01 +0530: Memory Usage (971716K) : Executing rule salblock_drw_Offgrid
2026-09-21 21:55:01 +0530: Memory Usage (971716K) : Executing rule via2_drw_Offgrid
2026-09-21 21:55:01 +0530: Memory Usage (972740K) : Executing rule metal3_drw_Offgrid
2026-09-21 21:55:02 +0530: Memory Usage (972740K) : Executing rule metal3_mask_Offgrid
2026-09-21 21:55:02 +0530: Memory Usage (972740K) : Executing rule metal3_filler_Offgrid
2026-09-21 21:55:02 +0530: Memory Usage (972740K) : Executing rule metal3_slit_Offgrid
2026-09-21 21:55:02 +0530: Memory Usage (972740K) : Executing rule metal3_opc_Offgrid
2026-09-21 21:55:02 +0530: Memory Usage (972740K) : Executing rule metal3_noqrc_Offgrid
2026-09-21 21:55:02 +0530: Memory Usage (972740K) : Executing rule metal3_res_Offgrid
2026-09-21 21:55:02 +0530: Memory Usage (972740K) : Executing rule metal3_iprobe_Offgrid
2026-09-21 21:55:02 +0530: Memory Usage (970052K) : Executing rule metal3_diffprb_Offgrid
2026-09-21 21:55:02 +0530: Memory Usage (970052K) : Executing rule nwell_drw_Offgrid
2026-09-21 21:55:02 +0530: Memory Usage (970052K) : Executing rule nbulay_drw_Offgrid
2026-09-21 21:55:02 +0530: Memory Usage (970052K) : Executing rule nbulay_block_Offgrid
2026-09-21 21:55:02 +0530: Memory Usage (970052K) : Executing rule pwell_drw_Offgrid
2026-09-21 21:55:02 +0530: Memory Usage (970052K) : Executing rule pwell_block_Offgrid
2026-09-21 21:55:02 +0530: Memory Usage (970052K) : Executing rule emwind_drw_Offgrid
2026-09-21 21:55:02 +0530: Memory Usage (970052K) : Executing rule emwind_opc_Offgrid
2026-09-21 21:55:02 +0530: Memory Usage (970052K) : Executing rule deepco_drw_Offgrid
2026-09-21 21:55:02 +0530: Memory Usage (970052K) : Executing rule mim_drw_Offgrid
2026-09-21 21:55:02 +0530: Memory Usage (970052K) : Executing rule substrate_drw_Offgrid
2026-09-21 21:55:02 +0530: Memory Usage (970052K) : Executing rule ic_drw_Offgrid
2026-09-21 21:55:02 +0530: Memory Usage (970052K) : Executing rule via3_drw_Offgrid
2026-09-21 21:55:03 +0530: Memory Usage (970052K) : Executing rule pldb_drw_Offgrid
2026-09-21 21:55:03 +0530: Memory Usage (970052K) : Executing rule metal4_drw_Offgrid
2026-09-21 21:55:03 +0530: Memory Usage (970052K) : Executing rule metal4_mask_Offgrid
2026-09-21 21:55:03 +0530: Memory Usage (970052K) : Executing rule metal4_filler_Offgrid
2026-09-21 21:55:03 +0530: Memory Usage (970052K) : Executing rule metal4_slit_Offgrid
2026-09-21 21:55:03 +0530: Memory Usage (970052K) : Executing rule metal4_opc_Offgrid
2026-09-21 21:55:03 +0530: Memory Usage (970052K) : Executing rule metal4_noqrc_Offgrid
2026-09-21 21:55:03 +0530: Memory Usage (970052K) : Executing rule metal4_res_Offgrid
2026-09-21 21:55:03 +0530: Memory Usage (970052K) : Executing rule metal4_iprobe_Offgrid
2026-09-21 21:55:03 +0530: Memory Usage (970052K) : Executing rule metal4_diffprb_Offgrid
2026-09-21 21:55:03 +0530: Memory Usage (970052K) : Executing rule via4_drw_Offgrid
2026-09-21 21:55:03 +0530: Memory Usage (974020K) : Executing rule metal5_drw_Offgrid
2026-09-21 21:55:03 +0530: Memory Usage (973244K) : Executing rule metal5_mask_Offgrid
2026-09-21 21:55:03 +0530: Memory Usage (973244K) : Executing rule metal5_filler_Offgrid
2026-09-21 21:55:03 +0530: Memory Usage (973244K) : Executing rule metal5_slit_Offgrid
2026-09-21 21:55:03 +0530: Memory Usage (973244K) : Executing rule metal5_opc_Offgrid
2026-09-21 21:55:03 +0530: Memory Usage (973244K) : Executing rule metal5_noqrc_Offgrid
2026-09-21 21:55:03 +0530: Memory Usage (973244K) : Executing rule metal5_res_Offgrid
2026-09-21 21:55:03 +0530: Memory Usage (973244K) : Executing rule metal5_iprobe_Offgrid
2026-09-21 21:55:03 +0530: Memory Usage (973244K) : Executing rule metal5_diffprb_Offgrid
2026-09-21 21:55:03 +0530: Memory Usage (973244K) : Executing rule prboundary_drw_Offgrid
2026-09-21 21:55:03 +0530: Memory Usage (973244K) : Executing rule exchange0_drw_Offgrid
2026-09-21 21:55:03 +0530: Memory Usage (973244K) : Executing rule exchange1_drw_Offgrid
2026-09-21 21:55:03 +0530: Memory Usage (973244K) : Executing rule exchange2_drw_Offgrid
2026-09-21 21:55:03 +0530: Memory Usage (973244K) : Executing rule exchange3_drw_Offgrid
2026-09-21 21:55:03 +0530: Memory Usage (973244K) : Executing rule exchange4_drw_Offgrid
2026-09-21 21:55:03 +0530: Memory Usage (973244K) : Executing rule isonwell_drw_Offgrid
2026-09-21 21:55:03 +0530: Memory Usage (973244K) : Executing rule thickgateox_drw_Offgrid
2026-09-21 21:55:03 +0530: Memory Usage (973244K) : Executing rule pempoly_drw_Offgrid
2026-09-21 21:55:03 +0530: Memory Usage (973244K) : Executing rule fbe_drw_Offgrid
2026-09-21 21:55:03 +0530: Memory Usage (973244K) : Executing rule empoly_drw_Offgrid
2026-09-21 21:55:03 +0530: Memory Usage (973244K) : Executing rule ldmos_drw_Offgrid
2026-09-21 21:55:03 +0530: Memory Usage (973244K) : Executing rule pbiwind_drw_Offgrid
2026-09-21 21:55:03 +0530: Memory Usage (973244K) : Executing rule colopen_drw_Offgrid
2026-09-21 21:55:03 +0530: Memory Usage (973244K) : Executing rule extblock_drw_Offgrid
2026-09-21 21:55:03 +0530: Memory Usage (973244K) : Executing rule nldd_drw_Offgrid
2026-09-21 21:55:03 +0530: Memory Usage (972160K) : Executing rule pldd_drw_Offgrid
2026-09-21 21:55:04 +0530: Memory Usage (972160K) : Executing rule next_drw_Offgrid
2026-09-21 21:55:04 +0530: Memory Usage (972160K) : Executing rule pext_drw_Offgrid
2026-09-21 21:55:04 +0530: Memory Usage (972160K) : Executing rule nexthv_drw_Offgrid
2026-09-21 21:55:04 +0530: Memory Usage (972160K) : Executing rule pexthv_drw_Offgrid
2026-09-21 21:55:04 +0530: Memory Usage (972160K) : Executing rule graphgate_drw_Offgrid
2026-09-21 21:55:04 +0530: Memory Usage (972160K) : Executing rule mempad_drw_Offgrid
2026-09-21 21:55:04 +0530: Memory Usage (972160K) : Executing rule topvia1_drw_Offgrid
2026-09-21 21:55:04 +0530: Memory Usage (972160K) : Executing rule topmetal1_drw_Offgrid
2026-09-21 21:55:04 +0530: Memory Usage (972160K) : Executing rule topmetal1_mask_Offgrid
2026-09-21 21:55:04 +0530: Memory Usage (972160K) : Executing rule topmetal1_filler_Offgrid
2026-09-21 21:55:04 +0530: Memory Usage (972160K) : Executing rule topmetal1_slit_Offgrid
2026-09-21 21:55:04 +0530: Memory Usage (972160K) : Executing rule topmetal1_noqrc_Offgrid
2026-09-21 21:55:04 +0530: Memory Usage (972160K) : Executing rule topmetal1_res_Offgrid
2026-09-21 21:55:04 +0530: Memory Usage (972160K) : Executing rule topmetal1_iprobe_Offgrid
2026-09-21 21:55:04 +0530: Memory Usage (972160K) : Executing rule topmetal1_diffprb_Offgrid
2026-09-21 21:55:04 +0530: Memory Usage (972160K) : Executing rule inldpwl_drw_Offgrid
2026-09-21 21:55:04 +0530: Memory Usage (972160K) : Executing rule polyres_drw_Offgrid
2026-09-21 21:55:04 +0530: Memory Usage (972160K) : Executing rule vmim_drw_Offgrid
2026-09-21 21:55:04 +0530: Memory Usage (972160K) : Executing rule nbulaycut_drw_Offgrid
2026-09-21 21:55:04 +0530: Memory Usage (972160K) : Executing rule antmetal1_drw_Offgrid
2026-09-21 21:55:04 +0530: Memory Usage (971648K) : Executing rule topvia2_drw_Offgrid
2026-09-21 21:55:04 +0530: Memory Usage (971648K) : Executing rule topmetal2_drw_Offgrid
2026-09-21 21:55:04 +0530: Memory Usage (971648K) : Executing rule topmetal2_mask_Offgrid
2026-09-21 21:55:04 +0530: Memory Usage (971648K) : Executing rule topmetal2_filler_Offgrid
2026-09-21 21:55:04 +0530: Memory Usage (971648K) : Executing rule topmetal2_slit_Offgrid
2026-09-21 21:55:04 +0530: Memory Usage (971648K) : Executing rule topmetal2_noqrc_Offgrid
2026-09-21 21:55:04 +0530: Memory Usage (971648K) : Executing rule topmetal2_res_Offgrid
2026-09-21 21:55:04 +0530: Memory Usage (971648K) : Executing rule topmetal2_iprobe_Offgrid
2026-09-21 21:55:04 +0530: Memory Usage (971648K) : Executing rule topmetal2_diffprb_Offgrid
2026-09-21 21:55:04 +0530: Memory Usage (971648K) : Executing rule snsring_drw_Offgrid
2026-09-21 21:55:04 +0530: Memory Usage (971648K) : Executing rule sensor_drw_Offgrid
2026-09-21 21:55:04 +0530: Memory Usage (971648K) : Executing rule snsarms_drw_Offgrid
2026-09-21 21:55:04 +0530: Memory Usage (971648K) : Executing rule snscmosvia_drw_Offgrid
2026-09-21 21:55:04 +0530: Memory Usage (971648K) : Executing rule colwind_drw_Offgrid
2026-09-21 21:55:04 +0530: Memory Usage (971648K) : Executing rule flm_drw_Offgrid
2026-09-21 21:55:04 +0530: Memory Usage (971648K) : Executing rule hafniumox_drw_Offgrid
2026-09-21 21:55:04 +0530: Memory Usage (971648K) : Executing rule memvia_drw_Offgrid
2026-09-21 21:55:04 +0530: Memory Usage (971648K) : Executing rule thinfilmres_drw_Offgrid
2026-09-21 21:55:04 +0530: Memory Usage (971648K) : Executing rule rfmem_drw_Offgrid
2026-09-21 21:55:04 +0530: Memory Usage (971648K) : Executing rule snsbotvia_drw_Offgrid
2026-09-21 21:55:04 +0530: Memory Usage (971648K) : Executing rule snstopvia_drw_Offgrid
2026-09-21 21:55:04 +0530: Memory Usage (971648K) : Executing rule deepvia_drw_Offgrid
2026-09-21 21:55:05 +0530: Memory Usage (971264K) : Executing rule fgetch_drw_Offgrid
2026-09-21 21:55:05 +0530: Memory Usage (971264K) : Executing rule ctrgat_drw_Offgrid
2026-09-21 21:55:05 +0530: Memory Usage (971264K) : Executing rule fgimp_drw_Offgrid
2026-09-21 21:55:05 +0530: Memory Usage (971264K) : Executing rule emwihv_drw_Offgrid
2026-09-21 21:55:05 +0530: Memory Usage (971264K) : Executing rule lbe_drw_Offgrid
2026-09-21 21:55:05 +0530: Memory Usage (971264K) : Executing rule alcustop_drw_Offgrid
2026-09-21 21:55:05 +0530: Memory Usage (971264K) : Starting 3.2. angle table
2026-09-21 21:55:05 +0530: Memory Usage (971264K) : Executing rule activ_drw_Acute
2026-09-21 21:55:05 +0530: Memory Usage (971264K) : Executing rule activ_pin_Acute
2026-09-21 21:55:05 +0530: Memory Usage (971008K) : Executing rule activ_mask_Acute
2026-09-21 21:55:05 +0530: Memory Usage (971008K) : Executing rule activ_filler_Acute
2026-09-21 21:55:05 +0530: Memory Usage (971008K) : Executing rule activ_nofill_Acute
2026-09-21 21:55:05 +0530: Memory Usage (971008K) : Executing rule activ_opc_Acute
2026-09-21 21:55:05 +0530: Memory Usage (971008K) : Executing rule activ_iopc_Acute
2026-09-21 21:55:05 +0530: Memory Usage (971008K) : Executing rule activ_noqrc_Acute
2026-09-21 21:55:05 +0530: Memory Usage (971008K) : Executing rule biwind_drw_Acute
2026-09-21 21:55:05 +0530: Memory Usage (971008K) : Executing rule biwind_opc_Acute
2026-09-21 21:55:05 +0530: Memory Usage (971008K) : Executing rule pemwind_drw_Acute
2026-09-21 21:55:05 +0530: Memory Usage (971008K) : Executing rule gatpoly_drw_Acute
2026-09-21 21:55:05 +0530: Memory Usage (971008K) : Executing rule gatpoly_pin_Acute
2026-09-21 21:55:06 +0530: Memory Usage (971008K) : Executing rule gatpoly_filler_Acute
2026-09-21 21:55:06 +0530: Memory Usage (970880K) : Executing rule gatpoly_nofill_Acute
2026-09-21 21:55:06 +0530: Memory Usage (970880K) : Executing rule gatpoly_opc_Acute
2026-09-21 21:55:06 +0530: Memory Usage (970880K) : Executing rule gatpoly_iopc_Acute
2026-09-21 21:55:06 +0530: Memory Usage (970880K) : Executing rule gatpoly_noqrc_Acute
2026-09-21 21:55:06 +0530: Memory Usage (970880K) : Executing rule cont_drw_Acute
2026-09-21 21:55:09 +0530: Memory Usage (980208K) : Executing rule cont_opc_Acute
2026-09-21 21:55:09 +0530: Memory Usage (980208K) : Executing rule nsd_drw_Acute
2026-09-21 21:55:09 +0530: Memory Usage (980208K) : Executing rule nsd_block_Acute
2026-09-21 21:55:09 +0530: Memory Usage (980208K) : Executing rule metal1_drw_Acute
2026-09-21 21:55:10 +0530: Memory Usage (979952K) : Executing rule metal1_pin_Acute
2026-09-21 21:55:10 +0530: Memory Usage (979824K) : Executing rule metal1_mask_Acute
2026-09-21 21:55:10 +0530: Memory Usage (979824K) : Executing rule metal1_filler_Acute
2026-09-21 21:55:11 +0530: Memory Usage (979824K) : Executing rule metal1_nofill_Acute
2026-09-21 21:55:11 +0530: Memory Usage (979824K) : Executing rule metal1_slit_Acute
2026-09-21 21:55:11 +0530: Memory Usage (979824K) : Executing rule metal1_opc_Acute
2026-09-21 21:55:11 +0530: Memory Usage (979824K) : Executing rule metal1_noqrc_Acute
2026-09-21 21:55:11 +0530: Memory Usage (979824K) : Executing rule metal1_res_Acute
2026-09-21 21:55:11 +0530: Memory Usage (979824K) : Executing rule metal1_iprobe_Acute
2026-09-21 21:55:11 +0530: Memory Usage (979824K) : Executing rule metal1_diffprb_Acute
2026-09-21 21:55:11 +0530: Memory Usage (979824K) : Executing rule passiv_drw_Acute
2026-09-21 21:55:11 +0530: Memory Usage (979824K) : Executing rule passiv_pin_Acute
2026-09-21 21:55:11 +0530: Memory Usage (979824K) : Executing rule passiv_pillar_Acute
2026-09-21 21:55:11 +0530: Memory Usage (979824K) : Executing rule passiv_sbump_Acute
2026-09-21 21:55:11 +0530: Memory Usage (979824K) : Executing rule passiv_pdl_Acute
2026-09-21 21:55:11 +0530: Memory Usage (979824K) : Executing rule metal2_drw_Acute
2026-09-21 21:55:11 +0530: Memory Usage (979696K) : Executing rule metal2_pin_Acute
2026-09-21 21:55:11 +0530: Memory Usage (979696K) : Executing rule metal2_mask_Acute
2026-09-21 21:55:11 +0530: Memory Usage (979696K) : Executing rule metal2_filler_Acute
2026-09-21 21:55:11 +0530: Memory Usage (979696K) : Executing rule metal2_nofill_Acute
2026-09-21 21:55:11 +0530: Memory Usage (979696K) : Executing rule metal2_slit_Acute
2026-09-21 21:55:11 +0530: Memory Usage (979696K) : Executing rule metal2_opc_Acute
2026-09-21 21:55:11 +0530: Memory Usage (979696K) : Executing rule metal2_noqrc_Acute
2026-09-21 21:55:11 +0530: Memory Usage (979696K) : Executing rule metal2_res_Acute
2026-09-21 21:55:11 +0530: Memory Usage (979696K) : Executing rule metal2_iprobe_Acute
2026-09-21 21:55:11 +0530: Memory Usage (979696K) : Executing rule metal2_diffprb_Acute
2026-09-21 21:55:11 +0530: Memory Usage (979696K) : Executing rule baspoly_drw_Acute
2026-09-21 21:55:11 +0530: Memory Usage (979696K) : Executing rule baspoly_pin_Acute
2026-09-21 21:55:11 +0530: Memory Usage (979696K) : Executing rule psd_drw_Acute
2026-09-21 21:55:12 +0530: Memory Usage (979568K) : Executing rule nldb_drw_Acute
2026-09-21 21:55:12 +0530: Memory Usage (979568K) : Executing rule via1_drw_Acute
2026-09-21 21:55:12 +0530: Memory Usage (977008K) : Executing rule backmetal1_drw_Acute
2026-09-21 21:55:12 +0530: Memory Usage (977008K) : Executing rule backmetal1_pin_Acute
2026-09-21 21:55:12 +0530: Memory Usage (977008K) : Executing rule backmetal1_mask_Acute
2026-09-21 21:55:12 +0530: Memory Usage (977008K) : Executing rule backmetal1_filler_Acute
2026-09-21 21:55:12 +0530: Memory Usage (977008K) : Executing rule backmetal1_nofill_Acute
2026-09-21 21:55:12 +0530: Memory Usage (977008K) : Executing rule backmetal1_slit_Acute
2026-09-21 21:55:13 +0530: Memory Usage (977008K) : Executing rule backmetal1_opc_Acute
2026-09-21 21:55:13 +0530: Memory Usage (977008K) : Executing rule backmetal1_noqrc_Acute
2026-09-21 21:55:13 +0530: Memory Usage (977008K) : Executing rule backmetal1_res_Acute
2026-09-21 21:55:13 +0530: Memory Usage (977008K) : Executing rule backmetal1_iprobe_Acute
2026-09-21 21:55:13 +0530: Memory Usage (977008K) : Executing rule backmetal1_diffprb_Acute
2026-09-21 21:55:13 +0530: Memory Usage (977008K) : Executing rule backpassiv_drw_Acute
2026-09-21 21:55:13 +0530: Memory Usage (977008K) : Executing rule salblock_drw_Acute
2026-09-21 21:55:13 +0530: Memory Usage (977008K) : Executing rule via2_drw_Acute
2026-09-21 21:55:13 +0530: Memory Usage (978160K) : Executing rule metal3_drw_Acute
2026-09-21 21:55:13 +0530: Memory Usage (978160K) : Executing rule metal3_pin_Acute
2026-09-21 21:55:14 +0530: Memory Usage (978408K) : Executing rule metal3_mask_Acute
2026-09-21 21:55:14 +0530: Memory Usage (978408K) : Executing rule metal3_filler_Acute
2026-09-21 21:55:14 +0530: Memory Usage (978408K) : Executing rule metal3_nofill_Acute
2026-09-21 21:55:14 +0530: Memory Usage (978408K) : Executing rule metal3_slit_Acute
2026-09-21 21:55:14 +0530: Memory Usage (978408K) : Executing rule metal3_opc_Acute
2026-09-21 21:55:14 +0530: Memory Usage (978408K) : Executing rule metal3_noqrc_Acute
2026-09-21 21:55:14 +0530: Memory Usage (978408K) : Executing rule metal3_res_Acute
2026-09-21 21:55:14 +0530: Memory Usage (978408K) : Executing rule metal3_iprobe_Acute
2026-09-21 21:55:14 +0530: Memory Usage (978408K) : Executing rule metal3_diffprb_Acute
2026-09-21 21:55:14 +0530: Memory Usage (978408K) : Executing rule nwell_drw_Acute
2026-09-21 21:55:14 +0530: Memory Usage (976744K) : Executing rule nwell_pin_Acute
2026-09-21 21:55:14 +0530: Memory Usage (976744K) : Executing rule nbulay_drw_Acute
2026-09-21 21:55:14 +0530: Memory Usage (976744K) : Executing rule nbulay_pin_Acute
2026-09-21 21:55:14 +0530: Memory Usage (976744K) : Executing rule nbulay_block_Acute
2026-09-21 21:55:14 +0530: Memory Usage (976744K) : Executing rule pwell_drw_Acute
2026-09-21 21:55:14 +0530: Memory Usage (976744K) : Executing rule pwell_pin_Acute
2026-09-21 21:55:14 +0530: Memory Usage (976744K) : Executing rule pwell_block_Acute
2026-09-21 21:55:14 +0530: Memory Usage (976744K) : Executing rule emwind_drw_Acute
2026-09-21 21:55:14 +0530: Memory Usage (976744K) : Executing rule emwind_opc_Acute
2026-09-21 21:55:14 +0530: Memory Usage (976744K) : Executing rule deepco_drw_Acute
2026-09-21 21:55:14 +0530: Memory Usage (976744K) : Executing rule mim_drw_Acute
2026-09-21 21:55:14 +0530: Memory Usage (976744K) : Executing rule substrate_drw_Acute
2026-09-21 21:55:14 +0530: Memory Usage (976744K) : Executing rule ic_drw_Acute
2026-09-21 21:55:14 +0530: Memory Usage (976744K) : Executing rule via3_drw_Acute
2026-09-21 21:55:15 +0530: Memory Usage (976744K) : Executing rule pldb_drw_Acute
2026-09-21 21:55:15 +0530: Memory Usage (976744K) : Executing rule metal4_drw_Acute
2026-09-21 21:55:15 +0530: Memory Usage (976744K) : Executing rule metal4_pin_Acute
2026-09-21 21:55:15 +0530: Memory Usage (976744K) : Executing rule metal4_mask_Acute
2026-09-21 21:55:15 +0530: Memory Usage (976744K) : Executing rule metal4_filler_Acute
2026-09-21 21:55:15 +0530: Memory Usage (976744K) : Executing rule metal4_nofill_Acute
2026-09-21 21:55:15 +0530: Memory Usage (976744K) : Executing rule metal4_slit_Acute
2026-09-21 21:55:15 +0530: Memory Usage (976744K) : Executing rule metal4_opc_Acute
2026-09-21 21:55:15 +0530: Memory Usage (976744K) : Executing rule metal4_noqrc_Acute
2026-09-21 21:55:15 +0530: Memory Usage (976744K) : Executing rule metal4_res_Acute
2026-09-21 21:55:15 +0530: Memory Usage (976744K) : Executing rule metal4_iprobe_Acute
2026-09-21 21:55:15 +0530: Memory Usage (976744K) : Executing rule metal4_diffprb_Acute
2026-09-21 21:55:15 +0530: Memory Usage (976744K) : Executing rule via4_drw_Acute
2026-09-21 21:55:15 +0530: Memory Usage (979688K) : Executing rule metal5_drw_Acute
2026-09-21 21:55:16 +0530: Memory Usage (978408K) : Executing rule metal5_pin_Acute
2026-09-21 21:55:16 +0530: Memory Usage (978408K) : Executing rule metal5_mask_Acute
2026-09-21 21:55:16 +0530: Memory Usage (978408K) : Executing rule metal5_filler_Acute
2026-09-21 21:55:16 +0530: Memory Usage (978408K) : Executing rule metal5_nofill_Acute
2026-09-21 21:55:16 +0530: Memory Usage (978408K) : Executing rule metal5_slit_Acute
2026-09-21 21:55:16 +0530: Memory Usage (978408K) : Executing rule metal5_opc_Acute
2026-09-21 21:55:16 +0530: Memory Usage (978408K) : Executing rule metal5_noqrc_Acute
2026-09-21 21:55:16 +0530: Memory Usage (978408K) : Executing rule metal5_res_Acute
2026-09-21 21:55:16 +0530: Memory Usage (978408K) : Executing rule metal5_iprobe_Acute
2026-09-21 21:55:16 +0530: Memory Usage (978408K) : Executing rule metal5_diffprb_Acute
2026-09-21 21:55:16 +0530: Memory Usage (978408K) : Executing rule prboundary_drw_Acute
2026-09-21 21:55:16 +0530: Memory Usage (978408K) : Executing rule exchange0_drw_Acute
2026-09-21 21:55:16 +0530: Memory Usage (978408K) : Executing rule exchange0_pin_Acute
2026-09-21 21:55:16 +0530: Memory Usage (978408K) : Executing rule exchange1_drw_Acute
2026-09-21 21:55:16 +0530: Memory Usage (978408K) : Executing rule exchange1_pin_Acute
2026-09-21 21:55:16 +0530: Memory Usage (978408K) : Executing rule exchange2_drw_Acute
2026-09-21 21:55:16 +0530: Memory Usage (978408K) : Executing rule exchange2_pin_Acute
2026-09-21 21:55:17 +0530: Memory Usage (978408K) : Executing rule exchange3_drw_Acute
2026-09-21 21:55:17 +0530: Memory Usage (978408K) : Executing rule exchange3_pin_Acute
2026-09-21 21:55:17 +0530: Memory Usage (978408K) : Executing rule exchange4_drw_Acute
2026-09-21 21:55:17 +0530: Memory Usage (978408K) : Executing rule exchange4_pin_Acute
2026-09-21 21:55:17 +0530: Memory Usage (978408K) : Executing rule isonwell_drw_Acute
2026-09-21 21:55:17 +0530: Memory Usage (978408K) : Executing rule thickgateox_drw_Acute
2026-09-21 21:55:17 +0530: Memory Usage (978408K) : Executing rule pempoly_drw_Acute
2026-09-21 21:55:17 +0530: Memory Usage (978408K) : Executing rule fbe_drw_Acute
2026-09-21 21:55:17 +0530: Memory Usage (978024K) : Executing rule empoly_drw_Acute
2026-09-21 21:55:17 +0530: Memory Usage (978024K) : Executing rule ldmos_drw_Acute
2026-09-21 21:55:17 +0530: Memory Usage (978024K) : Executing rule pbiwind_drw_Acute
2026-09-21 21:55:17 +0530: Memory Usage (978024K) : Executing rule colopen_drw_Acute
2026-09-21 21:55:17 +0530: Memory Usage (978024K) : Executing rule extblock_drw_Acute
2026-09-21 21:55:17 +0530: Memory Usage (978024K) : Executing rule nldd_drw_Acute
2026-09-21 21:55:17 +0530: Memory Usage (978024K) : Executing rule pldd_drw_Acute
2026-09-21 21:55:17 +0530: Memory Usage (978024K) : Executing rule next_drw_Acute
2026-09-21 21:55:17 +0530: Memory Usage (978024K) : Executing rule pext_drw_Acute
2026-09-21 21:55:17 +0530: Memory Usage (978024K) : Executing rule nexthv_drw_Acute
2026-09-21 21:55:17 +0530: Memory Usage (978024K) : Executing rule pexthv_drw_Acute
2026-09-21 21:55:17 +0530: Memory Usage (978024K) : Executing rule graphgate_drw_Acute
2026-09-21 21:55:17 +0530: Memory Usage (978024K) : Executing rule mempad_drw_Acute
2026-09-21 21:55:17 +0530: Memory Usage (978024K) : Executing rule topvia1_drw_Acute
2026-09-21 21:55:17 +0530: Memory Usage (978024K) : Executing rule topmetal1_drw_Acute
2026-09-21 21:55:17 +0530: Memory Usage (978024K) : Executing rule topmetal1_pin_Acute
2026-09-21 21:55:17 +0530: Memory Usage (977768K) : Executing rule topmetal1_mask_Acute
2026-09-21 21:55:17 +0530: Memory Usage (977768K) : Executing rule topmetal1_filler_Acute
2026-09-21 21:55:17 +0530: Memory Usage (977768K) : Executing rule topmetal1_nofill_Acute
2026-09-21 21:55:17 +0530: Memory Usage (977768K) : Executing rule topmetal1_slit_Acute
2026-09-21 21:55:17 +0530: Memory Usage (977768K) : Executing rule topmetal1_noqrc_Acute
2026-09-21 21:55:17 +0530: Memory Usage (977768K) : Executing rule topmetal1_res_Acute
2026-09-21 21:55:17 +0530: Memory Usage (977768K) : Executing rule topmetal1_iprobe_Acute
2026-09-21 21:55:17 +0530: Memory Usage (977768K) : Executing rule topmetal1_diffprb_Acute
2026-09-21 21:55:17 +0530: Memory Usage (977768K) : Executing rule inldpwl_drw_Acute
2026-09-21 21:55:17 +0530: Memory Usage (977768K) : Executing rule polyres_drw_Acute
2026-09-21 21:55:17 +0530: Memory Usage (977768K) : Executing rule polyres_pin_Acute
2026-09-21 21:55:17 +0530: Memory Usage (977768K) : Executing rule vmim_drw_Acute
2026-09-21 21:55:17 +0530: Memory Usage (977768K) : Executing rule nbulaycut_drw_Acute
2026-09-21 21:55:18 +0530: Memory Usage (977768K) : Executing rule antmetal1_drw_Acute
2026-09-21 21:55:18 +0530: Memory Usage (977768K) : Executing rule topvia2_drw_Acute
2026-09-21 21:55:18 +0530: Memory Usage (977768K) : Executing rule topmetal2_drw_Acute
2026-09-21 21:55:18 +0530: Memory Usage (977768K) : Executing rule topmetal2_pin_Acute
2026-09-21 21:55:18 +0530: Memory Usage (977640K) : Executing rule topmetal2_mask_Acute
2026-09-21 21:55:18 +0530: Memory Usage (977640K) : Executing rule topmetal2_filler_Acute
2026-09-21 21:55:18 +0530: Memory Usage (977640K) : Executing rule topmetal2_nofill_Acute
2026-09-21 21:55:18 +0530: Memory Usage (977640K) : Executing rule topmetal2_slit_Acute
2026-09-21 21:55:18 +0530: Memory Usage (977640K) : Executing rule topmetal2_noqrc_Acute
2026-09-21 21:55:18 +0530: Memory Usage (977640K) : Executing rule topmetal2_res_Acute
2026-09-21 21:55:18 +0530: Memory Usage (977640K) : Executing rule topmetal2_iprobe_Acute
2026-09-21 21:55:18 +0530: Memory Usage (977640K) : Executing rule topmetal2_diffprb_Acute
2026-09-21 21:55:18 +0530: Memory Usage (977640K) : Executing rule snsring_drw_Acute
2026-09-21 21:55:18 +0530: Memory Usage (977640K) : Executing rule sensor_drw_Acute
2026-09-21 21:55:18 +0530: Memory Usage (977640K) : Executing rule snsarms_drw_Acute
2026-09-21 21:55:18 +0530: Memory Usage (977640K) : Executing rule snscmosvia_drw_Acute
2026-09-21 21:55:18 +0530: Memory Usage (977640K) : Executing rule colwind_drw_Acute
2026-09-21 21:55:18 +0530: Memory Usage (977640K) : Executing rule flm_drw_Acute
2026-09-21 21:55:18 +0530: Memory Usage (977640K) : Executing rule hafniumox_drw_Acute
2026-09-21 21:55:18 +0530: Memory Usage (977640K) : Executing rule memvia_drw_Acute
2026-09-21 21:55:18 +0530: Memory Usage (977640K) : Executing rule thinfilmres_drw_Acute
2026-09-21 21:55:18 +0530: Memory Usage (977640K) : Executing rule rfmem_drw_Acute
2026-09-21 21:55:18 +0530: Memory Usage (977640K) : Executing rule snsbotvia_drw_Acute
2026-09-21 21:55:18 +0530: Memory Usage (977640K) : Executing rule snstopvia_drw_Acute
2026-09-21 21:55:18 +0530: Memory Usage (977640K) : Executing rule deepvia_drw_Acute
2026-09-21 21:55:18 +0530: Memory Usage (977640K) : Executing rule fgetch_drw_Acute
2026-09-21 21:55:18 +0530: Memory Usage (977640K) : Executing rule ctrgat_drw_Acute
2026-09-21 21:55:18 +0530: Memory Usage (977640K) : Executing rule fgimp_drw_Acute
2026-09-21 21:55:18 +0530: Memory Usage (977640K) : Executing rule emwihv_drw_Acute
2026-09-21 21:55:18 +0530: Memory Usage (977640K) : Executing rule lbe_drw_Acute
2026-09-21 21:55:18 +0530: Memory Usage (977640K) : Executing rule alcustop_drw_Acute
2026-09-21 21:55:18 +0530: Memory Usage (977640K) : Executing rule cont_drw_Angle90
2026-09-21 21:55:23 +0530: Memory Usage (1374824K) : Executing rule via1_drw_Angle90
2026-09-21 21:55:24 +0530: Memory Usage (1374824K) : Executing rule via2_drw_Angle90
2026-09-21 21:55:24 +0530: Memory Usage (1374688K) : Executing rule via3_drw_Angle90
2026-09-21 21:55:25 +0530: Memory Usage (1374816K) : Executing rule via4_drw_Angle90
2026-09-21 21:55:25 +0530: Memory Usage (1374816K) : Executing rule vmim_drw_Angle90
2026-09-21 21:55:25 +0530: Memory Usage (1374816K) : Executing rule topvia1_drw_Angle90
2026-09-21 21:55:25 +0530: Memory Usage (1374944K) : Executing rule topvia2_drw_Angle90
2026-09-21 21:55:25 +0530: Memory Usage (1374944K) : Executing rule gatpoly_drw_Angle45
2026-09-21 21:55:26 +0530: Memory Usage (1375072K) : Executing rule activ_drw_Angle45
2026-09-21 21:55:28 +0530: Memory Usage (1396832K) : Executing rule metal1_drw_Angle45
2026-09-21 21:55:33 +0530: Memory Usage (1449696K) : Executing rule metal2_drw_Angle45
2026-09-21 21:55:34 +0530: Memory Usage (1449696K) : Executing rule metal3_drw_Angle45
2026-09-21 21:55:35 +0530: Memory Usage (1449692K) : Executing rule metal4_drw_Angle45
2026-09-21 21:55:35 +0530: Memory Usage (1449692K) : Executing rule metal5_drw_Angle45
2026-09-21 21:55:35 +0530: Memory Usage (1449560K) : Executing rule topmetal1_drw_Angle45
2026-09-21 21:55:36 +0530: Memory Usage (1449688K) : Executing rule topmetal2_drw_Angle45
2026-09-21 21:55:36 +0530: Memory Usage (1449688K) : Starting 3.2. FORBIDDEN table
2026-09-21 21:55:36 +0530: Memory Usage (1449688K) : Executing rule forbidden.biwind
2026-09-21 21:55:36 +0530: Memory Usage (1449688K) : Executing rule forbidden.pemwind
2026-09-21 21:55:36 +0530: Memory Usage (1449688K) : Executing rule forbidden.baspoly
2026-09-21 21:55:36 +0530: Memory Usage (1449688K) : Executing rule forbidden.deepco
2026-09-21 21:55:36 +0530: Memory Usage (1449688K) : Executing rule forbidden.pempoly
2026-09-21 21:55:36 +0530: Memory Usage (1449688K) : Executing rule forbidden.empoly
2026-09-21 21:55:36 +0530: Memory Usage (1449688K) : Executing rule forbidden.ldmos
2026-09-21 21:55:36 +0530: Memory Usage (1449688K) : Executing rule forbidden.pbiwind
2026-09-21 21:55:36 +0530: Memory Usage (1449688K) : Executing rule forbidden.nodrc
2026-09-21 21:55:36 +0530: Memory Usage (1449688K) : Executing rule forbidden.flash
2026-09-21 21:55:36 +0530: Memory Usage (1449688K) : Executing rule forbidden.colwind
2026-09-21 21:55:36 +0530: Memory Usage (1449688K) : KLayout DRC run for tables 'main' completed in 87.67 seconds
