[WARNING ORD-0039] .openroad ignored with -python
Top-level design name: picorv32_macro
Block boundaries: 0 0 675885 694605
Horizontal Tracks Origin: 420, Count: 1653, Step: 420
Vertical Tracks Origin: 480, Count: 1407, Step: 480
Placement details for the N side
Virtual pin count:  0
Actual pin count:  77
Total pin count:  77
Tracks count:  704
Tracks per pin:  9
Used tracks count:  685
Unused track count:  19
Starting track index:  9
Placement details for the E side
Virtual pin count:  0
Actual pin count:  71
Total pin count:  71
Tracks count:  827
Tracks per pin:  11
Used tracks count:  771
Unused track count:  56
Starting track index:  28
Placement details for the W side
Virtual pin count:  0
Actual pin count:  2
Total pin count:  2
Tracks count:  827
Tracks per pin:  413
Used tracks count:  414
Unused track count:  413
Starting track index:  206
Placement details for the S side
Virtual pin count:  0
Actual pin count:  1
Total pin count:  1
Tracks count:  704
Tracks per pin:  704
Used tracks count:  1
Unused track count:  703
Starting track index:  351
