Reading timing models for corner nom_typ_1p20V_25C…
Reading timing library for the 'nom_typ_1p20V_25C' corner at '/home/jaikrishn/IHP-Open-PDK/ihp-sg13g2/libs.ref/sg13g2_stdcell/lib/sg13g2_stdcell_typ_1p20V_25C.lib'…
Reading timing library for the 'nom_typ_1p20V_25C' corner at '/home/jaikrishn/IHP-Open-PDK/ihp-sg13g2/libs.ref/sg13g2_io/lib/sg13g2_io_typ_1p2V_3p3V_25C.lib'…
Reading OpenROAD database at '/home/jaikrishn/Documents/hardware/picorv32_axi4lite_port/phyisical_design/macros/peripherals/runs/run_3/42-openroad-repairantennas/1-openroad-diodeinsertion/peripherals_macro.odb'…
Reading design constraints file at '/home/jaikrishn/Documents/hardware/picorv32_axi4lite_port/phyisical_design/macros/peripherals/constraint.sdc'…
[INFO] No information on clock propagation in input SDC file-- propagating all clocks.
[INFO ORD-0030] Using 8 thread(s).
+ detailed_route -droute_end_iter 64 -or_seed 42 -verbose 1 -output_drc /home/jaikrishn/Documents/hardware/picorv32_axi4lite_port/phyisical_design/macros/peripherals/runs/run_3/44-openroad-detailedrouting/drt-run-0/peripherals_macro.drc
[INFO DRT-0149] Reading tech and libs.
[WARNING DRT-0349] LEF58_ENCLOSURE with no CUTCLASS is not supported. Skipping for layer Cont
[WARNING DRT-0349] LEF58_ENCLOSURE with no CUTCLASS is not supported. Skipping for layer Via1
[WARNING DRT-0349] LEF58_ENCLOSURE with no CUTCLASS is not supported. Skipping for layer Via1
[WARNING DRT-0349] LEF58_ENCLOSURE with no CUTCLASS is not supported. Skipping for layer Via2
[WARNING DRT-0349] LEF58_ENCLOSURE with no CUTCLASS is not supported. Skipping for layer Via3
[WARNING DRT-0349] LEF58_ENCLOSURE with no CUTCLASS is not supported. Skipping for layer Via4
[WARNING DRT-0349] LEF58_ENCLOSURE with no CUTCLASS is not supported. Skipping for layer TopVia1
[WARNING DRT-0349] LEF58_ENCLOSURE with no CUTCLASS is not supported. Skipping for layer TopVia1
[WARNING DRT-0349] LEF58_ENCLOSURE with no CUTCLASS is not supported. Skipping for layer TopVia2
[WARNING DRT-0349] LEF58_ENCLOSURE with no CUTCLASS is not supported. Skipping for layer TopVia2

Units:                1000
Number of layers:     15
Number of macros:     106
Number of vias:       76
Number of viarulegen: 6

[INFO DRT-0150] Reading design.

Design:                   peripherals_macro
Die area:                 ( 0 0 ) ( 178105 196825 )
Number of track patterns: 14
Number of DEF vias:       0
Number of components:     1018
Number of terminals:      246
Number of snets:          2
Number of nets:           1146

[INFO DRT-0167] List of default vias:
  Layer Via2
    default via: Via2_YX
  Layer Via3
    default via: Via3_XY
  Layer Via4
    default via: Via4_YX
  Layer TopVia1
    default via: TopVia1EWNS
  Layer TopVia2
    default via: TopVia2EWNS
[INFO DRT-0162] Library cell analysis.
[INFO DRT-0163] Instance analysis.
[INFO DRT-0164] Number of unique instances = 63.
[INFO DRT-0168] Init region query.
[INFO DRT-0024]   Complete GatPoly.
[INFO DRT-0024]   Complete Cont.
[INFO DRT-0024]   Complete Metal1.
[INFO DRT-0024]   Complete Via1.
[INFO DRT-0024]   Complete Metal2.
[INFO DRT-0024]   Complete Via2.
[INFO DRT-0024]   Complete Metal3.
[INFO DRT-0024]   Complete Via3.
[INFO DRT-0024]   Complete Metal4.
[INFO DRT-0024]   Complete Via4.
[INFO DRT-0024]   Complete Metal5.
[INFO DRT-0024]   Complete TopVia1.
[INFO DRT-0024]   Complete TopMetal1.
[INFO DRT-0024]   Complete TopVia2.
[INFO DRT-0024]   Complete TopMetal2.
[INFO DRT-0033] GatPoly shape region query size = 0.
[INFO DRT-0033] Cont shape region query size = 0.
[INFO DRT-0033] Metal1 shape region query size = 22686.
[INFO DRT-0033] Via1 shape region query size = 560.
[INFO DRT-0033] Metal2 shape region query size = 396.
[INFO DRT-0033] Via2 shape region query size = 560.
[INFO DRT-0033] Metal3 shape region query size = 296.
[INFO DRT-0033] Via3 shape region query size = 560.
[INFO DRT-0033] Metal4 shape region query size = 224.
[INFO DRT-0033] Via4 shape region query size = 560.
[INFO DRT-0033] Metal5 shape region query size = 336.
[INFO DRT-0033] TopVia1 shape region query size = 224.
[INFO DRT-0033] TopMetal1 shape region query size = 135.
[INFO DRT-0033] TopVia2 shape region query size = 13.
[INFO DRT-0033] TopMetal2 shape region query size = 23.
[INFO DRT-0165] Start pin access.
[INFO DRT-0078]   Complete 320 pins.
[INFO DRT-0081]   Complete 63 unique inst patterns.
[INFO DRT-0084]   Complete 462 groups.
#scanned instances     = 1018
#unique  instances     = 63
#stdCellGenAp          = 2697
#stdCellValidPlanarAp  = 0
#stdCellValidViaAp     = 2180
#stdCellPinNoAp        = 0
#stdCellPinCnt         = 2963
#instTermValidViaApCnt = 0
#macroGenAp            = 0
#macroValidPlanarAp    = 0
#macroValidViaAp       = 0
#macroNoAp             = 0
[INFO DRT-0166] Complete pin access.
[INFO DRT-0267] cpu time = 00:00:19, elapsed time = 00:00:03, memory = 108.87 (MB), peak = 107.36 (MB)

[INFO DRT-0157] Number of guides:     7348

[INFO DRT-0169] Post process guides.
[INFO DRT-0176] GCELLGRID X 0 DO 24 STEP 7200 ;
[INFO DRT-0177] GCELLGRID Y 0 DO 27 STEP 7200 ;
[INFO DRT-0028]   Complete GatPoly.
[INFO DRT-0028]   Complete Cont.
[INFO DRT-0028]   Complete Metal1.
[INFO DRT-0028]   Complete Via1.
[INFO DRT-0028]   Complete Metal2.
[INFO DRT-0028]   Complete Via2.
[INFO DRT-0028]   Complete Metal3.
[INFO DRT-0028]   Complete Via3.
[INFO DRT-0028]   Complete Metal4.
[INFO DRT-0028]   Complete Via4.
[INFO DRT-0028]   Complete Metal5.
[INFO DRT-0028]   Complete TopVia1.
[INFO DRT-0028]   Complete TopMetal1.
[INFO DRT-0028]   Complete TopVia2.
[INFO DRT-0028]   Complete TopMetal2.
[INFO DRT-0178] Init guide query.
[INFO DRT-0035]   Complete GatPoly (guide).
[INFO DRT-0035]   Complete Cont (guide).
[INFO DRT-0035]   Complete Metal1 (guide).
[INFO DRT-0035]   Complete Via1 (guide).
[INFO DRT-0035]   Complete Metal2 (guide).
[INFO DRT-0035]   Complete Via2 (guide).
[INFO DRT-0035]   Complete Metal3 (guide).
[INFO DRT-0035]   Complete Via3 (guide).
[INFO DRT-0035]   Complete Metal4 (guide).
[INFO DRT-0035]   Complete Via4 (guide).
[INFO DRT-0035]   Complete Metal5 (guide).
[INFO DRT-0035]   Complete TopVia1 (guide).
[INFO DRT-0035]   Complete TopMetal1 (guide).
[INFO DRT-0035]   Complete TopVia2 (guide).
[INFO DRT-0035]   Complete TopMetal2 (guide).
[INFO DRT-0036] GatPoly guide region query size = 0.
[INFO DRT-0036] Cont guide region query size = 0.
[INFO DRT-0036] Metal1 guide region query size = 2585.
[INFO DRT-0036] Via1 guide region query size = 0.
[INFO DRT-0036] Metal2 guide region query size = 2302.
[INFO DRT-0036] Via2 guide region query size = 0.
[INFO DRT-0036] Metal3 guide region query size = 1087.
[INFO DRT-0036] Via3 guide region query size = 0.
[INFO DRT-0036] Metal4 guide region query size = 44.
[INFO DRT-0036] Via4 guide region query size = 0.
[INFO DRT-0036] Metal5 guide region query size = 10.
[INFO DRT-0036] TopVia1 guide region query size = 0.
[INFO DRT-0036] TopMetal1 guide region query size = 0.
[INFO DRT-0036] TopVia2 guide region query size = 0.
[INFO DRT-0036] TopMetal2 guide region query size = 0.
[INFO DRT-0179] Init gr pin query.
[INFO DRT-0267] cpu time = 00:00:00, elapsed time = 00:00:00, memory = 111.26 (MB), peak = 110.05 (MB)
[INFO DRT-0245] skipped writing guide updates to database.
[INFO DRT-0185] Post process initialize RPin region query.
[INFO DRT-0181] Start track assignment.
[INFO DRT-0184] Done with 2346 vertical wires in 1 frboxes and 3682 horizontal wires in 1 frboxes.
[INFO DRT-0186] Done with 772 vertical wires in 1 frboxes and 426 horizontal wires in 1 frboxes.
[INFO DRT-0182] Complete track assignment.
[INFO DRT-0267] cpu time = 00:00:00, elapsed time = 00:00:00, memory = 122.20 (MB), peak = 120.96 (MB)
[INFO DRT-0187] Start routing data preparation.
[INFO DRT-0267] cpu time = 00:00:00, elapsed time = 00:00:00, memory = 122.20 (MB), peak = 120.96 (MB)
[INFO DRT-0194] Start detail routing.
[INFO DRT-0195] Start 0th optimization iteration.
    Completing 10% with 0 violations.
    elapsed time = 00:00:01, memory = 203.00 (MB).
    Completing 20% with 0 violations.
    elapsed time = 00:00:04, memory = 157.48 (MB).
    Completing 30% with 101 violations.
    elapsed time = 00:00:05, memory = 286.30 (MB).
    Completing 40% with 101 violations.
    elapsed time = 00:00:06, memory = 299.98 (MB).
    Completing 50% with 101 violations.
    elapsed time = 00:00:09, memory = 256.96 (MB).
    Completing 60% with 182 violations.
    elapsed time = 00:00:10, memory = 306.35 (MB).
    Completing 70% with 182 violations.
    elapsed time = 00:00:12, memory = 288.73 (MB).
    Completing 80% with 269 violations.
    elapsed time = 00:00:12, memory = 293.05 (MB).
    Completing 90% with 269 violations.
    elapsed time = 00:00:14, memory = 315.92 (MB).
    Completing 100% with 348 violations.
    elapsed time = 00:00:15, memory = 315.92 (MB).
[INFO DRT-0199]   Number of violations = 452.
Viol/Layer      Metal1   Via1 Metal2   Via2 Metal3
Metal Spacing        0      0    122      0     27
Recheck              1      0     76      0     27
Short                0      1    185      2     11
[INFO DRT-0267] cpu time = 00:00:30, elapsed time = 00:00:15, memory = 672.81 (MB), peak = 671.43 (MB)
Total wire length = 38535 um.
Total wire length on LAYER Metal1 = 0 um.
Total wire length on LAYER Metal2 = 20593 um.
Total wire length on LAYER Metal3 = 15436 um.
Total wire length on LAYER Metal4 = 2174 um.
Total wire length on LAYER Metal5 = 331 um.
Total wire length on LAYER TopMetal1 = 0 um.
Total wire length on LAYER TopMetal2 = 0 um.
Total number of vias = 6182.
Up-via summary (total 6182):

------------------
   GatPoly       0
    Metal1    2992
    Metal2    3011
    Metal3     163
    Metal4      16
    Metal5       0
 TopMetal1       0
------------------
          6182


[INFO DRT-0195] Start 1st optimization iteration.
    Completing 10% with 452 violations.
    elapsed time = 00:00:00, memory = 690.91 (MB).
    Completing 20% with 452 violations.
    elapsed time = 00:00:00, memory = 704.84 (MB).
    Completing 30% with 452 violations.
    elapsed time = 00:00:02, memory = 692.07 (MB).
    Completing 40% with 424 violations.
    elapsed time = 00:00:02, memory = 737.23 (MB).
    Completing 50% with 424 violations.
    elapsed time = 00:00:05, memory = 708.98 (MB).
    Completing 60% with 398 violations.
    elapsed time = 00:00:05, memory = 726.19 (MB).
    Completing 70% with 398 violations.
    elapsed time = 00:00:07, memory = 745.37 (MB).
    Completing 80% with 398 violations.
    elapsed time = 00:00:09, memory = 746.04 (MB).
    Completing 90% with 342 violations.
    elapsed time = 00:00:11, memory = 796.06 (MB).
    Completing 100% with 238 violations.
    elapsed time = 00:00:15, memory = 769.05 (MB).
[INFO DRT-0199]   Number of violations = 238.
Viol/Layer      Metal2 Metal3
Metal Spacing       94      1
Short              143      0
[INFO DRT-0267] cpu time = 00:00:35, elapsed time = 00:00:15, memory = 772.05 (MB), peak = 816.73 (MB)
Total wire length = 38296 um.
Total wire length on LAYER Metal1 = 0 um.
Total wire length on LAYER Metal2 = 20288 um.
Total wire length on LAYER Metal3 = 15374 um.
Total wire length on LAYER Metal4 = 2303 um.
Total wire length on LAYER Metal5 = 330 um.
Total wire length on LAYER TopMetal1 = 0 um.
Total wire length on LAYER TopMetal2 = 0 um.
Total number of vias = 6131.
Up-via summary (total 6131):

------------------
   GatPoly       0
    Metal1    2995
    Metal2    2951
    Metal3     169
    Metal4      16
    Metal5       0
 TopMetal1       0
------------------
          6131


[INFO DRT-0195] Start 2nd optimization iteration.
    Completing 10% with 238 violations.
    elapsed time = 00:00:00, memory = 772.05 (MB).
    Completing 20% with 238 violations.
    elapsed time = 00:00:00, memory = 772.05 (MB).
    Completing 30% with 238 violations.
    elapsed time = 00:00:00, memory = 805.89 (MB).
    Completing 40% with 232 violations.
    elapsed time = 00:00:04, memory = 772.05 (MB).
    Completing 50% with 232 violations.
    elapsed time = 00:00:04, memory = 772.05 (MB).
    Completing 60% with 232 violations.
    elapsed time = 00:00:09, memory = 804.51 (MB).
    Completing 70% with 213 violations.
    elapsed time = 00:00:09, memory = 846.12 (MB).
    Completing 80% with 213 violations.
    elapsed time = 00:00:14, memory = 873.64 (MB).
    Completing 90% with 162 violations.
    elapsed time = 00:00:19, memory = 885.28 (MB).
    Completing 100% with 177 violations.
    elapsed time = 00:00:21, memory = 847.96 (MB).
[INFO DRT-0199]   Number of violations = 177.
Viol/Layer      Metal2
Metal Spacing       82
Short               95
[INFO DRT-0267] cpu time = 00:00:43, elapsed time = 00:00:22, memory = 847.96 (MB), peak = 902.93 (MB)
Total wire length = 38168 um.
Total wire length on LAYER Metal1 = 0 um.
Total wire length on LAYER Metal2 = 20232 um.
Total wire length on LAYER Metal3 = 15270 um.
Total wire length on LAYER Metal4 = 2328 um.
Total wire length on LAYER Metal5 = 336 um.
Total wire length on LAYER TopMetal1 = 0 um.
Total wire length on LAYER TopMetal2 = 0 um.
Total number of vias = 6173.
Up-via summary (total 6173):

------------------
   GatPoly       0
    Metal1    3000
    Metal2    2958
    Metal3     198
    Metal4      17
    Metal5       0
 TopMetal1       0
------------------
          6173


[INFO DRT-0195] Start 3rd optimization iteration.
    Completing 10% with 177 violations.
    elapsed time = 00:00:00, memory = 848.02 (MB).
    Completing 20% with 177 violations.
    elapsed time = 00:00:01, memory = 848.03 (MB).
    Completing 30% with 127 violations.
    elapsed time = 00:00:01, memory = 893.74 (MB).
    Completing 40% with 127 violations.
    elapsed time = 00:00:02, memory = 893.74 (MB).
    Completing 50% with 127 violations.
    elapsed time = 00:00:02, memory = 848.03 (MB).
    Completing 60% with 78 violations.
    elapsed time = 00:00:02, memory = 848.03 (MB).
    Completing 70% with 78 violations.
    elapsed time = 00:00:04, memory = 857.57 (MB).
    Completing 80% with 43 violations.
    elapsed time = 00:00:04, memory = 857.57 (MB).
    Completing 90% with 43 violations.
    elapsed time = 00:00:04, memory = 857.57 (MB).
    Completing 100% with 0 violations.
    elapsed time = 00:00:05, memory = 857.57 (MB).
[INFO DRT-0199]   Number of violations = 0.
[INFO DRT-0267] cpu time = 00:00:10, elapsed time = 00:00:05, memory = 857.57 (MB), peak = 902.93 (MB)
Total wire length = 38089 um.
Total wire length on LAYER Metal1 = 0 um.
Total wire length on LAYER Metal2 = 19263 um.
Total wire length on LAYER Metal3 = 15279 um.
Total wire length on LAYER Metal4 = 3185 um.
Total wire length on LAYER Metal5 = 360 um.
Total wire length on LAYER TopMetal1 = 0 um.
Total wire length on LAYER TopMetal2 = 0 um.
Total number of vias = 6313.
Up-via summary (total 6313):

------------------
   GatPoly       0
    Metal1    3000
    Metal2    2977
    Metal3     317
    Metal4      19
    Metal5       0
 TopMetal1       0
------------------
          6313


[INFO DRT-0198] Complete detail routing.
Total wire length = 38089 um.
Total wire length on LAYER Metal1 = 0 um.
Total wire length on LAYER Metal2 = 19263 um.
Total wire length on LAYER Metal3 = 15279 um.
Total wire length on LAYER Metal4 = 3185 um.
Total wire length on LAYER Metal5 = 360 um.
Total wire length on LAYER TopMetal1 = 0 um.
Total wire length on LAYER TopMetal2 = 0 um.
Total number of vias = 6313.
Up-via summary (total 6313):

------------------
   GatPoly       0
    Metal1    3000
    Metal2    2977
    Metal3     317
    Metal4      19
    Metal5       0
 TopMetal1       0
------------------
          6313


[INFO DRT-0267] cpu time = 00:02:00, elapsed time = 00:00:58, memory = 857.68 (MB), peak = 902.93 (MB)

[INFO DRT-0180] Post processing.
+ check_antennas 
[INFO ANT-0002] Found 0 net violations.
[INFO ANT-0001] Found 0 pin violations.
Setting global connections for newly added cells…
[INFO] Setting global connections...
[INFO ODB-0403] 0 connections made, 0 conflicts skipped.
Updating metrics…
Cell type report:                       Count       Area
  Buffer                                    1       7.26
  Clock buffer                             17     422.76
  Timing Repair Buffer                    333    2952.03
  Inverter                                 41     223.17
  Clock inverter                           11      59.88
  Sequential cell                         101    4947.87
  Multi-Input combinational cell          514    4534.19
  Total                                  1018   13147.14
Writing OpenROAD database to '/home/jaikrishn/Documents/hardware/picorv32_axi4lite_port/phyisical_design/macros/peripherals/runs/run_3/44-openroad-detailedrouting/peripherals_macro.odb'…
Writing netlist to '/home/jaikrishn/Documents/hardware/picorv32_axi4lite_port/phyisical_design/macros/peripherals/runs/run_3/44-openroad-detailedrouting/peripherals_macro.nl.v'…
Writing powered netlist to '/home/jaikrishn/Documents/hardware/picorv32_axi4lite_port/phyisical_design/macros/peripherals/runs/run_3/44-openroad-detailedrouting/peripherals_macro.pnl.v'…
Writing layout to '/home/jaikrishn/Documents/hardware/picorv32_axi4lite_port/phyisical_design/macros/peripherals/runs/run_3/44-openroad-detailedrouting/peripherals_macro.def'…
Writing timing constraints to '/home/jaikrishn/Documents/hardware/picorv32_axi4lite_port/phyisical_design/macros/peripherals/runs/run_3/44-openroad-detailedrouting/peripherals_macro.sdc'…
