
===========================================================================
 report_power
============================================================================
======================= nom_typ_1p20V_25C Corner ===================================

Group                    Internal    Switching      Leakage        Total
                            Power        Power        Power        Power (Watts)
------------------------------------------------------------------------
Sequential           9.230304e-03 4.656042e-04 7.153371e-07 9.696623e-03  45.9%
Combinational        4.373203e-03 3.958763e-03 1.452141e-06 8.333418e-03  39.5%
Clock                1.625584e-03 1.467411e-03 1.565495e-07 3.093151e-03  14.6%
Macro                0.000000e+00 0.000000e+00 0.000000e+00 0.000000e+00   0.0%
Pad                  0.000000e+00 0.000000e+00 0.000000e+00 0.000000e+00   0.0%
------------------------------------------------------------------------
Total                1.522913e-02 5.891778e-03 2.324007e-06 2.112323e-02 100.0%
                            72.1%        27.9%         0.0%
Writing metric power__internal__total: 0.015229130163788795
Writing metric power__switching__total: 0.005891777575016022
Writing metric power__leakage__total: 2.324007482457091e-6
Writing metric power__total: 0.021123232319951057

