Clock: clk_i
Sources: clk_i 
Generated: no
Virtual: yes
Propagated: no
Period: 10.000000

===========================================================================
report_clock_properties
============================================================================
Clock                   Period          Waveform
----------------------------------------------------
clk_i                10.000000    0.000000  5.000000

===========================================================================
report_clock_latency
============================================================================
Clock clk_i
rise -> rise
    min     max
0.000000 0.000000 source latency
0.273970         network latency _1082_/CLK
        0.293547 network latency _1095_/CLK
---------------
0.273970 0.293547 latency
        0.019576 skew

fall -> fall
    min     max
0.000000 0.000000 source latency
0.278561         network latency _1082_/CLK
        0.295926 network latency _1095_/CLK
---------------
0.278561 0.295926 latency
        0.017364 skew



===========================================================================
report_clock_min_period
============================================================================
clk_i period_min = 2.90 fmax = 344.64
