Clock: clk_i
Sources: clk_i 
Generated: no
Virtual: yes
Propagated: no
Period: 10.000000

===========================================================================
report_clock_properties
============================================================================
Clock                   Period          Waveform
----------------------------------------------------
clk_i                10.000000    0.000000  5.000000

===========================================================================
report_clock_latency
============================================================================
Clock clk_i
rise -> rise
    min     max
0.000000 0.000000 source latency
0.000000         network latency u_sram/A_CLK
        0.113239 network latency _810_/CLK
---------------
0.000000 0.113239 latency
        0.113239 skew

fall -> fall
    min     max
0.000000 0.000000 source latency
0.000000         network latency u_sram/A_CLK
        0.110360 network latency _810_/CLK
---------------
0.000000 0.110360 latency
        0.110360 skew



===========================================================================
report_clock_min_period
============================================================================
clk_i period_min = 7.92 fmax = 126.33
