
===========================================================================
 report_power
============================================================================
======================= nom_typ_1p20V_25C Corner ===================================

Group                    Internal    Switching      Leakage        Total
                            Power        Power        Power        Power (Watts)
------------------------------------------------------------------------
Sequential           5.361965e-04 1.985858e-05 4.539702e-08 5.561005e-04  94.2%
Combinational        1.191593e-05 2.240163e-05 5.056953e-08 3.436813e-05   5.8%
Clock                0.000000e+00 0.000000e+00 0.000000e+00 0.000000e+00   0.0%
Macro                0.000000e+00 0.000000e+00 0.000000e+00 0.000000e+00   0.0%
Pad                  0.000000e+00 0.000000e+00 0.000000e+00 0.000000e+00   0.0%
------------------------------------------------------------------------
Total                5.481124e-04 4.226020e-05 9.596658e-08 5.904686e-04 100.0%
                            92.8%         7.2%         0.0%

