
===========================================================================
 report_power
============================================================================
======================= nom_typ_1p20V_25C Corner ===================================

Group                    Internal    Switching      Leakage        Total
                            Power        Power        Power        Power (Watts)
------------------------------------------------------------------------
Sequential           5.018961e-04 3.245475e-06 4.798577e-08 5.051895e-04  29.3%
Combinational        6.773791e-06 5.133685e-06 5.878208e-08 1.196626e-05   0.7%
Clock                0.000000e+00 0.000000e+00 0.000000e+00 0.000000e+00   0.0%
Macro                1.206491e-03 0.000000e+00 2.613176e-06 1.209104e-03  70.0%
Pad                  0.000000e+00 0.000000e+00 0.000000e+00 0.000000e+00   0.0%
------------------------------------------------------------------------
Total                1.715161e-03 8.379167e-06 2.719944e-06 1.726260e-03 100.0%
                            99.4%         0.5%         0.2%

