
===========================================================================
Violator List
============================================================================
[hold reg-reg] _841_/Q -> u_sram/A_DIN[0] : -0.785457
[hold reg-reg] _851_/Q -> u_sram/A_DIN[10] : -0.785457
[hold reg-reg] _852_/Q -> u_sram/A_DIN[11] : -0.785457
[hold reg-reg] _853_/Q -> u_sram/A_DIN[12] : -0.785457
[hold reg-reg] _854_/Q -> u_sram/A_DIN[13] : -0.785457
[hold reg-reg] _855_/Q -> u_sram/A_DIN[14] : -0.785457
[hold reg-reg] _856_/Q -> u_sram/A_DIN[15] : -0.785457
[hold reg-reg] _857_/Q -> u_sram/A_DIN[16] : -0.785457
[hold reg-reg] _858_/Q -> u_sram/A_DIN[17] : -0.785457
[hold reg-reg] _859_/Q -> u_sram/A_DIN[18] : -0.785457
[hold reg-reg] _860_/Q -> u_sram/A_DIN[19] : -0.785457
[hold reg-reg] _842_/Q -> u_sram/A_DIN[1] : -0.785457
[hold reg-reg] _861_/Q -> u_sram/A_DIN[20] : -0.785457
[hold reg-reg] _862_/Q -> u_sram/A_DIN[21] : -0.785457
[hold reg-reg] _863_/Q -> u_sram/A_DIN[22] : -0.785457
[hold reg-reg] _864_/Q -> u_sram/A_DIN[23] : -0.785457
[hold reg-reg] _865_/Q -> u_sram/A_DIN[24] : -0.785457
[hold reg-reg] _866_/Q -> u_sram/A_DIN[25] : -0.785457
[hold reg-reg] _867_/Q -> u_sram/A_DIN[26] : -0.785457
[hold reg-reg] _868_/Q -> u_sram/A_DIN[27] : -0.785457
[hold reg-reg] _869_/Q -> u_sram/A_DIN[28] : -0.785457
[hold reg-reg] _870_/Q -> u_sram/A_DIN[29] : -0.785457
[hold reg-reg] _843_/Q -> u_sram/A_DIN[2] : -0.785457
[hold reg-reg] _871_/Q -> u_sram/A_DIN[30] : -0.785457
[hold reg-reg] _872_/Q -> u_sram/A_DIN[31] : -0.785457
[hold reg-reg] _844_/Q -> u_sram/A_DIN[3] : -0.785457
[hold reg-reg] _845_/Q -> u_sram/A_DIN[4] : -0.785457
[hold reg-reg] _846_/Q -> u_sram/A_DIN[5] : -0.785457
[hold reg-reg] _847_/Q -> u_sram/A_DIN[6] : -0.785457
[hold reg-reg] _848_/Q -> u_sram/A_DIN[7] : -0.785457
[hold reg-reg] _849_/Q -> u_sram/A_DIN[8] : -0.785457
[hold reg-reg] _850_/Q -> u_sram/A_DIN[9] : -0.785457
[hold reg-reg] _834_/Q -> u_sram/A_ADDR[4] : -0.739291
[hold reg-reg] _831_/Q -> u_sram/A_ADDR[1] : -0.739275
[hold reg-reg] _830_/Q -> u_sram/A_ADDR[0] : -0.729802
[hold reg-reg] _832_/Q -> u_sram/A_ADDR[2] : -0.727573
[hold reg-reg] _839_/Q -> u_sram/A_ADDR[9] : -0.718682
[hold reg-reg] _837_/Q -> u_sram/A_ADDR[7] : -0.713978
[hold reg-reg] _833_/Q -> u_sram/A_ADDR[3] : -0.713672
[hold reg-reg] _835_/Q -> u_sram/A_ADDR[5] : -0.702743
[hold reg-reg] _838_/Q -> u_sram/A_ADDR[8] : -0.690963
[hold reg-reg] _836_/Q -> u_sram/A_ADDR[6] : -0.683664
[hold reg-reg] _874_/Q -> u_sram/A_BM[15] : -0.671505
[hold reg-reg] _875_/Q -> u_sram/A_BM[23] : -0.671505
[hold reg-reg] _876_/Q -> u_sram/A_BM[31] : -0.671505
[hold reg-reg] _873_/Q -> u_sram/A_BM[7] : -0.671505
[hold reg-reg] _874_/Q -> u_sram/A_BM[14] : -0.632686
[hold reg-reg] _875_/Q -> u_sram/A_BM[22] : -0.632686
[hold reg-reg] _876_/Q -> u_sram/A_BM[30] : -0.632686
[hold reg-reg] _873_/Q -> u_sram/A_BM[6] : -0.632686
[hold reg-reg] _874_/Q -> u_sram/A_BM[13] : -0.581214
[hold reg-reg] _875_/Q -> u_sram/A_BM[21] : -0.581214
[hold reg-reg] _876_/Q -> u_sram/A_BM[29] : -0.581214
[hold reg-reg] _873_/Q -> u_sram/A_BM[5] : -0.581214
[hold reg-reg] _874_/Q -> u_sram/A_BM[12] : -0.512911
[hold reg-reg] _875_/Q -> u_sram/A_BM[20] : -0.512911
[hold reg-reg] _876_/Q -> u_sram/A_BM[28] : -0.512911
[hold reg-reg] _873_/Q -> u_sram/A_BM[4] : -0.512911
[hold reg-reg] _874_/Q -> u_sram/A_BM[11] : -0.438630
[hold reg-reg] _875_/Q -> u_sram/A_BM[19] : -0.438630
[hold reg-reg] _876_/Q -> u_sram/A_BM[27] : -0.438630
[hold reg-reg] _873_/Q -> u_sram/A_BM[3] : -0.438630
[hold reg-reg] _889_/Q -> u_sram/A_REN : -0.384116
[hold reg-reg] _874_/Q -> u_sram/A_BM[10] : -0.347734
[hold reg-reg] _875_/Q -> u_sram/A_BM[18] : -0.347734
[hold reg-reg] _876_/Q -> u_sram/A_BM[26] : -0.347734
[hold reg-reg] _873_/Q -> u_sram/A_BM[2] : -0.347734
[hold reg-reg] _889_/Q -> u_sram/A_MEN : -0.335649
[hold reg-reg] _875_/Q -> u_sram/A_BM[17] : -0.227352
[hold reg-reg] _873_/Q -> u_sram/A_BM[1] : -0.227352
[hold reg-reg] _876_/Q -> u_sram/A_BM[25] : -0.227352
[hold reg-reg] _874_/Q -> u_sram/A_BM[9] : -0.227352
[hold reg-reg] _873_/Q -> u_sram/A_BM[0] : -0.066844
[hold reg-reg] _875_/Q -> u_sram/A_BM[16] : -0.066844
[hold reg-reg] _876_/Q -> u_sram/A_BM[24] : -0.066844
[hold reg-reg] _874_/Q -> u_sram/A_BM[8] : -0.066844
[hold reg-reg] _829_/Q -> u_sram/A_WEN : -0.004377
