Reading timing models for corner nom_fast_1p32V_m40C…
Reading timing library for the 'nom_fast_1p32V_m40C' corner at '/home/jaikrishn/IHP-Open-PDK/ihp-sg13g2/libs.ref/sg13g2_stdcell/lib/sg13g2_stdcell_fast_1p32V_m40C.lib'…
Reading timing library for the 'nom_fast_1p32V_m40C' corner at '/home/jaikrishn/IHP-Open-PDK/ihp-sg13g2/libs.ref/sg13g2_io/lib/sg13g2_io_fast_1p32V_3p6V_m40C.lib'…
Reading timing library for the 'nom_fast_1p32V_m40C' corner at '/home/jaikrishn/IHP-Open-PDK/ihp-sg13g2/libs.ref/sg13g2_sram/lib/RM_IHPSG13_1P_1024x32_c2_bm_bist_slow_1p08V_125C.lib'…
Reading timing models for corner nom_slow_1p08V_125C…
Reading timing library for the 'nom_slow_1p08V_125C' corner at '/home/jaikrishn/IHP-Open-PDK/ihp-sg13g2/libs.ref/sg13g2_stdcell/lib/sg13g2_stdcell_slow_1p08V_125C.lib'…
Reading timing library for the 'nom_slow_1p08V_125C' corner at '/home/jaikrishn/IHP-Open-PDK/ihp-sg13g2/libs.ref/sg13g2_io/lib/sg13g2_io_slow_1p08V_3p0V_125C.lib'…
Reading timing library for the 'nom_slow_1p08V_125C' corner at '/home/jaikrishn/IHP-Open-PDK/ihp-sg13g2/libs.ref/sg13g2_sram/lib/RM_IHPSG13_1P_1024x32_c2_bm_bist_slow_1p08V_125C.lib'…
[WARNING STA-1140] /home/jaikrishn/IHP-Open-PDK/ihp-sg13g2/libs.ref/sg13g2_sram/lib/RM_IHPSG13_1P_1024x32_c2_bm_bist_slow_1p08V_125C.lib line 20, library RM_IHPSG13_1P_1024x32_c2_bm_bist_slow_1p08V_125C already exists.
Reading timing models for corner nom_typ_1p20V_25C…
Reading timing library for the 'nom_typ_1p20V_25C' corner at '/home/jaikrishn/IHP-Open-PDK/ihp-sg13g2/libs.ref/sg13g2_stdcell/lib/sg13g2_stdcell_typ_1p20V_25C.lib'…
Reading timing library for the 'nom_typ_1p20V_25C' corner at '/home/jaikrishn/IHP-Open-PDK/ihp-sg13g2/libs.ref/sg13g2_io/lib/sg13g2_io_typ_1p2V_3p3V_25C.lib'…
Reading timing library for the 'nom_typ_1p20V_25C' corner at '/home/jaikrishn/IHP-Open-PDK/ihp-sg13g2/libs.ref/sg13g2_sram/lib/RM_IHPSG13_1P_1024x32_c2_bm_bist_slow_1p08V_125C.lib'…
[WARNING STA-1140] /home/jaikrishn/IHP-Open-PDK/ihp-sg13g2/libs.ref/sg13g2_sram/lib/RM_IHPSG13_1P_1024x32_c2_bm_bist_slow_1p08V_125C.lib line 20, library RM_IHPSG13_1P_1024x32_c2_bm_bist_slow_1p08V_125C already exists.
Reading OpenROAD database at '/home/jaikrishn/Documents/hardware/picorv32_axi4lite_port/phyisical_design/macros/ram/runs/run_1/28-openroad-globalplacement/ram_macro.odb'…
Reading design constraints file at '/home/jaikrishn/Documents/hardware/picorv32_axi4lite_port/phyisical_design/macros/ram/pnr.sdc'…
[INFO] No information on clock propagation in input SDC file-- propagating all clocks.
[INFO RSZ-0027] Inserted 149 sg13g2_buf_1 input buffers.
[INFO RSZ-0028] Inserted 41 sg13g2_buf_1 output buffers.
+ repair_design -verbose -max_wire_length 0.0 -slew_margin 20.0 -cap_margin 20.0
Iteration |   Area    | Resized | Buffers | Nets repaired | Remaining
---------------------------------------------------------------------
        0 |     +0.0% |       0 |       0 |             0 |       947
       10 |     +0.0% |       0 |       0 |             3 |       937
       20 |     +0.0% |       0 |       0 |             3 |       927
       30 |     +0.0% |       0 |       0 |            11 |       917
       40 |     +0.0% |       0 |       0 |            14 |       907
       50 |     +0.0% |       0 |       0 |            14 |       897
       60 |     +0.0% |       0 |       0 |            14 |       887
       70 |     +0.0% |       0 |       0 |            16 |       877
       80 |     +0.0% |       0 |       0 |            17 |       867
       90 |     +0.0% |       0 |       6 |            19 |       857
      100 |     +0.0% |       0 |       6 |            19 |       847
      110 |     +0.0% |       0 |      10 |            21 |       837
      120 |     +0.0% |       0 |      10 |            21 |       827
      130 |     +0.0% |       0 |      10 |            21 |       817
      140 |     +0.0% |       0 |      10 |            21 |       807
      150 |     +0.0% |       0 |      10 |            21 |       797
      160 |     +0.0% |       0 |      10 |            21 |       787
      170 |     +0.1% |       0 |      12 |            22 |       777
      180 |     +0.1% |       0 |      19 |            27 |       767
      190 |     +0.1% |       0 |      19 |            27 |       757
      200 |     +0.1% |       0 |      19 |            27 |       747
      210 |     +0.1% |       0 |      22 |            30 |       737
      220 |     +0.1% |       0 |      22 |            30 |       727
      230 |     +0.1% |       0 |      22 |            30 |       717
      240 |     +0.1% |       0 |      22 |            30 |       707
      250 |     +0.1% |       0 |      22 |            30 |       697
      260 |     +0.1% |       0 |      22 |            30 |       687
      270 |     +0.1% |       0 |      22 |            30 |       677
      280 |     +0.1% |       0 |      22 |            30 |       667
      290 |     +0.1% |       0 |      22 |            30 |       657
      300 |     +0.1% |       0 |      22 |            30 |       647
      310 |     +0.1% |       0 |      22 |            30 |       637
      320 |     +0.1% |       0 |      22 |            30 |       627
      330 |     +0.1% |       0 |      22 |            30 |       617
      340 |     +0.1% |       0 |      22 |            30 |       607
      350 |     +0.1% |       0 |      22 |            30 |       597
      360 |     +0.1% |       0 |      22 |            30 |       587
      370 |     +0.1% |       0 |      22 |            30 |       577
      380 |     +0.1% |       0 |      22 |            30 |       567
      390 |     +0.1% |       0 |      22 |            30 |       557
      400 |     +0.2% |       0 |      33 |            31 |       547
      410 |     +0.2% |       0 |      33 |            31 |       537
      420 |     +0.2% |       0 |      33 |            31 |       527
      430 |     +0.2% |       0 |      33 |            31 |       517
      440 |     +0.2% |       0 |      33 |            31 |       507
      450 |     +0.2% |       0 |      33 |            31 |       497
      460 |     +0.2% |       0 |      33 |            31 |       487
      470 |     +0.2% |       0 |      33 |            31 |       477
      480 |     +0.2% |       0 |      33 |            31 |       467
      490 |     +0.2% |       0 |      33 |            31 |       457
      500 |     +0.2% |       0 |      33 |            31 |       447
      510 |     +0.2% |       0 |      35 |            32 |       437
      520 |     +0.2% |       0 |      35 |            32 |       427
      530 |     +0.2% |       0 |      35 |            32 |       417
      540 |     +0.2% |       0 |      35 |            32 |       407
      550 |     +0.2% |       0 |      35 |            32 |       397
      560 |     +0.2% |       0 |      35 |            32 |       387
      570 |     +0.2% |       0 |      35 |            32 |       377
      580 |     +0.2% |       0 |      35 |            32 |       367
      590 |     +0.2% |       0 |      35 |            32 |       357
      600 |     +0.2% |       0 |      35 |            32 |       347
      610 |     +0.3% |       0 |      59 |            34 |       337
      620 |     +0.3% |       0 |      59 |            34 |       327
      630 |     +0.3% |       0 |      59 |            34 |       317
      640 |     +0.3% |       0 |      59 |            34 |       307
      650 |     +0.3% |       0 |      59 |            34 |       297
      660 |     +0.3% |       0 |      59 |            34 |       287
      670 |     +0.3% |       0 |      59 |            34 |       277
      680 |     +0.3% |       0 |      59 |            34 |       267
      690 |     +0.3% |       0 |      59 |            34 |       257
      700 |     +0.3% |       0 |      59 |            34 |       247
      710 |     +0.3% |       0 |      59 |            34 |       237
      720 |     +0.3% |       0 |      59 |            34 |       227
      730 |     +0.3% |       0 |      59 |            34 |       217
      740 |     +0.3% |       0 |      59 |            34 |       207
      750 |     +0.3% |       0 |      59 |            34 |       197
      760 |     +0.3% |       0 |      59 |            34 |       187
      770 |     +0.3% |       0 |      59 |            34 |       177
      780 |     +0.3% |       0 |      59 |            34 |       167
      790 |     +0.3% |       0 |      59 |            34 |       157
      800 |     +0.3% |       0 |      59 |            34 |       147
      810 |     +0.3% |       0 |      59 |            34 |       137
      820 |     +0.3% |       0 |      59 |            34 |       127
      830 |     +0.3% |       0 |      59 |            34 |       117
      840 |     +0.3% |       0 |      59 |            34 |       107
      850 |     +0.3% |       0 |      59 |            34 |        97
      860 |     +0.3% |       0 |      59 |            34 |        87
      870 |     +0.3% |       0 |      59 |            34 |        77
      880 |     +0.3% |       0 |      59 |            34 |        67
      890 |     +0.3% |       0 |      59 |            34 |        57
      900 |     +0.3% |       0 |      59 |            34 |        47
      910 |     +0.3% |       0 |      59 |            34 |        37
      920 |     +0.3% |       0 |      59 |            34 |        27
      930 |     +0.3% |       0 |      59 |            34 |        17
      940 |     +0.3% |       0 |      59 |            34 |         7
    final |     +0.3% |       0 |      59 |            34 |         0
---------------------------------------------------------------------
[INFO RSZ-0034] Found 18 slew violations.
[INFO RSZ-0035] Found 17 fanout violations.
[INFO RSZ-0038] Inserted 59 buffers in 34 nets.
[INFO RSZ-0042] Inserted 79 tie sg13g2_tielo instances.
[INFO RSZ-0042] Inserted 1 tie sg13g2_tiehi instances.
+ detailed_placement -max_displacement  500 100 
Placement Analysis
---------------------------------
total displacement       5445.2 u
average displacement        6.8 u
max displacement           64.9 u
original HPWL           86584.6 u
legalized HPWL          88032.6 u
delta HPWL                    2 %

[INFO DPL-0020] Mirrored 429 instances
[INFO DPL-0021] HPWL before           88032.6 u
[INFO DPL-0022] HPWL after            87416.0 u
[INFO DPL-0023] HPWL delta               -0.7 %
Setting global connections for newly added cells…
[INFO] Setting global connections...
u_sram matched with u_sram
u_sram matched with u_sram
[INFO ODB-0403] 658 connections made, 0 conflicts skipped.
Updating metrics…
Cell type report:                       Count       Area
  Macro                                     1  140182.69
  Buffer                                   16     255.83
  Timing Repair Buffer                    249    1807.14
  Inverter                                 39     217.73
  Sequential cell                          97    4751.91
  Multi-Input combinational cell          401    4058.81
  Total                                   803  151274.12
Writing OpenROAD database to '/home/jaikrishn/Documents/hardware/picorv32_axi4lite_port/phyisical_design/macros/ram/runs/run_1/32-openroad-repairdesignpostgpl/ram_macro.odb'…
Writing netlist to '/home/jaikrishn/Documents/hardware/picorv32_axi4lite_port/phyisical_design/macros/ram/runs/run_1/32-openroad-repairdesignpostgpl/ram_macro.nl.v'…
Writing powered netlist to '/home/jaikrishn/Documents/hardware/picorv32_axi4lite_port/phyisical_design/macros/ram/runs/run_1/32-openroad-repairdesignpostgpl/ram_macro.pnl.v'…
Writing layout to '/home/jaikrishn/Documents/hardware/picorv32_axi4lite_port/phyisical_design/macros/ram/runs/run_1/32-openroad-repairdesignpostgpl/ram_macro.def'…
Writing timing constraints to '/home/jaikrishn/Documents/hardware/picorv32_axi4lite_port/phyisical_design/macros/ram/runs/run_1/32-openroad-repairdesignpostgpl/ram_macro.sdc'…
