Clock: clk_i
Sources: clk_i 
Generated: no
Virtual: yes
Propagated: no
Period: 10.000000

===========================================================================
report_clock_properties
============================================================================
Clock                   Period          Waveform
----------------------------------------------------
clk_i                10.000000    0.000000  5.000000

===========================================================================
report_clock_latency
============================================================================
Clock clk_i
rise -> rise
    min     max
0.000000 0.000000 source latency
0.401938         network latency u_sram/A_CLK
        0.523387 network latency _874_/CLK
---------------
0.401938 0.523387 latency
        0.121449 skew

fall -> fall
    min     max
0.000000 0.000000 source latency
0.436997         network latency u_sram/A_CLK
        0.533654 network latency _874_/CLK
---------------
0.436997 0.533654 latency
        0.096657 skew



===========================================================================
report_clock_min_period
============================================================================
clk_i period_min = 8.34 fmax = 119.97
