
===========================================================================
report_checks -unconstrained
===========================================================================
======================= nom_fast_1p32V_m40C Corner ===================================

Startpoint: s_axil_awaddr[2] (input port clocked by clk_i)
Endpoint: _1087_ (rising edge-triggered flip-flop clocked by clk_i)
Path Group: clk_i
Path Type: max

Fanout         Cap        Slew       Delay        Time   Description
---------------------------------------------------------------------------------------------
                                  0.000000    0.000000   clock clk_i (rise edge)
                                  0.000000    0.000000   clock network delay (propagated)
                                  2.000000    2.000000 ^ input external delay
     1    0.004200    0.014418    0.002347    2.002347 ^ s_axil_awaddr[2] (in)
                                                         s_axil_awaddr[2] (net)
                      0.014418    0.000000    2.002347 ^ input37/A (sg13g2_buf_1)
     1    0.007650    0.025924    0.046736    2.049083 ^ input37/X (sg13g2_buf_1)
                                                         net37 (net)
                      0.025958    0.000587    2.049670 ^ fanout256/A (sg13g2_buf_1)
     5    0.059020    0.156749    0.142176    2.191846 ^ fanout256/X (sg13g2_buf_1)
                                                         net256 (net)
                      0.156774    0.001660    2.193506 ^ fanout252/A (sg13g2_buf_1)
     8    0.064758    0.172916    0.183221    2.376727 ^ fanout252/X (sg13g2_buf_1)
                                                         net252 (net)
                      0.172935    0.001541    2.378268 ^ fanout251/A (sg13g2_buf_1)
     8    0.048163    0.130200    0.160659    2.538926 ^ fanout251/X (sg13g2_buf_1)
                                                         net251 (net)
                      0.130254    0.002203    2.541129 ^ _0587_/A (sg13g2_inv_1)
     1    0.005176    0.033907    0.044336    2.585466 v _0587_/Y (sg13g2_inv_1)
                                                         _0137_ (net)
                      0.033909    0.000213    2.585678 v fanout230/A (sg13g2_buf_1)
     5    0.046174    0.101634    0.108465    2.694144 v fanout230/X (sg13g2_buf_1)
                                                         net230 (net)
                      0.101650    0.001127    2.695271 v fanout226/A (sg13g2_buf_1)
     8    0.056896    0.124190    0.147109    2.842380 v fanout226/X (sg13g2_buf_1)
                                                         net226 (net)
                      0.124734    0.006735    2.849115 v fanout225/A (sg13g2_buf_1)
     8    0.046247    0.102002    0.136958    2.986073 v fanout225/X (sg13g2_buf_1)
                                                         net225 (net)
                      0.102215    0.003847    2.989920 v _0933_/B (sg13g2_nor3_1)
     8    0.057082    0.461655    0.380386    3.370306 ^ _0933_/Y (sg13g2_nor3_1)
                                                         _0399_ (net)
                      0.461807    0.006984    3.377290 ^ _0942_/A2 (sg13g2_a21oi_1)
     1    0.004692    0.084469    0.112173    3.489463 v _0942_/Y (sg13g2_a21oi_1)
                                                         _0406_ (net)
                      0.084470    0.000522    3.489985 v _0945_/A (sg13g2_nor2_1)
     1    0.002825    0.035186    0.048734    3.538719 ^ _0945_/Y (sg13g2_nor2_1)
                                                         _0086_ (net)
                      0.035186    0.000195    3.538915 ^ _1087_/D (sg13g2_dfrbpq_1)
                                              3.538915   data arrival time

                                 10.000000   10.000000   clock clk_i (rise edge)
                                  0.000000   10.000000   clock source latency
     1    0.033500    0.000000    0.000000   10.000000 ^ clk_i (in)
                                                         clk_i (net)
                      0.008354    0.004177   10.004177 ^ clkbuf_0_clk_i/A (sg13g2_buf_16)
    16    0.187612    0.039726    0.056470   10.060648 ^ clkbuf_0_clk_i/X (sg13g2_buf_16)
                                                         clknet_0_clk_i (net)
                      0.040713    0.004942   10.065590 ^ clkbuf_4_6_0_clk_i/A (sg13g2_buf_8)
     7    0.031579    0.020063    0.055871   10.121460 ^ clkbuf_4_6_0_clk_i/X (sg13g2_buf_8)
                                                         clknet_4_6_0_clk_i (net)
                      0.020683    0.003133   10.124593 ^ _1087_/CLK (sg13g2_dfrbpq_1)
                                 -0.200000    9.924593   clock uncertainty
                                  0.000000    9.924593   clock reconvergence pessimism
                                 -0.079603    9.844990   library setup time
                                              9.844990   data required time
---------------------------------------------------------------------------------------------
                                              9.844990   data required time
                                             -3.538915   data arrival time
---------------------------------------------------------------------------------------------
                                              6.306076   slack (MET)




===========================================================================
report_checks --slack_max -0.01
============================================================================
======================= nom_fast_1p32V_m40C Corner ===================================

No paths found.


===========================================================================
 report_check_types -max_slew -max_cap -max_fanout -violators
============================================================================
======================= nom_fast_1p32V_m40C Corner ===================================

max fanout

Pin                                   Limit Fanout  Slack
---------------------------------------------------------
clkbuf_0_clk_i/X                          8     16     -8 (VIOLATED)



===========================================================================
report_parasitic_annotation -report_unannotated
============================================================================
Found 72 unannotated drivers.
 s_axil_araddr[0]
 s_axil_araddr[10]
 s_axil_araddr[11]
 s_axil_araddr[12]
 s_axil_araddr[13]
 s_axil_araddr[14]
 s_axil_araddr[15]
 s_axil_araddr[16]
 s_axil_araddr[17]
 s_axil_araddr[18]
 s_axil_araddr[19]
 s_axil_araddr[1]
 s_axil_araddr[20]
 s_axil_araddr[21]
 s_axil_araddr[22]
 s_axil_araddr[23]
 s_axil_araddr[24]
 s_axil_araddr[25]
 s_axil_araddr[26]
 s_axil_araddr[27]
 s_axil_araddr[28]
 s_axil_araddr[29]
 s_axil_araddr[30]
 s_axil_araddr[31]
 s_axil_araddr[4]
 s_axil_araddr[5]
 s_axil_araddr[6]
 s_axil_araddr[7]
 s_axil_araddr[8]
 s_axil_araddr[9]
 s_axil_awaddr[0]
 s_axil_awaddr[10]
 s_axil_awaddr[11]
 s_axil_awaddr[12]
 s_axil_awaddr[13]
 s_axil_awaddr[14]
 s_axil_awaddr[15]
 s_axil_awaddr[16]
 s_axil_awaddr[17]
 s_axil_awaddr[18]
 s_axil_awaddr[19]
 s_axil_awaddr[1]
 s_axil_awaddr[20]
 s_axil_awaddr[21]
 s_axil_awaddr[22]
 s_axil_awaddr[23]
 s_axil_awaddr[24]
 s_axil_awaddr[25]
 s_axil_awaddr[26]
 s_axil_awaddr[27]
 s_axil_awaddr[28]
 s_axil_awaddr[29]
 s_axil_awaddr[30]
 s_axil_awaddr[31]
 s_axil_awaddr[4]
 s_axil_awaddr[5]
 s_axil_awaddr[6]
 s_axil_awaddr[7]
 s_axil_awaddr[8]
 s_axil_awaddr[9]
 s_axil_rready
 clkload0/Y
 clkload1/Y
 clkload10/Y
 clkload2/Y
 clkload3/Y
 clkload4/Y
 clkload5/Y
 clkload6/Y
 clkload7/Y
 clkload8/Y
 clkload9/Y
Found 0 partially unannotated drivers.

===========================================================================
max slew violation count 0
max fanout violation count 1
max cap violation count 0
============================================================================

===========================================================================
check_setup -verbose -unconstrained_endpoints -multiple_clock -no_clock -no_input_delay -loops -generated_clocks
===========================================================================
Warning: There are 32 input ports missing set_input_delay.
  gpio_in[0]
  gpio_in[10]
  gpio_in[11]
  gpio_in[12]
  gpio_in[13]
  gpio_in[14]
  gpio_in[15]
  gpio_in[16]
  gpio_in[17]
  gpio_in[18]
  gpio_in[19]
  gpio_in[1]
  gpio_in[20]
  gpio_in[21]
  gpio_in[22]
  gpio_in[23]
  gpio_in[24]
  gpio_in[25]
  gpio_in[26]
  gpio_in[27]
  gpio_in[28]
  gpio_in[29]
  gpio_in[2]
  gpio_in[30]
  gpio_in[31]
  gpio_in[3]
  gpio_in[4]
  gpio_in[5]
  gpio_in[6]
  gpio_in[7]
  gpio_in[8]
  gpio_in[9]
Warning: There are 64 unconstrained endpoints.
  gpio_dir[0]
  gpio_dir[10]
  gpio_dir[11]
  gpio_dir[12]
  gpio_dir[13]
  gpio_dir[14]
  gpio_dir[15]
  gpio_dir[16]
  gpio_dir[17]
  gpio_dir[18]
  gpio_dir[19]
  gpio_dir[1]
  gpio_dir[20]
  gpio_dir[21]
  gpio_dir[22]
  gpio_dir[23]
  gpio_dir[24]
  gpio_dir[25]
  gpio_dir[26]
  gpio_dir[27]
  gpio_dir[28]
  gpio_dir[29]
  gpio_dir[2]
  gpio_dir[30]
  gpio_dir[31]
  gpio_dir[3]
  gpio_dir[4]
  gpio_dir[5]
  gpio_dir[6]
  gpio_dir[7]
  gpio_dir[8]
  gpio_dir[9]
  gpio_out[0]
  gpio_out[10]
  gpio_out[11]
  gpio_out[12]
  gpio_out[13]
  gpio_out[14]
  gpio_out[15]
  gpio_out[16]
  gpio_out[17]
  gpio_out[18]
  gpio_out[19]
  gpio_out[1]
  gpio_out[20]
  gpio_out[21]
  gpio_out[22]
  gpio_out[23]
  gpio_out[24]
  gpio_out[25]
  gpio_out[26]
  gpio_out[27]
  gpio_out[28]
  gpio_out[29]
  gpio_out[2]
  gpio_out[30]
  gpio_out[31]
  gpio_out[3]
  gpio_out[4]
  gpio_out[5]
  gpio_out[6]
  gpio_out[7]
  gpio_out[8]
  gpio_out[9]
