Clock: clk_i
Sources: clk_i 
Generated: no
Virtual: yes
Propagated: no
Period: 10.000000

===========================================================================
report_clock_properties
============================================================================
Clock                   Period          Waveform
----------------------------------------------------
clk_i                10.000000    0.000000  5.000000

===========================================================================
report_clock_latency
============================================================================
Clock clk_i
rise -> rise
    min     max
0.000000 0.000000 source latency
0.124156         network latency _1037_/CLK
        0.137432 network latency _1031_/CLK
---------------
0.124156 0.137432 latency
        0.013276 skew

fall -> fall
    min     max
0.000000 0.000000 source latency
0.126374         network latency _1037_/CLK
        0.138924 network latency _1031_/CLK
---------------
0.126374 0.138924 latency
        0.012550 skew



===========================================================================
report_clock_min_period
============================================================================
clk_i period_min = 1.31 fmax = 760.48
