
===========================================================================
report_checks -unconstrained
===========================================================================
======================= nom_fast_1p32V_m40C Corner ===================================

Startpoint: m_araddr[13] (input port clocked by clk_i)
Endpoint: m_arready (output port clocked by clk_i)
Path Group: clk_i
Path Type: max

Fanout         Cap        Slew       Delay        Time   Description
---------------------------------------------------------------------------------------------
                      0.200000    0.000000    0.000000   clock clk_i (rise edge)
                                  0.000000    0.000000   clock network delay (ideal)
                                  2.000000    2.000000 v input external delay
    45    0.169339    0.095950    0.072166    2.072166 v m_araddr[13] (in)
                                                         m_araddr[13] (net)
                      0.095950    0.000000    2.072166 v _0414_/A (sg13g2_nor2_1)
     1    0.003720    0.041630    0.054823    2.126988 ^ _0414_/Y (sg13g2_nor2_1)
                                                         _0066_ (net)
                      0.041630    0.000000    2.126988 ^ _0415_/C (sg13g2_nand3b_1)
     1    0.003350    0.042520    0.057955    2.184943 v _0415_/Y (sg13g2_nand3b_1)
                                                         _0067_ (net)
                      0.042520    0.000000    2.184943 v _0416_/B (sg13g2_nor2_1)
    75    0.284192    1.468000    1.061371    3.246314 ^ _0416_/Y (sg13g2_nor2_1)
                                                         _0068_ (net)
                      1.468000    0.000000    3.246314 ^ _0417_/B (sg13g2_nand2_1)
    36    0.131479    0.703622    0.834391    4.080705 v _0417_/Y (sg13g2_nand2_1)
                                                         _0069_ (net)
                      0.703622    0.000000    4.080705 v _0556_/A2 (sg13g2_a22oi_1)
     1    0.004546    0.122720    0.128870    4.209575 ^ _0556_/Y (sg13g2_a22oi_1)
                                                         _0176_ (net)
                      0.122720    0.000000    4.209575 ^ _0560_/A2 (sg13g2_o21ai_1)
     1    0.050000    0.215880    0.207397    4.416972 v _0560_/Y (sg13g2_o21ai_1)
                                                         m_arready (net)
                      0.215880    0.000000    4.416972 v m_arready (out)
                                              4.416972   data arrival time

                      0.200000   10.000000   10.000000   clock clk_i (rise edge)
                                  0.000000   10.000000   clock network delay (ideal)
                                 -0.200000    9.800000   clock uncertainty
                                  0.000000    9.800000   clock reconvergence pessimism
                                 -2.000000    7.800000   output external delay
                                              7.800000   data required time
---------------------------------------------------------------------------------------------
                                              7.800000   data required time
                                             -4.416972   data arrival time
---------------------------------------------------------------------------------------------
                                              3.383028   slack (MET)




===========================================================================
report_checks --slack_max -0.01
============================================================================
======================= nom_fast_1p32V_m40C Corner ===================================

No paths found.


===========================================================================
 report_check_types -max_slew -max_cap -max_fanout -violators
============================================================================
======================= nom_fast_1p32V_m40C Corner ===================================

max fanout

Pin                                   Limit Fanout  Slack
---------------------------------------------------------
_0416_/Y                                  8     75    -67 (VIOLATED)
m_araddr[13]                              8     45    -37 (VIOLATED)
_0413_/X                                  8     43    -35 (VIOLATED)
_0407_/Y                                  8     39    -31 (VIOLATED)
_0404_/Y                                  8     38    -30 (VIOLATED)
_0419_/Y                                  8     38    -30 (VIOLATED)
_0418_/Y                                  8     37    -29 (VIOLATED)
_0395_/Y                                  8     36    -28 (VIOLATED)
_0399_/Y                                  8     36    -28 (VIOLATED)
_0402_/Y                                  8     36    -28 (VIOLATED)
_0417_/Y                                  8     36    -28 (VIOLATED)
_0425_/Y                                  8     36    -28 (VIOLATED)
m_awaddr[13]                              8     13     -5 (VIOLATED)
m_awaddr[12]                              8     12     -4 (VIOLATED)
m_araddr[12]                              8      9        (VIOLATED)
m_araddr[30]                              8      9        (VIOLATED)
m_awaddr[14]                              8      9        (VIOLATED)
m_awaddr[15]                              8      9        (VIOLATED)
_0482_/Y                                  8      9        (VIOLATED)
_0485_/Y                                  8      9        (VIOLATED)
_0501_/Y                                  8      9        (VIOLATED)



===========================================================================
report_parasitic_annotation -report_unannotated
============================================================================
Found 1110 unannotated drivers.
 clk_i
 m_araddr[0]
 m_araddr[10]
 m_araddr[11]
 m_araddr[12]
 m_araddr[13]
 m_araddr[14]
 m_araddr[15]
 m_araddr[16]
 m_araddr[17]
 m_araddr[18]
 m_araddr[19]
 m_araddr[1]
 m_araddr[20]
 m_araddr[21]
 m_araddr[22]
 m_araddr[23]
 m_araddr[24]
 m_araddr[25]
 m_araddr[26]
 m_araddr[27]
 m_araddr[28]
 m_araddr[29]
 m_araddr[2]
 m_araddr[30]
 m_araddr[31]
 m_araddr[3]
 m_araddr[4]
 m_araddr[5]
 m_araddr[6]
 m_araddr[7]
 m_araddr[8]
 m_araddr[9]
 m_arprot[0]
 m_arprot[1]
 m_arprot[2]
 m_arvalid
 m_awaddr[0]
 m_awaddr[10]
 m_awaddr[11]
 m_awaddr[12]
 m_awaddr[13]
 m_awaddr[14]
 m_awaddr[15]
 m_awaddr[16]
 m_awaddr[17]
 m_awaddr[18]
 m_awaddr[19]
 m_awaddr[1]
 m_awaddr[20]
 m_awaddr[21]
 m_awaddr[22]
 m_awaddr[23]
 m_awaddr[24]
 m_awaddr[25]
 m_awaddr[26]
 m_awaddr[27]
 m_awaddr[28]
 m_awaddr[29]
 m_awaddr[2]
 m_awaddr[30]
 m_awaddr[31]
 m_awaddr[3]
 m_awaddr[4]
 m_awaddr[5]
 m_awaddr[6]
 m_awaddr[7]
 m_awaddr[8]
 m_awaddr[9]
 m_awprot[0]
 m_awprot[1]
 m_awprot[2]
 m_awvalid
 m_bready
 m_rready
 m_wdata[0]
 m_wdata[10]
 m_wdata[11]
 m_wdata[12]
 m_wdata[13]
 m_wdata[14]
 m_wdata[15]
 m_wdata[16]
 m_wdata[17]
 m_wdata[18]
 m_wdata[19]
 m_wdata[1]
 m_wdata[20]
 m_wdata[21]
 m_wdata[22]
 m_wdata[23]
 m_wdata[24]
 m_wdata[25]
 m_wdata[26]
 m_wdata[27]
 m_wdata[28]
 m_wdata[29]
 m_wdata[2]
 m_wdata[30]
 m_wdata[31]
 m_wdata[3]
 m_wdata[4]
 m_wdata[5]
 m_wdata[6]
 m_wdata[7]
 m_wdata[8]
 m_wdata[9]
 m_wstrb[0]
 m_wstrb[1]
 m_wstrb[2]
 m_wstrb[3]
 m_wvalid
 rst_ni
 s_arready[0]
 s_arready[1]
 s_arready[2]
 s_arready[3]
 s_awready[0]
 s_awready[1]
 s_awready[2]
 s_awready[3]
 s_bresp[0]
 s_bresp[1]
 s_bresp[2]
 s_bresp[3]
 s_bresp[4]
 s_bresp[5]
 s_bresp[6]
 s_bresp[7]
 s_bvalid[0]
 s_bvalid[1]
 s_bvalid[2]
 s_bvalid[3]
 s_rdata[0]
 s_rdata[100]
 s_rdata[101]
 s_rdata[102]
 s_rdata[103]
 s_rdata[104]
 s_rdata[105]
 s_rdata[106]
 s_rdata[107]
 s_rdata[108]
 s_rdata[109]
 s_rdata[10]
 s_rdata[110]
 s_rdata[111]
 s_rdata[112]
 s_rdata[113]
 s_rdata[114]
 s_rdata[115]
 s_rdata[116]
 s_rdata[117]
 s_rdata[118]
 s_rdata[119]
 s_rdata[11]
 s_rdata[120]
 s_rdata[121]
 s_rdata[122]
 s_rdata[123]
 s_rdata[124]
 s_rdata[125]
 s_rdata[126]
 s_rdata[127]
 s_rdata[12]
 s_rdata[13]
 s_rdata[14]
 s_rdata[15]
 s_rdata[16]
 s_rdata[17]
 s_rdata[18]
 s_rdata[19]
 s_rdata[1]
 s_rdata[20]
 s_rdata[21]
 s_rdata[22]
 s_rdata[23]
 s_rdata[24]
 s_rdata[25]
 s_rdata[26]
 s_rdata[27]
 s_rdata[28]
 s_rdata[29]
 s_rdata[2]
 s_rdata[30]
 s_rdata[31]
 s_rdata[32]
 s_rdata[33]
 s_rdata[34]
 s_rdata[35]
 s_rdata[36]
 s_rdata[37]
 s_rdata[38]
 s_rdata[39]
 s_rdata[3]
 s_rdata[40]
 s_rdata[41]
 s_rdata[42]
 s_rdata[43]
 s_rdata[44]
 s_rdata[45]
 s_rdata[46]
 s_rdata[47]
 s_rdata[48]
 s_rdata[49]
 s_rdata[4]
 s_rdata[50]
 s_rdata[51]
 s_rdata[52]
 s_rdata[53]
 s_rdata[54]
 s_rdata[55]
 s_rdata[56]
 s_rdata[57]
 s_rdata[58]
 s_rdata[59]
 s_rdata[5]
 s_rdata[60]
 s_rdata[61]
 s_rdata[62]
 s_rdata[63]
 s_rdata[64]
 s_rdata[65]
 s_rdata[66]
 s_rdata[67]
 s_rdata[68]
 s_rdata[69]
 s_rdata[6]
 s_rdata[70]
 s_rdata[71]
 s_rdata[72]
 s_rdata[73]
 s_rdata[74]
 s_rdata[75]
 s_rdata[76]
 s_rdata[77]
 s_rdata[78]
 s_rdata[79]
 s_rdata[7]
 s_rdata[80]
 s_rdata[81]
 s_rdata[82]
 s_rdata[83]
 s_rdata[84]
 s_rdata[85]
 s_rdata[86]
 s_rdata[87]
 s_rdata[88]
 s_rdata[89]
 s_rdata[8]
 s_rdata[90]
 s_rdata[91]
 s_rdata[92]
 s_rdata[93]
 s_rdata[94]
 s_rdata[95]
 s_rdata[96]
 s_rdata[97]
 s_rdata[98]
 s_rdata[99]
 s_rdata[9]
 s_rresp[0]
 s_rresp[1]
 s_rresp[2]
 s_rresp[3]
 s_rresp[4]
 s_rresp[5]
 s_rresp[6]
 s_rresp[7]
 s_rvalid[0]
 s_rvalid[1]
 s_rvalid[2]
 s_rvalid[3]
 s_wready[0]
 s_wready[1]
 s_wready[2]
 s_wready[3]
 _0348_/Y
 _0349_/Y
 _0350_/Y
 _0351_/Y
 _0352_/Y
 _0353_/Y
 _0354_/Y
 _0355_/Y
 _0356_/Y
 _0357_/Y
 _0358_/Y
 _0359_/Y
 _0360_/Y
 _0361_/Y
 _0362_/Y
 _0363_/Y
 _0364_/Y
 _0365_/Y
 _0366_/Y
 _0367_/Y
 _0368_/Y
 _0369_/Y
 _0370_/Y
 _0371_/Y
 _0372_/Y
 _0373_/Y
 _0374_/Y
 _0375_/Y
 _0376_/Y
 _0377_/Y
 _0378_/Y
 _0379_/Y
 _0380_/Y
 _0381_/Y
 _0382_/Y
 _0383_/Y
 _0384_/Y
 _0385_/Y
 _0386_/Y
 _0387_/Y
 _0388_/Y
 _0389_/Y
 _0390_/Y
 _0391_/Y
 _0392_/Y
 _0393_/Y
 _0394_/Y
 _0395_/Y
 _0396_/Y
 _0397_/Y
 _0398_/Y
 _0399_/Y
 _0400_/Y
 _0401_/Y
 _0402_/Y
 _0403_/Y
 _0404_/Y
 _0405_/Y
 _0406_/Y
 _0407_/Y
 _0408_/Y
 _0409_/Y
 _0410_/Y
 _0411_/Y
 _0412_/Y
 _0413_/X
 _0414_/Y
 _0415_/Y
 _0416_/Y
 _0417_/Y
 _0418_/Y
 _0419_/Y
 _0420_/Y
 _0421_/Y
 _0422_/Y
 _0423_/Y
 _0424_/Y
 _0425_/Y
 _0426_/Y
 _0427_/Y
 _0428_/X
 _0429_/Y
 _0430_/Y
 _0431_/Y
 _0432_/Y
 _0433_/Y
 _0434_/Y
 _0435_/Y
 _0436_/Y
 _0437_/Y
 _0438_/Y
 _0439_/Y
 _0440_/Y
 _0441_/Y
 _0442_/Y
 _0443_/Y
 _0444_/Y
 _0445_/Y
 _0446_/Y
 _0447_/Y
 _0448_/Y
 _0449_/Y
 _0450_/Y
 _0451_/Y
 _0452_/Y
 _0453_/Y
 _0454_/Y
 _0455_/Y
 _0456_/Y
 _0457_/Y
 _0458_/Y
 _0459_/Y
 _0460_/Y
 _0461_/Y
 _0462_/Y
 _0463_/Y
 _0464_/Y
 _0465_/Y
 _0466_/Y
 _0467_/Y
 _0468_/Y
 _0469_/Y
 _0470_/Y
 _0471_/Y
 _0472_/Y
 _0473_/Y
 _0474_/X
 _0475_/X
 _0476_/X
 _0477_/X
 _0478_/X
 _0479_/X
 _0480_/X
 _0481_/X
 _0482_/Y
 _0483_/Y
 _0484_/X
 _0485_/Y
 _0486_/X
 _0487_/Y
 _0488_/Y
 _0489_/Y
 _0490_/Y
 _0491_/Y
 _0492_/Y
 _0493_/X
 _0494_/Y
 _0495_/Y
 _0496_/X
 _0497_/Y
 _0498_/X
 _0499_/Y
 _0500_/X
 _0501_/Y
 _0502_/Y
 _0503_/Y
 _0504_/Y
 _0505_/Y
 _0506_/Y
 _0507_/Y
 _0508_/Y
 _0509_/Y
 _0510_/Y
 _0511_/Y
 _0512_/X
 _0513_/X
 _0514_/X
 _0515_/X
 _0516_/X
 _0517_/X
 _0518_/X
 _0519_/X
 _0520_/X
 _0521_/X
 _0522_/Y
 _0523_/Y
 _0524_/Y
 _0525_/Y
 _0526_/Y
 _0527_/Y
 _0528_/Y
 _0529_/Y
 _0530_/Y
 _0531_/Y
 _0532_/Y
 _0533_/Y
 _0534_/Y
 _0535_/Y
 _0536_/Y
 _0537_/Y
 _0538_/Y
 _0539_/Y
 _0540_/Y
 _0541_/Y
 _0542_/Y
 _0543_/Y
 _0544_/Y
 _0545_/Y
 _0546_/Y
 _0547_/Y
 _0548_/Y
 _0549_/Y
 _0550_/Y
 _0551_/Y
 _0552_/Y
 _0553_/Y
 _0554_/Y
 _0555_/Y
 _0556_/Y
 _0557_/Y
 _0558_/Y
 _0559_/Y
 _0560_/Y
 _0561_/Y
 _0562_/Y
 _0563_/Y
 _0564_/Y
 _0565_/Y
 _0566_/Y
 _0567_/Y
 _0568_/Y
 _0569_/Y
 _0570_/Y
 _0571_/Y
 _0572_/Y
 _0573_/Y
 _0574_/Y
 _0575_/Y
 _0576_/Y
 _0577_/Y
 _0578_/Y
 _0579_/Y
 _0580_/Y
 _0581_/Y
 _0582_/Y
 _0583_/Y
 _0584_/Y
 _0585_/Y
 _0586_/Y
 _0587_/Y
 _0588_/Y
 _0589_/Y
 _0590_/Y
 _0591_/Y
 _0592_/Y
 _0593_/Y
 _0594_/Y
 _0595_/Y
 _0596_/Y
 _0597_/Y
 _0598_/Y
 _0599_/Y
 _0600_/Y
 _0601_/Y
 _0602_/Y
 _0603_/Y
 _0604_/Y
 _0605_/Y
 _0606_/Y
 _0607_/Y
 _0608_/Y
 _0609_/Y
 _0610_/Y
 _0611_/Y
 _0612_/Y
 _0613_/Y
 _0614_/Y
 _0615_/Y
 _0616_/Y
 _0617_/Y
 _0618_/Y
 _0619_/Y
 _0620_/Y
 _0621_/Y
 _0622_/Y
 _0623_/Y
 _0624_/Y
 _0625_/Y
 _0626_/Y
 _0627_/Y
 _0628_/Y
 _0629_/Y
 _0630_/Y
 _0631_/Y
 _0632_/Y
 _0633_/Y
 _0634_/Y
 _0635_/Y
 _0636_/Y
 _0637_/Y
 _0638_/Y
 _0639_/Y
 _0640_/Y
 _0641_/Y
 _0642_/Y
 _0643_/Y
 _0644_/Y
 _0645_/Y
 _0646_/Y
 _0647_/Y
 _0648_/Y
 _0649_/Y
 _0650_/Y
 _0651_/Y
 _0652_/Y
 _0653_/Y
 _0654_/Y
 _0655_/Y
 _0656_/Y
 _0657_/Y
 _0658_/Y
 _0659_/Y
 _0660_/Y
 _0661_/Y
 _0662_/Y
 _0663_/Y
 _0664_/Y
 _0665_/Y
 _0666_/Y
 _0667_/Y
 _0668_/Y
 _0669_/Y
 _0670_/Y
 _0671_/Y
 _0672_/Y
 _0673_/Y
 _0674_/Y
 _0675_/Y
 _0676_/Y
 _0677_/Y
 _0678_/Y
 _0679_/Y
 _0680_/Y
 _0681_/Y
 _0682_/Y
 _0683_/Y
 _0684_/Y
 _0685_/Y
 _0686_/Y
 _0687_/Y
 _0688_/Y
 _0689_/Y
 _0690_/Y
 _0691_/Y
 _0692_/Y
 _0693_/Y
 _0694_/Y
 _0695_/Y
 _0696_/Y
 _0697_/Y
 _0698_/Y
 _0699_/Y
 _0700_/Y
 _0701_/Y
 _0702_/Y
 _0703_/Y
 _0704_/Y
 _0705_/Y
 _0706_/Y
 _0707_/Y
 _0708_/Y
 _0709_/Y
 _0710_/Y
 _0711_/Y
 _0712_/Y
 _0713_/Y
 _0714_/Y
 _0715_/Y
 _0716_/Y
 _0717_/Y
 _0718_/Y
 _0719_/Y
 _0720_/Y
 _0721_/Y
 _0722_/Y
 _0723_/Y
 _0724_/Y
 _0725_/Y
 _0726_/Y
 _0727_/Y
 _0728_/Y
 _0729_/Y
 _0730_/Y
 _0731_/Y
 _0732_/Y
 _0733_/Y
 _0734_/Y
 _0735_/Y
 _0736_/Y
 _0737_/Y
 _0738_/Y
 _0739_/Y
 _0740_/Y
 _0741_/Y
 _0742_/Y
 _0743_/Y
 _0744_/Y
 _0745_/Y
 _0746_/Y
 _0747_/Y
 _0748_/Y
 _0749_/Y
 _0750_/Y
 _0751_/Y
 _0752_/Y
 _0753_/Y
 _0754_/Y
 _0755_/Y
 _0756_/Y
 _0757_/X
 _0758_/X
 _0759_/X
 _0760_/X
 _0761_/X
 _0762_/X
 _0763_/X
 _0764_/X
 _0765_/X
 _0766_/X
 _0767_/X
 _0768_/X
 _0769_/X
 _0770_/X
 _0771_/X
 _0772_/X
 _0773_/X
 _0774_/X
 _0775_/X
 _0776_/X
 _0777_/X
 _0778_/X
 _0779_/X
 _0780_/X
 _0781_/X
 _0782_/X
 _0783_/X
 _0784_/X
 _0785_/X
 _0786_/X
 _0787_/X
 _0788_/X
 _0789_/X
 _0790_/X
 _0791_/X
 _0792_/X
 _0793_/X
 _0794_/X
 _0795_/X
 _0796_/X
 _0797_/X
 _0798_/X
 _0799_/X
 _0800_/X
 _0801_/X
 _0802_/X
 _0803_/X
 _0804_/X
 _0805_/X
 _0806_/X
 _0807_/X
 _0808_/X
 _0809_/X
 _0810_/X
 _0811_/X
 _0812_/X
 _0813_/X
 _0814_/X
 _0815_/X
 _0816_/X
 _0817_/X
 _0818_/X
 _0819_/X
 _0820_/X
 _0821_/X
 _0822_/X
 _0823_/X
 _0824_/X
 _0825_/X
 _0826_/X
 _0827_/X
 _0828_/X
 _0829_/X
 _0830_/X
 _0831_/X
 _0832_/X
 _0833_/X
 _0834_/X
 _0835_/X
 _0836_/X
 _0837_/X
 _0838_/X
 _0839_/X
 _0840_/X
 _0841_/X
 _0842_/X
 _0843_/X
 _0844_/X
 _0845_/X
 _0846_/X
 _0847_/X
 _0848_/X
 _0849_/X
 _0850_/X
 _0851_/X
 _0852_/X
 _0853_/X
 _0854_/X
 _0855_/X
 _0856_/X
 _0857_/X
 _0858_/X
 _0859_/X
 _0860_/X
 _0861_/X
 _0862_/X
 _0863_/X
 _0864_/X
 _0865_/X
 _0866_/X
 _0867_/X
 _0868_/X
 _0869_/X
 _0870_/X
 _0871_/X
 _0872_/X
 _0873_/X
 _0874_/X
 _0875_/X
 _0876_/X
 _0877_/X
 _0878_/X
 _0879_/X
 _0880_/X
 _0881_/X
 _0882_/X
 _0883_/X
 _0884_/X
 _0885_/X
 _0886_/X
 _0887_/X
 _0888_/X
 _0889_/X
 _0890_/X
 _0891_/X
 _0892_/X
 _0893_/X
 _0894_/X
 _0895_/X
 _0896_/X
 _0897_/X
 _0898_/X
 _0899_/X
 _0900_/X
 _0901_/X
 _0902_/X
 _0903_/X
 _0904_/X
 _0905_/X
 _0906_/X
 _0907_/X
 _0908_/X
 _0909_/X
 _0910_/X
 _0911_/X
 _0912_/X
 _0913_/X
 _0914_/X
 _0915_/X
 _0916_/X
 _0917_/X
 _0918_/X
 _0919_/X
 _0920_/X
 _0921_/X
 _0922_/X
 _0923_/X
 _0924_/X
 _0925_/X
 _0926_/X
 _0927_/X
 _0928_/X
 _0929_/X
 _0930_/X
 _0931_/X
 _0932_/X
 _0933_/X
 _0934_/X
 _0935_/X
 _0936_/X
 _0937_/X
 _0938_/X
 _0939_/X
 _0940_/X
 _0941_/X
 _0942_/X
 _0943_/X
 _0944_/X
 _0945_/X
 _0946_/X
 _0947_/X
 _0948_/X
 _0949_/X
 _0950_/X
 _0951_/X
 _0952_/X
 _0953_/X
 _0954_/X
 _0955_/X
 _0956_/X
 _0957_/X
 _0958_/X
 _0959_/X
 _0960_/X
 _0961_/X
 _0962_/X
 _0963_/X
 _0964_/X
 _0965_/X
 _0966_/X
 _0967_/X
 _0968_/X
 _0969_/X
 _0970_/X
 _0971_/X
 _0972_/X
 _0973_/X
 _0974_/X
 _0975_/X
 _0976_/X
 _0977_/X
 _0978_/X
 _0979_/X
 _0980_/X
 _0981_/X
 _0982_/X
 _0983_/X
 _0984_/X
 _0985_/X
 _0986_/X
 _0987_/X
 _0988_/X
 _0989_/X
 _0990_/X
 _0991_/X
 _0992_/X
 _0993_/X
 _0994_/X
 _0995_/X
 _0996_/X
 _0997_/X
 _0998_/X
 _0999_/X
 _1000_/X
 _1001_/X
 _1002_/X
 _1003_/X
 _1004_/X
 _1005_/X
 _1006_/X
 _1007_/X
 _1008_/X
 _1009_/X
 _1010_/X
 _1011_/X
 _1012_/X
 _1013_/X
 _1014_/X
 _1015_/X
 _1016_/X
 _1017_/X
 _1018_/X
 _1019_/X
 _1020_/X
 _1021_/X
 _1022_/X
 _1023_/X
 _1024_/X
 _1025_/X
 _1026_/X
 _1027_/X
 _1028_/X
 _1029_/X
 _1030_/X
 _1031_/X
 _1032_/X
 _1033_/X
 _1034_/X
 _1035_/X
 _1036_/X
 _1037_/X
 _1038_/X
 _1039_/X
 _1040_/X
 _1041_/X
 _1042_/X
 _1043_/X
 _1044_/X
 _1045_/X
 _1046_/X
 _1047_/X
 _1048_/X
 _1049_/X
 _1050_/X
 _1051_/X
 _1052_/X
 _1053_/X
 _1054_/X
 _1055_/X
 _1056_/X
 _1057_/X
 _1058_/X
 _1059_/X
 _1060_/X
 _1061_/X
 _1062_/X
 _1063_/X
 _1064_/X
 _1065_/X
 _1066_/X
 _1067_/X
 _1068_/X
 _1069_/X
 _1070_/X
 _1071_/X
 _1072_/X
 _1073_/X
 _1074_/X
 _1075_/X
 _1076_/X
 _1077_/X
 _1078_/X
 _1079_/X
 _1080_/X
 _1081_/X
 _1082_/X
 _1083_/X
 _1084_/X
 _1085_/X
 _1086_/X
 _1087_/X
 _1088_/X
 _1089_/X
 _1090_/X
 _1091_/X
 _1092_/X
 _1093_/X
 _1094_/X
 _1095_/X
 _1096_/X
 _1097_/X
 _1098_/X
 _1099_/X
 _1100_/X
 _1101_/X
 _1102_/X
 _1103_/X
 _1104_/X
 _1105_/X
 _1106_/X
 _1107_/X
 _1108_/X
 _1109_/X
 _1110_/X
 _1111_/X
 _1112_/X
 _1113_/X
 _1114_/X
 _1115_/X
 _1116_/X
 _1117_/X
 _1118_/X
 _1119_/X
 _1120_/X
 _1121_/X
 _1122_/X
 _1123_/X
 _1124_/X
 _1125_/X
 _1126_/X
 _1127_/X
 _1128_/X
 _1129_/X
 _1130_/X
 _1131_/X
 _1132_/X
 _1133_/X
 _1134_/X
 _1135_/X
 _1136_/X
 _1137_/X
 _1138_/X
 _1139_/X
 _1140_/X
 _1141_/X
 _1142_/X
 _1143_/X
 _1144_/X
 _1145_/X
 _1146_/X
 _1147_/X
 _1148_/X
 _1149_/X
 _1150_/X
 _1151_/X
 _1152_/X
 _1153_/X
 _1154_/X
 _1155_/X
 _1156_/X
 _1157_/X
 _1158_/X
 _1159_/X
 _1160_/X
 _1161_/X
 _1162_/X
 _1163_/X
 _1164_/X
 _1165_/X
 _1166_/X
 _1167_/X
 _1168_/X
 _1169_/X
 _1170_/X
 _1171_/X
 _1172_/X
 _1173_/X
 _1174_/X
 _1175_/X
 _1176_/X
 _1177_/X
 _1178_/X
 _1179_/X
 _1180_/X
Found 0 partially unannotated drivers.

===========================================================================
max slew violation count 0
max fanout violation count 21
max cap violation count 0
============================================================================

===========================================================================
check_setup -verbose -unconstrained_endpoints -multiple_clock -no_clock -no_input_delay -loops -generated_clocks
===========================================================================
