
===========================================================================
 report_power
============================================================================
======================= nom_slow_1p08V_125C Corner ===================================

Group                    Internal    Switching      Leakage        Total
                            Power        Power        Power        Power (Watts)
------------------------------------------------------------------------
Sequential           7.102835e-04 1.193088e-06 3.579567e-07 7.118345e-04  99.3%
Combinational        1.467846e-06 3.182100e-06 2.263788e-07 4.876325e-06   0.7%
Clock                0.000000e+00 0.000000e+00 0.000000e+00 0.000000e+00   0.0%
Macro                0.000000e+00 0.000000e+00 0.000000e+00 0.000000e+00   0.0%
Pad                  0.000000e+00 0.000000e+00 0.000000e+00 0.000000e+00   0.0%
------------------------------------------------------------------------
Total                7.117513e-04 4.375188e-06 5.843334e-07 7.167109e-04 100.0%
                            99.3%         0.6%         0.1%

