
 /----------------------------------------------------------------------------\
 |  yosys -- Yosys Open SYnthesis Suite                                       |
 |  Copyright (C) 2012 - 2026  Claire Xenia Wolf <claire@yosyshq.com>         |
 |  Distributed under an ISC-like license, type "license" to see terms        |
 \----------------------------------------------------------------------------/
 Yosys 0.62 (git sha1 7326bb7d6641500ecb285c291a54a662cb1e76cf, clang++ 21.1.2 -fPIC -O3)

1. Executing Liberty frontend: /home/jaikrishn/IHP-Open-PDK/ihp-sg13g2/libs.ref/sg13g2_stdcell/lib/sg13g2_stdcell_typ_1p20V_25C.lib
Imported 84 cell types from liberty file.

2. Executing Liberty frontend: /home/jaikrishn/IHP-Open-PDK/ihp-sg13g2/libs.ref/sg13g2_io/lib/sg13g2_io_typ_1p2V_3p3V_25C.lib
Imported 22 cell types from liberty file.

3. Executing Verilog-2005 frontend: /home/jaikrishn/Documents/hardware/picorv32_axi4lite_port/phyisical_design/macros/picorv32/runs/run_12/final/nl/picorv32_macro.nl.v
Parsing SystemVerilog input from `/home/jaikrishn/Documents/hardware/picorv32_axi4lite_port/phyisical_design/macros/picorv32/runs/run_12/final/nl/picorv32_macro.nl.v' to AST representation.
Generating RTLIL representation for module `\picorv32_macro'.
Successfully finished Verilog frontend.

4. Executing Verilog-2005 frontend: /home/jaikrishn/Documents/hardware/picorv32_axi4lite_port/phyisical_design/macros/interconnect/runs/run_1/final/nl/interconnect_macro.nl.v
Parsing SystemVerilog input from `/home/jaikrishn/Documents/hardware/picorv32_axi4lite_port/phyisical_design/macros/interconnect/runs/run_1/final/nl/interconnect_macro.nl.v' to AST representation.
Generating RTLIL representation for module `\interconnect_macro'.
Successfully finished Verilog frontend.

5. Executing Verilog-2005 frontend: /home/jaikrishn/Documents/hardware/picorv32_axi4lite_port/phyisical_design/macros/peripherals/runs/run_5/final/nl/peripherals_macro.nl.v
Parsing SystemVerilog input from `/home/jaikrishn/Documents/hardware/picorv32_axi4lite_port/phyisical_design/macros/peripherals/runs/run_5/final/nl/peripherals_macro.nl.v' to AST representation.
Generating RTLIL representation for module `\peripherals_macro'.
Successfully finished Verilog frontend.

6. Executing Verilog-2005 frontend: /home/jaikrishn/Documents/hardware/picorv32_axi4lite_port/phyisical_design/macros/boot_spi/runs/run_7/final/nl/boot_spi_macro.nl.v
Parsing SystemVerilog input from `/home/jaikrishn/Documents/hardware/picorv32_axi4lite_port/phyisical_design/macros/boot_spi/runs/run_7/final/nl/boot_spi_macro.nl.v' to AST representation.
Generating RTLIL representation for module `\boot_spi_macro'.
Successfully finished Verilog frontend.

7. Executing Verilog-2005 frontend: /home/jaikrishn/Documents/hardware/picorv32_axi4lite_port/phyisical_design/macros/ram/runs/run_1/final/nl/ram_macro.nl.v
Parsing SystemVerilog input from `/home/jaikrishn/Documents/hardware/picorv32_axi4lite_port/phyisical_design/macros/ram/runs/run_1/final/nl/ram_macro.nl.v' to AST representation.
Generating RTLIL representation for module `\ram_macro'.
Successfully finished Verilog frontend.
[INFO] Using SDC file '/home/jaikrishn/Documents/hardware/picorv32_axi4lite_port/phyisical_design/runs/run_3/06-yosys-synthesis/synthesis.abc.sdc' for ABC…

8. Executing Verilog-2005 frontend: /home/jaikrishn/Documents/hardware/picorv32_axi4lite_port/rtl/macros/soc_top.sv
Parsing SystemVerilog input from `/home/jaikrishn/Documents/hardware/picorv32_axi4lite_port/rtl/macros/soc_top.sv' to AST representation.
Storing AST representation for module `$abstract\soc_top'.
Successfully finished Verilog frontend.

9. Executing HIERARCHY pass (managing design hierarchy).

10. Executing AST frontend in derive mode using pre-parsed AST for module `\soc_top'.
Generating RTLIL representation for module `\soc_top'.

10.1. Analyzing design hierarchy..
Top module:  \soc_top

10.2. Analyzing design hierarchy..
Top module:  \soc_top
Removing unused module `$abstract\soc_top'.
Removed 1 unused modules.
Renaming module soc_top to soc_top.

11. Executing ATTRMAP pass (move or copy attributes).

12. Executing TRIBUF pass.

13. Executing HIERARCHY pass (managing design hierarchy).

13.1. Analyzing design hierarchy..
Top module:  \soc_top

13.2. Analyzing design hierarchy..
Top module:  \soc_top
Removed 0 unused modules.

14. Executing PROC_CLEAN pass (remove empty switches from decision trees).
Cleaned up 0 empty switches.

15. Executing PROC_RMDEAD pass (remove dead branches from decision trees).
Removed a total of 0 dead cases.

16. Executing PROC_PRUNE pass (remove redundant assignments in processes).
Removed 0 redundant assignments.
Promoted 0 assignments to connections.

17. Executing PROC_INIT pass (extract init attributes).

18. Executing PROC_ARST pass (detect async resets in processes).

19. Executing PROC_ROM pass (convert switches to ROMs).
Converted 0 switches.

20. Executing PROC_MUX pass (convert decision trees to multiplexers).

21. Executing PROC_DLATCH pass (convert process syncs to latches).

22. Executing PROC_DFF pass (convert process syncs to FFs).

23. Executing PROC_MEMWR pass (convert process memory writes to cells).

24. Executing PROC_CLEAN pass (remove empty switches from decision trees).
Cleaned up 0 empty switches.

25. Executing CHECK pass (checking for obvious problems).
Checking module soc_top...
Found and reported 0 problems.

26. Executing OPT_EXPR pass (perform const folding).
Optimizing module soc_top.

27. Executing FLATTEN pass (flatten design).

28. Executing OPT_EXPR pass (perform const folding).
Optimizing module soc_top.

29. Executing OPT_CLEAN pass (remove unused cells and wires).
Finding unused cells or wires in module \soc_top..

30. Executing OPT_EXPR pass (perform const folding).
Optimizing module soc_top.

31. Executing OPT_MERGE pass (detect identical cells).
Finding identical cells in module `\soc_top'.
Computing hashes of 7 cells of `\soc_top'.
Finding duplicate cells in `\soc_top'.
Removed a total of 0 cells.

32. Executing OPT_MUXTREE pass (detect dead branches in mux trees).
Running muxtree optimizer on module \soc_top..
  Creating internal representation of mux trees.
  No muxes found in this module.
Removed 0 multiplexer ports.

33. Executing OPT_REDUCE pass (consolidate $*mux and $reduce_* inputs).
  Optimizing cells in module \soc_top.
Performed a total of 0 changes.

34. Executing OPT_MERGE pass (detect identical cells).
Finding identical cells in module `\soc_top'.
Computing hashes of 7 cells of `\soc_top'.
Finding duplicate cells in `\soc_top'.
Removed a total of 0 cells.

35. Executing OPT_DFF pass (perform DFF optimizations).

36. Executing OPT_CLEAN pass (remove unused cells and wires).
Finding unused cells or wires in module \soc_top..

37. Executing OPT_EXPR pass (perform const folding).
Optimizing module soc_top.

38. Executing FSM pass (extract and optimize FSM).

38.1. Executing FSM_DETECT pass (finding FSMs in design).

38.2. Executing FSM_EXTRACT pass (extracting FSM from design).

38.3. Executing FSM_OPT pass (simple optimizations of FSMs).

38.4. Executing OPT_CLEAN pass (remove unused cells and wires).
Finding unused cells or wires in module \soc_top..

38.5. Executing FSM_OPT pass (simple optimizations of FSMs).

38.6. Executing FSM_RECODE pass (re-assigning FSM state encoding).

38.7. Executing FSM_INFO pass (dumping all available information on FSM cells).

38.8. Executing FSM_MAP pass (mapping FSMs to basic logic).

39. Executing OPT_EXPR pass (perform const folding).
Optimizing module soc_top.

40. Executing OPT_MERGE pass (detect identical cells).
Finding identical cells in module `\soc_top'.
Computing hashes of 7 cells of `\soc_top'.
Finding duplicate cells in `\soc_top'.
Removed a total of 0 cells.

41. Executing OPT_MUXTREE pass (detect dead branches in mux trees).
Running muxtree optimizer on module \soc_top..
  Creating internal representation of mux trees.
  No muxes found in this module.
Removed 0 multiplexer ports.

42. Executing OPT_REDUCE pass (consolidate $*mux and $reduce_* inputs).
  Optimizing cells in module \soc_top.
Performed a total of 0 changes.

43. Executing OPT_MERGE pass (detect identical cells).
Finding identical cells in module `\soc_top'.
Computing hashes of 7 cells of `\soc_top'.
Finding duplicate cells in `\soc_top'.
Removed a total of 0 cells.

44. Executing OPT_DFF pass (perform DFF optimizations).

45. Executing OPT_CLEAN pass (remove unused cells and wires).
Finding unused cells or wires in module \soc_top..

46. Executing OPT_EXPR pass (perform const folding).
Optimizing module soc_top.

47. Executing WREDUCE pass (reducing word size of cells).

48. Executing PEEPOPT pass (run peephole optimizers).

49. Executing OPT_CLEAN pass (remove unused cells and wires).
Finding unused cells or wires in module \soc_top..

50. Executing ALUMACC pass (create $alu and $macc cells).
Extracting $alu and $macc cells in module soc_top:
  created 0 $alu and 0 $macc cells.

51. Executing SHARE pass (SAT-based resource sharing).

52. Executing OPT_EXPR pass (perform const folding).
Optimizing module soc_top.

53. Executing OPT_MERGE pass (detect identical cells).
Finding identical cells in module `\soc_top'.
Computing hashes of 7 cells of `\soc_top'.
Finding duplicate cells in `\soc_top'.
Removed a total of 0 cells.

54. Executing OPT_MUXTREE pass (detect dead branches in mux trees).
Running muxtree optimizer on module \soc_top..
  Creating internal representation of mux trees.
  No muxes found in this module.
Removed 0 multiplexer ports.

55. Executing OPT_REDUCE pass (consolidate $*mux and $reduce_* inputs).
  Optimizing cells in module \soc_top.
Performed a total of 0 changes.

56. Executing OPT_MERGE pass (detect identical cells).
Finding identical cells in module `\soc_top'.
Computing hashes of 7 cells of `\soc_top'.
Finding duplicate cells in `\soc_top'.
Removed a total of 0 cells.

57. Executing OPT_DFF pass (perform DFF optimizations).

58. Executing OPT_CLEAN pass (remove unused cells and wires).
Finding unused cells or wires in module \soc_top..

59. Executing OPT_EXPR pass (perform const folding).
Optimizing module soc_top.

60. Executing MEMORY pass.

60.1. Executing OPT_MEM pass (optimize memories).
Performed a total of 0 transformations.

60.2. Executing OPT_MEM_PRIORITY pass (removing unnecessary memory write priority relations).
Performed a total of 0 transformations.

60.3. Executing OPT_MEM_FEEDBACK pass (finding memory read-to-write feedback paths).

60.4. Executing MEMORY_BMUX2ROM pass (converting muxes to ROMs).

60.5. Executing MEMORY_DFF pass (merging $dff cells to $memrd).

60.6. Executing OPT_CLEAN pass (remove unused cells and wires).
Finding unused cells or wires in module \soc_top..

60.7. Executing MEMORY_SHARE pass (consolidating $memrd/$memwr cells).

60.8. Executing OPT_MEM_WIDEN pass (optimize memories where all ports are wide).
Performed a total of 0 transformations.

60.9. Executing OPT_CLEAN pass (remove unused cells and wires).
Finding unused cells or wires in module \soc_top..

60.10. Executing MEMORY_COLLECT pass (generating $mem cells).

61. Executing OPT_CLEAN pass (remove unused cells and wires).
Finding unused cells or wires in module \soc_top..

62. Executing OPT_EXPR pass (perform const folding).
Optimizing module soc_top.

63. Executing OPT_MERGE pass (detect identical cells).
Finding identical cells in module `\soc_top'.
Computing hashes of 7 cells of `\soc_top'.
Finding duplicate cells in `\soc_top'.
Removed a total of 0 cells.

64. Executing OPT_DFF pass (perform DFF optimizations).

65. Executing OPT_CLEAN pass (remove unused cells and wires).
Finding unused cells or wires in module \soc_top..

66. Executing MEMORY_MAP pass (converting memories to logic and flip-flops).

67. Executing OPT_EXPR pass (perform const folding).
Optimizing module soc_top.

68. Executing OPT_MERGE pass (detect identical cells).
Finding identical cells in module `\soc_top'.
Computing hashes of 7 cells of `\soc_top'.
Finding duplicate cells in `\soc_top'.
Removed a total of 0 cells.

69. Executing OPT_MUXTREE pass (detect dead branches in mux trees).
Running muxtree optimizer on module \soc_top..
  Creating internal representation of mux trees.
  No muxes found in this module.
Removed 0 multiplexer ports.

70. Executing OPT_REDUCE pass (consolidate $*mux and $reduce_* inputs).
  Optimizing cells in module \soc_top.
Performed a total of 0 changes.

71. Executing OPT_MERGE pass (detect identical cells).
Finding identical cells in module `\soc_top'.
Computing hashes of 7 cells of `\soc_top'.
Finding duplicate cells in `\soc_top'.
Removed a total of 0 cells.

72. Executing OPT_SHARE pass.

73. Executing OPT_DFF pass (perform DFF optimizations).

74. Executing OPT_CLEAN pass (remove unused cells and wires).
Finding unused cells or wires in module \soc_top..

75. Executing OPT_EXPR pass (perform const folding).
Optimizing module soc_top.

76. Executing TECHMAP pass (map to technology primitives).

76.1. Executing Verilog-2005 frontend: /nix/store/f1q0w7rd0a4ny4hqvfxlhs4cmariidcy-yosys-0.62/bin/../share/yosys/techmap.v
Parsing Verilog input from `/nix/store/f1q0w7rd0a4ny4hqvfxlhs4cmariidcy-yosys-0.62/bin/../share/yosys/techmap.v' to AST representation.
Generating RTLIL representation for module `\_90_simplemap_bool_ops'.
Generating RTLIL representation for module `\_90_simplemap_reduce_ops'.
Generating RTLIL representation for module `\_90_simplemap_logic_ops'.
Generating RTLIL representation for module `\_90_simplemap_compare_ops'.
Generating RTLIL representation for module `\_90_simplemap_various'.
Generating RTLIL representation for module `\_90_simplemap_registers'.
Generating RTLIL representation for module `\_90_shift_ops_shr_shl_sshl_sshr'.
Generating RTLIL representation for module `\_90_shift_shiftx'.
Generating RTLIL representation for module `\_90_fa'.
Generating RTLIL representation for module `\_90_lcu_brent_kung'.
Generating RTLIL representation for module `\_90_alu'.
Generating RTLIL representation for module `\_90_macc'.
Generating RTLIL representation for module `\_90_alumacc'.
Generating RTLIL representation for module `$__div_mod_u'.
Generating RTLIL representation for module `$__div_mod_trunc'.
Generating RTLIL representation for module `\_90_div'.
Generating RTLIL representation for module `\_90_mod'.
Generating RTLIL representation for module `$__div_mod_floor'.
Generating RTLIL representation for module `\_90_divfloor'.
Generating RTLIL representation for module `\_90_modfloor'.
Generating RTLIL representation for module `\_90_pow'.
Generating RTLIL representation for module `\_90_pmux'.
Generating RTLIL representation for module `\_90_demux'.
Generating RTLIL representation for module `\_90_lut'.
Generating RTLIL representation for module `$connect'.
Generating RTLIL representation for module `$input_port'.
Successfully finished Verilog frontend.

76.2. Continuing TECHMAP pass.
No more expansions possible.
<suppressed ~77 debug messages>

77. Executing OPT_EXPR pass (perform const folding).
Optimizing module soc_top.

78. Executing OPT_MERGE pass (detect identical cells).
Finding identical cells in module `\soc_top'.
Computing hashes of 7 cells of `\soc_top'.
Finding duplicate cells in `\soc_top'.
Removed a total of 0 cells.

79. Executing OPT_DFF pass (perform DFF optimizations).

80. Executing OPT_CLEAN pass (remove unused cells and wires).
Finding unused cells or wires in module \soc_top..

81. Executing OPT_EXPR pass (perform const folding).
Optimizing module soc_top.

82. Executing OPT_MERGE pass (detect identical cells).
Finding identical cells in module `\soc_top'.
Computing hashes of 7 cells of `\soc_top'.
Finding duplicate cells in `\soc_top'.
Removed a total of 0 cells.

83. Executing OPT_DFF pass (perform DFF optimizations).

84. Executing OPT_CLEAN pass (remove unused cells and wires).
Finding unused cells or wires in module \soc_top..

85. Executing ABC pass (technology mapping using ABC).

85.1. Extracting gate netlist of module `\soc_top' to `<abc-temp-dir>/input.blif'..
Don't call ABC as there is nothing to map.

85.1.1. Executed ABC.
Extracted 0 gates and 0 wires to a netlist network with 0 inputs and 0 outputs.
Removing temp directory.
Removing global temp directory.

86. Executing OPT pass (performing simple optimizations).

86.1. Executing OPT_EXPR pass (perform const folding).
Optimizing module soc_top.

86.2. Executing OPT_MERGE pass (detect identical cells).
Finding identical cells in module `\soc_top'.
Computing hashes of 7 cells of `\soc_top'.
Finding duplicate cells in `\soc_top'.
Removed a total of 0 cells.

86.3. Executing OPT_DFF pass (perform DFF optimizations).

86.4. Executing OPT_CLEAN pass (remove unused cells and wires).
Finding unused cells or wires in module \soc_top..

86.5. Finished fast OPT passes.

87. Executing HIERARCHY pass (managing design hierarchy).

87.1. Analyzing design hierarchy..
Top module:  \soc_top

87.2. Analyzing design hierarchy..
Top module:  \soc_top
Removed 0 unused modules.

88. Executing CHECK pass (checking for obvious problems).
Checking module soc_top...
Found and reported 0 problems.

89. Printing statistics.

=== soc_top ===

        +----------Local Count, excluding submodules.
        | 
       59 wires
     1122 wire bits
       59 public wires
     1122 public wire bits
       15 ports
      294 port bits
        7 cells
        1   boot_spi_macro
        1   interconnect_macro
        3   peripherals_macro
        1   picorv32_macro
        1   ram_macro

90. Executing OPT pass (performing simple optimizations).

90.1. Executing OPT_EXPR pass (perform const folding).
Optimizing module soc_top.

90.2. Executing OPT_MERGE pass (detect identical cells).
Finding identical cells in module `\soc_top'.
Computing hashes of 7 cells of `\soc_top'.
Finding duplicate cells in `\soc_top'.
Removed a total of 0 cells.

90.3. Executing OPT_MUXTREE pass (detect dead branches in mux trees).
Running muxtree optimizer on module \soc_top..
  Creating internal representation of mux trees.
  No muxes found in this module.
Removed 0 multiplexer ports.

90.4. Executing OPT_REDUCE pass (consolidate $*mux and $reduce_* inputs).
  Optimizing cells in module \soc_top.
Performed a total of 0 changes.

90.5. Executing OPT_MERGE pass (detect identical cells).
Finding identical cells in module `\soc_top'.
Computing hashes of 7 cells of `\soc_top'.
Finding duplicate cells in `\soc_top'.
Removed a total of 0 cells.

90.6. Executing OPT_DFF pass (perform DFF optimizations).

90.7. Executing OPT_CLEAN pass (remove unused cells and wires).
Finding unused cells or wires in module \soc_top..

90.8. Executing OPT_EXPR pass (perform const folding).
Optimizing module soc_top.

90.9. Finished fast OPT passes. (There is nothing left to do.)

91. Executing OPT_CLEAN pass (remove unused cells and wires).
Finding unused cells or wires in module \soc_top..
{
   "creator": "Yosys 0.62 (git sha1 7326bb7d6641500ecb285c291a54a662cb1e76cf, clang++ 21.1.2 -fPIC -O3)",
   "invocation": "stat -json -liberty /home/jaikrishn/Documents/hardware/picorv32_axi4lite_port/phyisical_design/runs/run_3/tmp/c532cc9c1ca44318aaff6f019ffb0fc9.lib -liberty /home/jaikrishn/Documents/hardware/picorv32_axi4lite_port/phyisical_design/runs/run_3/tmp/7a577706fea94061b8874647e9eea6f3.lib ",
   "modules": {
      "\\soc_top": {
         "num_wires":         59,
         "num_wire_bits":     1122,
         "num_pub_wires":     59,
         "num_pub_wire_bits": 1122,
         "num_ports":         15,
         "num_port_bits":     294,
         "num_memories":      0,
         "num_memory_bits":   0,
         "num_processes":     0,
         "num_cells":         7,
         "num_submodules":       0,
         "num_cells_by_type": {
            "boot_spi_macro": 1,
            "interconnect_macro": 1,
            "peripherals_macro": 3,
            "picorv32_macro": 1,
            "ram_macro": 1
         }
      }
   },
      "design": {
         "num_wires":         59,
         "num_wire_bits":     1122,
         "num_pub_wires":     59,
         "num_pub_wire_bits": 1122,
         "num_ports":         15,
         "num_port_bits":     294,
         "num_memories":      0,
         "num_memory_bits":   0,
         "num_processes":     0,
         "num_cells":         7,
         "num_submodules":       0,
         "num_cells_by_type": {
            "boot_spi_macro": 1,
            "interconnect_macro": 1,
            "peripherals_macro": 3,
            "picorv32_macro": 1,
            "ram_macro": 1
         }
      }
}

92. Printing statistics.

=== soc_top ===

        +----------Local Count, excluding submodules.
        | 
       59 wires
     1122 wire bits
       59 public wires
     1122 public wire bits
       15 ports
      294 port bits
        7 cells
        1   boot_spi_macro
        1   interconnect_macro
        3   peripherals_macro
        1   picorv32_macro
        1   ram_macro

   Area for cell type \picorv32_macro is unknown!
   Area for cell type \interconnect_macro is unknown!
   Area for cell type \peripherals_macro is unknown!
   Area for cell type \boot_spi_macro is unknown!
   Area for cell type \ram_macro is unknown!

[INFO] Applying tri-state buffer mapping from '/home/jaikrishn/IHP-Open-PDK/ihp-sg13g2/libs.tech/librelane/sg13g2_stdcell/tribuff_map.v'…

93. Executing TECHMAP pass (map to technology primitives).

93.1. Executing Verilog-2005 frontend: /home/jaikrishn/IHP-Open-PDK/ihp-sg13g2/libs.tech/librelane/sg13g2_stdcell/tribuff_map.v
Parsing Verilog input from `/home/jaikrishn/IHP-Open-PDK/ihp-sg13g2/libs.tech/librelane/sg13g2_stdcell/tribuff_map.v' to AST representation.
Generating RTLIL representation for module `$_TBUF_'.
Successfully finished Verilog frontend.

93.2. Continuing TECHMAP pass.
No more expansions possible.
<suppressed ~3 debug messages>

94. Executing SIMPLEMAP pass (map simple cells to gate primitives).
[INFO] Applying latch mapping from '/home/jaikrishn/IHP-Open-PDK/ihp-sg13g2/libs.tech/librelane/sg13g2_stdcell/latch_map.v'…

95. Executing TECHMAP pass (map to technology primitives).

95.1. Executing Verilog-2005 frontend: /home/jaikrishn/IHP-Open-PDK/ihp-sg13g2/libs.tech/librelane/sg13g2_stdcell/latch_map.v
Parsing Verilog input from `/home/jaikrishn/IHP-Open-PDK/ihp-sg13g2/libs.tech/librelane/sg13g2_stdcell/latch_map.v' to AST representation.
Generating RTLIL representation for module `$_DLATCH_P_'.
Generating RTLIL representation for module `$_DLATCH_PN0_'.
Generating RTLIL representation for module `$_DLATCH_N_'.
Generating RTLIL representation for module `$_DLATCH_NN0_'.
Successfully finished Verilog frontend.

95.2. Continuing TECHMAP pass.
No more expansions possible.
<suppressed ~6 debug messages>

96. Executing SIMPLEMAP pass (map simple cells to gate primitives).

97. Executing DFFLIBMAP pass (mapping DFF cells to sequential cells from liberty file).
  cell sg13g2_dfrbpq_1 (noninv, pins=4, area=48.99) is a direct match for cell type $_DFF_PN0_.
  final dff cell mappings:
    unmapped dff cell: $_DFF_N_
    unmapped dff cell: $_DFF_P_
    unmapped dff cell: $_DFF_NN0_
    unmapped dff cell: $_DFF_NN1_
    unmapped dff cell: $_DFF_NP0_
    unmapped dff cell: $_DFF_NP1_
    \sg13g2_dfrbpq_1 _DFF_PN0_ (.CLK( C), .D( D), .Q( Q), .RESET_B( R));
    unmapped dff cell: $_DFF_PN1_
    unmapped dff cell: $_DFF_PP0_
    unmapped dff cell: $_DFF_PP1_
    unmapped dff cell: $_DFFE_NN_
    unmapped dff cell: $_DFFE_NP_
    unmapped dff cell: $_DFFE_PN_
    unmapped dff cell: $_DFFE_PP_
    unmapped dff cell: $_DFFSR_NNN_
    unmapped dff cell: $_DFFSR_NNP_
    unmapped dff cell: $_DFFSR_NPN_
    unmapped dff cell: $_DFFSR_NPP_
    unmapped dff cell: $_DFFSR_PNN_
    unmapped dff cell: $_DFFSR_PNP_
    unmapped dff cell: $_DFFSR_PPN_
    unmapped dff cell: $_DFFSR_PPP_

97.1. Executing DFFLEGALIZE pass (convert FFs to types supported by the target).
<suppressed ~4 debug messages>
Mapping DFF cells in module `\soc_top':
{
   "creator": "Yosys 0.62 (git sha1 7326bb7d6641500ecb285c291a54a662cb1e76cf, clang++ 21.1.2 -fPIC -O3)",
   "invocation": "stat -json -liberty /home/jaikrishn/Documents/hardware/picorv32_axi4lite_port/phyisical_design/runs/run_3/tmp/c532cc9c1ca44318aaff6f019ffb0fc9.lib -liberty /home/jaikrishn/Documents/hardware/picorv32_axi4lite_port/phyisical_design/runs/run_3/tmp/7a577706fea94061b8874647e9eea6f3.lib ",
   "modules": {
      "\\soc_top": {
         "num_wires":         59,
         "num_wire_bits":     1122,
         "num_pub_wires":     59,
         "num_pub_wire_bits": 1122,
         "num_ports":         15,
         "num_port_bits":     294,
         "num_memories":      0,
         "num_memory_bits":   0,
         "num_processes":     0,
         "num_cells":         7,
         "num_submodules":       0,
         "num_cells_by_type": {
            "boot_spi_macro": 1,
            "interconnect_macro": 1,
            "peripherals_macro": 3,
            "picorv32_macro": 1,
            "ram_macro": 1
         }
      }
   },
      "design": {
         "num_wires":         59,
         "num_wire_bits":     1122,
         "num_pub_wires":     59,
         "num_pub_wire_bits": 1122,
         "num_ports":         15,
         "num_port_bits":     294,
         "num_memories":      0,
         "num_memory_bits":   0,
         "num_processes":     0,
         "num_cells":         7,
         "num_submodules":       0,
         "num_cells_by_type": {
            "boot_spi_macro": 1,
            "interconnect_macro": 1,
            "peripherals_macro": 3,
            "picorv32_macro": 1,
            "ram_macro": 1
         }
      }
}

98. Printing statistics.

=== soc_top ===

        +----------Local Count, excluding submodules.
        | 
       59 wires
     1122 wire bits
       59 public wires
     1122 public wire bits
       15 ports
      294 port bits
        7 cells
        1   boot_spi_macro
        1   interconnect_macro
        3   peripherals_macro
        1   picorv32_macro
        1   ram_macro

   Area for cell type \picorv32_macro is unknown!
   Area for cell type \interconnect_macro is unknown!
   Area for cell type \peripherals_macro is unknown!
   Area for cell type \boot_spi_macro is unknown!
   Area for cell type \ram_macro is unknown!

[INFO] Using generated ABC script '/home/jaikrishn/Documents/hardware/picorv32_axi4lite_port/phyisical_design/runs/run_3/06-yosys-synthesis/AREA_0.abc'…

99. Executing ABC pass (technology mapping using ABC).

99.1. Extracting gate netlist of module `\soc_top' to `/tmp/yosys-abc-owRa78/input.blif'..
Don't call ABC as there is nothing to map.

99.1.1. Executed ABC.
Extracted 0 gates and 0 wires to a netlist network with 0 inputs and 0 outputs.
Removing temp directory.
Removing global temp directory.

100. Executing SETUNDEF pass (replace undef values with defined constants).

101. Executing HILOMAP pass (mapping to constant drivers).

102. Executing SPLITNETS pass (splitting up multi-bit signals).

103. Executing OPT_CLEAN pass (remove unused cells and wires).
Finding unused cells or wires in module \soc_top..

104. Executing INSBUF pass (insert buffer cells for connected wires).

105. Executing CHECK pass (checking for obvious problems).
Checking module soc_top...
Found and reported 0 problems.
{
   "creator": "Yosys 0.62 (git sha1 7326bb7d6641500ecb285c291a54a662cb1e76cf, clang++ 21.1.2 -fPIC -O3)",
   "invocation": "stat -json -liberty /home/jaikrishn/Documents/hardware/picorv32_axi4lite_port/phyisical_design/runs/run_3/tmp/c532cc9c1ca44318aaff6f019ffb0fc9.lib -liberty /home/jaikrishn/Documents/hardware/picorv32_axi4lite_port/phyisical_design/runs/run_3/tmp/7a577706fea94061b8874647e9eea6f3.lib ",
   "modules": {
      "\\soc_top": {
         "num_wires":         843,
         "num_wire_bits":     1122,
         "num_pub_wires":     843,
         "num_pub_wire_bits": 1122,
         "num_ports":         15,
         "num_port_bits":     294,
         "num_memories":      0,
         "num_memory_bits":   0,
         "num_processes":     0,
         "num_cells":         7,
         "num_submodules":       0,
         "num_cells_by_type": {
            "boot_spi_macro": 1,
            "interconnect_macro": 1,
            "peripherals_macro": 3,
            "picorv32_macro": 1,
            "ram_macro": 1
         }
      }
   },
      "design": {
         "num_wires":         843,
         "num_wire_bits":     1122,
         "num_pub_wires":     843,
         "num_pub_wire_bits": 1122,
         "num_ports":         15,
         "num_port_bits":     294,
         "num_memories":      0,
         "num_memory_bits":   0,
         "num_processes":     0,
         "num_cells":         7,
         "num_submodules":       0,
         "num_cells_by_type": {
            "boot_spi_macro": 1,
            "interconnect_macro": 1,
            "peripherals_macro": 3,
            "picorv32_macro": 1,
            "ram_macro": 1
         }
      }
}

106. Printing statistics.

=== soc_top ===

        +----------Local Count, excluding submodules.
        | 
      843 wires
     1122 wire bits
      843 public wires
     1122 public wire bits
       15 ports
      294 port bits
        7 cells
        1   boot_spi_macro
        1   interconnect_macro
        3   peripherals_macro
        1   picorv32_macro
        1   ram_macro

   Area for cell type \picorv32_macro is unknown!
   Area for cell type \interconnect_macro is unknown!
   Area for cell type \peripherals_macro is unknown!
   Area for cell type \boot_spi_macro is unknown!
   Area for cell type \ram_macro is unknown!

107. Executing Verilog backend.
Dumping module `\soc_top'.

108. Executing JSON backend.
