
Magic 8.3 revision 623 - Compiled on Tue Mar 17 08:19:38 UTC 2026.
Starting magic under Tcl interpreter
Using the terminal as the console.
Using NULL graphics device.
Processing system .magicrc file
Switching to WIRING tool.
Switching to NETLIST tool.
Switching to PICK tool.
Switching to BOX tool.
Sourcing design .magicrc for technology ihp-sg13g2 ...
2 Magic internal units = 1 Lambda
Input style sg13g2(): scaleFactor=2, multiplier=2
The following types are not handled by extraction and will be treated as non-electrical types:
    pblock sealcont difffill nemitter hvnemitter hvisodiffres sealvia1 sealvia2 sealvia3 sealvia4 sealvia5 sealvia6 pillar solder seal glass thruvia inductor 
Scaled tech values by 2 / 1 to match internal grid scaling
Loading ihp-sg13g2 Device Generator Menu ...
Loading "/nix/store/8y4m6wgn5kqlbig1qwnwbxijqqp0jwib-python3-3.13.9-env/lib/python3.13/site-packages/librelane/scripts/magic/wrapper.tcl" from command line.
Warning: Calma reading is not undoable!  I hope that's OK.
Library written using GDS-II Release 6.0
Library name: LIB
Reading "M1_GatPoly_CDNS_7558030484048".
Saving contents of cell M1_GatPoly_CDNS_7558030484048
Reading "VIA_M1_Activ_db_0x02835b9b".
Reading "RM_IHPSG13_1P_BITKIT_CELL_SUB".
Reading "lvsres_db_0x02834b9a".
Reading "lvsres_db_0x0283509a".
Reading "RM_IHPSG13_1P_BITKIT_CELL".
Reading "RM_IHPSG13_1P_BITKIT_CELL_2x1".
Reading "RM_IHPSG13_1P_BITKIT_TAP".
Reading "viagen34_CDNS_7558030484049".
Saving contents of cell viagen34_CDNS_7558030484049
Reading "RM_IHPSG13_1P_BITKIT_CELL_CORNER".
Reading "RM_IHPSG13_1P_BITKIT_EDGE_LR".
Reading "RM_IHPSG13_1P_BITKIT_16x2_EDGE_TB".
Reading "RM_IHPSG13_1P_BITKIT_16x2_TAP".
Reading "RM_IHPSG13_1P_BITKIT_16x2_SRAM".
Reading "lvsres_db_0x04007e9a".
Reading "viagen23_CDNS_7558030484038".
Saving contents of cell viagen23_CDNS_7558030484038
Reading "RSC_IHPSG13_FILLCAP8".
Reading "RSC_IHPSG13_FILL2".
Reading "lvsres_db_0x0400b71a".
Reading "RSC_IHPSG13_NAND2X2".
Reading "RSC_IHPSG13_NOR3X2".
Reading "RSC_IHPSG13_LHPQX2".
Reading "RSC_IHPSG13_NAND3X2".
Reading "M3_M2_CDNS_7558030484037".
Saving contents of cell M3_M2_CDNS_7558030484037
Reading "M3_M2_CDNS_7558030484036".
Saving contents of cell M3_M2_CDNS_7558030484036
Reading "viagen34_CDNS_7558030484035".
Saving contents of cell viagen34_CDNS_7558030484035
Reading "M3_M2_CDNS_7558030484034".
Saving contents of cell M3_M2_CDNS_7558030484034
Reading "viagen34_CDNS_7558030484033".
Saving contents of cell viagen34_CDNS_7558030484033
Reading "viagen23_CDNS_7558030484032".
Saving contents of cell viagen23_CDNS_7558030484032
Reading "RSC_IHPSG13_FILL1".
Reading "RSC_IHPSG13_INVX4".
Reading "RSC_IHPSG13_INVX2".
Reading "viagen12_CDNS_7558030484029".
Saving contents of cell viagen12_CDNS_7558030484029
Reading "viagen23_CDNS_7558030484028".
Saving contents of cell viagen23_CDNS_7558030484028
Reading "viagen12_CDNS_7558030484027".
Saving contents of cell viagen12_CDNS_7558030484027
Reading "viagen12_CDNS_7558030484026".
Saving contents of cell viagen12_CDNS_7558030484026
Reading "viagen23_CDNS_7558030484025".
Saving contents of cell viagen23_CDNS_7558030484025
Reading "viagen23_CDNS_7558030484024".
Saving contents of cell viagen23_CDNS_7558030484024
Reading "M2_M1_CDNS_7558030484023".
Saving contents of cell M2_M1_CDNS_7558030484023
Reading "viagen12_CDNS_7558030484022".
Saving contents of cell viagen12_CDNS_7558030484022
Reading "viagen12_CDNS_7558030484021".
Saving contents of cell viagen12_CDNS_7558030484021
Reading "viagen23_CDNS_7558030484020".
Saving contents of cell viagen23_CDNS_7558030484020
Reading "RSC_IHPSG13_DFPQD_MSAFFX2N_half".
Reading "RSC_IHPSG13_CINVX2".
Reading "RSC_IHPSG13_FILLCAP4".
Reading "M2_M1_CDNS_7558030484018".
Saving contents of cell M2_M1_CDNS_7558030484018
Reading "M2_M1_CDNS_7558030484011".
Saving contents of cell M2_M1_CDNS_7558030484011
Reading "RM_IHPSG13_1P_BITKIT_16x2_CORNER".
Reading "RM_IHPSG13_1P_BITKIT_16x2_LE_con_corner".
Reading "RM_IHPSG13_1P_BITKIT_16x2_POWER_ramtap".
Reading "RM_IHPSG13_1P_BITKIT_16x2_TAP_LR".
Reading "RM_IHPSG13_1P_BITKIT_16x2_LE_con_tap_lr".
Reading "RM_IHPSG13_1P_BITKIT_16x2_POWER_ramblk".
Reading "RM_IHPSG13_1P_BITKIT_16x2_EDGE_LR".
Reading "RM_IHPSG13_1P_COLUMN_256".
Reading "RM_IHPSG13_1P_BITKIT_16x2_LE_con_edge_lr".
Reading "RSC_IHPSG13_WLDRVX4".
CIF file read warning: CIF style sg13g2(): units rescaled by factor of 5 / 1
Reading "viagen12_CDNS_7558030484047".
Saving contents of cell viagen12_CDNS_7558030484047
Reading "M2_M1_CDNS_7558030484046".
Saving contents of cell M2_M1_CDNS_7558030484046
Reading "M3_M2_CDNS_7558030484045".
Saving contents of cell M3_M2_CDNS_7558030484045
Reading "M3_M2_CDNS_7558030484044".
Saving contents of cell M3_M2_CDNS_7558030484044
Reading "RSC_IHPSG13_CBUFX4".
Reading "M3_M2_CDNS_7558030484043".
Saving contents of cell M3_M2_CDNS_7558030484043
Reading "viagen23_CDNS_7558030484042".
Saving contents of cell viagen23_CDNS_7558030484042
Reading "RSC_IHPSG13_CDLYX1_DUMMY".
Reading "RSC_IHPSG13_CDLYX1".
Reading "RSC_IHPSG13_MX2IX1".
Reading "RSC_IHPSG13_CBUFX8".
Reading "RSC_IHPSG13_TIEL".
Reading "RSC_IHPSG13_OA12X1".
Reading "RSC_IHPSG13_CNAND2X2".
Reading "RSC_IHPSG13_DFNQX2".
Reading "RSC_IHPSG13_XOR2X2".
Reading "RSC_IHPSG13_CINVX4".
Reading "RSC_IHPSG13_CGATEPX4".
Reading "RSC_IHPSG13_MX2X2".
Reading "RSC_IHPSG13_CDLYX2".
Reading "viagen12_CDNS_7558030484041".
Saving contents of cell viagen12_CDNS_7558030484041
Reading "viagen12_CDNS_7558030484040".
Saving contents of cell viagen12_CDNS_7558030484040
Reading "M3_M2_CDNS_7558030484039".
Saving contents of cell M3_M2_CDNS_7558030484039
Reading "RM_IHPSG13_1P_ROWREG0".
Reading "RSC_IHPSG13_CINVX8".
Reading "RM_IHPSG13_1P_DEC_LE_l2wire".
Reading "RM_IHPSG13_1P_DEC_LE_l1wire".
Reading "RM_IHPSG13_1P_DEC_LE_l1empty".
Reading "RM_IHPSG13_1P_DEC01".
Reading "RM_IHPSG13_1P_DEC03".
Reading "RM_IHPSG13_1P_DEC_LE_l2empty".
Reading "RM_IHPSG13_1P_DEC02".
Reading "RM_IHPSG13_1P_DEC00".
Reading "RM_IHPSG13_1P_DEC04".
Reading "RM_IHPSG13_1P_DEC_LE_l0wire".
Reading "RM_IHPSG13_1P_DEC_LE_tap".
Reading "RM_IHPSG13_1P_ROWDEC0".
Reading "M3_M2_CDNS_7558030484031".
Saving contents of cell M3_M2_CDNS_7558030484031
Reading "viagen23_CDNS_7558030484030".
Saving contents of cell viagen23_CDNS_7558030484030
Reading "RSC_IHPSG13_CBUFX2".
Reading "RSC_IHPSG13_TIEH".
Reading "RM_IHPSG13_1P_BLDRV".
Reading "RSC_IHPSG13_CINVX4_WN".
Reading "RSC_IHPSG13_NOR2X2".
Reading "lvsres_db_0x0283151a".
Reading "RSC_IHPSG13_DFPQD_MSAFFX2N".
Reading "RSC_IHPSG13_AND2X2".
Reading "RSC_IHPSG13_DFNQMX2IX1".
Reading "viagen12_CDNS_7558030484019".
Saving contents of cell viagen12_CDNS_7558030484019
Reading "M3_M2_CDNS_7558030484017".
Saving contents of cell M3_M2_CDNS_7558030484017
Reading "viagen23_CDNS_7558030484016".
Saving contents of cell viagen23_CDNS_7558030484016
Reading "viagen23_CDNS_7558030484015".
Saving contents of cell viagen23_CDNS_7558030484015
Reading "M3_M2_CDNS_7558030484014".
Saving contents of cell M3_M2_CDNS_7558030484014
Reading "M3_M2_CDNS_7558030484013".
Saving contents of cell M3_M2_CDNS_7558030484013
Reading "M2_M1_CDNS_7558030484012".
Saving contents of cell M2_M1_CDNS_7558030484012
Reading "M3_M2_CDNS_7558030484010".
Saving contents of cell M3_M2_CDNS_7558030484010
Reading "viagen34_CDNS_755803048409".
Saving contents of cell viagen34_CDNS_755803048409
Reading "viagen23_CDNS_755803048408".
Saving contents of cell viagen23_CDNS_755803048408
Reading "M2_M1_CDNS_755803048407".
Saving contents of cell M2_M1_CDNS_755803048407
Reading "M3_M2_CDNS_755803048406".
Saving contents of cell M3_M2_CDNS_755803048406
Reading "M3_M2_CDNS_755803048405".
Saving contents of cell M3_M2_CDNS_755803048405
Reading "viagen23_CDNS_755803048404".
Saving contents of cell viagen23_CDNS_755803048404
Reading "M2_M1_CDNS_755803048403".
Saving contents of cell M2_M1_CDNS_755803048403
Reading "M2_M1_CDNS_755803048402".
Saving contents of cell M2_M1_CDNS_755803048402
Reading "M2_M1_CDNS_755803048401".
Saving contents of cell M2_M1_CDNS_755803048401
Reading "viagen12_CDNS_755803048400".
Saving contents of cell viagen12_CDNS_755803048400
Reading "RM_IHPSG13_1P_MATRIX_256x64".
Reading "RM_IHPSG13_1P_DLY_4".
Reading "RM_IHPSG13_1P_WLDRV16X4_tap".
Reading "RM_IHPSG13_1P_WLDRV16X4".
Reading "RM_IHPSG13_1P_COLDRV13_FILL1".
Reading "RM_IHPSG13_1P_COLDRV13X4".
Reading "RM_IHPSG13_1P_DLY_2".
Reading "RM_IHPSG13_1P_DLY_MUX".
Reading "RM_IHPSG13_1P_COLDEC2".
Reading "RM_IHPSG13_1P_CTRL".
Reading "RM_IHPSG13_1P_ROWREG8".
Reading "RM_IHPSG13_1P_ROWDEC8".
Reading "RM_IHPSG13_1P_COLDRV13_FILL4C2".
Reading "RM_IHPSG13_1P_COLDRV13_FILL1C2".
Reading "RM_IHPSG13_1P_COLDRV13_FILL4".
Reading "RM_IHPSG13_1P_COLCTRL2".
Reading "RM_IHPSG13_1P_COLCTRL2_end".
Reading "sg13g2_antennanp$2".
Reading "sg13g2_decap_8$5".
Reading "sg13g2_fill_1$5".
Reading "sg13g2_fill_2$5".
Reading "sg13g2_decap_4$5".
Reading "sg13g2_inv_1$5".
Reading "sg13g2_nor2_1$5".
Reading "sg13g2_nor4_1$4".
Reading "sg13g2_and2_1$5".
Reading "sg13g2_nor4_2$1".
Reading "sg13g2_and4_1$4".
Reading "sg13g2_nand3_1$5".
Reading "sg13g2_a21oi_1$4".
Reading "sg13g2_buf_16$3".
Reading "sg13g2_or2_1$4".
Reading "sg13g2_buf_1$5".
Reading "sg13g2_nand3b_1$5".
Reading "sg13g2_or4_1$3".
Reading "sg13g2_buf_8$4".
Reading "sg13g2_nand2_2$1".
Reading "sg13g2_nand2_1$5".
Reading "sg13g2_o21ai_1$5".
Reading "sg13g2_nand4_1$5".
Reading "sg13g2_buf_4$1".
Reading "sg13g2_and3_1$5".
Reading "sg13g2_nor2b_1$5".
Reading "sg13g2_nor2_2$1".
Reading "sg13g2_nor3_1$5".
Reading "sg13g2_inv_4$2".
Reading "sg13g2_a21o_1$4".
Reading "sg13g2_nand2b_1$4".
Reading "sg13g2_buf_2$1".
Reading "sg13g2_a22oi_1$5".
Reading "sg13g2_mux2_1$3".
Reading "sg13g2_dfrbpq_1$4".
Reading "sg13g2_dlygate4sd3_1$5".
Reading "RM_IHPSG13_1P_1024x32_c2_bm_bist".
Reading "sg13g2_tielo$4".
Reading "sg13g2_tiehi$4".
Reading "VIA_via5_6_2200_2810_2_2_840_840".
Reading "VIA_via4_5_2810_2810_6_6_480_480".
Reading "VIA_via6_7_2200_2200_1_1_1960_1960$5".
Reading "VIA_via5_6_2200_440_1_2_840_840$4".
Reading "VIA_via4_5_2200_440_1_5_410_410$4".
Reading "VIA_via3_4_2200_440_1_5_410_410$4".
Reading "VIA_via2_3_2200_440_1_5_410_410$4".
Reading "VIA_via1_2_2200_440_1_5_410_410$4".
Reading "VIA_Via1_YY$5".
Reading "VIA_Via2_YX$5".
Reading "VIA_Via1_XY$5".
Reading "VIA_Via3_XY$5".
Reading "sg13g2_decap_8$4".
Reading "sg13g2_decap_4$4".
Reading "sg13g2_fill_1$4".
Reading "sg13g2_fill_2$4".
Reading "sg13g2_inv_1$4".
Reading "sg13g2_nand2_1$4".
Reading "sg13g2_nand3_1$4".
Reading "sg13g2_nor2_1$4".
Reading "sg13g2_and2_1$4".
Reading "sg13g2_and3_1$4".
Reading "sg13g2_a21o_1$3".
Reading "sg13g2_nor4_1$3".
Reading "sg13g2_and4_1$3".
Reading "sg13g2_nand4_1$4".
Reading "sg13g2_nor3_1$4".
Reading "sg13g2_a21oi_1$3".
Reading "sg13g2_o21ai_1$4".
Reading "sg13g2_a22oi_1$4".
Reading "sg13g2_nor2b_1$4".
Reading "sg13g2_mux2_1$2".
Reading "sg13g2_nand2b_1$3".
Reading "sg13g2_or2_1$3".
Reading "sg13g2_a221oi_1$3".
Reading "sg13g2_nand3b_1$4".
Reading "sg13g2_or4_1$2".
Reading "sg13g2_or3_1$2".
Reading "sg13g2_dfrbpq_1$3".
Reading "sg13g2_tiehi$3".
Reading "sg13g2_tielo$3".
Reading "sg13g2_buf_8$3".
Reading "sg13g2_buf_1$4".
Reading "sg13g2_dlygate4sd3_1$4".
Reading "VIA_via6_7_2200_2200_1_1_1960_1960$4".
Reading "VIA_via5_6_2200_440_1_2_840_840$3".
Reading "VIA_via4_5_2200_440_1_5_410_410$3".
Reading "VIA_via3_4_2200_440_1_5_410_410$3".
Reading "VIA_via2_3_2200_440_1_5_410_410$3".
Reading "VIA_via1_2_2200_440_1_5_410_410$3".
Reading "VIA_Via1_YY$4".
Reading "VIA_Via1_XY$4".
Reading "VIA_Via2_YX$4".
Reading "VIA_Via3_XY$4".
Reading "sg13g2_decap_8$3".
Reading "sg13g2_fill_2$3".
Reading "sg13g2_fill_1$3".
Reading "sg13g2_decap_4$3".
Reading "sg13g2_inv_1$3".
Reading "sg13g2_nor2b_1$3".
Reading "sg13g2_nand2b_1$2".
Reading "sg13g2_nand2_1$3".
Reading "sg13g2_nor2_1$3".
Reading "sg13g2_a21oi_1$2".
Reading "sg13g2_a22oi_1$3".
Reading "sg13g2_o21ai_1$3".
Reading "sg13g2_nand3b_1$3".
Reading "sg13g2_nor3_1$3".
Reading "sg13g2_nand4_1$3".
Reading "sg13g2_and2_1$3".
Reading "sg13g2_a21o_1$2".
Reading "sg13g2_and3_1$3".
Reading "sg13g2_nand3_1$3".
Reading "sg13g2_dfrbpq_1$2".
Reading "sg13g2_tiehi$2".
Reading "sg13g2_buf_1$3".
Reading "sg13g2_buf_16$2".
Reading "sg13g2_buf_8$2".
Reading "sg13g2_dlygate4sd3_1$3".
Reading "sg13g2_tielo$2".
Reading "VIA_via6_7_2200_2200_1_1_1960_1960$3".
Reading "VIA_via5_6_2200_440_1_2_840_840$2".
Reading "VIA_via4_5_2200_440_1_5_410_410$2".
Reading "VIA_via3_4_2200_440_1_5_410_410$2".
Reading "VIA_via2_3_2200_440_1_5_410_410$2".
Reading "VIA_via1_2_2200_440_1_5_410_410$2".
Reading "VIA_Via1_YY$3".
Reading "VIA_Via2_YX$3".
Reading "VIA_Via1_XY$3".
Reading "VIA_Via3_XY$3".
Reading "VIA_Via4_YX$3".
Reading "sg13g2_fill_2$2".
Reading "sg13g2_fill_1$2".
Reading "sg13g2_decap_8$2".
Reading "sg13g2_decap_4$2".
Reading "sg13g2_inv_1$2".
Reading "sg13g2_nor2_1$2".
Reading "sg13g2_nor4_1$2".
Reading "sg13g2_nand2_1$2".
Reading "sg13g2_nor3_1$2".
Reading "sg13g2_nand3_1$2".
Reading "sg13g2_nand4_1$2".
Reading "sg13g2_and4_1$2".
Reading "sg13g2_nand3b_1$2".
Reading "sg13g2_o21ai_1$2".
Reading "sg13g2_a22oi_1$2".
Reading "sg13g2_and3_1$2".
Reading "sg13g2_or2_1$2".
Reading "sg13g2_and2_1$2".
Reading "sg13g2_nor2b_1$2".
Reading "sg13g2_a221oi_1$2".
Reading "sg13g2_buf_1$2".
Reading "sg13g2_dlygate4sd3_1$2".
Reading "VIA_via6_7_2200_2200_1_1_1960_1960$2".
Reading "VIA_via5_6_2200_440_1_2_840_840$1".
Reading "VIA_via4_5_2200_440_1_5_410_410$1".
Reading "VIA_via3_4_2200_440_1_5_410_410$1".
Reading "VIA_via2_3_2200_440_1_5_410_410$1".
Reading "VIA_via1_2_2200_440_1_5_410_410$1".
Reading "VIA_Via1_YY$2".
Reading "VIA_Via2_YX$2".
Reading "VIA_Via1_XY$2".
Reading "VIA_Via3_XY$2".
Reading "VIA_Via4_YX$2".
Reading "VIA_TopVia1EWNS$2".
Reading "sg13g2_antennanp$1".
Reading "sg13g2_decap_8$1".
Reading "sg13g2_fill_1$1".
Reading "sg13g2_fill_2$1".
Reading "sg13g2_decap_4$1".
Reading "sg13g2_inv_1$1".
Reading "sg13g2_nor4_1$1".
Reading "sg13g2_and2_1$1".
Reading "sg13g2_nor2b_1$1".
Reading "sg13g2_nand2b_1$1".
Reading "sg13g2_nor2_1$1".
Reading "sg13g2_o21ai_1$1".
Reading "sg13g2_or2_1$1".
Reading "sg13g2_nor3_1$1".
Reading "sg13g2_nand2_1$1".
Reading "sg13g2_nand3_1$1".
Reading "sg13g2_a21oi_1$1".
Reading "sg13g2_a21o_1$1".
Reading "sg13g2_nand4_1$1".
Reading "sg13g2_nand3b_1$1".
Reading "sg13g2_a22oi_1$1".
Reading "sg13g2_or3_1$1".
Reading "sg13g2_or4_1$1".
Reading "sg13g2_and4_1$1".
Reading "sg13g2_xor2_1$1".
Reading "sg13g2_xnor2_1$1".
Reading "sg13g2_a221oi_1$1".
Reading "sg13g2_mux4_1$1".
Reading "sg13g2_mux2_1$1".
Reading "sg13g2_and3_1$1".
Reading "sg13g2_buf_1$1".
Reading "sg13g2_dfrbpq_1$1".
Reading "sg13g2_tiehi$1".
Reading "sg13g2_buf_16$1".
Reading "sg13g2_buf_8$1".
Reading "sg13g2_inv_2$1".
Reading "sg13g2_inv_4$1".
Reading "sg13g2_dlygate4sd3_1$1".
Reading "sg13g2_tielo$1".
Reading "VIA_via6_7_2200_2200_1_1_1960_1960$1".
Reading "VIA_via5_6_2200_440_1_2_840_840".
Reading "VIA_via4_5_2200_440_1_5_410_410".
Reading "VIA_via3_4_2200_440_1_5_410_410".
Reading "VIA_via2_3_2200_440_1_5_410_410".
Reading "VIA_via1_2_2200_440_1_5_410_410".
Reading "VIA_Via1_XY$1".
Reading "VIA_Via2_YX$1".
Reading "VIA_Via3_XY$1".
Reading "VIA_Via4_YX$1".
Reading "VIA_Via1_YY$1".
Reading "VIA_TopVia1EWNS$1".
Reading "VIA_Via3_YY".
Reading "VIA_TopVia2EWNS".
Reading "VIA_TopVia1EWNS".
Reading "VIA_Via1_YY".
Reading "VIA_Via1_XY".
Reading "VIA_Via2_XX".
Reading "VIA_Via4_YX".
Reading "VIA_Via3_XY".
Reading "VIA_Via2_YX".
Reading "VIA_via6_7_1940_2200_1_1_1960_1960".
Reading "VIA_via6_7_2200_2200_1_1_1960_1960".
Reading "ram_macro".
    5000 uses
    10000 uses
    15000 uses
    20000 uses
    25000 uses
    30000 uses
    35000 uses
Reading "peripherals_macro".
    5000 uses
Reading "interconnect_macro".
    5000 uses
    10000 uses
Reading "picorv32_macro".
    5000 uses
    10000 uses
    15000 uses
    20000 uses
    25000 uses
    30000 uses
    35000 uses
    40000 uses
    45000 uses
    50000 uses
    55000 uses
    60000 uses
    65000 uses
    70000 uses
    75000 uses
    80000 uses
    85000 uses
    90000 uses
    95000 uses
    100000 uses
    105000 uses
    110000 uses
    115000 uses
    120000 uses
    125000 uses
Reading "boot_spi_macro".
    5000 uses
    10000 uses
Reading "sg13g2_buf_8".
Reading "sg13g2_buf_16".
Reading "sg13g2_antennanp".
Reading "soc_top".
Error while reading cell "soc_top" (byte position 17714350): Warning: cell "VIA_via6_7_2200_2200_1_1_1960_1960" placed on top of itself.  Ignoring the extra one.
Error while reading cell "soc_top" (byte position 17714814): Warning: cell "VIA_via6_7_2200_2200_1_1_1960_1960" placed on top of itself.  Ignoring the extra one.
Error while reading cell "soc_top" (byte position 17714930): Warning: cell "VIA_via6_7_2200_2200_1_1_1960_1960" placed on top of itself.  Ignoring the extra one.
Error while reading cell "soc_top" (byte position 17715336): Warning: cell "VIA_via6_7_2200_2200_1_1_1960_1960" placed on top of itself.  Ignoring the extra one.
Error while reading cell "soc_top" (byte position 17741196): Warning: cell "VIA_via6_7_2200_2200_1_1_1960_1960" placed on top of itself.  Ignoring the extra one.
Error while reading cell "soc_top" (byte position 17767904): Warning: cell "VIA_via6_7_2200_2200_1_1_1960_1960" placed on top of itself.  Ignoring the extra one.
Error while reading cell "soc_top" (byte position 17768302): Warning: cell "VIA_via6_7_2200_2200_1_1_1960_1960" placed on top of itself.  Ignoring the extra one.
Error while reading cell "soc_top" (byte position 17775816): Warning: cell "VIA_via6_7_2200_2200_1_1_1960_1960" placed on top of itself.  Ignoring the extra one.
Error while reading cell "soc_top" (byte position 17777044): Warning: cell "VIA_via6_7_2200_2200_1_1_1960_1960" placed on top of itself.  Ignoring the extra one.
Error while reading cell "soc_top" (byte position 17777500): Warning: cell "VIA_via6_7_2200_2200_1_1_1960_1960" placed on top of itself.  Ignoring the extra one.
Error while reading cell "soc_top" (byte position 17777652): Warning: cell "VIA_via6_7_2200_2200_1_1_1960_1960" placed on top of itself.  Ignoring the extra one.
Error while reading cell "soc_top" (byte position 17779328): Warning: cell "VIA_via6_7_2200_2200_1_1_1960_1960" placed on top of itself.  Ignoring the extra one.
Error while reading cell "soc_top" (byte position 17779480): Warning: cell "VIA_via6_7_2200_2200_1_1_1960_1960" placed on top of itself.  Ignoring the extra one.
Error while reading cell "soc_top" (byte position 17779538): Warning: cell "VIA_via6_7_2200_2200_1_1_1960_1960" placed on top of itself.  Ignoring the extra one.
Error while reading cell "soc_top" (byte position 17780332): Warning: cell "VIA_via6_7_2200_2200_1_1_1960_1960" placed on top of itself.  Ignoring the extra one.
Error while reading cell "soc_top" (byte position 17780948): Warning: cell "VIA_via6_7_2200_2200_1_1_1960_1960" placed on top of itself.  Ignoring the extra one.
Error while reading cell "soc_top" (byte position 17781238): Warning: cell "VIA_via6_7_2200_2200_1_1_1960_1960" placed on top of itself.  Ignoring the extra one.
Error while reading cell "soc_top" (byte position 17781412): Warning: cell "VIA_via6_7_2200_2200_1_1_1960_1960" placed on top of itself.  Ignoring the extra one.
Error while reading cell "soc_top" (byte position 17781586): Warning: cell "VIA_via6_7_2200_2200_1_1_1960_1960" placed on top of itself.  Ignoring the extra one.
Error while reading cell "soc_top" (byte position 17781992): Warning: cell "VIA_via6_7_2200_2200_1_1_1960_1960" placed on top of itself.  Ignoring the extra one.
Error while reading cell "soc_top" (byte position 17782224): Warning: cell "VIA_via6_7_2200_2200_1_1_1960_1960" placed on top of itself.  Ignoring the extra one.
Error while reading cell "soc_top" (byte position 17782398): Warning: cell "VIA_via6_7_2200_2200_1_1_1960_1960" placed on top of itself.  Ignoring the extra one.
Error while reading cell "soc_top" (byte position 17782746): Warning: cell "VIA_via6_7_2200_2200_1_1_1960_1960" placed on top of itself.  Ignoring the extra one.
Error while reading cell "soc_top" (byte position 17784022): Warning: cell "VIA_via6_7_2200_2200_1_1_1960_1960" placed on top of itself.  Ignoring the extra one.
Error while reading cell "soc_top" (byte position 17785358): Warning: cell "VIA_via6_7_2200_2200_1_1_1960_1960" placed on top of itself.  Ignoring the extra one.
Error while reading cell "soc_top" (byte position 17785510): Warning: cell "VIA_via6_7_2200_2200_1_1_1960_1960" placed on top of itself.  Ignoring the extra one.
Error while reading cell "soc_top" (byte position 17785684): Warning: cell "VIA_via6_7_2200_2200_1_1_1960_1960" placed on top of itself.  Ignoring the extra one.
Error while reading cell "soc_top" (byte position 17785742): Warning: cell "VIA_via6_7_2200_2200_1_1_1960_1960" placed on top of itself.  Ignoring the extra one.
Error while reading cell "soc_top" (byte position 17785974): Warning: cell "VIA_via6_7_2200_2200_1_1_1960_1960" placed on top of itself.  Ignoring the extra one.
Error while reading cell "soc_top" (byte position 17786090): Warning: cell "VIA_via6_7_2200_2200_1_1_1960_1960" placed on top of itself.  Ignoring the extra one.
Error while reading cell "soc_top" (byte position 17786206): Warning: cell "VIA_via6_7_2200_2200_1_1_1960_1960" placed on top of itself.  Ignoring the extra one.
Error while reading cell "soc_top" (byte position 17786938): Warning: cell "VIA_via6_7_2200_2200_1_1_1960_1960" placed on top of itself.  Ignoring the extra one.
Error while reading cell "soc_top" (byte position 17787054): Warning: cell "VIA_via6_7_2200_2200_1_1_1960_1960" placed on top of itself.  Ignoring the extra one.
Error while reading cell "soc_top" (byte position 17787228): Warning: cell "VIA_via6_7_2200_2200_1_1_1960_1960" placed on top of itself.  Ignoring the extra one.
Error while reading cell "soc_top" (byte position 17787344): Warning: cell "VIA_via6_7_2200_2200_1_1_1960_1960" placed on top of itself.  Ignoring the extra one.
Error while reading cell "soc_top" (byte position 17787402): Warning: cell "VIA_via6_7_2200_2200_1_1_1960_1960" placed on top of itself.  Ignoring the extra one.
Error while reading cell "soc_top" (byte position 17787460): Warning: cell "VIA_via6_7_2200_2200_1_1_1960_1960" placed on top of itself.  Ignoring the extra one.
Error while reading cell "soc_top" (byte position 17787750): Warning: cell "VIA_via6_7_2200_2200_1_1_1960_1960" placed on top of itself.  Ignoring the extra one.
Error while reading cell "soc_top" (byte position 17787808): Warning: cell "VIA_via6_7_2200_2200_1_1_1960_1960" placed on top of itself.  Ignoring the extra one.
Error while reading cell "soc_top" (byte position 17808256): Warning: cell "VIA_via6_7_2200_2200_1_1_1960_1960" placed on top of itself.  Ignoring the extra one.
Error while reading cell "soc_top" (byte position 17808660): Warning: cell "VIA_via6_7_2200_2200_1_1_1960_1960" placed on top of itself.  Ignoring the extra one.
Error while reading cell "soc_top" (byte position 17810798): Warning: cell "VIA_via6_7_2200_2200_1_1_1960_1960" placed on top of itself.  Ignoring the extra one.
Error while reading cell "soc_top" (byte position 17812168): Warning: cell "VIA_via6_7_2200_2200_1_1_1960_1960" placed on top of itself.  Ignoring the extra one.
Error while reading cell "soc_top" (byte position 17813834): Warning: cell "VIA_via6_7_2200_2200_1_1_1960_1960" placed on top of itself.  Ignoring the extra one.
Error while reading cell "soc_top" (byte position 17813964): Warning: cell "VIA_via6_7_2200_2200_1_1_1960_1960" placed on top of itself.  Ignoring the extra one.
Error while reading cell "soc_top" (byte position 17814998): Warning: cell "VIA_via6_7_2200_2200_1_1_1960_1960" placed on top of itself.  Ignoring the extra one.
Error while reading cell "soc_top" (byte position 17815150): Warning: cell "VIA_via6_7_2200_2200_1_1_1960_1960" placed on top of itself.  Ignoring the extra one.
Error while reading cell "soc_top" (byte position 17816232): Warning: cell "VIA_via6_7_2200_2200_1_1_1960_1960" placed on top of itself.  Ignoring the extra one.
Error while reading cell "soc_top" (byte position 17816290): Warning: cell "VIA_via6_7_2200_2200_1_1_1960_1960" placed on top of itself.  Ignoring the extra one.
Error while reading cell "soc_top" (byte position 17816816): Warning: cell "VIA_via6_7_2200_2200_1_1_1960_1960" placed on top of itself.  Ignoring the extra one.
Error while reading cell "soc_top" (byte position 17817400): Warning: cell "VIA_via6_7_2200_2200_1_1_1960_1960" placed on top of itself.  Ignoring the extra one.
Error while reading cell "soc_top" (byte position 17819292): Warning: cell "VIA_via6_7_2200_2200_1_1_1960_1960" placed on top of itself.  Ignoring the extra one.
Error while reading cell "soc_top" (byte position 17819422): Warning: cell "VIA_via6_7_2200_2200_1_1_1960_1960" placed on top of itself.  Ignoring the extra one.
Error while reading cell "soc_top" (byte position 17820144): Warning: cell "VIA_via6_7_2200_2200_1_1_1960_1960" placed on top of itself.  Ignoring the extra one.
Error while reading cell "soc_top" (byte position 17820800): Warning: cell "VIA_via6_7_2200_2200_1_1_1960_1960" placed on top of itself.  Ignoring the extra one.
Error while reading cell "soc_top" (byte position 17821590): Warning: cell "VIA_via6_7_2200_2200_1_1_1960_1960" placed on top of itself.  Ignoring the extra one.
Error while reading cell "soc_top" (byte position 17821764): Warning: cell "VIA_via6_7_2200_2200_1_1_1960_1960" placed on top of itself.  Ignoring the extra one.
Error while reading cell "soc_top" (byte position 17821880): Warning: cell "VIA_via6_7_2200_2200_1_1_1960_1960" placed on top of itself.  Ignoring the extra one.
Error while reading cell "soc_top" (byte position 17821938): Warning: cell "VIA_via6_7_2200_2200_1_1_1960_1960" placed on top of itself.  Ignoring the extra one.
Error while reading cell "soc_top" (byte position 17822634): Warning: cell "VIA_via6_7_2200_2200_1_1_1960_1960" placed on top of itself.  Ignoring the extra one.
Error while reading cell "soc_top" (byte position 17822692): Warning: cell "VIA_via6_7_2200_2200_1_1_1960_1960" placed on top of itself.  Ignoring the extra one.
Error while reading cell "soc_top" (byte position 17822982): Warning: cell "VIA_via6_7_2200_2200_1_1_1960_1960" placed on top of itself.  Ignoring the extra one.
Error while reading cell "soc_top" (byte position 17823040): Warning: cell "VIA_via6_7_2200_2200_1_1_1960_1960" placed on top of itself.  Ignoring the extra one.
Error while reading cell "soc_top" (byte position 17826994): Warning: cell "VIA_via6_7_2200_2200_1_1_1960_1960" placed on top of itself.  Ignoring the extra one.
Error while reading cell "soc_top" (byte position 17827312): Warning: cell "VIA_via6_7_2200_2200_1_1_1960_1960" placed on top of itself.  Ignoring the extra one.
Error while reading cell "soc_top" (byte position 17827658): Warning: cell "VIA_via6_7_2200_2200_1_1_1960_1960" placed on top of itself.  Ignoring the extra one.
Error while reading cell "soc_top" (byte position 17827860): Warning: cell "VIA_via6_7_2200_2200_1_1_1960_1960" placed on top of itself.  Ignoring the extra one.
Error while reading cell "soc_top" (byte position 17828600): Warning: cell "VIA_via6_7_2200_2200_1_1_1960_1960" placed on top of itself.  Ignoring the extra one.
Error while reading cell "soc_top" (byte position 17828658): Warning: cell "VIA_via6_7_2200_2200_1_1_1960_1960" placed on top of itself.  Ignoring the extra one.
Error while reading cell "soc_top" (byte position 17829034): Warning: cell "VIA_via6_7_2200_2200_1_1_1960_1960" placed on top of itself.  Ignoring the extra one.
Error while reading cell "soc_top" (byte position 17829200): Warning: cell "VIA_via6_7_2200_2200_1_1_1960_1960" placed on top of itself.  Ignoring the extra one.
Error while reading cell "soc_top" (byte position 17830226): Warning: cell "VIA_via6_7_2200_2200_1_1_1960_1960" placed on top of itself.  Ignoring the extra one.
Error while reading cell "soc_top" (byte position 17830400): Warning: cell "VIA_via6_7_2200_2200_1_1_1960_1960" placed on top of itself.  Ignoring the extra one.
Error while reading cell "soc_top" (byte position 17830632): Warning: cell "VIA_via6_7_2200_2200_1_1_1960_1960" placed on top of itself.  Ignoring the extra one.
Error while reading cell "soc_top" (byte position 17830690): Warning: cell "VIA_via6_7_2200_2200_1_1_1960_1960" placed on top of itself.  Ignoring the extra one.
Error while reading cell "soc_top" (byte position 17830980): Warning: cell "VIA_via6_7_2200_2200_1_1_1960_1960" placed on top of itself.  Ignoring the extra one.
Error while reading cell "soc_top" (byte position 17831502): Warning: cell "VIA_via6_7_2200_2200_1_1_1960_1960" placed on top of itself.  Ignoring the extra one.
Error while reading cell "soc_top" (byte position 17831792): Warning: cell "VIA_via6_7_2200_2200_1_1_1960_1960" placed on top of itself.  Ignoring the extra one.
Error while reading cell "soc_top" (byte position 17831908): Warning: cell "VIA_via6_7_2200_2200_1_1_1960_1960" placed on top of itself.  Ignoring the extra one.
Error while reading cell "soc_top" (byte position 17840898): Warning: cell "VIA_via6_7_2200_2200_1_1_1960_1960" placed on top of itself.  Ignoring the extra one.
Error while reading cell "soc_top" (byte position 17840956): Warning: cell "VIA_via6_7_2200_2200_1_1_1960_1960" placed on top of itself.  Ignoring the extra one.
Error while reading cell "soc_top" (byte position 17841014): Warning: cell "VIA_via6_7_2200_2200_1_1_1960_1960" placed on top of itself.  Ignoring the extra one.
Error while reading cell "soc_top" (byte position 17841072): Warning: cell "VIA_via6_7_2200_2200_1_1_1960_1960" placed on top of itself.  Ignoring the extra one.
Error while reading cell "soc_top" (byte position 17841130): Warning: cell "VIA_via6_7_2200_2200_1_1_1960_1960" placed on top of itself.  Ignoring the extra one.
Error while reading cell "soc_top" (byte position 17841188): Warning: cell "VIA_via6_7_2200_2200_1_1_1960_1960" placed on top of itself.  Ignoring the extra one.
Error while reading cell "soc_top" (byte position 17841362): Warning: cell "VIA_via6_7_2200_2200_1_1_1960_1960" placed on top of itself.  Ignoring the extra one.
Error while reading cell "soc_top" (byte position 17841420): Warning: cell "VIA_via6_7_2200_2200_1_1_1960_1960" placed on top of itself.  Ignoring the extra one.
Error while reading cell "soc_top" (byte position 17841478): Warning: cell "VIA_via6_7_2200_2200_1_1_1960_1960" placed on top of itself.  Ignoring the extra one.
Error while reading cell "soc_top" (byte position 17841536): Warning: cell "VIA_via6_7_2200_2200_1_1_1960_1960" placed on top of itself.  Ignoring the extra one.
Error while reading cell "soc_top" (byte position 17841594): Warning: cell "VIA_via6_7_2200_2200_1_1_1960_1960" placed on top of itself.  Ignoring the extra one.
Error while reading cell "soc_top" (byte position 17841652): Warning: cell "VIA_via6_7_2200_2200_1_1_1960_1960" placed on top of itself.  Ignoring the extra one.
Error while reading cell "soc_top" (byte position 17841826): Warning: cell "VIA_via6_7_2200_2200_1_1_1960_1960" placed on top of itself.  Ignoring the extra one.
Error while reading cell "soc_top" (byte position 17841884): Warning: cell "VIA_via6_7_2200_2200_1_1_1960_1960" placed on top of itself.  Ignoring the extra one.
Error while reading cell "soc_top" (byte position 17841942): Warning: cell "VIA_via6_7_2200_2200_1_1_1960_1960" placed on top of itself.  Ignoring the extra one.
Error while reading cell "soc_top" (byte position 17842000): Warning: cell "VIA_via6_7_2200_2200_1_1_1960_1960" placed on top of itself.  Ignoring the extra one.
Error while reading cell "soc_top" (byte position 17843392): Warning: cell "VIA_via6_7_2200_2200_1_1_1960_1960" placed on top of itself.  Ignoring the extra one.
Error while reading cell "soc_top" (byte position 17843450): Warning: cell "VIA_via6_7_2200_2200_1_1_1960_1960" placed on top of itself.  Ignoring the extra one.
Error while reading cell "soc_top" (byte position 17843682): Warning: cell "VIA_via6_7_2200_2200_1_1_1960_1960" placed on top of itself.  Ignoring the extra one.
Error while reading cell "soc_top" (byte position 17843740): Warning: cell "VIA_via6_7_2200_2200_1_1_1960_1960" placed on top of itself.  Ignoring the extra one.
Error while reading cell "soc_top" (byte position 17843856): Warning: cell "VIA_via6_7_2200_2200_1_1_1960_1960" placed on top of itself.  Ignoring the extra one.
Error while reading cell "soc_top" (byte position 17843914): Warning: cell "VIA_via6_7_2200_2200_1_1_1960_1960" placed on top of itself.  Ignoring the extra one.
Error while reading cell "soc_top" (byte position 17844030): Warning: cell "VIA_via6_7_2200_2200_1_1_1960_1960" placed on top of itself.  Ignoring the extra one.
Error while reading cell "soc_top" (byte position 17844088): Warning: cell "VIA_via6_7_2200_2200_1_1_1960_1960" placed on top of itself.  Ignoring the extra one.
Error while reading cell "soc_top" (byte position 17844958): Warning: cell "VIA_via6_7_2200_2200_1_1_1960_1960" placed on top of itself.  Ignoring the extra one.
Error while reading cell "soc_top" (byte position 17845248): Warning: cell "VIA_via6_7_2200_2200_1_1_1960_1960" placed on top of itself.  Ignoring the extra one.
Error while reading cell "soc_top" (byte position 17845596): Warning: cell "VIA_via6_7_2200_2200_1_1_1960_1960" placed on top of itself.  Ignoring the extra one.
Error while reading cell "soc_top" (byte position 17845654): Warning: cell "VIA_via6_7_2200_2200_1_1_1960_1960" placed on top of itself.  Ignoring the extra one.
Error while reading cell "soc_top" (byte position 17845886): Warning: cell "VIA_via6_7_2200_2200_1_1_1960_1960" placed on top of itself.  Ignoring the extra one.
Error while reading cell "soc_top" (byte position 17846060): Warning: cell "VIA_via6_7_2200_2200_1_1_1960_1960" placed on top of itself.  Ignoring the extra one.
Error while reading cell "soc_top" (byte position 17846118): Warning: cell "VIA_via6_7_2200_2200_1_1_1960_1960" placed on top of itself.  Ignoring the extra one.
    5000 uses
Error while reading cell "soc_top" (byte position 17846176): Warning: cell "VIA_via6_7_2200_2200_1_1_1960_1960" placed on top of itself.  Ignoring the extra one.
Error while reading cell "soc_top" (byte position 17846756): Warning: cell "VIA_via6_7_2200_2200_1_1_1960_1960" placed on top of itself.  Ignoring the extra one.
Error while reading cell "soc_top" (byte position 17847046): Warning: cell "VIA_via6_7_2200_2200_1_1_1960_1960" placed on top of itself.  Ignoring the extra one.
Error while reading cell "soc_top" (byte position 17847104): Warning: cell "VIA_via6_7_2200_2200_1_1_1960_1960" placed on top of itself.  Ignoring the extra one.
Error while reading cell "soc_top" (byte position 17847220): Warning: cell "VIA_via6_7_2200_2200_1_1_1960_1960" placed on top of itself.  Ignoring the extra one.
Error while reading cell "soc_top" (byte position 17847858): Warning: cell "VIA_via6_7_2200_2200_1_1_1960_1960" placed on top of itself.  Ignoring the extra one.
Error while reading cell "soc_top" (byte position 17848032): Warning: cell "VIA_via6_7_2200_2200_1_1_1960_1960" placed on top of itself.  Ignoring the extra one.
Error while reading cell "soc_top" (byte position 17848380): Warning: cell "VIA_via6_7_2200_2200_1_1_1960_1960" placed on top of itself.  Ignoring the extra one.
Error while reading cell "soc_top" (byte position 17848496): Warning: cell "VIA_via6_7_2200_2200_1_1_1960_1960" placed on top of itself.  Ignoring the extra one.
Error while reading cell "soc_top" (byte position 17854368): Warning: cell "VIA_via6_7_2200_2200_1_1_1960_1960" placed on top of itself.  Ignoring the extra one.
Error while reading cell "soc_top" (byte position 17854484): Warning: cell "VIA_via6_7_2200_2200_1_1_1960_1960" placed on top of itself.  Ignoring the extra one.
Error while reading cell "soc_top" (byte position 17854600): Warning: cell "VIA_via6_7_2200_2200_1_1_1960_1960" placed on top of itself.  Ignoring the extra one.
Error while reading cell "soc_top" (byte position 17854658): Warning: cell "VIA_via6_7_2200_2200_1_1_1960_1960" placed on top of itself.  Ignoring the extra one.
Error while reading cell "soc_top" (byte position 17854716): Warning: cell "VIA_via6_7_2200_2200_1_1_1960_1960" placed on top of itself.  Ignoring the extra one.
Error while reading cell "soc_top" (byte position 17854774): Warning: cell "VIA_via6_7_2200_2200_1_1_1960_1960" placed on top of itself.  Ignoring the extra one.
Error while reading cell "soc_top" (byte position 17855122): Warning: cell "VIA_via6_7_2200_2200_1_1_1960_1960" placed on top of itself.  Ignoring the extra one.
Error while reading cell "soc_top" (byte position 17855180): Warning: cell "VIA_via6_7_2200_2200_1_1_1960_1960" placed on top of itself.  Ignoring the extra one.
Error while reading cell "soc_top" (byte position 17855238): Warning: cell "VIA_via6_7_2200_2200_1_1_1960_1960" placed on top of itself.  Ignoring the extra one.
Error while reading cell "soc_top" (byte position 17855296): Warning: cell "VIA_via6_7_2200_2200_1_1_1960_1960" placed on top of itself.  Ignoring the extra one.
Error while reading cell "soc_top" (byte position 17855644): Warning: cell "VIA_via6_7_2200_2200_1_1_1960_1960" placed on top of itself.  Ignoring the extra one.
Error while reading cell "soc_top" (byte position 17855876): Warning: cell "VIA_via6_7_2200_2200_1_1_1960_1960" placed on top of itself.  Ignoring the extra one.
Error while reading cell "soc_top" (byte position 17855934): Warning: cell "VIA_via6_7_2200_2200_1_1_1960_1960" placed on top of itself.  Ignoring the extra one.
Error while reading cell "soc_top" (byte position 17855992): Warning: cell "VIA_via6_7_2200_2200_1_1_1960_1960" placed on top of itself.  Ignoring the extra one.
Error while reading cell "soc_top" (byte position 17856050): Warning: cell "VIA_via6_7_2200_2200_1_1_1960_1960" placed on top of itself.  Ignoring the extra one.
Error while reading cell "soc_top" (byte position 17856108): Warning: cell "VIA_via6_7_2200_2200_1_1_1960_1960" placed on top of itself.  Ignoring the extra one.
Error while reading cell "soc_top" (byte position 17856724): Warning: cell "VIA_via6_7_2200_2200_1_1_1960_1960" placed on top of itself.  Ignoring the extra one.
Error while reading cell "soc_top" (byte position 17857072): Warning: cell "VIA_via6_7_2200_2200_1_1_1960_1960" placed on top of itself.  Ignoring the extra one.
Error while reading cell "soc_top" (byte position 17858364): Warning: cell "VIA_via6_7_2200_2200_1_1_1960_1960" placed on top of itself.  Ignoring the extra one.
Error while reading cell "soc_top" (byte position 17858972): Warning: cell "VIA_via6_7_2200_2200_1_1_1960_1960" placed on top of itself.  Ignoring the extra one.
Error while reading cell "soc_top" (byte position 17859854): Warning: cell "VIA_via6_7_2200_2200_1_1_1960_1960" placed on top of itself.  Ignoring the extra one.
Error while reading cell "soc_top" (byte position 17860024): Warning: cell "VIA_via6_7_2200_2200_1_1_1960_1960" placed on top of itself.  Ignoring the extra one.
Error while reading cell "soc_top" (byte position 17861028): Warning: cell "VIA_via6_7_2200_2200_1_1_1960_1960" placed on top of itself.  Ignoring the extra one.
Error while reading cell "soc_top" (byte position 17861144): Warning: cell "VIA_via6_7_2200_2200_1_1_1960_1960" placed on top of itself.  Ignoring the extra one.
Error while reading cell "soc_top" (byte position 17861898): Warning: cell "VIA_via6_7_2200_2200_1_1_1960_1960" placed on top of itself.  Ignoring the extra one.
Error while reading cell "soc_top" (byte position 17861956): Warning: cell "VIA_via6_7_2200_2200_1_1_1960_1960" placed on top of itself.  Ignoring the extra one.
Error while reading cell "soc_top" (byte position 17862014): Warning: cell "VIA_via6_7_2200_2200_1_1_1960_1960" placed on top of itself.  Ignoring the extra one.
Error while reading cell "soc_top" (byte position 17862998): Warning: cell "VIA_via6_7_2200_2200_1_1_1960_1960" placed on top of itself.  Ignoring the extra one.
Error while reading cell "soc_top" (byte position 17863056): Warning: cell "VIA_via6_7_2200_2200_1_1_1960_1960" placed on top of itself.  Ignoring the extra one.
Error while reading cell "soc_top" (byte position 17863288): Warning: cell "VIA_via6_7_2200_2200_1_1_1960_1960" placed on top of itself.  Ignoring the extra one.
Error while reading cell "soc_top" (byte position 17864224): Warning: cell "VIA_via6_7_2200_2200_1_1_1960_1960" placed on top of itself.  Ignoring the extra one.
Error while reading cell "soc_top" (byte position 17864282): Warning: cell "VIA_via6_7_2200_2200_1_1_1960_1960" placed on top of itself.  Ignoring the extra one.
Error while reading cell "soc_top" (byte position 17864340): Warning: cell "VIA_via6_7_2200_2200_1_1_1960_1960" placed on top of itself.  Ignoring the extra one.
Error while reading cell "soc_top" (byte position 17865606): Warning: cell "VIA_via6_7_2200_2200_1_1_1960_1960" placed on top of itself.  Ignoring the extra one.
Error while reading cell "soc_top" (byte position 17865664): Warning: cell "VIA_via6_7_2200_2200_1_1_1960_1960" placed on top of itself.  Ignoring the extra one.
Error while reading cell "soc_top" (byte position 17865722): Warning: cell "VIA_via6_7_2200_2200_1_1_1960_1960" placed on top of itself.  Ignoring the extra one.
Error while reading cell "soc_top" (byte position 17866490): Warning: cell "VIA_via6_7_2200_2200_1_1_1960_1960" placed on top of itself.  Ignoring the extra one.
Error while reading cell "soc_top" (byte position 17866606): Warning: cell "VIA_via6_7_2200_2200_1_1_1960_1960" placed on top of itself.  Ignoring the extra one.
Error while reading cell "soc_top" (byte position 17866896): Warning: cell "VIA_via6_7_2200_2200_1_1_1960_1960" placed on top of itself.  Ignoring the extra one.
Error while reading cell "soc_top" (byte position 17866954): Warning: cell "VIA_via6_7_2200_2200_1_1_1960_1960" placed on top of itself.  Ignoring the extra one.
Error while reading cell "soc_top" (byte position 17867128): Warning: cell "VIA_via6_7_2200_2200_1_1_1960_1960" placed on top of itself.  Ignoring the extra one.
Error while reading cell "soc_top" (byte position 17867302): Warning: cell "VIA_via6_7_2200_2200_1_1_1960_1960" placed on top of itself.  Ignoring the extra one.
Error while reading cell "soc_top" (byte position 17867476): Warning: cell "VIA_via6_7_2200_2200_1_1_1960_1960" placed on top of itself.  Ignoring the extra one.
Error while reading cell "soc_top" (byte position 17867824): Warning: cell "VIA_via6_7_2200_2200_1_1_1960_1960" placed on top of itself.  Ignoring the extra one.
Error while reading cell "soc_top" (byte position 17868520): Warning: cell "VIA_via6_7_2200_2200_1_1_1960_1960" placed on top of itself.  Ignoring the extra one.
Error while reading cell "soc_top" (byte position 17868810): Warning: cell "VIA_via6_7_2200_2200_1_1_1960_1960" placed on top of itself.  Ignoring the extra one.
Error while reading cell "soc_top" (byte position 17868868): Warning: cell "VIA_via6_7_2200_2200_1_1_1960_1960" placed on top of itself.  Ignoring the extra one.
Error while reading cell "soc_top" (byte position 17869216): Warning: cell "VIA_via6_7_2200_2200_1_1_1960_1960" placed on top of itself.  Ignoring the extra one.
Error while reading cell "soc_top" (byte position 17869390): Warning: cell "VIA_via6_7_2200_2200_1_1_1960_1960" placed on top of itself.  Ignoring the extra one.
Error while reading cell "soc_top" (byte position 17869506): Warning: cell "VIA_via6_7_2200_2200_1_1_1960_1960" placed on top of itself.  Ignoring the extra one.
Error while reading cell "soc_top" (byte position 17869564): Warning: cell "VIA_via6_7_2200_2200_1_1_1960_1960" placed on top of itself.  Ignoring the extra one.
Error while reading cell "soc_top" (byte position 17869680): Warning: cell "VIA_via6_7_2200_2200_1_1_1960_1960" placed on top of itself.  Ignoring the extra one.
Error while reading cell "soc_top" (byte position 17870434): Warning: cell "VIA_via6_7_2200_2200_1_1_1960_1960" placed on top of itself.  Ignoring the extra one.
Error while reading cell "soc_top" (byte position 17870608): Warning: cell "VIA_via6_7_2200_2200_1_1_1960_1960" placed on top of itself.  Ignoring the extra one.
Error while reading cell "soc_top" (byte position 17870782): Warning: cell "VIA_via6_7_2200_2200_1_1_1960_1960" placed on top of itself.  Ignoring the extra one.
Error while reading cell "soc_top" (byte position 17870840): Warning: cell "VIA_via6_7_2200_2200_1_1_1960_1960" placed on top of itself.  Ignoring the extra one.
Error while reading cell "soc_top" (byte position 17871362): Warning: cell "VIA_via6_7_2200_2200_1_1_1960_1960" placed on top of itself.  Ignoring the extra one.
Error while reading cell "soc_top" (byte position 17871710): Warning: cell "VIA_via6_7_2200_2200_1_1_1960_1960" placed on top of itself.  Ignoring the extra one.
Error while reading cell "soc_top" (byte position 17871884): Warning: cell "VIA_via6_7_2200_2200_1_1_1960_1960" placed on top of itself.  Ignoring the extra one.
Error while reading cell "soc_top" (byte position 17872000): Warning: cell "VIA_via6_7_2200_2200_1_1_1960_1960" placed on top of itself.  Ignoring the extra one.
Error while reading cell "soc_top" (byte position 17873566): Warning: cell "VIA_via6_7_2200_2200_1_1_1960_1960" placed on top of itself.  Ignoring the extra one.
Error while reading cell "soc_top" (byte position 17874204): Warning: cell "VIA_via6_7_2200_2200_1_1_1960_1960" placed on top of itself.  Ignoring the extra one.
Error while reading cell "soc_top" (byte position 17875132): Warning: cell "VIA_via6_7_2200_2200_1_1_1960_1960" placed on top of itself.  Ignoring the extra one.
Error while reading cell "soc_top" (byte position 17875190): Warning: cell "VIA_via6_7_2200_2200_1_1_1960_1960" placed on top of itself.  Ignoring the extra one.
Error while reading cell "soc_top" (byte position 17875364): Warning: cell "VIA_via6_7_2200_2200_1_1_1960_1960" placed on top of itself.  Ignoring the extra one.
Error while reading cell "soc_top" (byte position 17875886): Warning: cell "VIA_via6_7_2200_2200_1_1_1960_1960" placed on top of itself.  Ignoring the extra one.
Error while reading cell "soc_top" (byte position 17876002): Warning: cell "VIA_via6_7_2200_2200_1_1_1960_1960" placed on top of itself.  Ignoring the extra one.
Error while reading cell "soc_top" (byte position 17876524): Warning: cell "VIA_via6_7_2200_2200_1_1_1960_1960" placed on top of itself.  Ignoring the extra one.
Error while reading cell "soc_top" (byte position 17877104): Warning: cell "VIA_via6_7_2200_2200_1_1_1960_1960" placed on top of itself.  Ignoring the extra one.
Error while reading cell "soc_top" (byte position 17877162): Warning: cell "VIA_via6_7_2200_2200_1_1_1960_1960" placed on top of itself.  Ignoring the extra one.
Error while reading cell "soc_top" (byte position 17877220): Warning: cell "VIA_via6_7_2200_2200_1_1_1960_1960" placed on top of itself.  Ignoring the extra one.
Error while reading cell "soc_top" (byte position 17877278): Warning: cell "VIA_via6_7_2200_2200_1_1_1960_1960" placed on top of itself.  Ignoring the extra one.
Error while reading cell "soc_top" (byte position 17877452): Warning: cell "VIA_via6_7_2200_2200_1_1_1960_1960" placed on top of itself.  Ignoring the extra one.
Error while reading cell "soc_top" (byte position 17877510): Warning: cell "VIA_via6_7_2200_2200_1_1_1960_1960" placed on top of itself.  Ignoring the extra one.
Error while reading cell "soc_top" (byte position 17877568): Warning: cell "VIA_via6_7_2200_2200_1_1_1960_1960" placed on top of itself.  Ignoring the extra one.
Error while reading cell "soc_top" (byte position 17877626): Warning: cell "VIA_via6_7_2200_2200_1_1_1960_1960" placed on top of itself.  Ignoring the extra one.
Error while reading cell "soc_top" (byte position 17878146): Warning: cell "VIA_via6_7_2200_2200_1_1_1960_1960" placed on top of itself.  Ignoring the extra one.
Error while reading cell "soc_top" (byte position 17878982): Warning: cell "VIA_via6_7_2200_2200_1_1_1960_1960" placed on top of itself.  Ignoring the extra one.
Error while reading cell "soc_top" (byte position 17879584): Warning: cell "VIA_via6_7_2200_2200_1_1_1960_1960" placed on top of itself.  Ignoring the extra one.
Error while reading cell "soc_top" (byte position 17880062): Warning: cell "VIA_via6_7_2200_2200_1_1_1960_1960" placed on top of itself.  Ignoring the extra one.
Error while reading cell "soc_top" (byte position 17880858): Warning: cell "VIA_via6_7_2200_2200_1_1_1960_1960" placed on top of itself.  Ignoring the extra one.
Error while reading cell "soc_top" (byte position 17881552): Warning: cell "VIA_via6_7_2200_2200_1_1_1960_1960" placed on top of itself.  Ignoring the extra one.
Error while reading cell "soc_top" (byte position 17882128): Warning: cell "VIA_via6_7_2200_2200_1_1_1960_1960" placed on top of itself.  Ignoring the extra one.
Error while reading cell "soc_top" (byte position 17882660): Warning: cell "VIA_via6_7_2200_2200_1_1_1960_1960" placed on top of itself.  Ignoring the extra one.
Error while reading cell "soc_top" (byte position 17883548): Warning: cell "VIA_via6_7_2200_2200_1_1_1960_1960" placed on top of itself.  Ignoring the extra one.
Error while reading cell "soc_top" (byte position 17886234): Warning: cell "VIA_via6_7_2200_2200_1_1_1960_1960" placed on top of itself.  Ignoring the extra one.
Error while reading cell "soc_top" (byte position 17888354): Warning: cell "VIA_via6_7_2200_2200_1_1_1960_1960" placed on top of itself.  Ignoring the extra one.
Error while reading cell "soc_top" (byte position 17889148): Warning: cell "VIA_via6_7_2200_2200_1_1_1960_1960" placed on top of itself.  Ignoring the extra one.
Error while reading cell "soc_top" (byte position 17891898): Warning: cell "VIA_via6_7_2200_2200_1_1_1960_1960" placed on top of itself.  Ignoring the extra one.
Error while reading cell "soc_top" (byte position 17892482): Warning: cell "VIA_via6_7_2200_2200_1_1_1960_1960" placed on top of itself.  Ignoring the extra one.
Error while reading cell "soc_top" (byte position 17895836): Warning: cell "VIA_via6_7_2200_2200_1_1_1960_1960" placed on top of itself.  Ignoring the extra one.
Error while reading cell "soc_top" (byte position 17896706): Warning: cell "VIA_via6_7_2200_2200_1_1_1960_1960" placed on top of itself.  Ignoring the extra one.
Error while reading cell "soc_top" (byte position 17896822): Warning: cell "VIA_via6_7_2200_2200_1_1_1960_1960" placed on top of itself.  Ignoring the extra one.
Error while reading cell "soc_top" (byte position 17897634): Warning: cell "VIA_via6_7_2200_2200_1_1_1960_1960" placed on top of itself.  Ignoring the extra one.
Error while reading cell "soc_top" (byte position 17897692): Warning: cell "VIA_via6_7_2200_2200_1_1_1960_1960" placed on top of itself.  Ignoring the extra one.
Error while reading cell "soc_top" (byte position 17897866): Warning: cell "VIA_via6_7_2200_2200_1_1_1960_1960" placed on top of itself.  Ignoring the extra one.
Error while reading cell "soc_top" (byte position 17897924): Warning: cell "VIA_via6_7_2200_2200_1_1_1960_1960" placed on top of itself.  Ignoring the extra one.
Error while reading cell "soc_top" (byte position 17897982): Warning: cell "VIA_via6_7_2200_2200_1_1_1960_1960" placed on top of itself.  Ignoring the extra one.
Error while reading cell "soc_top" (byte position 17898156): Warning: cell "VIA_via6_7_2200_2200_1_1_1960_1960" placed on top of itself.  Ignoring the extra one.
Error while reading cell "soc_top" (byte position 17898446): Warning: cell "VIA_via6_7_2200_2200_1_1_1960_1960" placed on top of itself.  Ignoring the extra one.
Error while reading cell "soc_top" (byte position 17898736): Warning: cell "VIA_via6_7_2200_2200_1_1_1960_1960" placed on top of itself.  Ignoring the extra one.
Error while reading cell "soc_top" (byte position 17898794): Warning: cell "VIA_via6_7_2200_2200_1_1_1960_1960" placed on top of itself.  Ignoring the extra one.
Error while reading cell "soc_top" (byte position 17899490): Warning: cell "VIA_via6_7_2200_2200_1_1_1960_1960" placed on top of itself.  Ignoring the extra one.
Error while reading cell "soc_top" (byte position 17899896): Warning: cell "VIA_via6_7_2200_2200_1_1_1960_1960" placed on top of itself.  Ignoring the extra one.
Error while reading cell "soc_top" (byte position 17899954): Warning: cell "VIA_via6_7_2200_2200_1_1_1960_1960" placed on top of itself.  Ignoring the extra one.
Error while reading cell "soc_top" (byte position 17900360): Warning: cell "VIA_via6_7_2200_2200_1_1_1960_1960" placed on top of itself.  Ignoring the extra one.
Error while reading cell "soc_top" (byte position 17901544): Warning: cell "VIA_via6_7_2200_2200_1_1_1960_1960" placed on top of itself.  Ignoring the extra one.
Error while reading cell "soc_top" (byte position 17902020): Warning: cell "VIA_via6_7_2200_2200_1_1_1960_1960" placed on top of itself.  Ignoring the extra one.
Error while reading cell "soc_top" (byte position 17905874): Warning: cell "VIA_via6_7_2200_2200_1_1_1960_1960" placed on top of itself.  Ignoring the extra one.
Error while reading cell "soc_top" (byte position 17905968): Warning: cell "VIA_via6_7_2200_2200_1_1_1960_1960" placed on top of itself.  Ignoring the extra one.
Error while reading cell "soc_top" (byte position 17910606): Warning: cell "VIA_via6_7_2200_2200_1_1_1960_1960" placed on top of itself.  Ignoring the extra one.
Error while reading cell "soc_top" (byte position 17910664): Warning: cell "VIA_via6_7_2200_2200_1_1_1960_1960" placed on top of itself.  Ignoring the extra one.
Error while reading cell "soc_top" (byte position 17910838): Warning: cell "VIA_via6_7_2200_2200_1_1_1960_1960" placed on top of itself.  Ignoring the extra one.
Error while reading cell "soc_top" (byte position 17911012): Warning: cell "VIA_via6_7_2200_2200_1_1_1960_1960" placed on top of itself.  Ignoring the extra one.
Error while reading cell "soc_top" (byte position 17911070): Warning: cell "VIA_via6_7_2200_2200_1_1_1960_1960" placed on top of itself.  Ignoring the extra one.
Error while reading cell "soc_top" (byte position 17911128): Warning: cell "VIA_via6_7_2200_2200_1_1_1960_1960" placed on top of itself.  Ignoring the extra one.
Error while reading cell "soc_top" (byte position 17911186): Warning: cell "VIA_via6_7_2200_2200_1_1_1960_1960" placed on top of itself.  Ignoring the extra one.
Error while reading cell "soc_top" (byte position 17911650): Warning: cell "VIA_via6_7_2200_2200_1_1_1960_1960" placed on top of itself.  Ignoring the extra one.
Error while reading cell "soc_top" (byte position 17911766): Warning: cell "VIA_via6_7_2200_2200_1_1_1960_1960" placed on top of itself.  Ignoring the extra one.
Error while reading cell "soc_top" (byte position 17911940): Warning: cell "VIA_via6_7_2200_2200_1_1_1960_1960" placed on top of itself.  Ignoring the extra one.
Error while reading cell "soc_top" (byte position 17912056): Warning: cell "VIA_via6_7_2200_2200_1_1_1960_1960" placed on top of itself.  Ignoring the extra one.
Error while reading cell "soc_top" (byte position 17912520): Warning: cell "VIA_via6_7_2200_2200_1_1_1960_1960" placed on top of itself.  Ignoring the extra one.
Error while reading cell "soc_top" (byte position 17912636): Warning: cell "VIA_via6_7_2200_2200_1_1_1960_1960" placed on top of itself.  Ignoring the extra one.
Error while reading cell "soc_top" (byte position 17912752): Warning: cell "VIA_via6_7_2200_2200_1_1_1960_1960" placed on top of itself.  Ignoring the extra one.
Error while reading cell "soc_top" (byte position 17912984): Warning: cell "VIA_via6_7_2200_2200_1_1_1960_1960" placed on top of itself.  Ignoring the extra one.
Error while reading cell "soc_top" (byte position 17913100): Warning: cell "VIA_via6_7_2200_2200_1_1_1960_1960" placed on top of itself.  Ignoring the extra one.
Error while reading cell "soc_top" (byte position 17915130): Warning: cell "VIA_via6_7_2200_2200_1_1_1960_1960" placed on top of itself.  Ignoring the extra one.
Error while reading cell "soc_top" (byte position 17915188): Warning: cell "VIA_via6_7_2200_2200_1_1_1960_1960" placed on top of itself.  Ignoring the extra one.
Error while reading cell "soc_top" (byte position 17915942): Warning: cell "VIA_via6_7_2200_2200_1_1_1960_1960" placed on top of itself.  Ignoring the extra one.
Error while reading cell "soc_top" (byte position 17916058): Warning: cell "VIA_via6_7_2200_2200_1_1_1960_1960" placed on top of itself.  Ignoring the extra one.
Error while reading cell "soc_top" (byte position 17916696): Warning: cell "VIA_via6_7_2200_2200_1_1_1960_1960" placed on top of itself.  Ignoring the extra one.
Error while reading cell "soc_top" (byte position 17916754): Warning: cell "VIA_via6_7_2200_2200_1_1_1960_1960" placed on top of itself.  Ignoring the extra one.
Error while reading cell "soc_top" (byte position 17916812): Warning: cell "VIA_via6_7_2200_2200_1_1_1960_1960" placed on top of itself.  Ignoring the extra one.
Error while reading cell "soc_top" (byte position 17916870): Warning: cell "VIA_via6_7_2200_2200_1_1_1960_1960" placed on top of itself.  Ignoring the extra one.
Error while reading cell "soc_top" (byte position 17916986): Warning: cell "VIA_via6_7_2200_2200_1_1_1960_1960" placed on top of itself.  Ignoring the extra one.
Error while reading cell "soc_top" (byte position 17917218): Warning: cell "VIA_via6_7_2200_2200_1_1_1960_1960" placed on top of itself.  Ignoring the extra one.
Error while reading cell "soc_top" (byte position 17917334): Warning: cell "VIA_via6_7_2200_2200_1_1_1960_1960" placed on top of itself.  Ignoring the extra one.
Error while reading cell "soc_top" (byte position 17917566): Warning: cell "VIA_via6_7_2200_2200_1_1_1960_1960" placed on top of itself.  Ignoring the extra one.
Error while reading cell "soc_top" (byte position 17917798): Warning: cell "VIA_via6_7_2200_2200_1_1_1960_1960" placed on top of itself.  Ignoring the extra one.
Error while reading cell "soc_top" (byte position 17917914): Warning: cell "VIA_via6_7_2200_2200_1_1_1960_1960" placed on top of itself.  Ignoring the extra one.
Error while reading cell "soc_top" (byte position 17919074): Warning: cell "VIA_via6_7_2200_2200_1_1_1960_1960" placed on top of itself.  Ignoring the extra one.
Error while reading cell "soc_top" (byte position 17919132): Warning: cell "VIA_via6_7_2200_2200_1_1_1960_1960" placed on top of itself.  Ignoring the extra one.
Error while reading cell "soc_top" (byte position 17920292): Warning: cell "VIA_via6_7_2200_2200_1_1_1960_1960" placed on top of itself.  Ignoring the extra one.
Error while reading cell "soc_top" (byte position 17920814): Warning: cell "VIA_via6_7_2200_2200_1_1_1960_1960" placed on top of itself.  Ignoring the extra one.
Error while reading cell "soc_top" (byte position 17921510): Warning: cell "VIA_via6_7_2200_2200_1_1_1960_1960" placed on top of itself.  Ignoring the extra one.
Error while reading cell "soc_top" (byte position 17921684): Warning: cell "VIA_via6_7_2200_2200_1_1_1960_1960" placed on top of itself.  Ignoring the extra one.
Error while reading cell "soc_top" (byte position 17921742): Warning: cell "VIA_via6_7_2200_2200_1_1_1960_1960" placed on top of itself.  Ignoring the extra one.
Error while reading cell "soc_top" (byte position 17921858): Warning: cell "VIA_via6_7_2200_2200_1_1_1960_1960" placed on top of itself.  Ignoring the extra one.
Error while reading cell "soc_top" (byte position 17922032): Warning: cell "VIA_via6_7_2200_2200_1_1_1960_1960" placed on top of itself.  Ignoring the extra one.
Error while reading cell "soc_top" (byte position 17922612): Warning: cell "VIA_via6_7_2200_2200_1_1_1960_1960" placed on top of itself.  Ignoring the extra one.
Error while reading cell "soc_top" (byte position 17922670): Warning: cell "VIA_via6_7_2200_2200_1_1_1960_1960" placed on top of itself.  Ignoring the extra one.
Error while reading cell "soc_top" (byte position 17922728): Warning: cell "VIA_via6_7_2200_2200_1_1_1960_1960" placed on top of itself.  Ignoring the extra one.
Error while reading cell "soc_top" (byte position 17922786): Warning: cell "VIA_via6_7_2200_2200_1_1_1960_1960" placed on top of itself.  Ignoring the extra one.
Error while reading cell "soc_top" (byte position 17922960): Warning: cell "VIA_via6_7_2200_2200_1_1_1960_1960" placed on top of itself.  Ignoring the extra one.
Error while reading cell "soc_top" (byte position 17923192): Warning: cell "VIA_via6_7_2200_2200_1_1_1960_1960" placed on top of itself.  Ignoring the extra one.
Error while reading cell "soc_top" (byte position 17923250): Warning: cell "VIA_via6_7_2200_2200_1_1_1960_1960" placed on top of itself.  Ignoring the extra one.
Error while reading cell "soc_top" (byte position 17923540): Warning: cell "VIA_via6_7_2200_2200_1_1_1960_1960" placed on top of itself.  Ignoring the extra one.
Error while reading cell "soc_top" (byte position 17923772): Warning: cell "VIA_via6_7_2200_2200_1_1_1960_1960" placed on top of itself.  Ignoring the extra one.
Error while reading cell "soc_top" (byte position 17924120): Warning: cell "VIA_via6_7_2200_2200_1_1_1960_1960" placed on top of itself.  Ignoring the extra one.
Error while reading cell "soc_top" (byte position 17924236): Warning: cell "VIA_via6_7_2200_2200_1_1_1960_1960" placed on top of itself.  Ignoring the extra one.
Error while reading cell "soc_top" (byte position 17924468): Warning: cell "VIA_via6_7_2200_2200_1_1_1960_1960" placed on top of itself.  Ignoring the extra one.
Error while reading cell "soc_top" (byte position 17924642): Warning: cell "VIA_via6_7_2200_2200_1_1_1960_1960" placed on top of itself.  Ignoring the extra one.
Error while reading cell "soc_top" (byte position 17926034): Warning: cell "VIA_via6_7_2200_2200_1_1_1960_1960" placed on top of itself.  Ignoring the extra one.
Error while reading cell "soc_top" (byte position 17926266): Warning: cell "VIA_via6_7_2200_2200_1_1_1960_1960" placed on top of itself.  Ignoring the extra one.
Error while reading cell "soc_top" (byte position 17926382): Warning: cell "VIA_via6_7_2200_2200_1_1_1960_1960" placed on top of itself.  Ignoring the extra one.
Error while reading cell "soc_top" (byte position 17926846): Warning: cell "VIA_via6_7_2200_2200_1_1_1960_1960" placed on top of itself.  Ignoring the extra one.
Error while reading cell "soc_top" (byte position 17926904): Warning: cell "VIA_via6_7_2200_2200_1_1_1960_1960" placed on top of itself.  Ignoring the extra one.
Error while reading cell "soc_top" (byte position 17928586): Warning: cell "VIA_via6_7_2200_2200_1_1_1960_1960" placed on top of itself.  Ignoring the extra one.
Error while reading cell "soc_top" (byte position 17928644): Warning: cell "VIA_via6_7_2200_2200_1_1_1960_1960" placed on top of itself.  Ignoring the extra one.
Error while reading cell "soc_top" (byte position 17929050): Warning: cell "VIA_via6_7_2200_2200_1_1_1960_1960" placed on top of itself.  Ignoring the extra one.
Error while reading cell "soc_top" (byte position 17929166): Warning: cell "VIA_via6_7_2200_2200_1_1_1960_1960" placed on top of itself.  Ignoring the extra one.
Error while reading cell "soc_top" (byte position 17929224): Warning: cell "VIA_via6_7_2200_2200_1_1_1960_1960" placed on top of itself.  Ignoring the extra one.
Error while reading cell "soc_top" (byte position 17929340): Warning: cell "VIA_via6_7_2200_2200_1_1_1960_1960" placed on top of itself.  Ignoring the extra one.
Error while reading cell "soc_top" (byte position 17929572): Warning: cell "VIA_via6_7_2200_2200_1_1_1960_1960" placed on top of itself.  Ignoring the extra one.
Error while reading cell "soc_top" (byte position 17930532): Warning: cell "VIA_via6_7_2200_2200_1_1_1960_1960" placed on top of itself.  Ignoring the extra one.
Error while reading cell "soc_top" (byte position 17934008): Warning: cell "VIA_via6_7_2200_2200_1_1_1960_1960" placed on top of itself.  Ignoring the extra one.
Error while reading cell "soc_top" (byte position 17934550): Warning: cell "VIA_via6_7_2200_2200_1_1_1960_1960" placed on top of itself.  Ignoring the extra one.
Error while reading cell "soc_top" (byte position 17935068): Warning: cell "VIA_via6_7_2200_2200_1_1_1960_1960" placed on top of itself.  Ignoring the extra one.
Error while reading cell "soc_top" (byte position 17935884): Warning: cell "VIA_via6_7_2200_2200_1_1_1960_1960" placed on top of itself.  Ignoring the extra one.
Error while reading cell "soc_top" (byte position 17936492): Warning: cell "VIA_via6_7_2200_2200_1_1_1960_1960" placed on top of itself.  Ignoring the extra one.
Error while reading cell "soc_top" (byte position 17937502): Warning: cell "VIA_via6_7_2200_2200_1_1_1960_1960" placed on top of itself.  Ignoring the extra one.
Error while reading cell "soc_top" (byte position 17938526): Warning: cell "VIA_via6_7_2200_2200_1_1_1960_1960" placed on top of itself.  Ignoring the extra one.
Error while reading cell "soc_top" (byte position 17939726): Warning: cell "VIA_via6_7_2200_2200_1_1_1960_1960" placed on top of itself.  Ignoring the extra one.
Error while reading cell "soc_top" (byte position 17939784): Warning: cell "VIA_via6_7_2200_2200_1_1_1960_1960" placed on top of itself.  Ignoring the extra one.
Error while reading cell "soc_top" (byte position 17947642): Warning: cell "VIA_via6_7_2200_2200_1_1_1960_1960" placed on top of itself.  Ignoring the extra one.
Error while reading cell "soc_top" (byte position 17947902): Warning: cell "VIA_via6_7_2200_2200_1_1_1960_1960" placed on top of itself.  Ignoring the extra one.
Error while reading cell "soc_top" (byte position 17947960): Warning: cell "VIA_via6_7_2200_2200_1_1_1960_1960" placed on top of itself.  Ignoring the extra one.
Error while reading cell "soc_top" (byte position 17949450): Warning: cell "VIA_via6_7_2200_2200_1_1_1960_1960" placed on top of itself.  Ignoring the extra one.
Error while reading cell "soc_top" (byte position 17949624): Warning: cell "VIA_via6_7_2200_2200_1_1_1960_1960" placed on top of itself.  Ignoring the extra one.
Error while reading cell "soc_top" (byte position 17954820): Warning: cell "VIA_via6_7_2200_2200_1_1_1960_1960" placed on top of itself.  Ignoring the extra one.
Error while reading cell "soc_top" (byte position 17956224): Warning: cell "VIA_via6_7_2200_2200_1_1_1960_1960" placed on top of itself.  Ignoring the extra one.
Error while reading cell "soc_top" (byte position 17956746): Warning: cell "VIA_via6_7_2200_2200_1_1_1960_1960" placed on top of itself.  Ignoring the extra one.
Error while reading cell "soc_top" (byte position 17957268): Warning: cell "VIA_via6_7_2200_2200_1_1_1960_1960" placed on top of itself.  Ignoring the extra one.
Error while reading cell "soc_top" (byte position 17957558): Warning: cell "VIA_via6_7_2200_2200_1_1_1960_1960" placed on top of itself.  Ignoring the extra one.
Error while reading cell "soc_top" (byte position 17957906): Warning: cell "VIA_via6_7_2200_2200_1_1_1960_1960" placed on top of itself.  Ignoring the extra one.
Error while reading cell "soc_top" (byte position 17958428): Warning: cell "VIA_via6_7_2200_2200_1_1_1960_1960" placed on top of itself.  Ignoring the extra one.
Error while reading cell "soc_top" (byte position 17958602): Warning: cell "VIA_via6_7_2200_2200_1_1_1960_1960" placed on top of itself.  Ignoring the extra one.
Error while reading cell "soc_top" (byte position 17958718): Warning: cell "VIA_via6_7_2200_2200_1_1_1960_1960" placed on top of itself.  Ignoring the extra one.
Error while reading cell "soc_top" (byte position 17958776): Warning: cell "VIA_via6_7_2200_2200_1_1_1960_1960" placed on top of itself.  Ignoring the extra one.
Error while reading cell "soc_top" (byte position 17959820): Warning: cell "VIA_via6_7_2200_2200_1_1_1960_1960" placed on top of itself.  Ignoring the extra one.
Error while reading cell "soc_top" (byte position 17959994): Warning: cell "VIA_via6_7_2200_2200_1_1_1960_1960" placed on top of itself.  Ignoring the extra one.
Error while reading cell "soc_top" (byte position 17960052): Warning: cell "VIA_via6_7_2200_2200_1_1_1960_1960" placed on top of itself.  Ignoring the extra one.
Error while reading cell "soc_top" (byte position 17960168): Warning: cell "VIA_via6_7_2200_2200_1_1_1960_1960" placed on top of itself.  Ignoring the extra one.
Error while reading cell "soc_top" (byte position 17960400): Warning: cell "VIA_via6_7_2200_2200_1_1_1960_1960" placed on top of itself.  Ignoring the extra one.
Error while reading cell "soc_top" (byte position 17960748): Warning: cell "VIA_via6_7_2200_2200_1_1_1960_1960" placed on top of itself.  Ignoring the extra one.
Error while reading cell "soc_top" (byte position 17960806): Warning: cell "VIA_via6_7_2200_2200_1_1_1960_1960" placed on top of itself.  Ignoring the extra one.
Error while reading cell "soc_top" (byte position 17961908): Warning: cell "VIA_via6_7_2200_2200_1_1_1960_1960" placed on top of itself.  Ignoring the extra one.
Error while reading cell "soc_top" (byte position 17962082): Warning: cell "VIA_via6_7_2200_2200_1_1_1960_1960" placed on top of itself.  Ignoring the extra one.
Error while reading cell "soc_top" (byte position 17962256): Warning: cell "VIA_via6_7_2200_2200_1_1_1960_1960" placed on top of itself.  Ignoring the extra one.
Error while reading cell "soc_top" (byte position 17962372): Warning: cell "VIA_via6_7_2200_2200_1_1_1960_1960" placed on top of itself.  Ignoring the extra one.
Error while reading cell "soc_top" (byte position 17962778): Warning: cell "VIA_via6_7_2200_2200_1_1_1960_1960" placed on top of itself.  Ignoring the extra one.
Error while reading cell "soc_top" (byte position 17963184): Warning: cell "VIA_via6_7_2200_2200_1_1_1960_1960" placed on top of itself.  Ignoring the extra one.
Error while reading cell "soc_top" (byte position 17963474): Warning: cell "VIA_via6_7_2200_2200_1_1_1960_1960" placed on top of itself.  Ignoring the extra one.
Error while reading cell "soc_top" (byte position 17963590): Warning: cell "VIA_via6_7_2200_2200_1_1_1960_1960" placed on top of itself.  Ignoring the extra one.
Error while reading cell "soc_top" (byte position 17964808): Warning: cell "VIA_via6_7_2200_2200_1_1_1960_1960" placed on top of itself.  Ignoring the extra one.
Error while reading cell "soc_top" (byte position 17965040): Warning: cell "VIA_via6_7_2200_2200_1_1_1960_1960" placed on top of itself.  Ignoring the extra one.
Error while reading cell "soc_top" (byte position 17965156): Warning: cell "VIA_via6_7_2200_2200_1_1_1960_1960" placed on top of itself.  Ignoring the extra one.
Error while reading cell "soc_top" (byte position 17965272): Warning: cell "VIA_via6_7_2200_2200_1_1_1960_1960" placed on top of itself.  Ignoring the extra one.
Error while reading cell "soc_top" (byte position 17966026): Warning: cell "VIA_via6_7_2200_2200_1_1_1960_1960" placed on top of itself.  Ignoring the extra one.
Error while reading cell "soc_top" (byte position 17966142): Warning: cell "VIA_via6_7_2200_2200_1_1_1960_1960" placed on top of itself.  Ignoring the extra one.
Error while reading cell "soc_top" (byte position 17966432): Warning: cell "VIA_via6_7_2200_2200_1_1_1960_1960" placed on top of itself.  Ignoring the extra one.
Error while reading cell "soc_top" (byte position 17966548): Warning: cell "VIA_via6_7_2200_2200_1_1_1960_1960" placed on top of itself.  Ignoring the extra one.
Error while reading cell "soc_top" (byte position 17967360): Warning: cell "VIA_via6_7_2200_2200_1_1_1960_1960" placed on top of itself.  Ignoring the extra one.
Error while reading cell "soc_top" (byte position 17967860): Warning: cell "VIA_via6_7_2200_2200_1_1_1960_1960" placed on top of itself.  Ignoring the extra one.
Error while reading cell "soc_top" (byte position 17967976): Warning: cell "VIA_via6_7_2200_2200_1_1_1960_1960" placed on top of itself.  Ignoring the extra one.
Error while reading cell "soc_top" (byte position 17968556): Warning: cell "VIA_via6_7_2200_2200_1_1_1960_1960" placed on top of itself.  Ignoring the extra one.
Error while reading cell "soc_top" (byte position 17968962): Warning: cell "VIA_via6_7_2200_2200_1_1_1960_1960" placed on top of itself.  Ignoring the extra one.
Error while reading cell "soc_top" (byte position 17969600): Warning: cell "VIA_via6_7_2200_2200_1_1_1960_1960" placed on top of itself.  Ignoring the extra one.
Error while reading cell "soc_top" (byte position 17969658): Warning: cell "VIA_via6_7_2200_2200_1_1_1960_1960" placed on top of itself.  Ignoring the extra one.
Error while reading cell "soc_top" (byte position 17970122): Warning: cell "VIA_via6_7_2200_2200_1_1_1960_1960" placed on top of itself.  Ignoring the extra one.
Error while reading cell "soc_top" (byte position 18017310): Warning: cell "VIA_via6_7_2200_2200_1_1_1960_1960" placed on top of itself.  Ignoring the extra one.
Error while reading cell "soc_top" (byte position 18018006): Warning: cell "VIA_via6_7_2200_2200_1_1_1960_1960" placed on top of itself.  Ignoring the extra one.
Error while reading cell "soc_top" (byte position 18054852): Warning: cell "VIA_via6_7_2200_2200_1_1_1960_1960" placed on top of itself.  Ignoring the extra one.
Error while reading cell "soc_top" (byte position 18057208): Warning: cell "VIA_via6_7_2200_2200_1_1_1960_1960" placed on top of itself.  Ignoring the extra one.
Error while reading cell "soc_top" (byte position 18062100): Warning: cell "VIA_via6_7_2200_2200_1_1_1960_1960" placed on top of itself.  Ignoring the extra one.
Error while reading cell "soc_top" (byte position 18065834): Warning: cell "VIA_via6_7_2200_2200_1_1_1960_1960" placed on top of itself.  Ignoring the extra one.
    10000 uses
[INFO] Loading soc_top

DRC style is now "drc(full)"
Loading DRC CIF style.
[INFO] COUNT: 327336
[INFO] Should be divided by 3 or 4
[INFO] DRC Checking DONE (/home/jaikrishn/Documents/hardware/picorv32_axi4lite_port/phyisical_design/runs/run_2/58-magic-drc/reports/drc.magic.rpt)
[INFO] Saving mag view with DRC errors (/home/jaikrishn/Documents/hardware/picorv32_axi4lite_port/phyisical_design/runs/run_2/58-magic-drc/views/soc_top.drc.mag)
[INFO] Saved
