Clock: clk_i
Sources: clk_i 
Generated: no
Virtual: yes
Propagated: no
Period: 10.000000

===========================================================================
report_clock_properties
============================================================================
Clock                   Period          Waveform
----------------------------------------------------
clk_i                10.000000    0.000000  5.000000

===========================================================================
report_clock_latency
============================================================================
Clock clk_i
rise -> rise
    min     max
0.000000 0.000000 source latency
0.394820         network latency _14355_/CLK
        0.431749 network latency _14445_/CLK
---------------
0.394820 0.431749 latency
        0.036929 skew

fall -> fall
    min     max
0.000000 0.000000 source latency
0.402191         network latency _14355_/CLK
        0.437506 network latency _14445_/CLK
---------------
0.402191 0.437506 latency
        0.035316 skew



===========================================================================
report_clock_min_period
============================================================================
clk_i period_min = 4.66 fmax = 214.65
