Clock: clk_i
Sources: clk_i 
Generated: no
Virtual: yes
Propagated: no
Period: 10.000000

===========================================================================
report_clock_properties
============================================================================
Clock                   Period          Waveform
----------------------------------------------------
clk_i                10.000000    0.000000  5.000000

===========================================================================
report_clock_latency
============================================================================
Clock clk_i
rise -> rise
    min     max
0.000000 0.000000 source latency
0.497624         network latency _14906_/CLK
        0.591122 network latency _14261_/CLK
---------------
0.497624 0.591122 latency
        0.093499 skew

fall -> fall
    min     max
0.000000 0.000000 source latency
0.500960         network latency _14906_/CLK
        0.591787 network latency _14261_/CLK
---------------
0.500960 0.591787 latency
        0.090826 skew



===========================================================================
report_clock_min_period
============================================================================
clk_i period_min = 6.12 fmax = 163.35
