
===========================================================================
 report_power
============================================================================
======================= nom_typ_1p20V_25C Corner ===================================

Group                    Internal    Switching      Leakage        Total
                            Power        Power        Power        Power (Watts)
------------------------------------------------------------------------
Sequential           9.204161e-03 8.648192e-04 7.153371e-07 1.006970e-02  43.2%
Combinational        4.243808e-03 5.192680e-03 1.336880e-06 9.437825e-03  40.5%
Clock                1.778288e-03 2.039111e-03 1.714279e-07 3.817570e-03  16.4%
Macro                0.000000e+00 0.000000e+00 0.000000e+00 0.000000e+00   0.0%
Pad                  0.000000e+00 0.000000e+00 0.000000e+00 0.000000e+00   0.0%
------------------------------------------------------------------------
Total                1.522628e-02 8.096618e-03 2.223624e-06 2.332512e-02 100.0%
                            65.3%        34.7%         0.0%
Writing metric power__internal__total: 0.015226280316710472
Writing metric power__switching__total: 0.00809661764651537
Writing metric power__leakage__total: 2.2236242784856586e-6
Writing metric power__total: 0.023325122892856598

