Reading timing models for corner nom_fast_1p32V_m40C…
Reading timing library for the 'nom_fast_1p32V_m40C' corner at '/home/jaikrishn/IHP-Open-PDK/ihp-sg13g2/libs.ref/sg13g2_stdcell/lib/sg13g2_stdcell_fast_1p32V_m40C.lib'…
Reading timing library for the 'nom_fast_1p32V_m40C' corner at '/home/jaikrishn/IHP-Open-PDK/ihp-sg13g2/libs.ref/sg13g2_io/lib/sg13g2_io_fast_1p32V_3p6V_m40C.lib'…
Reading timing models for corner nom_slow_1p08V_125C…
Reading timing library for the 'nom_slow_1p08V_125C' corner at '/home/jaikrishn/IHP-Open-PDK/ihp-sg13g2/libs.ref/sg13g2_stdcell/lib/sg13g2_stdcell_slow_1p08V_125C.lib'…
Reading timing library for the 'nom_slow_1p08V_125C' corner at '/home/jaikrishn/IHP-Open-PDK/ihp-sg13g2/libs.ref/sg13g2_io/lib/sg13g2_io_slow_1p08V_3p0V_125C.lib'…
Reading timing models for corner nom_typ_1p20V_25C…
Reading timing library for the 'nom_typ_1p20V_25C' corner at '/home/jaikrishn/IHP-Open-PDK/ihp-sg13g2/libs.ref/sg13g2_stdcell/lib/sg13g2_stdcell_typ_1p20V_25C.lib'…
Reading timing library for the 'nom_typ_1p20V_25C' corner at '/home/jaikrishn/IHP-Open-PDK/ihp-sg13g2/libs.ref/sg13g2_io/lib/sg13g2_io_typ_1p2V_3p3V_25C.lib'…
Reading OpenROAD database at '/home/jaikrishn/Documents/hardware/picorv32_axi4lite_port/phyisical_design/macros/picorv32/runs/run_5/34-openroad-detailedplacement/picorv32_macro.odb'…
Reading design constraints file at '/home/jaikrishn/Documents/hardware/picorv32_axi4lite_port/phyisical_design/macros/picorv32/constraint.sdc'…
[INFO] No information on clock propagation in input SDC file-- propagating all clocks.
[INFO] Configuring cts characterization…
+ configure_cts_characterization 
[INFO] Performing clock tree synthesis…
[INFO] Looking for the following net(s): clk_i
[INFO] Running Clock Tree Synthesis…
+ clock_tree_synthesis -buf_list sg13g2_buf_8 sg13g2_buf_4 sg13g2_buf_2 -root_buf sg13g2_buf_16 -sink_clustering_enable -apply_ndr half
[INFO CTS-0050] Root buffer is sg13g2_buf_16.
[INFO CTS-0051] Sink buffer is sg13g2_buf_8.
[INFO CTS-0052] The following clock buffers will be used for CTS:
                    sg13g2_buf_2
                    sg13g2_buf_4
                    sg13g2_buf_8
[INFO CTS-0049] Characterization buffer is sg13g2_buf_8.
[INFO CTS-0007] Net "clk_i" found for clock "clk_i".
[INFO CTS-0010]  Clock net "clk_i" has 1594 sinks.
[INFO CTS-0008] TritonCTS found 1 clock nets.
[INFO CTS-0097] Characterization used 3 buffer(s) types.
[INFO CTS-0201] 0 blockages from hard placement blockages and placed macros will be used.
[INFO CTS-0027] Generating H-Tree topology for net clk_i.
[INFO CTS-0028]  Total number of sinks: 1594.
[INFO CTS-0090]  Sinks will be clustered based on buffer max cap.
[INFO CTS-0030]  Number of static layers: 0.
[INFO CTS-0020]  Wire segment unit: 18900  dbu (18 um).
[INFO CTS-0206] Best clustering solution was found from clustering size of 8 and clustering diameter of 50.
[INFO CTS-0019]  Total number of sinks after clustering: 128.
[INFO CTS-0024]  Normalized sink region: [(1.69977, 6.00684), (34.4686, 35.3481)].
[INFO CTS-0025]     Width:  32.7688.
[INFO CTS-0026]     Height: 29.3413.
 Level 1
    Direction: Horizontal
    Sinks per sub-region: 64
    Sub-region size: 16.3844 X 29.3413
[INFO CTS-0034]     Segment length (rounded): 8.
 Level 2
    Direction: Vertical
    Sinks per sub-region: 32
    Sub-region size: 16.3844 X 14.6707
[INFO CTS-0034]     Segment length (rounded): 8.
 Level 3
    Direction: Horizontal
    Sinks per sub-region: 16
    Sub-region size: 8.1922 X 14.6707
[INFO CTS-0034]     Segment length (rounded): 4.
 Level 4
    Direction: Vertical
    Sinks per sub-region: 8
    Sub-region size: 8.1922 X 7.3353
[INFO CTS-0034]     Segment length (rounded): 4.
 Level 5
    Direction: Horizontal
    Sinks per sub-region: 4
    Sub-region size: 4.0961 X 7.3353
[INFO CTS-0034]     Segment length (rounded): 2.
[INFO CTS-0032]  Stop criterion found. Max number of sinks is 8.
[INFO CTS-0035]  Number of sinks covered: 128.
[INFO CTS-0018]     Created 177 clock buffers.
[INFO CTS-0012]     Minimum number of buffers in the clock path: 4.
[INFO CTS-0013]     Maximum number of buffers in the clock path: 4.
[INFO CTS-0015]     Created 177 clock nets.
[INFO CTS-0016]     Fanout distribution for the current clock = 4:32, 8:2, 9:1, 10:7, 11:14, 12:36, 13:43, 14:21, 15:4..
[INFO CTS-0017]     Max level of the clock tree: 5.
[INFO CTS-0098] Clock net "clk_i"
[INFO CTS-0099]  Sinks 1667
[INFO CTS-0100]  Leaf buffers 128
[INFO CTS-0101]  Average sink wire length 1020.11 um
[INFO CTS-0102]  Path depth 4 - 4
[INFO CTS-0207]  Dummy loads inserted 73
[INFO] Repairing long wires on clock nets…
[INFO RSZ-0058] Using max wire length 2960um.
Setting global connections for newly added cells…
[INFO] Setting global connections...
[INFO ODB-0403] 500 connections made, 0 conflicts skipped.
Updating metrics…
Cell type report:                       Count       Area
  Buffer                                   63     457.23
  Clock buffer                            186    5105.72
  Timing Repair Buffer                   1414   10338.45
  Inverter                                 71     386.47
  Clock inverter                           64     430.01
  Sequential cell                        1594   78088.15
  Multi-Input combinational cell         7545   97621.98
  Total                                 10937  192428.01
Writing OpenROAD database to '/home/jaikrishn/Documents/hardware/picorv32_axi4lite_port/phyisical_design/macros/picorv32/runs/run_5/35-openroad-cts/picorv32_macro.odb'…
Writing netlist to '/home/jaikrishn/Documents/hardware/picorv32_axi4lite_port/phyisical_design/macros/picorv32/runs/run_5/35-openroad-cts/picorv32_macro.nl.v'…
Writing powered netlist to '/home/jaikrishn/Documents/hardware/picorv32_axi4lite_port/phyisical_design/macros/picorv32/runs/run_5/35-openroad-cts/picorv32_macro.pnl.v'…
Writing layout to '/home/jaikrishn/Documents/hardware/picorv32_axi4lite_port/phyisical_design/macros/picorv32/runs/run_5/35-openroad-cts/picorv32_macro.def'…
Writing timing constraints to '/home/jaikrishn/Documents/hardware/picorv32_axi4lite_port/phyisical_design/macros/picorv32/runs/run_5/35-openroad-cts/picorv32_macro.sdc'…
[INFO] Legalizing…
+ detailed_placement -max_displacement  500 100 
Placement Analysis
---------------------------------
total displacement       1748.1 u
average displacement        0.2 u
max displacement           10.9 u
original HPWL          493106.0 u
legalized HPWL         501910.0 u
delta HPWL                    2 %

[INFO DPL-0020] Mirrored 5017 instances
[INFO DPL-0021] HPWL before          501910.0 u
[INFO DPL-0022] HPWL after           493751.3 u
[INFO DPL-0023] HPWL delta               -1.6 %
Setting global connections for newly added cells…
[INFO] Setting global connections...
[INFO ODB-0403] 0 connections made, 0 conflicts skipped.
Updating metrics…
Cell type report:                       Count       Area
  Buffer                                   63     457.23
  Clock buffer                            186    5105.72
  Timing Repair Buffer                   1414   10338.45
  Inverter                                 71     386.47
  Clock inverter                           64     430.01
  Sequential cell                        1594   78088.15
  Multi-Input combinational cell         7545   97621.98
  Total                                 10937  192428.01
Writing OpenROAD database to '/home/jaikrishn/Documents/hardware/picorv32_axi4lite_port/phyisical_design/macros/picorv32/runs/run_5/35-openroad-cts/picorv32_macro.odb'…
Writing netlist to '/home/jaikrishn/Documents/hardware/picorv32_axi4lite_port/phyisical_design/macros/picorv32/runs/run_5/35-openroad-cts/picorv32_macro.nl.v'…
Writing powered netlist to '/home/jaikrishn/Documents/hardware/picorv32_axi4lite_port/phyisical_design/macros/picorv32/runs/run_5/35-openroad-cts/picorv32_macro.pnl.v'…
Writing layout to '/home/jaikrishn/Documents/hardware/picorv32_axi4lite_port/phyisical_design/macros/picorv32/runs/run_5/35-openroad-cts/picorv32_macro.def'…
Writing timing constraints to '/home/jaikrishn/Documents/hardware/picorv32_axi4lite_port/phyisical_design/macros/picorv32/runs/run_5/35-openroad-cts/picorv32_macro.sdc'…
%OL_CREATE_REPORT cts.rpt
Total number of Clock Roots: 1.
Total number of Buffers Inserted: 177.
Total number of Clock Subnets: 177.
Total number of Sinks: 1594.
Cells used:
  sg13g2_buf_16: 33
  sg13g2_buf_8: 144
Dummys used:
  sg13g2_buf_8: 9
  sg13g2_inv_1: 31
  sg13g2_inv_2: 27
  sg13g2_inv_4: 6
%OL_END_REPORT
