2026-09-22 23:03:12 +0530: Memory Usage (422104K) : Starting running IHP-SG13G2 KLayout DRC runset on /home/jaikrishn/Documents/hardware/picorv32_axi4lite_port/phyisical_design/runs/run_2/52-klayout-streamout/soc_top.gds
2026-09-22 23:03:12 +0530: Memory Usage (422104K) : Ruby Version for klayout: 3.3.10
2026-09-22 23:03:12 +0530: Memory Usage (437020K) : Loading database to memory is complete.
2026-09-22 23:03:12 +0530: Memory Usage (437020K) : IHP-SG13G2 KLayout DRC runset output at: /home/jaikrishn/Documents/hardware/picorv32_axi4lite_port/phyisical_design/runs/run_2/59-klayout-drc/reports/drc.klayout.lyrdb
2026-09-22 23:03:12 +0530: Memory Usage (437020K) : Evaluate switches.
2026-09-22 23:03:12 +0530: Memory Usage (437020K) : tables selected: main
2026-09-22 23:03:12 +0530: Memory Usage (437020K) : KLayout will use 12 thread(s) in tiling mode.
2026-09-22 23:03:12 +0530: Memory Usage (437020K) : deep mode is enabled.
2026-09-22 23:03:12 +0530: Memory Usage (437020K) : FEOL enabled: true
2026-09-22 23:03:12 +0530: Memory Usage (437020K) : BEOL enabled: true
2026-09-22 23:03:12 +0530: Memory Usage (437020K) : OFFGRID enabled: true
2026-09-22 23:03:12 +0530: Memory Usage (437020K) : ANGLE enabled: true
2026-09-22 23:03:12 +0530: Memory Usage (437020K) : PIN enabled: true
2026-09-22 23:03:12 +0530: Memory Usage (437020K) : FORBIDDEN enabled: true
2026-09-22 23:03:12 +0530: Memory Usage (437020K) : RECOMMENDED enabled: false
2026-09-22 23:03:12 +0530: Memory Usage (437020K) : PreCheck DRC enabled: false
2026-09-22 23:03:12 +0530: Memory Usage (437020K) : CONNECTIVITY_RULES enabled: true.
2026-09-22 23:03:12 +0530: Memory Usage (437020K) : Read in polygons from layers.
2026-09-22 23:03:12 +0530: Memory Usage (445956K) : activ_drw has 838272 polygons
2026-09-22 23:03:12 +0530: Memory Usage (445956K) : activ_pin has 0 polygons
2026-09-22 23:03:12 +0530: Memory Usage (445956K) : activ_mask has 0 polygons
2026-09-22 23:03:12 +0530: Memory Usage (445956K) : activ_filler has 0 polygons
2026-09-22 23:03:12 +0530: Memory Usage (445956K) : activ_nofill has 0 polygons
2026-09-22 23:03:12 +0530: Memory Usage (445956K) : activ_opc has 0 polygons
2026-09-22 23:03:12 +0530: Memory Usage (445956K) : activ_iopc has 0 polygons
2026-09-22 23:03:12 +0530: Memory Usage (445956K) : activ_noqrc has 0 polygons
2026-09-22 23:03:12 +0530: Memory Usage (445956K) : biwind_drw has 0 polygons
2026-09-22 23:03:12 +0530: Memory Usage (445956K) : biwind_opc has 0 polygons
2026-09-22 23:03:12 +0530: Memory Usage (445956K) : pemwind_drw has 0 polygons
2026-09-22 23:03:12 +0530: Memory Usage (446468K) : gatpoly_drw has 706507 polygons
2026-09-22 23:03:12 +0530: Memory Usage (446468K) : gatpoly_pin has 0 polygons
2026-09-22 23:03:12 +0530: Memory Usage (446468K) : gatpoly_filler has 0 polygons
2026-09-22 23:03:12 +0530: Memory Usage (446468K) : gatpoly_nofill has 0 polygons
2026-09-22 23:03:12 +0530: Memory Usage (446468K) : gatpoly_opc has 0 polygons
2026-09-22 23:03:12 +0530: Memory Usage (446468K) : gatpoly_iopc has 0 polygons
2026-09-22 23:03:12 +0530: Memory Usage (446468K) : gatpoly_noqrc has 0 polygons
2026-09-22 23:03:12 +0530: Memory Usage (447108K) : cont_drw has 3016991 polygons
2026-09-22 23:03:12 +0530: Memory Usage (447108K) : cont_opc has 0 polygons
2026-09-22 23:03:12 +0530: Memory Usage (447108K) : nsd_drw has 0 polygons
2026-09-22 23:03:12 +0530: Memory Usage (447108K) : nsd_block has 0 polygons
2026-09-22 23:03:12 +0530: Memory Usage (447776K) : metal1_drw has 1340252 polygons
2026-09-22 23:03:12 +0530: Memory Usage (447904K) : metal1_pin has 231027 polygons
2026-09-22 23:03:12 +0530: Memory Usage (447904K) : metal1_mask has 0 polygons
2026-09-22 23:03:12 +0530: Memory Usage (447904K) : metal1_filler has 0 polygons
2026-09-22 23:03:12 +0530: Memory Usage (447904K) : metal1_nofill has 0 polygons
2026-09-22 23:03:12 +0530: Memory Usage (447904K) : metal1_slit has 0 polygons
2026-09-22 23:03:12 +0530: Memory Usage (448464K) : metal1_text has 215733 polygons
2026-09-22 23:03:12 +0530: Memory Usage (448464K) : metal1_opc has 0 polygons
2026-09-22 23:03:12 +0530: Memory Usage (448464K) : metal1_noqrc has 0 polygons
2026-09-22 23:03:12 +0530: Memory Usage (448464K) : metal1_res has 10 polygons
2026-09-22 23:03:12 +0530: Memory Usage (448464K) : metal1_iprobe has 0 polygons
2026-09-22 23:03:12 +0530: Memory Usage (448464K) : metal1_diffprb has 0 polygons
2026-09-22 23:03:12 +0530: Memory Usage (448464K) : passiv_drw has 0 polygons
2026-09-22 23:03:12 +0530: Memory Usage (448464K) : passiv_pin has 0 polygons
2026-09-22 23:03:12 +0530: Memory Usage (448464K) : passiv_sbump has 0 polygons
2026-09-22 23:03:12 +0530: Memory Usage (448464K) : passiv_pillar has 0 polygons
2026-09-22 23:03:12 +0530: Memory Usage (448464K) : passiv_pdl has 0 polygons
2026-09-22 23:03:12 +0530: Memory Usage (451280K) : metal2_drw has 601995 polygons
2026-09-22 23:03:12 +0530: Memory Usage (451280K) : metal2_pin has 371146 polygons
2026-09-22 23:03:12 +0530: Memory Usage (451280K) : metal2_mask has 0 polygons
2026-09-22 23:03:12 +0530: Memory Usage (451280K) : metal2_filler has 0 polygons
2026-09-22 23:03:12 +0530: Memory Usage (451280K) : metal2_nofill has 0 polygons
2026-09-22 23:03:12 +0530: Memory Usage (451280K) : metal2_slit has 0 polygons
2026-09-22 23:03:12 +0530: Memory Usage (451280K) : metal2_text has 239754 polygons
2026-09-22 23:03:12 +0530: Memory Usage (451280K) : metal2_opc has 0 polygons
2026-09-22 23:03:12 +0530: Memory Usage (451280K) : metal2_noqrc has 0 polygons
2026-09-22 23:03:12 +0530: Memory Usage (451280K) : metal2_res has 65568 polygons
2026-09-22 23:03:12 +0530: Memory Usage (451280K) : metal2_iprobe has 0 polygons
2026-09-22 23:03:12 +0530: Memory Usage (451280K) : metal2_diffprb has 0 polygons
2026-09-22 23:03:12 +0530: Memory Usage (451280K) : baspoly_drw has 0 polygons
2026-09-22 23:03:12 +0530: Memory Usage (451280K) : baspoly_pin has 0 polygons
2026-09-22 23:03:12 +0530: Memory Usage (451280K) : psd_drw has 239097 polygons
2026-09-22 23:03:12 +0530: Memory Usage (451280K) : nldb_drw has 0 polygons
2026-09-22 23:03:12 +0530: Memory Usage (451280K) : digibnd_drw has 41267 polygons
2026-09-22 23:03:12 +0530: Memory Usage (451280K) : via1_drw has 406816 polygons
2026-09-22 23:03:12 +0530: Memory Usage (451280K) : backmetal1_drw has 0 polygons
2026-09-22 23:03:12 +0530: Memory Usage (451280K) : backmetal1_pin has 0 polygons
2026-09-22 23:03:12 +0530: Memory Usage (451280K) : backmetal1_mask has 0 polygons
2026-09-22 23:03:12 +0530: Memory Usage (451280K) : backmetal1_filler has 0 polygons
2026-09-22 23:03:12 +0530: Memory Usage (451280K) : backmetal1_nofill has 0 polygons
2026-09-22 23:03:12 +0530: Memory Usage (451280K) : backmetal1_slit has 0 polygons
2026-09-22 23:03:12 +0530: Memory Usage (451280K) : backmetal1_text has 0 polygons
2026-09-22 23:03:12 +0530: Memory Usage (451280K) : backmetal1_opc has 0 polygons
2026-09-22 23:03:12 +0530: Memory Usage (451280K) : backmetal1_noqrc has 0 polygons
2026-09-22 23:03:12 +0530: Memory Usage (451280K) : backmetal1_res has 0 polygons
2026-09-22 23:03:12 +0530: Memory Usage (451280K) : backmetal1_iprobe has 0 polygons
2026-09-22 23:03:12 +0530: Memory Usage (451280K) : backmetal1_diffprb has 0 polygons
2026-09-22 23:03:12 +0530: Memory Usage (451280K) : backpassiv_drw has 0 polygons
2026-09-22 23:03:12 +0530: Memory Usage (451280K) : res_drw has 0 polygons
2026-09-22 23:03:13 +0530: Memory Usage (451280K) : sram_drw has 38016 polygons
2026-09-22 23:03:13 +0530: Memory Usage (451280K) : trans_drw has 0 polygons
2026-09-22 23:03:13 +0530: Memory Usage (451280K) : ind_drw has 0 polygons
2026-09-22 23:03:13 +0530: Memory Usage (451280K) : ind_pin has 0 polygons
2026-09-22 23:03:13 +0530: Memory Usage (451280K) : ind_text has 0 polygons
2026-09-22 23:03:13 +0530: Memory Usage (451280K) : salblock_drw has 0 polygons
2026-09-22 23:03:13 +0530: Memory Usage (451536K) : via2_drw has 223517 polygons
2026-09-22 23:03:13 +0530: Memory Usage (452944K) : metal3_drw has 258334 polygons
2026-09-22 23:03:13 +0530: Memory Usage (452944K) : metal3_pin has 173869 polygons
2026-09-22 23:03:13 +0530: Memory Usage (452944K) : metal3_mask has 0 polygons
2026-09-22 23:03:13 +0530: Memory Usage (452944K) : metal3_filler has 0 polygons
2026-09-22 23:03:13 +0530: Memory Usage (452944K) : metal3_nofill has 0 polygons
2026-09-22 23:03:13 +0530: Memory Usage (452944K) : metal3_slit has 0 polygons
2026-09-22 23:03:13 +0530: Memory Usage (452944K) : metal3_text has 103469 polygons
2026-09-22 23:03:13 +0530: Memory Usage (452944K) : metal3_opc has 0 polygons
2026-09-22 23:03:13 +0530: Memory Usage (452944K) : metal3_noqrc has 0 polygons
2026-09-22 23:03:13 +0530: Memory Usage (452944K) : metal3_res has 32960 polygons
2026-09-22 23:03:13 +0530: Memory Usage (452944K) : metal3_iprobe has 0 polygons
2026-09-22 23:03:13 +0530: Memory Usage (452944K) : metal3_diffprb has 0 polygons
2026-09-22 23:03:13 +0530: Memory Usage (453072K) : nwell_drw has 153341 polygons
2026-09-22 23:03:13 +0530: Memory Usage (453072K) : nwell_pin has 0 polygons
2026-09-22 23:03:13 +0530: Memory Usage (453072K) : nbulay_drw has 0 polygons
2026-09-22 23:03:13 +0530: Memory Usage (453072K) : nbulay_pin has 0 polygons
2026-09-22 23:03:13 +0530: Memory Usage (453072K) : nbulay_block has 0 polygons
2026-09-22 23:03:13 +0530: Memory Usage (453072K) : emwind_drw has 0 polygons
2026-09-22 23:03:13 +0530: Memory Usage (453072K) : emwind_opc has 0 polygons
2026-09-22 23:03:13 +0530: Memory Usage (453072K) : deepco_drw has 0 polygons
2026-09-22 23:03:13 +0530: Memory Usage (453072K) : deepco_drw has 0 polygons
2026-09-22 23:03:13 +0530: Memory Usage (453072K) : mim_drw has 0 polygons
2026-09-22 23:03:13 +0530: Memory Usage (453072K) : edgeseal_drw has 0 polygons
2026-09-22 23:03:13 +0530: Memory Usage (453072K) : edgeseal_bound has 0 polygons
2026-09-22 23:03:13 +0530: Memory Usage (453072K) : substrate_drw has 0 polygons
2026-09-22 23:03:13 +0530: Memory Usage (453072K) : substrate_text has 0 polygons
2026-09-22 23:03:13 +0530: Memory Usage (453072K) : dfpad_drw has 0 polygons
2026-09-22 23:03:13 +0530: Memory Usage (453072K) : dfpad_pillar has 0 polygons
2026-09-22 23:03:13 +0530: Memory Usage (453072K) : dfpad_sbump has 0 polygons
2026-09-22 23:03:13 +0530: Memory Usage (453072K) : thickgateox_drw has 0 polygons
2026-09-22 23:03:13 +0530: Memory Usage (453072K) : pldb_drw has 0 polygons
2026-09-22 23:03:13 +0530: Memory Usage (453072K) : pwell_drw has 0 polygons
2026-09-22 23:03:13 +0530: Memory Usage (453072K) : pwell_pin has 0 polygons
2026-09-22 23:03:13 +0530: Memory Usage (453072K) : pwell_block has 0 polygons
2026-09-22 23:03:13 +0530: Memory Usage (453072K) : ic_drw has 0 polygons
2026-09-22 23:03:13 +0530: Memory Usage (453072K) : via3_drw has 98037 polygons
2026-09-22 23:03:13 +0530: Memory Usage (453072K) : metal4_drw has 33819 polygons
2026-09-22 23:03:13 +0530: Memory Usage (453072K) : metal4_pin has 104 polygons
2026-09-22 23:03:13 +0530: Memory Usage (453072K) : metal4_mask has 0 polygons
2026-09-22 23:03:13 +0530: Memory Usage (453072K) : metal4_filler has 0 polygons
2026-09-22 23:03:13 +0530: Memory Usage (453072K) : metal4_nofill has 0 polygons
2026-09-22 23:03:13 +0530: Memory Usage (453072K) : metal4_slit has 0 polygons
2026-09-22 23:03:13 +0530: Memory Usage (453072K) : metal4_text has 104 polygons
2026-09-22 23:03:13 +0530: Memory Usage (453072K) : metal4_opc has 0 polygons
2026-09-22 23:03:13 +0530: Memory Usage (453072K) : metal4_noqrc has 0 polygons
2026-09-22 23:03:13 +0530: Memory Usage (453072K) : metal4_res has 0 polygons
2026-09-22 23:03:13 +0530: Memory Usage (453072K) : metal4_iprobe has 0 polygons
2026-09-22 23:03:13 +0530: Memory Usage (453072K) : metal4_diffprb has 0 polygons
2026-09-22 23:03:13 +0530: Memory Usage (453072K) : heattrans_drw has 0 polygons
2026-09-22 23:03:13 +0530: Memory Usage (453072K) : heatres_drw has 0 polygons
2026-09-22 23:03:13 +0530: Memory Usage (453072K) : pempoly_drw has 0 polygons
2026-09-22 23:03:13 +0530: Memory Usage (453072K) : fbe_drw has 0 polygons
2026-09-22 23:03:13 +0530: Memory Usage (453072K) : empoly_drw has 0 polygons
2026-09-22 23:03:13 +0530: Memory Usage (453072K) : ldmos_drw has 0 polygons
2026-09-22 23:03:13 +0530: Memory Usage (453072K) : pbiwind_drw has 0 polygons
2026-09-22 23:03:13 +0530: Memory Usage (453072K) : digisub_drw has 0 polygons
2026-09-22 23:03:13 +0530: Memory Usage (453072K) : nodrc_drw has 0 polygons
2026-09-22 23:03:13 +0530: Memory Usage (453968K) : text_drw has 399922 polygons
2026-09-22 23:03:13 +0530: Memory Usage (453968K) : via4_drw has 96012 polygons
2026-09-22 23:03:13 +0530: Memory Usage (454096K) : metal5_drw has 15338 polygons
2026-09-22 23:03:13 +0530: Memory Usage (454096K) : metal5_pin has 0 polygons
2026-09-22 23:03:13 +0530: Memory Usage (454096K) : metal5_mask has 0 polygons
2026-09-22 23:03:13 +0530: Memory Usage (454096K) : metal5_filler has 0 polygons
2026-09-22 23:03:13 +0530: Memory Usage (454096K) : metal5_nofill has 0 polygons
2026-09-22 23:03:13 +0530: Memory Usage (454096K) : metal5_slit has 0 polygons
2026-09-22 23:03:13 +0530: Memory Usage (454096K) : metal5_text has 0 polygons
2026-09-22 23:03:13 +0530: Memory Usage (454096K) : metal5_opc has 0 polygons
2026-09-22 23:03:13 +0530: Memory Usage (454096K) : metal5_noqrc has 0 polygons
2026-09-22 23:03:13 +0530: Memory Usage (454096K) : metal5_res has 0 polygons
2026-09-22 23:03:13 +0530: Memory Usage (454096K) : metal5_iprobe has 0 polygons
2026-09-22 23:03:13 +0530: Memory Usage (454096K) : metal5_diffprb has 0 polygons
2026-09-22 23:03:13 +0530: Memory Usage (454096K) : radhard_drw has 0 polygons
2026-09-22 23:03:13 +0530: Memory Usage (454096K) : memcap_drw has 0 polygons
2026-09-22 23:03:13 +0530: Memory Usage (454096K) : varicap_drw has 0 polygons
2026-09-22 23:03:13 +0530: Memory Usage (454096K) : flash_drw has 0 polygons
2026-09-22 23:03:13 +0530: Memory Usage (454096K) : intbondvia_drw has 0 polygons
2026-09-22 23:03:13 +0530: Memory Usage (454096K) : intbondmet_drw has 0 polygons
2026-09-22 23:03:13 +0530: Memory Usage (454096K) : devbondvia_drw has 0 polygons
2026-09-22 23:03:13 +0530: Memory Usage (454096K) : devbondmet_drw has 0 polygons
2026-09-22 23:03:13 +0530: Memory Usage (454096K) : devtrench_drw has 0 polygons
2026-09-22 23:03:13 +0530: Memory Usage (454096K) : redist_drw has 0 polygons
2026-09-22 23:03:13 +0530: Memory Usage (454096K) : graphbot_drw has 0 polygons
2026-09-22 23:03:13 +0530: Memory Usage (454096K) : graphtop_drw has 0 polygons
2026-09-22 23:03:13 +0530: Memory Usage (454096K) : antvia1_drw has 0 polygons
2026-09-22 23:03:13 +0530: Memory Usage (454096K) : antmetal2_drw has 0 polygons
2026-09-22 23:03:13 +0530: Memory Usage (454096K) : graphcont_drw has 0 polygons
2026-09-22 23:03:13 +0530: Memory Usage (454096K) : siwg_drw has 0 polygons
2026-09-22 23:03:13 +0530: Memory Usage (454096K) : siwg_filler has 0 polygons
2026-09-22 23:03:13 +0530: Memory Usage (454096K) : siwg_nofill has 0 polygons
2026-09-22 23:03:13 +0530: Memory Usage (454096K) : sigrating_drw has 0 polygons
2026-09-22 23:03:13 +0530: Memory Usage (454096K) : singrating_drw has 0 polygons
2026-09-22 23:03:13 +0530: Memory Usage (454096K) : graphpas_drw has 0 polygons
2026-09-22 23:03:13 +0530: Memory Usage (454096K) : emwind3_drw has 0 polygons
2026-09-22 23:03:13 +0530: Memory Usage (454096K) : emwihv3_drw has 0 polygons
2026-09-22 23:03:13 +0530: Memory Usage (454096K) : redbulay_drw has 0 polygons
2026-09-22 23:03:13 +0530: Memory Usage (454096K) : smos_drw has 0 polygons
2026-09-22 23:03:13 +0530: Memory Usage (454096K) : graphpad_drw has 0 polygons
2026-09-22 23:03:13 +0530: Memory Usage (454096K) : polimide_drw has 0 polygons
2026-09-22 23:03:13 +0530: Memory Usage (454096K) : polimide_pin has 0 polygons
2026-09-22 23:03:13 +0530: Memory Usage (454096K) : recog_drw has 0 polygons
2026-09-22 23:03:13 +0530: Memory Usage (454096K) : recog_pin has 0 polygons
2026-09-22 23:03:13 +0530: Memory Usage (454096K) : recog_esd has 0 polygons
2026-09-22 23:03:13 +0530: Memory Usage (454096K) : recog_diode has 766 polygons
2026-09-22 23:03:13 +0530: Memory Usage (454096K) : recog_tsv has 0 polygons
2026-09-22 23:03:13 +0530: Memory Usage (454096K) : recog_iprobe has 0 polygons
2026-09-22 23:03:13 +0530: Memory Usage (454096K) : recog_diffprb has 0 polygons
2026-09-22 23:03:13 +0530: Memory Usage (454096K) : recog_pillar has 0 polygons
2026-09-22 23:03:13 +0530: Memory Usage (454096K) : recog_sbump has 0 polygons
2026-09-22 23:03:13 +0530: Memory Usage (454096K) : recog_otp has 0 polygons
2026-09-22 23:03:13 +0530: Memory Usage (454096K) : recog_pdiode has 0 polygons
2026-09-22 23:03:13 +0530: Memory Usage (454096K) : recog_mom has 0 polygons
2026-09-22 23:03:13 +0530: Memory Usage (454096K) : recog_momf has 0 polygons
2026-09-22 23:03:13 +0530: Memory Usage (454096K) : recog_pcm has 0 polygons
2026-09-22 23:03:13 +0530: Memory Usage (454096K) : colopen_drw has 0 polygons
2026-09-22 23:03:13 +0530: Memory Usage (454096K) : graphmetal1_drw has 0 polygons
2026-09-22 23:03:13 +0530: Memory Usage (454096K) : graphmetal1_filler has 0 polygons
2026-09-22 23:03:13 +0530: Memory Usage (454096K) : graphmetal1_nofill has 0 polygons
2026-09-22 23:03:13 +0530: Memory Usage (454096K) : graphmetal1_slit has 0 polygons
2026-09-22 23:03:13 +0530: Memory Usage (454096K) : graphmetal1_opc has 0 polygons
2026-09-22 23:03:13 +0530: Memory Usage (454096K) : graphmet1l_drw has 0 polygons
2026-09-22 23:03:13 +0530: Memory Usage (454096K) : graphmet1l_filler has 0 polygons
2026-09-22 23:03:13 +0530: Memory Usage (454096K) : graphmet1l_nofill has 0 polygons
2026-09-22 23:03:13 +0530: Memory Usage (454096K) : graphmet1l_slit has 0 polygons
2026-09-22 23:03:13 +0530: Memory Usage (454096K) : graphmet1l_opc has 0 polygons
2026-09-22 23:03:13 +0530: Memory Usage (454096K) : extblock_drw has 0 polygons
2026-09-22 23:03:13 +0530: Memory Usage (454096K) : nldd_drw has 0 polygons
2026-09-22 23:03:13 +0530: Memory Usage (454096K) : pldd_drw has 0 polygons
2026-09-22 23:03:13 +0530: Memory Usage (454096K) : next_drw has 0 polygons
2026-09-22 23:03:13 +0530: Memory Usage (454096K) : pext_drw has 0 polygons
2026-09-22 23:03:13 +0530: Memory Usage (454096K) : nexthv_drw has 0 polygons
2026-09-22 23:03:13 +0530: Memory Usage (454096K) : pexthv_drw has 0 polygons
2026-09-22 23:03:13 +0530: Memory Usage (454096K) : graphgate_drw has 0 polygons
2026-09-22 23:03:13 +0530: Memory Usage (454096K) : sinwg_drw has 0 polygons
2026-09-22 23:03:13 +0530: Memory Usage (454096K) : sinwg_filler has 0 polygons
2026-09-22 23:03:13 +0530: Memory Usage (454096K) : sinwg_nofill has 0 polygons
2026-09-22 23:03:13 +0530: Memory Usage (454096K) : mempad_drw has 0 polygons
2026-09-22 23:03:13 +0530: Memory Usage (455248K) : topvia1_drw has 8500 polygons
2026-09-22 23:03:13 +0530: Memory Usage (455248K) : topmetal1_drw has 9565 polygons
2026-09-22 23:03:13 +0530: Memory Usage (455248K) : topmetal1_pin has 223 polygons
2026-09-22 23:03:13 +0530: Memory Usage (455248K) : topmetal1_mask has 0 polygons
2026-09-22 23:03:13 +0530: Memory Usage (455248K) : topmetal1_filler has 0 polygons
2026-09-22 23:03:13 +0530: Memory Usage (455248K) : topmetal1_nofill has 0 polygons
2026-09-22 23:03:13 +0530: Memory Usage (455248K) : topmetal1_slit has 0 polygons
2026-09-22 23:03:14 +0530: Memory Usage (455248K) : topmetal1_text has 16 polygons
2026-09-22 23:03:14 +0530: Memory Usage (455248K) : topmetal1_noqrc has 0 polygons
2026-09-22 23:03:14 +0530: Memory Usage (455248K) : topmetal1_res has 0 polygons
2026-09-22 23:03:14 +0530: Memory Usage (455248K) : topmetal1_iprobe has 0 polygons
2026-09-22 23:03:14 +0530: Memory Usage (455248K) : topmetal1_diffprb has 0 polygons
2026-09-22 23:03:14 +0530: Memory Usage (455248K) : inldpwl_drw has 0 polygons
2026-09-22 23:03:14 +0530: Memory Usage (455248K) : polyres_drw has 0 polygons
2026-09-22 23:03:14 +0530: Memory Usage (455248K) : polyres_pin has 0 polygons
2026-09-22 23:03:14 +0530: Memory Usage (455248K) : vmim_drw has 0 polygons
2026-09-22 23:03:14 +0530: Memory Usage (455248K) : nbulaycut_drw has 0 polygons
2026-09-22 23:03:14 +0530: Memory Usage (455248K) : antmetal1_drw has 0 polygons
2026-09-22 23:03:14 +0530: Memory Usage (456272K) : topvia2_drw has 5148 polygons
2026-09-22 23:03:14 +0530: Memory Usage (456400K) : topmetal2_drw has 5447 polygons
2026-09-22 23:03:14 +0530: Memory Usage (456400K) : topmetal2_pin has 149 polygons
2026-09-22 23:03:14 +0530: Memory Usage (456400K) : topmetal2_mask has 0 polygons
2026-09-22 23:03:14 +0530: Memory Usage (456400K) : topmetal2_filler has 0 polygons
2026-09-22 23:03:14 +0530: Memory Usage (456400K) : topmetal2_nofill has 0 polygons
2026-09-22 23:03:14 +0530: Memory Usage (456400K) : topmetal2_slit has 0 polygons
2026-09-22 23:03:14 +0530: Memory Usage (456400K) : topmetal2_text has 16 polygons
2026-09-22 23:03:14 +0530: Memory Usage (456400K) : topmetal2_noqrc has 0 polygons
2026-09-22 23:03:14 +0530: Memory Usage (456400K) : topmetal2_res has 0 polygons
2026-09-22 23:03:14 +0530: Memory Usage (456400K) : topmetal2_iprobe has 0 polygons
2026-09-22 23:03:14 +0530: Memory Usage (456400K) : topmetal2_diffprb has 0 polygons
2026-09-22 23:03:14 +0530: Memory Usage (456400K) : snsring_drw has 0 polygons
2026-09-22 23:03:14 +0530: Memory Usage (456400K) : sensor_drw has 0 polygons
2026-09-22 23:03:14 +0530: Memory Usage (456400K) : snsarms_drw has 0 polygons
2026-09-22 23:03:14 +0530: Memory Usage (456400K) : snscmosvia_drw has 0 polygons
2026-09-22 23:03:14 +0530: Memory Usage (456400K) : colwind_drw has 0 polygons
2026-09-22 23:03:14 +0530: Memory Usage (456400K) : flm_drw has 0 polygons
2026-09-22 23:03:14 +0530: Memory Usage (456400K) : hafniumox_drw has 0 polygons
2026-09-22 23:03:14 +0530: Memory Usage (456400K) : memvia_drw has 0 polygons
2026-09-22 23:03:14 +0530: Memory Usage (456400K) : thinfilmres_drw has 0 polygons
2026-09-22 23:03:14 +0530: Memory Usage (456400K) : rfmem_drw has 0 polygons
2026-09-22 23:03:14 +0530: Memory Usage (456400K) : norcx_drw has 0 polygons
2026-09-22 23:03:14 +0530: Memory Usage (456400K) : norcx_m2m3 has 0 polygons
2026-09-22 23:03:14 +0530: Memory Usage (456400K) : norcx_m2m4 has 0 polygons
2026-09-22 23:03:14 +0530: Memory Usage (456400K) : norcx_m2m5 has 0 polygons
2026-09-22 23:03:14 +0530: Memory Usage (456400K) : norcx_m2tm1 has 0 polygons
2026-09-22 23:03:14 +0530: Memory Usage (456400K) : norcx_m2tm2 has 0 polygons
2026-09-22 23:03:14 +0530: Memory Usage (456400K) : norcx_m3m4 has 0 polygons
2026-09-22 23:03:14 +0530: Memory Usage (456400K) : norcx_m3m5 has 0 polygons
2026-09-22 23:03:14 +0530: Memory Usage (456400K) : norcx_m3tm1 has 0 polygons
2026-09-22 23:03:14 +0530: Memory Usage (456400K) : norcx_m3tm2 has 0 polygons
2026-09-22 23:03:14 +0530: Memory Usage (456400K) : norcx_m4m5 has 0 polygons
2026-09-22 23:03:14 +0530: Memory Usage (456400K) : norcx_m4tm1 has 0 polygons
2026-09-22 23:03:14 +0530: Memory Usage (456400K) : norcx_m4tm2 has 0 polygons
2026-09-22 23:03:14 +0530: Memory Usage (456400K) : norcx_m5tm1 has 0 polygons
2026-09-22 23:03:14 +0530: Memory Usage (456400K) : norcx_m5tm2 has 0 polygons
2026-09-22 23:03:14 +0530: Memory Usage (456400K) : norcx_tm1tm2 has 0 polygons
2026-09-22 23:03:14 +0530: Memory Usage (456400K) : norcx_m1sub has 0 polygons
2026-09-22 23:03:14 +0530: Memory Usage (456400K) : norcx_m2sub has 0 polygons
2026-09-22 23:03:14 +0530: Memory Usage (456400K) : norcx_m3sub has 0 polygons
2026-09-22 23:03:14 +0530: Memory Usage (456400K) : norcx_m4sub has 0 polygons
2026-09-22 23:03:14 +0530: Memory Usage (456400K) : norcx_m5sub has 0 polygons
2026-09-22 23:03:14 +0530: Memory Usage (456400K) : norcx_tm1sub has 0 polygons
2026-09-22 23:03:14 +0530: Memory Usage (456400K) : norcx_tm2sub has 0 polygons
2026-09-22 23:03:14 +0530: Memory Usage (456400K) : snsbotvia_drw has 0 polygons
2026-09-22 23:03:14 +0530: Memory Usage (456400K) : snstopvia_drw has 0 polygons
2026-09-22 23:03:14 +0530: Memory Usage (456400K) : deepvia_drw has 0 polygons
2026-09-22 23:03:14 +0530: Memory Usage (456400K) : fgetch_drw has 0 polygons
2026-09-22 23:03:14 +0530: Memory Usage (456400K) : ctrgat_drw has 0 polygons
2026-09-22 23:03:14 +0530: Memory Usage (456400K) : fgimp_drw has 0 polygons
2026-09-22 23:03:14 +0530: Memory Usage (456400K) : emwihv_drw has 0 polygons
2026-09-22 23:03:14 +0530: Memory Usage (456400K) : lbe_drw has 0 polygons
2026-09-22 23:03:14 +0530: Memory Usage (456400K) : alcustop_drw has 0 polygons
2026-09-22 23:03:14 +0530: Memory Usage (456400K) : nometfiller_drw has 0 polygons
2026-09-22 23:03:14 +0530: Memory Usage (456400K) : prboundary_drw has 0 polygons
2026-09-22 23:03:14 +0530: Memory Usage (456400K) : exchange0_drw has 0 polygons
2026-09-22 23:03:14 +0530: Memory Usage (456400K) : exchange0_pin has 0 polygons
2026-09-22 23:03:14 +0530: Memory Usage (456400K) : exchange0_text has 0 polygons
2026-09-22 23:03:14 +0530: Memory Usage (456400K) : exchange1_drw has 0 polygons
2026-09-22 23:03:14 +0530: Memory Usage (456400K) : exchange1_pin has 0 polygons
2026-09-22 23:03:14 +0530: Memory Usage (456400K) : exchange1_text has 0 polygons
2026-09-22 23:03:14 +0530: Memory Usage (456400K) : exchange2_drw has 0 polygons
2026-09-22 23:03:14 +0530: Memory Usage (456400K) : exchange2_pin has 0 polygons
2026-09-22 23:03:14 +0530: Memory Usage (456400K) : exchange2_text has 0 polygons
2026-09-22 23:03:14 +0530: Memory Usage (456400K) : exchange3_drw has 0 polygons
2026-09-22 23:03:14 +0530: Memory Usage (456400K) : exchange3_pin has 0 polygons
2026-09-22 23:03:14 +0530: Memory Usage (456400K) : exchange3_text has 0 polygons
2026-09-22 23:03:14 +0530: Memory Usage (456400K) : exchange4_drw has 0 polygons
2026-09-22 23:03:14 +0530: Memory Usage (456400K) : exchange4_pin has 0 polygons
2026-09-22 23:03:14 +0530: Memory Usage (456400K) : exchange4_text has 0 polygons
2026-09-22 23:03:14 +0530: Memory Usage (456400K) : isonwell_drw has 0 polygons
2026-09-22 23:03:14 +0530: Memory Usage (456400K) : Total no. of polygons in the design is 9971107
2026-09-22 23:03:14 +0530: Memory Usage (456400K) : Loaded TECH DRC rules values from /home/jaikrishn/IHP-Open-PDK/ihp-sg13g2/libs.tech/klayout/python/sg13g2_pycell_lib/sg13g2_tech_mod.json
2026-09-22 23:03:14 +0530: Memory Usage (456400K) : Loaded default DRC rules values from /home/jaikrishn/IHP-Open-PDK/ihp-sg13g2/libs.tech/klayout/tech/drc/rule_decks/sg13g2_tech_default.json
2026-09-22 23:03:14 +0530: Memory Usage (456400K) : The following rules values were missing in tech json and default values were used:
2026-09-22 23:03:14 +0530: Memory Usage (456400K) :   - NW_f1_digibnd
2026-09-22 23:03:14 +0530: Memory Usage (456400K) :   - Cnt_c_digibnd
2026-09-22 23:03:14 +0530: Memory Usage (456400K) :   - Cnt_c_sram
2026-09-22 23:03:14 +0530: Memory Usage (456400K) :   - Sdiod_b
2026-09-22 23:03:14 +0530: Memory Usage (456400K) :   - Sdiod_c
2026-09-22 23:03:14 +0530: Memory Usage (463444K) : Total area of the design is 15000000.0 um^2.
2026-09-22 23:03:14 +0530: Memory Usage (463444K) : The design dimensions are 5000.0 µm * 3000.0 µm.
2026-09-22 23:03:14 +0530: Memory Usage (463444K) : Starting general IHP-SG13G2 derivations.
2026-09-22 23:03:14 +0530: Memory Usage (463444K) : Starting Pwell derivations
2026-09-22 23:03:15 +0530: Memory Usage (541520K) : Starting n-Activ derivations
2026-09-22 23:03:16 +0530: Memory Usage (598352K) : Starting p-Activ derivations
2026-09-22 23:03:17 +0530: Memory Usage (646480K) : Starting ptap derivations
2026-09-22 23:03:18 +0530: Memory Usage (697040K) : Starting ntap derivations
2026-09-22 23:03:19 +0530: Memory Usage (727248K) : Starting pact FET derivations
2026-09-22 23:03:19 +0530: Memory Usage (729936K) : Starting nact FET derivations
2026-09-22 23:03:20 +0530: Memory Usage (761680K) : Starting Gate derivations
2026-09-22 23:03:20 +0530: Memory Usage (770640K) : Starting cont/contbar general derivations
2026-09-22 23:03:26 +0530: Memory Usage (1078900K) : Starting pad general derivations
2026-09-22 23:03:26 +0530: Memory Usage (1078900K) : Starting schottky_nbl general derivations
2026-09-22 23:03:26 +0530: Memory Usage (1078900K) : Starting SVaricap general derivations
2026-09-22 23:03:27 +0530: Memory Usage (1079668K) : Starting HBT general derivations
2026-09-22 23:03:27 +0530: Memory Usage (1079668K) : Starting IHP-SG13G2 DRC connectivity related derivations.
2026-09-22 23:03:28 +0530: Memory Usage (1108084K) : Starting IHP-SG13G2 DRC connectivity setup
2026-09-22 23:03:36 +0530: Memory Usage (1108376K) : Starting IHP-SG13G2 DRC rules.
2026-09-22 23:03:36 +0530: Memory Usage (1108376K) : Running all FEOL rules
2026-09-22 23:03:36 +0530: Memory Usage (1108376K) : Running all BEOL rules
2026-09-22 23:03:36 +0530: Memory Usage (1108376K) : Running all PIN rules
2026-09-22 23:03:36 +0530: Memory Usage (1108376K) : Running all FORBIDDEN rules
2026-09-22 23:03:36 +0530: Memory Usage (1108376K) : Starting 5.1 NWell table
2026-09-22 23:03:36 +0530: Memory Usage (1108376K) : Executing rule NW.b
2026-09-22 23:03:39 +0530: Memory Usage (1152552K) : Executing rule NW.b1
2026-09-22 23:03:40 +0530: Memory Usage (1152704K) : Executing rule NW.f1
2026-09-22 23:03:40 +0530: Memory Usage (1152704K) : Executing rule NW.f1.digibnd
2026-09-22 23:03:40 +0530: Memory Usage (1152704K) : Starting 5.2 PWell:block
2026-09-22 23:03:40 +0530: Memory Usage (1152704K) : Executing rule PWB.e
2026-09-22 23:03:40 +0530: Memory Usage (1152704K) : Executing rule PWB.e1
2026-09-22 23:03:40 +0530: Memory Usage (1152704K) : Executing rule PWB.f
2026-09-22 23:03:40 +0530: Memory Usage (1152704K) : Executing rule PWB.f1
2026-09-22 23:03:40 +0530: Memory Usage (1152704K) : Starting 5.3 nBuLay table
2026-09-22 23:03:41 +0530: Memory Usage (1152704K) : Executing rule NBL.b
2026-09-22 23:03:41 +0530: Memory Usage (1152704K) : Executing rule NBL.c
2026-09-22 23:03:41 +0530: Memory Usage (1152832K) : Executing rule NBL.d
2026-09-22 23:03:41 +0530: Memory Usage (1166272K) : Executing rule NBL.e
2026-09-22 23:03:41 +0530: Memory Usage (1181376K) : Executing rule NBL.f
2026-09-22 23:03:41 +0530: Memory Usage (1181376K) : Starting 5.5. Activ table
2026-09-22 23:03:41 +0530: Memory Usage (1181376K) : Executing rule Act.a
2026-09-22 23:03:42 +0530: Memory Usage (1181376K) : Executing rule Act.b
2026-09-22 23:03:45 +0530: Memory Usage (1202308K) : Starting 5.6 Activ:filler table
2026-09-22 23:03:45 +0530: Memory Usage (1202308K) : Tiling mode is enabled for Activ:filler table.
2026-09-22 23:03:45 +0530: Memory Usage (1202308K) : Executing rule AFil.c1
2026-09-22 23:03:47 +0530: Memory Usage (1238880K) : Executing rule AFil.c
2026-09-22 23:03:53 +0530: Memory Usage (1467088K) : Executing rule AFil.d
2026-09-22 23:03:54 +0530: Memory Usage (1469136K) : Executing rule AFil.e
2026-09-22 23:03:54 +0530: Memory Usage (1469136K) : Executing rule AFil.j
2026-09-22 23:03:54 +0530: Memory Usage (1469136K) : deep mode is enabled after Activ:filler table.
2026-09-22 23:03:54 +0530: Memory Usage (1469136K) : Starting 5.7. ThickGateOx table
2026-09-22 23:03:54 +0530: Memory Usage (1469136K) : Executing rule TGO.f
2026-09-22 23:03:54 +0530: Memory Usage (1469136K) : Starting 5.8. GatPoly table
2026-09-22 23:03:54 +0530: Memory Usage (1469136K) : Executing rule Gat.a
2026-09-22 23:03:54 +0530: Memory Usage (1469136K) : Executing rule Gat.b
2026-09-22 23:03:54 +0530: Memory Usage (1469136K) : Executing rule Gat.d
2026-09-22 23:03:55 +0530: Memory Usage (1476304K) : Executing rule Gat.a1
2026-09-22 23:03:56 +0530: Memory Usage (1477144K) : Executing rule Gat.a2
2026-09-22 23:03:57 +0530: Memory Usage (1477144K) : Executing rule Gat.g
2026-09-22 23:03:57 +0530: Memory Usage (1477700K) : Starting 5.9 GatPoly:filler
2026-09-22 23:03:57 +0530: Memory Usage (1477700K) : Tiling mode is enabled for GatPoly:filler table.
2026-09-22 23:03:57 +0530: Memory Usage (1477700K) : Executing rule GFil.d
2026-09-22 23:04:06 +0530: Memory Usage (1496604K) : Executing rule GFil.e
2026-09-22 23:04:07 +0530: Memory Usage (1500060K) : Executing rule GFil.i
2026-09-22 23:04:07 +0530: Memory Usage (1500060K) : deep mode is enabled after GatPoly:filler table.
2026-09-22 23:04:07 +0530: Memory Usage (1500060K) : Starting 5.10 pSD table
2026-09-22 23:04:07 +0530: Memory Usage (1500060K) : Executing rule pSD.c1
2026-09-22 23:04:09 +0530: Memory Usage (1565084K) : Starting 5.14. Cont table
2026-09-22 23:04:09 +0530: Memory Usage (1565212K) : Executing rule Cnt.a
2026-09-22 23:04:15 +0530: Memory Usage (1832988K) : Executing rule Cnt.b
2026-09-22 23:04:16 +0530: Memory Usage (1833116K) : Executing rule Cnt.c
2026-09-22 23:04:25 +0530: Memory Usage (1895836K) : Executing rule Cnt.c.digibnd
2026-09-22 23:04:25 +0530: Memory Usage (1905052K) : Executing rule Cnt.c.SRAM
2026-09-22 23:04:25 +0530: Memory Usage (1905052K) : Executing rule Cnt.d
2026-09-22 23:04:26 +0530: Memory Usage (1913116K) : Executing rule Cnt.e
2026-09-22 23:04:27 +0530: Memory Usage (1918236K) : Executing rule Cnt.g1
2026-09-22 23:04:31 +0530: Memory Usage (1918364K) : Executing rule Cnt.g2
2026-09-22 23:04:36 +0530: Memory Usage (1944332K) : Starting 5.15. ContBar table
2026-09-22 23:04:36 +0530: Memory Usage (1944332K) : Executing rule CntB.a
2026-09-22 23:04:42 +0530: Memory Usage (1957796K) : Executing rule CntB.a1
2026-09-22 23:04:42 +0530: Memory Usage (1957796K) : Executing rule CntB.b1
2026-09-22 23:04:42 +0530: Memory Usage (1957924K) : Executing rule CntB.h1
2026-09-22 23:04:42 +0530: Memory Usage (1958052K) : Starting 6.1.3 NPN Substrate-Tie table
2026-09-22 23:04:42 +0530: Memory Usage (1958052K) : Starting 6.7 Schottky diode table
2026-09-22 23:04:42 +0530: Memory Usage (1958052K) : Executing rule Sdiod.b
2026-09-22 23:04:42 +0530: Memory Usage (1958052K) : Executing rule Sdiod.c
2026-09-22 23:04:42 +0530: Memory Usage (1958052K) : Executing rule Sdiod.d
2026-09-22 23:04:42 +0530: Memory Usage (1958052K) : Executing rule Sdiod.e
2026-09-22 23:04:42 +0530: Memory Usage (1958052K) : Starting 7.2 Latch-up table
2026-09-22 23:04:42 +0530: Memory Usage (1958052K) : Executing rule LU.b
2026-09-22 23:04:48 +0530: Memory Usage (1958052K) : Starting 5.16. Metal1 table
2026-09-22 23:04:48 +0530: Memory Usage (1958052K) : Executing rule M1.a
2026-09-22 23:04:53 +0530: Memory Usage (1958052K) : Executing rule M1.b
2026-09-22 23:05:06 +0530: Memory Usage (1978660K) : Executing rule M1.e
2026-09-22 23:06:15 +0530: Memory Usage (1978660K) : Executing rule M1.f
2026-09-22 23:06:21 +0530: Memory Usage (1978660K) : Executing rule M1.g
2026-09-22 23:06:21 +0530: Memory Usage (2044068K) : Executing rule M1.i
2026-09-22 23:06:22 +0530: Memory Usage (2075576K) : Starting 5.17 Metaln table
2026-09-22 23:06:22 +0530: Memory Usage (2075576K) : Executing rule M2.a
2026-09-22 23:06:24 +0530: Memory Usage (1999968K) : Executing rule M2.b
2026-09-22 23:06:26 +0530: Memory Usage (1999968K) : Executing rule M2.e
2026-09-22 23:06:27 +0530: Memory Usage (1999968K) : Executing rule M2.f
2026-09-22 23:06:27 +0530: Memory Usage (1999968K) : Executing rule M2.g
2026-09-22 23:06:27 +0530: Memory Usage (2008544K) : Executing rule M2.i
2026-09-22 23:06:28 +0530: Memory Usage (2026080K) : Executing rule M3.a
2026-09-22 23:06:29 +0530: Memory Usage (2026080K) : Executing rule M3.b
2026-09-22 23:06:30 +0530: Memory Usage (2032992K) : Executing rule M3.e
2026-09-22 23:06:30 +0530: Memory Usage (2033120K) : Executing rule M3.f
2026-09-22 23:06:30 +0530: Memory Usage (2033120K) : Executing rule M3.g
2026-09-22 23:06:30 +0530: Memory Usage (2033120K) : Executing rule M3.i
2026-09-22 23:06:30 +0530: Memory Usage (2033248K) : Executing rule M4.a
2026-09-22 23:06:31 +0530: Memory Usage (2033248K) : Executing rule M4.b
2026-09-22 23:06:31 +0530: Memory Usage (2033120K) : Executing rule M4.e
2026-09-22 23:06:31 +0530: Memory Usage (2033120K) : Executing rule M4.f
2026-09-22 23:06:31 +0530: Memory Usage (2033120K) : Executing rule M4.g
2026-09-22 23:06:31 +0530: Memory Usage (2033248K) : Executing rule M4.i
2026-09-22 23:06:31 +0530: Memory Usage (2033248K) : Executing rule M5.a
2026-09-22 23:06:31 +0530: Memory Usage (2033248K) : Executing rule M5.b
2026-09-22 23:06:31 +0530: Memory Usage (2033248K) : Executing rule M5.e
2026-09-22 23:06:32 +0530: Memory Usage (2033244K) : Executing rule M5.f
2026-09-22 23:06:32 +0530: Memory Usage (2033244K) : Executing rule M5.g
2026-09-22 23:06:32 +0530: Memory Usage (2033244K) : Executing rule M5.i
2026-09-22 23:06:32 +0530: Memory Usage (2033244K) : Starting 5.18 Metaln:filler table
2026-09-22 23:06:32 +0530: Memory Usage (2033244K) : Tiling mode is enabled for Metaln:filler table.
2026-09-22 23:06:32 +0530: Memory Usage (2033244K) : Executing rule M1Fil.c
2026-09-22 23:06:35 +0530: Memory Usage (2170148K) : Executing rule M1Fil.a2
2026-09-22 23:06:35 +0530: Memory Usage (2170148K) : Executing rule M2Fil.c
2026-09-22 23:06:36 +0530: Memory Usage (2187988K) : Executing rule M2Fil.a2
2026-09-22 23:06:36 +0530: Memory Usage (2187988K) : Executing rule M3Fil.c
2026-09-22 23:06:37 +0530: Memory Usage (2195156K) : Executing rule M3Fil.a2
2026-09-22 23:06:37 +0530: Memory Usage (2195156K) : Executing rule M4Fil.c
2026-09-22 23:06:37 +0530: Memory Usage (2195284K) : Executing rule M4Fil.a2
2026-09-22 23:06:37 +0530: Memory Usage (2195284K) : Executing rule M5Fil.c
2026-09-22 23:06:37 +0530: Memory Usage (2195284K) : Executing rule M5Fil.a2
2026-09-22 23:06:37 +0530: Memory Usage (2195284K) : deep mode is enabled after Metaln:filler table.
2026-09-22 23:06:37 +0530: Memory Usage (2195284K) : Starting 5.19. Via1 table
2026-09-22 23:06:37 +0530: Memory Usage (2195284K) : Starting 5.19. Via1 table derivations
2026-09-22 23:06:37 +0530: Memory Usage (2195284K) : Executing rule V1.a
2026-09-22 23:06:37 +0530: Memory Usage (2195284K) : Executing rule V1.b
2026-09-22 23:06:38 +0530: Memory Usage (2195284K) : Executing rule V1.c
2026-09-22 23:06:39 +0530: Memory Usage (2195412K) : Starting 5.20. Vian table
2026-09-22 23:06:39 +0530: Memory Usage (2195412K) : Executing rule V2.a
2026-09-22 23:06:39 +0530: Memory Usage (2195412K) : Executing rule V2.b
2026-09-22 23:06:39 +0530: Memory Usage (2195540K) : Executing rule V2.c
2026-09-22 23:06:40 +0530: Memory Usage (2195540K) : Executing rule V3.a
2026-09-22 23:06:40 +0530: Memory Usage (2195540K) : Executing rule V3.b
2026-09-22 23:06:40 +0530: Memory Usage (2195540K) : Executing rule V3.c
2026-09-22 23:06:40 +0530: Memory Usage (2195412K) : Executing rule V4.a
2026-09-22 23:06:40 +0530: Memory Usage (2195412K) : Executing rule V4.b
2026-09-22 23:06:41 +0530: Memory Usage (2195540K) : Executing rule V4.c
2026-09-22 23:06:41 +0530: Memory Usage (2195540K) : Starting 5.21. TopVia1 table
2026-09-22 23:06:41 +0530: Memory Usage (2195540K) : Executing rule TV1.a
2026-09-22 23:06:41 +0530: Memory Usage (2195540K) : Executing rule TV1.b
2026-09-22 23:06:41 +0530: Memory Usage (2195540K) : Executing rule TV1.c
2026-09-22 23:06:41 +0530: Memory Usage (2195540K) : Executing rule TV1.d
2026-09-22 23:06:41 +0530: Memory Usage (2195668K) : Starting 5.22. TopMetal1 table
2026-09-22 23:06:41 +0530: Memory Usage (2195668K) : Executing rule TM1.a
2026-09-22 23:06:41 +0530: Memory Usage (2195668K) : Executing rule TM1.b
2026-09-22 23:06:42 +0530: Memory Usage (2195668K) : Starting 5.23 TopMetal1:filler table
2026-09-22 23:06:42 +0530: Memory Usage (2195668K) : Tiling mode is enabled for TopMetal1:filler table.
2026-09-22 23:06:42 +0530: Memory Usage (2195668K) : Executing rule TM1Fil.c
2026-09-22 23:06:42 +0530: Memory Usage (2195668K) : Executing rule TM1Fil.a1
2026-09-22 23:06:42 +0530: Memory Usage (2195668K) : deep mode is enabled after TopMetal1:filler table.
2026-09-22 23:06:42 +0530: Memory Usage (2195668K) : Starting 5.24. TopVia2 table
2026-09-22 23:06:42 +0530: Memory Usage (2195668K) : Executing rule TV2.a
2026-09-22 23:06:42 +0530: Memory Usage (2195668K) : Executing rule TV2.b
2026-09-22 23:06:42 +0530: Memory Usage (2195668K) : Executing rule TV2.c
2026-09-22 23:06:42 +0530: Memory Usage (2195536K) : Executing rule TV2.d
2026-09-22 23:06:42 +0530: Memory Usage (2195664K) : Starting 5.25. TopMetal2 table
2026-09-22 23:06:42 +0530: Memory Usage (2195664K) : Executing rule TM2.a
2026-09-22 23:06:42 +0530: Memory Usage (2195664K) : Executing rule TM2.b
2026-09-22 23:06:42 +0530: Memory Usage (2195664K) : Starting 5.26 TopMetal2:filler table
2026-09-22 23:06:42 +0530: Memory Usage (2195664K) : Tiling mode is enabled for TopMetal2:filler table.
2026-09-22 23:06:42 +0530: Memory Usage (2195664K) : Executing rule TM2Fil.c
2026-09-22 23:06:42 +0530: Memory Usage (2195664K) : Executing rule TM2Fil.a1
2026-09-22 23:06:42 +0530: Memory Usage (2195664K) : deep mode is enabled after TopMetal2:filler table.
2026-09-22 23:06:42 +0530: Memory Usage (2195664K) : Starting 5.27. Passiv table
2026-09-22 23:06:42 +0530: Memory Usage (2195664K) : Executing rule Pas.a
2026-09-22 23:06:42 +0530: Memory Usage (2195664K) : Executing rule Pas.b
2026-09-22 23:06:42 +0530: Memory Usage (2195664K) : Executing rule Pas.c
2026-09-22 23:06:42 +0530: Memory Usage (2195664K) : Starting 6.9.2 Copper Pillar table
2026-09-22 23:06:42 +0530: Memory Usage (2195664K) : Executing rule Padc.a
2026-09-22 23:06:42 +0530: Memory Usage (2195664K) : Executing rule Padc.b
2026-09-22 23:06:42 +0530: Memory Usage (2195664K) : Executing rule Padc.c
2026-09-22 23:06:42 +0530: Memory Usage (2195664K) : Executing rule Padb.f
2026-09-22 23:06:42 +0530: Memory Usage (2195664K) : Starting 6.9 Pad table
2026-09-22 23:06:42 +0530: Memory Usage (2195664K) : Executing rule Pad.m
2026-09-22 23:06:42 +0530: Memory Usage (2195664K) : Executing rule Pad.i
2026-09-22 23:06:42 +0530: Memory Usage (2195664K) : Starting 6.9.1 Solder Bump
2026-09-22 23:06:42 +0530: Memory Usage (2195664K) : Executing rule Padb.a
2026-09-22 23:06:42 +0530: Memory Usage (2195664K) : Executing rule Padb.b
2026-09-22 23:06:42 +0530: Memory Usage (2195664K) : Executing rule Padb.c
2026-09-22 23:06:42 +0530: Memory Usage (2195664K) : Executing rule Padb.f
2026-09-22 23:06:43 +0530: Memory Usage (2195664K) : Executing rule Padb.d
2026-09-22 23:06:43 +0530: Memory Usage (2195664K) : Starting 6.10 Sealring table
2026-09-22 23:06:43 +0530: Memory Usage (2195664K) : Tiling mode is enabled for Seal.l rule.
2026-09-22 23:06:43 +0530: Memory Usage (2195664K) : Executing rule Seal.l
2026-09-22 23:06:43 +0530: Memory Usage (2195664K) : deep mode is enabled after Seal.l rule.
2026-09-22 23:06:43 +0530: Memory Usage (2195664K) : Executing rule Seal.n
2026-09-22 23:06:43 +0530: Memory Usage (2195664K) : Executing rule seal.b_metal1
2026-09-22 23:06:43 +0530: Memory Usage (2195664K) : Executing rule seal.b_metal2
2026-09-22 23:06:43 +0530: Memory Usage (2195664K) : Executing rule seal.b_metal3
2026-09-22 23:06:43 +0530: Memory Usage (2195664K) : Executing rule seal.b_metal4
2026-09-22 23:06:43 +0530: Memory Usage (2195664K) : Executing rule seal.b_metal5
2026-09-22 23:06:43 +0530: Memory Usage (2195664K) : Executing rule seal.b_topmetal1
2026-09-22 23:06:43 +0530: Memory Usage (2195664K) : Executing rule seal.b_topmetal2
2026-09-22 23:06:43 +0530: Memory Usage (2195664K) : Executing rule seal.b_activ
2026-09-22 23:06:43 +0530: Memory Usage (2195664K) : Executing rule seal.b_psd
2026-09-22 23:06:43 +0530: Memory Usage (2195664K) : Executing rule Seal.k
2026-09-22 23:06:43 +0530: Memory Usage (2195664K) : Executing rule Seal.m
2026-09-22 23:06:43 +0530: Memory Usage (2195664K) : Starting 6.11 MIM table
2026-09-22 23:06:43 +0530: Memory Usage (2195664K) : Executing rule MIM.c
2026-09-22 23:06:43 +0530: Memory Usage (2195664K) : Executing rule MIM.d
2026-09-22 23:06:43 +0530: Memory Usage (2195664K) : Starting 7.3 Metal Slits table
2026-09-22 23:06:43 +0530: Memory Usage (2195664K) : Executing rule Slt.e1_M1
2026-09-22 23:06:43 +0530: Memory Usage (2195664K) : Executing rule Slt.e1_M2
2026-09-22 23:06:43 +0530: Memory Usage (2195664K) : Executing rule Slt.e1_M3
2026-09-22 23:06:43 +0530: Memory Usage (2195664K) : Executing rule Slt.e1_M4
2026-09-22 23:06:43 +0530: Memory Usage (2195664K) : Executing rule Slt.e1_M5
2026-09-22 23:06:43 +0530: Memory Usage (2195664K) : Executing rule Slt.e1_TM1
2026-09-22 23:06:43 +0530: Memory Usage (2195664K) : Executing rule Slt.e1_TM2
2026-09-22 23:06:43 +0530: Memory Usage (2195664K) : Starting 9.1. LBE table
2026-09-22 23:06:43 +0530: Memory Usage (2195664K) : Executing rule LBE.a
2026-09-22 23:06:43 +0530: Memory Usage (2195664K) : Executing rule LBE.b
2026-09-22 23:06:43 +0530: Memory Usage (2195664K) : Executing rule LBE.b1
2026-09-22 23:06:43 +0530: Memory Usage (2195664K) : Executing rule LBE.c
2026-09-22 23:06:43 +0530: Memory Usage (2195664K) : Executing rule LBE.d
2026-09-22 23:06:43 +0530: Memory Usage (2195664K) : Executing rule LBE.h
2026-09-22 23:06:43 +0530: Memory Usage (2195664K) : Starting 7.4. PIN table
2026-09-22 23:06:43 +0530: Memory Usage (2195664K) : Executing rule Pin.a
2026-09-22 23:06:43 +0530: Memory Usage (2195664K) : Executing rule Pin.b
2026-09-22 23:06:43 +0530: Memory Usage (2195664K) : Executing rule Pin.e
2026-09-22 23:06:45 +0530: Memory Usage (2195664K) : Executing rule Pin.f_M2
2026-09-22 23:06:45 +0530: Memory Usage (2195528K) : Executing rule Pin.f_M3
2026-09-22 23:06:45 +0530: Memory Usage (2195528K) : Executing rule Pin.f_M4
2026-09-22 23:06:45 +0530: Memory Usage (2195528K) : Executing rule Pin.f_M5
2026-09-22 23:06:45 +0530: Memory Usage (2195528K) : Executing rule Pin.g
2026-09-22 23:06:45 +0530: Memory Usage (2195528K) : Executing rule Pin.h
2026-09-22 23:06:45 +0530: Memory Usage (2195528K) : Starting 3.1. offgrid table
2026-09-22 23:06:45 +0530: Memory Usage (2195528K) : Executing rule activ_drw_Offgrid
2026-09-22 23:06:46 +0530: Memory Usage (2195528K) : Executing rule activ_mask_Offgrid
2026-09-22 23:06:46 +0530: Memory Usage (2195528K) : Executing rule activ_filler_Offgrid
2026-09-22 23:06:46 +0530: Memory Usage (2195528K) : Executing rule activ_opc_Offgrid
2026-09-22 23:06:47 +0530: Memory Usage (2195528K) : Executing rule activ_iopc_Offgrid
2026-09-22 23:06:47 +0530: Memory Usage (2195528K) : Executing rule biwind_drw_Offgrid
2026-09-22 23:06:47 +0530: Memory Usage (2195528K) : Executing rule biwind_opc_Offgrid
2026-09-22 23:06:47 +0530: Memory Usage (2195528K) : Executing rule pemwind_drw_Offgrid
2026-09-22 23:06:47 +0530: Memory Usage (2195528K) : Executing rule gatpoly_drw_Offgrid
2026-09-22 23:06:47 +0530: Memory Usage (2195528K) : Executing rule gatpoly_filler_Offgrid
2026-09-22 23:06:47 +0530: Memory Usage (2195528K) : Executing rule gatpoly_opc_Offgrid
2026-09-22 23:06:47 +0530: Memory Usage (2195528K) : Executing rule gatpoly_iopc_Offgrid
2026-09-22 23:06:47 +0530: Memory Usage (2195528K) : Executing rule gatpoly_noqrc_Offgrid
2026-09-22 23:06:47 +0530: Memory Usage (2195528K) : Executing rule cont_drw_Offgrid
2026-09-22 23:07:03 +0530: Memory Usage (2230344K) : Executing rule cont_opc_Offgrid
2026-09-22 23:07:03 +0530: Memory Usage (2230344K) : Executing rule nsd_drw_Offgrid
2026-09-22 23:07:03 +0530: Memory Usage (2230344K) : Executing rule nsd_block_Offgrid
2026-09-22 23:07:03 +0530: Memory Usage (2230344K) : Executing rule metal1_drw_Offgrid
2026-09-22 23:07:07 +0530: Memory Usage (2230344K) : Executing rule metal1_mask_Offgrid
2026-09-22 23:07:07 +0530: Memory Usage (2230344K) : Executing rule metal1_filler_Offgrid
2026-09-22 23:07:07 +0530: Memory Usage (2230344K) : Executing rule metal1_slit_Offgrid
2026-09-22 23:07:07 +0530: Memory Usage (2230344K) : Executing rule metal1_opc_Offgrid
2026-09-22 23:07:07 +0530: Memory Usage (2230344K) : Executing rule metal1_noqrc_Offgrid
2026-09-22 23:07:07 +0530: Memory Usage (2230344K) : Executing rule metal1_res_Offgrid
2026-09-22 23:07:08 +0530: Memory Usage (2230344K) : Executing rule metal1_iprobe_Offgrid
2026-09-22 23:07:08 +0530: Memory Usage (2230344K) : Executing rule metal1_diffprb_Offgrid
2026-09-22 23:07:08 +0530: Memory Usage (2230344K) : Executing rule passiv_drw_Offgrid
2026-09-22 23:07:08 +0530: Memory Usage (2230344K) : Executing rule passiv_pillar_Offgrid
2026-09-22 23:07:08 +0530: Memory Usage (2230344K) : Executing rule passiv_sbump_Offgrid
2026-09-22 23:07:08 +0530: Memory Usage (2230344K) : Executing rule passiv_pdl_Offgrid
2026-09-22 23:07:08 +0530: Memory Usage (2230344K) : Executing rule metal2_drw_Offgrid
2026-09-22 23:07:10 +0530: Memory Usage (2230344K) : Executing rule metal2_mask_Offgrid
2026-09-22 23:07:10 +0530: Memory Usage (2230344K) : Executing rule metal2_filler_Offgrid
2026-09-22 23:07:10 +0530: Memory Usage (2230344K) : Executing rule metal2_slit_Offgrid
2026-09-22 23:07:10 +0530: Memory Usage (2230344K) : Executing rule metal2_opc_Offgrid
2026-09-22 23:07:10 +0530: Memory Usage (2230344K) : Executing rule metal2_noqrc_Offgrid
2026-09-22 23:07:10 +0530: Memory Usage (2230344K) : Executing rule metal2_res_Offgrid
2026-09-22 23:07:10 +0530: Memory Usage (2230344K) : Executing rule metal2_iprobe_Offgrid
2026-09-22 23:07:10 +0530: Memory Usage (2230344K) : Executing rule metal2_diffprb_Offgrid
2026-09-22 23:07:10 +0530: Memory Usage (2230344K) : Executing rule baspoly_drw_Offgrid
2026-09-22 23:07:10 +0530: Memory Usage (2230344K) : Executing rule psd_drw_Offgrid
2026-09-22 23:07:13 +0530: Memory Usage (2230344K) : Executing rule nldb_drw_Offgrid
2026-09-22 23:07:13 +0530: Memory Usage (2230344K) : Executing rule via1_drw_Offgrid
2026-09-22 23:07:14 +0530: Memory Usage (2234140K) : Executing rule backmetal1_drw_Offgrid
2026-09-22 23:07:14 +0530: Memory Usage (2231580K) : Executing rule backmetal1_mask_Offgrid
2026-09-22 23:07:14 +0530: Memory Usage (2231580K) : Executing rule backmetal1_filler_Offgrid
2026-09-22 23:07:14 +0530: Memory Usage (2231580K) : Executing rule backmetal1_slit_Offgrid
2026-09-22 23:07:14 +0530: Memory Usage (2231580K) : Executing rule backmetal1_opc_Offgrid
2026-09-22 23:07:14 +0530: Memory Usage (2231580K) : Executing rule backmetal1_noqrc_Offgrid
2026-09-22 23:07:14 +0530: Memory Usage (2231580K) : Executing rule backmetal1_res_Offgrid
2026-09-22 23:07:14 +0530: Memory Usage (2231580K) : Executing rule backmetal1_iprobe_Offgrid
2026-09-22 23:07:14 +0530: Memory Usage (2231580K) : Executing rule backmetal1_diffprb_Offgrid
2026-09-22 23:07:14 +0530: Memory Usage (2231580K) : Executing rule backpassiv_drw_Offgrid
2026-09-22 23:07:14 +0530: Memory Usage (2231580K) : Executing rule salblock_drw_Offgrid
2026-09-22 23:07:15 +0530: Memory Usage (2231580K) : Executing rule via2_drw_Offgrid
2026-09-22 23:07:15 +0530: Memory Usage (2232732K) : Executing rule metal3_drw_Offgrid
2026-09-22 23:07:17 +0530: Memory Usage (2227440K) : Executing rule metal3_mask_Offgrid
2026-09-22 23:07:17 +0530: Memory Usage (2227440K) : Executing rule metal3_filler_Offgrid
2026-09-22 23:07:17 +0530: Memory Usage (2227440K) : Executing rule metal3_slit_Offgrid
2026-09-22 23:07:17 +0530: Memory Usage (2227440K) : Executing rule metal3_opc_Offgrid
2026-09-22 23:07:17 +0530: Memory Usage (2227440K) : Executing rule metal3_noqrc_Offgrid
2026-09-22 23:07:17 +0530: Memory Usage (2227440K) : Executing rule metal3_res_Offgrid
2026-09-22 23:07:17 +0530: Memory Usage (2227440K) : Executing rule metal3_iprobe_Offgrid
2026-09-22 23:07:17 +0530: Memory Usage (2227440K) : Executing rule metal3_diffprb_Offgrid
2026-09-22 23:07:17 +0530: Memory Usage (2224112K) : Executing rule nwell_drw_Offgrid
2026-09-22 23:07:18 +0530: Memory Usage (2221936K) : Executing rule nbulay_drw_Offgrid
2026-09-22 23:07:18 +0530: Memory Usage (2221936K) : Executing rule nbulay_block_Offgrid
2026-09-22 23:07:18 +0530: Memory Usage (2221936K) : Executing rule pwell_drw_Offgrid
2026-09-22 23:07:18 +0530: Memory Usage (2221936K) : Executing rule pwell_block_Offgrid
2026-09-22 23:07:18 +0530: Memory Usage (2221936K) : Executing rule emwind_drw_Offgrid
2026-09-22 23:07:18 +0530: Memory Usage (2221936K) : Executing rule emwind_opc_Offgrid
2026-09-22 23:07:18 +0530: Memory Usage (2221936K) : Executing rule deepco_drw_Offgrid
2026-09-22 23:07:18 +0530: Memory Usage (2221936K) : Executing rule mim_drw_Offgrid
2026-09-22 23:07:18 +0530: Memory Usage (2221936K) : Executing rule substrate_drw_Offgrid
2026-09-22 23:07:18 +0530: Memory Usage (2221936K) : Executing rule ic_drw_Offgrid
2026-09-22 23:07:18 +0530: Memory Usage (2221936K) : Executing rule via3_drw_Offgrid
2026-09-22 23:07:19 +0530: Memory Usage (2227056K) : Executing rule pldb_drw_Offgrid
2026-09-22 23:07:19 +0530: Memory Usage (2227056K) : Executing rule metal4_drw_Offgrid
2026-09-22 23:07:19 +0530: Memory Usage (2225096K) : Executing rule metal4_mask_Offgrid
2026-09-22 23:07:20 +0530: Memory Usage (2225096K) : Executing rule metal4_filler_Offgrid
2026-09-22 23:07:20 +0530: Memory Usage (2225096K) : Executing rule metal4_slit_Offgrid
2026-09-22 23:07:20 +0530: Memory Usage (2225096K) : Executing rule metal4_opc_Offgrid
2026-09-22 23:07:20 +0530: Memory Usage (2225096K) : Executing rule metal4_noqrc_Offgrid
2026-09-22 23:07:20 +0530: Memory Usage (2225096K) : Executing rule metal4_res_Offgrid
2026-09-22 23:07:20 +0530: Memory Usage (2225096K) : Executing rule metal4_iprobe_Offgrid
2026-09-22 23:07:20 +0530: Memory Usage (2225096K) : Executing rule metal4_diffprb_Offgrid
2026-09-22 23:07:20 +0530: Memory Usage (2225096K) : Executing rule via4_drw_Offgrid
2026-09-22 23:07:20 +0530: Memory Usage (2226760K) : Executing rule metal5_drw_Offgrid
2026-09-22 23:07:21 +0530: Memory Usage (2226760K) : Executing rule metal5_mask_Offgrid
2026-09-22 23:07:21 +0530: Memory Usage (2225096K) : Executing rule metal5_filler_Offgrid
2026-09-22 23:07:21 +0530: Memory Usage (2225096K) : Executing rule metal5_slit_Offgrid
2026-09-22 23:07:21 +0530: Memory Usage (2225096K) : Executing rule metal5_opc_Offgrid
2026-09-22 23:07:21 +0530: Memory Usage (2225096K) : Executing rule metal5_noqrc_Offgrid
2026-09-22 23:07:21 +0530: Memory Usage (2225096K) : Executing rule metal5_res_Offgrid
2026-09-22 23:07:21 +0530: Memory Usage (2225096K) : Executing rule metal5_iprobe_Offgrid
2026-09-22 23:07:21 +0530: Memory Usage (2225096K) : Executing rule metal5_diffprb_Offgrid
2026-09-22 23:07:21 +0530: Memory Usage (2225096K) : Executing rule prboundary_drw_Offgrid
2026-09-22 23:07:21 +0530: Memory Usage (2225096K) : Executing rule exchange0_drw_Offgrid
2026-09-22 23:07:21 +0530: Memory Usage (2225096K) : Executing rule exchange1_drw_Offgrid
2026-09-22 23:07:21 +0530: Memory Usage (2225096K) : Executing rule exchange2_drw_Offgrid
2026-09-22 23:07:21 +0530: Memory Usage (2225096K) : Executing rule exchange3_drw_Offgrid
2026-09-22 23:07:21 +0530: Memory Usage (2224072K) : Executing rule exchange4_drw_Offgrid
2026-09-22 23:07:21 +0530: Memory Usage (2224072K) : Executing rule isonwell_drw_Offgrid
2026-09-22 23:07:21 +0530: Memory Usage (2224072K) : Executing rule thickgateox_drw_Offgrid
2026-09-22 23:07:21 +0530: Memory Usage (2224072K) : Executing rule pempoly_drw_Offgrid
2026-09-22 23:07:21 +0530: Memory Usage (2224072K) : Executing rule fbe_drw_Offgrid
2026-09-22 23:07:21 +0530: Memory Usage (2224072K) : Executing rule empoly_drw_Offgrid
2026-09-22 23:07:21 +0530: Memory Usage (2224072K) : Executing rule ldmos_drw_Offgrid
2026-09-22 23:07:21 +0530: Memory Usage (2224072K) : Executing rule pbiwind_drw_Offgrid
2026-09-22 23:07:21 +0530: Memory Usage (2224072K) : Executing rule colopen_drw_Offgrid
2026-09-22 23:07:21 +0530: Memory Usage (2224072K) : Executing rule extblock_drw_Offgrid
2026-09-22 23:07:21 +0530: Memory Usage (2224072K) : Executing rule nldd_drw_Offgrid
2026-09-22 23:07:22 +0530: Memory Usage (2224072K) : Executing rule pldd_drw_Offgrid
2026-09-22 23:07:22 +0530: Memory Usage (2224072K) : Executing rule next_drw_Offgrid
2026-09-22 23:07:22 +0530: Memory Usage (2224072K) : Executing rule pext_drw_Offgrid
2026-09-22 23:07:22 +0530: Memory Usage (2223432K) : Executing rule nexthv_drw_Offgrid
2026-09-22 23:07:22 +0530: Memory Usage (2223432K) : Executing rule pexthv_drw_Offgrid
2026-09-22 23:07:22 +0530: Memory Usage (2223432K) : Executing rule graphgate_drw_Offgrid
2026-09-22 23:07:22 +0530: Memory Usage (2223432K) : Executing rule mempad_drw_Offgrid
2026-09-22 23:07:22 +0530: Memory Usage (2223432K) : Executing rule topvia1_drw_Offgrid
2026-09-22 23:07:22 +0530: Memory Usage (2222920K) : Executing rule topmetal1_drw_Offgrid
2026-09-22 23:07:22 +0530: Memory Usage (2222920K) : Executing rule topmetal1_mask_Offgrid
2026-09-22 23:07:23 +0530: Memory Usage (2222920K) : Executing rule topmetal1_filler_Offgrid
2026-09-22 23:07:23 +0530: Memory Usage (2222920K) : Executing rule topmetal1_slit_Offgrid
2026-09-22 23:07:23 +0530: Memory Usage (2222920K) : Executing rule topmetal1_noqrc_Offgrid
2026-09-22 23:07:23 +0530: Memory Usage (2222920K) : Executing rule topmetal1_res_Offgrid
2026-09-22 23:07:23 +0530: Memory Usage (2222920K) : Executing rule topmetal1_iprobe_Offgrid
2026-09-22 23:07:23 +0530: Memory Usage (2222664K) : Executing rule topmetal1_diffprb_Offgrid
2026-09-22 23:07:23 +0530: Memory Usage (2222664K) : Executing rule inldpwl_drw_Offgrid
2026-09-22 23:07:23 +0530: Memory Usage (2222664K) : Executing rule polyres_drw_Offgrid
2026-09-22 23:07:23 +0530: Memory Usage (2222664K) : Executing rule vmim_drw_Offgrid
2026-09-22 23:07:23 +0530: Memory Usage (2222664K) : Executing rule nbulaycut_drw_Offgrid
2026-09-22 23:07:23 +0530: Memory Usage (2222664K) : Executing rule antmetal1_drw_Offgrid
2026-09-22 23:07:23 +0530: Memory Usage (2222664K) : Executing rule topvia2_drw_Offgrid
2026-09-22 23:07:23 +0530: Memory Usage (2222408K) : Executing rule topmetal2_drw_Offgrid
2026-09-22 23:07:24 +0530: Memory Usage (2222408K) : Executing rule topmetal2_mask_Offgrid
2026-09-22 23:07:24 +0530: Memory Usage (2222408K) : Executing rule topmetal2_filler_Offgrid
2026-09-22 23:07:24 +0530: Memory Usage (2222408K) : Executing rule topmetal2_slit_Offgrid
2026-09-22 23:07:24 +0530: Memory Usage (2222408K) : Executing rule topmetal2_noqrc_Offgrid
2026-09-22 23:07:24 +0530: Memory Usage (2222408K) : Executing rule topmetal2_res_Offgrid
2026-09-22 23:07:24 +0530: Memory Usage (2222408K) : Executing rule topmetal2_iprobe_Offgrid
2026-09-22 23:07:24 +0530: Memory Usage (2222408K) : Executing rule topmetal2_diffprb_Offgrid
2026-09-22 23:07:24 +0530: Memory Usage (2222408K) : Executing rule snsring_drw_Offgrid
2026-09-22 23:07:24 +0530: Memory Usage (2222280K) : Executing rule sensor_drw_Offgrid
2026-09-22 23:07:24 +0530: Memory Usage (2222280K) : Executing rule snsarms_drw_Offgrid
2026-09-22 23:07:24 +0530: Memory Usage (2222280K) : Executing rule snscmosvia_drw_Offgrid
2026-09-22 23:07:24 +0530: Memory Usage (2222280K) : Executing rule colwind_drw_Offgrid
2026-09-22 23:07:24 +0530: Memory Usage (2222280K) : Executing rule flm_drw_Offgrid
2026-09-22 23:07:24 +0530: Memory Usage (2222280K) : Executing rule hafniumox_drw_Offgrid
2026-09-22 23:07:24 +0530: Memory Usage (2222280K) : Executing rule memvia_drw_Offgrid
2026-09-22 23:07:24 +0530: Memory Usage (2222280K) : Executing rule thinfilmres_drw_Offgrid
2026-09-22 23:07:24 +0530: Memory Usage (2222280K) : Executing rule rfmem_drw_Offgrid
2026-09-22 23:07:24 +0530: Memory Usage (2222280K) : Executing rule snsbotvia_drw_Offgrid
2026-09-22 23:07:24 +0530: Memory Usage (2222280K) : Executing rule snstopvia_drw_Offgrid
2026-09-22 23:07:24 +0530: Memory Usage (2222280K) : Executing rule deepvia_drw_Offgrid
2026-09-22 23:07:24 +0530: Memory Usage (2222280K) : Executing rule fgetch_drw_Offgrid
2026-09-22 23:07:25 +0530: Memory Usage (2222280K) : Executing rule ctrgat_drw_Offgrid
2026-09-22 23:07:25 +0530: Memory Usage (2222280K) : Executing rule fgimp_drw_Offgrid
2026-09-22 23:07:25 +0530: Memory Usage (2222280K) : Executing rule emwihv_drw_Offgrid
2026-09-22 23:07:25 +0530: Memory Usage (2222280K) : Executing rule lbe_drw_Offgrid
2026-09-22 23:07:25 +0530: Memory Usage (2222280K) : Executing rule alcustop_drw_Offgrid
2026-09-22 23:07:25 +0530: Memory Usage (2222280K) : Starting 3.2. angle table
2026-09-22 23:07:25 +0530: Memory Usage (2222280K) : Executing rule activ_drw_Acute
2026-09-22 23:07:26 +0530: Memory Usage (2222152K) : Executing rule activ_pin_Acute
2026-09-22 23:07:26 +0530: Memory Usage (2222152K) : Executing rule activ_mask_Acute
2026-09-22 23:07:26 +0530: Memory Usage (2222152K) : Executing rule activ_filler_Acute
2026-09-22 23:07:26 +0530: Memory Usage (2222152K) : Executing rule activ_nofill_Acute
2026-09-22 23:07:26 +0530: Memory Usage (2222152K) : Executing rule activ_opc_Acute
2026-09-22 23:07:26 +0530: Memory Usage (2222152K) : Executing rule activ_iopc_Acute
2026-09-22 23:07:26 +0530: Memory Usage (2222152K) : Executing rule activ_noqrc_Acute
2026-09-22 23:07:26 +0530: Memory Usage (2222152K) : Executing rule biwind_drw_Acute
2026-09-22 23:07:26 +0530: Memory Usage (2222152K) : Executing rule biwind_opc_Acute
2026-09-22 23:07:27 +0530: Memory Usage (2222152K) : Executing rule pemwind_drw_Acute
2026-09-22 23:07:27 +0530: Memory Usage (2222152K) : Executing rule gatpoly_drw_Acute
2026-09-22 23:07:27 +0530: Memory Usage (2222152K) : Executing rule gatpoly_pin_Acute
2026-09-22 23:07:27 +0530: Memory Usage (2222152K) : Executing rule gatpoly_filler_Acute
2026-09-22 23:07:27 +0530: Memory Usage (2222152K) : Executing rule gatpoly_nofill_Acute
2026-09-22 23:07:27 +0530: Memory Usage (2222152K) : Executing rule gatpoly_opc_Acute
2026-09-22 23:07:27 +0530: Memory Usage (2222152K) : Executing rule gatpoly_iopc_Acute
2026-09-22 23:07:27 +0530: Memory Usage (2222152K) : Executing rule gatpoly_noqrc_Acute
2026-09-22 23:07:27 +0530: Memory Usage (2222152K) : Executing rule cont_drw_Acute
2026-09-22 23:07:37 +0530: Memory Usage (2240200K) : Executing rule cont_opc_Acute
2026-09-22 23:07:37 +0530: Memory Usage (2240200K) : Executing rule nsd_drw_Acute
2026-09-22 23:07:38 +0530: Memory Usage (2240200K) : Executing rule nsd_block_Acute
2026-09-22 23:07:38 +0530: Memory Usage (2240200K) : Executing rule metal1_drw_Acute
2026-09-22 23:07:42 +0530: Memory Usage (2240200K) : Executing rule metal1_pin_Acute
2026-09-22 23:07:44 +0530: Memory Usage (2240200K) : Executing rule metal1_mask_Acute
2026-09-22 23:07:44 +0530: Memory Usage (2240200K) : Executing rule metal1_filler_Acute
2026-09-22 23:07:44 +0530: Memory Usage (2240200K) : Executing rule metal1_nofill_Acute
2026-09-22 23:07:44 +0530: Memory Usage (2240200K) : Executing rule metal1_slit_Acute
2026-09-22 23:07:44 +0530: Memory Usage (2240200K) : Executing rule metal1_opc_Acute
2026-09-22 23:07:44 +0530: Memory Usage (2240200K) : Executing rule metal1_noqrc_Acute
2026-09-22 23:07:45 +0530: Memory Usage (2240200K) : Executing rule metal1_res_Acute
2026-09-22 23:07:45 +0530: Memory Usage (2240200K) : Executing rule metal1_iprobe_Acute
2026-09-22 23:07:45 +0530: Memory Usage (2240200K) : Executing rule metal1_diffprb_Acute
2026-09-22 23:07:45 +0530: Memory Usage (2240200K) : Executing rule passiv_drw_Acute
2026-09-22 23:07:45 +0530: Memory Usage (2240200K) : Executing rule passiv_pin_Acute
2026-09-22 23:07:45 +0530: Memory Usage (2240200K) : Executing rule passiv_pillar_Acute
2026-09-22 23:07:45 +0530: Memory Usage (2240200K) : Executing rule passiv_sbump_Acute
2026-09-22 23:07:45 +0530: Memory Usage (2240200K) : Executing rule passiv_pdl_Acute
2026-09-22 23:07:45 +0530: Memory Usage (2240200K) : Executing rule metal2_drw_Acute
2026-09-22 23:07:47 +0530: Memory Usage (2240200K) : Executing rule metal2_pin_Acute
2026-09-22 23:07:47 +0530: Memory Usage (2240200K) : Executing rule metal2_mask_Acute
2026-09-22 23:07:47 +0530: Memory Usage (2240200K) : Executing rule metal2_filler_Acute
2026-09-22 23:07:47 +0530: Memory Usage (2240200K) : Executing rule metal2_nofill_Acute
2026-09-22 23:07:47 +0530: Memory Usage (2240200K) : Executing rule metal2_slit_Acute
2026-09-22 23:07:47 +0530: Memory Usage (2240200K) : Executing rule metal2_opc_Acute
2026-09-22 23:07:47 +0530: Memory Usage (2240200K) : Executing rule metal2_noqrc_Acute
2026-09-22 23:07:47 +0530: Memory Usage (2240200K) : Executing rule metal2_res_Acute
2026-09-22 23:07:48 +0530: Memory Usage (2240200K) : Executing rule metal2_iprobe_Acute
2026-09-22 23:07:48 +0530: Memory Usage (2240200K) : Executing rule metal2_diffprb_Acute
2026-09-22 23:07:48 +0530: Memory Usage (2240200K) : Executing rule baspoly_drw_Acute
2026-09-22 23:07:48 +0530: Memory Usage (2240200K) : Executing rule baspoly_pin_Acute
2026-09-22 23:07:48 +0530: Memory Usage (2240200K) : Executing rule psd_drw_Acute
2026-09-22 23:07:49 +0530: Memory Usage (2240200K) : Executing rule nldb_drw_Acute
2026-09-22 23:07:49 +0530: Memory Usage (2240200K) : Executing rule via1_drw_Acute
2026-09-22 23:07:50 +0530: Memory Usage (2242856K) : Executing rule backmetal1_drw_Acute
2026-09-22 23:07:50 +0530: Memory Usage (2240040K) : Executing rule backmetal1_pin_Acute
2026-09-22 23:07:50 +0530: Memory Usage (2240040K) : Executing rule backmetal1_mask_Acute
2026-09-22 23:07:50 +0530: Memory Usage (2240040K) : Executing rule backmetal1_filler_Acute
2026-09-22 23:07:50 +0530: Memory Usage (2240040K) : Executing rule backmetal1_nofill_Acute
2026-09-22 23:07:50 +0530: Memory Usage (2240040K) : Executing rule backmetal1_slit_Acute
2026-09-22 23:07:50 +0530: Memory Usage (2240040K) : Executing rule backmetal1_opc_Acute
2026-09-22 23:07:50 +0530: Memory Usage (2240040K) : Executing rule backmetal1_noqrc_Acute
2026-09-22 23:07:50 +0530: Memory Usage (2240040K) : Executing rule backmetal1_res_Acute
2026-09-22 23:07:50 +0530: Memory Usage (2240040K) : Executing rule backmetal1_iprobe_Acute
2026-09-22 23:07:50 +0530: Memory Usage (2240040K) : Executing rule backmetal1_diffprb_Acute
2026-09-22 23:07:51 +0530: Memory Usage (2240040K) : Executing rule backpassiv_drw_Acute
2026-09-22 23:07:51 +0530: Memory Usage (2240040K) : Executing rule salblock_drw_Acute
2026-09-22 23:07:51 +0530: Memory Usage (2238248K) : Executing rule via2_drw_Acute
2026-09-22 23:07:51 +0530: Memory Usage (2241960K) : Executing rule metal3_drw_Acute
2026-09-22 23:07:53 +0530: Memory Usage (2236584K) : Executing rule metal3_pin_Acute
2026-09-22 23:07:53 +0530: Memory Usage (2236328K) : Executing rule metal3_mask_Acute
2026-09-22 23:07:53 +0530: Memory Usage (2236328K) : Executing rule metal3_filler_Acute
2026-09-22 23:07:53 +0530: Memory Usage (2236328K) : Executing rule metal3_nofill_Acute
2026-09-22 23:07:53 +0530: Memory Usage (2236328K) : Executing rule metal3_slit_Acute
2026-09-22 23:07:53 +0530: Memory Usage (2236328K) : Executing rule metal3_opc_Acute
2026-09-22 23:07:53 +0530: Memory Usage (2236328K) : Executing rule metal3_noqrc_Acute
2026-09-22 23:07:53 +0530: Memory Usage (2236328K) : Executing rule metal3_res_Acute
2026-09-22 23:07:54 +0530: Memory Usage (2236328K) : Executing rule metal3_iprobe_Acute
2026-09-22 23:07:54 +0530: Memory Usage (2232488K) : Executing rule metal3_diffprb_Acute
2026-09-22 23:07:54 +0530: Memory Usage (2232488K) : Executing rule nwell_drw_Acute
2026-09-22 23:07:55 +0530: Memory Usage (2231336K) : Executing rule nwell_pin_Acute
2026-09-22 23:07:55 +0530: Memory Usage (2231336K) : Executing rule nbulay_drw_Acute
2026-09-22 23:07:55 +0530: Memory Usage (2231336K) : Executing rule nbulay_pin_Acute
2026-09-22 23:07:55 +0530: Memory Usage (2231336K) : Executing rule nbulay_block_Acute
2026-09-22 23:07:55 +0530: Memory Usage (2231336K) : Executing rule pwell_drw_Acute
2026-09-22 23:07:55 +0530: Memory Usage (2231336K) : Executing rule pwell_pin_Acute
2026-09-22 23:07:55 +0530: Memory Usage (2231336K) : Executing rule pwell_block_Acute
2026-09-22 23:07:55 +0530: Memory Usage (2231336K) : Executing rule emwind_drw_Acute
2026-09-22 23:07:55 +0530: Memory Usage (2231336K) : Executing rule emwind_opc_Acute
2026-09-22 23:07:55 +0530: Memory Usage (2231336K) : Executing rule deepco_drw_Acute
2026-09-22 23:07:55 +0530: Memory Usage (2231336K) : Executing rule mim_drw_Acute
2026-09-22 23:07:55 +0530: Memory Usage (2231336K) : Executing rule substrate_drw_Acute
2026-09-22 23:07:55 +0530: Memory Usage (2231336K) : Executing rule ic_drw_Acute
2026-09-22 23:07:55 +0530: Memory Usage (2231080K) : Executing rule via3_drw_Acute
2026-09-22 23:07:56 +0530: Memory Usage (2235944K) : Executing rule pldb_drw_Acute
2026-09-22 23:07:56 +0530: Memory Usage (2235944K) : Executing rule metal4_drw_Acute
2026-09-22 23:07:56 +0530: Memory Usage (2235944K) : Executing rule metal4_pin_Acute
2026-09-22 23:07:56 +0530: Memory Usage (2234128K) : Executing rule metal4_mask_Acute
2026-09-22 23:07:56 +0530: Memory Usage (2234128K) : Executing rule metal4_filler_Acute
2026-09-22 23:07:57 +0530: Memory Usage (2234128K) : Executing rule metal4_nofill_Acute
2026-09-22 23:07:57 +0530: Memory Usage (2234128K) : Executing rule metal4_slit_Acute
2026-09-22 23:07:57 +0530: Memory Usage (2234128K) : Executing rule metal4_opc_Acute
2026-09-22 23:07:57 +0530: Memory Usage (2234128K) : Executing rule metal4_noqrc_Acute
2026-09-22 23:07:57 +0530: Memory Usage (2234128K) : Executing rule metal4_res_Acute
2026-09-22 23:07:57 +0530: Memory Usage (2234128K) : Executing rule metal4_iprobe_Acute
2026-09-22 23:07:57 +0530: Memory Usage (2234128K) : Executing rule metal4_diffprb_Acute
2026-09-22 23:07:57 +0530: Memory Usage (2233104K) : Executing rule via4_drw_Acute
2026-09-22 23:07:57 +0530: Memory Usage (2235792K) : Executing rule metal5_drw_Acute
2026-09-22 23:07:58 +0530: Memory Usage (2235792K) : Executing rule metal5_pin_Acute
2026-09-22 23:07:58 +0530: Memory Usage (2235792K) : Executing rule metal5_mask_Acute
2026-09-22 23:07:58 +0530: Memory Usage (2235792K) : Executing rule metal5_filler_Acute
2026-09-22 23:07:58 +0530: Memory Usage (2235792K) : Executing rule metal5_nofill_Acute
2026-09-22 23:07:58 +0530: Memory Usage (2235792K) : Executing rule metal5_slit_Acute
2026-09-22 23:07:58 +0530: Memory Usage (2234128K) : Executing rule metal5_opc_Acute
2026-09-22 23:07:58 +0530: Memory Usage (2234128K) : Executing rule metal5_noqrc_Acute
2026-09-22 23:07:58 +0530: Memory Usage (2234128K) : Executing rule metal5_res_Acute
2026-09-22 23:07:58 +0530: Memory Usage (2234128K) : Executing rule metal5_iprobe_Acute
2026-09-22 23:07:58 +0530: Memory Usage (2234128K) : Executing rule metal5_diffprb_Acute
2026-09-22 23:07:58 +0530: Memory Usage (2234128K) : Executing rule prboundary_drw_Acute
2026-09-22 23:07:58 +0530: Memory Usage (2234128K) : Executing rule exchange0_drw_Acute
2026-09-22 23:07:58 +0530: Memory Usage (2234128K) : Executing rule exchange0_pin_Acute
2026-09-22 23:07:58 +0530: Memory Usage (2234128K) : Executing rule exchange1_drw_Acute
2026-09-22 23:07:58 +0530: Memory Usage (2234128K) : Executing rule exchange1_pin_Acute
2026-09-22 23:07:58 +0530: Memory Usage (2234128K) : Executing rule exchange2_drw_Acute
2026-09-22 23:07:58 +0530: Memory Usage (2234128K) : Executing rule exchange2_pin_Acute
2026-09-22 23:07:58 +0530: Memory Usage (2233104K) : Executing rule exchange3_drw_Acute
2026-09-22 23:07:58 +0530: Memory Usage (2233104K) : Executing rule exchange3_pin_Acute
2026-09-22 23:07:59 +0530: Memory Usage (2233104K) : Executing rule exchange4_drw_Acute
2026-09-22 23:07:59 +0530: Memory Usage (2233104K) : Executing rule exchange4_pin_Acute
2026-09-22 23:07:59 +0530: Memory Usage (2233104K) : Executing rule isonwell_drw_Acute
2026-09-22 23:07:59 +0530: Memory Usage (2233104K) : Executing rule thickgateox_drw_Acute
2026-09-22 23:07:59 +0530: Memory Usage (2233104K) : Executing rule pempoly_drw_Acute
2026-09-22 23:07:59 +0530: Memory Usage (2233104K) : Executing rule fbe_drw_Acute
2026-09-22 23:07:59 +0530: Memory Usage (2233104K) : Executing rule empoly_drw_Acute
2026-09-22 23:07:59 +0530: Memory Usage (2233104K) : Executing rule ldmos_drw_Acute
2026-09-22 23:07:59 +0530: Memory Usage (2233104K) : Executing rule pbiwind_drw_Acute
2026-09-22 23:07:59 +0530: Memory Usage (2233104K) : Executing rule colopen_drw_Acute
2026-09-22 23:07:59 +0530: Memory Usage (2233104K) : Executing rule extblock_drw_Acute
2026-09-22 23:07:59 +0530: Memory Usage (2232464K) : Executing rule nldd_drw_Acute
2026-09-22 23:07:59 +0530: Memory Usage (2232464K) : Executing rule pldd_drw_Acute
2026-09-22 23:07:59 +0530: Memory Usage (2232464K) : Executing rule next_drw_Acute
2026-09-22 23:07:59 +0530: Memory Usage (2232464K) : Executing rule pext_drw_Acute
2026-09-22 23:07:59 +0530: Memory Usage (2232464K) : Executing rule nexthv_drw_Acute
2026-09-22 23:07:59 +0530: Memory Usage (2232464K) : Executing rule pexthv_drw_Acute
2026-09-22 23:07:59 +0530: Memory Usage (2232464K) : Executing rule graphgate_drw_Acute
2026-09-22 23:07:59 +0530: Memory Usage (2232464K) : Executing rule mempad_drw_Acute
2026-09-22 23:07:59 +0530: Memory Usage (2232464K) : Executing rule topvia1_drw_Acute
2026-09-22 23:08:00 +0530: Memory Usage (2232336K) : Executing rule topmetal1_drw_Acute
2026-09-22 23:08:00 +0530: Memory Usage (2232336K) : Executing rule topmetal1_pin_Acute
2026-09-22 23:08:00 +0530: Memory Usage (2232336K) : Executing rule topmetal1_mask_Acute
2026-09-22 23:08:00 +0530: Memory Usage (2232208K) : Executing rule topmetal1_filler_Acute
2026-09-22 23:08:00 +0530: Memory Usage (2232208K) : Executing rule topmetal1_nofill_Acute
2026-09-22 23:08:00 +0530: Memory Usage (2232208K) : Executing rule topmetal1_slit_Acute
2026-09-22 23:08:00 +0530: Memory Usage (2232208K) : Executing rule topmetal1_noqrc_Acute
2026-09-22 23:08:00 +0530: Memory Usage (2232208K) : Executing rule topmetal1_res_Acute
2026-09-22 23:08:00 +0530: Memory Usage (2232208K) : Executing rule topmetal1_iprobe_Acute
2026-09-22 23:08:00 +0530: Memory Usage (2232208K) : Executing rule topmetal1_diffprb_Acute
2026-09-22 23:08:00 +0530: Memory Usage (2232208K) : Executing rule inldpwl_drw_Acute
2026-09-22 23:08:00 +0530: Memory Usage (2232208K) : Executing rule polyres_drw_Acute
2026-09-22 23:08:00 +0530: Memory Usage (2232208K) : Executing rule polyres_pin_Acute
2026-09-22 23:08:01 +0530: Memory Usage (2232208K) : Executing rule vmim_drw_Acute
2026-09-22 23:08:01 +0530: Memory Usage (2232208K) : Executing rule nbulaycut_drw_Acute
2026-09-22 23:08:01 +0530: Memory Usage (2232208K) : Executing rule antmetal1_drw_Acute
2026-09-22 23:08:01 +0530: Memory Usage (2232208K) : Executing rule topvia2_drw_Acute
2026-09-22 23:08:01 +0530: Memory Usage (2232208K) : Executing rule topmetal2_drw_Acute
2026-09-22 23:08:01 +0530: Memory Usage (2232208K) : Executing rule topmetal2_pin_Acute
2026-09-22 23:08:01 +0530: Memory Usage (2232208K) : Executing rule topmetal2_mask_Acute
2026-09-22 23:08:01 +0530: Memory Usage (2232208K) : Executing rule topmetal2_filler_Acute
2026-09-22 23:08:01 +0530: Memory Usage (2232208K) : Executing rule topmetal2_nofill_Acute
2026-09-22 23:08:02 +0530: Memory Usage (2232208K) : Executing rule topmetal2_slit_Acute
2026-09-22 23:08:02 +0530: Memory Usage (2232208K) : Executing rule topmetal2_noqrc_Acute
2026-09-22 23:08:02 +0530: Memory Usage (2232208K) : Executing rule topmetal2_res_Acute
2026-09-22 23:08:02 +0530: Memory Usage (2232208K) : Executing rule topmetal2_iprobe_Acute
2026-09-22 23:08:02 +0530: Memory Usage (2232208K) : Executing rule topmetal2_diffprb_Acute
2026-09-22 23:08:02 +0530: Memory Usage (2232208K) : Executing rule snsring_drw_Acute
2026-09-22 23:08:02 +0530: Memory Usage (2232208K) : Executing rule sensor_drw_Acute
2026-09-22 23:08:02 +0530: Memory Usage (2232208K) : Executing rule snsarms_drw_Acute
2026-09-22 23:08:02 +0530: Memory Usage (2232208K) : Executing rule snscmosvia_drw_Acute
2026-09-22 23:08:02 +0530: Memory Usage (2232208K) : Executing rule colwind_drw_Acute
2026-09-22 23:08:02 +0530: Memory Usage (2232208K) : Executing rule flm_drw_Acute
2026-09-22 23:08:02 +0530: Memory Usage (2232208K) : Executing rule hafniumox_drw_Acute
2026-09-22 23:08:02 +0530: Memory Usage (2232208K) : Executing rule memvia_drw_Acute
2026-09-22 23:08:02 +0530: Memory Usage (2232208K) : Executing rule thinfilmres_drw_Acute
2026-09-22 23:08:02 +0530: Memory Usage (2232208K) : Executing rule rfmem_drw_Acute
2026-09-22 23:08:02 +0530: Memory Usage (2232208K) : Executing rule snsbotvia_drw_Acute
2026-09-22 23:08:02 +0530: Memory Usage (2232208K) : Executing rule snstopvia_drw_Acute
2026-09-22 23:08:02 +0530: Memory Usage (2232208K) : Executing rule deepvia_drw_Acute
2026-09-22 23:08:02 +0530: Memory Usage (2232208K) : Executing rule fgetch_drw_Acute
2026-09-22 23:08:02 +0530: Memory Usage (2232208K) : Executing rule ctrgat_drw_Acute
2026-09-22 23:08:02 +0530: Memory Usage (2232208K) : Executing rule fgimp_drw_Acute
2026-09-22 23:08:02 +0530: Memory Usage (2232208K) : Executing rule emwihv_drw_Acute
2026-09-22 23:08:02 +0530: Memory Usage (2232208K) : Executing rule lbe_drw_Acute
2026-09-22 23:08:03 +0530: Memory Usage (2232208K) : Executing rule alcustop_drw_Acute
2026-09-22 23:08:03 +0530: Memory Usage (2232208K) : Executing rule cont_drw_Angle90
2026-09-22 23:08:23 +0530: Memory Usage (3262736K) : Executing rule via1_drw_Angle90
2026-09-22 23:08:24 +0530: Memory Usage (3262864K) : Executing rule via2_drw_Angle90
2026-09-22 23:08:25 +0530: Memory Usage (3262992K) : Executing rule via3_drw_Angle90
2026-09-22 23:08:25 +0530: Memory Usage (3262992K) : Executing rule via4_drw_Angle90
2026-09-22 23:08:26 +0530: Memory Usage (3262992K) : Executing rule vmim_drw_Angle90
2026-09-22 23:08:26 +0530: Memory Usage (3262992K) : Executing rule topvia1_drw_Angle90
2026-09-22 23:08:26 +0530: Memory Usage (3263120K) : Executing rule topvia2_drw_Angle90
2026-09-22 23:08:27 +0530: Memory Usage (3263248K) : Executing rule gatpoly_drw_Angle45
2026-09-22 23:08:28 +0530: Memory Usage (3263248K) : Executing rule activ_drw_Angle45
2026-09-22 23:08:34 +0530: Memory Usage (3266704K) : Executing rule metal1_drw_Angle45
2026-09-22 23:08:52 +0530: Memory Usage (3295536K) : Executing rule metal2_drw_Angle45
2026-09-22 23:08:58 +0530: Memory Usage (3267572K) : Executing rule metal3_drw_Angle45
2026-09-22 23:09:02 +0530: Memory Usage (3267700K) : Executing rule metal4_drw_Angle45
2026-09-22 23:09:03 +0530: Memory Usage (3267700K) : Executing rule metal5_drw_Angle45
2026-09-22 23:09:04 +0530: Memory Usage (3267700K) : Executing rule topmetal1_drw_Angle45
2026-09-22 23:09:05 +0530: Memory Usage (3267568K) : Executing rule topmetal2_drw_Angle45
2026-09-22 23:09:06 +0530: Memory Usage (3267568K) : Starting 3.2. FORBIDDEN table
2026-09-22 23:09:06 +0530: Memory Usage (3267568K) : Executing rule forbidden.biwind
2026-09-22 23:09:06 +0530: Memory Usage (3267568K) : Executing rule forbidden.pemwind
2026-09-22 23:09:06 +0530: Memory Usage (3267568K) : Executing rule forbidden.baspoly
2026-09-22 23:09:06 +0530: Memory Usage (3267568K) : Executing rule forbidden.deepco
2026-09-22 23:09:06 +0530: Memory Usage (3267568K) : Executing rule forbidden.pempoly
2026-09-22 23:09:06 +0530: Memory Usage (3267568K) : Executing rule forbidden.empoly
2026-09-22 23:09:06 +0530: Memory Usage (3267568K) : Executing rule forbidden.ldmos
2026-09-22 23:09:06 +0530: Memory Usage (3267568K) : Executing rule forbidden.pbiwind
2026-09-22 23:09:06 +0530: Memory Usage (3267568K) : Executing rule forbidden.nodrc
2026-09-22 23:09:06 +0530: Memory Usage (3267568K) : Executing rule forbidden.flash
2026-09-22 23:09:06 +0530: Memory Usage (3267568K) : Executing rule forbidden.colwind
2026-09-22 23:09:06 +0530: Memory Usage (3267568K) : KLayout DRC run for tables 'main' completed in 353.96 seconds
