┏━━━━━━━┳━━━━━━━━━┳━━━━━━━━━━┳━━━━━━━━━━━━━━━━━━━━━━━━━━━━━━━━━━━━━━━┳━━━━━━━━━━━━━━┳━━━━━━━━┓
┃ P / R ┃ Partial ┃ Required ┃ Net                                   ┃ Pin          ┃ Layer  ┃
┡━━━━━━━╇━━━━━━━━━╇━━━━━━━━━━╇━━━━━━━━━━━━━━━━━━━━━━━━━━━━━━━━━━━━━━━╇━━━━━━━━━━━━━━╇━━━━━━━━┩
│ 3.64  │ 728.00  │ 200.00   │ net70                                 │ output70/A   │ Metal2 │
│ 2.20  │ 440.70  │ 200.00   │ _02812_                               │ fanout479/A  │ Metal2 │
│ 2.19  │ 438.95  │ 200.00   │ net65                                 │ _16859_/A    │ Metal3 │
│ 2.08  │ 415.37  │ 200.00   │ net67                                 │ _16861_/A    │ Metal3 │
│ 1.79  │ 358.97  │ 200.00   │ net51                                 │ _16875_/A    │ Metal2 │
│ 1.68  │ 335.68  │ 200.00   │ net57                                 │ output57/A   │ Metal3 │
│ 1.56  │ 311.45  │ 200.00   │ net44                                 │ _16868_/A    │ Metal3 │
│ 1.56  │ 311.33  │ 200.00   │ _00004_                               │ fanout768/A  │ Metal4 │
│ 1.54  │ 307.18  │ 200.00   │ _04039_                               │ _11431_/B1   │ Metal2 │
│ 1.52  │ 303.80  │ 200.00   │ net58                                 │ output58/A   │ Metal3 │
│ 1.48  │ 295.66  │ 200.00   │ net364                                │ fanout363/A  │ Metal2 │
│ 1.44  │ 287.86  │ 200.00   │ net49                                 │ output49/A   │ Metal3 │
│ 1.36  │ 271.93  │ 200.00   │ net1336                               │ fanout1306/A │ Metal3 │
│ 1.29  │ 258.19  │ 200.00   │ _04982_                               │ _12400_/B    │ Metal2 │
│ 1.28  │ 255.99  │ 200.00   │ net44                                 │ output44/A   │ Metal3 │
│ 1.28  │ 255.67  │ 200.00   │ net56                                 │ output56/A   │ Metal3 │
│ 1.26  │ 252.72  │ 200.00   │ net44                                 │ _16868_/A    │ Metal2 │
│ 1.24  │ 248.02  │ 200.00   │ net40                                 │ output40/A   │ Metal3 │
│ 1.22  │ 243.76  │ 200.00   │ net28                                 │ hold3054/A   │ Metal2 │
│ 1.21  │ 242.73  │ 200.00   │ net348                                │ fanout347/A  │ Metal2 │
│ 1.19  │ 238.37  │ 200.00   │ net40                                 │ _16864_/A    │ Metal2 │
│ 1.16  │ 231.76  │ 200.00   │ net41                                 │ output41/A   │ Metal3 │
│ 1.14  │ 227.06  │ 200.00   │ net20                                 │ hold3065/A   │ Metal2 │
│ 1.13  │ 225.96  │ 200.00   │ net103                                │ output103/A  │ Metal2 │
│ 1.13  │ 225.96  │ 200.00   │ net358                                │ fanout356/A  │ Metal2 │
│ 1.12  │ 223.79  │ 200.00   │ net49                                 │ _16873_/A    │ Metal3 │
│ 1.08  │ 215.53  │ 200.00   │ net66                                 │ _16860_/A    │ Metal2 │
│ 1.04  │ 207.85  │ 200.00   │ net43                                 │ output43/A   │ Metal3 │
│ 1.01  │ 201.52  │ 200.00   │ net1100                               │ fanout1099/A │ Metal2 │
│ 1.00  │ 200.82  │ 200.00   │ u_picorv32.picorv32_core.alu_out[11\] │ _15229_/D    │ Metal2 │
│ 0.96  │ 191.91  │ 200.00   │ net51                                 │ _16875_/A    │ Metal3 │
│ 0.21  │ 42.99   │ 200.00   │ net520                                │ _12337_/B1   │ Metal3 │
│ 0.09  │ 18.37   │ 200.00   │ net358                                │ fanout356/A  │ Metal4 │
│ 0.02  │ 4.47    │ 200.00   │ net358                                │ fanout356/A  │ Metal3 │
│ 0.00  │ 0.66    │ 200.00   │ net1100                               │ fanout1099/A │ Metal3 │
└───────┴─────────┴──────────┴───────────────────────────────────────┴──────────────┴────────┘
