┏━━━━━━━┳━━━━━━━━━┳━━━━━━━━━━┳━━━━━━━━━━━━━━━━━━━━━━━━━━━━━━━━━━━━━━━━━┳━━━━━━━━━━━━━━┳━━━━━━━━┓
┃ P / R ┃ Partial ┃ Required ┃ Net                                     ┃ Pin          ┃ Layer  ┃
┡━━━━━━━╇━━━━━━━━━╇━━━━━━━━━━╇━━━━━━━━━━━━━━━━━━━━━━━━━━━━━━━━━━━━━━━━━╇━━━━━━━━━━━━━━╇━━━━━━━━┩
│ 1.95  │ 390.45  │ 200.00   │ net140                                  │ output140/A  │ Metal2 │
│ 1.93  │ 385.45  │ 200.00   │ net867                                  │ fanout866/A  │ Metal2 │
│ 1.88  │ 375.20  │ 200.00   │ net341                                  │ fanout339/A  │ Metal3 │
│ 1.68  │ 336.00  │ 200.00   │ net103                                  │ _07659_/B_N  │ Metal2 │
│ 1.44  │ 287.54  │ 200.00   │ net819                                  │ fanout811/A  │ Metal3 │
│ 1.42  │ 283.91  │ 200.00   │ net59                                   │ _08842_/A1   │ Metal2 │
│ 1.36  │ 271.69  │ 200.00   │ net709                                  │ fanout708/A  │ Metal2 │
│ 1.33  │ 265.74  │ 200.00   │ net14                                   │ hold3095/A   │ Metal2 │
│ 1.22  │ 243.06  │ 200.00   │ _01657_                                 │ fanout683/A  │ Metal2 │
│ 1.19  │ 238.68  │ 200.00   │ net3                                    │ _07663_/A2   │ Metal2 │
│ 1.17  │ 234.37  │ 200.00   │ net744                                  │ fanout742/A  │ Metal2 │
│ 1.16  │ 231.76  │ 200.00   │ _02832_                                 │ fanout390/A  │ Metal3 │
│ 1.12  │ 225.00  │ 200.00   │ net372                                  │ fanout370/A  │ Metal2 │
│ 1.10  │ 219.05  │ 200.00   │ net1437                                 │ fanout1420/A │ Metal2 │
│ 1.08  │ 216.95  │ 200.00   │ net16                                   │ hold3093/A   │ Metal2 │
│ 1.08  │ 216.40  │ 200.00   │ u_picorv32.picorv32_core.latched_branch │ fanout1017/A │ Metal2 │
│ 1.02  │ 203.40  │ 200.00   │ net1264                                 │ fanout1260/A │ Metal2 │
│ 1.01  │ 201.20  │ 200.00   │ net671                                  │ fanout668/A  │ Metal2 │
│ 1.00  │ 199.88  │ 200.00   │ _01615_                                 │ fanout733/A  │ Metal3 │
│ 0.59  │ 117.42  │ 200.00   │ net744                                  │ fanout742/A  │ Metal3 │
│ 0.32  │ 64.24   │ 200.00   │ _05948_                                 │ fanout523/A  │ Metal3 │
│ 0.18  │ 36.98   │ 200.00   │ net459                                  │ fanout458/A  │ Metal3 │
│ 0.12  │ 24.89   │ 200.00   │ net372                                  │ fanout370/A  │ Metal3 │
│ 0.00  │ 0.17    │ 200.00   │ _05948_                                 │ fanout523/A  │ Metal4 │
│ 0.00  │ 0.03    │ 200.00   │ net372                                  │ fanout370/A  │ Metal4 │
└───────┴─────────┴──────────┴─────────────────────────────────────────┴──────────────┴────────┘
