
===========================================================================
report_checks -unconstrained
===========================================================================
======================= nom_slow_1p08V_125C Corner ===================================

Startpoint: m_araddr[30] (input port clocked by clk_i)
Endpoint: m_arready (output port clocked by clk_i)
Path Group: clk_i
Path Type: max

Fanout         Cap        Slew       Delay        Time   Description
---------------------------------------------------------------------------------------------
                                  0.000000    0.000000   clock clk_i (rise edge)
                                  0.000000    0.000000   clock network delay (propagated)
                                  2.000000    2.000000 ^ input external delay
     1    0.002526    0.032112    0.003292    2.003292 ^ m_araddr[30] (in)
                                                         m_araddr[30] (net)
                      0.032112    0.000000    2.003292 ^ hold854/A (sg13g2_dlygate4sd3_1)
     1    0.005105    0.067627    0.568931    2.572223 ^ hold854/X (sg13g2_dlygate4sd3_1)
                                                         net854 (net)
                      0.067627    0.000343    2.572566 ^ input19/A (sg13g2_buf_1)
     2    0.009739    0.075372    0.139795    2.712360 ^ input19/X (sg13g2_buf_1)
                                                         net19 (net)
                      0.075374    0.000542    2.712902 ^ fanout786/A (sg13g2_buf_1)
     8    0.037148    0.242948    0.263328    2.976230 ^ fanout786/X (sg13g2_buf_1)
                                                         net786 (net)
                      0.243203    0.006479    2.982709 ^ _0405_/D (sg13g2_nand4_1)
     1    0.003577    0.153444    0.241030    3.223739 v _0405_/Y (sg13g2_nand4_1)
                                                         _0057_ (net)
                      0.153444    0.000142    3.223881 v _0407_/A (sg13g2_nor2_1)
     2    0.015155    0.223814    0.244664    3.468546 ^ _0407_/Y (sg13g2_nor2_1)
                                                         _0059_ (net)
                      0.223819    0.000897    3.469443 ^ fanout728/A (sg13g2_buf_1)
     6    0.050619    0.326856    0.378650    3.848093 ^ fanout728/X (sg13g2_buf_1)
                                                         net728 (net)
                      0.326881    0.002411    3.850504 ^ fanout726/A (sg13g2_buf_1)
     8    0.048624    0.313638    0.401602    4.252105 ^ fanout726/X (sg13g2_buf_1)
                                                         net726 (net)
                      0.313804    0.005976    4.258081 ^ _0417_/A (sg13g2_nand2_1)
     1    0.005057    0.114405    0.159863    4.417944 v _0417_/Y (sg13g2_nand2_1)
                                                         _0069_ (net)
                      0.114405    0.000299    4.418244 v fanout706/A (sg13g2_buf_1)
     5    0.039224    0.209179    0.272292    4.690536 v fanout706/X (sg13g2_buf_1)
                                                         net706 (net)
                      0.209191    0.001775    4.692311 v fanout705/A (sg13g2_buf_1)
     8    0.059701    0.312710    0.381787    5.074097 v fanout705/X (sg13g2_buf_1)
                                                         net705 (net)
                      0.312820    0.002066    5.076163 v fanout703/A (sg13g2_buf_1)
     8    0.047855    0.253924    0.368762    5.444926 v fanout703/X (sg13g2_buf_1)
                                                         net703 (net)
                      0.253972    0.003393    5.448319 v _0556_/A2 (sg13g2_a22oi_1)
     1    0.005852    0.142785    0.226093    5.674412 ^ _0556_/Y (sg13g2_a22oi_1)
                                                         _0176_ (net)
                      0.142785    0.000241    5.674654 ^ _0560_/A2 (sg13g2_o21ai_1)
     1    0.013870    0.161854    0.201029    5.875683 v _0560_/Y (sg13g2_o21ai_1)
                                                         net210 (net)
                      0.161873    0.001426    5.877108 v output210/A (sg13g2_buf_1)
     1    0.055114    0.289058    0.350116    6.227224 v output210/X (sg13g2_buf_1)
                                                         m_arready (net)
                      0.289085    0.002838    6.230062 v m_arready (out)
                                              6.230062   data arrival time

                                 10.000000   10.000000   clock clk_i (rise edge)
                                  0.000000   10.000000   clock network delay (propagated)
                                 -0.200000    9.800000   clock uncertainty
                                  0.000000    9.800000   clock reconvergence pessimism
                                 -2.000000    7.800000   output external delay
                                              7.800000   data required time
---------------------------------------------------------------------------------------------
                                              7.800000   data required time
                                             -6.230062   data arrival time
---------------------------------------------------------------------------------------------
                                              1.569938   slack (MET)




===========================================================================
report_checks --slack_max -0.01
============================================================================
======================= nom_slow_1p08V_125C Corner ===================================

No paths found.


===========================================================================
 report_check_types -max_slew -max_cap -max_fanout -violators
============================================================================
======================= nom_slow_1p08V_125C Corner ===================================



===========================================================================
report_parasitic_annotation -report_unannotated
============================================================================
Found 2 unannotated drivers.
 clk_i
 rst_ni
Found 0 partially unannotated drivers.

===========================================================================
max slew violation count 0
max fanout violation count 0
max cap violation count 0
============================================================================

===========================================================================
check_setup -verbose -unconstrained_endpoints -multiple_clock -no_clock -no_input_delay -loops -generated_clocks
===========================================================================
