Clock: clk
Sources: clk_i 
Generated: no
Virtual: yes
Propagated: no
Period: 10.000000

===========================================================================
report_clock_properties
============================================================================
Clock                   Period          Waveform
----------------------------------------------------
clk                  10.000000    0.000000  5.000000

===========================================================================
report_clock_latency
============================================================================
Clock clk
rise -> rise
    min     max
0.000000 0.000000 source latency
0.102590         network latency u_boot_spi/clk_i
        0.000000 network latency u_ram/clk_i
---------------
0.102590 0.000000 latency
        -0.102590 skew

fall -> fall
    min     max
0.000000 0.000000 source latency
0.102590         network latency u_boot_spi/clk_i
        0.000000 network latency u_ram/clk_i
---------------
0.102590 0.000000 latency
        -0.102590 skew



===========================================================================
report_clock_min_period
============================================================================
clk period_min = 7.96 fmax = 125.61
