Clock: clk
Sources: clk_i 
Generated: no
Virtual: yes
Propagated: no
Period: 10.000000

===========================================================================
report_clock_properties
============================================================================
Clock                   Period          Waveform
----------------------------------------------------
clk                  10.000000    0.000000  5.000000

===========================================================================
report_clock_latency
============================================================================
Clock clk
rise -> rise
    min     max
0.000000 0.000000 source latency
0.325305         network latency u_boot_spi/clk_i
        0.357759 network latency u_ram/clk_i
---------------
0.325305 0.357759 latency
        0.032454 skew

fall -> fall
    min     max
0.000000 0.000000 source latency
0.325153         network latency u_boot_spi/clk_i
        0.356996 network latency u_ram/clk_i
---------------
0.325153 0.356996 latency
        0.031843 skew



===========================================================================
report_clock_min_period
============================================================================
clk period_min = 5.71 fmax = 175.07
