[WARNING ORD-0039] .openroad ignored with -python
Unannotated report:
['report_parasitic_annotation -report_unannotated\n',
 '============================================================================\n',
 'Found 31 unannotated drivers.\n',
 ' clkload0/Y\n',
 ' u_boot_spi/boot_done\n',
 ' u_cpu/trap\n',
 ' u_ic/m_bresp[0]\n',
 ' u_ic/m_bresp[1]\n',
 ' u_ic/m_rresp[0]\n',
 ' u_ic/m_rresp[1]\n',
 ' u_ic/s_arprot[0]\n',
 ' u_ic/s_arprot[10]\n',
 ' u_ic/s_arprot[11]\n',
 ' u_ic/s_arprot[1]\n',
 ' u_ic/s_arprot[2]\n',
 ' u_ic/s_arprot[3]\n',
 ' u_ic/s_arprot[4]\n',
 ' u_ic/s_arprot[5]\n',
 ' u_ic/s_arprot[6]\n',
 ' u_ic/s_arprot[7]\n',
 ' u_ic/s_arprot[8]\n',
 ' u_ic/s_arprot[9]\n',
 ' u_ic/s_awprot[0]\n',
 ' u_ic/s_awprot[10]\n',
 ' u_ic/s_awprot[11]\n',
 ' u_ic/s_awprot[1]\n',
 ' u_ic/s_awprot[2]\n',
 ' u_ic/s_awprot[3]\n',
 ' u_ic/s_awprot[4]\n',
 ' u_ic/s_awprot[5]\n',
 ' u_ic/s_awprot[6]\n',
 ' u_ic/s_awprot[7]\n',
 ' u_ic/s_awprot[8]\n',
 ' u_ic/s_awprot[9]\n',
 'Found 0 partially unannotated drivers.\n',
 '\n']
Reported nets:
['clkload0/Y',
 'u_boot_spi/boot_done',
 'u_cpu/trap',
 'u_ic/m_bresp[0]',
 'u_ic/m_bresp[1]',
 'u_ic/m_rresp[0]',
 'u_ic/m_rresp[1]',
 'u_ic/s_arprot[0]',
 'u_ic/s_arprot[10]',
 'u_ic/s_arprot[11]',
 'u_ic/s_arprot[1]',
 'u_ic/s_arprot[2]',
 'u_ic/s_arprot[3]',
 'u_ic/s_arprot[4]',
 'u_ic/s_arprot[5]',
 'u_ic/s_arprot[6]',
 'u_ic/s_arprot[7]',
 'u_ic/s_arprot[8]',
 'u_ic/s_arprot[9]',
 'u_ic/s_awprot[0]',
 'u_ic/s_awprot[10]',
 'u_ic/s_awprot[11]',
 'u_ic/s_awprot[1]',
 'u_ic/s_awprot[2]',
 'u_ic/s_awprot[3]',
 'u_ic/s_awprot[4]',
 'u_ic/s_awprot[5]',
 'u_ic/s_awprot[6]',
 'u_ic/s_awprot[7]',
 'u_ic/s_awprot[8]',
 'u_ic/s_awprot[9]']
Filtered nets:
[]
done
