
===========================================================================
 report_power
============================================================================
======================= nom_fast_1p32V_m40C Corner ===================================

Group                    Internal    Switching      Leakage        Total
                            Power        Power        Power        Power (Watts)
------------------------------------------------------------------------
Sequential           0.000000e+00 0.000000e+00 0.000000e+00 0.000000e+00   0.0%
Combinational        7.566429e-06 1.366770e-05 6.338111e-08 2.129751e-05   4.4%
Clock                6.517796e-05 1.721236e-04 2.288325e-04 4.661341e-04  95.6%
Macro                0.000000e+00 0.000000e+00 0.000000e+00 0.000000e+00   0.0%
Pad                  0.000000e+00 0.000000e+00 0.000000e+00 0.000000e+00   0.0%
------------------------------------------------------------------------
Total                7.274436e-05 1.857913e-04 2.288964e-04 4.874320e-04 100.0%
                            14.9%        38.1%        47.0%

