Starting…
Running 'Verilator.Lint' at 'runs/run_2/01-verilator-lint'…
Logging subprocess to [repr.filename]'runs/run_2/01-verilator-lint/verilator-lint.log'[/repr.filename]…
Running 'Checker.LintTimingConstructs' at 'runs/run_2/02-checker-linttimingconstructs'…
Check for Lint Timing Errors clear.
Running 'Checker.LintErrors' at 'runs/run_2/03-checker-linterrors'…
Check for Lint errors clear.
Running 'Checker.LintWarnings' at 'runs/run_2/04-checker-lintwarnings'…
119 Lint warnings found.
Running 'Yosys.JsonHeader' at 'runs/run_2/05-yosys-jsonheader'…
Logging subprocess to [repr.filename]'runs/run_2/05-yosys-jsonheader/yosys-jsonheader.log'[/repr.filename]…
Running 'Yosys.Synthesis' at 'runs/run_2/06-yosys-synthesis'…
Logging subprocess to [repr.filename]'runs/run_2/06-yosys-synthesis/yosys-synthesis.log'[/repr.filename]…
Parsing synthesis checks…
Parsing synthesis checks…
Running 'Checker.YosysUnmappedCells' at 'runs/run_2/07-checker-yosysunmappedcells'…
Check for Unmapped Yosys instances clear.
Running 'Checker.YosysSynthChecks' at 'runs/run_2/08-checker-yosyssynthchecks'…
Check for Yosys check errors clear.
Running 'Checker.NetlistAssignStatements' at 'runs/run_2/09-checker-netlistassignstatements'…
Running 'OpenROAD.CheckSDCFiles' at 'runs/run_2/10-openroad-checksdcfiles'…
'PNR_SDC_FILE' is not defined. Using generic fallback SDC for OpenROAD PnR steps.
'SIGNOFF_SDC_FILE' is not defined. Using generic fallback SDC for OpenROAD PnR steps.
Running 'OpenROAD.CheckMacroInstances' at 'runs/run_2/11-openroad-checkmacroinstances'…
Netlists found for macro picorv32_macro, but no parasitics extraction found at corner nom_typ_1p20V_25C. The netlist cannot be used for timing on this module.
No libs found for macro picorv32_macro at corner nom_typ_1p20V_25C. The module will be black-boxed.
Netlists found for macro interconnect_macro, but no parasitics extraction found at corner nom_typ_1p20V_25C. The netlist cannot be used for timing on this module.
No libs found for macro interconnect_macro at corner nom_typ_1p20V_25C. The module will be black-boxed.
Netlists found for macro peripherals_macro, but no parasitics extraction found at corner nom_typ_1p20V_25C. The netlist cannot be used for timing on this module.
No libs found for macro peripherals_macro at corner nom_typ_1p20V_25C. The module will be black-boxed.
Netlists found for macro boot_spi_macro, but no parasitics extraction found at corner nom_typ_1p20V_25C. The netlist cannot be used for timing on this module.
No libs found for macro boot_spi_macro at corner nom_typ_1p20V_25C. The module will be black-boxed.
Netlists found for macro ram_macro, but no parasitics extraction found at corner nom_typ_1p20V_25C. The netlist cannot be used for timing on this module.
No libs found for macro ram_macro at corner nom_typ_1p20V_25C. The module will be black-boxed.
No libs found for macro picorv32_macro at corner nom_typ_1p20V_25C. The module will be black-boxed.
No libs found for macro interconnect_macro at corner nom_typ_1p20V_25C. The module will be black-boxed.
No libs found for macro peripherals_macro at corner nom_typ_1p20V_25C. The module will be black-boxed.
No libs found for macro boot_spi_macro at corner nom_typ_1p20V_25C. The module will be black-boxed.
No libs found for macro ram_macro at corner nom_typ_1p20V_25C. The module will be black-boxed.
Logging subprocess to [repr.filename]'runs/run_2/11-openroad-checkmacroinstances/openroad-checkmacroinstances.log'[/repr.filename]…
Running 'OpenROAD.STAPrePNR' at 'runs/run_2/12-openroad-staprepnr'…
Netlists found for macro picorv32_macro, but no parasitics extraction found at corner nom_fast_1p32V_m40C. The netlist cannot be used for timing on this module.
No libs found for macro picorv32_macro at corner nom_fast_1p32V_m40C. The module will be black-boxed.
Netlists found for macro interconnect_macro, but no parasitics extraction found at corner nom_fast_1p32V_m40C. The netlist cannot be used for timing on this module.
No libs found for macro interconnect_macro at corner nom_fast_1p32V_m40C. The module will be black-boxed.
Netlists found for macro peripherals_macro, but no parasitics extraction found at corner nom_fast_1p32V_m40C. The netlist cannot be used for timing on this module.
No libs found for macro peripherals_macro at corner nom_fast_1p32V_m40C. The module will be black-boxed.
Netlists found for macro boot_spi_macro, but no parasitics extraction found at corner nom_fast_1p32V_m40C. The netlist cannot be used for timing on this module.
No libs found for macro boot_spi_macro at corner nom_fast_1p32V_m40C. The module will be black-boxed.
Netlists found for macro ram_macro, but no parasitics extraction found at corner nom_fast_1p32V_m40C. The netlist cannot be used for timing on this module.
No libs found for macro ram_macro at corner nom_fast_1p32V_m40C. The module will be black-boxed.
Starting STA for the nom_fast_1p32V_m40C timing corner…
Netlists found for macro picorv32_macro, but no parasitics extraction found at corner nom_slow_1p08V_125C. The netlist cannot be used for timing on this module.
No libs found for macro picorv32_macro at corner nom_slow_1p08V_125C. The module will be black-boxed.
Netlists found for macro interconnect_macro, but no parasitics extraction found at corner nom_slow_1p08V_125C. The netlist cannot be used for timing on this module.
No libs found for macro interconnect_macro at corner nom_slow_1p08V_125C. The module will be black-boxed.
Logging subprocess to [repr.filename]'runs/run_2/12-openroad-staprepnr/nom_fast_1p32V_m40C/sta.log'[/repr.filename]…
Netlists found for macro peripherals_macro, but no parasitics extraction found at corner nom_slow_1p08V_125C. The netlist cannot be used for timing on this module.
No libs found for macro peripherals_macro at corner nom_slow_1p08V_125C. The module will be black-boxed.
Netlists found for macro boot_spi_macro, but no parasitics extraction found at corner nom_slow_1p08V_125C. The netlist cannot be used for timing on this module.
No libs found for macro boot_spi_macro at corner nom_slow_1p08V_125C. The module will be black-boxed.
Netlists found for macro ram_macro, but no parasitics extraction found at corner nom_slow_1p08V_125C. The netlist cannot be used for timing on this module.
No libs found for macro ram_macro at corner nom_slow_1p08V_125C. The module will be black-boxed.
Starting STA for the nom_slow_1p08V_125C timing corner…
Netlists found for macro picorv32_macro, but no parasitics extraction found at corner nom_typ_1p20V_25C. The netlist cannot be used for timing on this module.
No libs found for macro picorv32_macro at corner nom_typ_1p20V_25C. The module will be black-boxed.
Netlists found for macro interconnect_macro, but no parasitics extraction found at corner nom_typ_1p20V_25C. The netlist cannot be used for timing on this module.
No libs found for macro interconnect_macro at corner nom_typ_1p20V_25C. The module will be black-boxed.
Netlists found for macro peripherals_macro, but no parasitics extraction found at corner nom_typ_1p20V_25C. The netlist cannot be used for timing on this module.
Logging subprocess to [repr.filename]'runs/run_2/12-openroad-staprepnr/nom_slow_1p08V_125C/sta.log'[/repr.filename]…
No libs found for macro peripherals_macro at corner nom_typ_1p20V_25C. The module will be black-boxed.
Netlists found for macro boot_spi_macro, but no parasitics extraction found at corner nom_typ_1p20V_25C. The netlist cannot be used for timing on this module.
No libs found for macro boot_spi_macro at corner nom_typ_1p20V_25C. The module will be black-boxed.
Netlists found for macro ram_macro, but no parasitics extraction found at corner nom_typ_1p20V_25C. The netlist cannot be used for timing on this module.
No libs found for macro ram_macro at corner nom_typ_1p20V_25C. The module will be black-boxed.
Starting STA for the nom_typ_1p20V_25C timing corner…
Logging subprocess to [repr.filename]'runs/run_2/12-openroad-staprepnr/nom_typ_1p20V_25C/sta.log'[/repr.filename]…
Finished STA for the nom_fast_1p32V_m40C timing corner.
Finished STA for the nom_slow_1p08V_125C timing corner.
Finished STA for the nom_typ_1p20V_25C timing corner.
Running 'OpenROAD.Floorplan' at 'runs/run_2/13-openroad-floorplan'…
No libs found for macro picorv32_macro at corner nom_typ_1p20V_25C. The module will be black-boxed.
No libs found for macro interconnect_macro at corner nom_typ_1p20V_25C. The module will be black-boxed.
No libs found for macro peripherals_macro at corner nom_typ_1p20V_25C. The module will be black-boxed.
No libs found for macro boot_spi_macro at corner nom_typ_1p20V_25C. The module will be black-boxed.
No libs found for macro ram_macro at corner nom_typ_1p20V_25C. The module will be black-boxed.
Logging subprocess to [repr.filename]'runs/run_2/13-openroad-floorplan/openroad-floorplan.log'[/repr.filename]…
[ORD-2011] LEF master boot_spi_macro has no liberty cell.
[ORD-2011] LEF master picorv32_macro has no liberty cell.
[ORD-2011] LEF master interconnect_macro has no liberty cell.
[ORD-2011] LEF master peripherals_macro has no liberty cell.
[ORD-2011] LEF master ram_macro has no liberty cell.
[IFP-0028] Core area lower left (50.000, 50.000) snapped to (50.400, 52.920).
Running 'OpenROAD.DumpRCValues' at 'runs/run_2/14-openroad-dumprcvalues'…
No libs found for macro picorv32_macro at corner nom_typ_1p20V_25C. The module will be black-boxed.
No libs found for macro interconnect_macro at corner nom_typ_1p20V_25C. The module will be black-boxed.
No libs found for macro peripherals_macro at corner nom_typ_1p20V_25C. The module will be black-boxed.
No libs found for macro boot_spi_macro at corner nom_typ_1p20V_25C. The module will be black-boxed.
No libs found for macro ram_macro at corner nom_typ_1p20V_25C. The module will be black-boxed.
Logging subprocess to [repr.filename]'runs/run_2/14-openroad-dumprcvalues/openroad-dumprcvalues.log'[/repr.filename]…
Running 'Odb.CheckMacroAntennaProperties' at 'runs/run_2/15-odb-checkmacroantennaproperties'…
Logging subprocess to [repr.filename]'runs/run_2/15-odb-checkmacroantennaproperties/odb-checkmacroantennaproperties.log'[/repr.filename]…
Cell 'interconnect_macro' has (2) input pin(s) without antenna gate information. They might not be connected to a gate.
Cell 'peripherals_macro' has (61) input pin(s) without antenna gate information. They might not be connected to a gate.
Cell 'ram_macro' has (22) input pin(s) without antenna gate information. They might not be connected to a gate.
Running 'Odb.SetPowerConnections' at 'runs/run_2/16-odb-setpowerconnections'…
Logging subprocess to [repr.filename]'runs/run_2/16-odb-setpowerconnections/odb-setpowerconnections.log'[/repr.filename]…
Running 'Odb.ManualMacroPlacement' at 'runs/run_2/17-odb-manualmacroplacement'…
Using 'MACRO_PLACEMENT_CFG' is deprecated. It is recommended to use the new 'MACROS' configuration variable.
Logging subprocess to [repr.filename]'runs/run_2/17-odb-manualmacroplacement/odb-manualmacroplacement.log'[/repr.filename]…
Running 'OpenROAD.CutRows' at 'runs/run_2/18-openroad-cutrows'…
No libs found for macro picorv32_macro at corner nom_typ_1p20V_25C. The module will be black-boxed.
No libs found for macro interconnect_macro at corner nom_typ_1p20V_25C. The module will be black-boxed.
No libs found for macro peripherals_macro at corner nom_typ_1p20V_25C. The module will be black-boxed.
No libs found for macro boot_spi_macro at corner nom_typ_1p20V_25C. The module will be black-boxed.
No libs found for macro ram_macro at corner nom_typ_1p20V_25C. The module will be black-boxed.
Logging subprocess to [repr.filename]'runs/run_2/18-openroad-cutrows/openroad-cutrows.log'[/repr.filename]…
Gating variable for step 'OpenROAD.TapEndcapInsertion' set to 'False'- the step will be skipped.
Skipping step 'Tap/Decap Insertion'…
Running 'Odb.AddPDNObstructions' at 'runs/run_2/19-odb-addpdnobstructions'…
Logging subprocess to [repr.filename]'runs/run_2/19-odb-addpdnobstructions/odb-addpdnobstructions.log'[/repr.filename]…
Running 'OpenROAD.GeneratePDN' at 'runs/run_2/20-openroad-generatepdn'…
'PDN_CFG' not explicitly set, setting it to /nix/store/8y4m6wgn5kqlbig1qwnwbxijqqp0jwib-python3-3.13.9-env/lib/python3.13/site-packages/librelane/scripts/openroad/common/pdn_cfg.tcl…
No libs found for macro picorv32_macro at corner nom_typ_1p20V_25C. The module will be black-boxed.
No libs found for macro interconnect_macro at corner nom_typ_1p20V_25C. The module will be black-boxed.
No libs found for macro peripherals_macro at corner nom_typ_1p20V_25C. The module will be black-boxed.
No libs found for macro boot_spi_macro at corner nom_typ_1p20V_25C. The module will be black-boxed.
No libs found for macro ram_macro at corner nom_typ_1p20V_25C. The module will be black-boxed.
Logging subprocess to [repr.filename]'runs/run_2/20-openroad-generatepdn/openroad-generatepdn.log'[/repr.filename]…
[PSM-0038] Unconnected shape on net VSS at (224.460um, 214.490um) - (226.660um, 457.670um), layer: TopMetal1.
[PSM-0038] Unconnected shape on net VSS at (300.060um, 214.490um) - (302.260um, 457.670um), layer: TopMetal1.
[PSM-0038] Unconnected shape on net VSS at (375.660um, 214.490um) - (377.860um, 457.670um), layer: TopMetal1.
[PSM-0038] Unconnected shape on net VSS at (205.760um, 233.820um) - (448.640um, 236.020um), layer: TopMetal2.
[PSM-0038] Unconnected shape on net VSS at (205.760um, 309.420um) - (448.640um, 311.620um), layer: TopMetal2.
[PSM-0038] Unconnected shape on net VSS at (205.760um, 385.020um) - (448.640um, 387.220um), layer: TopMetal2.
[PSM-0039] Unconnected instance u_boot_spi/VSS at location (314.180um, 323.300um).
[PSM-0069] Check connectivity failed on VSS.
Grid check for VSS failed: PSM-0069
Running 'Odb.RemovePDNObstructions' at 'runs/run_2/21-odb-removepdnobstructions'…
Logging subprocess to [repr.filename]'runs/run_2/21-odb-removepdnobstructions/odb-removepdnobstructions.log'[/repr.filename]…
Running 'Odb.AddRoutingObstructions' at 'runs/run_2/22-odb-addroutingobstructions'…
Logging subprocess to [repr.filename]'runs/run_2/22-odb-addroutingobstructions/odb-addroutingobstructions.log'[/repr.filename]…
Running 'OpenROAD.GlobalPlacementSkipIO' at 'runs/run_2/23-openroad-globalplacementskipio'…
No libs found for macro picorv32_macro at corner nom_typ_1p20V_25C. The module will be black-boxed.
No libs found for macro interconnect_macro at corner nom_typ_1p20V_25C. The module will be black-boxed.
No libs found for macro peripherals_macro at corner nom_typ_1p20V_25C. The module will be black-boxed.
No libs found for macro boot_spi_macro at corner nom_typ_1p20V_25C. The module will be black-boxed.
No libs found for macro ram_macro at corner nom_typ_1p20V_25C. The module will be black-boxed.
Logging subprocess to [repr.filename]'runs/run_2/23-openroad-globalplacementskipio/openroad-globalplacementskipio.log'[/repr.filename]…
Running 'OpenROAD.IOPlacement' at 'runs/run_2/24-openroad-ioplacement'…
No libs found for macro picorv32_macro at corner nom_typ_1p20V_25C. The module will be black-boxed.
No libs found for macro interconnect_macro at corner nom_typ_1p20V_25C. The module will be black-boxed.
No libs found for macro peripherals_macro at corner nom_typ_1p20V_25C. The module will be black-boxed.
No libs found for macro boot_spi_macro at corner nom_typ_1p20V_25C. The module will be black-boxed.
No libs found for macro ram_macro at corner nom_typ_1p20V_25C. The module will be black-boxed.
Logging subprocess to [repr.filename]'runs/run_2/24-openroad-ioplacement/openroad-ioplacement.log'[/repr.filename]…
Running 'Odb.CustomIOPlacement' at 'runs/run_2/25-odb-customioplacement'…
No custom I/O placement file configured, skipping 'Odb.CustomIOPlacement'…
Running 'Odb.ApplyDEFTemplate' at 'runs/run_2/26-odb-applydeftemplate'…
No DEF template provided, skipping 'Odb.ApplyDEFTemplate'…
Running 'OpenROAD.GlobalPlacement' at 'runs/run_2/27-openroad-globalplacement'…
No libs found for macro picorv32_macro at corner nom_typ_1p20V_25C. The module will be black-boxed.
No libs found for macro interconnect_macro at corner nom_typ_1p20V_25C. The module will be black-boxed.
No libs found for macro peripherals_macro at corner nom_typ_1p20V_25C. The module will be black-boxed.
No libs found for macro boot_spi_macro at corner nom_typ_1p20V_25C. The module will be black-boxed.
No libs found for macro ram_macro at corner nom_typ_1p20V_25C. The module will be black-boxed.
Logging subprocess to [repr.filename]'runs/run_2/27-openroad-globalplacement/openroad-globalplacement.log'[/repr.filename]…
Running 'Odb.WriteVerilogHeader' at 'runs/run_2/28-odb-writeverilogheader'…
Logging subprocess to [repr.filename]'runs/run_2/28-odb-writeverilogheader/odb-writeverilogheader.log'[/repr.filename]…
Running 'Checker.PowerGridViolations' at 'runs/run_2/29-checker-powergridviolations'…
546 power grid violations (as reported by OpenROAD PSM- you may ignore these if LVS passes) found.
Running 'OpenROAD.STAMidPNR' at 'runs/run_2/30-openroad-stamidpnr'…
No libs found for macro picorv32_macro at corner nom_typ_1p20V_25C. The module will be black-boxed.
No libs found for macro interconnect_macro at corner nom_typ_1p20V_25C. The module will be black-boxed.
No libs found for macro peripherals_macro at corner nom_typ_1p20V_25C. The module will be black-boxed.
No libs found for macro boot_spi_macro at corner nom_typ_1p20V_25C. The module will be black-boxed.
No libs found for macro ram_macro at corner nom_typ_1p20V_25C. The module will be black-boxed.
Logging subprocess to [repr.filename]'runs/run_2/30-openroad-stamidpnr/openroad-stamidpnr.log'[/repr.filename]…
Gating variable for step 'OpenROAD.RepairDesignPostGPL' set to 'False'- the step will be skipped.
Skipping step 'Repair Design (Post-Global Placement)'…
Running 'Odb.ManualGlobalPlacement' at 'runs/run_2/31-odb-manualglobalplacement'…
'MANUAL_GLOBAL_PLACEMENTS' not set. Skipping 'Odb.ManualGlobalPlacement'…
Running 'OpenROAD.DetailedPlacement' at 'runs/run_2/32-openroad-detailedplacement'…
No libs found for macro picorv32_macro at corner nom_typ_1p20V_25C. The module will be black-boxed.
No libs found for macro interconnect_macro at corner nom_typ_1p20V_25C. The module will be black-boxed.
No libs found for macro peripherals_macro at corner nom_typ_1p20V_25C. The module will be black-boxed.
No libs found for macro boot_spi_macro at corner nom_typ_1p20V_25C. The module will be black-boxed.
No libs found for macro ram_macro at corner nom_typ_1p20V_25C. The module will be black-boxed.
Logging subprocess to [repr.filename]'runs/run_2/32-openroad-detailedplacement/openroad-detailedplacement.log'[/repr.filename]…
Running 'OpenROAD.CTS' at 'runs/run_2/33-openroad-cts'…
No libs found for macro picorv32_macro at corner nom_fast_1p32V_m40C. The module will be black-boxed.
No libs found for macro interconnect_macro at corner nom_fast_1p32V_m40C. The module will be black-boxed.
No libs found for macro peripherals_macro at corner nom_fast_1p32V_m40C. The module will be black-boxed.
No libs found for macro boot_spi_macro at corner nom_fast_1p32V_m40C. The module will be black-boxed.
No libs found for macro ram_macro at corner nom_fast_1p32V_m40C. The module will be black-boxed.
No libs found for macro picorv32_macro at corner nom_slow_1p08V_125C. The module will be black-boxed.
No libs found for macro interconnect_macro at corner nom_slow_1p08V_125C. The module will be black-boxed.
No libs found for macro peripherals_macro at corner nom_slow_1p08V_125C. The module will be black-boxed.
No libs found for macro boot_spi_macro at corner nom_slow_1p08V_125C. The module will be black-boxed.
No libs found for macro ram_macro at corner nom_slow_1p08V_125C. The module will be black-boxed.
No libs found for macro picorv32_macro at corner nom_typ_1p20V_25C. The module will be black-boxed.
No libs found for macro interconnect_macro at corner nom_typ_1p20V_25C. The module will be black-boxed.
No libs found for macro peripherals_macro at corner nom_typ_1p20V_25C. The module will be black-boxed.
No libs found for macro boot_spi_macro at corner nom_typ_1p20V_25C. The module will be black-boxed.
No libs found for macro ram_macro at corner nom_typ_1p20V_25C. The module will be black-boxed.
Logging subprocess to [repr.filename]'runs/run_2/33-openroad-cts/openroad-cts.log'[/repr.filename]…
Running 'OpenROAD.STAMidPNR-1' at 'runs/run_2/34-openroad-stamidpnr-1'…
No libs found for macro picorv32_macro at corner nom_typ_1p20V_25C. The module will be black-boxed.
No libs found for macro interconnect_macro at corner nom_typ_1p20V_25C. The module will be black-boxed.
No libs found for macro peripherals_macro at corner nom_typ_1p20V_25C. The module will be black-boxed.
No libs found for macro boot_spi_macro at corner nom_typ_1p20V_25C. The module will be black-boxed.
No libs found for macro ram_macro at corner nom_typ_1p20V_25C. The module will be black-boxed.
Logging subprocess to [repr.filename]'runs/run_2/34-openroad-stamidpnr-1/openroad-stamidpnr-1.log'[/repr.filename]…
Gating variable for step 'OpenROAD.ResizerTimingPostCTS' set to 'False'- the step will be skipped.
Skipping step 'Resizer Timing Optimizations (Post-Clock Tree Synthesis)'…
Running 'OpenROAD.STAMidPNR-2' at 'runs/run_2/35-openroad-stamidpnr-2'…
No libs found for macro picorv32_macro at corner nom_typ_1p20V_25C. The module will be black-boxed.
No libs found for macro interconnect_macro at corner nom_typ_1p20V_25C. The module will be black-boxed.
No libs found for macro peripherals_macro at corner nom_typ_1p20V_25C. The module will be black-boxed.
No libs found for macro boot_spi_macro at corner nom_typ_1p20V_25C. The module will be black-boxed.
No libs found for macro ram_macro at corner nom_typ_1p20V_25C. The module will be black-boxed.
Logging subprocess to [repr.filename]'runs/run_2/35-openroad-stamidpnr-2/openroad-stamidpnr-2.log'[/repr.filename]…
Running 'OpenROAD.GlobalRouting' at 'runs/run_2/36-openroad-globalrouting'…
No libs found for macro picorv32_macro at corner nom_typ_1p20V_25C. The module will be black-boxed.
No libs found for macro interconnect_macro at corner nom_typ_1p20V_25C. The module will be black-boxed.
No libs found for macro peripherals_macro at corner nom_typ_1p20V_25C. The module will be black-boxed.
No libs found for macro boot_spi_macro at corner nom_typ_1p20V_25C. The module will be black-boxed.
No libs found for macro ram_macro at corner nom_typ_1p20V_25C. The module will be black-boxed.
Logging subprocess to [repr.filename]'runs/run_2/36-openroad-globalrouting/openroad-globalrouting.log'[/repr.filename]…
Running 'OpenROAD.CheckAntennas' at 'runs/run_2/37-openroad-checkantennas'…
No libs found for macro picorv32_macro at corner nom_typ_1p20V_25C. The module will be black-boxed.
No libs found for macro interconnect_macro at corner nom_typ_1p20V_25C. The module will be black-boxed.
No libs found for macro peripherals_macro at corner nom_typ_1p20V_25C. The module will be black-boxed.
No libs found for macro boot_spi_macro at corner nom_typ_1p20V_25C. The module will be black-boxed.
No libs found for macro ram_macro at corner nom_typ_1p20V_25C. The module will be black-boxed.
Logging subprocess to [repr.filename]'runs/run_2/37-openroad-checkantennas/openroad-checkantennas.log'[/repr.filename]…
Gating variable for step 'OpenROAD.RepairDesignPostGRT' set to 'False'- the step will be skipped.
Skipping step 'Repair Design (Post-Global Routing)'…
Running 'Odb.DiodesOnPorts' at 'runs/run_2/38-odb-diodesonports'…
'DIODE_ON_PORTS' is set to 'none': skipping 'Odb.DiodesOnPorts'…
Gating variable for step 'Odb.HeuristicDiodeInsertion' set to 'False'- the step will be skipped.
Skipping step 'Heuristic Diode Insertion'…
Gating variable for step 'OpenROAD.RepairAntennas' set to 'False'- the step will be skipped.
Skipping step 'Antenna Repair'…
Gating variable for step 'OpenROAD.ResizerTimingPostGRT' set to 'False'- the step will be skipped.
Skipping step 'Resizer Timing Optimizations (Post-Global Routing)'…
Running 'OpenROAD.STAMidPNR-3' at 'runs/run_2/39-openroad-stamidpnr-3'…
No libs found for macro picorv32_macro at corner nom_typ_1p20V_25C. The module will be black-boxed.
No libs found for macro interconnect_macro at corner nom_typ_1p20V_25C. The module will be black-boxed.
No libs found for macro peripherals_macro at corner nom_typ_1p20V_25C. The module will be black-boxed.
No libs found for macro boot_spi_macro at corner nom_typ_1p20V_25C. The module will be black-boxed.
No libs found for macro ram_macro at corner nom_typ_1p20V_25C. The module will be black-boxed.
Logging subprocess to [repr.filename]'runs/run_2/39-openroad-stamidpnr-3/openroad-stamidpnr-3.log'[/repr.filename]…
Running 'OpenROAD.DetailedRouting' at 'runs/run_2/40-openroad-detailedrouting'…
Running TritonRoute with 12 threads…
No libs found for macro picorv32_macro at corner nom_typ_1p20V_25C. The module will be black-boxed.
No libs found for macro interconnect_macro at corner nom_typ_1p20V_25C. The module will be black-boxed.
No libs found for macro peripherals_macro at corner nom_typ_1p20V_25C. The module will be black-boxed.
No libs found for macro boot_spi_macro at corner nom_typ_1p20V_25C. The module will be black-boxed.
No libs found for macro ram_macro at corner nom_typ_1p20V_25C. The module will be black-boxed.
Logging subprocess to [repr.filename]'runs/run_2/40-openroad-detailedrouting/openroad-detailedrouting.log'[/repr.filename]…
[DRT-0349] LEF58_ENCLOSURE with no CUTCLASS is not supported. Skipping for layer Cont
[DRT-0349] LEF58_ENCLOSURE with no CUTCLASS is not supported. Skipping for layer Via1
[DRT-0349] LEF58_ENCLOSURE with no CUTCLASS is not supported. Skipping for layer Via1
[DRT-0349] LEF58_ENCLOSURE with no CUTCLASS is not supported. Skipping for layer Via2
[DRT-0349] LEF58_ENCLOSURE with no CUTCLASS is not supported. Skipping for layer Via3
[DRT-0349] LEF58_ENCLOSURE with no CUTCLASS is not supported. Skipping for layer Via4
[DRT-0349] LEF58_ENCLOSURE with no CUTCLASS is not supported. Skipping for layer TopVia1
[DRT-0349] LEF58_ENCLOSURE with no CUTCLASS is not supported. Skipping for layer TopVia1
[DRT-0349] LEF58_ENCLOSURE with no CUTCLASS is not supported. Skipping for layer TopVia2
[DRT-0349] LEF58_ENCLOSURE with no CUTCLASS is not supported. Skipping for layer TopVia2
Running 'Odb.RemoveRoutingObstructions' at 'runs/run_2/41-odb-removeroutingobstructions'…
Logging subprocess to [repr.filename]'runs/run_2/41-odb-removeroutingobstructions/odb-removeroutingobstructions.log'[/repr.filename]…
Running 'OpenROAD.CheckAntennas-1' at 'runs/run_2/42-openroad-checkantennas-1'…
No libs found for macro picorv32_macro at corner nom_typ_1p20V_25C. The module will be black-boxed.
No libs found for macro interconnect_macro at corner nom_typ_1p20V_25C. The module will be black-boxed.
No libs found for macro peripherals_macro at corner nom_typ_1p20V_25C. The module will be black-boxed.
No libs found for macro boot_spi_macro at corner nom_typ_1p20V_25C. The module will be black-boxed.
No libs found for macro ram_macro at corner nom_typ_1p20V_25C. The module will be black-boxed.
Logging subprocess to [repr.filename]'runs/run_2/42-openroad-checkantennas-1/openroad-checkantennas-1.log'[/repr.filename]…
Running 'Checker.TrDRC' at 'runs/run_2/43-checker-trdrc'…
Check for Routing DRC errors clear.
Running 'Odb.ReportDisconnectedPins' at 'runs/run_2/44-odb-reportdisconnectedpins'…
Logging subprocess to [repr.filename]'runs/run_2/44-odb-reportdisconnectedpins/odb-reportdisconnectedpins.log'[/repr.filename]…
Running 'Checker.DisconnectedPins' at 'runs/run_2/45-checker-disconnectedpins'…
Check for critical disconnected pins clear.
Running 'Odb.ReportWireLength' at 'runs/run_2/46-odb-reportwirelength'…
Logging subprocess to [repr.filename]'runs/run_2/46-odb-reportwirelength/odb-reportwirelength.log'[/repr.filename]…
Running 'Checker.WireLength' at 'runs/run_2/47-checker-wirelength'…
Threshold for Threshold-surpassing long wires is not set. The checker will be skipped.
Gating variable for step 'OpenROAD.FillInsertion' set to 'False'- the step will be skipped.
Skipping step 'Fill Insertion'…
Running 'Odb.CellFrequencyTables' at 'runs/run_2/48-odb-cellfrequencytables'…
Logging subprocess to [repr.filename]'runs/run_2/48-odb-cellfrequencytables/buffer_list.txt'[/repr.filename]…
Logging subprocess to [repr.filename]'runs/run_2/48-odb-cellfrequencytables/odb-cellfrequencytables.log'[/repr.filename]…
Running 'OpenROAD.RCX' at 'runs/run_2/49-openroad-rcx'…
Running RCX for corners matching nom_* (/home/jaikrishn/Documents/hardware/picorv32_axi4lite_port/phyisical_design/runs/run_2/49-openroad-rcx/nom/rcx.log)…
Logging subprocess to [repr.filename]'runs/run_2/49-openroad-rcx/nom/rcx.log'[/repr.filename]…
Finished RCX for corners matching nom_*.
Running 'OpenROAD.STAPostPNR' at 'runs/run_2/50-openroad-stapostpnr'…
Netlists found for macro picorv32_macro, but no parasitics extraction found at corner nom_fast_1p32V_m40C. The netlist cannot be used for timing on this module.
No libs found for macro picorv32_macro at corner nom_fast_1p32V_m40C. The module will be black-boxed.
Netlists found for macro interconnect_macro, but no parasitics extraction found at corner nom_fast_1p32V_m40C. The netlist cannot be used for timing on this module.
No libs found for macro interconnect_macro at corner nom_fast_1p32V_m40C. The module will be black-boxed.
Netlists found for macro peripherals_macro, but no parasitics extraction found at corner nom_fast_1p32V_m40C. The netlist cannot be used for timing on this module.
No libs found for macro peripherals_macro at corner nom_fast_1p32V_m40C. The module will be black-boxed.
Netlists found for macro boot_spi_macro, but no parasitics extraction found at corner nom_fast_1p32V_m40C. The netlist cannot be used for timing on this module.
No libs found for macro boot_spi_macro at corner nom_fast_1p32V_m40C. The module will be black-boxed.
Netlists found for macro ram_macro, but no parasitics extraction found at corner nom_fast_1p32V_m40C. The netlist cannot be used for timing on this module.
No libs found for macro ram_macro at corner nom_fast_1p32V_m40C. The module will be black-boxed.
Starting STA for the nom_fast_1p32V_m40C timing corner…
Netlists found for macro picorv32_macro, but no parasitics extraction found at corner nom_slow_1p08V_125C. The netlist cannot be used for timing on this module.
No libs found for macro picorv32_macro at corner nom_slow_1p08V_125C. The module will be black-boxed.
Netlists found for macro interconnect_macro, but no parasitics extraction found at corner nom_slow_1p08V_125C. The netlist cannot be used for timing on this module.
No libs found for macro interconnect_macro at corner nom_slow_1p08V_125C. The module will be black-boxed.
Netlists found for macro peripherals_macro, but no parasitics extraction found at corner nom_slow_1p08V_125C. The netlist cannot be used for timing on this module.
No libs found for macro peripherals_macro at corner nom_slow_1p08V_125C. The module will be black-boxed.
Netlists found for macro boot_spi_macro, but no parasitics extraction found at corner nom_slow_1p08V_125C. The netlist cannot be used for timing on this module.
Logging subprocess to [repr.filename]'runs/run_2/50-openroad-stapostpnr/nom_fast_1p32V_m40C/sta.log'[/repr.filename]…
No libs found for macro boot_spi_macro at corner nom_slow_1p08V_125C. The module will be black-boxed.
Netlists found for macro ram_macro, but no parasitics extraction found at corner nom_slow_1p08V_125C. The netlist cannot be used for timing on this module.
No libs found for macro ram_macro at corner nom_slow_1p08V_125C. The module will be black-boxed.
Starting STA for the nom_slow_1p08V_125C timing corner…
Netlists found for macro picorv32_macro, but no parasitics extraction found at corner nom_typ_1p20V_25C. The netlist cannot be used for timing on this module.
No libs found for macro picorv32_macro at corner nom_typ_1p20V_25C. The module will be black-boxed.
Netlists found for macro interconnect_macro, but no parasitics extraction found at corner nom_typ_1p20V_25C. The netlist cannot be used for timing on this module.
No libs found for macro interconnect_macro at corner nom_typ_1p20V_25C. The module will be black-boxed.
Netlists found for macro peripherals_macro, but no parasitics extraction found at corner nom_typ_1p20V_25C. The netlist cannot be used for timing on this module.
No libs found for macro peripherals_macro at corner nom_typ_1p20V_25C. The module will be black-boxed.
Netlists found for macro boot_spi_macro, but no parasitics extraction found at corner nom_typ_1p20V_25C. The netlist cannot be used for timing on this module.
No libs found for macro boot_spi_macro at corner nom_typ_1p20V_25C. The module will be black-boxed.
Logging subprocess to [repr.filename]'runs/run_2/50-openroad-stapostpnr/nom_slow_1p08V_125C/sta.log'[/repr.filename]…
Netlists found for macro ram_macro, but no parasitics extraction found at corner nom_typ_1p20V_25C. The netlist cannot be used for timing on this module.
No libs found for macro ram_macro at corner nom_typ_1p20V_25C. The module will be black-boxed.
Starting STA for the nom_typ_1p20V_25C timing corner…
Logging subprocess to [repr.filename]'runs/run_2/50-openroad-stapostpnr/nom_typ_1p20V_25C/sta.log'[/repr.filename]…
Finished STA for the nom_fast_1p32V_m40C timing corner.
Logging subprocess to [repr.filename]'runs/run_2/50-openroad-stapostpnr/nom_fast_1p32V_m40C/filter_unannotated.log'[/repr.filename]…
Finished STA for the nom_slow_1p08V_125C timing corner.
Logging subprocess to [repr.filename]'runs/run_2/50-openroad-stapostpnr/nom_slow_1p08V_125C/filter_unannotated.log'[/repr.filename]…
Finished STA for the nom_typ_1p20V_25C timing corner.
Logging subprocess to [repr.filename]'runs/run_2/50-openroad-stapostpnr/nom_typ_1p20V_25C/filter_unannotated.log'[/repr.filename]…
Gating variable for step 'OpenROAD.IRDropReport' set to 'False'- the step will be skipped.
Skipping step 'IR Drop Report'…
Running 'Magic.StreamOut' at 'runs/run_2/51-magic-streamout'…
Logging subprocess to [repr.filename]'runs/run_2/51-magic-streamout/picorv32_macro.get_bbox.log'[/repr.filename]…
Logging subprocess to [repr.filename]'runs/run_2/51-magic-streamout/interconnect_macro.get_bbox.log'[/repr.filename]…
Logging subprocess to [repr.filename]'runs/run_2/51-magic-streamout/peripherals_macro.get_bbox.log'[/repr.filename]…
Logging subprocess to [repr.filename]'runs/run_2/51-magic-streamout/boot_spi_macro.get_bbox.log'[/repr.filename]…
Logging subprocess to [repr.filename]'runs/run_2/51-magic-streamout/ram_macro.get_bbox.log'[/repr.filename]…
Logging subprocess to [repr.filename]'runs/run_2/51-magic-streamout/magic-streamout.log'[/repr.filename]…
Running 'KLayout.StreamOut' at 'runs/run_2/52-klayout-streamout'…
Logging subprocess to [repr.filename]'runs/run_2/52-klayout-streamout/klayout-streamout.log'[/repr.filename]…
Running 'KLayout.Render' at 'runs/run_2/53-klayout-render'…
Logging subprocess to [repr.filename]'runs/run_2/53-klayout-render/klayout-render.log'[/repr.filename]…
Running 'Magic.WriteLEF' at 'runs/run_2/54-magic-writelef'…
Logging subprocess to [repr.filename]'runs/run_2/54-magic-writelef/magic-writelef.log'[/repr.filename]…
Running 'Odb.CheckDesignAntennaProperties' at 'runs/run_2/55-odb-checkdesignantennaproperties'…
Logging subprocess to [repr.filename]'runs/run_2/55-odb-checkdesignantennaproperties/odb-checkdesignantennaproperties.log'[/repr.filename]…
Running 'KLayout.XOR' at 'runs/run_2/56-klayout-xor'…
Running XOR with 12 threads…
Logging subprocess to [repr.filename]'runs/run_2/56-klayout-xor/klayout-xor.log'[/repr.filename]…
Running 'Checker.XOR' at 'runs/run_2/57-checker-xor'…
Check for XOR differences clear.
Running 'Magic.DRC' at 'runs/run_2/58-magic-drc'…
Logging subprocess to [repr.filename]'runs/run_2/58-magic-drc/magic-drc.log'[/repr.filename]…
Running 'KLayout.DRC' at 'runs/run_2/59-klayout-drc'…
Running KLayout DRC with 12 threads…
Logging subprocess to [repr.filename]'runs/run_2/59-klayout-drc/klayout-drc.log'[/repr.filename]…
Logging subprocess to [repr.filename]'runs/run_2/59-klayout-drc/xml_drc_report_to_json.log'[/repr.filename]…
Running 'Checker.MagicDRC' at 'runs/run_2/60-checker-magicdrc'…
327336 Magic DRC errors found. - deferred
Running 'Checker.KLayoutDRC' at 'runs/run_2/61-checker-klayoutdrc'…
13 KLayout DRC errors found. - deferred
Running 'Magic.SpiceExtraction' at 'runs/run_2/62-magic-spiceextraction'…
Logging subprocess to [repr.filename]'runs/run_2/62-magic-spiceextraction/magic-spiceextraction.log'[/repr.filename]…
Running 'Checker.IllegalOverlap' at 'runs/run_2/63-checker-illegaloverlap'…
Check for Magic Illegal Overlap errors clear.
Running 'Netgen.LVS' at 'runs/run_2/64-netgen-lvs'…
Logging subprocess to [repr.filename]'runs/run_2/64-netgen-lvs/netgen-lvs.log'[/repr.filename]…
Running 'Checker.LVS' at 'runs/run_2/65-checker-lvs'…
372 LVS errors found. - deferred
Gating variable for step 'Yosys.EQY' set to 'False'- the step will be skipped.
Skipping step 'Equivalence Check'…
Running 'Checker.SetupViolations' at 'runs/run_2/66-checker-setupviolations'…
No setup violations found
Running 'Checker.HoldViolations' at 'runs/run_2/67-checker-holdviolations'…
No hold violations found
Running 'Checker.MaxSlewViolations' at 'runs/run_2/68-checker-maxslewviolations'…
Max Slew violations found in the following corners:
* nom_slow_1p08V_125C
No max slew violations found
Running 'Checker.MaxCapViolations' at 'runs/run_2/69-checker-maxcapviolations'…
No max cap violations found
Running 'Misc.ReportManufacturability' at 'runs/run_2/70-misc-reportmanufacturability'…
Saving views to '/home/jaikrishn/Documents/hardware/picorv32_axi4lite_port/phyisical_design/runs/run_2/final'…
