[WARNING ORD-0039] .openroad ignored with -python
                                Cells by Master                                 
┏━━━━━━━━━━━━━━━━━━━━━━━━━━━━━━━━━━━━━━━━━━━━━━━━━━━━━━━━━━━┳━━━━━━━━━━━━━━━━━━┓
┃ Cell                                                      ┃ Count            ┃
┡━━━━━━━━━━━━━━━━━━━━━━━━━━━━━━━━━━━━━━━━━━━━━━━━━━━━━━━━━━━╇━━━━━━━━━━━━━━━━━━┩
│ sg13g2_a21o_1                                             │ 6                │
│ sg13g2_a21oi_1                                            │ 75               │
│ sg13g2_a221oi_1                                           │ 9                │
│ sg13g2_a22oi_1                                            │ 4                │
│ sg13g2_and2_1                                             │ 43               │
│ sg13g2_and3_1                                             │ 8                │
│ sg13g2_and4_1                                             │ 16               │
│ sg13g2_buf_1                                              │ 158              │
│ sg13g2_buf_16                                             │ 33               │
│ sg13g2_buf_8                                              │ 16               │
│ sg13g2_decap_4                                            │ 308              │
│ sg13g2_decap_8                                            │ 2832             │
│ sg13g2_dfrbpq_1                                           │ 170              │
│ sg13g2_dlygate4sd3_1                                      │ 53               │
│ sg13g2_fill_1                                             │ 348              │
│ sg13g2_fill_2                                             │ 337              │
│ sg13g2_inv_1                                              │ 29               │
│ sg13g2_mux2_1                                             │ 34               │
│ sg13g2_nand2_1                                            │ 13               │
│ sg13g2_nand2b_1                                           │ 4                │
│ sg13g2_nand3_1                                            │ 15               │
│ sg13g2_nand3b_1                                           │ 1                │
│ sg13g2_nand4_1                                            │ 31               │
│ sg13g2_nor2_1                                             │ 89               │
│ sg13g2_nor2b_1                                            │ 18               │
│ sg13g2_nor3_1                                             │ 62               │
│ sg13g2_nor4_1                                             │ 36               │
│ sg13g2_o21ai_1                                            │ 43               │
│ sg13g2_or2_1                                              │ 1                │
│ sg13g2_or3_1                                              │ 1                │
│ sg13g2_or4_1                                              │ 1                │
│ sg13g2_tiehi                                              │ 170              │
│ sg13g2_tielo                                              │ 2                │
└───────────────────────────────────────────────────────────┴──────────────────┘
                               Cells by Function                                
┏━━━━━━━━━━━━━━━━━━━━━━━━━━━━━━━━━━━━━━━━━━━━━━━━━━━━━┳━━━━━━━━━━━━━━━━━━━━━━━━┓
┃ Cell Function                                       ┃ Count                  ┃
┡━━━━━━━━━━━━━━━━━━━━━━━━━━━━━━━━━━━━━━━━━━━━━━━━━━━━━╇━━━━━━━━━━━━━━━━━━━━━━━━┩
└─────────────────────────────────────────────────────┴────────────────────────┘
                                  Cells by SCL                                  
┏━━━━━━━━━━━━━━━━━━━━━━━━━━━━━━━━━┳━━━━━━━━━━━━━━━━━━━━━━━━━━━━━━━━━━━━━━━━━━━━┓
┃ SCL                             ┃ Count                                      ┃
┡━━━━━━━━━━━━━━━━━━━━━━━━━━━━━━━━━╇━━━━━━━━━━━━━━━━━━━━━━━━━━━━━━━━━━━━━━━━━━━━┩
└─────────────────────────────────┴────────────────────────────────────────────┘
                             Buffers by Cell Master                             
┏━━━━━━━━━━━━━━━━━━━━━━━━━━━━━━━━━━━━━━━━━━━━━━━━━━━━━━━━━━━┳━━━━━━━━━━━━━━━━━━┓
┃ Buffer                                                    ┃ Count            ┃
┡━━━━━━━━━━━━━━━━━━━━━━━━━━━━━━━━━━━━━━━━━━━━━━━━━━━━━━━━━━━╇━━━━━━━━━━━━━━━━━━┩
│ sg13g2_buf_1                                              │ 158              │
│ sg13g2_buf_16                                             │ 33               │
│ sg13g2_buf_8                                              │ 16               │
│ sg13g2_dlygate4sd3_1                                      │ 53               │
└───────────────────────────────────────────────────────────┴──────────────────┘
