
===========================================================================
report_checks -unconstrained
===========================================================================
======================= nom_typ_1p20V_25C Corner ===================================

Startpoint: _15060_ (rising edge-triggered flip-flop clocked by clk_i)
Endpoint: _14953_ (rising edge-triggered flip-flop clocked by clk_i)
Path Group: clk_i
Path Type: max

Fanout         Cap        Slew       Delay        Time   Description
---------------------------------------------------------------------------------------------
                                  0.000000    0.000000   clock clk_i (rise edge)
                                  0.000000    0.000000   clock source latency
     1    0.125510    0.000000    0.000000    0.000000 ^ clk_i (in)
                                                         clk_i (net)
                      0.126315    0.063158    0.063158 ^ clkbuf_0_clk_i/A (sg13g2_buf_16)
    16    0.436570    0.098979    0.132606    0.195764 ^ clkbuf_0_clk_i/X (sg13g2_buf_16)
                                                         clknet_0_clk_i (net)
                      0.198079    0.083328    0.279092 ^ clkbuf_4_15_0_clk_i/A (sg13g2_buf_8)
     2    0.054485    0.045722    0.142147    0.421240 ^ clkbuf_4_15_0_clk_i/X (sg13g2_buf_8)
                                                         clknet_4_15_0_clk_i (net)
                      0.049120    0.009268    0.430508 ^ clkbuf_5_31__f_clk_i/A (sg13g2_buf_16)
     4    0.077186    0.032534    0.083344    0.513851 ^ clkbuf_5_31__f_clk_i/X (sg13g2_buf_16)
                                                         clknet_5_31__leaf_clk_i (net)
                      0.034601    0.006083    0.519934 ^ clkbuf_leaf_67_clk_i/A (sg13g2_buf_8)
    13    0.080165    0.052013    0.093090    0.613024 ^ clkbuf_leaf_67_clk_i/X (sg13g2_buf_8)
                                                         clknet_leaf_67_clk_i (net)
                      0.052385    0.003494    0.616518 ^ _15060_/CLK (sg13g2_dfrbpq_1)
     4    0.072558    0.298225    0.364266    0.980784 ^ _15060_/Q (sg13g2_dfrbpq_1)
                                                         u_picorv32.picorv32_core.latched_branch (net)
                      0.298276    0.003316    0.984100 ^ fanout990/A (sg13g2_buf_1)
     8    0.150424    0.617796    0.507521    1.491621 ^ fanout990/X (sg13g2_buf_1)
                                                         net990 (net)
                      0.632414    0.075683    1.567304 ^ _08837_/A (sg13g2_and2_1)
     2    0.054299    0.227567    0.352252    1.919556 ^ _08837_/X (sg13g2_and2_1)
                                                         _02694_ (net)
                      0.227939    0.007488    1.927044 ^ fanout603/A (sg13g2_buf_1)
     7    0.067008    0.277801    0.294846    2.221891 ^ fanout603/X (sg13g2_buf_1)
                                                         net603 (net)
                      0.277803    0.000695    2.222586 ^ fanout602/A (sg13g2_buf_1)
     7    0.050648    0.211824    0.265120    2.487707 ^ fanout602/X (sg13g2_buf_1)
                                                         net602 (net)
                      0.211825    0.000481    2.488188 ^ fanout601/A (sg13g2_buf_1)
     5    0.033972    0.144726    0.207553    2.695741 ^ fanout601/X (sg13g2_buf_1)
                                                         net601 (net)
                      0.144727    0.000646    2.696387 ^ fanout600/A (sg13g2_buf_1)
     8    0.045859    0.191993    0.223829    2.920216 ^ fanout600/X (sg13g2_buf_1)
                                                         net600 (net)
                      0.192047    0.002669    2.922885 ^ _10684_/A2 (sg13g2_a21o_1)
     6    0.034497    0.148636    0.248768    3.171654 ^ _10684_/X (sg13g2_a21o_1)
                                                         _03361_ (net)
                      0.148650    0.001556    3.173209 ^ _10844_/C (sg13g2_nand4_1)
     4    0.035154    0.404903    0.394983    3.568192 v _10844_/Y (sg13g2_nand4_1)
                                                         _03489_ (net)
                      0.404987    0.004890    3.573082 v _10897_/D (sg13g2_nor4_1)
     4    0.034223    0.629798    0.604045    4.177127 ^ _10897_/Y (sg13g2_nor4_1)
                                                         _03538_ (net)
                      0.629859    0.005189    4.182316 ^ _10936_/A (sg13g2_nand4_1)
     3    0.019058    0.337635    0.397816    4.580132 v _10936_/Y (sg13g2_nand4_1)
                                                         _03574_ (net)
                      0.337639    0.001525    4.581656 v _10965_/C (sg13g2_nor3_1)
     2    0.017049    0.283444    0.304371    4.886028 ^ _10965_/Y (sg13g2_nor3_1)
                                                         _03601_ (net)
                      0.283444    0.001041    4.887069 ^ _11042_/A (sg13g2_nand4_1)
     2    0.019202    0.273180    0.302080    5.189149 v _11042_/Y (sg13g2_nand4_1)
                                                         _03673_ (net)
                      0.273185    0.001504    5.190653 v _11078_/D (sg13g2_nor4_1)
     4    0.027818    0.513373    0.481178    5.671831 ^ _11078_/Y (sg13g2_nor4_1)
                                                         _03706_ (net)
                      0.513392    0.002579    5.674410 ^ _11116_/A (sg13g2_nand2_1)
     5    0.032954    0.285850    0.361859    6.036270 v _11116_/Y (sg13g2_nand2_1)
                                                         _03741_ (net)
                      0.285872    0.002639    6.038908 v _11164_/D (sg13g2_nor4_1)
     2    0.012239    0.279458    0.284951    6.323860 ^ _11164_/Y (sg13g2_nor4_1)
                                                         _03786_ (net)
                      0.279459    0.000330    6.324190 ^ _11165_/B (sg13g2_or2_1)
     1    0.006639    0.044481    0.145334    6.469524 ^ _11165_/X (sg13g2_or2_1)
                                                         _03787_ (net)
                      0.044481    0.000203    6.469727 ^ _11166_/A2 (sg13g2_o21ai_1)
     1    0.004266    0.095749    0.061340    6.531067 v _11166_/Y (sg13g2_o21ai_1)
                                                         _03788_ (net)
                      0.095749    0.000076    6.531143 v _11167_/B1 (sg13g2_a21oi_1)
     1    0.012693    0.134111    0.144674    6.675817 ^ _11167_/Y (sg13g2_a21oi_1)
                                                         _03789_ (net)
                      0.134121    0.000971    6.676788 ^ _11169_/A2 (sg13g2_o21ai_1)
     1    0.004159    0.047641    0.084773    6.761561 v _11169_/Y (sg13g2_o21ai_1)
                                                         _01324_ (net)
                      0.047641    0.000118    6.761679 v _14953_/D (sg13g2_dfrbpq_1)
                                              6.761679   data arrival time

                                 10.000000   10.000000   clock clk_i (rise edge)
                                  0.000000   10.000000   clock source latency
     1    0.122837    0.000000    0.000000   10.000000 ^ clk_i (in)
                                                         clk_i (net)
                      0.122026    0.061013   10.061013 ^ clkbuf_0_clk_i/A (sg13g2_buf_16)
    16    0.416073    0.095130    0.130645   10.191658 ^ clkbuf_0_clk_i/X (sg13g2_buf_16)
                                                         clknet_0_clk_i (net)
                      0.170579    0.066862   10.258520 ^ clkbuf_4_12_0_clk_i/A (sg13g2_buf_8)
     2    0.053234    0.044266    0.135857   10.394377 ^ clkbuf_4_12_0_clk_i/X (sg13g2_buf_8)
                                                         clknet_4_12_0_clk_i (net)
                      0.045850    0.006213   10.400589 ^ clkbuf_5_24__f_clk_i/A (sg13g2_buf_16)
     5    0.088422    0.035415    0.084166   10.484756 ^ clkbuf_5_24__f_clk_i/X (sg13g2_buf_16)
                                                         clknet_5_24__leaf_clk_i (net)
                      0.037191    0.005972   10.490727 ^ clkbuf_leaf_53_clk_i/A (sg13g2_buf_8)
    10    0.070648    0.047432    0.090755   10.581483 ^ clkbuf_leaf_53_clk_i/X (sg13g2_buf_8)
                                                         clknet_leaf_53_clk_i (net)
                      0.047755    0.003087   10.584570 ^ _14953_/CLK (sg13g2_dfrbpq_1)
                                 -0.200000   10.384570   clock uncertainty
                                  0.004107   10.388677   clock reconvergence pessimism
                                 -0.115500   10.273176   library setup time
                                             10.273176   data required time
---------------------------------------------------------------------------------------------
                                             10.273176   data required time
                                             -6.761679   data arrival time
---------------------------------------------------------------------------------------------
                                              3.511498   slack (MET)




===========================================================================
report_checks --slack_max -0.01
============================================================================
======================= nom_typ_1p20V_25C Corner ===================================

No paths found.


===========================================================================
 report_check_types -max_slew -max_cap -max_fanout -violators
============================================================================
======================= nom_typ_1p20V_25C Corner ===================================

max fanout

Pin                                   Limit Fanout  Slack
---------------------------------------------------------
clkbuf_0_clk_i/X                          8     16     -8 (VIOLATED)
clkbuf_leaf_122_clk_i/X                   8     14     -6 (VIOLATED)
clkbuf_leaf_123_clk_i/X                   8     14     -6 (VIOLATED)
clkbuf_leaf_125_clk_i/X                   8     14     -6 (VIOLATED)
clkbuf_leaf_126_clk_i/X                   8     14     -6 (VIOLATED)
clkbuf_leaf_128_clk_i/X                   8     14     -6 (VIOLATED)
clkbuf_leaf_129_clk_i/X                   8     14     -6 (VIOLATED)
clkbuf_leaf_130_clk_i/X                   8     14     -6 (VIOLATED)
clkbuf_leaf_131_clk_i/X                   8     14     -6 (VIOLATED)
clkbuf_leaf_133_clk_i/X                   8     14     -6 (VIOLATED)
clkbuf_leaf_19_clk_i/X                    8     14     -6 (VIOLATED)
clkbuf_leaf_24_clk_i/X                    8     14     -6 (VIOLATED)
clkbuf_leaf_26_clk_i/X                    8     14     -6 (VIOLATED)
clkbuf_leaf_2_clk_i/X                     8     14     -6 (VIOLATED)
clkbuf_leaf_34_clk_i/X                    8     14     -6 (VIOLATED)
clkbuf_leaf_39_clk_i/X                    8     14     -6 (VIOLATED)
clkbuf_leaf_3_clk_i/X                     8     14     -6 (VIOLATED)
clkbuf_leaf_40_clk_i/X                    8     14     -6 (VIOLATED)
clkbuf_leaf_42_clk_i/X                    8     14     -6 (VIOLATED)
clkbuf_leaf_47_clk_i/X                    8     14     -6 (VIOLATED)
clkbuf_leaf_5_clk_i/X                     8     14     -6 (VIOLATED)
clkbuf_leaf_76_clk_i/X                    8     14     -6 (VIOLATED)
clkbuf_leaf_100_clk_i/X                   8     13     -5 (VIOLATED)
clkbuf_leaf_101_clk_i/X                   8     13     -5 (VIOLATED)
clkbuf_leaf_106_clk_i/X                   8     13     -5 (VIOLATED)
clkbuf_leaf_108_clk_i/X                   8     13     -5 (VIOLATED)
clkbuf_leaf_109_clk_i/X                   8     13     -5 (VIOLATED)
clkbuf_leaf_10_clk_i/X                    8     13     -5 (VIOLATED)
clkbuf_leaf_111_clk_i/X                   8     13     -5 (VIOLATED)
clkbuf_leaf_113_clk_i/X                   8     13     -5 (VIOLATED)
clkbuf_leaf_114_clk_i/X                   8     13     -5 (VIOLATED)
clkbuf_leaf_117_clk_i/X                   8     13     -5 (VIOLATED)
clkbuf_leaf_118_clk_i/X                   8     13     -5 (VIOLATED)
clkbuf_leaf_119_clk_i/X                   8     13     -5 (VIOLATED)
clkbuf_leaf_120_clk_i/X                   8     13     -5 (VIOLATED)
clkbuf_leaf_121_clk_i/X                   8     13     -5 (VIOLATED)
clkbuf_leaf_124_clk_i/X                   8     13     -5 (VIOLATED)
clkbuf_leaf_127_clk_i/X                   8     13     -5 (VIOLATED)
clkbuf_leaf_12_clk_i/X                    8     13     -5 (VIOLATED)
clkbuf_leaf_13_clk_i/X                    8     13     -5 (VIOLATED)
clkbuf_leaf_15_clk_i/X                    8     13     -5 (VIOLATED)
clkbuf_leaf_17_clk_i/X                    8     13     -5 (VIOLATED)
clkbuf_leaf_18_clk_i/X                    8     13     -5 (VIOLATED)
clkbuf_leaf_23_clk_i/X                    8     13     -5 (VIOLATED)
clkbuf_leaf_25_clk_i/X                    8     13     -5 (VIOLATED)
clkbuf_leaf_27_clk_i/X                    8     13     -5 (VIOLATED)
clkbuf_leaf_28_clk_i/X                    8     13     -5 (VIOLATED)
clkbuf_leaf_30_clk_i/X                    8     13     -5 (VIOLATED)
clkbuf_leaf_31_clk_i/X                    8     13     -5 (VIOLATED)
clkbuf_leaf_32_clk_i/X                    8     13     -5 (VIOLATED)
clkbuf_leaf_33_clk_i/X                    8     13     -5 (VIOLATED)
clkbuf_leaf_35_clk_i/X                    8     13     -5 (VIOLATED)
clkbuf_leaf_36_clk_i/X                    8     13     -5 (VIOLATED)
clkbuf_leaf_37_clk_i/X                    8     13     -5 (VIOLATED)
clkbuf_leaf_49_clk_i/X                    8     13     -5 (VIOLATED)
clkbuf_leaf_50_clk_i/X                    8     13     -5 (VIOLATED)
clkbuf_leaf_55_clk_i/X                    8     13     -5 (VIOLATED)
clkbuf_leaf_60_clk_i/X                    8     13     -5 (VIOLATED)
clkbuf_leaf_61_clk_i/X                    8     13     -5 (VIOLATED)
clkbuf_leaf_62_clk_i/X                    8     13     -5 (VIOLATED)
clkbuf_leaf_63_clk_i/X                    8     13     -5 (VIOLATED)
clkbuf_leaf_64_clk_i/X                    8     13     -5 (VIOLATED)
clkbuf_leaf_66_clk_i/X                    8     13     -5 (VIOLATED)
clkbuf_leaf_67_clk_i/X                    8     13     -5 (VIOLATED)
clkbuf_leaf_68_clk_i/X                    8     13     -5 (VIOLATED)
clkbuf_leaf_6_clk_i/X                     8     13     -5 (VIOLATED)
clkbuf_leaf_72_clk_i/X                    8     13     -5 (VIOLATED)
clkbuf_leaf_74_clk_i/X                    8     13     -5 (VIOLATED)
clkbuf_leaf_77_clk_i/X                    8     13     -5 (VIOLATED)
clkbuf_leaf_78_clk_i/X                    8     13     -5 (VIOLATED)
clkbuf_leaf_7_clk_i/X                     8     13     -5 (VIOLATED)
clkbuf_leaf_80_clk_i/X                    8     13     -5 (VIOLATED)
clkbuf_leaf_87_clk_i/X                    8     13     -5 (VIOLATED)
clkbuf_leaf_88_clk_i/X                    8     13     -5 (VIOLATED)
clkbuf_leaf_89_clk_i/X                    8     13     -5 (VIOLATED)
clkbuf_leaf_8_clk_i/X                     8     13     -5 (VIOLATED)
clkbuf_leaf_91_clk_i/X                    8     13     -5 (VIOLATED)
clkbuf_leaf_93_clk_i/X                    8     13     -5 (VIOLATED)
clkbuf_leaf_96_clk_i/X                    8     13     -5 (VIOLATED)
clkbuf_leaf_97_clk_i/X                    8     13     -5 (VIOLATED)
clkbuf_leaf_99_clk_i/X                    8     13     -5 (VIOLATED)
clkbuf_leaf_9_clk_i/X                     8     13     -5 (VIOLATED)
clkbuf_leaf_0_clk_i/X                     8     12     -4 (VIOLATED)
clkbuf_leaf_102_clk_i/X                   8     12     -4 (VIOLATED)
clkbuf_leaf_103_clk_i/X                   8     12     -4 (VIOLATED)
clkbuf_leaf_104_clk_i/X                   8     12     -4 (VIOLATED)
clkbuf_leaf_105_clk_i/X                   8     12     -4 (VIOLATED)
clkbuf_leaf_107_clk_i/X                   8     12     -4 (VIOLATED)
clkbuf_leaf_110_clk_i/X                   8     12     -4 (VIOLATED)
clkbuf_leaf_11_clk_i/X                    8     12     -4 (VIOLATED)
clkbuf_leaf_132_clk_i/X                   8     12     -4 (VIOLATED)
clkbuf_leaf_16_clk_i/X                    8     12     -4 (VIOLATED)
clkbuf_leaf_1_clk_i/X                     8     12     -4 (VIOLATED)
clkbuf_leaf_20_clk_i/X                    8     12     -4 (VIOLATED)
clkbuf_leaf_21_clk_i/X                    8     12     -4 (VIOLATED)
clkbuf_leaf_22_clk_i/X                    8     12     -4 (VIOLATED)
clkbuf_leaf_29_clk_i/X                    8     12     -4 (VIOLATED)
clkbuf_leaf_38_clk_i/X                    8     12     -4 (VIOLATED)
clkbuf_leaf_43_clk_i/X                    8     12     -4 (VIOLATED)
clkbuf_leaf_44_clk_i/X                    8     12     -4 (VIOLATED)
clkbuf_leaf_46_clk_i/X                    8     12     -4 (VIOLATED)
clkbuf_leaf_48_clk_i/X                    8     12     -4 (VIOLATED)
clkbuf_leaf_4_clk_i/X                     8     12     -4 (VIOLATED)
clkbuf_leaf_51_clk_i/X                    8     12     -4 (VIOLATED)
clkbuf_leaf_54_clk_i/X                    8     12     -4 (VIOLATED)
clkbuf_leaf_56_clk_i/X                    8     12     -4 (VIOLATED)
clkbuf_leaf_58_clk_i/X                    8     12     -4 (VIOLATED)
clkbuf_leaf_69_clk_i/X                    8     12     -4 (VIOLATED)
clkbuf_leaf_70_clk_i/X                    8     12     -4 (VIOLATED)
clkbuf_leaf_71_clk_i/X                    8     12     -4 (VIOLATED)
clkbuf_leaf_73_clk_i/X                    8     12     -4 (VIOLATED)
clkbuf_leaf_75_clk_i/X                    8     12     -4 (VIOLATED)
clkbuf_leaf_79_clk_i/X                    8     12     -4 (VIOLATED)
clkbuf_leaf_84_clk_i/X                    8     12     -4 (VIOLATED)
clkbuf_leaf_85_clk_i/X                    8     12     -4 (VIOLATED)
clkbuf_leaf_86_clk_i/X                    8     12     -4 (VIOLATED)
clkbuf_leaf_95_clk_i/X                    8     12     -4 (VIOLATED)
clkbuf_leaf_98_clk_i/X                    8     12     -4 (VIOLATED)
clkbuf_leaf_112_clk_i/X                   8     11     -3 (VIOLATED)
clkbuf_leaf_116_clk_i/X                   8     11     -3 (VIOLATED)
clkbuf_leaf_14_clk_i/X                    8     11     -3 (VIOLATED)
clkbuf_leaf_41_clk_i/X                    8     11     -3 (VIOLATED)
clkbuf_leaf_65_clk_i/X                    8     11     -3 (VIOLATED)
clkbuf_leaf_82_clk_i/X                    8     11     -3 (VIOLATED)
clkbuf_leaf_83_clk_i/X                    8     11     -3 (VIOLATED)
clkbuf_leaf_90_clk_i/X                    8     11     -3 (VIOLATED)
clkbuf_leaf_92_clk_i/X                    8     11     -3 (VIOLATED)
clkbuf_leaf_115_clk_i/X                   8     10     -2 (VIOLATED)
clkbuf_leaf_45_clk_i/X                    8     10     -2 (VIOLATED)
clkbuf_leaf_52_clk_i/X                    8     10     -2 (VIOLATED)
clkbuf_leaf_53_clk_i/X                    8     10     -2 (VIOLATED)
clkbuf_leaf_59_clk_i/X                    8     10     -2 (VIOLATED)
clkbuf_leaf_81_clk_i/X                    8     10     -2 (VIOLATED)



===========================================================================
report_parasitic_annotation -report_unannotated
============================================================================
Found 92 unannotated drivers.
 clkload0/X
 clkload1/X
 clkload10/Y
 clkload11/X
 clkload12/Y
 clkload13/Y
 clkload14/Y
 clkload15/Y
 clkload16/Y
 clkload17/Y
 clkload18/Y
 clkload19/Y
 clkload2/X
 clkload20/Y
 clkload21/Y
 clkload22/Y
 clkload23/X
 clkload24/Y
 clkload25/Y
 clkload26/Y
 clkload27/Y
 clkload28/Y
 clkload29/Y
 clkload3/X
 clkload30/Y
 clkload31/Y
 clkload32/Y
 clkload33/Y
 clkload34/Y
 clkload35/Y
 clkload36/Y
 clkload37/X
 clkload38/Y
 clkload39/Y
 clkload4/X
 clkload40/Y
 clkload41/Y
 clkload42/Y
 clkload43/X
 clkload44/Y
 clkload45/Y
 clkload46/Y
 clkload47/X
 clkload48/Y
 clkload49/Y
 clkload5/X
 clkload50/Y
 clkload51/Y
 clkload52/Y
 clkload53/Y
 clkload54/X
 clkload55/Y
 clkload56/Y
 clkload57/Y
 clkload58/Y
 clkload59/Y
 clkload6/X
 clkload60/Y
 clkload61/Y
 clkload62/Y
 clkload63/Y
 clkload64/Y
 clkload65/Y
 clkload66/X
 clkload67/X
 clkload68/Y
 clkload69/Y
 clkload7/X
 clkload70/Y
 clkload71/Y
 clkload72/Y
 clkload73/Y
 clkload74/X
 clkload75/Y
 clkload76/Y
 clkload77/Y
 clkload78/X
 clkload79/Y
 clkload8/Y
 clkload80/Y
 clkload81/Y
 clkload82/Y
 clkload83/Y
 clkload84/Y
 clkload85/Y
 clkload86/Y
 clkload87/Y
 clkload88/Y
 clkload89/Y
 clkload9/Y
 clkload90/X
 clkload91/Y
Found 0 partially unannotated drivers.

===========================================================================
max slew violation count 0
Writing metric design__max_slew_violation__count__corner:nom_typ_1p20V_25C: 0
max fanout violation count 133
Writing metric design__max_fanout_violation__count__corner:nom_typ_1p20V_25C: 133
max cap violation count 0
Writing metric design__max_cap_violation__count__corner:nom_typ_1p20V_25C: 0
============================================================================

===========================================================================
check_setup -verbose -unconstrained_endpoints -multiple_clock -no_clock -no_input_delay -loops -generated_clocks
===========================================================================
Warning: There is 1 input port missing set_input_delay.
  rst_ni
