
===========================================================================
report_checks -unconstrained
===========================================================================
======================= nom_fast_1p32V_m40C Corner ===================================

Startpoint: m_araddr[30] (input port clocked by clk_i)
Endpoint: m_arready (output port clocked by clk_i)
Path Group: clk_i
Path Type: max

Fanout         Cap        Slew       Delay        Time   Description
---------------------------------------------------------------------------------------------
                                  0.000000    0.000000   clock clk_i (rise edge)
                                  0.000000    0.000000   clock network delay (propagated)
                                  2.000000    2.000000 ^ input external delay
     1    0.002792    0.013577    0.001593    2.001593 ^ m_araddr[30] (in)
                                                         m_araddr[30] (net)
                      0.013577    0.000000    2.001593 ^ hold854/A (sg13g2_dlygate4sd3_1)
     1    0.005471    0.028386    0.248231    2.249825 ^ hold854/X (sg13g2_dlygate4sd3_1)
                                                         net854 (net)
                      0.028386    0.000375    2.250199 ^ input19/A (sg13g2_buf_1)
     2    0.010471    0.033374    0.056416    2.306615 ^ input19/X (sg13g2_buf_1)
                                                         net19 (net)
                      0.033404    0.000588    2.307203 ^ fanout786/A (sg13g2_buf_1)
     8    0.040621    0.110157    0.109881    2.417084 ^ fanout786/X (sg13g2_buf_1)
                                                         net786 (net)
                      0.110849    0.007054    2.424138 ^ _0405_/D (sg13g2_nand4_1)
     1    0.004071    0.069126    0.096281    2.520418 v _0405_/Y (sg13g2_nand4_1)
                                                         _0057_ (net)
                      0.069126    0.000163    2.520581 v _0407_/A (sg13g2_nor2_1)
     2    0.015887    0.097818    0.097745    2.618327 ^ _0407_/Y (sg13g2_nor2_1)
                                                         _0059_ (net)
                      0.097832    0.000961    2.619287 ^ fanout728/A (sg13g2_buf_1)
     6    0.053167    0.142685    0.153705    2.772993 ^ fanout728/X (sg13g2_buf_1)
                                                         net728 (net)
                      0.142749    0.002533    2.775525 ^ fanout726/A (sg13g2_buf_1)
     8    0.052199    0.140519    0.161014    2.936539 ^ fanout726/X (sg13g2_buf_1)
                                                         net726 (net)
                      0.140955    0.006389    2.942928 ^ _0417_/A (sg13g2_nand2_1)
     1    0.005480    0.049468    0.064051    3.006979 v _0417_/Y (sg13g2_nand2_1)
                                                         _0069_ (net)
                      0.049475    0.000336    3.007314 v fanout706/A (sg13g2_buf_1)
     5    0.041596    0.091759    0.109695    3.117009 v fanout706/X (sg13g2_buf_1)
                                                         net706 (net)
                      0.091815    0.001893    3.118902 v fanout705/A (sg13g2_buf_1)
     8    0.063598    0.137765    0.155561    3.274462 v fanout705/X (sg13g2_buf_1)
                                                         net705 (net)
                      0.137813    0.002167    3.276629 v fanout703/A (sg13g2_buf_1)
     8    0.051924    0.113832    0.147908    3.424538 v fanout703/X (sg13g2_buf_1)
                                                         net703 (net)
                      0.114004    0.003666    3.428203 v _0556_/A2 (sg13g2_a22oi_1)
     1    0.006659    0.067171    0.088014    3.516217 ^ _0556_/Y (sg13g2_a22oi_1)
                                                         _0176_ (net)
                      0.067171    0.000279    3.516497 ^ _0560_/A2 (sg13g2_o21ai_1)
     1    0.014293    0.071403    0.080361    3.596858 v _0560_/Y (sg13g2_o21ai_1)
                                                         net210 (net)
                      0.071451    0.001489    3.598347 v output210/A (sg13g2_buf_1)
     1    0.055114    0.119934    0.136986    3.735334 v output210/X (sg13g2_buf_1)
                                                         m_arready (net)
                      0.120030    0.002833    3.738167 v m_arready (out)
                                              3.738167   data arrival time

                                 10.000000   10.000000   clock clk_i (rise edge)
                                  0.000000   10.000000   clock network delay (propagated)
                                 -0.200000    9.800000   clock uncertainty
                                  0.000000    9.800000   clock reconvergence pessimism
                                 -2.000000    7.800000   output external delay
                                              7.800000   data required time
---------------------------------------------------------------------------------------------
                                              7.800000   data required time
                                             -3.738167   data arrival time
---------------------------------------------------------------------------------------------
                                              4.061833   slack (MET)




===========================================================================
report_checks --slack_max -0.01
============================================================================
======================= nom_fast_1p32V_m40C Corner ===================================

No paths found.


===========================================================================
 report_check_types -max_slew -max_cap -max_fanout -violators
============================================================================
======================= nom_fast_1p32V_m40C Corner ===================================



===========================================================================
report_parasitic_annotation -report_unannotated
============================================================================
Found 2 unannotated drivers.
 clk_i
 rst_ni
Found 0 partially unannotated drivers.

===========================================================================
max slew violation count 0
max fanout violation count 0
max cap violation count 0
============================================================================

===========================================================================
check_setup -verbose -unconstrained_endpoints -multiple_clock -no_clock -no_input_delay -loops -generated_clocks
===========================================================================
