Reading timing models for corner nom_typ_1p20V_25C…
Reading timing library for the 'nom_typ_1p20V_25C' corner at '/home/jaikrishn/IHP-Open-PDK/ihp-sg13g2/libs.ref/sg13g2_stdcell/lib/sg13g2_stdcell_typ_1p20V_25C.lib'…
Reading timing library for the 'nom_typ_1p20V_25C' corner at '/home/jaikrishn/IHP-Open-PDK/ihp-sg13g2/libs.ref/sg13g2_io/lib/sg13g2_io_typ_1p2V_3p3V_25C.lib'…
Reading OpenROAD database at '/home/jaikrishn/Documents/hardware/picorv32_axi4lite_port/phyisical_design/macros/peripherals/runs/run_2/18-openroad-cutrows/peripherals_macro.odb'…
Reading design constraints file at '/home/jaikrishn/Documents/hardware/picorv32_axi4lite_port/phyisical_design/macros/peripherals/constraint.sdc'…
[INFO] No information on clock propagation in input SDC file-- propagating all clocks.
+ tapcell -halo_width_x 10.0 -halo_width_y 10.0 -distance 0.0
Setting global connections for newly added cells…
[INFO] Setting global connections...
[INFO ODB-0403] 0 connections made, 0 conflicts skipped.
Updating metrics…
Cell type report:                       Count       Area
  Buffer                                    1       7.26
  Inverter                                 41     223.17
  Sequential cell                         101    4947.87
  Multi-Input combinational cell          514    4534.19
  Total                                   657    9712.48
Writing OpenROAD database to '/home/jaikrishn/Documents/hardware/picorv32_axi4lite_port/phyisical_design/macros/peripherals/runs/run_2/19-openroad-tapendcapinsertion/peripherals_macro.odb'…
Writing netlist to '/home/jaikrishn/Documents/hardware/picorv32_axi4lite_port/phyisical_design/macros/peripherals/runs/run_2/19-openroad-tapendcapinsertion/peripherals_macro.nl.v'…
Writing powered netlist to '/home/jaikrishn/Documents/hardware/picorv32_axi4lite_port/phyisical_design/macros/peripherals/runs/run_2/19-openroad-tapendcapinsertion/peripherals_macro.pnl.v'…
Writing layout to '/home/jaikrishn/Documents/hardware/picorv32_axi4lite_port/phyisical_design/macros/peripherals/runs/run_2/19-openroad-tapendcapinsertion/peripherals_macro.def'…
Writing timing constraints to '/home/jaikrishn/Documents/hardware/picorv32_axi4lite_port/phyisical_design/macros/peripherals/runs/run_2/19-openroad-tapendcapinsertion/peripherals_macro.sdc'…
