
===========================================================================
 report_power
============================================================================
======================= nom_slow_1p08V_125C Corner ===================================

Group                    Internal    Switching      Leakage        Total
                            Power        Power        Power        Power (Watts)
------------------------------------------------------------------------
Sequential           7.214346e-03 1.121575e-03 3.384907e-06 8.339306e-03  54.2%
Combinational        6.130175e-03 9.172324e-04 3.897338e-06 7.051304e-03  45.8%
Clock                0.000000e+00 0.000000e+00 0.000000e+00 0.000000e+00   0.0%
Macro                0.000000e+00 0.000000e+00 0.000000e+00 0.000000e+00   0.0%
Pad                  0.000000e+00 0.000000e+00 0.000000e+00 0.000000e+00   0.0%
------------------------------------------------------------------------
Total                1.334450e-02 2.038812e-03 7.282358e-06 1.539059e-02 100.0%
                            86.7%        13.2%         0.0%

