Clock: clk_i
Sources: clk_i 
Generated: no
Virtual: yes
Propagated: no
Period: 10.000000

===========================================================================
report_clock_properties
============================================================================
Clock                   Period          Waveform
----------------------------------------------------
clk_i                10.000000    0.000000  5.000000

===========================================================================
report_clock_latency
============================================================================
Clock clk_i
rise -> rise
    min     max
0.000000 0.000000 source latency
0.191076         network latency _13957_/CLK
        0.949572 network latency _14820_/CLK
---------------
0.191076 0.949572 latency
        0.758497 skew

fall -> fall
    min     max
0.000000 0.000000 source latency
0.181996         network latency _13957_/CLK
        0.929130 network latency _14820_/CLK
---------------
0.181996 0.929130 latency
        0.747134 skew



===========================================================================
report_clock_min_period
============================================================================
clk_i period_min = 13.93 fmax = 71.79
