┏━━━━━━━┳━━━━━━━━━━┳━━━━━━━━━━┳━━━━━━━━━━━━━━━━━┳━━━━━━━━━━━━━━━━━━━━━━━━━━━━┳━━━━━━━━━━━┓
┃ P / R ┃ Partial  ┃ Required ┃ Net             ┃ Pin                        ┃ Layer     ┃
┡━━━━━━━╇━━━━━━━━━━╇━━━━━━━━━━╇━━━━━━━━━━━━━━━━━╇━━━━━━━━━━━━━━━━━━━━━━━━━━━━╇━━━━━━━━━━━┩
│ 83.41 │ 16682.00 │ 200.00   │ s_araddr[10\]   │ u_ram/s_axil_araddr[10]    │ TopMetal1 │
│ 12.64 │ 2528.02  │ 200.00   │ cpu_arready     │ u_cpu/mem_axi_arready      │ Metal3    │
│ 12.64 │ 2528.02  │ 200.00   │ cpu_rdata[12\]  │ u_cpu/mem_axi_rdata[12]    │ Metal3    │
│ 12.57 │ 2514.83  │ 200.00   │ cpu_rdata[27\]  │ u_cpu/mem_axi_rdata[27]    │ Metal3    │
│ 12.26 │ 2451.54  │ 200.00   │ cpu_rdata[25\]  │ u_cpu/mem_axi_rdata[25]    │ Metal3    │
│ 12.25 │ 2449.12  │ 200.00   │ cpu_rdata[28\]  │ u_cpu/mem_axi_rdata[28]    │ Metal3    │
│ 12.23 │ 2446.48  │ 200.00   │ cpu_rdata[26\]  │ u_cpu/mem_axi_rdata[26]    │ Metal3    │
│ 12.23 │ 2446.48  │ 200.00   │ cpu_rdata[31\]  │ u_cpu/mem_axi_rdata[31]    │ Metal3    │
│ 12.23 │ 2446.26  │ 200.00   │ cpu_rdata[29\]  │ u_cpu/mem_axi_rdata[29]    │ Metal3    │
│ 12.23 │ 2446.26  │ 200.00   │ cpu_rdata[4\]   │ u_cpu/mem_axi_rdata[4]     │ Metal3    │
│ 12.23 │ 2446.26  │ 200.00   │ cpu_rdata[9\]   │ u_cpu/mem_axi_rdata[9]     │ Metal3    │
│ 12.21 │ 2442.78  │ 200.00   │ cpu_rdata[1\]   │ u_cpu/mem_axi_rdata[1]     │ Metal5    │
│ 12.19 │ 2438.35  │ 200.00   │ cpu_rdata[15\]  │ u_cpu/mem_axi_rdata[15]    │ Metal3    │
│ 12.19 │ 2438.35  │ 200.00   │ cpu_rdata[30\]  │ u_cpu/mem_axi_rdata[30]    │ Metal3    │
│ 11.34 │ 2268.83  │ 200.00   │ boot_we         │ u_ram/boot_we              │ Metal4    │
│ 10.35 │ 2069.65  │ 200.00   │ cpu_rdata[20\]  │ u_cpu/mem_axi_rdata[20]    │ Metal3    │
│ 10.28 │ 2055.93  │ 200.00   │ cpu_rdata[5\]   │ u_cpu/mem_axi_rdata[5]     │ Metal3    │
│ 10.27 │ 2053.52  │ 200.00   │ cpu_rdata[23\]  │ u_cpu/mem_axi_rdata[23]    │ Metal3    │
│ 10.27 │ 2053.52  │ 200.00   │ cpu_rvalid      │ u_cpu/mem_axi_rvalid       │ Metal3    │
│ 10.27 │ 2053.30  │ 200.00   │ cpu_rdata[2\]   │ u_cpu/mem_axi_rdata[2]     │ Metal3    │
│ 10.25 │ 2050.66  │ 200.00   │ cpu_rdata[19\]  │ u_cpu/mem_axi_rdata[19]    │ Metal3    │
│ 10.20 │ 2040.50  │ 200.00   │ s_wdata[4\]     │ u_ram/s_axil_wdata[4]      │ Metal4    │
│ 10.16 │ 2032.53  │ 200.00   │ s_araddr[9\]    │ u_ram/s_axil_araddr[9]     │ Metal4    │
│ 10.16 │ 2032.53  │ 200.00   │ s_wdata[15\]    │ u_ram/s_axil_wdata[15]     │ Metal4    │
│ 10.16 │ 2032.53  │ 200.00   │ s_wdata[19\]    │ u_ram/s_axil_wdata[19]     │ Metal4    │
│ 10.12 │ 2024.56  │ 200.00   │ s_wdata[27\]    │ u_ram/s_axil_wdata[27]     │ Metal4    │
│ 10.12 │ 2024.56  │ 200.00   │ s_wdata[5\]     │ u_ram/s_axil_wdata[5]      │ Metal4    │
│ 10.12 │ 2024.56  │ 200.00   │ s_wdata[7\]     │ u_ram/s_axil_wdata[7]      │ Metal4    │
│ 10.12 │ 2024.56  │ 200.00   │ s_wstrb[3\]     │ u_ram/s_axil_wstrb[3]      │ Metal4    │
│ 10.08 │ 2016.37  │ 200.00   │ cpu_rdata[0\]   │ u_cpu/mem_axi_rdata[0]     │ Metal3    │
│ 10.04 │ 2008.62  │ 200.00   │ s_wdata[1\]     │ u_ram/s_axil_wdata[1]      │ Metal4    │
│ 9.92  │ 1984.71  │ 200.00   │ s_wdata[10\]    │ u_ram/s_axil_wdata[10]     │ Metal4    │
│ 9.92  │ 1984.71  │ 200.00   │ s_wstrb[1\]     │ u_ram/s_axil_wstrb[1]      │ Metal4    │
│ 9.92  │ 1984.71  │ 200.00   │ s_wstrb[2\]     │ u_ram/s_axil_wstrb[2]      │ Metal4    │
│ 9.34  │ 1868.90  │ 200.00   │ cpu_rdata[13\]  │ u_cpu/mem_axi_rdata[13]    │ Metal3    │
│ 9.33  │ 1865.09  │ 200.00   │ s_wdata[5\]     │ u_ram/s_axil_wdata[5]      │ Metal3    │
│ 9.27  │ 1853.08  │ 200.00   │ cpu_rdata[11\]  │ u_cpu/mem_axi_rdata[11]    │ Metal3    │
│ 9.21  │ 1842.79  │ 200.00   │ s_araddr[29\]   │ u_ram/s_axil_araddr[29]    │ Metal5    │
│ 9.21  │ 1841.18  │ 200.00   │ s_wdata[7\]     │ u_ram/s_axil_wdata[7]      │ Metal3    │
│ 9.20  │ 1839.89  │ 200.00   │ cpu_rdata[6\]   │ u_cpu/mem_axi_rdata[6]     │ Metal3    │
│ 9.17  │ 1833.21  │ 200.00   │ s_wdata[10\]    │ u_ram/s_axil_wdata[10]     │ Metal3    │
│ 8.81  │ 1761.49  │ 200.00   │ s_wdata[14\]    │ u_ram/s_axil_wdata[14]     │ Metal3    │
│ 8.73  │ 1745.86  │ 200.00   │ s_wdata[8\]     │ u_ram/s_axil_wdata[8]      │ Metal3    │
│ 8.69  │ 1737.58  │ 200.00   │ s_wdata[17\]    │ u_ram/s_axil_wdata[17]     │ Metal3    │
│ 8.57  │ 1713.67  │ 200.00   │ s_wdata[27\]    │ u_ram/s_axil_wdata[27]     │ Metal3    │
│ 8.42  │ 1683.41  │ 200.00   │ s_araddr[10\]   │ u_ram/s_axil_araddr[10]    │ Metal5    │
│ 8.41  │ 1681.80  │ 200.00   │ s_araddr[9\]    │ u_ram/s_axil_araddr[9]     │ Metal3    │
│ 8.37  │ 1673.83  │ 200.00   │ s_wstrb[3\]     │ u_ram/s_axil_wstrb[3]      │ Metal3    │
│ 8.17  │ 1634.29  │ 200.00   │ s_wdata[26\]    │ u_ram/s_axil_wdata[26]     │ Metal3    │
│ 8.13  │ 1626.01  │ 200.00   │ s_wdata[18\]    │ u_ram/s_axil_wdata[18]     │ Metal3    │
│ 8.09  │ 1618.35  │ 200.00   │ s_wdata[28\]    │ u_ram/s_axil_wdata[28]     │ Metal3    │
│ 7.97  │ 1594.44  │ 200.00   │ s_wstrb[0\]     │ u_ram/s_axil_wstrb[0]      │ Metal3    │
│ 7.94  │ 1588.44  │ 200.00   │ s_rdata[3\]     │ u_ic/s_rdata[3]            │ Metal2    │
│ 7.80  │ 1559.49  │ 200.00   │ cpu_araddr[0\]  │ u_ic/m_araddr[0]           │ Metal2    │
│ 7.73  │ 1546.32  │ 200.00   │ s_wdata[4\]     │ u_ram/s_axil_wdata[4]      │ Metal3    │
│ 7.53  │ 1506.48  │ 200.00   │ s_wdata[1\]     │ u_ram/s_axil_wdata[1]      │ Metal3    │
│ 7.34  │ 1468.91  │ 200.00   │ s_rdata[10\]    │ u_ic/s_rdata[10]           │ Metal2    │
│ 7.26  │ 1451.02  │ 200.00   │ s_wdata[24\]    │ u_ram/s_axil_wdata[24]     │ Metal3    │
│ 7.24  │ 1447.13  │ 200.00   │ s_rdata[11\]    │ u_ic/s_rdata[11]           │ Metal2    │
│ 7.21  │ 1442.73  │ 200.00   │ s_wdata[15\]    │ u_ram/s_axil_wdata[15]     │ Metal3    │
│ 7.17  │ 1434.76  │ 200.00   │ s_wdata[19\]    │ u_ram/s_axil_wdata[19]     │ Metal3    │
│ 6.99  │ 1398.52  │ 200.00   │ boot_wdata[23\] │ u_ram/boot_wdata[23]       │ Metal4    │
│ 6.98  │ 1396.30  │ 200.00   │ s_rdata[14\]    │ u_ic/s_rdata[14]           │ Metal2    │
│ 6.93  │ 1385.33  │ 200.00   │ boot_wdata[15\] │ u_ram/boot_wdata[15]       │ Metal4    │
│ 6.93  │ 1385.33  │ 200.00   │ boot_wdata[6\]  │ u_ram/boot_wdata[6]        │ Metal4    │
│ 6.93  │ 1385.33  │ 200.00   │ boot_wdata[7\]  │ u_ram/boot_wdata[7]        │ Metal4    │
│ 6.90  │ 1379.30  │ 200.00   │ s_wdata[23\]    │ u_ram/s_axil_wdata[23]     │ Metal3    │
│ 6.86  │ 1371.01  │ 200.00   │ s_araddr[6\]    │ u_ram/s_axil_araddr[6]     │ Metal3    │
│ 6.72  │ 1343.71  │ 200.00   │ s_rdata[17\]    │ u_ic/s_rdata[17]           │ Metal2    │
│ 6.47  │ 1293.02  │ 200.00   │ cpu_rdata[0\]   │ u_cpu/mem_axi_rdata[0]     │ Metal4    │
│ 6.42  │ 1283.35  │ 200.00   │ s_wstrb[1\]     │ u_ram/s_axil_wstrb[1]      │ Metal3    │
│ 6.40  │ 1279.83  │ 200.00   │ cpu_rvalid      │ u_cpu/mem_axi_rvalid       │ Metal4    │
│ 6.30  │ 1259.44  │ 200.00   │ s_wstrb[2\]     │ u_ram/s_axil_wstrb[2]      │ Metal3    │
│ 5.81  │ 1161.15  │ 200.00   │ cpu_rdata[5\]   │ u_cpu/mem_axi_rdata[5]     │ Metal4    │
│ 5.44  │ 1088.17  │ 200.00   │ s_rdata[16\]    │ u_ic/s_rdata[16]           │ Metal2    │
│ 5.41  │ 1081.88  │ 200.00   │ s_wdata[38\]    │ u_periph0/s_axil_wdata[6]  │ Metal3    │
│ 5.28  │ 1056.54  │ 200.00   │ boot_wdata[29\] │ u_ram/boot_wdata[29]       │ Metal3    │
│ 4.98  │ 996.46   │ 200.00   │ s_rvalid[1\]    │ u_ic/s_rvalid[1]           │ Metal3    │
│ 4.78  │ 955.53   │ 200.00   │ cpu_arprot[1\]  │ u_ic/m_arprot[1]           │ Metal2    │
│ 4.42  │ 884.07   │ 200.00   │ boot_wdata[15\] │ u_ram/boot_wdata[15]       │ Metal3    │
│ 4.09  │ 818.30   │ 200.00   │ cpu_rdata[23\]  │ u_cpu/mem_axi_rdata[23]    │ Metal4    │
│ 3.91  │ 781.30   │ 200.00   │ s_rdata[65\]    │ u_ic/s_rdata[65]           │ Metal3    │
│ 3.87  │ 773.33   │ 200.00   │ s_rdata[84\]    │ u_ic/s_rdata[84]           │ Metal3    │
│ 3.83  │ 765.39   │ 200.00   │ boot_wdata[7\]  │ u_ram/boot_wdata[7]        │ Metal3    │
│ 3.75  │ 749.42   │ 200.00   │ s_rdata[80\]    │ u_ic/s_rdata[80]           │ Metal3    │
│ 3.71  │ 741.45   │ 200.00   │ s_rdata[76\]    │ u_ic/s_rdata[76]           │ Metal3    │
│ 3.70  │ 739.02   │ 200.00   │ boot_wdata[6\]  │ u_ram/boot_wdata[6]        │ Metal3    │
│ 3.64  │ 727.44   │ 200.00   │ s_rdata[8\]     │ u_ic/s_rdata[8]            │ Metal2    │
│ 3.63  │ 725.99   │ 200.00   │ cpu_awaddr[10\] │ u_ic/m_awaddr[10]          │ Metal4    │
│ 3.63  │ 725.83   │ 200.00   │ s_wdata[33\]    │ u_periph0/s_axil_wdata[1]  │ Metal3    │
│ 3.59  │ 718.41   │ 200.00   │ cpu_araddr[20\] │ u_ic/m_araddr[20]          │ Metal2    │
│ 3.59  │ 717.55   │ 200.00   │ s_rdata[67\]    │ u_ic/s_rdata[67]           │ Metal3    │
│ 3.52  │ 704.42   │ 200.00   │ cpu_araddr[22\] │ u_ic/m_araddr[22]          │ Metal2    │
│ 3.47  │ 693.64   │ 200.00   │ s_rdata[72\]    │ u_ic/s_rdata[72]           │ Metal3    │
│ 3.40  │ 679.90   │ 200.00   │ cpu_araddr[8\]  │ u_ic/m_araddr[8]           │ TopMetal1 │
│ 3.29  │ 657.31   │ 200.00   │ cpu_araddr[26\] │ u_ic/m_araddr[26]          │ Metal2    │
│ 2.91  │ 582.07   │ 200.00   │ s_awaddr[2\]    │ u_ram/s_axil_awaddr[2]     │ Metal3    │
│ 2.84  │ 567.75   │ 200.00   │ cpu_awaddr[9\]  │ u_ic/m_awaddr[9]           │ Metal4    │
│ 2.72  │ 544.72   │ 200.00   │ cpu_wdata[16\]  │ u_ic/m_wdata[16]           │ Metal3    │
│ 2.72  │ 543.88   │ 200.00   │ boot_wdata[12\] │ u_ram/boot_wdata[12]       │ Metal5    │
│ 2.71  │ 542.23   │ 200.00   │ s_awaddr[1\]    │ u_ram/s_axil_awaddr[1]     │ Metal3    │
│ 2.64  │ 528.03   │ 200.00   │ boot_wdata[1\]  │ u_ram/boot_wdata[1]        │ Metal3    │
│ 2.63  │ 526.28   │ 200.00   │ s_awaddr[25\]   │ u_ram/s_axil_awaddr[25]    │ Metal5    │
│ 2.59  │ 518.85   │ 200.00   │ cpu_awaddr[7\]  │ u_ic/m_awaddr[7]           │ Metal3    │
│ 2.59  │ 517.50   │ 200.00   │ boot_wdata[11\] │ u_ram/boot_wdata[11]       │ Metal5    │
│ 2.59  │ 517.50   │ 200.00   │ boot_wdata[16\] │ u_ram/boot_wdata[16]       │ Metal5    │
│ 2.52  │ 504.32   │ 200.00   │ boot_wdata[9\]  │ u_ram/boot_wdata[9]        │ Metal5    │
│ 2.52  │ 503.99   │ 200.00   │ s_awaddr[35\]   │ u_periph0/s_axil_awaddr[3] │ Metal5    │
│ 2.51  │ 502.37   │ 200.00   │ s_awaddr[29\]   │ u_ram/s_axil_awaddr[29]    │ Metal5    │
│ 2.43  │ 486.43   │ 200.00   │ s_awaddr[31\]   │ u_ram/s_axil_awaddr[31]    │ Metal5    │
│ 2.39  │ 477.94   │ 200.00   │ boot_wdata[10\] │ u_ram/boot_wdata[10]       │ Metal5    │
│ 2.30  │ 459.29   │ 200.00   │ net294          │ u_periph1/rst_ni           │ Metal3    │
│ 2.30  │ 459.29   │ 200.00   │ net294          │ u_periph2/rst_ni           │ Metal3    │
│ 2.25  │ 449.44   │ 200.00   │ cpu_awaddr[3\]  │ u_ic/m_awaddr[3]           │ Metal3    │
│ 2.25  │ 449.07   │ 200.00   │ s_wdata[33\]    │ u_periph0/s_axil_wdata[1]  │ Metal4    │
│ 2.18  │ 435.88   │ 200.00   │ cpu_wstrb[1\]   │ u_ic/m_wstrb[1]            │ Metal4    │
│ 2.15  │ 429.41   │ 200.00   │ net97           │ max_cap294/A               │ Metal2    │
│ 2.11  │ 422.69   │ 200.00   │ s_wdata[88\]    │ u_periph1/s_axil_wdata[24] │ Metal4    │
│ 2.08  │ 416.63   │ 200.00   │ cpu_araddr[2\]  │ u_ic/m_araddr[2]           │ Metal2    │
│ 2.05  │ 409.60   │ 200.00   │ s_arvalid[3\]   │ u_periph2/s_axil_arvalid   │ Metal3    │
│ 2.01  │ 402.83   │ 200.00   │ s_araddr[99\]   │ u_periph2/s_axil_araddr[3] │ Metal3    │
│ 2.01  │ 402.74   │ 200.00   │ cpu_wdata[27\]  │ u_ic/m_wdata[27]           │ Metal3    │
│ 1.99  │ 398.82   │ 200.00   │ boot_wdata[8\]  │ u_ram/boot_wdata[8]        │ Metal5    │
│ 1.98  │ 396.32   │ 200.00   │ s_wdata[36\]    │ u_periph0/s_axil_wdata[4]  │ Metal4    │
│ 1.98  │ 396.32   │ 200.00   │ s_wdata[71\]    │ u_periph1/s_axil_wdata[7]  │ Metal4    │
│ 1.98  │ 396.16   │ 200.00   │ boot_wdata[17\] │ u_ram/boot_wdata[17]       │ Metal3    │
│ 1.90  │ 379.92   │ 200.00   │ s_rdata[109\]   │ u_ic/s_rdata[109]          │ Metal3    │
│ 1.86  │ 372.45   │ 200.00   │ boot_wdata[5\]  │ u_ram/boot_wdata[5]        │ Metal5    │
│ 1.85  │ 369.94   │ 200.00   │ s_wdata[47\]    │ u_periph0/s_axil_wdata[15] │ Metal4    │
│ 1.85  │ 369.94   │ 200.00   │ s_wdata[61\]    │ u_periph0/s_axil_wdata[29] │ Metal4    │
│ 1.83  │ 365.71   │ 200.00   │ s_rdata[107\]   │ u_ic/s_rdata[107]          │ Metal3    │
│ 1.82  │ 363.59   │ 200.00   │ s_bresp[7\]     │ u_ic/s_bresp[7]            │ Metal3    │
│ 1.78  │ 356.76   │ 200.00   │ cpu_wdata[11\]  │ u_ic/m_wdata[11]           │ Metal4    │
│ 1.78  │ 356.76   │ 200.00   │ s_wstrb[10\]    │ u_periph1/s_axil_wstrb[2]  │ Metal4    │
│ 1.78  │ 356.76   │ 200.00   │ s_wstrb[5\]     │ u_periph0/s_axil_wstrb[1]  │ Metal4    │
│ 1.74  │ 348.94   │ 200.00   │ cpu_araddr[7\]  │ u_ic/m_araddr[7]           │ Metal2    │
│ 1.72  │ 343.57   │ 200.00   │ s_wdata[76\]    │ u_periph1/s_axil_wdata[12] │ Metal4    │
│ 1.71  │ 341.27   │ 200.00   │ s_rdata[115\]   │ u_ic/s_rdata[115]          │ Metal3    │
│ 1.68  │ 335.55   │ 200.00   │ s_rdata[86\]    │ u_ic/s_rdata[86]           │ Metal4    │
│ 1.65  │ 330.23   │ 200.00   │ boot_wdata[21\] │ u_ram/boot_wdata[21]       │ Metal3    │
│ 1.65  │ 329.52   │ 200.00   │ cpu_araddr[21\] │ u_ic/m_araddr[21]          │ Metal2    │
│ 1.60  │ 319.70   │ 200.00   │ boot_wdata[4\]  │ u_ram/boot_wdata[4]        │ Metal5    │
│ 1.59  │ 317.04   │ 200.00   │ boot_wdata[23\] │ u_ram/boot_wdata[23]       │ Metal3    │
│ 1.52  │ 304.59   │ 200.00   │ net293          │ output293/A                │ Metal2    │
│ 1.48  │ 295.71   │ 200.00   │ s_rdata[92\]    │ u_ic/s_rdata[92]           │ Metal4    │
│ 1.48  │ 295.28   │ 200.00   │ cpu_awaddr[28\] │ u_ic/m_awaddr[28]          │ Metal4    │
│ 1.40  │ 279.57   │ 200.00   │ boot_addr[6\]   │ u_ram/boot_addr[6]         │ Metal3    │
│ 1.39  │ 277.48   │ 200.00   │ cpu_awaddr[9\]  │ u_ic/m_awaddr[9]           │ Metal3    │
│ 1.39  │ 277.48   │ 200.00   │ s_wdata[94\]    │ u_periph1/s_axil_wdata[30] │ Metal3    │
│ 1.36  │ 271.38   │ 200.00   │ cpu_awaddr[4\]  │ u_ic/m_awaddr[4]           │ Metal3    │
│ 1.35  │ 270.99   │ 200.00   │ cpu_wdata[30\]  │ u_ic/m_wdata[30]           │ Metal2    │
│ 1.34  │ 267.47   │ 200.00   │ cpu_wdata[2\]   │ u_ic/m_wdata[2]            │ Metal2    │
│ 1.33  │ 266.95   │ 200.00   │ boot_wdata[3\]  │ u_ram/boot_wdata[3]        │ Metal5    │
│ 1.32  │ 263.83   │ 200.00   │ s_rdata[91\]    │ u_ic/s_rdata[91]           │ Metal4    │
│ 1.29  │ 258.39   │ 200.00   │ cpu_wdata[3\]   │ u_ic/m_wdata[3]            │ Metal2    │
│ 1.26  │ 251.11   │ 200.00   │ s_wdata[36\]    │ u_periph0/s_axil_wdata[4]  │ Metal3    │
│ 1.24  │ 247.47   │ 200.00   │ cpu_awvalid     │ u_ic/m_awvalid             │ Metal4    │
│ 1.20  │ 239.92   │ 200.00   │ s_rdata[83\]    │ u_ic/s_rdata[83]           │ Metal4    │
│ 1.16  │ 231.54   │ 200.00   │ cpu_araddr[5\]  │ u_ic/m_araddr[5]           │ Metal3    │
│ 1.16  │ 231.53   │ 200.00   │ s_awready[1\]   │ u_ic/s_awready[1]          │ Metal4    │
│ 1.14  │ 227.91   │ 200.00   │ cpu_awaddr[1\]  │ u_ic/m_awaddr[1]           │ Metal2    │
│ 1.14  │ 227.39   │ 200.00   │ boot_wdata[2\]  │ u_ram/boot_wdata[2]        │ Metal5    │
│ 1.14  │ 227.03   │ 200.00   │ cpu_awaddr[5\]  │ u_ic/m_awaddr[5]           │ Metal2    │
│ 1.12  │ 223.56   │ 200.00   │ s_bresp[3\]     │ u_ic/s_bresp[3]            │ Metal4    │
│ 1.08  │ 215.59   │ 200.00   │ s_wready[3\]    │ u_ic/s_wready[3]           │ Metal4    │
│ 1.06  │ 15044.44 │ 14172.00 │ s_araddr[29\]   │ u_ram/s_axil_araddr[29]    │ TopMetal1 │
│ 1.06  │ 211.55   │ 200.00   │ s_wdata[47\]    │ u_periph0/s_axil_wdata[15] │ Metal3    │
│ 1.06  │ 211.55   │ 200.00   │ s_wdata[71\]    │ u_periph1/s_axil_wdata[7]  │ Metal3    │
│ 1.06  │ 14971.46 │ 14172.00 │ boot_wdata[16\] │ u_ram/boot_wdata[16]       │ TopMetal1 │
│ 1.04  │ 208.05   │ 200.00   │ s_rdata[68\]    │ u_ic/s_rdata[68]           │ Metal4    │
│ 1.04  │ 207.63   │ 200.00   │ s_araddr[35\]   │ u_periph0/s_axil_araddr[3] │ Metal4    │
│ 1.04  │ 207.63   │ 200.00   │ s_rdata[72\]    │ u_ic/s_rdata[72]           │ Metal4    │
│ 1.02  │ 204.17   │ 200.00   │ cpu_wdata[13\]  │ u_ic/m_wdata[13]           │ Metal2    │
│ 1.01  │ 202.37   │ 200.00   │ cpu_araddr[25\] │ u_ic/m_araddr[25]          │ Metal2    │
│ 1.01  │ 201.02   │ 200.00   │ boot_wdata[0\]  │ u_ram/boot_wdata[0]        │ Metal5    │
│ 0.99  │ 198.52   │ 200.00   │ cpu_awaddr[2\]  │ u_ic/m_awaddr[2]           │ Metal4    │
│ 0.99  │ 198.36   │ 200.00   │ boot_wdata[28\] │ u_ram/boot_wdata[28]       │ Metal3    │
│ 0.96  │ 192.11   │ 200.00   │ s_rresp[5\]     │ u_ic/s_rresp[5]            │ Metal4    │
│ 0.93  │ 185.33   │ 200.00   │ cpu_awaddr[3\]  │ u_ic/m_awaddr[3]           │ Metal4    │
│ 0.93  │ 185.17   │ 200.00   │ cpu_awaddr[10\] │ u_ic/m_awaddr[10]          │ Metal3    │
│ 0.92  │ 183.72   │ 200.00   │ s_rdata[67\]    │ u_ic/s_rdata[67]           │ Metal4    │
│ 0.86  │ 171.99   │ 200.00   │ s_wdata[88\]    │ u_periph1/s_axil_wdata[24] │ Metal3    │
│ 0.72  │ 143.87   │ 200.00   │ s_rdata[65\]    │ u_ic/s_rdata[65]           │ Metal4    │
│ 0.68  │ 135.90   │ 200.00   │ s_bresp[7\]     │ u_ic/s_bresp[7]            │ Metal4    │
│ 0.60  │ 119.97   │ 200.00   │ s_rdata[76\]    │ u_ic/s_rdata[76]           │ Metal4    │
│ 0.56  │ 112.00   │ 200.00   │ s_arvalid[3\]   │ u_periph2/s_axil_arvalid   │ Metal4    │
│ 0.28  │ 56.21    │ 200.00   │ s_rdata[84\]    │ u_ic/s_rdata[84]           │ Metal4    │
│ 0.24  │ 48.25    │ 200.00   │ s_rvalid[1\]    │ u_ic/s_rvalid[1]           │ Metal4    │
│ 0.16  │ 32.31    │ 200.00   │ s_araddr[99\]   │ u_periph2/s_axil_araddr[3] │ Metal4    │
│ 0.07  │ 13.90    │ 200.00   │ s_wdata[94\]    │ u_periph1/s_axil_wdata[30] │ Metal4    │
│ 0.05  │ 739.35   │ 14172.00 │ s_araddr[10\]   │ u_ram/s_axil_araddr[10]    │ TopMetal2 │
│ 0.05  │ 9.99     │ 200.00   │ net294          │ u_periph1/rst_ni           │ TopMetal1 │
│ 0.05  │ 9.99     │ 200.00   │ net294          │ u_periph2/rst_ni           │ TopMetal1 │
│ 0.04  │ 8.40     │ 200.00   │ s_awaddr[1\]    │ u_ram/s_axil_awaddr[1]     │ Metal4    │
│ 0.04  │ 8.40     │ 200.00   │ s_awaddr[2\]    │ u_ram/s_axil_awaddr[2]     │ Metal4    │
│ 0.01  │ 1.06     │ 200.00   │ net294          │ u_periph1/rst_ni           │ Metal5    │
│ 0.01  │ 1.06     │ 200.00   │ net294          │ u_periph2/rst_ni           │ Metal5    │
│ 0.00  │ 0.64     │ 200.00   │ net293          │ output293/A                │ Metal3    │
│ 0.00  │ 0.56     │ 200.00   │ boot_wdata[1\]  │ u_ram/boot_wdata[1]        │ Metal4    │
│ 0.00  │ 0.56     │ 200.00   │ cpu_awaddr[4\]  │ u_ic/m_awaddr[4]           │ Metal4    │
│ 0.00  │ 0.56     │ 200.00   │ cpu_awaddr[7\]  │ u_ic/m_awaddr[7]           │ Metal4    │
│ 0.00  │ 0.56     │ 200.00   │ cpu_rdata[20\]  │ u_cpu/mem_axi_rdata[20]    │ Metal4    │
│ 0.00  │ 0.56     │ 200.00   │ cpu_wdata[16\]  │ u_ic/m_wdata[16]           │ Metal4    │
│ 0.00  │ 0.56     │ 200.00   │ cpu_wdata[27\]  │ u_ic/m_wdata[27]           │ Metal4    │
│ 0.00  │ 0.34     │ 200.00   │ s_wdata[23\]    │ u_ram/s_axil_wdata[23]     │ Metal4    │
│ 0.00  │ 0.34     │ 200.00   │ s_wdata[24\]    │ u_ram/s_axil_wdata[24]     │ Metal4    │
│ 0.00  │ 0.17     │ 200.00   │ net294          │ u_periph1/rst_ni           │ Metal4    │
│ 0.00  │ 0.17     │ 200.00   │ net294          │ u_periph2/rst_ni           │ Metal4    │
└───────┴──────────┴──────────┴─────────────────┴────────────────────────────┴───────────┘
