Reading timing models for corner nom_fast_1p32V_m40C…
Reading timing library for the 'nom_fast_1p32V_m40C' corner at '/home/jaikrishn/IHP-Open-PDK/ihp-sg13g2/libs.ref/sg13g2_stdcell/lib/sg13g2_stdcell_fast_1p32V_m40C.lib'…
Reading timing library for the 'nom_fast_1p32V_m40C' corner at '/home/jaikrishn/IHP-Open-PDK/ihp-sg13g2/libs.ref/sg13g2_io/lib/sg13g2_io_fast_1p32V_3p6V_m40C.lib'…
Reading timing models for corner nom_slow_1p08V_125C…
Reading timing library for the 'nom_slow_1p08V_125C' corner at '/home/jaikrishn/IHP-Open-PDK/ihp-sg13g2/libs.ref/sg13g2_stdcell/lib/sg13g2_stdcell_slow_1p08V_125C.lib'…
Reading timing library for the 'nom_slow_1p08V_125C' corner at '/home/jaikrishn/IHP-Open-PDK/ihp-sg13g2/libs.ref/sg13g2_io/lib/sg13g2_io_slow_1p08V_3p0V_125C.lib'…
Reading timing models for corner nom_typ_1p20V_25C…
Reading timing library for the 'nom_typ_1p20V_25C' corner at '/home/jaikrishn/IHP-Open-PDK/ihp-sg13g2/libs.ref/sg13g2_stdcell/lib/sg13g2_stdcell_typ_1p20V_25C.lib'…
Reading timing library for the 'nom_typ_1p20V_25C' corner at '/home/jaikrishn/IHP-Open-PDK/ihp-sg13g2/libs.ref/sg13g2_io/lib/sg13g2_io_typ_1p2V_3p3V_25C.lib'…
Reading OpenROAD database at '/home/jaikrishn/Documents/hardware/picorv32_axi4lite_port/phyisical_design/macros/boot_spi/runs/run_1/34-openroad-detailedplacement/boot_spi_macro.odb'…
Reading design constraints file at '/home/jaikrishn/Documents/hardware/picorv32_axi4lite_port/phyisical_design/macros/boot_spi/constraint.sdc'…
[INFO] No information on clock propagation in input SDC file-- propagating all clocks.
[INFO] Configuring cts characterization…
+ configure_cts_characterization 
[INFO] Performing clock tree synthesis…
[INFO] Looking for the following net(s): clk_i
[INFO] Running Clock Tree Synthesis…
+ clock_tree_synthesis -buf_list sg13g2_buf_8 sg13g2_buf_4 sg13g2_buf_2 -root_buf sg13g2_buf_16 -sink_clustering_size 4 -sink_clustering_enable -apply_ndr half
[INFO CTS-0050] Root buffer is sg13g2_buf_16.
[INFO CTS-0051] Sink buffer is sg13g2_buf_8.
[INFO CTS-0052] The following clock buffers will be used for CTS:
                    sg13g2_buf_2
                    sg13g2_buf_4
                    sg13g2_buf_8
[INFO CTS-0049] Characterization buffer is sg13g2_buf_8.
[INFO CTS-0007] Net "clk_i" found for clock "clk_i".
[INFO CTS-0010]  Clock net "clk_i" has 170 sinks.
[INFO CTS-0008] TritonCTS found 1 clock nets.
[INFO CTS-0097] Characterization used 3 buffer(s) types.
[INFO CTS-0201] 0 blockages from hard placement blockages and placed macros will be used.
[INFO CTS-0027] Generating H-Tree topology for net clk_i.
[INFO CTS-0028]  Total number of sinks: 170.
[INFO CTS-0029]  Register sinks will be clustered in groups of up to 4 and with maximum cluster diameter of 50.0 um.
[INFO CTS-0030]  Number of static layers: 0.
[INFO CTS-0020]  Wire segment unit: 18900  dbu (18 um).
[INFO CTS-0023]  Original sink region: [(14880, 21000), (242400, 251160)].
[INFO CTS-0024]  Normalized sink region: [(0.787302, 1.11111), (12.8254, 13.2889)].
[INFO CTS-0025]     Width:  12.0381.
[INFO CTS-0026]     Height: 12.1778.
 Level 1
    Direction: Vertical
    Sinks per sub-region: 85
    Sub-region size: 12.0381 X 6.0889
[INFO CTS-0034]     Segment length (rounded): 4.
 Level 2
    Direction: Horizontal
    Sinks per sub-region: 43
    Sub-region size: 6.0190 X 6.0889
[INFO CTS-0034]     Segment length (rounded): 4.
 Level 3
    Direction: Vertical
    Sinks per sub-region: 22
    Sub-region size: 6.0190 X 3.0444
[INFO CTS-0034]     Segment length (rounded): 1.
 Level 4
    Direction: Horizontal
    Sinks per sub-region: 11
    Sub-region size: 3.0095 X 3.0444
[INFO CTS-0034]     Segment length (rounded): 1.
 Level 5
    Direction: Vertical
    Sinks per sub-region: 6
    Sub-region size: 3.0095 X 1.5222
[INFO CTS-0034]     Segment length (rounded): 1.
[INFO CTS-0032]  Stop criterion found. Max number of sinks is 8.
[INFO CTS-0035]  Number of sinks covered: 170.
[INFO CTS-0018]     Created 49 clock buffers.
[INFO CTS-0012]     Minimum number of buffers in the clock path: 3.
[INFO CTS-0013]     Maximum number of buffers in the clock path: 3.
[INFO CTS-0015]     Created 49 clock nets.
[INFO CTS-0016]     Fanout distribution for the current clock = 5:22, 6:10..
[INFO CTS-0017]     Max level of the clock tree: 5.
[INFO CTS-0098] Clock net "clk_i"
[INFO CTS-0099]  Sinks 180
[INFO CTS-0100]  Leaf buffers 0
[INFO CTS-0101]  Average sink wire length 382.73 um
[INFO CTS-0102]  Path depth 3 - 3
[INFO CTS-0207]  Dummy loads inserted 10
[INFO] Repairing long wires on clock nets…
[INFO RSZ-0058] Using max wire length 2960um.
Setting global connections for newly added cells…
[INFO] Setting global connections...
[INFO ODB-0403] 118 connections made, 0 conflicts skipped.
Updating metrics…
Cell type report:                       Count       Area
  Clock buffer                             49    1874.28
  Timing Repair Buffer                    158    1146.70
  Inverter                                 19     103.42
  Clock inverter                           10      54.43
  Sequential cell                         170    8328.10
  Multi-Input combinational cell          682    6326.81
  Total                                  1088   17833.74
Writing OpenROAD database to '/home/jaikrishn/Documents/hardware/picorv32_axi4lite_port/phyisical_design/macros/boot_spi/runs/run_1/35-openroad-cts/boot_spi_macro.odb'…
Writing netlist to '/home/jaikrishn/Documents/hardware/picorv32_axi4lite_port/phyisical_design/macros/boot_spi/runs/run_1/35-openroad-cts/boot_spi_macro.nl.v'…
Writing powered netlist to '/home/jaikrishn/Documents/hardware/picorv32_axi4lite_port/phyisical_design/macros/boot_spi/runs/run_1/35-openroad-cts/boot_spi_macro.pnl.v'…
Writing layout to '/home/jaikrishn/Documents/hardware/picorv32_axi4lite_port/phyisical_design/macros/boot_spi/runs/run_1/35-openroad-cts/boot_spi_macro.def'…
Writing timing constraints to '/home/jaikrishn/Documents/hardware/picorv32_axi4lite_port/phyisical_design/macros/boot_spi/runs/run_1/35-openroad-cts/boot_spi_macro.sdc'…
[INFO] Legalizing…
+ detailed_placement -max_displacement  500 100 
Placement Analysis
---------------------------------
total displacement        286.9 u
average displacement        0.3 u
max displacement            6.2 u
original HPWL           25518.8 u
legalized HPWL          26337.3 u
delta HPWL                    3 %

[INFO DPL-0020] Mirrored 533 instances
[INFO DPL-0021] HPWL before           26337.3 u
[INFO DPL-0022] HPWL after            25627.5 u
[INFO DPL-0023] HPWL delta               -2.7 %
Setting global connections for newly added cells…
[INFO] Setting global connections...
[INFO ODB-0403] 0 connections made, 0 conflicts skipped.
Updating metrics…
Cell type report:                       Count       Area
  Clock buffer                             49    1874.28
  Timing Repair Buffer                    158    1146.70
  Inverter                                 19     103.42
  Clock inverter                           10      54.43
  Sequential cell                         170    8328.10
  Multi-Input combinational cell          682    6326.81
  Total                                  1088   17833.74
Writing OpenROAD database to '/home/jaikrishn/Documents/hardware/picorv32_axi4lite_port/phyisical_design/macros/boot_spi/runs/run_1/35-openroad-cts/boot_spi_macro.odb'…
Writing netlist to '/home/jaikrishn/Documents/hardware/picorv32_axi4lite_port/phyisical_design/macros/boot_spi/runs/run_1/35-openroad-cts/boot_spi_macro.nl.v'…
Writing powered netlist to '/home/jaikrishn/Documents/hardware/picorv32_axi4lite_port/phyisical_design/macros/boot_spi/runs/run_1/35-openroad-cts/boot_spi_macro.pnl.v'…
Writing layout to '/home/jaikrishn/Documents/hardware/picorv32_axi4lite_port/phyisical_design/macros/boot_spi/runs/run_1/35-openroad-cts/boot_spi_macro.def'…
Writing timing constraints to '/home/jaikrishn/Documents/hardware/picorv32_axi4lite_port/phyisical_design/macros/boot_spi/runs/run_1/35-openroad-cts/boot_spi_macro.sdc'…
%OL_CREATE_REPORT cts.rpt
Total number of Clock Roots: 1.
Total number of Buffers Inserted: 49.
Total number of Clock Subnets: 49.
Total number of Sinks: 170.
Cells used:
  sg13g2_buf_16: 33
  sg13g2_buf_8: 16
Dummys used:
  sg13g2_inv_1: 10
%OL_END_REPORT
