Reading timing models for corner nom_typ_1p20V_25C…
Reading timing library for the 'nom_typ_1p20V_25C' corner at '/home/jaikrishn/IHP-Open-PDK/ihp-sg13g2/libs.ref/sg13g2_stdcell/lib/sg13g2_stdcell_typ_1p20V_25C.lib'…
Reading timing library for the 'nom_typ_1p20V_25C' corner at '/home/jaikrishn/IHP-Open-PDK/ihp-sg13g2/libs.ref/sg13g2_io/lib/sg13g2_io_typ_1p2V_3p3V_25C.lib'…
Reading OpenROAD database at '/home/jaikrishn/Documents/hardware/picorv32_axi4lite_port/phyisical_design/macros/interconnect/runs/run_1/24-openroad-globalplacementskipio/interconnect_macro.odb'…
Reading design constraints file at '/home/jaikrishn/Documents/hardware/picorv32_axi4lite_port/phyisical_design/macros/interconnect/constraint.sdc'…
[INFO] No information on clock propagation in input SDC file-- propagating all clocks.
+ place_pins -hor_layers Metal3 -ver_layers Metal2
Found 0 macro blocks.
Using 2 tracks default min distance between IO pins.
[INFO PPL-0001] Number of available slots 818
[INFO PPL-0002] Number of I/O             762
[INFO PPL-0003] Number of I/O w/sink      760
[INFO PPL-0004] Number of I/O w/o sink    2
[INFO PPL-0005] Slots per section         200
[INFO PPL-0008] Successfully assigned pins to sections.
[INFO PPL-0012] I/O nets HPWL: 41028.96 um.
Setting global connections for newly added cells…
[INFO] Setting global connections...
[INFO ODB-0403] 0 connections made, 0 conflicts skipped.
Updating metrics…
Cell type report:                       Count       Area
  Buffer                                  424    3077.22
  Inverter                                 45     244.94
  Multi-Input combinational cell          364    3521.75
  Total                                   833    6843.92
Writing OpenROAD database to '/home/jaikrishn/Documents/hardware/picorv32_axi4lite_port/phyisical_design/macros/interconnect/runs/run_1/25-openroad-ioplacement/interconnect_macro.odb'…
Writing netlist to '/home/jaikrishn/Documents/hardware/picorv32_axi4lite_port/phyisical_design/macros/interconnect/runs/run_1/25-openroad-ioplacement/interconnect_macro.nl.v'…
Writing powered netlist to '/home/jaikrishn/Documents/hardware/picorv32_axi4lite_port/phyisical_design/macros/interconnect/runs/run_1/25-openroad-ioplacement/interconnect_macro.pnl.v'…
Writing layout to '/home/jaikrishn/Documents/hardware/picorv32_axi4lite_port/phyisical_design/macros/interconnect/runs/run_1/25-openroad-ioplacement/interconnect_macro.def'…
Writing timing constraints to '/home/jaikrishn/Documents/hardware/picorv32_axi4lite_port/phyisical_design/macros/interconnect/runs/run_1/25-openroad-ioplacement/interconnect_macro.sdc'…
