Clock: clk
Sources: clk_i 
Generated: no
Virtual: yes
Propagated: no
Period: 10.000000

===========================================================================
report_clock_properties
============================================================================
Clock                   Period          Waveform
----------------------------------------------------
clk                  10.000000    0.000000  5.000000

===========================================================================
report_clock_latency
============================================================================
Clock clk
rise -> rise
    min     max
0.000000 0.000000 source latency
0.524478         network latency u_boot_spi/clk_i
        0.559293 network latency u_ram/clk_i
---------------
0.524478 0.559293 latency
        0.034815 skew

fall -> fall
    min     max
0.000000 0.000000 source latency
0.520974         network latency u_boot_spi/clk_i
        0.554562 network latency u_ram/clk_i
---------------
0.520974 0.554562 latency
        0.033588 skew



===========================================================================
report_clock_min_period
============================================================================
clk period_min = 13.32 fmax = 75.08
