
===========================================================================
 report_power
============================================================================
======================= nom_slow_1p08V_125C Corner ===================================

Group                    Internal    Switching      Leakage        Total
                            Power        Power        Power        Power (Watts)
------------------------------------------------------------------------
Sequential           0.000000e+00 0.000000e+00 0.000000e+00 0.000000e+00   0.0%
Combinational        5.020965e-06 8.983230e-06 1.664258e-07 1.417062e-05   7.9%
Clock                3.944801e-05 1.113434e-04 1.539115e-05 1.661825e-04  92.1%
Macro                0.000000e+00 0.000000e+00 0.000000e+00 0.000000e+00   0.0%
Pad                  0.000000e+00 0.000000e+00 0.000000e+00 0.000000e+00   0.0%
------------------------------------------------------------------------
Total                4.446896e-05 1.203266e-04 1.555759e-05 1.803531e-04 100.0%
                            24.7%        66.7%         8.6%

