
===========================================================================
report_checks -unconstrained
===========================================================================
======================= nom_typ_1p20V_25C Corner ===================================

Startpoint: s_axil_awaddr[2] (input port clocked by clk_i)
Endpoint: _1089_ (rising edge-triggered flip-flop clocked by clk_i)
Path Group: clk_i
Path Type: max

Fanout         Cap        Slew       Delay        Time   Description
---------------------------------------------------------------------------------------------
                                  0.000000    0.000000   clock clk_i (rise edge)
                                  0.000000    0.000000   clock network delay (propagated)
                                  2.000000    2.000000 ^ input external delay
     1    0.003994    0.021148    0.003336    2.003335 ^ s_axil_awaddr[2] (in)
                                                         s_axil_awaddr[2] (net)
                      0.021148    0.000000    2.003335 ^ input37/A (sg13g2_buf_1)
     1    0.007858    0.040623    0.070561    2.073896 ^ input37/X (sg13g2_buf_1)
                                                         net37 (net)
                      0.040639    0.000764    2.074661 ^ fanout256/A (sg13g2_buf_1)
     5    0.057862    0.240314    0.217070    2.291731 ^ fanout256/X (sg13g2_buf_1)
                                                         net256 (net)
                      0.240355    0.002633    2.294364 ^ fanout252/A (sg13g2_buf_1)
     8    0.064262    0.266671    0.291745    2.586108 ^ fanout252/X (sg13g2_buf_1)
                                                         net252 (net)
                      0.266710    0.002733    2.588842 ^ fanout251/A (sg13g2_buf_1)
     8    0.045070    0.188678    0.248143    2.836984 ^ fanout251/X (sg13g2_buf_1)
                                                         net251 (net)
                      0.188712    0.002121    2.839105 ^ _0587_/A (sg13g2_inv_1)
     1    0.004455    0.047615    0.067832    2.906937 v _0587_/Y (sg13g2_inv_1)
                                                         _0137_ (net)
                      0.047615    0.000176    2.907113 v fanout230/A (sg13g2_buf_1)
     5    0.046974    0.150818    0.168779    3.075893 v fanout230/X (sg13g2_buf_1)
                                                         net230 (net)
                      0.150831    0.001202    3.077095 v fanout226/A (sg13g2_buf_1)
     8    0.055173    0.175099    0.224623    3.301718 v fanout226/X (sg13g2_buf_1)
                                                         net226 (net)
                      0.175384    0.005873    3.307591 v fanout225/A (sg13g2_buf_1)
     8    0.042908    0.138193    0.205491    3.513082 v fanout225/X (sg13g2_buf_1)
                                                         net225 (net)
                      0.138365    0.003435    3.516517 v _0933_/B (sg13g2_nor3_1)
     8    0.056073    0.714007    0.595620    4.112138 ^ _0933_/Y (sg13g2_nor3_1)
                                                         _0399_ (net)
                      0.714088    0.006373    4.118511 ^ _0950_/A2 (sg13g2_a21oi_1)
     1    0.004916    0.128692    0.194101    4.312612 v _0950_/Y (sg13g2_a21oi_1)
                                                         _0412_ (net)
                      0.128692    0.000335    4.312947 v _0953_/A (sg13g2_nor2_1)
     1    0.002446    0.050789    0.080224    4.393171 ^ _0953_/Y (sg13g2_nor2_1)
                                                         _0088_ (net)
                      0.050789    0.000167    4.393338 ^ _1089_/D (sg13g2_dfrbpq_1)
                                              4.393338   data arrival time

                                 10.000000   10.000000   clock clk_i (rise edge)
                                  0.000000   10.000000   clock source latency
     1    0.032062    0.000000    0.000000   10.000000 ^ clk_i (in)
                                                         clk_i (net)
                      0.004516    0.002258   10.002258 ^ clkbuf_0_clk_i/A (sg13g2_buf_16)
    16    0.181972    0.058543    0.076554   10.078812 ^ clkbuf_0_clk_i/X (sg13g2_buf_16)
                                                         clknet_0_clk_i (net)
                      0.061702    0.010475   10.089287 ^ clkbuf_4_8_0_clk_i/A (sg13g2_buf_8)
     7    0.032346    0.030358    0.088271   10.177558 ^ clkbuf_4_8_0_clk_i/X (sg13g2_buf_8)
                                                         clknet_4_8_0_clk_i (net)
                      0.030611    0.002709   10.180266 ^ _1089_/CLK (sg13g2_dfrbpq_1)
                                 -0.200000    9.980267   clock uncertainty
                                  0.000000    9.980267   clock reconvergence pessimism
                                 -0.121174    9.859094   library setup time
                                              9.859094   data required time
---------------------------------------------------------------------------------------------
                                              9.859094   data required time
                                             -4.393338   data arrival time
---------------------------------------------------------------------------------------------
                                              5.465755   slack (MET)




===========================================================================
report_checks --slack_max -0.01
============================================================================
======================= nom_typ_1p20V_25C Corner ===================================

No paths found.


===========================================================================
 report_check_types -max_slew -max_cap -max_fanout -violators
============================================================================
======================= nom_typ_1p20V_25C Corner ===================================

max fanout

Pin                                   Limit Fanout  Slack
---------------------------------------------------------
clkbuf_0_clk_i/X                          8     16     -8 (VIOLATED)



===========================================================================
report_parasitic_annotation -report_unannotated
============================================================================
Found 72 unannotated drivers.
 s_axil_araddr[0]
 s_axil_araddr[10]
 s_axil_araddr[11]
 s_axil_araddr[12]
 s_axil_araddr[13]
 s_axil_araddr[14]
 s_axil_araddr[15]
 s_axil_araddr[16]
 s_axil_araddr[17]
 s_axil_araddr[18]
 s_axil_araddr[19]
 s_axil_araddr[1]
 s_axil_araddr[20]
 s_axil_araddr[21]
 s_axil_araddr[22]
 s_axil_araddr[23]
 s_axil_araddr[24]
 s_axil_araddr[25]
 s_axil_araddr[26]
 s_axil_araddr[27]
 s_axil_araddr[28]
 s_axil_araddr[29]
 s_axil_araddr[30]
 s_axil_araddr[31]
 s_axil_araddr[4]
 s_axil_araddr[5]
 s_axil_araddr[6]
 s_axil_araddr[7]
 s_axil_araddr[8]
 s_axil_araddr[9]
 s_axil_awaddr[0]
 s_axil_awaddr[10]
 s_axil_awaddr[11]
 s_axil_awaddr[12]
 s_axil_awaddr[13]
 s_axil_awaddr[14]
 s_axil_awaddr[15]
 s_axil_awaddr[16]
 s_axil_awaddr[17]
 s_axil_awaddr[18]
 s_axil_awaddr[19]
 s_axil_awaddr[1]
 s_axil_awaddr[20]
 s_axil_awaddr[21]
 s_axil_awaddr[22]
 s_axil_awaddr[23]
 s_axil_awaddr[24]
 s_axil_awaddr[25]
 s_axil_awaddr[26]
 s_axil_awaddr[27]
 s_axil_awaddr[28]
 s_axil_awaddr[29]
 s_axil_awaddr[30]
 s_axil_awaddr[31]
 s_axil_awaddr[4]
 s_axil_awaddr[5]
 s_axil_awaddr[6]
 s_axil_awaddr[7]
 s_axil_awaddr[8]
 s_axil_awaddr[9]
 s_axil_rready
 clkload0/Y
 clkload1/Y
 clkload10/Y
 clkload2/Y
 clkload3/Y
 clkload4/Y
 clkload5/Y
 clkload6/Y
 clkload7/Y
 clkload8/Y
 clkload9/Y
Found 0 partially unannotated drivers.

===========================================================================
max slew violation count 0
max fanout violation count 1
max cap violation count 0
============================================================================

===========================================================================
check_setup -verbose -unconstrained_endpoints -multiple_clock -no_clock -no_input_delay -loops -generated_clocks
===========================================================================
