Clock: clk_i
Sources: clk_i 
Generated: no
Virtual: yes
Propagated: no
Period: 10.000000

===========================================================================
report_clock_properties
============================================================================
Clock                   Period          Waveform
----------------------------------------------------
clk_i                10.000000    0.000000  5.000000

===========================================================================
report_clock_latency
============================================================================
Clock clk_i
rise -> rise
    min     max
0.000000 0.000000 source latency
0.177537         network latency _1060_/CLK
        0.197194 network latency _1031_/CLK
---------------
0.177537 0.197194 latency
        0.019656 skew

fall -> fall
    min     max
0.000000 0.000000 source latency
0.181890         network latency _1060_/CLK
        0.199912 network latency _1031_/CLK
---------------
0.181890 0.199912 latency
        0.018022 skew



===========================================================================
report_clock_min_period
============================================================================
clk_i period_min = 1.83 fmax = 545.66
