Clock: clk_i
Sources: clk_i 
Generated: no
Virtual: yes
Propagated: no
Period: 10.000000

===========================================================================
report_clock_properties
============================================================================
Clock                   Period          Waveform
----------------------------------------------------
clk_i                10.000000    0.000000  5.000000

===========================================================================
report_clock_latency
============================================================================
Clock clk_i
rise -> rise
    min     max
0.000000 0.000000 source latency
0.293437         network latency _1346_/CLK
        0.312041 network latency _1253_/CLK
---------------
0.293437 0.312041 latency
        0.018605 skew

fall -> fall
    min     max
0.000000 0.000000 source latency
0.295103         network latency _1346_/CLK
        0.310359 network latency _1253_/CLK
---------------
0.295103 0.310359 latency
        0.015257 skew



===========================================================================
report_clock_min_period
============================================================================
clk_i period_min = 2.17 fmax = 460.13
