Clock: clk_i
Sources: clk_i 
Generated: no
Virtual: yes
Propagated: no
Period: 10.000000

===========================================================================
report_clock_properties
============================================================================
Clock                   Period          Waveform
----------------------------------------------------
clk_i                10.000000    0.000000  5.000000

===========================================================================
report_clock_latency
============================================================================
Clock clk_i
rise -> rise
    min     max
0.000000 0.000000 source latency
0.295336         network latency _1359_/CLK
        0.330152 network latency _1380_/CLK
---------------
0.295336 0.330152 latency
        0.034816 skew

fall -> fall
    min     max
0.000000 0.000000 source latency
0.296827         network latency _1359_/CLK
        0.328670 network latency _1380_/CLK
---------------
0.296827 0.328670 latency
        0.031843 skew



===========================================================================
report_clock_min_period
============================================================================
clk_i period_min = 2.35 fmax = 424.81
