
===========================================================================
report_checks -unconstrained
===========================================================================
======================= nom_slow_1p08V_125C Corner ===================================

Startpoint: _15058_ (rising edge-triggered flip-flop clocked by clk_i)
Endpoint: _14956_ (rising edge-triggered flip-flop clocked by clk_i)
Path Group: clk_i
Path Type: max

Fanout         Cap        Slew       Delay        Time   Description
---------------------------------------------------------------------------------------------
                                  0.000000    0.000000   clock clk_i (rise edge)
                                  0.000000    0.000000   clock source latency
     1    0.077083    0.000000    0.000000    0.000000 ^ clk_i (in)
                                                         clk_i (net)
                      0.025251    0.012625    0.012625 ^ clkbuf_0_clk_i/A (sg13g2_buf_16)
    16    0.329281    0.150804    0.159942    0.172567 ^ clkbuf_0_clk_i/X (sg13g2_buf_16)
                                                         clknet_0_clk_i (net)
                      0.165117    0.035393    0.207960 ^ clkbuf_4_14_0_clk_i/A (sg13g2_buf_8)
     2    0.048705    0.060999    0.184695    0.392655 ^ clkbuf_4_14_0_clk_i/X (sg13g2_buf_8)
                                                         clknet_4_14_0_clk_i (net)
                      0.061752    0.004444    0.397099 ^ clkbuf_5_29__f_clk_i/A (sg13g2_buf_16)
     7    0.110426    0.062866    0.136952    0.534051 ^ clkbuf_5_29__f_clk_i/X (sg13g2_buf_16)
                                                         clknet_5_29__leaf_clk_i (net)
                      0.064494    0.007685    0.541736 ^ clkbuf_leaf_110_clk_i/A (sg13g2_buf_8)
     8    0.034585    0.047298    0.129598    0.671335 ^ clkbuf_leaf_110_clk_i/X (sg13g2_buf_8)
                                                         clknet_leaf_110_clk_i (net)
                      0.047305    0.001032    0.672367 ^ _15058_/CLK (sg13g2_dfrbpq_1)
     1    0.004629    0.046488    0.274339    0.946706 ^ _15058_/Q (sg13g2_dfrbpq_1)
                                                         u_picorv32.picorv32_core.latched_store (net)
                      0.046488    0.000269    0.946976 ^ fanout1002/A (sg13g2_buf_1)
     6    0.089506    0.565622    0.470112    1.417087 ^ fanout1002/X (sg13g2_buf_1)
                                                         net1002 (net)
                      0.565696    0.005483    1.422570 ^ fanout1001/A (sg13g2_buf_1)
     8    0.101173    0.642936    0.669782    2.092352 ^ fanout1001/X (sg13g2_buf_1)
                                                         net1001 (net)
                      0.644191    0.023453    2.115805 ^ _08837_/B (sg13g2_and2_1)
     2    0.046872    0.308738    0.506928    2.622733 ^ _08837_/X (sg13g2_and2_1)
                                                         _02694_ (net)
                      0.308847    0.005548    2.628280 ^ fanout603/A (sg13g2_buf_1)
     7    0.063128    0.405158    0.455261    3.083541 ^ fanout603/X (sg13g2_buf_1)
                                                         net603 (net)
                      0.405164    0.001316    3.084857 ^ fanout602/A (sg13g2_buf_1)
     7    0.047978    0.310991    0.415896    3.500754 ^ fanout602/X (sg13g2_buf_1)
                                                         net602 (net)
                      0.310991    0.001167    3.501921 ^ fanout601/A (sg13g2_buf_1)
     5    0.031364    0.207982    0.323329    3.825250 ^ fanout601/X (sg13g2_buf_1)
                                                         net601 (net)
                      0.207992    0.001653    3.826903 ^ fanout600/A (sg13g2_buf_1)
     8    0.039432    0.256419    0.325693    4.152596 ^ fanout600/X (sg13g2_buf_1)
                                                         net600 (net)
                      0.256599    0.004196    4.156792 ^ _10684_/A2 (sg13g2_a21o_1)
     6    0.028828    0.195460    0.366272    4.523063 ^ _10684_/X (sg13g2_a21o_1)
                                                         _03361_ (net)
                      0.195460    0.000829    4.523892 ^ _10844_/C (sg13g2_nand4_1)
     4    0.031479    0.601683    0.593956    5.117847 v _10844_/Y (sg13g2_nand4_1)
                                                         _03489_ (net)
                      0.601733    0.004627    5.122475 v _10897_/D (sg13g2_nor4_1)
     4    0.031227    0.895333    0.894775    6.017251 ^ _10897_/Y (sg13g2_nor4_1)
                                                         _03538_ (net)
                      0.895361    0.004180    6.021430 ^ _10936_/A (sg13g2_nand4_1)
     3    0.015345    0.456437    0.553174    6.574605 v _10936_/Y (sg13g2_nand4_1)
                                                         _03574_ (net)
                      0.456437    0.001400    6.576005 v _10965_/C (sg13g2_nor3_1)
     2    0.014412    0.378250    0.420283    6.996288 ^ _10965_/Y (sg13g2_nor3_1)
                                                         _03601_ (net)
                      0.378256    0.001249    6.997537 ^ _11042_/A (sg13g2_nand4_1)
     2    0.018303    0.417580    0.459762    7.457299 v _11042_/Y (sg13g2_nand4_1)
                                                         _03673_ (net)
                      0.417580    0.001378    7.458676 v _11078_/D (sg13g2_nor4_1)
     4    0.024785    0.720543    0.705064    8.163740 ^ _11078_/Y (sg13g2_nor4_1)
                                                         _03706_ (net)
                      0.720553    0.002272    8.166012 ^ _11116_/A (sg13g2_nand2_1)
     5    0.031418    0.431129    0.559000    8.725012 v _11116_/Y (sg13g2_nand2_1)
                                                         _03741_ (net)
                      0.431339    0.005019    8.730031 v _11190_/C (sg13g2_nor3_1)
     2    0.012663    0.341990    0.383467    9.113498 ^ _11190_/Y (sg13g2_nor3_1)
                                                         _03810_ (net)
                      0.341994    0.000977    9.114474 ^ _11205_/B (sg13g2_xor2_1)
     1    0.004353    0.123598    0.261035    9.375509 ^ _11205_/X (sg13g2_xor2_1)
                                                         _03824_ (net)
                      0.123598    0.000175    9.375685 ^ _11206_/A2 (sg13g2_o21ai_1)
     1    0.005032    0.130929    0.127354    9.503038 v _11206_/Y (sg13g2_o21ai_1)
                                                         _03825_ (net)
                      0.130929    0.000345    9.503384 v _11208_/A1 (sg13g2_o21ai_1)
     1    0.004570    0.133605    0.181331    9.684713 ^ _11208_/Y (sg13g2_o21ai_1)
                                                         _03827_ (net)
                      0.133605    0.000346    9.685060 ^ _11209_/B (sg13g2_nand2_1)
     1    0.002409    0.054540    0.105191    9.790251 v _11209_/Y (sg13g2_nand2_1)
                                                         _01327_ (net)
                      0.054540    0.000162    9.790412 v _14956_/D (sg13g2_dfrbpq_1)
                                              9.790412   data arrival time

                                 10.000000   10.000000   clock clk_i (rise edge)
                                  0.000000   10.000000   clock source latency
     1    0.074760    0.000000    0.000000   10.000000 ^ clk_i (in)
                                                         clk_i (net)
                      0.024030    0.012015   10.012015 ^ clkbuf_0_clk_i/A (sg13g2_buf_16)
    16    0.311846    0.143657    0.155779   10.167795 ^ clkbuf_0_clk_i/X (sg13g2_buf_16)
                                                         clknet_0_clk_i (net)
                      0.152488    0.027444   10.195239 ^ clkbuf_4_12_0_clk_i/A (sg13g2_buf_8)
     2    0.048424    0.060364    0.179707   10.374946 ^ clkbuf_4_12_0_clk_i/X (sg13g2_buf_8)
                                                         clknet_4_12_0_clk_i (net)
                      0.060713    0.003072   10.378017 ^ clkbuf_5_25__f_clk_i/A (sg13g2_buf_16)
     7    0.102936    0.059509    0.135244   10.513262 ^ clkbuf_5_25__f_clk_i/X (sg13g2_buf_16)
                                                         clknet_5_25__leaf_clk_i (net)
                      0.059791    0.002712   10.515973 ^ clkbuf_leaf_124_clk_i/A (sg13g2_buf_8)
     8    0.036825    0.048658    0.128237   10.644210 ^ clkbuf_leaf_124_clk_i/X (sg13g2_buf_8)
                                                         clknet_leaf_124_clk_i (net)
                      0.048687    0.001374   10.645584 ^ _14956_/CLK (sg13g2_dfrbpq_1)
                                 -0.200000   10.445584   clock uncertainty
                                  0.004773   10.450356   clock reconvergence pessimism
                                 -0.184469   10.265887   library setup time
                                             10.265887   data required time
---------------------------------------------------------------------------------------------
                                             10.265887   data required time
                                             -9.790412   data arrival time
---------------------------------------------------------------------------------------------
                                              0.475475   slack (MET)




===========================================================================
report_checks --slack_max -0.01
============================================================================
======================= nom_slow_1p08V_125C Corner ===================================

No paths found.


===========================================================================
 report_check_types -max_slew -max_cap -max_fanout -violators
============================================================================
======================= nom_slow_1p08V_125C Corner ===================================

max fanout

Pin                                   Limit Fanout  Slack
---------------------------------------------------------
clkbuf_0_clk_i/X                          8     16     -8 (VIOLATED)



===========================================================================
report_parasitic_annotation -report_unannotated
============================================================================
Found 29 unannotated drivers.
 clkload0/X
 clkload1/X
 clkload10/X
 clkload11/Y
 clkload12/X
 clkload13/Y
 clkload14/Y
 clkload15/Y
 clkload16/X
 clkload17/Y
 clkload18/Y
 clkload19/Y
 clkload2/X
 clkload20/Y
 clkload21/X
 clkload22/Y
 clkload23/X
 clkload24/Y
 clkload25/X
 clkload26/Y
 clkload27/Y
 clkload28/Y
 clkload3/X
 clkload4/X
 clkload5/X
 clkload6/X
 clkload7/X
 clkload8/X
 clkload9/X
Found 0 partially unannotated drivers.

===========================================================================
max slew violation count 0
max fanout violation count 1
max cap violation count 0
============================================================================

===========================================================================
check_setup -verbose -unconstrained_endpoints -multiple_clock -no_clock -no_input_delay -loops -generated_clocks
===========================================================================
