Clock: clk_i
Sources: clk_i 
Generated: no
Virtual: yes
Propagated: no
Period: 10.000000

===========================================================================
report_clock_properties
============================================================================
Clock                   Period          Waveform
----------------------------------------------------
clk_i                10.000000    0.000000  5.000000

===========================================================================
report_clock_latency
============================================================================
Clock clk_i
rise -> rise
    min     max
0.000000 0.000000 source latency
0.527376         network latency _15242_/CLK
        0.694023 network latency _15007_/CLK
---------------
0.527376 0.694023 latency
        0.166647 skew

fall -> fall
    min     max
0.000000 0.000000 source latency
0.527300         network latency _15242_/CLK
        0.691438 network latency _15007_/CLK
---------------
0.527300 0.691438 latency
        0.164139 skew



===========================================================================
report_clock_min_period
============================================================================
clk_i period_min = 9.52 fmax = 104.99
