[WARNING ORD-0039] .openroad ignored with -python
Unannotated report:
['report_parasitic_annotation -report_unannotated\n',
 '============================================================================\n',
 'Found 29 unannotated drivers.\n',
 ' clkload0/X\n',
 ' clkload1/X\n',
 ' clkload10/X\n',
 ' clkload11/Y\n',
 ' clkload12/X\n',
 ' clkload13/Y\n',
 ' clkload14/Y\n',
 ' clkload15/Y\n',
 ' clkload16/X\n',
 ' clkload17/Y\n',
 ' clkload18/Y\n',
 ' clkload19/Y\n',
 ' clkload2/X\n',
 ' clkload20/Y\n',
 ' clkload21/X\n',
 ' clkload22/Y\n',
 ' clkload23/X\n',
 ' clkload24/Y\n',
 ' clkload25/X\n',
 ' clkload26/Y\n',
 ' clkload27/Y\n',
 ' clkload28/Y\n',
 ' clkload3/X\n',
 ' clkload4/X\n',
 ' clkload5/X\n',
 ' clkload6/X\n',
 ' clkload7/X\n',
 ' clkload8/X\n',
 ' clkload9/X\n',
 'Found 0 partially unannotated drivers.\n',
 '\n']
Reported nets:
['clkload0/X',
 'clkload1/X',
 'clkload10/X',
 'clkload11/Y',
 'clkload12/X',
 'clkload13/Y',
 'clkload14/Y',
 'clkload15/Y',
 'clkload16/X',
 'clkload17/Y',
 'clkload18/Y',
 'clkload19/Y',
 'clkload2/X',
 'clkload20/Y',
 'clkload21/X',
 'clkload22/Y',
 'clkload23/X',
 'clkload24/Y',
 'clkload25/X',
 'clkload26/Y',
 'clkload27/Y',
 'clkload28/Y',
 'clkload3/X',
 'clkload4/X',
 'clkload5/X',
 'clkload6/X',
 'clkload7/X',
 'clkload8/X',
 'clkload9/X']
Filtered nets:
[]
done
