
===========================================================================
 report_power
============================================================================
======================= nom_slow_1p08V_125C Corner ===================================

Group                    Internal    Switching      Leakage        Total
                            Power        Power        Power        Power (Watts)
------------------------------------------------------------------------
Sequential           4.180399e-04 3.125538e-06 2.229635e-07 4.213884e-04  21.7%
Combinational        1.371967e-05 4.165464e-05 3.585062e-07 5.573281e-05   2.9%
Clock                1.641073e-04 9.310548e-05 9.897895e-08 2.573118e-04  13.2%
Macro                1.206492e-03 0.000000e+00 2.613176e-06 1.209105e-03  62.2%
Pad                  0.000000e+00 0.000000e+00 0.000000e+00 0.000000e+00   0.0%
------------------------------------------------------------------------
Total                1.802359e-03 1.378857e-04 3.293607e-06 1.943538e-03 100.0%
                            92.7%         7.1%         0.2%
Writing metric power__internal__total: 0.0018023591255769134
Writing metric power__switching__total: 0.00013788568321615458
Writing metric power__leakage__total: 3.2936068237177096e-6
Writing metric power__total: 0.0019435384310781956

