
===========================================================================
Violator List
============================================================================
[hold reg-reg] _872_/Q -> u_sram/A_DIN[31] : -0.453301
[hold reg-reg] _881_/Q -> u_sram/A_ADDR[4] : -0.437632
[hold reg-reg] _831_/Q -> u_sram/A_ADDR[1] : -0.422768
[hold reg-reg] _879_/Q -> u_sram/A_ADDR[2] : -0.419716
[hold reg-reg] _830_/Q -> u_sram/A_ADDR[0] : -0.408265
[hold reg-reg] _871_/Q -> u_sram/A_DIN[30] : -0.402643
[hold reg-reg] _880_/Q -> u_sram/A_ADDR[3] : -0.390722
[hold reg-reg] _870_/Q -> u_sram/A_DIN[29] : -0.389730
[hold reg-reg] _882_/Q -> u_sram/A_ADDR[5] : -0.386965
[hold reg-reg] _886_/Q -> u_sram/A_ADDR[9] : -0.385640
[hold reg-reg] _869_/Q -> u_sram/A_DIN[28] : -0.360810
[hold reg-reg] _885_/Q -> u_sram/A_ADDR[8] : -0.356432
[hold reg-reg] _884_/Q -> u_sram/A_ADDR[7] : -0.355401
[hold reg-reg] _867_/Q -> u_sram/A_DIN[26] : -0.341348
[hold reg-reg] _868_/Q -> u_sram/A_DIN[27] : -0.336319
[hold reg-reg] _883_/Q -> u_sram/A_ADDR[6] : -0.323600
[hold reg-reg] _876_/Q -> u_sram/A_BM[24] : -0.315264
[hold reg-reg] _876_/Q -> u_sram/A_BM[31] : -0.314506
[hold reg-reg] _876_/Q -> u_sram/A_BM[30] : -0.314318
[hold reg-reg] _876_/Q -> u_sram/A_BM[29] : -0.314159
[hold reg-reg] _876_/Q -> u_sram/A_BM[28] : -0.314032
[hold reg-reg] _876_/Q -> u_sram/A_BM[27] : -0.313935
[hold reg-reg] _876_/Q -> u_sram/A_BM[26] : -0.313869
[hold reg-reg] _876_/Q -> u_sram/A_BM[25] : -0.313833
[hold reg-reg] _866_/Q -> u_sram/A_DIN[25] : -0.312038
[hold reg-reg] _865_/Q -> u_sram/A_DIN[24] : -0.311680
[hold reg-reg] _863_/Q -> u_sram/A_DIN[22] : -0.310881
[hold reg-reg] _864_/Q -> u_sram/A_DIN[23] : -0.300955
[hold reg-reg] _861_/Q -> u_sram/A_DIN[20] : -0.294132
[hold reg-reg] _859_/Q -> u_sram/A_DIN[18] : -0.285647
[hold reg-reg] _862_/Q -> u_sram/A_DIN[21] : -0.284964
[hold reg-reg] _858_/Q -> u_sram/A_DIN[17] : -0.279130
[hold reg-reg] _860_/Q -> u_sram/A_DIN[19] : -0.277839
[hold reg-reg] _857_/Q -> u_sram/A_DIN[16] : -0.269762
[hold reg-reg] _875_/Q -> u_sram/A_BM[16] : -0.230117
[hold reg-reg] _875_/Q -> u_sram/A_BM[23] : -0.227287
[hold reg-reg] _875_/Q -> u_sram/A_BM[22] : -0.227093
[hold reg-reg] _875_/Q -> u_sram/A_BM[21] : -0.226930
[hold reg-reg] _875_/Q -> u_sram/A_BM[20] : -0.226798
[hold reg-reg] _875_/Q -> u_sram/A_BM[19] : -0.226698
[hold reg-reg] _875_/Q -> u_sram/A_BM[18] : -0.226630
[hold reg-reg] _875_/Q -> u_sram/A_BM[17] : -0.226594
[hold reg-reg] _855_/Q -> u_sram/A_DIN[14] : -0.165790
[hold reg-reg] _856_/Q -> u_sram/A_DIN[15] : -0.150662
[hold reg-reg] _854_/Q -> u_sram/A_DIN[13] : -0.148623
[hold reg-reg] _853_/Q -> u_sram/A_DIN[12] : -0.124557
[hold reg-reg] _852_/Q -> u_sram/A_DIN[11] : -0.122933
[hold reg-reg] _874_/Q -> u_sram/A_BM[8] : -0.118352
[hold reg-reg] _874_/Q -> u_sram/A_BM[15] : -0.116418
[hold reg-reg] _874_/Q -> u_sram/A_BM[14] : -0.116226
[hold reg-reg] _874_/Q -> u_sram/A_BM[13] : -0.116065
[hold reg-reg] _874_/Q -> u_sram/A_BM[12] : -0.115935
[hold reg-reg] _874_/Q -> u_sram/A_BM[11] : -0.115836
[hold reg-reg] _874_/Q -> u_sram/A_BM[10] : -0.115769
[hold reg-reg] _874_/Q -> u_sram/A_BM[9] : -0.115733
[hold reg-reg] _889_/Q -> u_sram/A_REN : -0.114715
[hold reg-reg] _850_/Q -> u_sram/A_DIN[9] : -0.111266
[hold reg-reg] _848_/Q -> u_sram/A_DIN[7] : -0.110180
[hold reg-reg] _846_/Q -> u_sram/A_DIN[5] : -0.109390
[hold reg-reg] _851_/Q -> u_sram/A_DIN[10] : -0.105785
[hold reg-reg] _849_/Q -> u_sram/A_DIN[8] : -0.094019
[hold reg-reg] _845_/Q -> u_sram/A_DIN[4] : -0.088816
[hold reg-reg] _847_/Q -> u_sram/A_DIN[6] : -0.086581
[hold reg-reg] _889_/Q -> u_sram/A_MEN : -0.068690
[hold reg-reg] _844_/Q -> u_sram/A_DIN[3] : -0.064525
[hold reg-reg] _843_/Q -> u_sram/A_DIN[2] : -0.062568
[hold reg-reg] _842_/Q -> u_sram/A_DIN[1] : -0.061540
[hold reg-reg] _873_/Q -> u_sram/A_BM[0] : -0.059011
[hold reg-reg] _873_/Q -> u_sram/A_BM[7] : -0.047858
[hold reg-reg] _873_/Q -> u_sram/A_BM[6] : -0.047651
[hold reg-reg] _873_/Q -> u_sram/A_BM[5] : -0.047477
[hold reg-reg] _873_/Q -> u_sram/A_BM[4] : -0.047336
[hold reg-reg] _873_/Q -> u_sram/A_BM[3] : -0.047230
[hold reg-reg] _873_/Q -> u_sram/A_BM[2] : -0.047157
[hold reg-reg] _873_/Q -> u_sram/A_BM[1] : -0.047118
[hold reg-reg] _841_/Q -> u_sram/A_DIN[0] : -0.046667
Writing metric timing__hold_vio__count__corner:nom_slow_1p08V_125C: 76
Writing metric timing__hold_r2r__ws__corner:nom_slow_1p08V_125C: -0.453301
Writing metric timing__hold_r2r_vio__count__corner:nom_slow_1p08V_125C: 76
Writing metric timing__setup_vio__count__corner:nom_slow_1p08V_125C: 0
Writing metric timing__setup_r2r__ws__corner:nom_slow_1p08V_125C: 1.954948
Writing metric timing__setup_r2r_vio__count__corner:nom_slow_1p08V_125C: 0
