Clock: clk_i
Sources: clk_i 
Generated: no
Virtual: yes
Propagated: no
Period: 10.000000

===========================================================================
report_clock_properties
============================================================================
Clock                   Period          Waveform
----------------------------------------------------
clk_i                10.000000    0.000000  5.000000

===========================================================================
report_clock_latency
============================================================================
Clock clk_i
rise -> rise
    min     max
0.000000 0.000000 source latency
0.395991         network latency _15234_/CLK
        0.439697 network latency _13972_/CLK
---------------
0.395991 0.439697 latency
        0.043706 skew

fall -> fall
    min     max
0.000000 0.000000 source latency
0.403577         network latency _15234_/CLK
        0.445431 network latency _13972_/CLK
---------------
0.403577 0.445431 latency
        0.041854 skew



===========================================================================
report_clock_min_period
============================================================================
clk_i period_min = 4.79 fmax = 208.93
