
===========================================================================
Violator List
============================================================================
[hold in-reg] mem_axi_arready -> _14763_/D : -0.278497
[hold in-reg] mem_axi_awready -> _14762_/D : -0.265259
[hold in-reg] mem_axi_rdata[3] -> _15172_/D : -0.238488
[hold in-reg] mem_axi_rdata[2] -> _15171_/D : -0.238169
[hold in-reg] mem_axi_rdata[1] -> _15170_/D : -0.225861
[hold in-reg] mem_axi_rdata[7] -> _15176_/D : -0.219192
[hold in-reg] mem_axi_rdata[6] -> _15175_/D : -0.217748
[hold in-reg] mem_axi_rdata[0] -> _15169_/D : -0.211439
[hold in-reg] mem_axi_rdata[15] -> _15184_/D : -0.196930
[hold in-reg] mem_axi_rdata[8] -> _15177_/D : -0.193736
[hold in-reg] mem_axi_rdata[11] -> _15180_/D : -0.190277
[hold in-reg] mem_axi_rdata[4] -> _15173_/D : -0.188721
[hold in-reg] mem_axi_rdata[23] -> _15192_/D : -0.187860
[hold in-reg] mem_axi_rdata[10] -> _15179_/D : -0.187500
[hold in-reg] mem_axi_rdata[9] -> _15178_/D : -0.186644
[hold in-reg] mem_axi_rdata[16] -> _15185_/D : -0.181353
[hold in-reg] mem_axi_rdata[18] -> _15187_/D : -0.180224
[hold in-reg] mem_axi_rdata[31] -> _15200_/D : -0.179564
[hold in-reg] mem_axi_rdata[17] -> _15186_/D : -0.172849
[hold in-reg] mem_axi_rdata[14] -> _15183_/D : -0.168251
[hold in-reg] mem_axi_rdata[13] -> _15182_/D : -0.167367
[hold in-reg] mem_axi_rdata[12] -> _15181_/D : -0.166114
[hold in-reg] mem_axi_rdata[5] -> _15174_/D : -0.160422
[hold in-reg] mem_axi_rdata[21] -> _15190_/D : -0.158480
[hold in-reg] mem_axi_rdata[19] -> _15188_/D : -0.155103
[hold in-reg] mem_axi_rdata[20] -> _15189_/D : -0.149429
[hold in-reg] mem_axi_rdata[22] -> _15191_/D : -0.139997
[hold in-reg] mem_axi_rdata[2] -> _15070_/D : -0.139045
[hold in-reg] mem_axi_rdata[29] -> _15198_/D : -0.128845
[hold in-reg] mem_axi_rdata[2] -> _15023_/D : -0.127052
[hold in-reg] mem_axi_rdata[27] -> _15196_/D : -0.126325
[hold in-reg] mem_axi_rdata[25] -> _15194_/D : -0.124685
[hold in-reg] mem_axi_rdata[24] -> _15193_/D : -0.123243
[hold in-reg] mem_axi_rdata[1] -> _15022_/D : -0.117735
[hold in-reg] mem_axi_rdata[8] -> _15021_/D : -0.117640
[hold in-reg] mem_axi_rdata[5] -> _15069_/D : -0.112425
[hold in-reg] mem_axi_rdata[7] -> _15110_/D : -0.108695
[hold in-reg] mem_axi_rdata[5] -> _15129_/D : -0.104887
[hold in-reg] mem_axi_rdata[1] -> _15128_/D : -0.103440
[hold in-reg] mem_axi_rdata[3] -> _15024_/D : -0.100573
[hold in-reg] mem_axi_rdata[26] -> _15195_/D : -0.091241
[hold in-reg] mem_axi_rdata[15] -> _15115_/D : -0.085348
[hold in-reg] mem_axi_rdata[8] -> _15111_/D : -0.083738
[hold in-reg] mem_axi_rdata[15] -> _13657_/D : -0.082496
[hold in-reg] mem_axi_rdata[11] -> _15114_/D : -0.081206
[hold in-reg] mem_axi_rdata[23] -> _15213_/D : -0.079460
[hold in-reg] mem_axi_rdata[10] -> _15113_/D : -0.078925
[hold in-reg] mem_axi_rdata[9] -> _15112_/D : -0.078462
[hold in-reg] mem_axi_rdata[6] -> _15127_/D : -0.078261
[hold in-reg] mem_axi_rdata[16] -> _15116_/D : -0.077860
[hold in-reg] mem_axi_rdata[31] -> _14761_/D : -0.076898
[hold in-reg] mem_axi_rdata[23] -> _15122_/D : -0.076205
[hold in-reg] mem_axi_rdata[18] -> _15118_/D : -0.074905
[hold in-reg] mem_axi_rdata[16] -> _13658_/D : -0.074843
[hold in-reg] mem_axi_rdata[18] -> _13660_/D : -0.069067
[hold in-reg] mem_axi_rdata[17] -> _13659_/D : -0.065399
[hold in-reg] mem_axi_rdata[17] -> _15117_/D : -0.062886
[hold in-reg] mem_axi_rdata[28] -> _15197_/D : -0.060281
[hold in-reg] mem_axi_rdata[13] -> _14758_/D : -0.060186
[hold in-reg] mem_axi_rdata[14] -> _14759_/D : -0.059745
[hold in-reg] mem_axi_rdata[5] -> _15124_/D : -0.058213
[hold in-reg] mem_axi_rdata[12] -> _14757_/D : -0.056756
[hold in-reg] mem_axi_rdata[21] -> _15120_/D : -0.054554
[hold in-reg] mem_axi_rdata[21] -> _15211_/D : -0.052740
[hold in-reg] mem_axi_rdata[19] -> _14760_/D : -0.050343
[hold in-reg] mem_axi_rdata[19] -> _13661_/D : -0.050002
[hold in-reg] mem_axi_rdata[20] -> _15119_/D : -0.046202
[hold in-reg] mem_axi_rdata[21] -> _15042_/D : -0.045857
[hold in-reg] mem_axi_rdata[4] -> _15025_/D : -0.043849
[hold in-reg] mem_axi_rdata[7] -> _15028_/D : -0.043583
[hold in-reg] mem_axi_rdata[20] -> _15210_/D : -0.043065
[hold in-reg] mem_axi_rdata[14] -> _15071_/D : -0.041344
[hold in-reg] mem_axi_wready -> _14764_/D : -0.038901
[hold in-reg] mem_axi_rdata[6] -> _15027_/D : -0.038396
[hold in-reg] mem_axi_rdata[19] -> _15040_/D : -0.034312
[hold in-reg] mem_axi_rdata[22] -> _15212_/D : -0.033430
[hold in-reg] mem_axi_rdata[22] -> _15121_/D : -0.032596
[hold in-reg] mem_axi_rdata[30] -> _15199_/D : -0.027737
[hold in-reg] mem_axi_rdata[29] -> _14755_/D : -0.026358
[hold in-reg] mem_axi_rdata[17] -> _15038_/D : -0.025991
[hold in-reg] mem_axi_rdata[8] -> _15029_/D : -0.018913
[hold in-reg] mem_axi_rdata[24] -> _15214_/D : -0.017986
[hold in-reg] mem_axi_rdata[27] -> _14753_/D : -0.016868
[hold in-reg] mem_axi_rdata[24] -> _14750_/D : -0.016085
[hold in-reg] mem_axi_rdata[5] -> _15026_/D : -0.015922
[hold in-reg] mem_axi_rdata[25] -> _14751_/D : -0.014372
[hold in-reg] mem_axi_rdata[4] -> _15068_/D : -0.014144
[hold in-reg] mem_axi_rdata[24] -> _15045_/D : -0.012767
[hold in-reg] mem_axi_rdata[5] -> _15130_/D : -0.009943
[hold in-reg] mem_axi_rdata[11] -> _15032_/D : -0.009461
Writing metric timing__hold_vio__count__corner:nom_typ_1p20V_25C: 90
Writing metric timing__hold_r2r__ws__corner:nom_typ_1p20V_25C: 0.173030
Writing metric timing__hold_r2r_vio__count__corner:nom_typ_1p20V_25C: 0
Writing metric timing__setup_vio__count__corner:nom_typ_1p20V_25C: 0
Writing metric timing__setup_r2r__ws__corner:nom_typ_1p20V_25C: 5.213814
Writing metric timing__setup_r2r_vio__count__corner:nom_typ_1p20V_25C: 0
