167. Printing statistics.

=== picorv32_macro ===

        +----------Local Count, excluding submodules.
        |        +-Local Area, excluding submodules.
        |        | 
     8073        - wires
    10218        - wire bits
      146        - public wires
     1847        - public wire bits
       22        - ports
      155        - port bits
     9914 7.81E+04 cells
     1119        -   $_ANDNOT_
      406        -   $_AND_
     4644        -   $_MUX_
      227        -   $_NAND_
      226        -   $_NOR_
      121        -   $_NOT_
      124        -   $_ORNOT_
      989        -   $_OR_
      111        -   $_XNOR_
      353        -   $_XOR_
     1594 7.81E+04   sg13g2_dfrbpq_1

   Area for cell type $_ANDNOT_ is unknown!
   Area for cell type $_AND_ is unknown!
   Area for cell type $_MUX_ is unknown!
   Area for cell type $_NAND_ is unknown!
   Area for cell type $_NOR_ is unknown!
   Area for cell type $_NOT_ is unknown!
   Area for cell type $_ORNOT_ is unknown!
   Area for cell type $_OR_ is unknown!
   Area for cell type $_XNOR_ is unknown!
   Area for cell type $_XOR_ is unknown!

   Chip area for module '\picorv32_macro': 78088.147200
     of which used for sequential elements: 78088.147200 (100.00%)

