161. Printing statistics.

=== picorv32_macro ===

        +----------Local Count, excluding submodules.
        | 
     6332 wires
     8477 wire bits
      146 public wires
     1847 public wire bits
       22 ports
      155 port bits
     8173 cells
     1119   $_ANDNOT_
      406   $_AND_
     1238   $_DFFE_PP_
       55   $_DFF_P_
     2903   $_MUX_
      227   $_NAND_
      226   $_NOR_
      121   $_NOT_
      124   $_ORNOT_
      989   $_OR_
       36   $_SDFFCE_PN0P_
        1   $_SDFFCE_PP0P_
      158   $_SDFFE_PN0P_
        2   $_SDFFE_PN1P_
        2   $_SDFFE_PP0P_
        3   $_SDFFE_PP1P_
       97   $_SDFF_PN0_
        1   $_SDFF_PN1_
        1   $_SDFF_PP0_
      111   $_XNOR_
      353   $_XOR_

   Area for cell type $_ANDNOT_ is unknown!
   Area for cell type $_AND_ is unknown!
   Area for cell type $_DFFE_PP_ is unknown!
   Area for cell type $_DFF_P_ is unknown!
   Area for cell type $_MUX_ is unknown!
   Area for cell type $_NAND_ is unknown!
   Area for cell type $_NOR_ is unknown!
   Area for cell type $_NOT_ is unknown!
   Area for cell type $_ORNOT_ is unknown!
   Area for cell type $_OR_ is unknown!
   Area for cell type $_SDFFCE_PN0P_ is unknown!
   Area for cell type $_SDFFCE_PP0P_ is unknown!
   Area for cell type $_SDFFE_PN0P_ is unknown!
   Area for cell type $_SDFFE_PN1P_ is unknown!
   Area for cell type $_SDFFE_PP0P_ is unknown!
   Area for cell type $_SDFFE_PP1P_ is unknown!
   Area for cell type $_SDFF_PN0_ is unknown!
   Area for cell type $_SDFF_PN1_ is unknown!
   Area for cell type $_SDFF_PP0_ is unknown!
   Area for cell type $_XNOR_ is unknown!
   Area for cell type $_XOR_ is unknown!

