2026-09-17 21:44:36 +0530: Memory Usage (422776K) : Starting running IHP-SG13G2 KLayout DRC runset on /home/jaikrishn/Documents/hardware/picorv32_axi4lite_port/phyisical_design/macros/peripherals/runs/run_1/58-klayout-streamout/peripherals_macro.gds
2026-09-17 21:44:36 +0530: Memory Usage (422936K) : Ruby Version for klayout: 3.3.10
2026-09-17 21:44:36 +0530: Memory Usage (424192K) : Loading database to memory is complete.
2026-09-17 21:44:36 +0530: Memory Usage (424192K) : IHP-SG13G2 KLayout DRC runset output at: /home/jaikrishn/Documents/hardware/picorv32_axi4lite_port/phyisical_design/macros/peripherals/runs/run_1/65-klayout-drc/reports/drc.klayout.lyrdb
2026-09-17 21:44:36 +0530: Memory Usage (424192K) : Evaluate switches.
2026-09-17 21:44:36 +0530: Memory Usage (424192K) : tables selected: main
2026-09-17 21:44:36 +0530: Memory Usage (424192K) : KLayout will use 12 thread(s) in tiling mode.
2026-09-17 21:44:36 +0530: Memory Usage (424192K) : deep mode is enabled.
2026-09-17 21:44:36 +0530: Memory Usage (424192K) : FEOL enabled: true
2026-09-17 21:44:36 +0530: Memory Usage (424192K) : BEOL enabled: true
2026-09-17 21:44:36 +0530: Memory Usage (424192K) : OFFGRID enabled: true
2026-09-17 21:44:36 +0530: Memory Usage (424192K) : ANGLE enabled: true
2026-09-17 21:44:36 +0530: Memory Usage (424192K) : PIN enabled: true
2026-09-17 21:44:36 +0530: Memory Usage (424192K) : FORBIDDEN enabled: true
2026-09-17 21:44:36 +0530: Memory Usage (424192K) : RECOMMENDED enabled: false
2026-09-17 21:44:36 +0530: Memory Usage (424192K) : PreCheck DRC enabled: false
2026-09-17 21:44:36 +0530: Memory Usage (424192K) : CONNECTIVITY_RULES enabled: true.
2026-09-17 21:44:36 +0530: Memory Usage (424192K) : Read in polygons from layers.
2026-09-17 21:44:36 +0530: Memory Usage (425264K) : activ_drw has 10955 polygons
2026-09-17 21:44:36 +0530: Memory Usage (425264K) : activ_pin has 0 polygons
2026-09-17 21:44:36 +0530: Memory Usage (425264K) : activ_mask has 0 polygons
2026-09-17 21:44:36 +0530: Memory Usage (425264K) : activ_filler has 0 polygons
2026-09-17 21:44:36 +0530: Memory Usage (425264K) : activ_nofill has 0 polygons
2026-09-17 21:44:36 +0530: Memory Usage (425264K) : activ_opc has 0 polygons
2026-09-17 21:44:36 +0530: Memory Usage (425264K) : activ_iopc has 0 polygons
2026-09-17 21:44:36 +0530: Memory Usage (425264K) : activ_noqrc has 0 polygons
2026-09-17 21:44:36 +0530: Memory Usage (425392K) : biwind_drw has 0 polygons
2026-09-17 21:44:36 +0530: Memory Usage (425392K) : biwind_opc has 0 polygons
2026-09-17 21:44:36 +0530: Memory Usage (425392K) : pemwind_drw has 0 polygons
2026-09-17 21:44:36 +0530: Memory Usage (425392K) : gatpoly_drw has 9503 polygons
2026-09-17 21:44:36 +0530: Memory Usage (425392K) : gatpoly_pin has 0 polygons
2026-09-17 21:44:36 +0530: Memory Usage (425392K) : gatpoly_filler has 0 polygons
2026-09-17 21:44:36 +0530: Memory Usage (425392K) : gatpoly_nofill has 0 polygons
2026-09-17 21:44:36 +0530: Memory Usage (425392K) : gatpoly_opc has 0 polygons
2026-09-17 21:44:36 +0530: Memory Usage (425520K) : gatpoly_iopc has 0 polygons
2026-09-17 21:44:36 +0530: Memory Usage (425520K) : gatpoly_noqrc has 0 polygons
2026-09-17 21:44:36 +0530: Memory Usage (425648K) : cont_drw has 73332 polygons
2026-09-17 21:44:36 +0530: Memory Usage (425648K) : cont_opc has 0 polygons
2026-09-17 21:44:36 +0530: Memory Usage (425648K) : nsd_drw has 0 polygons
2026-09-17 21:44:36 +0530: Memory Usage (425648K) : nsd_block has 0 polygons
2026-09-17 21:44:36 +0530: Memory Usage (425908K) : metal1_drw has 18054 polygons
2026-09-17 21:44:36 +0530: Memory Usage (425908K) : metal1_pin has 8377 polygons
2026-09-17 21:44:36 +0530: Memory Usage (425908K) : metal1_mask has 0 polygons
2026-09-17 21:44:36 +0530: Memory Usage (425908K) : metal1_filler has 0 polygons
2026-09-17 21:44:36 +0530: Memory Usage (425908K) : metal1_nofill has 0 polygons
2026-09-17 21:44:36 +0530: Memory Usage (426036K) : metal1_slit has 0 polygons
2026-09-17 21:44:36 +0530: Memory Usage (426168K) : metal1_text has 8102 polygons
2026-09-17 21:44:36 +0530: Memory Usage (426296K) : metal1_opc has 0 polygons
2026-09-17 21:44:36 +0530: Memory Usage (426296K) : metal1_noqrc has 0 polygons
2026-09-17 21:44:36 +0530: Memory Usage (426296K) : metal1_res has 0 polygons
2026-09-17 21:44:36 +0530: Memory Usage (426424K) : metal1_iprobe has 0 polygons
2026-09-17 21:44:36 +0530: Memory Usage (426424K) : metal1_diffprb has 0 polygons
2026-09-17 21:44:36 +0530: Memory Usage (426552K) : passiv_drw has 0 polygons
2026-09-17 21:44:36 +0530: Memory Usage (426552K) : passiv_pin has 0 polygons
2026-09-17 21:44:36 +0530: Memory Usage (426680K) : passiv_sbump has 0 polygons
2026-09-17 21:44:36 +0530: Memory Usage (426680K) : passiv_pillar has 0 polygons
2026-09-17 21:44:36 +0530: Memory Usage (426808K) : passiv_pdl has 0 polygons
2026-09-17 21:44:36 +0530: Memory Usage (426808K) : metal2_drw has 11721 polygons
2026-09-17 21:44:36 +0530: Memory Usage (426808K) : metal2_pin has 172 polygons
2026-09-17 21:44:36 +0530: Memory Usage (426808K) : metal2_mask has 0 polygons
2026-09-17 21:44:36 +0530: Memory Usage (426808K) : metal2_filler has 0 polygons
2026-09-17 21:44:36 +0530: Memory Usage (426808K) : metal2_nofill has 0 polygons
2026-09-17 21:44:36 +0530: Memory Usage (426808K) : metal2_slit has 0 polygons
2026-09-17 21:44:36 +0530: Memory Usage (426808K) : metal2_text has 172 polygons
2026-09-17 21:44:36 +0530: Memory Usage (426808K) : metal2_opc has 0 polygons
2026-09-17 21:44:36 +0530: Memory Usage (426936K) : metal2_noqrc has 0 polygons
2026-09-17 21:44:36 +0530: Memory Usage (426936K) : metal2_res has 0 polygons
2026-09-17 21:44:36 +0530: Memory Usage (427064K) : metal2_iprobe has 0 polygons
2026-09-17 21:44:36 +0530: Memory Usage (427064K) : metal2_diffprb has 0 polygons
2026-09-17 21:44:36 +0530: Memory Usage (427192K) : baspoly_drw has 0 polygons
2026-09-17 21:44:36 +0530: Memory Usage (427192K) : baspoly_pin has 0 polygons
2026-09-17 21:44:36 +0530: Memory Usage (427320K) : psd_drw has 5129 polygons
2026-09-17 21:44:36 +0530: Memory Usage (427320K) : nldb_drw has 0 polygons
2026-09-17 21:44:36 +0530: Memory Usage (427320K) : digibnd_drw has 0 polygons
2026-09-17 21:44:36 +0530: Memory Usage (427448K) : via1_drw has 3560 polygons
2026-09-17 21:44:36 +0530: Memory Usage (427448K) : backmetal1_drw has 0 polygons
2026-09-17 21:44:36 +0530: Memory Usage (427576K) : backmetal1_pin has 0 polygons
2026-09-17 21:44:36 +0530: Memory Usage (427576K) : backmetal1_mask has 0 polygons
2026-09-17 21:44:36 +0530: Memory Usage (427704K) : backmetal1_filler has 0 polygons
2026-09-17 21:44:36 +0530: Memory Usage (427704K) : backmetal1_nofill has 0 polygons
2026-09-17 21:44:36 +0530: Memory Usage (427832K) : backmetal1_slit has 0 polygons
2026-09-17 21:44:36 +0530: Memory Usage (427832K) : backmetal1_text has 0 polygons
2026-09-17 21:44:36 +0530: Memory Usage (427832K) : backmetal1_opc has 0 polygons
2026-09-17 21:44:36 +0530: Memory Usage (427960K) : backmetal1_noqrc has 0 polygons
2026-09-17 21:44:36 +0530: Memory Usage (427960K) : backmetal1_res has 0 polygons
2026-09-17 21:44:36 +0530: Memory Usage (428088K) : backmetal1_iprobe has 0 polygons
2026-09-17 21:44:36 +0530: Memory Usage (428088K) : backmetal1_diffprb has 0 polygons
2026-09-17 21:44:36 +0530: Memory Usage (428216K) : backpassiv_drw has 0 polygons
2026-09-17 21:44:36 +0530: Memory Usage (428216K) : res_drw has 0 polygons
2026-09-17 21:44:36 +0530: Memory Usage (428344K) : sram_drw has 0 polygons
2026-09-17 21:44:36 +0530: Memory Usage (428344K) : trans_drw has 0 polygons
2026-09-17 21:44:36 +0530: Memory Usage (428344K) : ind_drw has 0 polygons
2026-09-17 21:44:36 +0530: Memory Usage (428472K) : ind_pin has 0 polygons
2026-09-17 21:44:36 +0530: Memory Usage (428472K) : ind_text has 0 polygons
2026-09-17 21:44:36 +0530: Memory Usage (428600K) : salblock_drw has 0 polygons
2026-09-17 21:44:36 +0530: Memory Usage (428600K) : via2_drw has 3537 polygons
2026-09-17 21:44:36 +0530: Memory Usage (428728K) : metal3_drw has 5818 polygons
2026-09-17 21:44:36 +0530: Memory Usage (428728K) : metal3_pin has 72 polygons
2026-09-17 21:44:36 +0530: Memory Usage (428856K) : metal3_mask has 0 polygons
2026-09-17 21:44:36 +0530: Memory Usage (428856K) : metal3_filler has 0 polygons
2026-09-17 21:44:36 +0530: Memory Usage (428856K) : metal3_nofill has 0 polygons
2026-09-17 21:44:36 +0530: Memory Usage (428984K) : metal3_slit has 0 polygons
2026-09-17 21:44:36 +0530: Memory Usage (428984K) : metal3_text has 72 polygons
2026-09-17 21:44:36 +0530: Memory Usage (429112K) : metal3_opc has 0 polygons
2026-09-17 21:44:36 +0530: Memory Usage (429112K) : metal3_noqrc has 0 polygons
2026-09-17 21:44:36 +0530: Memory Usage (429240K) : metal3_res has 0 polygons
2026-09-17 21:44:36 +0530: Memory Usage (429240K) : metal3_iprobe has 0 polygons
2026-09-17 21:44:36 +0530: Memory Usage (429368K) : metal3_diffprb has 0 polygons
2026-09-17 21:44:36 +0530: Memory Usage (429368K) : nwell_drw has 2564 polygons
2026-09-17 21:44:36 +0530: Memory Usage (429368K) : nwell_pin has 0 polygons
2026-09-17 21:44:36 +0530: Memory Usage (429496K) : nbulay_drw has 0 polygons
2026-09-17 21:44:36 +0530: Memory Usage (429496K) : nbulay_pin has 0 polygons
2026-09-17 21:44:36 +0530: Memory Usage (429624K) : nbulay_block has 0 polygons
2026-09-17 21:44:36 +0530: Memory Usage (429624K) : emwind_drw has 0 polygons
2026-09-17 21:44:36 +0530: Memory Usage (429752K) : emwind_opc has 0 polygons
2026-09-17 21:44:36 +0530: Memory Usage (429752K) : deepco_drw has 0 polygons
2026-09-17 21:44:36 +0530: Memory Usage (429880K) : deepco_drw has 0 polygons
2026-09-17 21:44:36 +0530: Memory Usage (429880K) : mim_drw has 0 polygons
2026-09-17 21:44:36 +0530: Memory Usage (430008K) : edgeseal_drw has 0 polygons
2026-09-17 21:44:36 +0530: Memory Usage (430008K) : edgeseal_bound has 0 polygons
2026-09-17 21:44:36 +0530: Memory Usage (430008K) : substrate_drw has 0 polygons
2026-09-17 21:44:36 +0530: Memory Usage (430136K) : substrate_text has 0 polygons
2026-09-17 21:44:36 +0530: Memory Usage (430136K) : dfpad_drw has 0 polygons
2026-09-17 21:44:36 +0530: Memory Usage (430264K) : dfpad_pillar has 0 polygons
2026-09-17 21:44:36 +0530: Memory Usage (430264K) : dfpad_sbump has 0 polygons
2026-09-17 21:44:36 +0530: Memory Usage (430264K) : thickgateox_drw has 0 polygons
2026-09-17 21:44:36 +0530: Memory Usage (430264K) : pldb_drw has 0 polygons
2026-09-17 21:44:36 +0530: Memory Usage (430392K) : pwell_drw has 0 polygons
2026-09-17 21:44:36 +0530: Memory Usage (430392K) : pwell_pin has 0 polygons
2026-09-17 21:44:36 +0530: Memory Usage (430392K) : pwell_block has 0 polygons
2026-09-17 21:44:36 +0530: Memory Usage (430520K) : ic_drw has 0 polygons
2026-09-17 21:44:36 +0530: Memory Usage (430520K) : via3_drw has 877 polygons
2026-09-17 21:44:36 +0530: Memory Usage (430648K) : metal4_drw has 742 polygons
2026-09-17 21:44:36 +0530: Memory Usage (430648K) : metal4_pin has 0 polygons
2026-09-17 21:44:36 +0530: Memory Usage (430648K) : metal4_mask has 0 polygons
2026-09-17 21:44:36 +0530: Memory Usage (430776K) : metal4_filler has 0 polygons
2026-09-17 21:44:36 +0530: Memory Usage (430776K) : metal4_nofill has 0 polygons
2026-09-17 21:44:36 +0530: Memory Usage (430904K) : metal4_slit has 0 polygons
2026-09-17 21:44:36 +0530: Memory Usage (430904K) : metal4_text has 0 polygons
2026-09-17 21:44:36 +0530: Memory Usage (431032K) : metal4_opc has 0 polygons
2026-09-17 21:44:36 +0530: Memory Usage (431032K) : metal4_noqrc has 0 polygons
2026-09-17 21:44:36 +0530: Memory Usage (431160K) : metal4_res has 0 polygons
2026-09-17 21:44:36 +0530: Memory Usage (431160K) : metal4_iprobe has 0 polygons
2026-09-17 21:44:36 +0530: Memory Usage (431160K) : metal4_diffprb has 0 polygons
2026-09-17 21:44:36 +0530: Memory Usage (431288K) : heattrans_drw has 0 polygons
2026-09-17 21:44:36 +0530: Memory Usage (431288K) : heatres_drw has 0 polygons
2026-09-17 21:44:36 +0530: Memory Usage (431416K) : pempoly_drw has 0 polygons
2026-09-17 21:44:36 +0530: Memory Usage (431416K) : fbe_drw has 0 polygons
2026-09-17 21:44:36 +0530: Memory Usage (431544K) : empoly_drw has 0 polygons
2026-09-17 21:44:36 +0530: Memory Usage (431544K) : ldmos_drw has 0 polygons
2026-09-17 21:44:36 +0530: Memory Usage (431672K) : pbiwind_drw has 0 polygons
2026-09-17 21:44:36 +0530: Memory Usage (431672K) : digisub_drw has 0 polygons
2026-09-17 21:44:36 +0530: Memory Usage (431800K) : nodrc_drw has 0 polygons
2026-09-17 21:44:36 +0530: Memory Usage (431800K) : text_drw has 0 polygons
2026-09-17 21:44:36 +0530: Memory Usage (431800K) : via4_drw has 579 polygons
2026-09-17 21:44:36 +0530: Memory Usage (431928K) : metal5_drw has 364 polygons
2026-09-17 21:44:36 +0530: Memory Usage (432056K) : metal5_pin has 0 polygons
2026-09-17 21:44:36 +0530: Memory Usage (432056K) : metal5_mask has 0 polygons
2026-09-17 21:44:36 +0530: Memory Usage (432184K) : metal5_filler has 0 polygons
2026-09-17 21:44:36 +0530: Memory Usage (432184K) : metal5_nofill has 0 polygons
2026-09-17 21:44:36 +0530: Memory Usage (432184K) : metal5_slit has 0 polygons
2026-09-17 21:44:36 +0530: Memory Usage (432312K) : metal5_text has 0 polygons
2026-09-17 21:44:36 +0530: Memory Usage (432312K) : metal5_opc has 0 polygons
2026-09-17 21:44:36 +0530: Memory Usage (432312K) : metal5_noqrc has 0 polygons
2026-09-17 21:44:36 +0530: Memory Usage (432440K) : metal5_res has 0 polygons
2026-09-17 21:44:36 +0530: Memory Usage (432440K) : metal5_iprobe has 0 polygons
2026-09-17 21:44:36 +0530: Memory Usage (432568K) : metal5_diffprb has 0 polygons
2026-09-17 21:44:36 +0530: Memory Usage (432568K) : radhard_drw has 0 polygons
2026-09-17 21:44:36 +0530: Memory Usage (432696K) : memcap_drw has 0 polygons
2026-09-17 21:44:36 +0530: Memory Usage (432696K) : varicap_drw has 0 polygons
2026-09-17 21:44:36 +0530: Memory Usage (432824K) : flash_drw has 0 polygons
2026-09-17 21:44:36 +0530: Memory Usage (432824K) : intbondvia_drw has 0 polygons
2026-09-17 21:44:36 +0530: Memory Usage (432824K) : intbondmet_drw has 0 polygons
2026-09-17 21:44:36 +0530: Memory Usage (432952K) : devbondvia_drw has 0 polygons
2026-09-17 21:44:36 +0530: Memory Usage (432952K) : devbondmet_drw has 0 polygons
2026-09-17 21:44:36 +0530: Memory Usage (433080K) : devtrench_drw has 0 polygons
2026-09-17 21:44:36 +0530: Memory Usage (433080K) : redist_drw has 0 polygons
2026-09-17 21:44:36 +0530: Memory Usage (433208K) : graphbot_drw has 0 polygons
2026-09-17 21:44:36 +0530: Memory Usage (433208K) : graphtop_drw has 0 polygons
2026-09-17 21:44:36 +0530: Memory Usage (433336K) : antvia1_drw has 0 polygons
2026-09-17 21:44:36 +0530: Memory Usage (433336K) : antmetal2_drw has 0 polygons
2026-09-17 21:44:36 +0530: Memory Usage (433464K) : graphcont_drw has 0 polygons
2026-09-17 21:44:36 +0530: Memory Usage (433464K) : siwg_drw has 0 polygons
2026-09-17 21:44:36 +0530: Memory Usage (433464K) : siwg_filler has 0 polygons
2026-09-17 21:44:36 +0530: Memory Usage (433592K) : siwg_nofill has 0 polygons
2026-09-17 21:44:36 +0530: Memory Usage (433592K) : sigrating_drw has 0 polygons
2026-09-17 21:44:36 +0530: Memory Usage (433720K) : singrating_drw has 0 polygons
2026-09-17 21:44:36 +0530: Memory Usage (433720K) : graphpas_drw has 0 polygons
2026-09-17 21:44:36 +0530: Memory Usage (433848K) : emwind3_drw has 0 polygons
2026-09-17 21:44:36 +0530: Memory Usage (433848K) : emwihv3_drw has 0 polygons
2026-09-17 21:44:36 +0530: Memory Usage (433976K) : redbulay_drw has 0 polygons
2026-09-17 21:44:36 +0530: Memory Usage (433976K) : smos_drw has 0 polygons
2026-09-17 21:44:36 +0530: Memory Usage (434104K) : graphpad_drw has 0 polygons
2026-09-17 21:44:36 +0530: Memory Usage (434104K) : polimide_drw has 0 polygons
2026-09-17 21:44:36 +0530: Memory Usage (434104K) : polimide_pin has 0 polygons
2026-09-17 21:44:36 +0530: Memory Usage (434232K) : recog_drw has 0 polygons
2026-09-17 21:44:36 +0530: Memory Usage (434232K) : recog_pin has 0 polygons
2026-09-17 21:44:36 +0530: Memory Usage (434360K) : recog_esd has 0 polygons
2026-09-17 21:44:36 +0530: Memory Usage (434360K) : recog_diode has 0 polygons
2026-09-17 21:44:36 +0530: Memory Usage (434488K) : recog_tsv has 0 polygons
2026-09-17 21:44:36 +0530: Memory Usage (434488K) : recog_iprobe has 0 polygons
2026-09-17 21:44:36 +0530: Memory Usage (434616K) : recog_diffprb has 0 polygons
2026-09-17 21:44:36 +0530: Memory Usage (434616K) : recog_pillar has 0 polygons
2026-09-17 21:44:36 +0530: Memory Usage (434744K) : recog_sbump has 0 polygons
2026-09-17 21:44:36 +0530: Memory Usage (434744K) : recog_otp has 0 polygons
2026-09-17 21:44:36 +0530: Memory Usage (434744K) : recog_pdiode has 0 polygons
2026-09-17 21:44:36 +0530: Memory Usage (434872K) : recog_mom has 0 polygons
2026-09-17 21:44:36 +0530: Memory Usage (434872K) : recog_momf has 0 polygons
2026-09-17 21:44:36 +0530: Memory Usage (435000K) : recog_pcm has 0 polygons
2026-09-17 21:44:36 +0530: Memory Usage (435000K) : colopen_drw has 0 polygons
2026-09-17 21:44:36 +0530: Memory Usage (435128K) : graphmetal1_drw has 0 polygons
2026-09-17 21:44:36 +0530: Memory Usage (435128K) : graphmetal1_filler has 0 polygons
2026-09-17 21:44:36 +0530: Memory Usage (435256K) : graphmetal1_nofill has 0 polygons
2026-09-17 21:44:36 +0530: Memory Usage (435256K) : graphmetal1_slit has 0 polygons
2026-09-17 21:44:36 +0530: Memory Usage (435256K) : graphmetal1_opc has 0 polygons
2026-09-17 21:44:36 +0530: Memory Usage (435384K) : graphmet1l_drw has 0 polygons
2026-09-17 21:44:36 +0530: Memory Usage (435384K) : graphmet1l_filler has 0 polygons
2026-09-17 21:44:36 +0530: Memory Usage (435512K) : graphmet1l_nofill has 0 polygons
2026-09-17 21:44:36 +0530: Memory Usage (435512K) : graphmet1l_slit has 0 polygons
2026-09-17 21:44:36 +0530: Memory Usage (435640K) : graphmet1l_opc has 0 polygons
2026-09-17 21:44:36 +0530: Memory Usage (435640K) : extblock_drw has 0 polygons
2026-09-17 21:44:36 +0530: Memory Usage (435768K) : nldd_drw has 0 polygons
2026-09-17 21:44:36 +0530: Memory Usage (435768K) : pldd_drw has 0 polygons
2026-09-17 21:44:36 +0530: Memory Usage (435896K) : next_drw has 0 polygons
2026-09-17 21:44:36 +0530: Memory Usage (435896K) : pext_drw has 0 polygons
2026-09-17 21:44:36 +0530: Memory Usage (435896K) : nexthv_drw has 0 polygons
2026-09-17 21:44:36 +0530: Memory Usage (436024K) : pexthv_drw has 0 polygons
2026-09-17 21:44:36 +0530: Memory Usage (436024K) : graphgate_drw has 0 polygons
2026-09-17 21:44:36 +0530: Memory Usage (436152K) : sinwg_drw has 0 polygons
2026-09-17 21:44:36 +0530: Memory Usage (436152K) : sinwg_filler has 0 polygons
2026-09-17 21:44:36 +0530: Memory Usage (436280K) : sinwg_nofill has 0 polygons
2026-09-17 21:44:36 +0530: Memory Usage (436280K) : mempad_drw has 0 polygons
2026-09-17 21:44:36 +0530: Memory Usage (436408K) : topvia1_drw has 224 polygons
2026-09-17 21:44:36 +0530: Memory Usage (436408K) : topmetal1_drw has 135 polygons
2026-09-17 21:44:36 +0530: Memory Usage (436536K) : topmetal1_pin has 5 polygons
2026-09-17 21:44:36 +0530: Memory Usage (436536K) : topmetal1_mask has 0 polygons
2026-09-17 21:44:36 +0530: Memory Usage (436536K) : topmetal1_filler has 0 polygons
2026-09-17 21:44:36 +0530: Memory Usage (436664K) : topmetal1_nofill has 0 polygons
2026-09-17 21:44:36 +0530: Memory Usage (436664K) : topmetal1_slit has 0 polygons
2026-09-17 21:44:36 +0530: Memory Usage (436792K) : topmetal1_text has 2 polygons
2026-09-17 21:44:36 +0530: Memory Usage (436792K) : topmetal1_noqrc has 0 polygons
2026-09-17 21:44:36 +0530: Memory Usage (436920K) : topmetal1_res has 0 polygons
2026-09-17 21:44:36 +0530: Memory Usage (436920K) : topmetal1_iprobe has 0 polygons
2026-09-17 21:44:36 +0530: Memory Usage (437048K) : topmetal1_diffprb has 0 polygons
2026-09-17 21:44:36 +0530: Memory Usage (437048K) : inldpwl_drw has 0 polygons
2026-09-17 21:44:36 +0530: Memory Usage (437048K) : polyres_drw has 0 polygons
2026-09-17 21:44:36 +0530: Memory Usage (437176K) : polyres_pin has 0 polygons
2026-09-17 21:44:36 +0530: Memory Usage (437176K) : vmim_drw has 0 polygons
2026-09-17 21:44:36 +0530: Memory Usage (437304K) : nbulaycut_drw has 0 polygons
2026-09-17 21:44:36 +0530: Memory Usage (437304K) : antmetal1_drw has 0 polygons
2026-09-17 21:44:36 +0530: Memory Usage (437432K) : topvia2_drw has 13 polygons
2026-09-17 21:44:36 +0530: Memory Usage (437432K) : topmetal2_drw has 23 polygons
2026-09-17 21:44:36 +0530: Memory Usage (437432K) : topmetal2_pin has 5 polygons
2026-09-17 21:44:36 +0530: Memory Usage (437432K) : topmetal2_mask has 0 polygons
2026-09-17 21:44:36 +0530: Memory Usage (437432K) : topmetal2_filler has 0 polygons
2026-09-17 21:44:36 +0530: Memory Usage (437432K) : topmetal2_nofill has 0 polygons
2026-09-17 21:44:36 +0530: Memory Usage (437432K) : topmetal2_slit has 0 polygons
2026-09-17 21:44:36 +0530: Memory Usage (437432K) : topmetal2_text has 2 polygons
2026-09-17 21:44:36 +0530: Memory Usage (437560K) : topmetal2_noqrc has 0 polygons
2026-09-17 21:44:36 +0530: Memory Usage (437560K) : topmetal2_res has 0 polygons
2026-09-17 21:44:36 +0530: Memory Usage (437560K) : topmetal2_iprobe has 0 polygons
2026-09-17 21:44:36 +0530: Memory Usage (437560K) : topmetal2_diffprb has 0 polygons
2026-09-17 21:44:36 +0530: Memory Usage (437560K) : snsring_drw has 0 polygons
2026-09-17 21:44:36 +0530: Memory Usage (437560K) : sensor_drw has 0 polygons
2026-09-17 21:44:36 +0530: Memory Usage (437560K) : snsarms_drw has 0 polygons
2026-09-17 21:44:36 +0530: Memory Usage (437560K) : snscmosvia_drw has 0 polygons
2026-09-17 21:44:36 +0530: Memory Usage (437560K) : colwind_drw has 0 polygons
2026-09-17 21:44:36 +0530: Memory Usage (437560K) : flm_drw has 0 polygons
2026-09-17 21:44:36 +0530: Memory Usage (437560K) : hafniumox_drw has 0 polygons
2026-09-17 21:44:36 +0530: Memory Usage (437560K) : memvia_drw has 0 polygons
2026-09-17 21:44:36 +0530: Memory Usage (437560K) : thinfilmres_drw has 0 polygons
2026-09-17 21:44:36 +0530: Memory Usage (437560K) : rfmem_drw has 0 polygons
2026-09-17 21:44:36 +0530: Memory Usage (437560K) : norcx_drw has 0 polygons
2026-09-17 21:44:36 +0530: Memory Usage (437560K) : norcx_m2m3 has 0 polygons
2026-09-17 21:44:36 +0530: Memory Usage (437560K) : norcx_m2m4 has 0 polygons
2026-09-17 21:44:36 +0530: Memory Usage (437560K) : norcx_m2m5 has 0 polygons
2026-09-17 21:44:36 +0530: Memory Usage (437560K) : norcx_m2tm1 has 0 polygons
2026-09-17 21:44:36 +0530: Memory Usage (437560K) : norcx_m2tm2 has 0 polygons
2026-09-17 21:44:36 +0530: Memory Usage (437560K) : norcx_m3m4 has 0 polygons
2026-09-17 21:44:36 +0530: Memory Usage (437560K) : norcx_m3m5 has 0 polygons
2026-09-17 21:44:36 +0530: Memory Usage (437560K) : norcx_m3tm1 has 0 polygons
2026-09-17 21:44:36 +0530: Memory Usage (437560K) : norcx_m3tm2 has 0 polygons
2026-09-17 21:44:36 +0530: Memory Usage (437560K) : norcx_m4m5 has 0 polygons
2026-09-17 21:44:36 +0530: Memory Usage (437560K) : norcx_m4tm1 has 0 polygons
2026-09-17 21:44:36 +0530: Memory Usage (437560K) : norcx_m4tm2 has 0 polygons
2026-09-17 21:44:36 +0530: Memory Usage (437560K) : norcx_m5tm1 has 0 polygons
2026-09-17 21:44:36 +0530: Memory Usage (437560K) : norcx_m5tm2 has 0 polygons
2026-09-17 21:44:36 +0530: Memory Usage (437560K) : norcx_tm1tm2 has 0 polygons
2026-09-17 21:44:36 +0530: Memory Usage (437560K) : norcx_m1sub has 0 polygons
2026-09-17 21:44:36 +0530: Memory Usage (437560K) : norcx_m2sub has 0 polygons
2026-09-17 21:44:36 +0530: Memory Usage (437560K) : norcx_m3sub has 0 polygons
2026-09-17 21:44:36 +0530: Memory Usage (437560K) : norcx_m4sub has 0 polygons
2026-09-17 21:44:36 +0530: Memory Usage (437560K) : norcx_m5sub has 0 polygons
2026-09-17 21:44:36 +0530: Memory Usage (437560K) : norcx_tm1sub has 0 polygons
2026-09-17 21:44:36 +0530: Memory Usage (437560K) : norcx_tm2sub has 0 polygons
2026-09-17 21:44:36 +0530: Memory Usage (437560K) : snsbotvia_drw has 0 polygons
2026-09-17 21:44:36 +0530: Memory Usage (437560K) : snstopvia_drw has 0 polygons
2026-09-17 21:44:36 +0530: Memory Usage (437560K) : deepvia_drw has 0 polygons
2026-09-17 21:44:36 +0530: Memory Usage (437560K) : fgetch_drw has 0 polygons
2026-09-17 21:44:36 +0530: Memory Usage (437560K) : ctrgat_drw has 0 polygons
2026-09-17 21:44:36 +0530: Memory Usage (437560K) : fgimp_drw has 0 polygons
2026-09-17 21:44:36 +0530: Memory Usage (437560K) : emwihv_drw has 0 polygons
2026-09-17 21:44:36 +0530: Memory Usage (437560K) : lbe_drw has 0 polygons
2026-09-17 21:44:36 +0530: Memory Usage (437560K) : alcustop_drw has 0 polygons
2026-09-17 21:44:36 +0530: Memory Usage (437560K) : nometfiller_drw has 0 polygons
2026-09-17 21:44:36 +0530: Memory Usage (437560K) : prboundary_drw has 0 polygons
2026-09-17 21:44:36 +0530: Memory Usage (437560K) : exchange0_drw has 0 polygons
2026-09-17 21:44:36 +0530: Memory Usage (437560K) : exchange0_pin has 0 polygons
2026-09-17 21:44:36 +0530: Memory Usage (437560K) : exchange0_text has 0 polygons
2026-09-17 21:44:36 +0530: Memory Usage (437560K) : exchange1_drw has 0 polygons
2026-09-17 21:44:36 +0530: Memory Usage (437560K) : exchange1_pin has 0 polygons
2026-09-17 21:44:36 +0530: Memory Usage (437560K) : exchange1_text has 0 polygons
2026-09-17 21:44:36 +0530: Memory Usage (437560K) : exchange2_drw has 0 polygons
2026-09-17 21:44:36 +0530: Memory Usage (437560K) : exchange2_pin has 0 polygons
2026-09-17 21:44:36 +0530: Memory Usage (437560K) : exchange2_text has 0 polygons
2026-09-17 21:44:36 +0530: Memory Usage (437560K) : exchange3_drw has 0 polygons
2026-09-17 21:44:36 +0530: Memory Usage (437560K) : exchange3_pin has 0 polygons
2026-09-17 21:44:36 +0530: Memory Usage (437560K) : exchange3_text has 0 polygons
2026-09-17 21:44:36 +0530: Memory Usage (437560K) : exchange4_drw has 0 polygons
2026-09-17 21:44:36 +0530: Memory Usage (437560K) : exchange4_pin has 0 polygons
2026-09-17 21:44:36 +0530: Memory Usage (437560K) : exchange4_text has 0 polygons
2026-09-17 21:44:36 +0530: Memory Usage (437560K) : isonwell_drw has 0 polygons
2026-09-17 21:44:36 +0530: Memory Usage (437560K) : Total no. of polygons in the design is 164111
2026-09-17 21:44:36 +0530: Memory Usage (437560K) : Loaded TECH DRC rules values from /home/jaikrishn/IHP-Open-PDK/ihp-sg13g2/libs.tech/klayout/python/sg13g2_pycell_lib/sg13g2_tech_mod.json
2026-09-17 21:44:36 +0530: Memory Usage (437560K) : Loaded default DRC rules values from /home/jaikrishn/IHP-Open-PDK/ihp-sg13g2/libs.tech/klayout/tech/drc/rule_decks/sg13g2_tech_default.json
2026-09-17 21:44:36 +0530: Memory Usage (437560K) : The following rules values were missing in tech json and default values were used:
2026-09-17 21:44:36 +0530: Memory Usage (437560K) :   - NW_f1_digibnd
2026-09-17 21:44:36 +0530: Memory Usage (437560K) :   - Cnt_c_digibnd
2026-09-17 21:44:36 +0530: Memory Usage (437560K) :   - Cnt_c_sram
2026-09-17 21:44:36 +0530: Memory Usage (437560K) :   - Sdiod_b
2026-09-17 21:44:36 +0530: Memory Usage (437560K) :   - Sdiod_c
2026-09-17 21:44:36 +0530: Memory Usage (438564K) : Total area of the design is 35055.516625 um^2.
2026-09-17 21:44:36 +0530: Memory Usage (438564K) : The design dimensions are 178.105 µm * 196.82500000000002 µm.
2026-09-17 21:44:36 +0530: Memory Usage (438564K) : Starting general IHP-SG13G2 derivations.
2026-09-17 21:44:36 +0530: Memory Usage (438564K) : Starting Pwell derivations
2026-09-17 21:44:36 +0530: Memory Usage (441532K) : Starting n-Activ derivations
2026-09-17 21:44:36 +0530: Memory Usage (443836K) : Starting p-Activ derivations
2026-09-17 21:44:36 +0530: Memory Usage (446140K) : Starting ptap derivations
2026-09-17 21:44:36 +0530: Memory Usage (448444K) : Starting ntap derivations
2026-09-17 21:44:37 +0530: Memory Usage (450876K) : Starting pact FET derivations
2026-09-17 21:44:37 +0530: Memory Usage (452028K) : Starting nact FET derivations
2026-09-17 21:44:37 +0530: Memory Usage (453180K) : Starting Gate derivations
2026-09-17 21:44:37 +0530: Memory Usage (454076K) : Starting cont/contbar general derivations
2026-09-17 21:44:37 +0530: Memory Usage (454716K) : Starting pad general derivations
2026-09-17 21:44:37 +0530: Memory Usage (454716K) : Starting schottky_nbl general derivations
2026-09-17 21:44:37 +0530: Memory Usage (454716K) : Starting SVaricap general derivations
2026-09-17 21:44:37 +0530: Memory Usage (454844K) : Starting HBT general derivations
2026-09-17 21:44:37 +0530: Memory Usage (454844K) : Starting IHP-SG13G2 DRC connectivity related derivations.
2026-09-17 21:44:37 +0530: Memory Usage (454844K) : Starting IHP-SG13G2 DRC connectivity setup
2026-09-17 21:44:37 +0530: Memory Usage (455648K) : Starting IHP-SG13G2 DRC rules.
2026-09-17 21:44:37 +0530: Memory Usage (455648K) : Running all FEOL rules
2026-09-17 21:44:37 +0530: Memory Usage (455648K) : Running all BEOL rules
2026-09-17 21:44:37 +0530: Memory Usage (455648K) : Running all PIN rules
2026-09-17 21:44:37 +0530: Memory Usage (455648K) : Running all FORBIDDEN rules
2026-09-17 21:44:37 +0530: Memory Usage (455648K) : Starting 5.1 NWell table
2026-09-17 21:44:37 +0530: Memory Usage (455648K) : Executing rule NW.b
2026-09-17 21:44:37 +0530: Memory Usage (457576K) : Executing rule NW.b1
2026-09-17 21:44:37 +0530: Memory Usage (457576K) : Executing rule NW.f1
2026-09-17 21:44:37 +0530: Memory Usage (457576K) : Executing rule NW.f1.digibnd
2026-09-17 21:44:37 +0530: Memory Usage (457576K) : Starting 5.2 PWell:block
2026-09-17 21:44:37 +0530: Memory Usage (457576K) : Executing rule PWB.e
2026-09-17 21:44:37 +0530: Memory Usage (457576K) : Executing rule PWB.e1
2026-09-17 21:44:37 +0530: Memory Usage (457576K) : Executing rule PWB.f
2026-09-17 21:44:37 +0530: Memory Usage (457576K) : Executing rule PWB.f1
2026-09-17 21:44:37 +0530: Memory Usage (457576K) : Starting 5.3 nBuLay table
2026-09-17 21:44:37 +0530: Memory Usage (457576K) : Executing rule NBL.b
2026-09-17 21:44:37 +0530: Memory Usage (457576K) : Executing rule NBL.c
2026-09-17 21:44:37 +0530: Memory Usage (457576K) : Executing rule NBL.d
2026-09-17 21:44:37 +0530: Memory Usage (457960K) : Executing rule NBL.e
2026-09-17 21:44:37 +0530: Memory Usage (458344K) : Executing rule NBL.f
2026-09-17 21:44:37 +0530: Memory Usage (458344K) : Starting 5.5. Activ table
2026-09-17 21:44:37 +0530: Memory Usage (458344K) : Executing rule Act.a
2026-09-17 21:44:37 +0530: Memory Usage (458344K) : Executing rule Act.b
2026-09-17 21:44:38 +0530: Memory Usage (461408K) : Starting 5.6 Activ:filler table
2026-09-17 21:44:38 +0530: Memory Usage (461408K) : Executing rule AFil.c1
2026-09-17 21:44:38 +0530: Memory Usage (461408K) : Executing rule AFil.c
2026-09-17 21:44:38 +0530: Memory Usage (461408K) : Executing rule AFil.d
2026-09-17 21:44:38 +0530: Memory Usage (461408K) : Executing rule AFil.e
2026-09-17 21:44:38 +0530: Memory Usage (461408K) : Executing rule AFil.j
2026-09-17 21:44:38 +0530: Memory Usage (461408K) : Starting 5.7. ThickGateOx table
2026-09-17 21:44:38 +0530: Memory Usage (461408K) : Executing rule TGO.f
2026-09-17 21:44:38 +0530: Memory Usage (461408K) : Starting 5.8. GatPoly table
2026-09-17 21:44:38 +0530: Memory Usage (461408K) : Executing rule Gat.a
2026-09-17 21:44:38 +0530: Memory Usage (461408K) : Executing rule Gat.b
2026-09-17 21:44:38 +0530: Memory Usage (462048K) : Executing rule Gat.d
2026-09-17 21:44:38 +0530: Memory Usage (462688K) : Executing rule Gat.a1
2026-09-17 21:44:38 +0530: Memory Usage (463972K) : Executing rule Gat.a2
2026-09-17 21:44:38 +0530: Memory Usage (464868K) : Executing rule Gat.g
2026-09-17 21:44:38 +0530: Memory Usage (466532K) : Starting 5.9 GatPoly:filler
2026-09-17 21:44:38 +0530: Memory Usage (466788K) : Executing rule GFil.d
2026-09-17 21:44:38 +0530: Memory Usage (466788K) : Executing rule GFil.e
2026-09-17 21:44:38 +0530: Memory Usage (466788K) : Executing rule GFil.i
2026-09-17 21:44:38 +0530: Memory Usage (466788K) : Starting 5.10 pSD table
2026-09-17 21:44:38 +0530: Memory Usage (466788K) : Executing rule pSD.c1
2026-09-17 21:44:38 +0530: Memory Usage (470628K) : Starting 5.14. Cont table
2026-09-17 21:44:38 +0530: Memory Usage (470628K) : Executing rule Cnt.a
2026-09-17 21:44:38 +0530: Memory Usage (480356K) : Executing rule Cnt.b
2026-09-17 21:44:38 +0530: Memory Usage (480484K) : Executing rule Cnt.c
2026-09-17 21:44:39 +0530: Memory Usage (484060K) : Executing rule Cnt.c.digibnd
2026-09-17 21:44:39 +0530: Memory Usage (484060K) : Executing rule Cnt.c.SRAM
2026-09-17 21:44:39 +0530: Memory Usage (484060K) : Executing rule Cnt.d
2026-09-17 21:44:39 +0530: Memory Usage (484444K) : Executing rule Cnt.e
2026-09-17 21:44:39 +0530: Memory Usage (485212K) : Executing rule Cnt.g1
2026-09-17 21:44:39 +0530: Memory Usage (486108K) : Executing rule Cnt.g2
2026-09-17 21:44:39 +0530: Memory Usage (486620K) : Starting 5.15. ContBar table
2026-09-17 21:44:39 +0530: Memory Usage (486620K) : Executing rule CntB.a
2026-09-17 21:44:39 +0530: Memory Usage (487388K) : Executing rule CntB.a1
2026-09-17 21:44:39 +0530: Memory Usage (487388K) : Executing rule CntB.b1
2026-09-17 21:44:39 +0530: Memory Usage (487388K) : Executing rule CntB.h1
2026-09-17 21:44:39 +0530: Memory Usage (487388K) : Starting 6.1.3 NPN Substrate-Tie table
2026-09-17 21:44:39 +0530: Memory Usage (487388K) : Starting 6.7 Schottky diode table
2026-09-17 21:44:39 +0530: Memory Usage (487388K) : Executing rule Sdiod.b
2026-09-17 21:44:39 +0530: Memory Usage (487388K) : Executing rule Sdiod.c
2026-09-17 21:44:39 +0530: Memory Usage (487388K) : Executing rule Sdiod.d
2026-09-17 21:44:39 +0530: Memory Usage (487388K) : Executing rule Sdiod.e
2026-09-17 21:44:39 +0530: Memory Usage (487388K) : Starting 7.2 Latch-up table
2026-09-17 21:44:39 +0530: Memory Usage (487388K) : Executing rule LU.b
2026-09-17 21:44:40 +0530: Memory Usage (487388K) : Starting 5.16. Metal1 table
2026-09-17 21:44:40 +0530: Memory Usage (487388K) : Executing rule M1.a
2026-09-17 21:44:40 +0530: Memory Usage (487388K) : Executing rule M1.b
2026-09-17 21:44:40 +0530: Memory Usage (492764K) : Executing rule M1.e
2026-09-17 21:44:41 +0530: Memory Usage (494428K) : Executing rule M1.f
2026-09-17 21:44:42 +0530: Memory Usage (494428K) : Executing rule M1.g
2026-09-17 21:44:42 +0530: Memory Usage (497500K) : Executing rule M1.i
2026-09-17 21:44:42 +0530: Memory Usage (502492K) : Starting 5.17 Metaln table
2026-09-17 21:44:42 +0530: Memory Usage (502492K) : Executing rule M2.a
2026-09-17 21:44:42 +0530: Memory Usage (502492K) : Executing rule M2.b
2026-09-17 21:44:42 +0530: Memory Usage (504284K) : Executing rule M2.e
2026-09-17 21:44:42 +0530: Memory Usage (504284K) : Executing rule M2.f
2026-09-17 21:44:42 +0530: Memory Usage (504284K) : Executing rule M2.g
2026-09-17 21:44:42 +0530: Memory Usage (504284K) : Executing rule M2.i
2026-09-17 21:44:42 +0530: Memory Usage (504920K) : Executing rule M3.a
2026-09-17 21:44:42 +0530: Memory Usage (504920K) : Executing rule M3.b
2026-09-17 21:44:42 +0530: Memory Usage (504920K) : Executing rule M3.e
2026-09-17 21:44:42 +0530: Memory Usage (504920K) : Executing rule M3.f
2026-09-17 21:44:42 +0530: Memory Usage (504920K) : Executing rule M3.g
2026-09-17 21:44:42 +0530: Memory Usage (505048K) : Executing rule M3.i
2026-09-17 21:44:42 +0530: Memory Usage (504920K) : Executing rule M4.a
2026-09-17 21:44:42 +0530: Memory Usage (504920K) : Executing rule M4.b
2026-09-17 21:44:42 +0530: Memory Usage (505048K) : Executing rule M4.e
2026-09-17 21:44:42 +0530: Memory Usage (505048K) : Executing rule M4.f
2026-09-17 21:44:42 +0530: Memory Usage (505048K) : Executing rule M4.g
2026-09-17 21:44:42 +0530: Memory Usage (505304K) : Executing rule M4.i
2026-09-17 21:44:42 +0530: Memory Usage (505304K) : Executing rule M5.a
2026-09-17 21:44:42 +0530: Memory Usage (505304K) : Executing rule M5.b
2026-09-17 21:44:42 +0530: Memory Usage (505304K) : Executing rule M5.e
2026-09-17 21:44:42 +0530: Memory Usage (505304K) : Executing rule M5.f
2026-09-17 21:44:42 +0530: Memory Usage (505304K) : Executing rule M5.g
2026-09-17 21:44:42 +0530: Memory Usage (505304K) : Executing rule M5.i
2026-09-17 21:44:42 +0530: Memory Usage (505304K) : Starting 5.18 Metaln:filler table
2026-09-17 21:44:42 +0530: Memory Usage (505304K) : Executing rule M1Fil.c
2026-09-17 21:44:42 +0530: Memory Usage (505304K) : Executing rule M1Fil.a2
2026-09-17 21:44:42 +0530: Memory Usage (505304K) : Executing rule M2Fil.c
2026-09-17 21:44:42 +0530: Memory Usage (505304K) : Executing rule M2Fil.a2
2026-09-17 21:44:42 +0530: Memory Usage (505304K) : Executing rule M3Fil.c
2026-09-17 21:44:42 +0530: Memory Usage (505304K) : Executing rule M3Fil.a2
2026-09-17 21:44:42 +0530: Memory Usage (505304K) : Executing rule M4Fil.c
2026-09-17 21:44:42 +0530: Memory Usage (505304K) : Executing rule M4Fil.a2
2026-09-17 21:44:42 +0530: Memory Usage (505304K) : Executing rule M5Fil.c
2026-09-17 21:44:42 +0530: Memory Usage (505304K) : Executing rule M5Fil.a2
2026-09-17 21:44:42 +0530: Memory Usage (505304K) : Starting 5.19. Via1 table
2026-09-17 21:44:42 +0530: Memory Usage (505304K) : Starting 5.19. Via1 table derivations
2026-09-17 21:44:42 +0530: Memory Usage (505304K) : Executing rule V1.a
2026-09-17 21:44:42 +0530: Memory Usage (505304K) : Executing rule V1.b
2026-09-17 21:44:42 +0530: Memory Usage (505432K) : Executing rule V1.c
2026-09-17 21:44:42 +0530: Memory Usage (505432K) : Starting 5.20. Vian table
2026-09-17 21:44:42 +0530: Memory Usage (505432K) : Executing rule V2.a
2026-09-17 21:44:42 +0530: Memory Usage (505432K) : Executing rule V2.b
2026-09-17 21:44:42 +0530: Memory Usage (505560K) : Executing rule V2.c
2026-09-17 21:44:42 +0530: Memory Usage (505688K) : Executing rule V3.a
2026-09-17 21:44:42 +0530: Memory Usage (505688K) : Executing rule V3.b
2026-09-17 21:44:42 +0530: Memory Usage (505560K) : Executing rule V3.c
2026-09-17 21:44:43 +0530: Memory Usage (505688K) : Executing rule V4.a
2026-09-17 21:44:43 +0530: Memory Usage (505688K) : Executing rule V4.b
2026-09-17 21:44:43 +0530: Memory Usage (505688K) : Executing rule V4.c
2026-09-17 21:44:43 +0530: Memory Usage (505560K) : Starting 5.21. TopVia1 table
2026-09-17 21:44:43 +0530: Memory Usage (505560K) : Executing rule TV1.a
2026-09-17 21:44:43 +0530: Memory Usage (505560K) : Executing rule TV1.b
2026-09-17 21:44:43 +0530: Memory Usage (505560K) : Executing rule TV1.c
2026-09-17 21:44:43 +0530: Memory Usage (505560K) : Executing rule TV1.d
2026-09-17 21:44:43 +0530: Memory Usage (505560K) : Starting 5.22. TopMetal1 table
2026-09-17 21:44:43 +0530: Memory Usage (505560K) : Executing rule TM1.a
2026-09-17 21:44:43 +0530: Memory Usage (505560K) : Executing rule TM1.b
2026-09-17 21:44:43 +0530: Memory Usage (505684K) : Starting 5.23 TopMetal1:filler table
2026-09-17 21:44:43 +0530: Memory Usage (505684K) : Executing rule TM1Fil.c
2026-09-17 21:44:43 +0530: Memory Usage (505684K) : Executing rule TM1Fil.a1
2026-09-17 21:44:43 +0530: Memory Usage (505684K) : Starting 5.24. TopVia2 table
2026-09-17 21:44:43 +0530: Memory Usage (505684K) : Executing rule TV2.a
2026-09-17 21:44:43 +0530: Memory Usage (505684K) : Executing rule TV2.b
2026-09-17 21:44:43 +0530: Memory Usage (505292K) : Executing rule TV2.c
2026-09-17 21:44:43 +0530: Memory Usage (505292K) : Executing rule TV2.d
2026-09-17 21:44:43 +0530: Memory Usage (505292K) : Starting 5.25. TopMetal2 table
2026-09-17 21:44:43 +0530: Memory Usage (505292K) : Executing rule TM2.a
2026-09-17 21:44:43 +0530: Memory Usage (505292K) : Executing rule TM2.b
2026-09-17 21:44:43 +0530: Memory Usage (505292K) : Starting 5.26 TopMetal2:filler table
2026-09-17 21:44:43 +0530: Memory Usage (505292K) : Executing rule TM2Fil.c
2026-09-17 21:44:43 +0530: Memory Usage (505292K) : Executing rule TM2Fil.a1
2026-09-17 21:44:43 +0530: Memory Usage (505292K) : Starting 5.27. Passiv table
2026-09-17 21:44:43 +0530: Memory Usage (505292K) : Executing rule Pas.a
2026-09-17 21:44:43 +0530: Memory Usage (505292K) : Executing rule Pas.b
2026-09-17 21:44:43 +0530: Memory Usage (505292K) : Executing rule Pas.c
2026-09-17 21:44:43 +0530: Memory Usage (505292K) : Starting 6.9.2 Copper Pillar table
2026-09-17 21:44:43 +0530: Memory Usage (505292K) : Executing rule Padc.a
2026-09-17 21:44:43 +0530: Memory Usage (505292K) : Executing rule Padc.b
2026-09-17 21:44:43 +0530: Memory Usage (505292K) : Executing rule Padc.c
2026-09-17 21:44:43 +0530: Memory Usage (505292K) : Executing rule Padb.f
2026-09-17 21:44:43 +0530: Memory Usage (505292K) : Starting 6.9 Pad table
2026-09-17 21:44:43 +0530: Memory Usage (505292K) : Executing rule Pad.m
2026-09-17 21:44:43 +0530: Memory Usage (505292K) : Executing rule Pad.i
2026-09-17 21:44:43 +0530: Memory Usage (505292K) : Starting 6.9.1 Solder Bump
2026-09-17 21:44:43 +0530: Memory Usage (505292K) : Executing rule Padb.a
2026-09-17 21:44:43 +0530: Memory Usage (505292K) : Executing rule Padb.b
2026-09-17 21:44:43 +0530: Memory Usage (505292K) : Executing rule Padb.c
2026-09-17 21:44:43 +0530: Memory Usage (505292K) : Executing rule Padb.f
2026-09-17 21:44:43 +0530: Memory Usage (505292K) : Executing rule Padb.d
2026-09-17 21:44:43 +0530: Memory Usage (505292K) : Starting 6.10 Sealring table
2026-09-17 21:44:43 +0530: Memory Usage (505292K) : Executing rule Seal.l
2026-09-17 21:44:43 +0530: Memory Usage (505292K) : Executing rule Seal.n
2026-09-17 21:44:43 +0530: Memory Usage (505292K) : Executing rule seal.b_metal1
2026-09-17 21:44:43 +0530: Memory Usage (505292K) : Executing rule seal.b_metal2
2026-09-17 21:44:43 +0530: Memory Usage (505292K) : Executing rule seal.b_metal3
2026-09-17 21:44:43 +0530: Memory Usage (505292K) : Executing rule seal.b_metal4
2026-09-17 21:44:43 +0530: Memory Usage (505292K) : Executing rule seal.b_metal5
2026-09-17 21:44:43 +0530: Memory Usage (505292K) : Executing rule seal.b_topmetal1
2026-09-17 21:44:43 +0530: Memory Usage (505292K) : Executing rule seal.b_topmetal2
2026-09-17 21:44:43 +0530: Memory Usage (505292K) : Executing rule seal.b_activ
2026-09-17 21:44:43 +0530: Memory Usage (505420K) : Executing rule seal.b_psd
2026-09-17 21:44:43 +0530: Memory Usage (505420K) : Executing rule Seal.k
2026-09-17 21:44:43 +0530: Memory Usage (505420K) : Executing rule Seal.m
2026-09-17 21:44:43 +0530: Memory Usage (505420K) : Starting 6.11 MIM table
2026-09-17 21:44:43 +0530: Memory Usage (505420K) : Executing rule MIM.c
2026-09-17 21:44:43 +0530: Memory Usage (505420K) : Executing rule MIM.d
2026-09-17 21:44:43 +0530: Memory Usage (505420K) : Starting 7.3 Metal Slits table
2026-09-17 21:44:43 +0530: Memory Usage (505420K) : Executing rule Slt.e1_M1
2026-09-17 21:44:43 +0530: Memory Usage (505420K) : Executing rule Slt.e1_M2
2026-09-17 21:44:43 +0530: Memory Usage (505420K) : Executing rule Slt.e1_M3
2026-09-17 21:44:43 +0530: Memory Usage (505548K) : Executing rule Slt.e1_M4
2026-09-17 21:44:43 +0530: Memory Usage (505548K) : Executing rule Slt.e1_M5
2026-09-17 21:44:43 +0530: Memory Usage (505548K) : Executing rule Slt.e1_TM1
2026-09-17 21:44:43 +0530: Memory Usage (505548K) : Executing rule Slt.e1_TM2
2026-09-17 21:44:43 +0530: Memory Usage (505548K) : Starting 9.1. LBE table
2026-09-17 21:44:43 +0530: Memory Usage (505548K) : Executing rule LBE.a
2026-09-17 21:44:43 +0530: Memory Usage (505548K) : Executing rule LBE.b
2026-09-17 21:44:43 +0530: Memory Usage (505548K) : Executing rule LBE.b1
2026-09-17 21:44:43 +0530: Memory Usage (505548K) : Executing rule LBE.c
2026-09-17 21:44:43 +0530: Memory Usage (505548K) : Executing rule LBE.d
2026-09-17 21:44:43 +0530: Memory Usage (505676K) : Executing rule LBE.h
2026-09-17 21:44:43 +0530: Memory Usage (505676K) : Starting 7.4. PIN table
2026-09-17 21:44:43 +0530: Memory Usage (505676K) : Executing rule Pin.a
2026-09-17 21:44:43 +0530: Memory Usage (505676K) : Executing rule Pin.b
2026-09-17 21:44:43 +0530: Memory Usage (505676K) : Executing rule Pin.e
2026-09-17 21:44:43 +0530: Memory Usage (505544K) : Executing rule Pin.f_M2
2026-09-17 21:44:43 +0530: Memory Usage (505544K) : Executing rule Pin.f_M3
2026-09-17 21:44:43 +0530: Memory Usage (505544K) : Executing rule Pin.f_M4
2026-09-17 21:44:43 +0530: Memory Usage (505544K) : Executing rule Pin.f_M5
2026-09-17 21:44:43 +0530: Memory Usage (505672K) : Executing rule Pin.g
2026-09-17 21:44:43 +0530: Memory Usage (505672K) : Executing rule Pin.h
2026-09-17 21:44:43 +0530: Memory Usage (505672K) : Starting 3.1. offgrid table
2026-09-17 21:44:43 +0530: Memory Usage (505672K) : Executing rule activ_drw_Offgrid
2026-09-17 21:44:43 +0530: Memory Usage (505672K) : Executing rule activ_mask_Offgrid
2026-09-17 21:44:43 +0530: Memory Usage (505672K) : Executing rule activ_filler_Offgrid
2026-09-17 21:44:43 +0530: Memory Usage (505672K) : Executing rule activ_opc_Offgrid
2026-09-17 21:44:43 +0530: Memory Usage (505672K) : Executing rule activ_iopc_Offgrid
2026-09-17 21:44:43 +0530: Memory Usage (505672K) : Executing rule biwind_drw_Offgrid
2026-09-17 21:44:43 +0530: Memory Usage (505672K) : Executing rule biwind_opc_Offgrid
2026-09-17 21:44:43 +0530: Memory Usage (505672K) : Executing rule pemwind_drw_Offgrid
2026-09-17 21:44:43 +0530: Memory Usage (505672K) : Executing rule gatpoly_drw_Offgrid
2026-09-17 21:44:43 +0530: Memory Usage (505672K) : Executing rule gatpoly_filler_Offgrid
2026-09-17 21:44:43 +0530: Memory Usage (505672K) : Executing rule gatpoly_opc_Offgrid
2026-09-17 21:44:43 +0530: Memory Usage (505672K) : Executing rule gatpoly_iopc_Offgrid
2026-09-17 21:44:43 +0530: Memory Usage (505672K) : Executing rule gatpoly_noqrc_Offgrid
2026-09-17 21:44:43 +0530: Memory Usage (505672K) : Executing rule cont_drw_Offgrid
2026-09-17 21:44:44 +0530: Memory Usage (542300K) : Executing rule cont_opc_Offgrid
2026-09-17 21:44:44 +0530: Memory Usage (542300K) : Executing rule nsd_drw_Offgrid
2026-09-17 21:44:44 +0530: Memory Usage (542300K) : Executing rule nsd_block_Offgrid
2026-09-17 21:44:44 +0530: Memory Usage (542300K) : Executing rule metal1_drw_Offgrid
2026-09-17 21:44:44 +0530: Memory Usage (542300K) : Executing rule metal1_mask_Offgrid
2026-09-17 21:44:44 +0530: Memory Usage (542300K) : Executing rule metal1_filler_Offgrid
2026-09-17 21:44:44 +0530: Memory Usage (542300K) : Executing rule metal1_slit_Offgrid
2026-09-17 21:44:44 +0530: Memory Usage (542300K) : Executing rule metal1_opc_Offgrid
2026-09-17 21:44:44 +0530: Memory Usage (542300K) : Executing rule metal1_noqrc_Offgrid
2026-09-17 21:44:44 +0530: Memory Usage (542300K) : Executing rule metal1_res_Offgrid
2026-09-17 21:44:44 +0530: Memory Usage (542300K) : Executing rule metal1_iprobe_Offgrid
2026-09-17 21:44:44 +0530: Memory Usage (542300K) : Executing rule metal1_diffprb_Offgrid
2026-09-17 21:44:44 +0530: Memory Usage (542300K) : Executing rule passiv_drw_Offgrid
2026-09-17 21:44:44 +0530: Memory Usage (542300K) : Executing rule passiv_pillar_Offgrid
2026-09-17 21:44:44 +0530: Memory Usage (542300K) : Executing rule passiv_sbump_Offgrid
2026-09-17 21:44:44 +0530: Memory Usage (542300K) : Executing rule passiv_pdl_Offgrid
2026-09-17 21:44:44 +0530: Memory Usage (542300K) : Executing rule metal2_drw_Offgrid
2026-09-17 21:44:44 +0530: Memory Usage (542428K) : Executing rule metal2_mask_Offgrid
2026-09-17 21:44:44 +0530: Memory Usage (542428K) : Executing rule metal2_filler_Offgrid
2026-09-17 21:44:44 +0530: Memory Usage (542428K) : Executing rule metal2_slit_Offgrid
2026-09-17 21:44:44 +0530: Memory Usage (542428K) : Executing rule metal2_opc_Offgrid
2026-09-17 21:44:44 +0530: Memory Usage (542428K) : Executing rule metal2_noqrc_Offgrid
2026-09-17 21:44:44 +0530: Memory Usage (542556K) : Executing rule metal2_res_Offgrid
2026-09-17 21:44:44 +0530: Memory Usage (542556K) : Executing rule metal2_iprobe_Offgrid
2026-09-17 21:44:44 +0530: Memory Usage (542556K) : Executing rule metal2_diffprb_Offgrid
2026-09-17 21:44:44 +0530: Memory Usage (542556K) : Executing rule baspoly_drw_Offgrid
2026-09-17 21:44:44 +0530: Memory Usage (542556K) : Executing rule psd_drw_Offgrid
2026-09-17 21:44:44 +0530: Memory Usage (542556K) : Executing rule nldb_drw_Offgrid
2026-09-17 21:44:44 +0530: Memory Usage (542556K) : Executing rule via1_drw_Offgrid
2026-09-17 21:44:44 +0530: Memory Usage (542556K) : Executing rule backmetal1_drw_Offgrid
2026-09-17 21:44:44 +0530: Memory Usage (542556K) : Executing rule backmetal1_mask_Offgrid
2026-09-17 21:44:44 +0530: Memory Usage (542556K) : Executing rule backmetal1_filler_Offgrid
2026-09-17 21:44:44 +0530: Memory Usage (542556K) : Executing rule backmetal1_slit_Offgrid
2026-09-17 21:44:44 +0530: Memory Usage (542556K) : Executing rule backmetal1_opc_Offgrid
2026-09-17 21:44:44 +0530: Memory Usage (542556K) : Executing rule backmetal1_noqrc_Offgrid
2026-09-17 21:44:44 +0530: Memory Usage (542556K) : Executing rule backmetal1_res_Offgrid
2026-09-17 21:44:44 +0530: Memory Usage (542556K) : Executing rule backmetal1_iprobe_Offgrid
2026-09-17 21:44:44 +0530: Memory Usage (542556K) : Executing rule backmetal1_diffprb_Offgrid
2026-09-17 21:44:44 +0530: Memory Usage (542556K) : Executing rule backpassiv_drw_Offgrid
2026-09-17 21:44:44 +0530: Memory Usage (542556K) : Executing rule salblock_drw_Offgrid
2026-09-17 21:44:44 +0530: Memory Usage (542556K) : Executing rule via2_drw_Offgrid
2026-09-17 21:44:44 +0530: Memory Usage (542556K) : Executing rule metal3_drw_Offgrid
2026-09-17 21:44:44 +0530: Memory Usage (542556K) : Executing rule metal3_mask_Offgrid
2026-09-17 21:44:44 +0530: Memory Usage (542556K) : Executing rule metal3_filler_Offgrid
2026-09-17 21:44:44 +0530: Memory Usage (542556K) : Executing rule metal3_slit_Offgrid
2026-09-17 21:44:44 +0530: Memory Usage (542556K) : Executing rule metal3_opc_Offgrid
2026-09-17 21:44:44 +0530: Memory Usage (542556K) : Executing rule metal3_noqrc_Offgrid
2026-09-17 21:44:44 +0530: Memory Usage (542556K) : Executing rule metal3_res_Offgrid
2026-09-17 21:44:44 +0530: Memory Usage (542556K) : Executing rule metal3_iprobe_Offgrid
2026-09-17 21:44:44 +0530: Memory Usage (542556K) : Executing rule metal3_diffprb_Offgrid
2026-09-17 21:44:44 +0530: Memory Usage (542556K) : Executing rule nwell_drw_Offgrid
2026-09-17 21:44:44 +0530: Memory Usage (542556K) : Executing rule nbulay_drw_Offgrid
2026-09-17 21:44:44 +0530: Memory Usage (542556K) : Executing rule nbulay_block_Offgrid
2026-09-17 21:44:44 +0530: Memory Usage (542556K) : Executing rule pwell_drw_Offgrid
2026-09-17 21:44:44 +0530: Memory Usage (542556K) : Executing rule pwell_block_Offgrid
2026-09-17 21:44:44 +0530: Memory Usage (542556K) : Executing rule emwind_drw_Offgrid
2026-09-17 21:44:44 +0530: Memory Usage (542556K) : Executing rule emwind_opc_Offgrid
2026-09-17 21:44:44 +0530: Memory Usage (542556K) : Executing rule deepco_drw_Offgrid
2026-09-17 21:44:44 +0530: Memory Usage (542556K) : Executing rule mim_drw_Offgrid
2026-09-17 21:44:44 +0530: Memory Usage (542556K) : Executing rule substrate_drw_Offgrid
2026-09-17 21:44:44 +0530: Memory Usage (542556K) : Executing rule ic_drw_Offgrid
2026-09-17 21:44:44 +0530: Memory Usage (542556K) : Executing rule via3_drw_Offgrid
2026-09-17 21:44:45 +0530: Memory Usage (542684K) : Executing rule pldb_drw_Offgrid
2026-09-17 21:44:45 +0530: Memory Usage (542684K) : Executing rule metal4_drw_Offgrid
2026-09-17 21:44:45 +0530: Memory Usage (542684K) : Executing rule metal4_mask_Offgrid
2026-09-17 21:44:45 +0530: Memory Usage (542684K) : Executing rule metal4_filler_Offgrid
2026-09-17 21:44:45 +0530: Memory Usage (542684K) : Executing rule metal4_slit_Offgrid
2026-09-17 21:44:45 +0530: Memory Usage (542684K) : Executing rule metal4_opc_Offgrid
2026-09-17 21:44:45 +0530: Memory Usage (542684K) : Executing rule metal4_noqrc_Offgrid
2026-09-17 21:44:45 +0530: Memory Usage (542684K) : Executing rule metal4_res_Offgrid
2026-09-17 21:44:45 +0530: Memory Usage (542684K) : Executing rule metal4_iprobe_Offgrid
2026-09-17 21:44:45 +0530: Memory Usage (542684K) : Executing rule metal4_diffprb_Offgrid
2026-09-17 21:44:45 +0530: Memory Usage (542684K) : Executing rule via4_drw_Offgrid
2026-09-17 21:44:45 +0530: Memory Usage (542684K) : Executing rule metal5_drw_Offgrid
2026-09-17 21:44:45 +0530: Memory Usage (542684K) : Executing rule metal5_mask_Offgrid
2026-09-17 21:44:45 +0530: Memory Usage (542684K) : Executing rule metal5_filler_Offgrid
2026-09-17 21:44:45 +0530: Memory Usage (542684K) : Executing rule metal5_slit_Offgrid
2026-09-17 21:44:45 +0530: Memory Usage (542684K) : Executing rule metal5_opc_Offgrid
2026-09-17 21:44:45 +0530: Memory Usage (542684K) : Executing rule metal5_noqrc_Offgrid
2026-09-17 21:44:45 +0530: Memory Usage (542684K) : Executing rule metal5_res_Offgrid
2026-09-17 21:44:45 +0530: Memory Usage (542684K) : Executing rule metal5_iprobe_Offgrid
2026-09-17 21:44:45 +0530: Memory Usage (542684K) : Executing rule metal5_diffprb_Offgrid
2026-09-17 21:44:45 +0530: Memory Usage (542684K) : Executing rule prboundary_drw_Offgrid
2026-09-17 21:44:45 +0530: Memory Usage (542684K) : Executing rule exchange0_drw_Offgrid
2026-09-17 21:44:45 +0530: Memory Usage (542684K) : Executing rule exchange1_drw_Offgrid
2026-09-17 21:44:45 +0530: Memory Usage (542684K) : Executing rule exchange2_drw_Offgrid
2026-09-17 21:44:45 +0530: Memory Usage (542684K) : Executing rule exchange3_drw_Offgrid
2026-09-17 21:44:45 +0530: Memory Usage (542684K) : Executing rule exchange4_drw_Offgrid
2026-09-17 21:44:45 +0530: Memory Usage (542684K) : Executing rule isonwell_drw_Offgrid
2026-09-17 21:44:45 +0530: Memory Usage (542684K) : Executing rule thickgateox_drw_Offgrid
2026-09-17 21:44:45 +0530: Memory Usage (542684K) : Executing rule pempoly_drw_Offgrid
2026-09-17 21:44:45 +0530: Memory Usage (542684K) : Executing rule fbe_drw_Offgrid
2026-09-17 21:44:45 +0530: Memory Usage (542684K) : Executing rule empoly_drw_Offgrid
2026-09-17 21:44:45 +0530: Memory Usage (542684K) : Executing rule ldmos_drw_Offgrid
2026-09-17 21:44:45 +0530: Memory Usage (542684K) : Executing rule pbiwind_drw_Offgrid
2026-09-17 21:44:45 +0530: Memory Usage (542684K) : Executing rule colopen_drw_Offgrid
2026-09-17 21:44:45 +0530: Memory Usage (542684K) : Executing rule extblock_drw_Offgrid
2026-09-17 21:44:45 +0530: Memory Usage (542684K) : Executing rule nldd_drw_Offgrid
2026-09-17 21:44:45 +0530: Memory Usage (542684K) : Executing rule pldd_drw_Offgrid
2026-09-17 21:44:45 +0530: Memory Usage (542684K) : Executing rule next_drw_Offgrid
2026-09-17 21:44:45 +0530: Memory Usage (542684K) : Executing rule pext_drw_Offgrid
2026-09-17 21:44:45 +0530: Memory Usage (542684K) : Executing rule nexthv_drw_Offgrid
2026-09-17 21:44:45 +0530: Memory Usage (542684K) : Executing rule pexthv_drw_Offgrid
2026-09-17 21:44:45 +0530: Memory Usage (542684K) : Executing rule graphgate_drw_Offgrid
2026-09-17 21:44:45 +0530: Memory Usage (542684K) : Executing rule mempad_drw_Offgrid
2026-09-17 21:44:45 +0530: Memory Usage (542684K) : Executing rule topvia1_drw_Offgrid
2026-09-17 21:44:45 +0530: Memory Usage (542684K) : Executing rule topmetal1_drw_Offgrid
2026-09-17 21:44:45 +0530: Memory Usage (542684K) : Executing rule topmetal1_mask_Offgrid
2026-09-17 21:44:45 +0530: Memory Usage (542684K) : Executing rule topmetal1_filler_Offgrid
2026-09-17 21:44:45 +0530: Memory Usage (542684K) : Executing rule topmetal1_slit_Offgrid
2026-09-17 21:44:45 +0530: Memory Usage (542684K) : Executing rule topmetal1_noqrc_Offgrid
2026-09-17 21:44:45 +0530: Memory Usage (542684K) : Executing rule topmetal1_res_Offgrid
2026-09-17 21:44:45 +0530: Memory Usage (542684K) : Executing rule topmetal1_iprobe_Offgrid
2026-09-17 21:44:45 +0530: Memory Usage (542684K) : Executing rule topmetal1_diffprb_Offgrid
2026-09-17 21:44:45 +0530: Memory Usage (542684K) : Executing rule inldpwl_drw_Offgrid
2026-09-17 21:44:45 +0530: Memory Usage (542684K) : Executing rule polyres_drw_Offgrid
2026-09-17 21:44:45 +0530: Memory Usage (542684K) : Executing rule vmim_drw_Offgrid
2026-09-17 21:44:45 +0530: Memory Usage (542684K) : Executing rule nbulaycut_drw_Offgrid
2026-09-17 21:44:45 +0530: Memory Usage (542812K) : Executing rule antmetal1_drw_Offgrid
2026-09-17 21:44:45 +0530: Memory Usage (542812K) : Executing rule topvia2_drw_Offgrid
2026-09-17 21:44:45 +0530: Memory Usage (542812K) : Executing rule topmetal2_drw_Offgrid
2026-09-17 21:44:45 +0530: Memory Usage (542812K) : Executing rule topmetal2_mask_Offgrid
2026-09-17 21:44:45 +0530: Memory Usage (542812K) : Executing rule topmetal2_filler_Offgrid
2026-09-17 21:44:45 +0530: Memory Usage (542812K) : Executing rule topmetal2_slit_Offgrid
2026-09-17 21:44:45 +0530: Memory Usage (542812K) : Executing rule topmetal2_noqrc_Offgrid
2026-09-17 21:44:45 +0530: Memory Usage (542812K) : Executing rule topmetal2_res_Offgrid
2026-09-17 21:44:45 +0530: Memory Usage (542812K) : Executing rule topmetal2_iprobe_Offgrid
2026-09-17 21:44:45 +0530: Memory Usage (542812K) : Executing rule topmetal2_diffprb_Offgrid
2026-09-17 21:44:45 +0530: Memory Usage (542812K) : Executing rule snsring_drw_Offgrid
2026-09-17 21:44:45 +0530: Memory Usage (542812K) : Executing rule sensor_drw_Offgrid
2026-09-17 21:44:45 +0530: Memory Usage (542812K) : Executing rule snsarms_drw_Offgrid
2026-09-17 21:44:45 +0530: Memory Usage (542812K) : Executing rule snscmosvia_drw_Offgrid
2026-09-17 21:44:45 +0530: Memory Usage (542812K) : Executing rule colwind_drw_Offgrid
2026-09-17 21:44:45 +0530: Memory Usage (542812K) : Executing rule flm_drw_Offgrid
2026-09-17 21:44:45 +0530: Memory Usage (542812K) : Executing rule hafniumox_drw_Offgrid
2026-09-17 21:44:45 +0530: Memory Usage (542812K) : Executing rule memvia_drw_Offgrid
2026-09-17 21:44:45 +0530: Memory Usage (542812K) : Executing rule thinfilmres_drw_Offgrid
2026-09-17 21:44:45 +0530: Memory Usage (542812K) : Executing rule rfmem_drw_Offgrid
2026-09-17 21:44:45 +0530: Memory Usage (542812K) : Executing rule snsbotvia_drw_Offgrid
2026-09-17 21:44:45 +0530: Memory Usage (542812K) : Executing rule snstopvia_drw_Offgrid
2026-09-17 21:44:45 +0530: Memory Usage (542812K) : Executing rule deepvia_drw_Offgrid
2026-09-17 21:44:45 +0530: Memory Usage (542812K) : Executing rule fgetch_drw_Offgrid
2026-09-17 21:44:45 +0530: Memory Usage (542812K) : Executing rule ctrgat_drw_Offgrid
2026-09-17 21:44:45 +0530: Memory Usage (542812K) : Executing rule fgimp_drw_Offgrid
2026-09-17 21:44:45 +0530: Memory Usage (542812K) : Executing rule emwihv_drw_Offgrid
2026-09-17 21:44:45 +0530: Memory Usage (542812K) : Executing rule lbe_drw_Offgrid
2026-09-17 21:44:45 +0530: Memory Usage (542812K) : Executing rule alcustop_drw_Offgrid
2026-09-17 21:44:45 +0530: Memory Usage (542812K) : Starting 3.2. angle table
2026-09-17 21:44:45 +0530: Memory Usage (542812K) : Executing rule activ_drw_Acute
2026-09-17 21:44:45 +0530: Memory Usage (542812K) : Executing rule activ_pin_Acute
2026-09-17 21:44:45 +0530: Memory Usage (542812K) : Executing rule activ_mask_Acute
2026-09-17 21:44:45 +0530: Memory Usage (542812K) : Executing rule activ_filler_Acute
2026-09-17 21:44:45 +0530: Memory Usage (542812K) : Executing rule activ_nofill_Acute
2026-09-17 21:44:45 +0530: Memory Usage (542812K) : Executing rule activ_opc_Acute
2026-09-17 21:44:45 +0530: Memory Usage (542812K) : Executing rule activ_iopc_Acute
2026-09-17 21:44:45 +0530: Memory Usage (542812K) : Executing rule activ_noqrc_Acute
2026-09-17 21:44:45 +0530: Memory Usage (542812K) : Executing rule biwind_drw_Acute
2026-09-17 21:44:45 +0530: Memory Usage (542812K) : Executing rule biwind_opc_Acute
2026-09-17 21:44:45 +0530: Memory Usage (542812K) : Executing rule pemwind_drw_Acute
2026-09-17 21:44:45 +0530: Memory Usage (542812K) : Executing rule gatpoly_drw_Acute
2026-09-17 21:44:45 +0530: Memory Usage (542812K) : Executing rule gatpoly_pin_Acute
2026-09-17 21:44:46 +0530: Memory Usage (542812K) : Executing rule gatpoly_filler_Acute
2026-09-17 21:44:46 +0530: Memory Usage (542812K) : Executing rule gatpoly_nofill_Acute
2026-09-17 21:44:46 +0530: Memory Usage (542812K) : Executing rule gatpoly_opc_Acute
2026-09-17 21:44:46 +0530: Memory Usage (542812K) : Executing rule gatpoly_iopc_Acute
2026-09-17 21:44:46 +0530: Memory Usage (542812K) : Executing rule gatpoly_noqrc_Acute
2026-09-17 21:44:46 +0530: Memory Usage (542812K) : Executing rule cont_drw_Acute
2026-09-17 21:44:46 +0530: Memory Usage (542812K) : Executing rule cont_opc_Acute
2026-09-17 21:44:46 +0530: Memory Usage (542812K) : Executing rule nsd_drw_Acute
2026-09-17 21:44:46 +0530: Memory Usage (542812K) : Executing rule nsd_block_Acute
2026-09-17 21:44:46 +0530: Memory Usage (542812K) : Executing rule metal1_drw_Acute
2026-09-17 21:44:46 +0530: Memory Usage (542812K) : Executing rule metal1_pin_Acute
2026-09-17 21:44:46 +0530: Memory Usage (542812K) : Executing rule metal1_mask_Acute
2026-09-17 21:44:46 +0530: Memory Usage (542812K) : Executing rule metal1_filler_Acute
2026-09-17 21:44:46 +0530: Memory Usage (542812K) : Executing rule metal1_nofill_Acute
2026-09-17 21:44:46 +0530: Memory Usage (542812K) : Executing rule metal1_slit_Acute
2026-09-17 21:44:46 +0530: Memory Usage (542812K) : Executing rule metal1_opc_Acute
2026-09-17 21:44:46 +0530: Memory Usage (542812K) : Executing rule metal1_noqrc_Acute
2026-09-17 21:44:46 +0530: Memory Usage (542812K) : Executing rule metal1_res_Acute
2026-09-17 21:44:46 +0530: Memory Usage (542812K) : Executing rule metal1_iprobe_Acute
2026-09-17 21:44:46 +0530: Memory Usage (542812K) : Executing rule metal1_diffprb_Acute
2026-09-17 21:44:46 +0530: Memory Usage (542812K) : Executing rule passiv_drw_Acute
2026-09-17 21:44:46 +0530: Memory Usage (542812K) : Executing rule passiv_pin_Acute
2026-09-17 21:44:46 +0530: Memory Usage (542812K) : Executing rule passiv_pillar_Acute
2026-09-17 21:44:46 +0530: Memory Usage (542812K) : Executing rule passiv_sbump_Acute
2026-09-17 21:44:46 +0530: Memory Usage (542812K) : Executing rule passiv_pdl_Acute
2026-09-17 21:44:46 +0530: Memory Usage (542812K) : Executing rule metal2_drw_Acute
2026-09-17 21:44:46 +0530: Memory Usage (542812K) : Executing rule metal2_pin_Acute
2026-09-17 21:44:46 +0530: Memory Usage (542812K) : Executing rule metal2_mask_Acute
2026-09-17 21:44:46 +0530: Memory Usage (542812K) : Executing rule metal2_filler_Acute
2026-09-17 21:44:46 +0530: Memory Usage (542812K) : Executing rule metal2_nofill_Acute
2026-09-17 21:44:46 +0530: Memory Usage (542812K) : Executing rule metal2_slit_Acute
2026-09-17 21:44:46 +0530: Memory Usage (542812K) : Executing rule metal2_opc_Acute
2026-09-17 21:44:46 +0530: Memory Usage (542812K) : Executing rule metal2_noqrc_Acute
2026-09-17 21:44:46 +0530: Memory Usage (542812K) : Executing rule metal2_res_Acute
2026-09-17 21:44:46 +0530: Memory Usage (542812K) : Executing rule metal2_iprobe_Acute
2026-09-17 21:44:46 +0530: Memory Usage (542812K) : Executing rule metal2_diffprb_Acute
2026-09-17 21:44:46 +0530: Memory Usage (542812K) : Executing rule baspoly_drw_Acute
2026-09-17 21:44:46 +0530: Memory Usage (542812K) : Executing rule baspoly_pin_Acute
2026-09-17 21:44:46 +0530: Memory Usage (542812K) : Executing rule psd_drw_Acute
2026-09-17 21:44:46 +0530: Memory Usage (542812K) : Executing rule nldb_drw_Acute
2026-09-17 21:44:46 +0530: Memory Usage (542812K) : Executing rule via1_drw_Acute
2026-09-17 21:44:47 +0530: Memory Usage (542812K) : Executing rule backmetal1_drw_Acute
2026-09-17 21:44:47 +0530: Memory Usage (542812K) : Executing rule backmetal1_pin_Acute
2026-09-17 21:44:47 +0530: Memory Usage (542812K) : Executing rule backmetal1_mask_Acute
2026-09-17 21:44:47 +0530: Memory Usage (542812K) : Executing rule backmetal1_filler_Acute
2026-09-17 21:44:47 +0530: Memory Usage (542812K) : Executing rule backmetal1_nofill_Acute
2026-09-17 21:44:47 +0530: Memory Usage (542812K) : Executing rule backmetal1_slit_Acute
2026-09-17 21:44:47 +0530: Memory Usage (542812K) : Executing rule backmetal1_opc_Acute
2026-09-17 21:44:47 +0530: Memory Usage (542812K) : Executing rule backmetal1_noqrc_Acute
2026-09-17 21:44:47 +0530: Memory Usage (542812K) : Executing rule backmetal1_res_Acute
2026-09-17 21:44:47 +0530: Memory Usage (542812K) : Executing rule backmetal1_iprobe_Acute
2026-09-17 21:44:47 +0530: Memory Usage (542812K) : Executing rule backmetal1_diffprb_Acute
2026-09-17 21:44:47 +0530: Memory Usage (542812K) : Executing rule backpassiv_drw_Acute
2026-09-17 21:44:47 +0530: Memory Usage (542812K) : Executing rule salblock_drw_Acute
2026-09-17 21:44:47 +0530: Memory Usage (542812K) : Executing rule via2_drw_Acute
2026-09-17 21:44:47 +0530: Memory Usage (542812K) : Executing rule metal3_drw_Acute
2026-09-17 21:44:47 +0530: Memory Usage (542812K) : Executing rule metal3_pin_Acute
2026-09-17 21:44:47 +0530: Memory Usage (542812K) : Executing rule metal3_mask_Acute
2026-09-17 21:44:47 +0530: Memory Usage (542812K) : Executing rule metal3_filler_Acute
2026-09-17 21:44:47 +0530: Memory Usage (542812K) : Executing rule metal3_nofill_Acute
2026-09-17 21:44:47 +0530: Memory Usage (542812K) : Executing rule metal3_slit_Acute
2026-09-17 21:44:47 +0530: Memory Usage (542812K) : Executing rule metal3_opc_Acute
2026-09-17 21:44:47 +0530: Memory Usage (542812K) : Executing rule metal3_noqrc_Acute
2026-09-17 21:44:47 +0530: Memory Usage (542812K) : Executing rule metal3_res_Acute
2026-09-17 21:44:47 +0530: Memory Usage (542812K) : Executing rule metal3_iprobe_Acute
2026-09-17 21:44:47 +0530: Memory Usage (542812K) : Executing rule metal3_diffprb_Acute
2026-09-17 21:44:47 +0530: Memory Usage (542812K) : Executing rule nwell_drw_Acute
2026-09-17 21:44:47 +0530: Memory Usage (542812K) : Executing rule nwell_pin_Acute
2026-09-17 21:44:47 +0530: Memory Usage (542812K) : Executing rule nbulay_drw_Acute
2026-09-17 21:44:47 +0530: Memory Usage (542812K) : Executing rule nbulay_pin_Acute
2026-09-17 21:44:47 +0530: Memory Usage (542812K) : Executing rule nbulay_block_Acute
2026-09-17 21:44:47 +0530: Memory Usage (542812K) : Executing rule pwell_drw_Acute
2026-09-17 21:44:47 +0530: Memory Usage (542812K) : Executing rule pwell_pin_Acute
2026-09-17 21:44:47 +0530: Memory Usage (542812K) : Executing rule pwell_block_Acute
2026-09-17 21:44:47 +0530: Memory Usage (542812K) : Executing rule emwind_drw_Acute
2026-09-17 21:44:47 +0530: Memory Usage (542812K) : Executing rule emwind_opc_Acute
2026-09-17 21:44:47 +0530: Memory Usage (542812K) : Executing rule deepco_drw_Acute
2026-09-17 21:44:47 +0530: Memory Usage (542812K) : Executing rule mim_drw_Acute
2026-09-17 21:44:47 +0530: Memory Usage (542812K) : Executing rule substrate_drw_Acute
2026-09-17 21:44:47 +0530: Memory Usage (542812K) : Executing rule ic_drw_Acute
2026-09-17 21:44:47 +0530: Memory Usage (542812K) : Executing rule via3_drw_Acute
2026-09-17 21:44:47 +0530: Memory Usage (542812K) : Executing rule pldb_drw_Acute
2026-09-17 21:44:47 +0530: Memory Usage (542812K) : Executing rule metal4_drw_Acute
2026-09-17 21:44:47 +0530: Memory Usage (542812K) : Executing rule metal4_pin_Acute
2026-09-17 21:44:47 +0530: Memory Usage (542812K) : Executing rule metal4_mask_Acute
2026-09-17 21:44:47 +0530: Memory Usage (542812K) : Executing rule metal4_filler_Acute
2026-09-17 21:44:47 +0530: Memory Usage (542812K) : Executing rule metal4_nofill_Acute
2026-09-17 21:44:47 +0530: Memory Usage (542812K) : Executing rule metal4_slit_Acute
2026-09-17 21:44:47 +0530: Memory Usage (542812K) : Executing rule metal4_opc_Acute
2026-09-17 21:44:47 +0530: Memory Usage (542812K) : Executing rule metal4_noqrc_Acute
2026-09-17 21:44:47 +0530: Memory Usage (542812K) : Executing rule metal4_res_Acute
2026-09-17 21:44:47 +0530: Memory Usage (542812K) : Executing rule metal4_iprobe_Acute
2026-09-17 21:44:47 +0530: Memory Usage (542812K) : Executing rule metal4_diffprb_Acute
2026-09-17 21:44:47 +0530: Memory Usage (542812K) : Executing rule via4_drw_Acute
2026-09-17 21:44:47 +0530: Memory Usage (542812K) : Executing rule metal5_drw_Acute
2026-09-17 21:44:47 +0530: Memory Usage (542812K) : Executing rule metal5_pin_Acute
2026-09-17 21:44:47 +0530: Memory Usage (542812K) : Executing rule metal5_mask_Acute
2026-09-17 21:44:47 +0530: Memory Usage (542812K) : Executing rule metal5_filler_Acute
2026-09-17 21:44:47 +0530: Memory Usage (542812K) : Executing rule metal5_nofill_Acute
2026-09-17 21:44:47 +0530: Memory Usage (542812K) : Executing rule metal5_slit_Acute
2026-09-17 21:44:47 +0530: Memory Usage (542812K) : Executing rule metal5_opc_Acute
2026-09-17 21:44:47 +0530: Memory Usage (542812K) : Executing rule metal5_noqrc_Acute
2026-09-17 21:44:47 +0530: Memory Usage (542812K) : Executing rule metal5_res_Acute
2026-09-17 21:44:47 +0530: Memory Usage (542812K) : Executing rule metal5_iprobe_Acute
2026-09-17 21:44:47 +0530: Memory Usage (542812K) : Executing rule metal5_diffprb_Acute
2026-09-17 21:44:47 +0530: Memory Usage (542812K) : Executing rule prboundary_drw_Acute
2026-09-17 21:44:47 +0530: Memory Usage (542812K) : Executing rule exchange0_drw_Acute
2026-09-17 21:44:47 +0530: Memory Usage (542812K) : Executing rule exchange0_pin_Acute
2026-09-17 21:44:47 +0530: Memory Usage (542812K) : Executing rule exchange1_drw_Acute
2026-09-17 21:44:47 +0530: Memory Usage (542812K) : Executing rule exchange1_pin_Acute
2026-09-17 21:44:47 +0530: Memory Usage (542812K) : Executing rule exchange2_drw_Acute
2026-09-17 21:44:47 +0530: Memory Usage (542812K) : Executing rule exchange2_pin_Acute
2026-09-17 21:44:47 +0530: Memory Usage (542812K) : Executing rule exchange3_drw_Acute
2026-09-17 21:44:47 +0530: Memory Usage (542812K) : Executing rule exchange3_pin_Acute
2026-09-17 21:44:47 +0530: Memory Usage (542812K) : Executing rule exchange4_drw_Acute
2026-09-17 21:44:47 +0530: Memory Usage (542812K) : Executing rule exchange4_pin_Acute
2026-09-17 21:44:47 +0530: Memory Usage (542812K) : Executing rule isonwell_drw_Acute
2026-09-17 21:44:47 +0530: Memory Usage (542812K) : Executing rule thickgateox_drw_Acute
2026-09-17 21:44:47 +0530: Memory Usage (542812K) : Executing rule pempoly_drw_Acute
2026-09-17 21:44:47 +0530: Memory Usage (542812K) : Executing rule fbe_drw_Acute
2026-09-17 21:44:47 +0530: Memory Usage (542812K) : Executing rule empoly_drw_Acute
2026-09-17 21:44:47 +0530: Memory Usage (542812K) : Executing rule ldmos_drw_Acute
2026-09-17 21:44:47 +0530: Memory Usage (542812K) : Executing rule pbiwind_drw_Acute
2026-09-17 21:44:47 +0530: Memory Usage (542812K) : Executing rule colopen_drw_Acute
2026-09-17 21:44:47 +0530: Memory Usage (542812K) : Executing rule extblock_drw_Acute
2026-09-17 21:44:47 +0530: Memory Usage (542812K) : Executing rule nldd_drw_Acute
2026-09-17 21:44:47 +0530: Memory Usage (542812K) : Executing rule pldd_drw_Acute
2026-09-17 21:44:47 +0530: Memory Usage (542812K) : Executing rule next_drw_Acute
2026-09-17 21:44:47 +0530: Memory Usage (542812K) : Executing rule pext_drw_Acute
2026-09-17 21:44:47 +0530: Memory Usage (542812K) : Executing rule nexthv_drw_Acute
2026-09-17 21:44:47 +0530: Memory Usage (542812K) : Executing rule pexthv_drw_Acute
2026-09-17 21:44:47 +0530: Memory Usage (542812K) : Executing rule graphgate_drw_Acute
2026-09-17 21:44:47 +0530: Memory Usage (542812K) : Executing rule mempad_drw_Acute
2026-09-17 21:44:47 +0530: Memory Usage (542812K) : Executing rule topvia1_drw_Acute
2026-09-17 21:44:48 +0530: Memory Usage (542812K) : Executing rule topmetal1_drw_Acute
2026-09-17 21:44:48 +0530: Memory Usage (542812K) : Executing rule topmetal1_pin_Acute
2026-09-17 21:44:48 +0530: Memory Usage (542812K) : Executing rule topmetal1_mask_Acute
2026-09-17 21:44:48 +0530: Memory Usage (542812K) : Executing rule topmetal1_filler_Acute
2026-09-17 21:44:48 +0530: Memory Usage (542812K) : Executing rule topmetal1_nofill_Acute
2026-09-17 21:44:48 +0530: Memory Usage (542812K) : Executing rule topmetal1_slit_Acute
2026-09-17 21:44:48 +0530: Memory Usage (542812K) : Executing rule topmetal1_noqrc_Acute
2026-09-17 21:44:48 +0530: Memory Usage (542812K) : Executing rule topmetal1_res_Acute
2026-09-17 21:44:48 +0530: Memory Usage (542812K) : Executing rule topmetal1_iprobe_Acute
2026-09-17 21:44:48 +0530: Memory Usage (542812K) : Executing rule topmetal1_diffprb_Acute
2026-09-17 21:44:48 +0530: Memory Usage (542812K) : Executing rule inldpwl_drw_Acute
2026-09-17 21:44:48 +0530: Memory Usage (542812K) : Executing rule polyres_drw_Acute
2026-09-17 21:44:48 +0530: Memory Usage (542812K) : Executing rule polyres_pin_Acute
2026-09-17 21:44:48 +0530: Memory Usage (542812K) : Executing rule vmim_drw_Acute
2026-09-17 21:44:48 +0530: Memory Usage (542812K) : Executing rule nbulaycut_drw_Acute
2026-09-17 21:44:48 +0530: Memory Usage (542812K) : Executing rule antmetal1_drw_Acute
2026-09-17 21:44:48 +0530: Memory Usage (542812K) : Executing rule topvia2_drw_Acute
2026-09-17 21:44:48 +0530: Memory Usage (542812K) : Executing rule topmetal2_drw_Acute
2026-09-17 21:44:48 +0530: Memory Usage (542812K) : Executing rule topmetal2_pin_Acute
2026-09-17 21:44:48 +0530: Memory Usage (542812K) : Executing rule topmetal2_mask_Acute
2026-09-17 21:44:48 +0530: Memory Usage (542812K) : Executing rule topmetal2_filler_Acute
2026-09-17 21:44:48 +0530: Memory Usage (542812K) : Executing rule topmetal2_nofill_Acute
2026-09-17 21:44:48 +0530: Memory Usage (542812K) : Executing rule topmetal2_slit_Acute
2026-09-17 21:44:48 +0530: Memory Usage (542812K) : Executing rule topmetal2_noqrc_Acute
2026-09-17 21:44:48 +0530: Memory Usage (542812K) : Executing rule topmetal2_res_Acute
2026-09-17 21:44:48 +0530: Memory Usage (542812K) : Executing rule topmetal2_iprobe_Acute
2026-09-17 21:44:48 +0530: Memory Usage (542812K) : Executing rule topmetal2_diffprb_Acute
2026-09-17 21:44:48 +0530: Memory Usage (542812K) : Executing rule snsring_drw_Acute
2026-09-17 21:44:48 +0530: Memory Usage (542812K) : Executing rule sensor_drw_Acute
2026-09-17 21:44:48 +0530: Memory Usage (542812K) : Executing rule snsarms_drw_Acute
2026-09-17 21:44:48 +0530: Memory Usage (542812K) : Executing rule snscmosvia_drw_Acute
2026-09-17 21:44:48 +0530: Memory Usage (542812K) : Executing rule colwind_drw_Acute
2026-09-17 21:44:48 +0530: Memory Usage (542812K) : Executing rule flm_drw_Acute
2026-09-17 21:44:48 +0530: Memory Usage (542812K) : Executing rule hafniumox_drw_Acute
2026-09-17 21:44:48 +0530: Memory Usage (542812K) : Executing rule memvia_drw_Acute
2026-09-17 21:44:48 +0530: Memory Usage (542812K) : Executing rule thinfilmres_drw_Acute
2026-09-17 21:44:48 +0530: Memory Usage (542812K) : Executing rule rfmem_drw_Acute
2026-09-17 21:44:48 +0530: Memory Usage (542812K) : Executing rule snsbotvia_drw_Acute
2026-09-17 21:44:48 +0530: Memory Usage (542812K) : Executing rule snstopvia_drw_Acute
2026-09-17 21:44:48 +0530: Memory Usage (542812K) : Executing rule deepvia_drw_Acute
2026-09-17 21:44:48 +0530: Memory Usage (542812K) : Executing rule fgetch_drw_Acute
2026-09-17 21:44:48 +0530: Memory Usage (542812K) : Executing rule ctrgat_drw_Acute
2026-09-17 21:44:48 +0530: Memory Usage (542812K) : Executing rule fgimp_drw_Acute
2026-09-17 21:44:48 +0530: Memory Usage (542812K) : Executing rule emwihv_drw_Acute
2026-09-17 21:44:48 +0530: Memory Usage (542812K) : Executing rule lbe_drw_Acute
2026-09-17 21:44:48 +0530: Memory Usage (542812K) : Executing rule alcustop_drw_Acute
2026-09-17 21:44:48 +0530: Memory Usage (542812K) : Executing rule cont_drw_Angle90
2026-09-17 21:44:49 +0530: Memory Usage (561244K) : Executing rule via1_drw_Angle90
2026-09-17 21:44:49 +0530: Memory Usage (561372K) : Executing rule via2_drw_Angle90
2026-09-17 21:44:49 +0530: Memory Usage (561372K) : Executing rule via3_drw_Angle90
2026-09-17 21:44:49 +0530: Memory Usage (561372K) : Executing rule via4_drw_Angle90
2026-09-17 21:44:49 +0530: Memory Usage (561500K) : Executing rule vmim_drw_Angle90
2026-09-17 21:44:49 +0530: Memory Usage (561500K) : Executing rule topvia1_drw_Angle90
2026-09-17 21:44:49 +0530: Memory Usage (561628K) : Executing rule topvia2_drw_Angle90
2026-09-17 21:44:49 +0530: Memory Usage (561628K) : Executing rule gatpoly_drw_Angle45
2026-09-17 21:44:49 +0530: Memory Usage (561628K) : Executing rule activ_drw_Angle45
2026-09-17 21:44:49 +0530: Memory Usage (561884K) : Executing rule metal1_drw_Angle45
2026-09-17 21:44:50 +0530: Memory Usage (565468K) : Executing rule metal2_drw_Angle45
2026-09-17 21:44:50 +0530: Memory Usage (570460K) : Executing rule metal3_drw_Angle45
2026-09-17 21:44:50 +0530: Memory Usage (572764K) : Executing rule metal4_drw_Angle45
2026-09-17 21:44:50 +0530: Memory Usage (572636K) : Executing rule metal5_drw_Angle45
2026-09-17 21:44:50 +0530: Memory Usage (572764K) : Executing rule topmetal1_drw_Angle45
2026-09-17 21:44:51 +0530: Memory Usage (572892K) : Executing rule topmetal2_drw_Angle45
2026-09-17 21:44:51 +0530: Memory Usage (572892K) : Starting 3.2. FORBIDDEN table
2026-09-17 21:44:51 +0530: Memory Usage (572892K) : Executing rule forbidden.biwind
2026-09-17 21:44:51 +0530: Memory Usage (572892K) : Executing rule forbidden.pemwind
2026-09-17 21:44:51 +0530: Memory Usage (572892K) : Executing rule forbidden.baspoly
2026-09-17 21:44:51 +0530: Memory Usage (572892K) : Executing rule forbidden.deepco
2026-09-17 21:44:51 +0530: Memory Usage (572892K) : Executing rule forbidden.pempoly
2026-09-17 21:44:51 +0530: Memory Usage (572892K) : Executing rule forbidden.empoly
2026-09-17 21:44:51 +0530: Memory Usage (572892K) : Executing rule forbidden.ldmos
2026-09-17 21:44:51 +0530: Memory Usage (572892K) : Executing rule forbidden.pbiwind
2026-09-17 21:44:51 +0530: Memory Usage (572892K) : Executing rule forbidden.nodrc
2026-09-17 21:44:51 +0530: Memory Usage (572892K) : Executing rule forbidden.flash
2026-09-17 21:44:51 +0530: Memory Usage (572892K) : Executing rule forbidden.colwind
2026-09-17 21:44:51 +0530: Memory Usage (572892K) : KLayout DRC run for tables 'main' completed in 14.81 seconds
