2026-09-15 21:05:41 +0530: Memory Usage (422172K) : Starting running IHP-SG13G2 KLayout DRC runset on /home/jaikrishn/Documents/hardware/picorv32_axi4lite_port/phyisical_design/macros/picorv32/runs/run_1/58-klayout-streamout/picorv32_macro.gds
2026-09-15 21:05:41 +0530: Memory Usage (422172K) : Ruby Version for klayout: 3.3.10
2026-09-15 21:05:41 +0530: Memory Usage (431768K) : Loading database to memory is complete.
2026-09-15 21:05:41 +0530: Memory Usage (431768K) : IHP-SG13G2 KLayout DRC runset output at: /home/jaikrishn/Documents/hardware/picorv32_axi4lite_port/phyisical_design/macros/picorv32/runs/run_1/65-klayout-drc/reports/drc.klayout.lyrdb
2026-09-15 21:05:41 +0530: Memory Usage (431768K) : Evaluate switches.
2026-09-15 21:05:41 +0530: Memory Usage (431768K) : tables selected: main
2026-09-15 21:05:41 +0530: Memory Usage (431768K) : KLayout will use 12 thread(s) in tiling mode.
2026-09-15 21:05:41 +0530: Memory Usage (431768K) : deep mode is enabled.
2026-09-15 21:05:41 +0530: Memory Usage (431768K) : FEOL enabled: true
2026-09-15 21:05:41 +0530: Memory Usage (431768K) : BEOL enabled: true
2026-09-15 21:05:41 +0530: Memory Usage (431768K) : OFFGRID enabled: true
2026-09-15 21:05:41 +0530: Memory Usage (431768K) : ANGLE enabled: true
2026-09-15 21:05:41 +0530: Memory Usage (431768K) : PIN enabled: true
2026-09-15 21:05:41 +0530: Memory Usage (431768K) : FORBIDDEN enabled: true
2026-09-15 21:05:41 +0530: Memory Usage (431768K) : RECOMMENDED enabled: false
2026-09-15 21:05:41 +0530: Memory Usage (431768K) : PreCheck DRC enabled: false
2026-09-15 21:05:41 +0530: Memory Usage (431768K) : CONNECTIVITY_RULES enabled: true.
2026-09-15 21:05:41 +0530: Memory Usage (431768K) : Read in polygons from layers.
2026-09-15 21:05:41 +0530: Memory Usage (440160K) : activ_drw has 177056 polygons
2026-09-15 21:05:41 +0530: Memory Usage (440160K) : activ_pin has 0 polygons
2026-09-15 21:05:41 +0530: Memory Usage (440160K) : activ_mask has 0 polygons
2026-09-15 21:05:41 +0530: Memory Usage (440160K) : activ_filler has 0 polygons
2026-09-15 21:05:41 +0530: Memory Usage (440160K) : activ_nofill has 0 polygons
2026-09-15 21:05:41 +0530: Memory Usage (440160K) : activ_opc has 0 polygons
2026-09-15 21:05:41 +0530: Memory Usage (440160K) : activ_iopc has 0 polygons
2026-09-15 21:05:41 +0530: Memory Usage (440160K) : activ_noqrc has 0 polygons
2026-09-15 21:05:41 +0530: Memory Usage (440160K) : biwind_drw has 0 polygons
2026-09-15 21:05:41 +0530: Memory Usage (440160K) : biwind_opc has 0 polygons
2026-09-15 21:05:41 +0530: Memory Usage (440160K) : pemwind_drw has 0 polygons
2026-09-15 21:05:41 +0530: Memory Usage (440160K) : gatpoly_drw has 173277 polygons
2026-09-15 21:05:41 +0530: Memory Usage (440160K) : gatpoly_pin has 0 polygons
2026-09-15 21:05:41 +0530: Memory Usage (440160K) : gatpoly_filler has 0 polygons
2026-09-15 21:05:41 +0530: Memory Usage (440160K) : gatpoly_nofill has 0 polygons
2026-09-15 21:05:41 +0530: Memory Usage (440160K) : gatpoly_opc has 0 polygons
2026-09-15 21:05:41 +0530: Memory Usage (440160K) : gatpoly_iopc has 0 polygons
2026-09-15 21:05:41 +0530: Memory Usage (440160K) : gatpoly_noqrc has 0 polygons
2026-09-15 21:05:41 +0530: Memory Usage (440160K) : cont_drw has 1295005 polygons
2026-09-15 21:05:41 +0530: Memory Usage (440288K) : cont_opc has 0 polygons
2026-09-15 21:05:41 +0530: Memory Usage (440288K) : nsd_drw has 0 polygons
2026-09-15 21:05:41 +0530: Memory Usage (440288K) : nsd_block has 0 polygons
2026-09-15 21:05:41 +0530: Memory Usage (440288K) : metal1_drw has 299185 polygons
2026-09-15 21:05:41 +0530: Memory Usage (440288K) : metal1_pin has 120302 polygons
2026-09-15 21:05:41 +0530: Memory Usage (440288K) : metal1_mask has 0 polygons
2026-09-15 21:05:41 +0530: Memory Usage (440288K) : metal1_filler has 0 polygons
2026-09-15 21:05:41 +0530: Memory Usage (440288K) : metal1_nofill has 0 polygons
2026-09-15 21:05:41 +0530: Memory Usage (440288K) : metal1_slit has 0 polygons
2026-09-15 21:05:41 +0530: Memory Usage (440428K) : metal1_text has 118802 polygons
2026-09-15 21:05:41 +0530: Memory Usage (440428K) : metal1_opc has 0 polygons
2026-09-15 21:05:41 +0530: Memory Usage (440428K) : metal1_noqrc has 0 polygons
2026-09-15 21:05:41 +0530: Memory Usage (440428K) : metal1_res has 0 polygons
2026-09-15 21:05:41 +0530: Memory Usage (440428K) : metal1_iprobe has 0 polygons
2026-09-15 21:05:41 +0530: Memory Usage (440428K) : metal1_diffprb has 0 polygons
2026-09-15 21:05:41 +0530: Memory Usage (440428K) : passiv_drw has 0 polygons
2026-09-15 21:05:41 +0530: Memory Usage (440428K) : passiv_pin has 0 polygons
2026-09-15 21:05:41 +0530: Memory Usage (440428K) : passiv_sbump has 0 polygons
2026-09-15 21:05:41 +0530: Memory Usage (440428K) : passiv_pillar has 0 polygons
2026-09-15 21:05:41 +0530: Memory Usage (440428K) : passiv_pdl has 0 polygons
2026-09-15 21:05:42 +0530: Memory Usage (442476K) : metal2_drw has 146473 polygons
2026-09-15 21:05:42 +0530: Memory Usage (442476K) : metal2_pin has 3 polygons
2026-09-15 21:05:42 +0530: Memory Usage (442476K) : metal2_mask has 0 polygons
2026-09-15 21:05:42 +0530: Memory Usage (442476K) : metal2_filler has 0 polygons
2026-09-15 21:05:42 +0530: Memory Usage (442476K) : metal2_nofill has 0 polygons
2026-09-15 21:05:42 +0530: Memory Usage (442476K) : metal2_slit has 0 polygons
2026-09-15 21:05:42 +0530: Memory Usage (442476K) : metal2_text has 3 polygons
2026-09-15 21:05:42 +0530: Memory Usage (442476K) : metal2_opc has 0 polygons
2026-09-15 21:05:42 +0530: Memory Usage (442476K) : metal2_noqrc has 0 polygons
2026-09-15 21:05:42 +0530: Memory Usage (442476K) : metal2_res has 0 polygons
2026-09-15 21:05:42 +0530: Memory Usage (442476K) : metal2_iprobe has 0 polygons
2026-09-15 21:05:42 +0530: Memory Usage (442476K) : metal2_diffprb has 0 polygons
2026-09-15 21:05:42 +0530: Memory Usage (442476K) : baspoly_drw has 0 polygons
2026-09-15 21:05:42 +0530: Memory Usage (442476K) : baspoly_pin has 0 polygons
2026-09-15 21:05:42 +0530: Memory Usage (442476K) : psd_drw has 81875 polygons
2026-09-15 21:05:42 +0530: Memory Usage (442476K) : nldb_drw has 0 polygons
2026-09-15 21:05:42 +0530: Memory Usage (442476K) : digibnd_drw has 0 polygons
2026-09-15 21:05:42 +0530: Memory Usage (442476K) : via1_drw has 46816 polygons
2026-09-15 21:05:42 +0530: Memory Usage (442476K) : backmetal1_drw has 0 polygons
2026-09-15 21:05:42 +0530: Memory Usage (442476K) : backmetal1_pin has 0 polygons
2026-09-15 21:05:42 +0530: Memory Usage (442476K) : backmetal1_mask has 0 polygons
2026-09-15 21:05:42 +0530: Memory Usage (442476K) : backmetal1_filler has 0 polygons
2026-09-15 21:05:42 +0530: Memory Usage (442476K) : backmetal1_nofill has 0 polygons
2026-09-15 21:05:42 +0530: Memory Usage (442476K) : backmetal1_slit has 0 polygons
2026-09-15 21:05:42 +0530: Memory Usage (442476K) : backmetal1_text has 0 polygons
2026-09-15 21:05:42 +0530: Memory Usage (442476K) : backmetal1_opc has 0 polygons
2026-09-15 21:05:42 +0530: Memory Usage (442476K) : backmetal1_noqrc has 0 polygons
2026-09-15 21:05:42 +0530: Memory Usage (442476K) : backmetal1_res has 0 polygons
2026-09-15 21:05:42 +0530: Memory Usage (442476K) : backmetal1_iprobe has 0 polygons
2026-09-15 21:05:42 +0530: Memory Usage (442476K) : backmetal1_diffprb has 0 polygons
2026-09-15 21:05:42 +0530: Memory Usage (442476K) : backpassiv_drw has 0 polygons
2026-09-15 21:05:42 +0530: Memory Usage (442476K) : res_drw has 0 polygons
2026-09-15 21:05:42 +0530: Memory Usage (442476K) : sram_drw has 0 polygons
2026-09-15 21:05:42 +0530: Memory Usage (442476K) : trans_drw has 0 polygons
2026-09-15 21:05:42 +0530: Memory Usage (442476K) : ind_drw has 0 polygons
2026-09-15 21:05:42 +0530: Memory Usage (442476K) : ind_pin has 0 polygons
2026-09-15 21:05:42 +0530: Memory Usage (442476K) : ind_text has 0 polygons
2026-09-15 21:05:42 +0530: Memory Usage (442476K) : salblock_drw has 0 polygons
2026-09-15 21:05:42 +0530: Memory Usage (442476K) : via2_drw has 47645 polygons
2026-09-15 21:05:42 +0530: Memory Usage (442476K) : metal3_drw has 77288 polygons
2026-09-15 21:05:42 +0530: Memory Usage (442476K) : metal3_pin has 152 polygons
2026-09-15 21:05:42 +0530: Memory Usage (442476K) : metal3_mask has 0 polygons
2026-09-15 21:05:42 +0530: Memory Usage (442476K) : metal3_filler has 0 polygons
2026-09-15 21:05:42 +0530: Memory Usage (442476K) : metal3_nofill has 0 polygons
2026-09-15 21:05:42 +0530: Memory Usage (442476K) : metal3_slit has 0 polygons
2026-09-15 21:05:42 +0530: Memory Usage (442476K) : metal3_text has 152 polygons
2026-09-15 21:05:42 +0530: Memory Usage (442476K) : metal3_opc has 0 polygons
2026-09-15 21:05:42 +0530: Memory Usage (442476K) : metal3_noqrc has 0 polygons
2026-09-15 21:05:42 +0530: Memory Usage (442476K) : metal3_res has 0 polygons
2026-09-15 21:05:42 +0530: Memory Usage (442476K) : metal3_iprobe has 0 polygons
2026-09-15 21:05:42 +0530: Memory Usage (442476K) : metal3_diffprb has 0 polygons
2026-09-15 21:05:42 +0530: Memory Usage (442476K) : nwell_drw has 40866 polygons
2026-09-15 21:05:42 +0530: Memory Usage (442476K) : nwell_pin has 0 polygons
2026-09-15 21:05:42 +0530: Memory Usage (442476K) : nbulay_drw has 0 polygons
2026-09-15 21:05:42 +0530: Memory Usage (442476K) : nbulay_pin has 0 polygons
2026-09-15 21:05:42 +0530: Memory Usage (442476K) : nbulay_block has 0 polygons
2026-09-15 21:05:42 +0530: Memory Usage (442476K) : emwind_drw has 0 polygons
2026-09-15 21:05:42 +0530: Memory Usage (442476K) : emwind_opc has 0 polygons
2026-09-15 21:05:42 +0530: Memory Usage (442476K) : deepco_drw has 0 polygons
2026-09-15 21:05:42 +0530: Memory Usage (442476K) : deepco_drw has 0 polygons
2026-09-15 21:05:42 +0530: Memory Usage (442476K) : mim_drw has 0 polygons
2026-09-15 21:05:42 +0530: Memory Usage (442476K) : edgeseal_drw has 0 polygons
2026-09-15 21:05:42 +0530: Memory Usage (442476K) : edgeseal_bound has 0 polygons
2026-09-15 21:05:42 +0530: Memory Usage (442476K) : substrate_drw has 0 polygons
2026-09-15 21:05:42 +0530: Memory Usage (442476K) : substrate_text has 0 polygons
2026-09-15 21:05:42 +0530: Memory Usage (442476K) : dfpad_drw has 0 polygons
2026-09-15 21:05:42 +0530: Memory Usage (442476K) : dfpad_pillar has 0 polygons
2026-09-15 21:05:42 +0530: Memory Usage (442476K) : dfpad_sbump has 0 polygons
2026-09-15 21:05:42 +0530: Memory Usage (442476K) : thickgateox_drw has 0 polygons
2026-09-15 21:05:42 +0530: Memory Usage (442476K) : pldb_drw has 0 polygons
2026-09-15 21:05:42 +0530: Memory Usage (442476K) : pwell_drw has 0 polygons
2026-09-15 21:05:42 +0530: Memory Usage (442476K) : pwell_pin has 0 polygons
2026-09-15 21:05:42 +0530: Memory Usage (442476K) : pwell_block has 0 polygons
2026-09-15 21:05:42 +0530: Memory Usage (442476K) : ic_drw has 0 polygons
2026-09-15 21:05:42 +0530: Memory Usage (442476K) : via3_drw has 14176 polygons
2026-09-15 21:05:42 +0530: Memory Usage (442476K) : metal4_drw has 11901 polygons
2026-09-15 21:05:42 +0530: Memory Usage (442476K) : metal4_pin has 0 polygons
2026-09-15 21:05:43 +0530: Memory Usage (442476K) : metal4_mask has 0 polygons
2026-09-15 21:05:43 +0530: Memory Usage (442476K) : metal4_filler has 0 polygons
2026-09-15 21:05:43 +0530: Memory Usage (442476K) : metal4_nofill has 0 polygons
2026-09-15 21:05:43 +0530: Memory Usage (442476K) : metal4_slit has 0 polygons
2026-09-15 21:05:43 +0530: Memory Usage (442476K) : metal4_text has 0 polygons
2026-09-15 21:05:43 +0530: Memory Usage (442476K) : metal4_opc has 0 polygons
2026-09-15 21:05:43 +0530: Memory Usage (442476K) : metal4_noqrc has 0 polygons
2026-09-15 21:05:43 +0530: Memory Usage (442476K) : metal4_res has 0 polygons
2026-09-15 21:05:43 +0530: Memory Usage (442476K) : metal4_iprobe has 0 polygons
2026-09-15 21:05:43 +0530: Memory Usage (442476K) : metal4_diffprb has 0 polygons
2026-09-15 21:05:43 +0530: Memory Usage (442476K) : heattrans_drw has 0 polygons
2026-09-15 21:05:43 +0530: Memory Usage (442476K) : heatres_drw has 0 polygons
2026-09-15 21:05:43 +0530: Memory Usage (442476K) : pempoly_drw has 0 polygons
2026-09-15 21:05:43 +0530: Memory Usage (442476K) : fbe_drw has 0 polygons
2026-09-15 21:05:43 +0530: Memory Usage (442476K) : empoly_drw has 0 polygons
2026-09-15 21:05:43 +0530: Memory Usage (442476K) : ldmos_drw has 0 polygons
2026-09-15 21:05:43 +0530: Memory Usage (442476K) : pbiwind_drw has 0 polygons
2026-09-15 21:05:43 +0530: Memory Usage (442476K) : digisub_drw has 0 polygons
2026-09-15 21:05:43 +0530: Memory Usage (442476K) : nodrc_drw has 0 polygons
2026-09-15 21:05:43 +0530: Memory Usage (442476K) : text_drw has 54 polygons
2026-09-15 21:05:43 +0530: Memory Usage (442476K) : via4_drw has 9776 polygons
2026-09-15 21:05:43 +0530: Memory Usage (442476K) : metal5_drw has 6257 polygons
2026-09-15 21:05:43 +0530: Memory Usage (442476K) : metal5_pin has 0 polygons
2026-09-15 21:05:43 +0530: Memory Usage (442476K) : metal5_mask has 0 polygons
2026-09-15 21:05:43 +0530: Memory Usage (442476K) : metal5_filler has 0 polygons
2026-09-15 21:05:43 +0530: Memory Usage (442476K) : metal5_nofill has 0 polygons
2026-09-15 21:05:43 +0530: Memory Usage (442476K) : metal5_slit has 0 polygons
2026-09-15 21:05:43 +0530: Memory Usage (442476K) : metal5_text has 0 polygons
2026-09-15 21:05:43 +0530: Memory Usage (442476K) : metal5_opc has 0 polygons
2026-09-15 21:05:43 +0530: Memory Usage (442476K) : metal5_noqrc has 0 polygons
2026-09-15 21:05:43 +0530: Memory Usage (442476K) : metal5_res has 0 polygons
2026-09-15 21:05:43 +0530: Memory Usage (442476K) : metal5_iprobe has 0 polygons
2026-09-15 21:05:43 +0530: Memory Usage (442476K) : metal5_diffprb has 0 polygons
2026-09-15 21:05:43 +0530: Memory Usage (442476K) : radhard_drw has 0 polygons
2026-09-15 21:05:43 +0530: Memory Usage (442476K) : memcap_drw has 0 polygons
2026-09-15 21:05:43 +0530: Memory Usage (442476K) : varicap_drw has 0 polygons
2026-09-15 21:05:43 +0530: Memory Usage (442476K) : flash_drw has 0 polygons
2026-09-15 21:05:43 +0530: Memory Usage (442476K) : intbondvia_drw has 0 polygons
2026-09-15 21:05:43 +0530: Memory Usage (442476K) : intbondmet_drw has 0 polygons
2026-09-15 21:05:43 +0530: Memory Usage (442476K) : devbondvia_drw has 0 polygons
2026-09-15 21:05:43 +0530: Memory Usage (442476K) : devbondmet_drw has 0 polygons
2026-09-15 21:05:43 +0530: Memory Usage (442476K) : devtrench_drw has 0 polygons
2026-09-15 21:05:43 +0530: Memory Usage (442476K) : redist_drw has 0 polygons
2026-09-15 21:05:43 +0530: Memory Usage (442476K) : graphbot_drw has 0 polygons
2026-09-15 21:05:43 +0530: Memory Usage (442476K) : graphtop_drw has 0 polygons
2026-09-15 21:05:43 +0530: Memory Usage (442476K) : antvia1_drw has 0 polygons
2026-09-15 21:05:43 +0530: Memory Usage (442476K) : antmetal2_drw has 0 polygons
2026-09-15 21:05:43 +0530: Memory Usage (442476K) : graphcont_drw has 0 polygons
2026-09-15 21:05:43 +0530: Memory Usage (442476K) : siwg_drw has 0 polygons
2026-09-15 21:05:43 +0530: Memory Usage (442476K) : siwg_filler has 0 polygons
2026-09-15 21:05:43 +0530: Memory Usage (442476K) : siwg_nofill has 0 polygons
2026-09-15 21:05:43 +0530: Memory Usage (442476K) : sigrating_drw has 0 polygons
2026-09-15 21:05:43 +0530: Memory Usage (442476K) : singrating_drw has 0 polygons
2026-09-15 21:05:43 +0530: Memory Usage (442476K) : graphpas_drw has 0 polygons
2026-09-15 21:05:43 +0530: Memory Usage (442476K) : emwind3_drw has 0 polygons
2026-09-15 21:05:43 +0530: Memory Usage (442476K) : emwihv3_drw has 0 polygons
2026-09-15 21:05:43 +0530: Memory Usage (442476K) : redbulay_drw has 0 polygons
2026-09-15 21:05:43 +0530: Memory Usage (442476K) : smos_drw has 0 polygons
2026-09-15 21:05:43 +0530: Memory Usage (442476K) : graphpad_drw has 0 polygons
2026-09-15 21:05:43 +0530: Memory Usage (442476K) : polimide_drw has 0 polygons
2026-09-15 21:05:43 +0530: Memory Usage (442476K) : polimide_pin has 0 polygons
2026-09-15 21:05:43 +0530: Memory Usage (442476K) : recog_drw has 0 polygons
2026-09-15 21:05:43 +0530: Memory Usage (442476K) : recog_pin has 0 polygons
2026-09-15 21:05:43 +0530: Memory Usage (442476K) : recog_esd has 0 polygons
2026-09-15 21:05:43 +0530: Memory Usage (442476K) : recog_diode has 54 polygons
2026-09-15 21:05:43 +0530: Memory Usage (442476K) : recog_tsv has 0 polygons
2026-09-15 21:05:43 +0530: Memory Usage (442476K) : recog_iprobe has 0 polygons
2026-09-15 21:05:43 +0530: Memory Usage (442476K) : recog_diffprb has 0 polygons
2026-09-15 21:05:43 +0530: Memory Usage (442476K) : recog_pillar has 0 polygons
2026-09-15 21:05:43 +0530: Memory Usage (442476K) : recog_sbump has 0 polygons
2026-09-15 21:05:43 +0530: Memory Usage (442476K) : recog_otp has 0 polygons
2026-09-15 21:05:43 +0530: Memory Usage (442476K) : recog_pdiode has 0 polygons
2026-09-15 21:05:43 +0530: Memory Usage (442476K) : recog_mom has 0 polygons
2026-09-15 21:05:43 +0530: Memory Usage (442476K) : recog_momf has 0 polygons
2026-09-15 21:05:43 +0530: Memory Usage (442476K) : recog_pcm has 0 polygons
2026-09-15 21:05:43 +0530: Memory Usage (442476K) : colopen_drw has 0 polygons
2026-09-15 21:05:43 +0530: Memory Usage (442476K) : graphmetal1_drw has 0 polygons
2026-09-15 21:05:43 +0530: Memory Usage (442476K) : graphmetal1_filler has 0 polygons
2026-09-15 21:05:43 +0530: Memory Usage (442476K) : graphmetal1_nofill has 0 polygons
2026-09-15 21:05:43 +0530: Memory Usage (442476K) : graphmetal1_slit has 0 polygons
2026-09-15 21:05:43 +0530: Memory Usage (442476K) : graphmetal1_opc has 0 polygons
2026-09-15 21:05:43 +0530: Memory Usage (442476K) : graphmet1l_drw has 0 polygons
2026-09-15 21:05:43 +0530: Memory Usage (442476K) : graphmet1l_filler has 0 polygons
2026-09-15 21:05:43 +0530: Memory Usage (442476K) : graphmet1l_nofill has 0 polygons
2026-09-15 21:05:43 +0530: Memory Usage (442476K) : graphmet1l_slit has 0 polygons
2026-09-15 21:05:43 +0530: Memory Usage (442476K) : graphmet1l_opc has 0 polygons
2026-09-15 21:05:43 +0530: Memory Usage (442476K) : extblock_drw has 0 polygons
2026-09-15 21:05:43 +0530: Memory Usage (442476K) : nldd_drw has 0 polygons
2026-09-15 21:05:43 +0530: Memory Usage (442476K) : pldd_drw has 0 polygons
2026-09-15 21:05:43 +0530: Memory Usage (442476K) : next_drw has 0 polygons
2026-09-15 21:05:43 +0530: Memory Usage (442476K) : pext_drw has 0 polygons
2026-09-15 21:05:43 +0530: Memory Usage (442476K) : nexthv_drw has 0 polygons
2026-09-15 21:05:43 +0530: Memory Usage (442476K) : pexthv_drw has 0 polygons
2026-09-15 21:05:43 +0530: Memory Usage (442476K) : graphgate_drw has 0 polygons
2026-09-15 21:05:43 +0530: Memory Usage (442476K) : sinwg_drw has 0 polygons
2026-09-15 21:05:43 +0530: Memory Usage (442476K) : sinwg_filler has 0 polygons
2026-09-15 21:05:43 +0530: Memory Usage (442476K) : sinwg_nofill has 0 polygons
2026-09-15 21:05:43 +0530: Memory Usage (442476K) : mempad_drw has 0 polygons
2026-09-15 21:05:43 +0530: Memory Usage (442476K) : topvia1_drw has 3760 polygons
2026-09-15 21:05:43 +0530: Memory Usage (442476K) : topmetal1_drw has 1920 polygons
2026-09-15 21:05:43 +0530: Memory Usage (442476K) : topmetal1_pin has 20 polygons
2026-09-15 21:05:43 +0530: Memory Usage (442476K) : topmetal1_mask has 0 polygons
2026-09-15 21:05:43 +0530: Memory Usage (442476K) : topmetal1_filler has 0 polygons
2026-09-15 21:05:43 +0530: Memory Usage (442476K) : topmetal1_nofill has 0 polygons
2026-09-15 21:05:43 +0530: Memory Usage (442476K) : topmetal1_slit has 0 polygons
2026-09-15 21:05:44 +0530: Memory Usage (442476K) : topmetal1_text has 2 polygons
2026-09-15 21:05:44 +0530: Memory Usage (442476K) : topmetal1_noqrc has 0 polygons
2026-09-15 21:05:44 +0530: Memory Usage (442476K) : topmetal1_res has 0 polygons
2026-09-15 21:05:44 +0530: Memory Usage (442476K) : topmetal1_iprobe has 0 polygons
2026-09-15 21:05:44 +0530: Memory Usage (442476K) : topmetal1_diffprb has 0 polygons
2026-09-15 21:05:44 +0530: Memory Usage (442476K) : inldpwl_drw has 0 polygons
2026-09-15 21:05:44 +0530: Memory Usage (442476K) : polyres_drw has 0 polygons
2026-09-15 21:05:44 +0530: Memory Usage (442476K) : polyres_pin has 0 polygons
2026-09-15 21:05:44 +0530: Memory Usage (442476K) : vmim_drw has 0 polygons
2026-09-15 21:05:44 +0530: Memory Usage (442476K) : nbulaycut_drw has 0 polygons
2026-09-15 21:05:44 +0530: Memory Usage (442476K) : antmetal1_drw has 0 polygons
2026-09-15 21:05:44 +0530: Memory Usage (442476K) : topvia2_drw has 0 polygons
2026-09-15 21:05:44 +0530: Memory Usage (442476K) : topmetal2_drw has 0 polygons
2026-09-15 21:05:44 +0530: Memory Usage (442476K) : topmetal2_pin has 0 polygons
2026-09-15 21:05:44 +0530: Memory Usage (442476K) : topmetal2_mask has 0 polygons
2026-09-15 21:05:44 +0530: Memory Usage (442476K) : topmetal2_filler has 0 polygons
2026-09-15 21:05:44 +0530: Memory Usage (442476K) : topmetal2_nofill has 0 polygons
2026-09-15 21:05:44 +0530: Memory Usage (442476K) : topmetal2_slit has 0 polygons
2026-09-15 21:05:44 +0530: Memory Usage (442476K) : topmetal2_text has 0 polygons
2026-09-15 21:05:44 +0530: Memory Usage (442476K) : topmetal2_noqrc has 0 polygons
2026-09-15 21:05:44 +0530: Memory Usage (442476K) : topmetal2_res has 0 polygons
2026-09-15 21:05:44 +0530: Memory Usage (442476K) : topmetal2_iprobe has 0 polygons
2026-09-15 21:05:44 +0530: Memory Usage (442476K) : topmetal2_diffprb has 0 polygons
2026-09-15 21:05:44 +0530: Memory Usage (442476K) : snsring_drw has 0 polygons
2026-09-15 21:05:44 +0530: Memory Usage (442476K) : sensor_drw has 0 polygons
2026-09-15 21:05:44 +0530: Memory Usage (442476K) : snsarms_drw has 0 polygons
2026-09-15 21:05:44 +0530: Memory Usage (442476K) : snscmosvia_drw has 0 polygons
2026-09-15 21:05:44 +0530: Memory Usage (442476K) : colwind_drw has 0 polygons
2026-09-15 21:05:44 +0530: Memory Usage (442476K) : flm_drw has 0 polygons
2026-09-15 21:05:44 +0530: Memory Usage (442476K) : hafniumox_drw has 0 polygons
2026-09-15 21:05:44 +0530: Memory Usage (442476K) : memvia_drw has 0 polygons
2026-09-15 21:05:44 +0530: Memory Usage (442476K) : thinfilmres_drw has 0 polygons
2026-09-15 21:05:44 +0530: Memory Usage (442476K) : rfmem_drw has 0 polygons
2026-09-15 21:05:44 +0530: Memory Usage (442476K) : norcx_drw has 0 polygons
2026-09-15 21:05:44 +0530: Memory Usage (442476K) : norcx_m2m3 has 0 polygons
2026-09-15 21:05:44 +0530: Memory Usage (442476K) : norcx_m2m4 has 0 polygons
2026-09-15 21:05:44 +0530: Memory Usage (442476K) : norcx_m2m5 has 0 polygons
2026-09-15 21:05:44 +0530: Memory Usage (442476K) : norcx_m2tm1 has 0 polygons
2026-09-15 21:05:44 +0530: Memory Usage (442476K) : norcx_m2tm2 has 0 polygons
2026-09-15 21:05:44 +0530: Memory Usage (442476K) : norcx_m3m4 has 0 polygons
2026-09-15 21:05:44 +0530: Memory Usage (442476K) : norcx_m3m5 has 0 polygons
2026-09-15 21:05:44 +0530: Memory Usage (442476K) : norcx_m3tm1 has 0 polygons
2026-09-15 21:05:44 +0530: Memory Usage (442476K) : norcx_m3tm2 has 0 polygons
2026-09-15 21:05:44 +0530: Memory Usage (442476K) : norcx_m4m5 has 0 polygons
2026-09-15 21:05:44 +0530: Memory Usage (442476K) : norcx_m4tm1 has 0 polygons
2026-09-15 21:05:44 +0530: Memory Usage (442476K) : norcx_m4tm2 has 0 polygons
2026-09-15 21:05:44 +0530: Memory Usage (442476K) : norcx_m5tm1 has 0 polygons
2026-09-15 21:05:44 +0530: Memory Usage (442476K) : norcx_m5tm2 has 0 polygons
2026-09-15 21:05:44 +0530: Memory Usage (442476K) : norcx_tm1tm2 has 0 polygons
2026-09-15 21:05:44 +0530: Memory Usage (442476K) : norcx_m1sub has 0 polygons
2026-09-15 21:05:44 +0530: Memory Usage (442476K) : norcx_m2sub has 0 polygons
2026-09-15 21:05:44 +0530: Memory Usage (442476K) : norcx_m3sub has 0 polygons
2026-09-15 21:05:44 +0530: Memory Usage (442476K) : norcx_m4sub has 0 polygons
2026-09-15 21:05:44 +0530: Memory Usage (442476K) : norcx_m5sub has 0 polygons
2026-09-15 21:05:44 +0530: Memory Usage (442476K) : norcx_tm1sub has 0 polygons
2026-09-15 21:05:44 +0530: Memory Usage (442476K) : norcx_tm2sub has 0 polygons
2026-09-15 21:05:44 +0530: Memory Usage (442476K) : snsbotvia_drw has 0 polygons
2026-09-15 21:05:44 +0530: Memory Usage (442476K) : snstopvia_drw has 0 polygons
2026-09-15 21:05:44 +0530: Memory Usage (442476K) : deepvia_drw has 0 polygons
2026-09-15 21:05:44 +0530: Memory Usage (442476K) : fgetch_drw has 0 polygons
2026-09-15 21:05:44 +0530: Memory Usage (442476K) : ctrgat_drw has 0 polygons
2026-09-15 21:05:44 +0530: Memory Usage (442476K) : fgimp_drw has 0 polygons
2026-09-15 21:05:44 +0530: Memory Usage (442476K) : emwihv_drw has 0 polygons
2026-09-15 21:05:44 +0530: Memory Usage (442476K) : lbe_drw has 0 polygons
2026-09-15 21:05:44 +0530: Memory Usage (442476K) : alcustop_drw has 0 polygons
2026-09-15 21:05:44 +0530: Memory Usage (442476K) : nometfiller_drw has 0 polygons
2026-09-15 21:05:44 +0530: Memory Usage (442476K) : prboundary_drw has 0 polygons
2026-09-15 21:05:44 +0530: Memory Usage (442476K) : exchange0_drw has 0 polygons
2026-09-15 21:05:44 +0530: Memory Usage (442476K) : exchange0_pin has 0 polygons
2026-09-15 21:05:44 +0530: Memory Usage (442476K) : exchange0_text has 0 polygons
2026-09-15 21:05:44 +0530: Memory Usage (442476K) : exchange1_drw has 0 polygons
2026-09-15 21:05:44 +0530: Memory Usage (442476K) : exchange1_pin has 0 polygons
2026-09-15 21:05:44 +0530: Memory Usage (442476K) : exchange1_text has 0 polygons
2026-09-15 21:05:44 +0530: Memory Usage (442476K) : exchange2_drw has 0 polygons
2026-09-15 21:05:44 +0530: Memory Usage (442476K) : exchange2_pin has 0 polygons
2026-09-15 21:05:44 +0530: Memory Usage (442476K) : exchange2_text has 0 polygons
2026-09-15 21:05:44 +0530: Memory Usage (442476K) : exchange3_drw has 0 polygons
2026-09-15 21:05:44 +0530: Memory Usage (442476K) : exchange3_pin has 0 polygons
2026-09-15 21:05:44 +0530: Memory Usage (442476K) : exchange3_text has 0 polygons
2026-09-15 21:05:44 +0530: Memory Usage (442476K) : exchange4_drw has 0 polygons
2026-09-15 21:05:44 +0530: Memory Usage (442476K) : exchange4_pin has 0 polygons
2026-09-15 21:05:44 +0530: Memory Usage (442476K) : exchange4_text has 0 polygons
2026-09-15 21:05:44 +0530: Memory Usage (442476K) : isonwell_drw has 0 polygons
2026-09-15 21:05:44 +0530: Memory Usage (442476K) : Total no. of polygons in the design is 2672820
2026-09-15 21:05:44 +0530: Memory Usage (442476K) : Loaded TECH DRC rules values from /home/jaikrishn/IHP-Open-PDK/ihp-sg13g2/libs.tech/klayout/python/sg13g2_pycell_lib/sg13g2_tech_mod.json
2026-09-15 21:05:44 +0530: Memory Usage (442476K) : Loaded default DRC rules values from /home/jaikrishn/IHP-Open-PDK/ihp-sg13g2/libs.tech/klayout/tech/drc/rule_decks/sg13g2_tech_default.json
2026-09-15 21:05:44 +0530: Memory Usage (442476K) : The following rules values were missing in tech json and default values were used:
2026-09-15 21:05:44 +0530: Memory Usage (442476K) :   - NW_f1_digibnd
2026-09-15 21:05:44 +0530: Memory Usage (442476K) :   - Cnt_c_digibnd
2026-09-15 21:05:44 +0530: Memory Usage (442476K) :   - Cnt_c_sram
2026-09-15 21:05:44 +0530: Memory Usage (442476K) :   - Sdiod_b
2026-09-15 21:05:44 +0530: Memory Usage (442476K) :   - Sdiod_c
2026-09-15 21:05:44 +0530: Memory Usage (451416K) : Total area of the design is 534448.8448 um^2.
2026-09-15 21:05:44 +0530: Memory Usage (451416K) : The design dimensions are 721.76 µm * 740.48 µm.
2026-09-15 21:05:44 +0530: Memory Usage (451416K) : Starting general IHP-SG13G2 derivations.
2026-09-15 21:05:44 +0530: Memory Usage (451416K) : Starting Pwell derivations
2026-09-15 21:05:45 +0530: Memory Usage (483340K) : Starting n-Activ derivations
2026-09-15 21:05:46 +0530: Memory Usage (515980K) : Starting p-Activ derivations
2026-09-15 21:05:47 +0530: Memory Usage (537472K) : Starting ptap derivations
2026-09-15 21:05:47 +0530: Memory Usage (549952K) : Starting ntap derivations
2026-09-15 21:05:48 +0530: Memory Usage (557820K) : Starting pact FET derivations
2026-09-15 21:05:48 +0530: Memory Usage (557820K) : Starting nact FET derivations
2026-09-15 21:05:48 +0530: Memory Usage (590972K) : Starting Gate derivations
2026-09-15 21:05:49 +0530: Memory Usage (591356K) : Starting cont/contbar general derivations
2026-09-15 21:05:53 +0530: Memory Usage (798860K) : Starting pad general derivations
2026-09-15 21:05:53 +0530: Memory Usage (798860K) : Starting schottky_nbl general derivations
2026-09-15 21:05:53 +0530: Memory Usage (778812K) : Starting SVaricap general derivations
2026-09-15 21:05:54 +0530: Memory Usage (778940K) : Starting HBT general derivations
2026-09-15 21:05:54 +0530: Memory Usage (778940K) : Starting IHP-SG13G2 DRC connectivity related derivations.
2026-09-15 21:05:54 +0530: Memory Usage (778940K) : Starting IHP-SG13G2 DRC connectivity setup
2026-09-15 21:05:59 +0530: Memory Usage (780012K) : Starting IHP-SG13G2 DRC rules.
2026-09-15 21:05:59 +0530: Memory Usage (780012K) : Running all FEOL rules
2026-09-15 21:05:59 +0530: Memory Usage (780012K) : Running all BEOL rules
2026-09-15 21:05:59 +0530: Memory Usage (780012K) : Running all PIN rules
2026-09-15 21:05:59 +0530: Memory Usage (780012K) : Running all FORBIDDEN rules
2026-09-15 21:05:59 +0530: Memory Usage (780012K) : Starting 5.1 NWell table
2026-09-15 21:05:59 +0530: Memory Usage (780012K) : Executing rule NW.b
2026-09-15 21:06:00 +0530: Memory Usage (793340K) : Executing rule NW.b1
2026-09-15 21:06:00 +0530: Memory Usage (793340K) : Executing rule NW.f1
2026-09-15 21:06:00 +0530: Memory Usage (793340K) : Executing rule NW.f1.digibnd
2026-09-15 21:06:00 +0530: Memory Usage (793340K) : Starting 5.2 PWell:block
2026-09-15 21:06:00 +0530: Memory Usage (793340K) : Executing rule PWB.e
2026-09-15 21:06:00 +0530: Memory Usage (793340K) : Executing rule PWB.e1
2026-09-15 21:06:00 +0530: Memory Usage (793340K) : Executing rule PWB.f
2026-09-15 21:06:00 +0530: Memory Usage (793340K) : Executing rule PWB.f1
2026-09-15 21:06:01 +0530: Memory Usage (793340K) : Starting 5.3 nBuLay table
2026-09-15 21:06:01 +0530: Memory Usage (793340K) : Executing rule NBL.b
2026-09-15 21:06:01 +0530: Memory Usage (793340K) : Executing rule NBL.c
2026-09-15 21:06:01 +0530: Memory Usage (793468K) : Executing rule NBL.d
2026-09-15 21:06:01 +0530: Memory Usage (797180K) : Executing rule NBL.e
2026-09-15 21:06:01 +0530: Memory Usage (802684K) : Executing rule NBL.f
2026-09-15 21:06:01 +0530: Memory Usage (806012K) : Starting 5.5. Activ table
2026-09-15 21:06:01 +0530: Memory Usage (806012K) : Executing rule Act.a
2026-09-15 21:06:02 +0530: Memory Usage (806012K) : Executing rule Act.b
2026-09-15 21:06:04 +0530: Memory Usage (850208K) : Starting 5.6 Activ:filler table
2026-09-15 21:06:04 +0530: Memory Usage (850208K) : Executing rule AFil.c1
2026-09-15 21:06:04 +0530: Memory Usage (850208K) : Executing rule AFil.c
2026-09-15 21:06:04 +0530: Memory Usage (850208K) : Executing rule AFil.d
2026-09-15 21:06:04 +0530: Memory Usage (850208K) : Executing rule AFil.e
2026-09-15 21:06:04 +0530: Memory Usage (850208K) : Executing rule AFil.j
2026-09-15 21:06:04 +0530: Memory Usage (850208K) : Starting 5.7. ThickGateOx table
2026-09-15 21:06:04 +0530: Memory Usage (850208K) : Executing rule TGO.f
2026-09-15 21:06:04 +0530: Memory Usage (850208K) : Starting 5.8. GatPoly table
2026-09-15 21:06:04 +0530: Memory Usage (850208K) : Executing rule Gat.a
2026-09-15 21:06:04 +0530: Memory Usage (850208K) : Executing rule Gat.b
2026-09-15 21:06:04 +0530: Memory Usage (850336K) : Executing rule Gat.d
2026-09-15 21:06:04 +0530: Memory Usage (853920K) : Executing rule Gat.a1
2026-09-15 21:06:05 +0530: Memory Usage (860724K) : Executing rule Gat.a2
2026-09-15 21:06:06 +0530: Memory Usage (879540K) : Executing rule Gat.g
2026-09-15 21:06:06 +0530: Memory Usage (879540K) : Starting 5.9 GatPoly:filler
2026-09-15 21:06:06 +0530: Memory Usage (879540K) : Executing rule GFil.d
2026-09-15 21:06:06 +0530: Memory Usage (879540K) : Executing rule GFil.e
2026-09-15 21:06:06 +0530: Memory Usage (879540K) : Executing rule GFil.i
2026-09-15 21:06:06 +0530: Memory Usage (879540K) : Starting 5.10 pSD table
2026-09-15 21:06:06 +0530: Memory Usage (879540K) : Executing rule pSD.c1
2026-09-15 21:06:08 +0530: Memory Usage (932184K) : Starting 5.14. Cont table
2026-09-15 21:06:08 +0530: Memory Usage (932184K) : Executing rule Cnt.a
2026-09-15 21:06:12 +0530: Memory Usage (1077976K) : Executing rule Cnt.b
2026-09-15 21:06:14 +0530: Memory Usage (1099988K) : Executing rule Cnt.c
2026-09-15 21:06:20 +0530: Memory Usage (1167444K) : Executing rule Cnt.c.digibnd
2026-09-15 21:06:20 +0530: Memory Usage (1167444K) : Executing rule Cnt.c.SRAM
2026-09-15 21:06:20 +0530: Memory Usage (1167444K) : Executing rule Cnt.d
2026-09-15 21:06:21 +0530: Memory Usage (1178068K) : Executing rule Cnt.e
2026-09-15 21:06:21 +0530: Memory Usage (1178708K) : Executing rule Cnt.g1
2026-09-15 21:06:24 +0530: Memory Usage (1181012K) : Executing rule Cnt.g2
2026-09-15 21:06:28 +0530: Memory Usage (1228116K) : Starting 5.15. ContBar table
2026-09-15 21:06:28 +0530: Memory Usage (1228116K) : Executing rule CntB.a
2026-09-15 21:06:32 +0530: Memory Usage (1236820K) : Executing rule CntB.a1
2026-09-15 21:06:33 +0530: Memory Usage (1236820K) : Executing rule CntB.b1
2026-09-15 21:06:33 +0530: Memory Usage (1236820K) : Executing rule CntB.h1
2026-09-15 21:06:33 +0530: Memory Usage (1236820K) : Starting 6.1.3 NPN Substrate-Tie table
2026-09-15 21:06:33 +0530: Memory Usage (1236820K) : Starting 6.7 Schottky diode table
2026-09-15 21:06:33 +0530: Memory Usage (1236820K) : Executing rule Sdiod.b
2026-09-15 21:06:33 +0530: Memory Usage (1236820K) : Executing rule Sdiod.c
2026-09-15 21:06:33 +0530: Memory Usage (1236820K) : Executing rule Sdiod.d
2026-09-15 21:06:33 +0530: Memory Usage (1236820K) : Executing rule Sdiod.e
2026-09-15 21:06:33 +0530: Memory Usage (1236820K) : Starting 7.2 Latch-up table
2026-09-15 21:06:33 +0530: Memory Usage (1236820K) : Executing rule LU.b
2026-09-15 21:06:35 +0530: Memory Usage (1258452K) : Starting 5.16. Metal1 table
2026-09-15 21:06:35 +0530: Memory Usage (1258452K) : Executing rule M1.a
2026-09-15 21:06:38 +0530: Memory Usage (1258452K) : Executing rule M1.b
2026-09-15 21:06:49 +0530: Memory Usage (1251608K) : Executing rule M1.e
2026-09-15 21:08:05 +0530: Memory Usage (1253528K) : Executing rule M1.f
2026-09-15 21:08:08 +0530: Memory Usage (1253528K) : Executing rule M1.g
2026-09-15 21:08:09 +0530: Memory Usage (1278784K) : Executing rule M1.i
2026-09-15 21:08:09 +0530: Memory Usage (1303620K) : Starting 5.17 Metaln table
2026-09-15 21:08:09 +0530: Memory Usage (1303620K) : Executing rule M2.a
2026-09-15 21:08:10 +0530: Memory Usage (1278424K) : Executing rule M2.b
2026-09-15 21:08:13 +0530: Memory Usage (1321176K) : Executing rule M2.e
2026-09-15 21:08:13 +0530: Memory Usage (1321176K) : Executing rule M2.f
2026-09-15 21:08:14 +0530: Memory Usage (1321176K) : Executing rule M2.g
2026-09-15 21:08:14 +0530: Memory Usage (1321172K) : Executing rule M2.i
2026-09-15 21:08:14 +0530: Memory Usage (1337172K) : Executing rule M3.a
2026-09-15 21:08:15 +0530: Memory Usage (1337172K) : Executing rule M3.b
2026-09-15 21:08:16 +0530: Memory Usage (1347668K) : Executing rule M3.e
2026-09-15 21:08:16 +0530: Memory Usage (1347796K) : Executing rule M3.f
2026-09-15 21:08:16 +0530: Memory Usage (1347796K) : Executing rule M3.g
2026-09-15 21:08:16 +0530: Memory Usage (1347796K) : Executing rule M3.i
2026-09-15 21:08:16 +0530: Memory Usage (1347796K) : Executing rule M4.a
2026-09-15 21:08:16 +0530: Memory Usage (1347796K) : Executing rule M4.b
2026-09-15 21:08:17 +0530: Memory Usage (1347796K) : Executing rule M4.e
2026-09-15 21:08:17 +0530: Memory Usage (1347796K) : Executing rule M4.f
2026-09-15 21:08:17 +0530: Memory Usage (1347796K) : Executing rule M4.g
2026-09-15 21:08:17 +0530: Memory Usage (1347924K) : Executing rule M4.i
2026-09-15 21:08:17 +0530: Memory Usage (1348052K) : Executing rule M5.a
2026-09-15 21:08:17 +0530: Memory Usage (1348052K) : Executing rule M5.b
2026-09-15 21:08:17 +0530: Memory Usage (1348052K) : Executing rule M5.e
2026-09-15 21:08:17 +0530: Memory Usage (1348052K) : Executing rule M5.f
2026-09-15 21:08:17 +0530: Memory Usage (1348052K) : Executing rule M5.g
2026-09-15 21:08:17 +0530: Memory Usage (1347924K) : Executing rule M5.i
2026-09-15 21:08:17 +0530: Memory Usage (1347796K) : Starting 5.18 Metaln:filler table
2026-09-15 21:08:17 +0530: Memory Usage (1347796K) : Executing rule M1Fil.c
2026-09-15 21:08:17 +0530: Memory Usage (1347796K) : Executing rule M1Fil.a2
2026-09-15 21:08:17 +0530: Memory Usage (1347796K) : Executing rule M2Fil.c
2026-09-15 21:08:17 +0530: Memory Usage (1347796K) : Executing rule M2Fil.a2
2026-09-15 21:08:17 +0530: Memory Usage (1347796K) : Executing rule M3Fil.c
2026-09-15 21:08:17 +0530: Memory Usage (1347796K) : Executing rule M3Fil.a2
2026-09-15 21:08:17 +0530: Memory Usage (1347796K) : Executing rule M4Fil.c
2026-09-15 21:08:17 +0530: Memory Usage (1347796K) : Executing rule M4Fil.a2
2026-09-15 21:08:17 +0530: Memory Usage (1347796K) : Executing rule M5Fil.c
2026-09-15 21:08:17 +0530: Memory Usage (1347796K) : Executing rule M5Fil.a2
2026-09-15 21:08:17 +0530: Memory Usage (1347796K) : Starting 5.19. Via1 table
2026-09-15 21:08:17 +0530: Memory Usage (1347796K) : Starting 5.19. Via1 table derivations
2026-09-15 21:08:18 +0530: Memory Usage (1347796K) : Executing rule V1.a
2026-09-15 21:08:18 +0530: Memory Usage (1347796K) : Executing rule V1.b
2026-09-15 21:08:18 +0530: Memory Usage (1347796K) : Executing rule V1.c
2026-09-15 21:08:18 +0530: Memory Usage (1348180K) : Starting 5.20. Vian table
2026-09-15 21:08:18 +0530: Memory Usage (1348180K) : Executing rule V2.a
2026-09-15 21:08:19 +0530: Memory Usage (1348180K) : Executing rule V2.b
2026-09-15 21:08:19 +0530: Memory Usage (1348180K) : Executing rule V2.c
2026-09-15 21:08:19 +0530: Memory Usage (1348180K) : Executing rule V3.a
2026-09-15 21:08:19 +0530: Memory Usage (1348180K) : Executing rule V3.b
2026-09-15 21:08:19 +0530: Memory Usage (1348180K) : Executing rule V3.c
2026-09-15 21:08:19 +0530: Memory Usage (1348048K) : Executing rule V4.a
2026-09-15 21:08:20 +0530: Memory Usage (1348048K) : Executing rule V4.b
2026-09-15 21:08:20 +0530: Memory Usage (1348176K) : Executing rule V4.c
2026-09-15 21:08:20 +0530: Memory Usage (1348176K) : Starting 5.21. TopVia1 table
2026-09-15 21:08:20 +0530: Memory Usage (1348176K) : Executing rule TV1.a
2026-09-15 21:08:20 +0530: Memory Usage (1348176K) : Executing rule TV1.b
2026-09-15 21:08:20 +0530: Memory Usage (1348176K) : Executing rule TV1.c
2026-09-15 21:08:20 +0530: Memory Usage (1348176K) : Executing rule TV1.d
2026-09-15 21:08:20 +0530: Memory Usage (1348304K) : Starting 5.22. TopMetal1 table
2026-09-15 21:08:20 +0530: Memory Usage (1348304K) : Executing rule TM1.a
2026-09-15 21:08:20 +0530: Memory Usage (1348304K) : Executing rule TM1.b
2026-09-15 21:08:20 +0530: Memory Usage (1348432K) : Starting 5.23 TopMetal1:filler table
2026-09-15 21:08:20 +0530: Memory Usage (1348432K) : Executing rule TM1Fil.c
2026-09-15 21:08:20 +0530: Memory Usage (1348432K) : Executing rule TM1Fil.a1
2026-09-15 21:08:20 +0530: Memory Usage (1348432K) : Starting 5.24. TopVia2 table
2026-09-15 21:08:20 +0530: Memory Usage (1348432K) : Executing rule TV2.a
2026-09-15 21:08:20 +0530: Memory Usage (1348432K) : Executing rule TV2.b
2026-09-15 21:08:20 +0530: Memory Usage (1348432K) : Executing rule TV2.c
2026-09-15 21:08:20 +0530: Memory Usage (1348432K) : Executing rule TV2.d
2026-09-15 21:08:20 +0530: Memory Usage (1348432K) : Starting 5.25. TopMetal2 table
2026-09-15 21:08:20 +0530: Memory Usage (1348432K) : Executing rule TM2.a
2026-09-15 21:08:20 +0530: Memory Usage (1348432K) : Executing rule TM2.b
2026-09-15 21:08:20 +0530: Memory Usage (1348432K) : Starting 5.26 TopMetal2:filler table
2026-09-15 21:08:20 +0530: Memory Usage (1348432K) : Executing rule TM2Fil.c
2026-09-15 21:08:20 +0530: Memory Usage (1348432K) : Executing rule TM2Fil.a1
2026-09-15 21:08:20 +0530: Memory Usage (1348432K) : Starting 5.27. Passiv table
2026-09-15 21:08:20 +0530: Memory Usage (1348432K) : Executing rule Pas.a
2026-09-15 21:08:21 +0530: Memory Usage (1348432K) : Executing rule Pas.b
2026-09-15 21:08:21 +0530: Memory Usage (1348432K) : Executing rule Pas.c
2026-09-15 21:08:21 +0530: Memory Usage (1348432K) : Starting 6.9.2 Copper Pillar table
2026-09-15 21:08:21 +0530: Memory Usage (1348432K) : Executing rule Padc.a
2026-09-15 21:08:21 +0530: Memory Usage (1348432K) : Executing rule Padc.b
2026-09-15 21:08:21 +0530: Memory Usage (1348432K) : Executing rule Padc.c
2026-09-15 21:08:21 +0530: Memory Usage (1348432K) : Executing rule Padb.f
2026-09-15 21:08:21 +0530: Memory Usage (1348432K) : Starting 6.9 Pad table
2026-09-15 21:08:21 +0530: Memory Usage (1348432K) : Executing rule Pad.m
2026-09-15 21:08:21 +0530: Memory Usage (1348432K) : Executing rule Pad.i
2026-09-15 21:08:21 +0530: Memory Usage (1348432K) : Starting 6.9.1 Solder Bump
2026-09-15 21:08:21 +0530: Memory Usage (1348432K) : Executing rule Padb.a
2026-09-15 21:08:21 +0530: Memory Usage (1348432K) : Executing rule Padb.b
2026-09-15 21:08:21 +0530: Memory Usage (1348432K) : Executing rule Padb.c
2026-09-15 21:08:21 +0530: Memory Usage (1348432K) : Executing rule Padb.f
2026-09-15 21:08:21 +0530: Memory Usage (1348432K) : Executing rule Padb.d
2026-09-15 21:08:21 +0530: Memory Usage (1348432K) : Starting 6.10 Sealring table
2026-09-15 21:08:21 +0530: Memory Usage (1348432K) : Executing rule Seal.l
2026-09-15 21:08:21 +0530: Memory Usage (1348432K) : Executing rule Seal.n
2026-09-15 21:08:21 +0530: Memory Usage (1348432K) : Executing rule seal.b_metal1
2026-09-15 21:08:21 +0530: Memory Usage (1348432K) : Executing rule seal.b_metal2
2026-09-15 21:08:21 +0530: Memory Usage (1348432K) : Executing rule seal.b_metal3
2026-09-15 21:08:21 +0530: Memory Usage (1348432K) : Executing rule seal.b_metal4
2026-09-15 21:08:21 +0530: Memory Usage (1348432K) : Executing rule seal.b_metal5
2026-09-15 21:08:21 +0530: Memory Usage (1348432K) : Executing rule seal.b_topmetal1
2026-09-15 21:08:21 +0530: Memory Usage (1348432K) : Executing rule seal.b_topmetal2
2026-09-15 21:08:21 +0530: Memory Usage (1348432K) : Executing rule seal.b_activ
2026-09-15 21:08:21 +0530: Memory Usage (1348432K) : Executing rule seal.b_psd
2026-09-15 21:08:21 +0530: Memory Usage (1348432K) : Executing rule Seal.k
2026-09-15 21:08:21 +0530: Memory Usage (1348432K) : Executing rule Seal.m
2026-09-15 21:08:21 +0530: Memory Usage (1348432K) : Starting 6.11 MIM table
2026-09-15 21:08:21 +0530: Memory Usage (1348432K) : Executing rule MIM.c
2026-09-15 21:08:22 +0530: Memory Usage (1348432K) : Executing rule MIM.d
2026-09-15 21:08:22 +0530: Memory Usage (1348432K) : Starting 7.3 Metal Slits table
2026-09-15 21:08:22 +0530: Memory Usage (1348432K) : Executing rule Slt.e1_M1
2026-09-15 21:08:22 +0530: Memory Usage (1348432K) : Executing rule Slt.e1_M2
2026-09-15 21:08:22 +0530: Memory Usage (1348432K) : Executing rule Slt.e1_M3
2026-09-15 21:08:22 +0530: Memory Usage (1348432K) : Executing rule Slt.e1_M4
2026-09-15 21:08:22 +0530: Memory Usage (1348432K) : Executing rule Slt.e1_M5
2026-09-15 21:08:22 +0530: Memory Usage (1348432K) : Executing rule Slt.e1_TM1
2026-09-15 21:08:22 +0530: Memory Usage (1348432K) : Executing rule Slt.e1_TM2
2026-09-15 21:08:22 +0530: Memory Usage (1348432K) : Starting 9.1. LBE table
2026-09-15 21:08:22 +0530: Memory Usage (1348432K) : Executing rule LBE.a
2026-09-15 21:08:22 +0530: Memory Usage (1348432K) : Executing rule LBE.b
2026-09-15 21:08:22 +0530: Memory Usage (1348432K) : Executing rule LBE.b1
2026-09-15 21:08:22 +0530: Memory Usage (1348432K) : Executing rule LBE.c
2026-09-15 21:08:22 +0530: Memory Usage (1348432K) : Executing rule LBE.d
2026-09-15 21:08:22 +0530: Memory Usage (1348432K) : Executing rule LBE.h
2026-09-15 21:08:22 +0530: Memory Usage (1348432K) : Starting 7.4. PIN table
2026-09-15 21:08:22 +0530: Memory Usage (1348432K) : Executing rule Pin.a
2026-09-15 21:08:22 +0530: Memory Usage (1348432K) : Executing rule Pin.b
2026-09-15 21:08:22 +0530: Memory Usage (1348432K) : Executing rule Pin.e
2026-09-15 21:08:24 +0530: Memory Usage (1396176K) : Executing rule Pin.f_M2
2026-09-15 21:08:24 +0530: Memory Usage (1396176K) : Executing rule Pin.f_M3
2026-09-15 21:08:24 +0530: Memory Usage (1396176K) : Executing rule Pin.f_M4
2026-09-15 21:08:24 +0530: Memory Usage (1396176K) : Executing rule Pin.f_M5
2026-09-15 21:08:24 +0530: Memory Usage (1396176K) : Executing rule Pin.g
2026-09-15 21:08:24 +0530: Memory Usage (1396176K) : Executing rule Pin.h
2026-09-15 21:08:24 +0530: Memory Usage (1396176K) : Starting 3.1. offgrid table
2026-09-15 21:08:24 +0530: Memory Usage (1396176K) : Executing rule activ_drw_Offgrid
2026-09-15 21:08:25 +0530: Memory Usage (1396176K) : Executing rule activ_mask_Offgrid
2026-09-15 21:08:25 +0530: Memory Usage (1396176K) : Executing rule activ_filler_Offgrid
2026-09-15 21:08:25 +0530: Memory Usage (1396176K) : Executing rule activ_opc_Offgrid
2026-09-15 21:08:25 +0530: Memory Usage (1396176K) : Executing rule activ_iopc_Offgrid
2026-09-15 21:08:25 +0530: Memory Usage (1396176K) : Executing rule biwind_drw_Offgrid
2026-09-15 21:08:25 +0530: Memory Usage (1396176K) : Executing rule biwind_opc_Offgrid
2026-09-15 21:08:25 +0530: Memory Usage (1396176K) : Executing rule pemwind_drw_Offgrid
2026-09-15 21:08:25 +0530: Memory Usage (1396176K) : Executing rule gatpoly_drw_Offgrid
2026-09-15 21:08:25 +0530: Memory Usage (1396176K) : Executing rule gatpoly_filler_Offgrid
2026-09-15 21:08:25 +0530: Memory Usage (1396176K) : Executing rule gatpoly_opc_Offgrid
2026-09-15 21:08:26 +0530: Memory Usage (1396176K) : Executing rule gatpoly_iopc_Offgrid
2026-09-15 21:08:26 +0530: Memory Usage (1396176K) : Executing rule gatpoly_noqrc_Offgrid
2026-09-15 21:08:26 +0530: Memory Usage (1396176K) : Executing rule cont_drw_Offgrid
2026-09-15 21:08:35 +0530: Memory Usage (1437136K) : Executing rule cont_opc_Offgrid
2026-09-15 21:08:35 +0530: Memory Usage (1437136K) : Executing rule nsd_drw_Offgrid
2026-09-15 21:08:35 +0530: Memory Usage (1437136K) : Executing rule nsd_block_Offgrid
2026-09-15 21:08:35 +0530: Memory Usage (1437136K) : Executing rule metal1_drw_Offgrid
2026-09-15 21:08:37 +0530: Memory Usage (1437136K) : Executing rule metal1_mask_Offgrid
2026-09-15 21:08:37 +0530: Memory Usage (1437136K) : Executing rule metal1_filler_Offgrid
2026-09-15 21:08:37 +0530: Memory Usage (1437136K) : Executing rule metal1_slit_Offgrid
2026-09-15 21:08:37 +0530: Memory Usage (1437136K) : Executing rule metal1_opc_Offgrid
2026-09-15 21:08:37 +0530: Memory Usage (1437136K) : Executing rule metal1_noqrc_Offgrid
2026-09-15 21:08:37 +0530: Memory Usage (1437136K) : Executing rule metal1_res_Offgrid
2026-09-15 21:08:38 +0530: Memory Usage (1437136K) : Executing rule metal1_iprobe_Offgrid
2026-09-15 21:08:38 +0530: Memory Usage (1437136K) : Executing rule metal1_diffprb_Offgrid
2026-09-15 21:08:38 +0530: Memory Usage (1437136K) : Executing rule passiv_drw_Offgrid
2026-09-15 21:08:38 +0530: Memory Usage (1437136K) : Executing rule passiv_pillar_Offgrid
2026-09-15 21:08:38 +0530: Memory Usage (1437136K) : Executing rule passiv_sbump_Offgrid
2026-09-15 21:08:38 +0530: Memory Usage (1437136K) : Executing rule passiv_pdl_Offgrid
2026-09-15 21:08:38 +0530: Memory Usage (1437136K) : Executing rule metal2_drw_Offgrid
2026-09-15 21:08:39 +0530: Memory Usage (1437136K) : Executing rule metal2_mask_Offgrid
2026-09-15 21:08:39 +0530: Memory Usage (1437136K) : Executing rule metal2_filler_Offgrid
2026-09-15 21:08:39 +0530: Memory Usage (1437136K) : Executing rule metal2_slit_Offgrid
2026-09-15 21:08:39 +0530: Memory Usage (1437136K) : Executing rule metal2_opc_Offgrid
2026-09-15 21:08:39 +0530: Memory Usage (1437136K) : Executing rule metal2_noqrc_Offgrid
2026-09-15 21:08:40 +0530: Memory Usage (1437136K) : Executing rule metal2_res_Offgrid
2026-09-15 21:08:40 +0530: Memory Usage (1437136K) : Executing rule metal2_iprobe_Offgrid
2026-09-15 21:08:40 +0530: Memory Usage (1437136K) : Executing rule metal2_diffprb_Offgrid
2026-09-15 21:08:40 +0530: Memory Usage (1437136K) : Executing rule baspoly_drw_Offgrid
2026-09-15 21:08:40 +0530: Memory Usage (1437136K) : Executing rule psd_drw_Offgrid
2026-09-15 21:08:41 +0530: Memory Usage (1437136K) : Executing rule nldb_drw_Offgrid
2026-09-15 21:08:41 +0530: Memory Usage (1437136K) : Executing rule via1_drw_Offgrid
2026-09-15 21:08:42 +0530: Memory Usage (1437136K) : Executing rule backmetal1_drw_Offgrid
2026-09-15 21:08:42 +0530: Memory Usage (1437136K) : Executing rule backmetal1_mask_Offgrid
2026-09-15 21:08:42 +0530: Memory Usage (1437136K) : Executing rule backmetal1_filler_Offgrid
2026-09-15 21:08:42 +0530: Memory Usage (1437136K) : Executing rule backmetal1_slit_Offgrid
2026-09-15 21:08:42 +0530: Memory Usage (1437136K) : Executing rule backmetal1_opc_Offgrid
2026-09-15 21:08:42 +0530: Memory Usage (1437136K) : Executing rule backmetal1_noqrc_Offgrid
2026-09-15 21:08:42 +0530: Memory Usage (1437136K) : Executing rule backmetal1_res_Offgrid
2026-09-15 21:08:42 +0530: Memory Usage (1437136K) : Executing rule backmetal1_iprobe_Offgrid
2026-09-15 21:08:42 +0530: Memory Usage (1437136K) : Executing rule backmetal1_diffprb_Offgrid
2026-09-15 21:08:42 +0530: Memory Usage (1437136K) : Executing rule backpassiv_drw_Offgrid
2026-09-15 21:08:42 +0530: Memory Usage (1437136K) : Executing rule salblock_drw_Offgrid
2026-09-15 21:08:42 +0530: Memory Usage (1437136K) : Executing rule via2_drw_Offgrid
2026-09-15 21:08:43 +0530: Memory Usage (1437136K) : Executing rule metal3_drw_Offgrid
2026-09-15 21:08:43 +0530: Memory Usage (1437136K) : Executing rule metal3_mask_Offgrid
2026-09-15 21:08:43 +0530: Memory Usage (1437136K) : Executing rule metal3_filler_Offgrid
2026-09-15 21:08:43 +0530: Memory Usage (1437136K) : Executing rule metal3_slit_Offgrid
2026-09-15 21:08:43 +0530: Memory Usage (1437136K) : Executing rule metal3_opc_Offgrid
2026-09-15 21:08:44 +0530: Memory Usage (1437136K) : Executing rule metal3_noqrc_Offgrid
2026-09-15 21:08:44 +0530: Memory Usage (1437136K) : Executing rule metal3_res_Offgrid
2026-09-15 21:08:44 +0530: Memory Usage (1437136K) : Executing rule metal3_iprobe_Offgrid
2026-09-15 21:08:44 +0530: Memory Usage (1437136K) : Executing rule metal3_diffprb_Offgrid
2026-09-15 21:08:44 +0530: Memory Usage (1437136K) : Executing rule nwell_drw_Offgrid
2026-09-15 21:08:44 +0530: Memory Usage (1437136K) : Executing rule nbulay_drw_Offgrid
2026-09-15 21:08:44 +0530: Memory Usage (1437136K) : Executing rule nbulay_block_Offgrid
2026-09-15 21:08:44 +0530: Memory Usage (1437136K) : Executing rule pwell_drw_Offgrid
2026-09-15 21:08:44 +0530: Memory Usage (1437136K) : Executing rule pwell_block_Offgrid
2026-09-15 21:08:45 +0530: Memory Usage (1437136K) : Executing rule emwind_drw_Offgrid
2026-09-15 21:08:45 +0530: Memory Usage (1437136K) : Executing rule emwind_opc_Offgrid
2026-09-15 21:08:45 +0530: Memory Usage (1437136K) : Executing rule deepco_drw_Offgrid
2026-09-15 21:08:45 +0530: Memory Usage (1437136K) : Executing rule mim_drw_Offgrid
2026-09-15 21:08:45 +0530: Memory Usage (1437136K) : Executing rule substrate_drw_Offgrid
2026-09-15 21:08:45 +0530: Memory Usage (1437136K) : Executing rule ic_drw_Offgrid
2026-09-15 21:08:45 +0530: Memory Usage (1437136K) : Executing rule via3_drw_Offgrid
2026-09-15 21:08:45 +0530: Memory Usage (1437136K) : Executing rule pldb_drw_Offgrid
2026-09-15 21:08:45 +0530: Memory Usage (1437136K) : Executing rule metal4_drw_Offgrid
2026-09-15 21:08:45 +0530: Memory Usage (1437136K) : Executing rule metal4_mask_Offgrid
2026-09-15 21:08:45 +0530: Memory Usage (1437136K) : Executing rule metal4_filler_Offgrid
2026-09-15 21:08:45 +0530: Memory Usage (1437136K) : Executing rule metal4_slit_Offgrid
2026-09-15 21:08:45 +0530: Memory Usage (1437136K) : Executing rule metal4_opc_Offgrid
2026-09-15 21:08:46 +0530: Memory Usage (1437136K) : Executing rule metal4_noqrc_Offgrid
2026-09-15 21:08:46 +0530: Memory Usage (1437136K) : Executing rule metal4_res_Offgrid
2026-09-15 21:08:46 +0530: Memory Usage (1437136K) : Executing rule metal4_iprobe_Offgrid
2026-09-15 21:08:46 +0530: Memory Usage (1437136K) : Executing rule metal4_diffprb_Offgrid
2026-09-15 21:08:46 +0530: Memory Usage (1437136K) : Executing rule via4_drw_Offgrid
2026-09-15 21:08:46 +0530: Memory Usage (1437136K) : Executing rule metal5_drw_Offgrid
2026-09-15 21:08:46 +0530: Memory Usage (1437136K) : Executing rule metal5_mask_Offgrid
2026-09-15 21:08:46 +0530: Memory Usage (1437136K) : Executing rule metal5_filler_Offgrid
2026-09-15 21:08:46 +0530: Memory Usage (1437136K) : Executing rule metal5_slit_Offgrid
2026-09-15 21:08:46 +0530: Memory Usage (1437136K) : Executing rule metal5_opc_Offgrid
2026-09-15 21:08:46 +0530: Memory Usage (1437136K) : Executing rule metal5_noqrc_Offgrid
2026-09-15 21:08:46 +0530: Memory Usage (1437136K) : Executing rule metal5_res_Offgrid
2026-09-15 21:08:46 +0530: Memory Usage (1437136K) : Executing rule metal5_iprobe_Offgrid
2026-09-15 21:08:47 +0530: Memory Usage (1437136K) : Executing rule metal5_diffprb_Offgrid
2026-09-15 21:08:47 +0530: Memory Usage (1437136K) : Executing rule prboundary_drw_Offgrid
2026-09-15 21:08:47 +0530: Memory Usage (1437136K) : Executing rule exchange0_drw_Offgrid
2026-09-15 21:08:47 +0530: Memory Usage (1437136K) : Executing rule exchange1_drw_Offgrid
2026-09-15 21:08:47 +0530: Memory Usage (1437136K) : Executing rule exchange2_drw_Offgrid
2026-09-15 21:08:47 +0530: Memory Usage (1437136K) : Executing rule exchange3_drw_Offgrid
2026-09-15 21:08:47 +0530: Memory Usage (1437136K) : Executing rule exchange4_drw_Offgrid
2026-09-15 21:08:47 +0530: Memory Usage (1437136K) : Executing rule isonwell_drw_Offgrid
2026-09-15 21:08:47 +0530: Memory Usage (1437136K) : Executing rule thickgateox_drw_Offgrid
2026-09-15 21:08:47 +0530: Memory Usage (1437136K) : Executing rule pempoly_drw_Offgrid
2026-09-15 21:08:47 +0530: Memory Usage (1437136K) : Executing rule fbe_drw_Offgrid
2026-09-15 21:08:47 +0530: Memory Usage (1437136K) : Executing rule empoly_drw_Offgrid
2026-09-15 21:08:47 +0530: Memory Usage (1437136K) : Executing rule ldmos_drw_Offgrid
2026-09-15 21:08:47 +0530: Memory Usage (1437136K) : Executing rule pbiwind_drw_Offgrid
2026-09-15 21:08:47 +0530: Memory Usage (1437136K) : Executing rule colopen_drw_Offgrid
2026-09-15 21:08:47 +0530: Memory Usage (1437136K) : Executing rule extblock_drw_Offgrid
2026-09-15 21:08:47 +0530: Memory Usage (1437136K) : Executing rule nldd_drw_Offgrid
2026-09-15 21:08:47 +0530: Memory Usage (1437136K) : Executing rule pldd_drw_Offgrid
2026-09-15 21:08:47 +0530: Memory Usage (1437136K) : Executing rule next_drw_Offgrid
2026-09-15 21:08:48 +0530: Memory Usage (1437136K) : Executing rule pext_drw_Offgrid
2026-09-15 21:08:48 +0530: Memory Usage (1437136K) : Executing rule nexthv_drw_Offgrid
2026-09-15 21:08:48 +0530: Memory Usage (1437136K) : Executing rule pexthv_drw_Offgrid
2026-09-15 21:08:48 +0530: Memory Usage (1437136K) : Executing rule graphgate_drw_Offgrid
2026-09-15 21:08:48 +0530: Memory Usage (1437136K) : Executing rule mempad_drw_Offgrid
2026-09-15 21:08:48 +0530: Memory Usage (1437136K) : Executing rule topvia1_drw_Offgrid
2026-09-15 21:08:48 +0530: Memory Usage (1437136K) : Executing rule topmetal1_drw_Offgrid
2026-09-15 21:08:48 +0530: Memory Usage (1437136K) : Executing rule topmetal1_mask_Offgrid
2026-09-15 21:08:48 +0530: Memory Usage (1437136K) : Executing rule topmetal1_filler_Offgrid
2026-09-15 21:08:48 +0530: Memory Usage (1437136K) : Executing rule topmetal1_slit_Offgrid
2026-09-15 21:08:48 +0530: Memory Usage (1437136K) : Executing rule topmetal1_noqrc_Offgrid
2026-09-15 21:08:48 +0530: Memory Usage (1437136K) : Executing rule topmetal1_res_Offgrid
2026-09-15 21:08:48 +0530: Memory Usage (1437136K) : Executing rule topmetal1_iprobe_Offgrid
2026-09-15 21:08:48 +0530: Memory Usage (1437136K) : Executing rule topmetal1_diffprb_Offgrid
2026-09-15 21:08:49 +0530: Memory Usage (1437136K) : Executing rule inldpwl_drw_Offgrid
2026-09-15 21:08:49 +0530: Memory Usage (1437136K) : Executing rule polyres_drw_Offgrid
2026-09-15 21:08:49 +0530: Memory Usage (1437136K) : Executing rule vmim_drw_Offgrid
2026-09-15 21:08:49 +0530: Memory Usage (1437136K) : Executing rule nbulaycut_drw_Offgrid
2026-09-15 21:08:49 +0530: Memory Usage (1437136K) : Executing rule antmetal1_drw_Offgrid
2026-09-15 21:08:49 +0530: Memory Usage (1437136K) : Executing rule topvia2_drw_Offgrid
2026-09-15 21:08:49 +0530: Memory Usage (1437136K) : Executing rule topmetal2_drw_Offgrid
2026-09-15 21:08:49 +0530: Memory Usage (1437136K) : Executing rule topmetal2_mask_Offgrid
2026-09-15 21:08:49 +0530: Memory Usage (1437136K) : Executing rule topmetal2_filler_Offgrid
2026-09-15 21:08:49 +0530: Memory Usage (1437136K) : Executing rule topmetal2_slit_Offgrid
2026-09-15 21:08:49 +0530: Memory Usage (1437136K) : Executing rule topmetal2_noqrc_Offgrid
2026-09-15 21:08:49 +0530: Memory Usage (1437136K) : Executing rule topmetal2_res_Offgrid
2026-09-15 21:08:49 +0530: Memory Usage (1437136K) : Executing rule topmetal2_iprobe_Offgrid
2026-09-15 21:08:49 +0530: Memory Usage (1437136K) : Executing rule topmetal2_diffprb_Offgrid
2026-09-15 21:08:49 +0530: Memory Usage (1437136K) : Executing rule snsring_drw_Offgrid
2026-09-15 21:08:49 +0530: Memory Usage (1437136K) : Executing rule sensor_drw_Offgrid
2026-09-15 21:08:49 +0530: Memory Usage (1437136K) : Executing rule snsarms_drw_Offgrid
2026-09-15 21:08:49 +0530: Memory Usage (1437136K) : Executing rule snscmosvia_drw_Offgrid
2026-09-15 21:08:49 +0530: Memory Usage (1437136K) : Executing rule colwind_drw_Offgrid
2026-09-15 21:08:50 +0530: Memory Usage (1437136K) : Executing rule flm_drw_Offgrid
2026-09-15 21:08:50 +0530: Memory Usage (1437136K) : Executing rule hafniumox_drw_Offgrid
2026-09-15 21:08:50 +0530: Memory Usage (1437136K) : Executing rule memvia_drw_Offgrid
2026-09-15 21:08:50 +0530: Memory Usage (1437136K) : Executing rule thinfilmres_drw_Offgrid
2026-09-15 21:08:50 +0530: Memory Usage (1437136K) : Executing rule rfmem_drw_Offgrid
2026-09-15 21:08:50 +0530: Memory Usage (1437136K) : Executing rule snsbotvia_drw_Offgrid
2026-09-15 21:08:50 +0530: Memory Usage (1437136K) : Executing rule snstopvia_drw_Offgrid
2026-09-15 21:08:50 +0530: Memory Usage (1437136K) : Executing rule deepvia_drw_Offgrid
2026-09-15 21:08:50 +0530: Memory Usage (1437136K) : Executing rule fgetch_drw_Offgrid
2026-09-15 21:08:50 +0530: Memory Usage (1437136K) : Executing rule ctrgat_drw_Offgrid
2026-09-15 21:08:50 +0530: Memory Usage (1437136K) : Executing rule fgimp_drw_Offgrid
2026-09-15 21:08:50 +0530: Memory Usage (1437136K) : Executing rule emwihv_drw_Offgrid
2026-09-15 21:08:50 +0530: Memory Usage (1437136K) : Executing rule lbe_drw_Offgrid
2026-09-15 21:08:50 +0530: Memory Usage (1437136K) : Executing rule alcustop_drw_Offgrid
2026-09-15 21:08:50 +0530: Memory Usage (1437136K) : Starting 3.2. angle table
2026-09-15 21:08:50 +0530: Memory Usage (1437136K) : Executing rule activ_drw_Acute
2026-09-15 21:08:51 +0530: Memory Usage (1437136K) : Executing rule activ_pin_Acute
2026-09-15 21:08:51 +0530: Memory Usage (1437136K) : Executing rule activ_mask_Acute
2026-09-15 21:08:51 +0530: Memory Usage (1437136K) : Executing rule activ_filler_Acute
2026-09-15 21:08:51 +0530: Memory Usage (1437136K) : Executing rule activ_nofill_Acute
2026-09-15 21:08:51 +0530: Memory Usage (1437136K) : Executing rule activ_opc_Acute
2026-09-15 21:08:52 +0530: Memory Usage (1437136K) : Executing rule activ_iopc_Acute
2026-09-15 21:08:52 +0530: Memory Usage (1437136K) : Executing rule activ_noqrc_Acute
2026-09-15 21:08:52 +0530: Memory Usage (1437136K) : Executing rule biwind_drw_Acute
2026-09-15 21:08:52 +0530: Memory Usage (1437136K) : Executing rule biwind_opc_Acute
2026-09-15 21:08:52 +0530: Memory Usage (1437136K) : Executing rule pemwind_drw_Acute
2026-09-15 21:08:52 +0530: Memory Usage (1437136K) : Executing rule gatpoly_drw_Acute
2026-09-15 21:08:52 +0530: Memory Usage (1437136K) : Executing rule gatpoly_pin_Acute
2026-09-15 21:08:52 +0530: Memory Usage (1437136K) : Executing rule gatpoly_filler_Acute
2026-09-15 21:08:52 +0530: Memory Usage (1437136K) : Executing rule gatpoly_nofill_Acute
2026-09-15 21:08:52 +0530: Memory Usage (1437136K) : Executing rule gatpoly_opc_Acute
2026-09-15 21:08:52 +0530: Memory Usage (1437136K) : Executing rule gatpoly_iopc_Acute
2026-09-15 21:08:52 +0530: Memory Usage (1437136K) : Executing rule gatpoly_noqrc_Acute
2026-09-15 21:08:52 +0530: Memory Usage (1437136K) : Executing rule cont_drw_Acute
2026-09-15 21:08:58 +0530: Memory Usage (1438448K) : Executing rule cont_opc_Acute
2026-09-15 21:08:58 +0530: Memory Usage (1438448K) : Executing rule nsd_drw_Acute
2026-09-15 21:08:58 +0530: Memory Usage (1438448K) : Executing rule nsd_block_Acute
2026-09-15 21:08:58 +0530: Memory Usage (1438448K) : Executing rule metal1_drw_Acute
2026-09-15 21:09:00 +0530: Memory Usage (1438448K) : Executing rule metal1_pin_Acute
2026-09-15 21:09:02 +0530: Memory Usage (1438132K) : Executing rule metal1_mask_Acute
2026-09-15 21:09:02 +0530: Memory Usage (1438132K) : Executing rule metal1_filler_Acute
2026-09-15 21:09:02 +0530: Memory Usage (1438132K) : Executing rule metal1_nofill_Acute
2026-09-15 21:09:02 +0530: Memory Usage (1438132K) : Executing rule metal1_slit_Acute
2026-09-15 21:09:02 +0530: Memory Usage (1438132K) : Executing rule metal1_opc_Acute
2026-09-15 21:09:02 +0530: Memory Usage (1438132K) : Executing rule metal1_noqrc_Acute
2026-09-15 21:09:02 +0530: Memory Usage (1438132K) : Executing rule metal1_res_Acute
2026-09-15 21:09:02 +0530: Memory Usage (1438132K) : Executing rule metal1_iprobe_Acute
2026-09-15 21:09:03 +0530: Memory Usage (1438132K) : Executing rule metal1_diffprb_Acute
2026-09-15 21:09:03 +0530: Memory Usage (1438132K) : Executing rule passiv_drw_Acute
2026-09-15 21:09:03 +0530: Memory Usage (1438132K) : Executing rule passiv_pin_Acute
2026-09-15 21:09:03 +0530: Memory Usage (1438132K) : Executing rule passiv_pillar_Acute
2026-09-15 21:09:03 +0530: Memory Usage (1438132K) : Executing rule passiv_sbump_Acute
2026-09-15 21:09:03 +0530: Memory Usage (1438132K) : Executing rule passiv_pdl_Acute
2026-09-15 21:09:03 +0530: Memory Usage (1438132K) : Executing rule metal2_drw_Acute
2026-09-15 21:09:04 +0530: Memory Usage (1438132K) : Executing rule metal2_pin_Acute
2026-09-15 21:09:04 +0530: Memory Usage (1438132K) : Executing rule metal2_mask_Acute
2026-09-15 21:09:04 +0530: Memory Usage (1438132K) : Executing rule metal2_filler_Acute
2026-09-15 21:09:04 +0530: Memory Usage (1438132K) : Executing rule metal2_nofill_Acute
2026-09-15 21:09:05 +0530: Memory Usage (1438132K) : Executing rule metal2_slit_Acute
2026-09-15 21:09:05 +0530: Memory Usage (1438132K) : Executing rule metal2_opc_Acute
2026-09-15 21:09:05 +0530: Memory Usage (1438132K) : Executing rule metal2_noqrc_Acute
2026-09-15 21:09:05 +0530: Memory Usage (1438132K) : Executing rule metal2_res_Acute
2026-09-15 21:09:05 +0530: Memory Usage (1438132K) : Executing rule metal2_iprobe_Acute
2026-09-15 21:09:05 +0530: Memory Usage (1438132K) : Executing rule metal2_diffprb_Acute
2026-09-15 21:09:05 +0530: Memory Usage (1438132K) : Executing rule baspoly_drw_Acute
2026-09-15 21:09:05 +0530: Memory Usage (1438132K) : Executing rule baspoly_pin_Acute
2026-09-15 21:09:05 +0530: Memory Usage (1438132K) : Executing rule psd_drw_Acute
2026-09-15 21:09:06 +0530: Memory Usage (1438132K) : Executing rule nldb_drw_Acute
2026-09-15 21:09:06 +0530: Memory Usage (1438132K) : Executing rule via1_drw_Acute
2026-09-15 21:09:06 +0530: Memory Usage (1438132K) : Executing rule backmetal1_drw_Acute
2026-09-15 21:09:06 +0530: Memory Usage (1438132K) : Executing rule backmetal1_pin_Acute
2026-09-15 21:09:06 +0530: Memory Usage (1438132K) : Executing rule backmetal1_mask_Acute
2026-09-15 21:09:06 +0530: Memory Usage (1438132K) : Executing rule backmetal1_filler_Acute
2026-09-15 21:09:06 +0530: Memory Usage (1438132K) : Executing rule backmetal1_nofill_Acute
2026-09-15 21:09:07 +0530: Memory Usage (1438132K) : Executing rule backmetal1_slit_Acute
2026-09-15 21:09:07 +0530: Memory Usage (1438132K) : Executing rule backmetal1_opc_Acute
2026-09-15 21:09:07 +0530: Memory Usage (1438132K) : Executing rule backmetal1_noqrc_Acute
2026-09-15 21:09:07 +0530: Memory Usage (1438132K) : Executing rule backmetal1_res_Acute
2026-09-15 21:09:07 +0530: Memory Usage (1438132K) : Executing rule backmetal1_iprobe_Acute
2026-09-15 21:09:07 +0530: Memory Usage (1438132K) : Executing rule backmetal1_diffprb_Acute
2026-09-15 21:09:07 +0530: Memory Usage (1438132K) : Executing rule backpassiv_drw_Acute
2026-09-15 21:09:07 +0530: Memory Usage (1438132K) : Executing rule salblock_drw_Acute
2026-09-15 21:09:07 +0530: Memory Usage (1438132K) : Executing rule via2_drw_Acute
2026-09-15 21:09:07 +0530: Memory Usage (1438132K) : Executing rule metal3_drw_Acute
2026-09-15 21:09:08 +0530: Memory Usage (1438132K) : Executing rule metal3_pin_Acute
2026-09-15 21:09:08 +0530: Memory Usage (1438132K) : Executing rule metal3_mask_Acute
2026-09-15 21:09:08 +0530: Memory Usage (1438132K) : Executing rule metal3_filler_Acute
2026-09-15 21:09:08 +0530: Memory Usage (1438132K) : Executing rule metal3_nofill_Acute
2026-09-15 21:09:08 +0530: Memory Usage (1438132K) : Executing rule metal3_slit_Acute
2026-09-15 21:09:08 +0530: Memory Usage (1438132K) : Executing rule metal3_opc_Acute
2026-09-15 21:09:09 +0530: Memory Usage (1438132K) : Executing rule metal3_noqrc_Acute
2026-09-15 21:09:09 +0530: Memory Usage (1438132K) : Executing rule metal3_res_Acute
2026-09-15 21:09:09 +0530: Memory Usage (1438132K) : Executing rule metal3_iprobe_Acute
2026-09-15 21:09:09 +0530: Memory Usage (1438132K) : Executing rule metal3_diffprb_Acute
2026-09-15 21:09:09 +0530: Memory Usage (1438132K) : Executing rule nwell_drw_Acute
2026-09-15 21:09:09 +0530: Memory Usage (1438132K) : Executing rule nwell_pin_Acute
2026-09-15 21:09:09 +0530: Memory Usage (1438132K) : Executing rule nbulay_drw_Acute
2026-09-15 21:09:09 +0530: Memory Usage (1438132K) : Executing rule nbulay_pin_Acute
2026-09-15 21:09:10 +0530: Memory Usage (1438132K) : Executing rule nbulay_block_Acute
2026-09-15 21:09:10 +0530: Memory Usage (1438132K) : Executing rule pwell_drw_Acute
2026-09-15 21:09:10 +0530: Memory Usage (1438132K) : Executing rule pwell_pin_Acute
2026-09-15 21:09:10 +0530: Memory Usage (1438132K) : Executing rule pwell_block_Acute
2026-09-15 21:09:10 +0530: Memory Usage (1438132K) : Executing rule emwind_drw_Acute
2026-09-15 21:09:10 +0530: Memory Usage (1438132K) : Executing rule emwind_opc_Acute
2026-09-15 21:09:10 +0530: Memory Usage (1438132K) : Executing rule deepco_drw_Acute
2026-09-15 21:09:10 +0530: Memory Usage (1438132K) : Executing rule mim_drw_Acute
2026-09-15 21:09:10 +0530: Memory Usage (1438132K) : Executing rule substrate_drw_Acute
2026-09-15 21:09:10 +0530: Memory Usage (1438132K) : Executing rule ic_drw_Acute
2026-09-15 21:09:10 +0530: Memory Usage (1438132K) : Executing rule via3_drw_Acute
2026-09-15 21:09:10 +0530: Memory Usage (1438132K) : Executing rule pldb_drw_Acute
2026-09-15 21:09:10 +0530: Memory Usage (1438132K) : Executing rule metal4_drw_Acute
2026-09-15 21:09:11 +0530: Memory Usage (1438132K) : Executing rule metal4_pin_Acute
2026-09-15 21:09:11 +0530: Memory Usage (1438132K) : Executing rule metal4_mask_Acute
2026-09-15 21:09:11 +0530: Memory Usage (1438132K) : Executing rule metal4_filler_Acute
2026-09-15 21:09:11 +0530: Memory Usage (1438132K) : Executing rule metal4_nofill_Acute
2026-09-15 21:09:11 +0530: Memory Usage (1438132K) : Executing rule metal4_slit_Acute
2026-09-15 21:09:11 +0530: Memory Usage (1438132K) : Executing rule metal4_opc_Acute
2026-09-15 21:09:11 +0530: Memory Usage (1438132K) : Executing rule metal4_noqrc_Acute
2026-09-15 21:09:11 +0530: Memory Usage (1438132K) : Executing rule metal4_res_Acute
2026-09-15 21:09:11 +0530: Memory Usage (1438132K) : Executing rule metal4_iprobe_Acute
2026-09-15 21:09:11 +0530: Memory Usage (1438132K) : Executing rule metal4_diffprb_Acute
2026-09-15 21:09:11 +0530: Memory Usage (1438132K) : Executing rule via4_drw_Acute
2026-09-15 21:09:11 +0530: Memory Usage (1438132K) : Executing rule metal5_drw_Acute
2026-09-15 21:09:12 +0530: Memory Usage (1438132K) : Executing rule metal5_pin_Acute
2026-09-15 21:09:12 +0530: Memory Usage (1438132K) : Executing rule metal5_mask_Acute
2026-09-15 21:09:12 +0530: Memory Usage (1438132K) : Executing rule metal5_filler_Acute
2026-09-15 21:09:12 +0530: Memory Usage (1438132K) : Executing rule metal5_nofill_Acute
2026-09-15 21:09:12 +0530: Memory Usage (1438132K) : Executing rule metal5_slit_Acute
2026-09-15 21:09:12 +0530: Memory Usage (1438132K) : Executing rule metal5_opc_Acute
2026-09-15 21:09:12 +0530: Memory Usage (1438132K) : Executing rule metal5_noqrc_Acute
2026-09-15 21:09:12 +0530: Memory Usage (1438132K) : Executing rule metal5_res_Acute
2026-09-15 21:09:12 +0530: Memory Usage (1438132K) : Executing rule metal5_iprobe_Acute
2026-09-15 21:09:12 +0530: Memory Usage (1438132K) : Executing rule metal5_diffprb_Acute
2026-09-15 21:09:12 +0530: Memory Usage (1438132K) : Executing rule prboundary_drw_Acute
2026-09-15 21:09:12 +0530: Memory Usage (1438132K) : Executing rule exchange0_drw_Acute
2026-09-15 21:09:12 +0530: Memory Usage (1438132K) : Executing rule exchange0_pin_Acute
2026-09-15 21:09:13 +0530: Memory Usage (1438132K) : Executing rule exchange1_drw_Acute
2026-09-15 21:09:13 +0530: Memory Usage (1438132K) : Executing rule exchange1_pin_Acute
2026-09-15 21:09:13 +0530: Memory Usage (1438132K) : Executing rule exchange2_drw_Acute
2026-09-15 21:09:13 +0530: Memory Usage (1438132K) : Executing rule exchange2_pin_Acute
2026-09-15 21:09:13 +0530: Memory Usage (1438132K) : Executing rule exchange3_drw_Acute
2026-09-15 21:09:13 +0530: Memory Usage (1438132K) : Executing rule exchange3_pin_Acute
2026-09-15 21:09:13 +0530: Memory Usage (1438132K) : Executing rule exchange4_drw_Acute
2026-09-15 21:09:13 +0530: Memory Usage (1438132K) : Executing rule exchange4_pin_Acute
2026-09-15 21:09:13 +0530: Memory Usage (1438132K) : Executing rule isonwell_drw_Acute
2026-09-15 21:09:13 +0530: Memory Usage (1438132K) : Executing rule thickgateox_drw_Acute
2026-09-15 21:09:13 +0530: Memory Usage (1438132K) : Executing rule pempoly_drw_Acute
2026-09-15 21:09:13 +0530: Memory Usage (1438132K) : Executing rule fbe_drw_Acute
2026-09-15 21:09:13 +0530: Memory Usage (1438132K) : Executing rule empoly_drw_Acute
2026-09-15 21:09:13 +0530: Memory Usage (1438132K) : Executing rule ldmos_drw_Acute
2026-09-15 21:09:13 +0530: Memory Usage (1438132K) : Executing rule pbiwind_drw_Acute
2026-09-15 21:09:14 +0530: Memory Usage (1438132K) : Executing rule colopen_drw_Acute
2026-09-15 21:09:14 +0530: Memory Usage (1438132K) : Executing rule extblock_drw_Acute
2026-09-15 21:09:14 +0530: Memory Usage (1438132K) : Executing rule nldd_drw_Acute
2026-09-15 21:09:14 +0530: Memory Usage (1438132K) : Executing rule pldd_drw_Acute
2026-09-15 21:09:14 +0530: Memory Usage (1438132K) : Executing rule next_drw_Acute
2026-09-15 21:09:14 +0530: Memory Usage (1438132K) : Executing rule pext_drw_Acute
2026-09-15 21:09:14 +0530: Memory Usage (1438132K) : Executing rule nexthv_drw_Acute
2026-09-15 21:09:14 +0530: Memory Usage (1438132K) : Executing rule pexthv_drw_Acute
2026-09-15 21:09:14 +0530: Memory Usage (1438132K) : Executing rule graphgate_drw_Acute
2026-09-15 21:09:14 +0530: Memory Usage (1438132K) : Executing rule mempad_drw_Acute
2026-09-15 21:09:14 +0530: Memory Usage (1438132K) : Executing rule topvia1_drw_Acute
2026-09-15 21:09:14 +0530: Memory Usage (1438132K) : Executing rule topmetal1_drw_Acute
2026-09-15 21:09:14 +0530: Memory Usage (1438132K) : Executing rule topmetal1_pin_Acute
2026-09-15 21:09:15 +0530: Memory Usage (1438132K) : Executing rule topmetal1_mask_Acute
2026-09-15 21:09:15 +0530: Memory Usage (1438132K) : Executing rule topmetal1_filler_Acute
2026-09-15 21:09:15 +0530: Memory Usage (1438132K) : Executing rule topmetal1_nofill_Acute
2026-09-15 21:09:15 +0530: Memory Usage (1438132K) : Executing rule topmetal1_slit_Acute
2026-09-15 21:09:15 +0530: Memory Usage (1438132K) : Executing rule topmetal1_noqrc_Acute
2026-09-15 21:09:15 +0530: Memory Usage (1438132K) : Executing rule topmetal1_res_Acute
2026-09-15 21:09:15 +0530: Memory Usage (1438132K) : Executing rule topmetal1_iprobe_Acute
2026-09-15 21:09:15 +0530: Memory Usage (1438132K) : Executing rule topmetal1_diffprb_Acute
2026-09-15 21:09:15 +0530: Memory Usage (1438132K) : Executing rule inldpwl_drw_Acute
2026-09-15 21:09:15 +0530: Memory Usage (1438132K) : Executing rule polyres_drw_Acute
2026-09-15 21:09:15 +0530: Memory Usage (1438132K) : Executing rule polyres_pin_Acute
2026-09-15 21:09:15 +0530: Memory Usage (1438132K) : Executing rule vmim_drw_Acute
2026-09-15 21:09:15 +0530: Memory Usage (1438132K) : Executing rule nbulaycut_drw_Acute
2026-09-15 21:09:15 +0530: Memory Usage (1438132K) : Executing rule antmetal1_drw_Acute
2026-09-15 21:09:16 +0530: Memory Usage (1438132K) : Executing rule topvia2_drw_Acute
2026-09-15 21:09:16 +0530: Memory Usage (1438132K) : Executing rule topmetal2_drw_Acute
2026-09-15 21:09:16 +0530: Memory Usage (1438132K) : Executing rule topmetal2_pin_Acute
2026-09-15 21:09:16 +0530: Memory Usage (1438132K) : Executing rule topmetal2_mask_Acute
2026-09-15 21:09:16 +0530: Memory Usage (1438132K) : Executing rule topmetal2_filler_Acute
2026-09-15 21:09:16 +0530: Memory Usage (1438132K) : Executing rule topmetal2_nofill_Acute
2026-09-15 21:09:16 +0530: Memory Usage (1438132K) : Executing rule topmetal2_slit_Acute
2026-09-15 21:09:16 +0530: Memory Usage (1438132K) : Executing rule topmetal2_noqrc_Acute
2026-09-15 21:09:16 +0530: Memory Usage (1438132K) : Executing rule topmetal2_res_Acute
2026-09-15 21:09:16 +0530: Memory Usage (1438132K) : Executing rule topmetal2_iprobe_Acute
2026-09-15 21:09:16 +0530: Memory Usage (1438132K) : Executing rule topmetal2_diffprb_Acute
2026-09-15 21:09:16 +0530: Memory Usage (1438132K) : Executing rule snsring_drw_Acute
2026-09-15 21:09:16 +0530: Memory Usage (1438132K) : Executing rule sensor_drw_Acute
2026-09-15 21:09:16 +0530: Memory Usage (1438132K) : Executing rule snsarms_drw_Acute
2026-09-15 21:09:16 +0530: Memory Usage (1438132K) : Executing rule snscmosvia_drw_Acute
2026-09-15 21:09:17 +0530: Memory Usage (1438132K) : Executing rule colwind_drw_Acute
2026-09-15 21:09:17 +0530: Memory Usage (1438132K) : Executing rule flm_drw_Acute
2026-09-15 21:09:17 +0530: Memory Usage (1438132K) : Executing rule hafniumox_drw_Acute
2026-09-15 21:09:17 +0530: Memory Usage (1438132K) : Executing rule memvia_drw_Acute
2026-09-15 21:09:17 +0530: Memory Usage (1438132K) : Executing rule thinfilmres_drw_Acute
2026-09-15 21:09:17 +0530: Memory Usage (1438132K) : Executing rule rfmem_drw_Acute
2026-09-15 21:09:17 +0530: Memory Usage (1438132K) : Executing rule snsbotvia_drw_Acute
2026-09-15 21:09:17 +0530: Memory Usage (1438132K) : Executing rule snstopvia_drw_Acute
2026-09-15 21:09:17 +0530: Memory Usage (1438132K) : Executing rule deepvia_drw_Acute
2026-09-15 21:09:17 +0530: Memory Usage (1438132K) : Executing rule fgetch_drw_Acute
2026-09-15 21:09:17 +0530: Memory Usage (1438132K) : Executing rule ctrgat_drw_Acute
2026-09-15 21:09:17 +0530: Memory Usage (1438132K) : Executing rule fgimp_drw_Acute
2026-09-15 21:09:17 +0530: Memory Usage (1438132K) : Executing rule emwihv_drw_Acute
2026-09-15 21:09:17 +0530: Memory Usage (1438132K) : Executing rule lbe_drw_Acute
2026-09-15 21:09:17 +0530: Memory Usage (1438132K) : Executing rule alcustop_drw_Acute
2026-09-15 21:09:18 +0530: Memory Usage (1438132K) : Executing rule cont_drw_Angle90
2026-09-15 21:09:33 +0530: Memory Usage (2125236K) : Executing rule via1_drw_Angle90
2026-09-15 21:09:34 +0530: Memory Usage (2125104K) : Executing rule via2_drw_Angle90
2026-09-15 21:09:34 +0530: Memory Usage (1942024K) : Executing rule via3_drw_Angle90
2026-09-15 21:09:34 +0530: Memory Usage (1942024K) : Executing rule via4_drw_Angle90
2026-09-15 21:09:34 +0530: Memory Usage (1942152K) : Executing rule vmim_drw_Angle90
2026-09-15 21:09:35 +0530: Memory Usage (1942152K) : Executing rule topvia1_drw_Angle90
2026-09-15 21:09:35 +0530: Memory Usage (1942024K) : Executing rule topvia2_drw_Angle90
2026-09-15 21:09:35 +0530: Memory Usage (1942024K) : Executing rule gatpoly_drw_Angle45
2026-09-15 21:09:35 +0530: Memory Usage (1950344K) : Executing rule activ_drw_Angle45
2026-09-15 21:09:39 +0530: Memory Usage (1984904K) : Executing rule metal1_drw_Angle45
2026-09-15 21:09:50 +0530: Memory Usage (2042848K) : Executing rule metal2_drw_Angle45
2026-09-15 21:09:54 +0530: Memory Usage (2046688K) : Executing rule metal3_drw_Angle45
2026-09-15 21:09:55 +0530: Memory Usage (2064224K) : Executing rule metal4_drw_Angle45
2026-09-15 21:09:56 +0530: Memory Usage (2064224K) : Executing rule metal5_drw_Angle45
2026-09-15 21:09:56 +0530: Memory Usage (2064092K) : Executing rule topmetal1_drw_Angle45
2026-09-15 21:09:57 +0530: Memory Usage (2064092K) : Executing rule topmetal2_drw_Angle45
2026-09-15 21:09:57 +0530: Memory Usage (2064092K) : Starting 3.2. FORBIDDEN table
2026-09-15 21:09:57 +0530: Memory Usage (2064092K) : Executing rule forbidden.biwind
2026-09-15 21:09:57 +0530: Memory Usage (2064092K) : Executing rule forbidden.pemwind
2026-09-15 21:09:57 +0530: Memory Usage (2064092K) : Executing rule forbidden.baspoly
2026-09-15 21:09:57 +0530: Memory Usage (2064092K) : Executing rule forbidden.deepco
2026-09-15 21:09:57 +0530: Memory Usage (2064092K) : Executing rule forbidden.pempoly
2026-09-15 21:09:57 +0530: Memory Usage (2064092K) : Executing rule forbidden.empoly
2026-09-15 21:09:57 +0530: Memory Usage (2064092K) : Executing rule forbidden.ldmos
2026-09-15 21:09:57 +0530: Memory Usage (2064092K) : Executing rule forbidden.pbiwind
2026-09-15 21:09:57 +0530: Memory Usage (2064092K) : Executing rule forbidden.nodrc
2026-09-15 21:09:57 +0530: Memory Usage (2064092K) : Executing rule forbidden.flash
2026-09-15 21:09:57 +0530: Memory Usage (2064092K) : Executing rule forbidden.colwind
2026-09-15 21:09:57 +0530: Memory Usage (2064092K) : KLayout DRC run for tables 'main' completed in 255.89 seconds
