Starting…
Running 'Verilator.Lint' at 'runs/run_1/01-verilator-lint'…
Logging subprocess to [repr.filename]'runs/run_1/01-verilator-lint/verilator-lint.log'[/repr.filename]…
Running 'Checker.LintTimingConstructs' at 'runs/run_1/02-checker-linttimingconstructs'…
Check for Lint Timing Errors clear.
Running 'Checker.LintErrors' at 'runs/run_1/03-checker-linterrors'…
Check for Lint errors clear.
Running 'Checker.LintWarnings' at 'runs/run_1/04-checker-lintwarnings'…
118 Lint warnings found.
Running 'Yosys.JsonHeader' at 'runs/run_1/05-yosys-jsonheader'…
Logging subprocess to [repr.filename]'runs/run_1/05-yosys-jsonheader/yosys-jsonheader.log'[/repr.filename]…
Running 'Yosys.Synthesis' at 'runs/run_1/06-yosys-synthesis'…
Logging subprocess to [repr.filename]'runs/run_1/06-yosys-synthesis/yosys-synthesis.log'[/repr.filename]…
Parsing synthesis checks…
Parsing synthesis checks…
Running 'Checker.YosysUnmappedCells' at 'runs/run_1/07-checker-yosysunmappedcells'…
Check for Unmapped Yosys instances clear.
Running 'Checker.YosysSynthChecks' at 'runs/run_1/08-checker-yosyssynthchecks'…
Check for Yosys check errors clear.
Running 'Checker.NetlistAssignStatements' at 'runs/run_1/09-checker-netlistassignstatements'…
Running 'OpenROAD.CheckSDCFiles' at 'runs/run_1/10-openroad-checksdcfiles'…
Running 'OpenROAD.CheckMacroInstances' at 'runs/run_1/11-openroad-checkmacroinstances'…
Netlists found for macro RM_IHPSG13_1P_1024x32_c2_bm_bist, but no parasitics extraction found at corner nom_slow_1p08V_125C. The netlist cannot be used for timing on this module.
Logging subprocess to [repr.filename]'runs/run_1/11-openroad-checkmacroinstances/openroad-checkmacroinstances.log'[/repr.filename]…
Running 'OpenROAD.STAPrePNR' at 'runs/run_1/12-openroad-staprepnr'…
Netlists found for macro RM_IHPSG13_1P_1024x32_c2_bm_bist, but no parasitics extraction found at corner nom_fast_1p32V_m40C. The netlist cannot be used for timing on this module.
Starting STA for the nom_fast_1p32V_m40C timing corner…
Netlists found for macro RM_IHPSG13_1P_1024x32_c2_bm_bist, but no parasitics extraction found at corner nom_slow_1p08V_125C. The netlist cannot be used for timing on this module.
Starting STA for the nom_slow_1p08V_125C timing corner…
Netlists found for macro RM_IHPSG13_1P_1024x32_c2_bm_bist, but no parasitics extraction found at corner nom_typ_1p20V_25C. The netlist cannot be used for timing on this module.
Starting STA for the nom_typ_1p20V_25C timing corner…
Logging subprocess to [repr.filename]'runs/run_1/12-openroad-staprepnr/nom_fast_1p32V_m40C/sta.log'[/repr.filename]…
Logging subprocess to [repr.filename]'runs/run_1/12-openroad-staprepnr/nom_slow_1p08V_125C/sta.log'[/repr.filename]…
Logging subprocess to [repr.filename]'runs/run_1/12-openroad-staprepnr/nom_typ_1p20V_25C/sta.log'[/repr.filename]…
Finished STA for the nom_typ_1p20V_25C timing corner.
Finished STA for the nom_fast_1p32V_m40C timing corner.
Finished STA for the nom_slow_1p08V_125C timing corner.
Running 'OpenROAD.Floorplan' at 'runs/run_1/13-openroad-floorplan'…
Logging subprocess to [repr.filename]'runs/run_1/13-openroad-floorplan/openroad-floorplan.log'[/repr.filename]…
Running 'OpenROAD.DumpRCValues' at 'runs/run_1/14-openroad-dumprcvalues'…
Logging subprocess to [repr.filename]'runs/run_1/14-openroad-dumprcvalues/openroad-dumprcvalues.log'[/repr.filename]…
Running 'Odb.CheckMacroAntennaProperties' at 'runs/run_1/15-odb-checkmacroantennaproperties'…
Logging subprocess to [repr.filename]'runs/run_1/15-odb-checkmacroantennaproperties/odb-checkmacroantennaproperties.log'[/repr.filename]…
Running 'Odb.SetPowerConnections' at 'runs/run_1/16-odb-setpowerconnections'…
Logging subprocess to [repr.filename]'runs/run_1/16-odb-setpowerconnections/odb-setpowerconnections.log'[/repr.filename]…
Running 'Odb.ManualMacroPlacement' at 'runs/run_1/17-odb-manualmacroplacement'…
Logging subprocess to [repr.filename]'runs/run_1/17-odb-manualmacroplacement/odb-manualmacroplacement.log'[/repr.filename]…
Running 'OpenROAD.CutRows' at 'runs/run_1/18-openroad-cutrows'…
Logging subprocess to [repr.filename]'runs/run_1/18-openroad-cutrows/openroad-cutrows.log'[/repr.filename]…
Running 'OpenROAD.TapEndcapInsertion' at 'runs/run_1/19-openroad-tapendcapinsertion'…
Logging subprocess to [repr.filename]'runs/run_1/19-openroad-tapendcapinsertion/openroad-tapendcapinsertion.log'[/repr.filename]…
Running 'Odb.AddPDNObstructions' at 'runs/run_1/20-odb-addpdnobstructions'…
'PDN_OBSTRUCTIONS' is not defined. Skipping 'Odb.AddPDNObstructions'…
Running 'OpenROAD.GeneratePDN' at 'runs/run_1/21-openroad-generatepdn'…
Logging subprocess to [repr.filename]'runs/run_1/21-openroad-generatepdn/openroad-generatepdn.log'[/repr.filename]…
Running 'Odb.RemovePDNObstructions' at 'runs/run_1/22-odb-removepdnobstructions'…
'PDN_OBSTRUCTIONS' is not defined. Skipping 'Odb.RemovePDNObstructions'…
Running 'Odb.AddRoutingObstructions' at 'runs/run_1/23-odb-addroutingobstructions'…
'ROUTING_OBSTRUCTIONS' is not defined. Skipping 'Odb.AddRoutingObstructions'…
Running 'OpenROAD.GlobalPlacementSkipIO' at 'runs/run_1/24-openroad-globalplacementskipio'…
I/O pins to be placed from /home/jaikrishn/Documents/hardware/picorv32_axi4lite_port/phyisical_design/macros/ram/pin_order.cfg. Returning state unaltered…
Running 'OpenROAD.IOPlacement' at 'runs/run_1/25-openroad-ioplacement'…
IO_PIN_ORDER_CFG is set. Skipping 'OpenROAD.IOPlacement'…
Running 'Odb.CustomIOPlacement' at 'runs/run_1/26-odb-customioplacement'…
Logging subprocess to [repr.filename]'runs/run_1/26-odb-customioplacement/odb-customioplacement.log'[/repr.filename]…
# not found in design but found in config.
------------------------------------------------------------ not found in design but found in config.
Running 'Odb.ApplyDEFTemplate' at 'runs/run_1/27-odb-applydeftemplate'…
No DEF template provided, skipping 'Odb.ApplyDEFTemplate'…
Running 'OpenROAD.GlobalPlacement' at 'runs/run_1/28-openroad-globalplacement'…
'PL_TARGET_DENSITY_PCT' not explicitly set, using dynamically calculated target density: 45.190500…
Logging subprocess to [repr.filename]'runs/run_1/28-openroad-globalplacement/openroad-globalplacement.log'[/repr.filename]…
Running 'Odb.WriteVerilogHeader' at 'runs/run_1/29-odb-writeverilogheader'…
Logging subprocess to [repr.filename]'runs/run_1/29-odb-writeverilogheader/odb-writeverilogheader.log'[/repr.filename]…
Running 'Checker.PowerGridViolations' at 'runs/run_1/30-checker-powergridviolations'…
Check for power grid violations (as reported by OpenROAD PSM- you may ignore these if LVS passes) clear.
Running 'OpenROAD.STAMidPNR' at 'runs/run_1/31-openroad-stamidpnr'…
Logging subprocess to [repr.filename]'runs/run_1/31-openroad-stamidpnr/openroad-stamidpnr.log'[/repr.filename]…
Running 'OpenROAD.RepairDesignPostGPL' at 'runs/run_1/32-openroad-repairdesignpostgpl'…
Logging subprocess to [repr.filename]'runs/run_1/32-openroad-repairdesignpostgpl/openroad-repairdesignpostgpl.log'[/repr.filename]…
[STA-1140] /home/jaikrishn/IHP-Open-PDK/ihp-sg13g2/libs.ref/sg13g2_sram/lib/RM_IHPSG13_1P_1024x32_c2_bm_bist_slow_1p08V_125C.lib line 20, library RM_IHPSG13_1P_1024x32_c2_bm_bist_slow_1p08V_125C already exists.
[STA-1140] /home/jaikrishn/IHP-Open-PDK/ihp-sg13g2/libs.ref/sg13g2_sram/lib/RM_IHPSG13_1P_1024x32_c2_bm_bist_slow_1p08V_125C.lib line 20, library RM_IHPSG13_1P_1024x32_c2_bm_bist_slow_1p08V_125C already exists.
Running 'Odb.ManualGlobalPlacement' at 'runs/run_1/33-odb-manualglobalplacement'…
'MANUAL_GLOBAL_PLACEMENTS' not set. Skipping 'Odb.ManualGlobalPlacement'…
Running 'OpenROAD.DetailedPlacement' at 'runs/run_1/34-openroad-detailedplacement'…
Logging subprocess to [repr.filename]'runs/run_1/34-openroad-detailedplacement/openroad-detailedplacement.log'[/repr.filename]…
Running 'OpenROAD.CTS' at 'runs/run_1/35-openroad-cts'…
Logging subprocess to [repr.filename]'runs/run_1/35-openroad-cts/openroad-cts.log'[/repr.filename]…
[STA-1140] /home/jaikrishn/IHP-Open-PDK/ihp-sg13g2/libs.ref/sg13g2_sram/lib/RM_IHPSG13_1P_1024x32_c2_bm_bist_slow_1p08V_125C.lib line 20, library RM_IHPSG13_1P_1024x32_c2_bm_bist_slow_1p08V_125C already exists.
[STA-1140] /home/jaikrishn/IHP-Open-PDK/ihp-sg13g2/libs.ref/sg13g2_sram/lib/RM_IHPSG13_1P_1024x32_c2_bm_bist_slow_1p08V_125C.lib line 20, library RM_IHPSG13_1P_1024x32_c2_bm_bist_slow_1p08V_125C already exists.
Running 'OpenROAD.STAMidPNR-1' at 'runs/run_1/36-openroad-stamidpnr-1'…
Logging subprocess to [repr.filename]'runs/run_1/36-openroad-stamidpnr-1/openroad-stamidpnr-1.log'[/repr.filename]…
Running 'OpenROAD.ResizerTimingPostCTS' at 'runs/run_1/37-openroad-resizertimingpostcts'…
Logging subprocess to [repr.filename]'runs/run_1/37-openroad-resizertimingpostcts/openroad-resizertimingpostcts.log'[/repr.filename]…
[STA-1140] /home/jaikrishn/IHP-Open-PDK/ihp-sg13g2/libs.ref/sg13g2_sram/lib/RM_IHPSG13_1P_1024x32_c2_bm_bist_slow_1p08V_125C.lib line 20, library RM_IHPSG13_1P_1024x32_c2_bm_bist_slow_1p08V_125C already exists.
[STA-1140] /home/jaikrishn/IHP-Open-PDK/ihp-sg13g2/libs.ref/sg13g2_sram/lib/RM_IHPSG13_1P_1024x32_c2_bm_bist_slow_1p08V_125C.lib line 20, library RM_IHPSG13_1P_1024x32_c2_bm_bist_slow_1p08V_125C already exists.
Running 'OpenROAD.STAMidPNR-2' at 'runs/run_1/38-openroad-stamidpnr-2'…
Logging subprocess to [repr.filename]'runs/run_1/38-openroad-stamidpnr-2/openroad-stamidpnr-2.log'[/repr.filename]…
Running 'OpenROAD.GlobalRouting' at 'runs/run_1/39-openroad-globalrouting'…
Logging subprocess to [repr.filename]'runs/run_1/39-openroad-globalrouting/openroad-globalrouting.log'[/repr.filename]…
Running 'OpenROAD.CheckAntennas' at 'runs/run_1/40-openroad-checkantennas'…
Logging subprocess to [repr.filename]'runs/run_1/40-openroad-checkantennas/openroad-checkantennas.log'[/repr.filename]…
Running 'OpenROAD.RepairDesignPostGRT' at 'runs/run_1/41-openroad-repairdesignpostgrt'…
Logging subprocess to [repr.filename]'runs/run_1/41-openroad-repairdesignpostgrt/openroad-repairdesignpostgrt.log'[/repr.filename]…
[STA-1140] /home/jaikrishn/IHP-Open-PDK/ihp-sg13g2/libs.ref/sg13g2_sram/lib/RM_IHPSG13_1P_1024x32_c2_bm_bist_slow_1p08V_125C.lib line 20, library RM_IHPSG13_1P_1024x32_c2_bm_bist_slow_1p08V_125C already exists.
[STA-1140] /home/jaikrishn/IHP-Open-PDK/ihp-sg13g2/libs.ref/sg13g2_sram/lib/RM_IHPSG13_1P_1024x32_c2_bm_bist_slow_1p08V_125C.lib line 20, library RM_IHPSG13_1P_1024x32_c2_bm_bist_slow_1p08V_125C already exists.
Running 'Odb.DiodesOnPorts' at 'runs/run_1/42-odb-diodesonports'…
'DIODE_ON_PORTS' is set to 'none': skipping 'Odb.DiodesOnPorts'…
Gating variable for step 'Odb.HeuristicDiodeInsertion' set to 'False'- the step will be skipped.
Skipping step 'Heuristic Diode Insertion'…
Running 'OpenROAD.RepairAntennas' at 'runs/run_1/43-openroad-repairantennas'…
Running 'OpenROAD.DiodeInsertion' at 'runs/run_1/43-openroad-repairantennas/1-openroad-diodeinsertion'…
Logging subprocess to [repr.filename]'runs/run_1/43-openroad-repairantennas/1-openroad-diodeinsertion/openroad-diodeinsertion.log'[/repr.filename]…
Running 'OpenROAD.CheckAntennas' at 'runs/run_1/43-openroad-repairantennas/2-openroad-checkantennas'…
Logging subprocess to [repr.filename]'runs/run_1/43-openroad-repairantennas/2-openroad-checkantennas/openroad-checkantennas.log'[/repr.filename]…
Gating variable for step 'OpenROAD.ResizerTimingPostGRT' set to 'False'- the step will be skipped.
Skipping step 'Resizer Timing Optimizations (Post-Global Routing)'…
Running 'OpenROAD.STAMidPNR-3' at 'runs/run_1/44-openroad-stamidpnr-3'…
Logging subprocess to [repr.filename]'runs/run_1/44-openroad-stamidpnr-3/openroad-stamidpnr-3.log'[/repr.filename]…
Running 'OpenROAD.DetailedRouting' at 'runs/run_1/45-openroad-detailedrouting'…
Running TritonRoute with 12 threads…
Logging subprocess to [repr.filename]'runs/run_1/45-openroad-detailedrouting/openroad-detailedrouting.log'[/repr.filename]…
[DRT-0349] LEF58_ENCLOSURE with no CUTCLASS is not supported. Skipping for layer Cont
[DRT-0349] LEF58_ENCLOSURE with no CUTCLASS is not supported. Skipping for layer Via1
[DRT-0349] LEF58_ENCLOSURE with no CUTCLASS is not supported. Skipping for layer Via1
[DRT-0349] LEF58_ENCLOSURE with no CUTCLASS is not supported. Skipping for layer Via2
[DRT-0349] LEF58_ENCLOSURE with no CUTCLASS is not supported. Skipping for layer Via3
[DRT-0349] LEF58_ENCLOSURE with no CUTCLASS is not supported. Skipping for layer Via4
[DRT-0349] LEF58_ENCLOSURE with no CUTCLASS is not supported. Skipping for layer TopVia1
[DRT-0349] LEF58_ENCLOSURE with no CUTCLASS is not supported. Skipping for layer TopVia1
[DRT-0349] LEF58_ENCLOSURE with no CUTCLASS is not supported. Skipping for layer TopVia2
[DRT-0349] LEF58_ENCLOSURE with no CUTCLASS is not supported. Skipping for layer TopVia2
[DRT-0418] Term u_sram/A_DIN[15] has no pins on routing grid
[DRT-0418] Term u_sram/A_BIST_DIN[15] has no pins on routing grid
[DRT-0418] Term u_sram/A_BM[16] has no pins on routing grid
[DRT-0418] Term u_sram/A_BIST_BM[16] has no pins on routing grid
[DRT-0418] Term u_sram/A_DOUT[16] has no pins on routing grid
[DRT-0418] Term u_sram/A_DIN[17] has no pins on routing grid
[DRT-0418] Term u_sram/A_DIN[14] has no pins on routing grid
[DRT-0418] Term u_sram/A_BIST_DIN[17] has no pins on routing grid
[DRT-0418] Term u_sram/A_BM[14] has no pins on routing grid
[DRT-0418] Term u_sram/A_DOUT[14] has no pins on routing grid
[DRT-0418] Term u_sram/A_BIST_DIN[13] has no pins on routing grid
[DRT-0418] Term u_sram/A_BM[18] has no pins on routing grid
[DRT-0418] Term u_sram/A_BIST_BM[18] has no pins on routing grid
[DRT-0418] Term u_sram/A_BIST_BM[13] has no pins on routing grid
[DRT-0418] Term u_sram/A_DOUT[18] has no pins on routing grid
[DRT-0418] Term u_sram/A_DIN[12] has no pins on routing grid
[DRT-0418] Term u_sram/A_BIST_DIN[19] has no pins on routing grid
[DRT-0418] Term u_sram/A_DIN[20] has no pins on routing grid
[DRT-0418] Term u_sram/A_BM[20] has no pins on routing grid
[DRT-0418] Term u_sram/A_BM[11] has no pins on routing grid
[DRT-0418] Term u_sram/A_BIST_BM[11] has no pins on routing grid
[DRT-0418] Term u_sram/A_DOUT[20] has no pins on routing grid
[DRT-0418] Term u_sram/A_DOUT[11] has no pins on routing grid
[DRT-0418] Term u_sram/A_DIN[10] has no pins on routing grid
[DRT-0418] Term u_sram/A_BIST_DIN[10] has no pins on routing grid
[DRT-0418] Term u_sram/A_BM[21] has no pins on routing grid
[DRT-0418] Term u_sram/A_BIST_BM[21] has no pins on routing grid
[DRT-0418] Term u_sram/A_DIN[22] has no pins on routing grid
[DRT-0418] Term u_sram/A_BIST_DIN[22] has no pins on routing grid
[DRT-0418] Term u_sram/A_BM[9] has no pins on routing grid
[DRT-0418] Term u_sram/A_BIST_BM[9] has no pins on routing grid
[DRT-0418] Term u_sram/A_DOUT[9] has no pins on routing grid
[DRT-0418] Term u_sram/A_BIST_DIN[8] has no pins on routing grid
[DRT-0418] Term u_sram/A_BM[23] has no pins on routing grid
[DRT-0418] Term u_sram/A_BIST_BM[23] has no pins on routing grid
[DRT-0418] Term u_sram/A_DOUT[23] has no pins on routing grid
[DRT-0418] Term u_sram/A_DIN[24] has no pins on routing grid
[DRT-0418] Term u_sram/A_DIN[7] has no pins on routing grid
[DRT-0418] Term u_sram/A_BIST_DIN[24] has no pins on routing grid
[DRT-0418] Term u_sram/A_BM[7] has no pins on routing grid
[DRT-0418] Term u_sram/A_DOUT[7] has no pins on routing grid
[DRT-0418] Term u_sram/A_DIN[25] has no pins on routing grid
[DRT-0418] Term u_sram/A_BM[25] has no pins on routing grid
[DRT-0418] Term u_sram/A_BM[6] has no pins on routing grid
[DRT-0418] Term u_sram/A_BIST_BM[6] has no pins on routing grid
[DRT-0418] Term u_sram/A_DOUT[25] has no pins on routing grid
[DRT-0418] Term u_sram/A_DIN[5] has no pins on routing grid
[DRT-0418] Term u_sram/A_BIST_DIN[26] has no pins on routing grid
[DRT-0418] Term u_sram/A_BIST_DIN[5] has no pins on routing grid
[DRT-0418] Term u_sram/A_BIST_BM[26] has no pins on routing grid
[DRT-0418] Term u_sram/A_DIN[27] has no pins on routing grid
[DRT-0418] Term u_sram/A_BM[4] has no pins on routing grid
[DRT-0418] Term u_sram/A_BIST_BM[4] has no pins on routing grid
[DRT-0418] Term u_sram/A_DOUT[4] has no pins on routing grid
[DRT-0418] Term u_sram/A_DIN[3] has no pins on routing grid
[DRT-0418] Term u_sram/A_BIST_DIN[3] has no pins on routing grid
[DRT-0418] Term u_sram/A_BM[28] has no pins on routing grid
[DRT-0418] Term u_sram/A_BIST_BM[28] has no pins on routing grid
[DRT-0418] Term u_sram/A_DOUT[28] has no pins on routing grid
[DRT-0418] Term u_sram/A_DIN[29] has no pins on routing grid
[DRT-0418] Term u_sram/A_DIN[2] has no pins on routing grid
[DRT-0418] Term u_sram/A_BIST_DIN[29] has no pins on routing grid
[DRT-0418] Term u_sram/A_BM[2] has no pins on routing grid
[DRT-0418] Term u_sram/A_DOUT[2] has no pins on routing grid
[DRT-0418] Term u_sram/A_BIST_DIN[1] has no pins on routing grid
[DRT-0418] Term u_sram/A_BM[30] has no pins on routing grid
[DRT-0418] Term u_sram/A_BIST_BM[30] has no pins on routing grid
[DRT-0418] Term u_sram/A_BIST_BM[1] has no pins on routing grid
[DRT-0418] Term u_sram/A_DOUT[30] has no pins on routing grid
[DRT-0418] Term u_sram/A_DIN[0] has no pins on routing grid
[DRT-0418] Term u_sram/A_BIST_DIN[31] has no pins on routing grid
[DRT-0418] Term u_sram/A_ADDR[0] has no pins on routing grid
[DRT-0418] Term u_sram/A_ADDR[1] has no pins on routing grid
[DRT-0418] Term u_sram/A_ADDR[2] has no pins on routing grid
[DRT-0418] Term u_sram/A_BIST_ADDR[2] has no pins on routing grid
[DRT-0418] Term u_sram/A_ADDR[3] has no pins on routing grid
[DRT-0418] Term u_sram/A_BIST_ADDR[3] has no pins on routing grid
[DRT-0418] Term u_sram/A_ADDR[7] has no pins on routing grid
[DRT-0418] Term u_sram/A_BIST_ADDR[7] has no pins on routing grid
[DRT-0418] Term u_sram/A_BIST_ADDR[9] has no pins on routing grid
[DRT-0418] Term u_sram/A_CLK has no pins on routing grid
[DRT-0418] Term u_sram/A_MEN has no pins on routing grid
[DRT-0418] Term u_sram/A_BIST_MEN has no pins on routing grid
Running 'Odb.RemoveRoutingObstructions' at 'runs/run_1/46-odb-removeroutingobstructions'…
'ROUTING_OBSTRUCTIONS' is not defined. Skipping 'Odb.RemoveRoutingObstructions'…
Running 'OpenROAD.CheckAntennas-1' at 'runs/run_1/47-openroad-checkantennas-1'…
Logging subprocess to [repr.filename]'runs/run_1/47-openroad-checkantennas-1/openroad-checkantennas-1.log'[/repr.filename]…
Running 'Checker.TrDRC' at 'runs/run_1/48-checker-trdrc'…
Check for Routing DRC errors clear.
Running 'Odb.ReportDisconnectedPins' at 'runs/run_1/49-odb-reportdisconnectedpins'…
Logging subprocess to [repr.filename]'runs/run_1/49-odb-reportdisconnectedpins/odb-reportdisconnectedpins.log'[/repr.filename]…
Running 'Checker.DisconnectedPins' at 'runs/run_1/50-checker-disconnectedpins'…
Check for critical disconnected pins clear.
Running 'Odb.ReportWireLength' at 'runs/run_1/51-odb-reportwirelength'…
Logging subprocess to [repr.filename]'runs/run_1/51-odb-reportwirelength/odb-reportwirelength.log'[/repr.filename]…
Running 'Checker.WireLength' at 'runs/run_1/52-checker-wirelength'…
Threshold for Threshold-surpassing long wires is not set. The checker will be skipped.
Running 'OpenROAD.FillInsertion' at 'runs/run_1/53-openroad-fillinsertion'…
Logging subprocess to [repr.filename]'runs/run_1/53-openroad-fillinsertion/openroad-fillinsertion.log'[/repr.filename]…
Running 'Odb.CellFrequencyTables' at 'runs/run_1/54-odb-cellfrequencytables'…
Logging subprocess to [repr.filename]'runs/run_1/54-odb-cellfrequencytables/buffer_list.txt'[/repr.filename]…
Logging subprocess to [repr.filename]'runs/run_1/54-odb-cellfrequencytables/odb-cellfrequencytables.log'[/repr.filename]…
Running 'OpenROAD.RCX' at 'runs/run_1/55-openroad-rcx'…
Running RCX for corners matching nom_* (/home/jaikrishn/Documents/hardware/picorv32_axi4lite_port/phyisical_design/macros/ram/runs/run_1/55-openroad-rcx/nom/rcx.log)…
Logging subprocess to [repr.filename]'runs/run_1/55-openroad-rcx/nom/rcx.log'[/repr.filename]…
Finished RCX for corners matching nom_*.
Running 'OpenROAD.STAPostPNR' at 'runs/run_1/56-openroad-stapostpnr'…
Netlists found for macro RM_IHPSG13_1P_1024x32_c2_bm_bist, but no parasitics extraction found at corner nom_fast_1p32V_m40C. The netlist cannot be used for timing on this module.
Starting STA for the nom_fast_1p32V_m40C timing corner…
Netlists found for macro RM_IHPSG13_1P_1024x32_c2_bm_bist, but no parasitics extraction found at corner nom_slow_1p08V_125C. The netlist cannot be used for timing on this module.
Logging subprocess to [repr.filename]'runs/run_1/56-openroad-stapostpnr/nom_fast_1p32V_m40C/sta.log'[/repr.filename]…
Starting STA for the nom_slow_1p08V_125C timing corner…
Netlists found for macro RM_IHPSG13_1P_1024x32_c2_bm_bist, but no parasitics extraction found at corner nom_typ_1p20V_25C. The netlist cannot be used for timing on this module.
Starting STA for the nom_typ_1p20V_25C timing corner…
Logging subprocess to [repr.filename]'runs/run_1/56-openroad-stapostpnr/nom_slow_1p08V_125C/sta.log'[/repr.filename]…
Logging subprocess to [repr.filename]'runs/run_1/56-openroad-stapostpnr/nom_typ_1p20V_25C/sta.log'[/repr.filename]…
Finished STA for the nom_slow_1p08V_125C timing corner.
Logging subprocess to [repr.filename]'runs/run_1/56-openroad-stapostpnr/nom_slow_1p08V_125C/filter_unannotated.log'[/repr.filename]…
Finished STA for the nom_typ_1p20V_25C timing corner.
Logging subprocess to [repr.filename]'runs/run_1/56-openroad-stapostpnr/nom_typ_1p20V_25C/filter_unannotated.log'[/repr.filename]…
Finished STA for the nom_fast_1p32V_m40C timing corner.
Logging subprocess to [repr.filename]'runs/run_1/56-openroad-stapostpnr/nom_fast_1p32V_m40C/filter_unannotated.log'[/repr.filename]…
Running 'OpenROAD.IRDropReport' at 'runs/run_1/57-openroad-irdropreport'…
'VSRC_LOC_FILES' was not given a value, which may make the results of IR drop analysis inaccurate. If you are not integrating a top-level chip for manufacture, you may ignore this warning, otherwise, see the documentation for 'VSRC_LOC_FILES'.
Logging subprocess to [repr.filename]'runs/run_1/57-openroad-irdropreport/openroad-irdropreport.log'[/repr.filename]…
+ analyze_power_grid -net VPWR -voltage_file /home/jaikrishn/Documents/hardware/picorv32_axi4lite_port/phyisical_design/macros/ram/runs/run_1/57-openroad-irdropreport/net-VPWR.csv
[INFO PSM-0040] All shapes on net VPWR are connected.
########## IR report #################
Net              : VPWR
Corner           : nom_slow_1p08V_125C
Total power      : 2.02e-03 W
Supply voltage   : 1.08e+00 V
Worstcase voltage: 1.08e+00 V
Average voltage  : 1.08e+00 V
Average IR drop  : 1.26e-05 V
Worstcase IR drop: 7.71e-04 V
Percentage drop  : 0.07 %
######################################
+ analyze_power_grid -net VGND -voltage_file /home/jaikrishn/Documents/hardware/picorv32_axi4lite_port/phyisical_design/macros/ram/runs/run_1/57-openroad-irdropreport/net-VGND.csv
[INFO PSM-0040] All shapes on net VGND are connected.
########## IR report #################
Net              : VGND
Corner           : nom_slow_1p08V_125C
Total power      : 2.02e-03 W
Supply voltage   : 0.00e+00 V
Worstcase voltage: 7.02e-04 V
Average voltage  : 1.05e-05 V
Average IR drop  : 1.05e-05 V
Worstcase IR drop: 7.02e-04 V
Percentage drop  : 0.07 %
######################################

Running 'Magic.StreamOut' at 'runs/run_1/58-magic-streamout'…
Logging subprocess to [repr.filename]'runs/run_1/58-magic-streamout/RM_IHPSG13_1P_1024x32_c2_bm_bist.get_bbox.log'[/repr.filename]…
Logging subprocess to [repr.filename]'runs/run_1/58-magic-streamout/magic-streamout.log'[/repr.filename]…
Running 'KLayout.StreamOut' at 'runs/run_1/59-klayout-streamout'…
Logging subprocess to [repr.filename]'runs/run_1/59-klayout-streamout/klayout-streamout.log'[/repr.filename]…
Running 'KLayout.Render' at 'runs/run_1/60-klayout-render'…
Logging subprocess to [repr.filename]'runs/run_1/60-klayout-render/klayout-render.log'[/repr.filename]…
Running 'Magic.WriteLEF' at 'runs/run_1/61-magic-writelef'…
Logging subprocess to [repr.filename]'runs/run_1/61-magic-writelef/magic-writelef.log'[/repr.filename]…
Running 'Odb.CheckDesignAntennaProperties' at 'runs/run_1/62-odb-checkdesignantennaproperties'…
Logging subprocess to [repr.filename]'runs/run_1/62-odb-checkdesignantennaproperties/odb-checkdesignantennaproperties.log'[/repr.filename]…
Cell 'ram_macro' has (22) input pin(s) without antenna gate information. They might not be connected to a gate.
Running 'KLayout.XOR' at 'runs/run_1/63-klayout-xor'…
Running XOR with 12 threads…
Logging subprocess to [repr.filename]'runs/run_1/63-klayout-xor/klayout-xor.log'[/repr.filename]…
Running 'Checker.XOR' at 'runs/run_1/64-checker-xor'…
Check for XOR differences clear.
Running 'Magic.DRC' at 'runs/run_1/65-magic-drc'…
Logging subprocess to [repr.filename]'runs/run_1/65-magic-drc/magic-drc.log'[/repr.filename]…
Running 'KLayout.DRC' at 'runs/run_1/66-klayout-drc'…
Running KLayout DRC with 12 threads…
Logging subprocess to [repr.filename]'runs/run_1/66-klayout-drc/klayout-drc.log'[/repr.filename]…
Logging subprocess to [repr.filename]'runs/run_1/66-klayout-drc/xml_drc_report_to_json.log'[/repr.filename]…
Running 'Checker.MagicDRC' at 'runs/run_1/67-checker-magicdrc'…
229432 Magic DRC errors found. - deferred
Running 'Checker.KLayoutDRC' at 'runs/run_1/68-checker-klayoutdrc'…
Check for KLayout DRC errors clear.
Running 'Magic.SpiceExtraction' at 'runs/run_1/69-magic-spiceextraction'…
Logging subprocess to [repr.filename]'runs/run_1/69-magic-spiceextraction/magic-spiceextraction.log'[/repr.filename]…
Running 'Checker.IllegalOverlap' at 'runs/run_1/70-checker-illegaloverlap'…
Check for Magic Illegal Overlap errors clear.
Running 'Netgen.LVS' at 'runs/run_1/71-netgen-lvs'…
Logging subprocess to [repr.filename]'runs/run_1/71-netgen-lvs/netgen-lvs.log'[/repr.filename]…
Running 'Checker.LVS' at 'runs/run_1/72-checker-lvs'…
Check for LVS errors clear.
Gating variable for step 'Yosys.EQY' set to 'False'- the step will be skipped.
Skipping step 'Equivalence Check'…
Running 'Checker.SetupViolations' at 'runs/run_1/73-checker-setupviolations'…
No setup violations found
Running 'Checker.HoldViolations' at 'runs/run_1/74-checker-holdviolations'…
No hold violations found
Running 'Checker.MaxSlewViolations' at 'runs/run_1/75-checker-maxslewviolations'…
No max slew violations found
Running 'Checker.MaxCapViolations' at 'runs/run_1/76-checker-maxcapviolations'…
No max cap violations found
Running 'Misc.ReportManufacturability' at 'runs/run_1/77-misc-reportmanufacturability'…
Saving views to '/home/jaikrishn/Documents/hardware/picorv32_axi4lite_port/phyisical_design/macros/ram/runs/run_1/final'…
