┏━━━━━━━┳━━━━━━━━━┳━━━━━━━━━━┳━━━━━━━━━━━━━━━━━━━━━━━━━━━━━━━━━━━━━━━┳━━━━━━━━━━━━━━┳━━━━━━━━┓
┃ P / R ┃ Partial ┃ Required ┃ Net                                   ┃ Pin          ┃ Layer  ┃
┡━━━━━━━╇━━━━━━━━━╇━━━━━━━━━━╇━━━━━━━━━━━━━━━━━━━━━━━━━━━━━━━━━━━━━━━╇━━━━━━━━━━━━━━╇━━━━━━━━┩
│ 1.91  │ 381.29  │ 200.00   │ net1287                               │ _16871_/A    │ Metal2 │
│ 1.68  │ 335.36  │ 200.00   │ net66                                 │ _16860_/A    │ Metal3 │
│ 1.63  │ 326.03  │ 200.00   │ net1289                               │ _16869_/A    │ Metal2 │
│ 1.62  │ 323.38  │ 200.00   │ net1281                               │ _16877_/A    │ Metal2 │
│ 1.61  │ 321.70  │ 200.00   │ net754                                │ fanout753/A  │ Metal2 │
│ 1.52  │ 303.80  │ 200.00   │ net58                                 │ output58/A   │ Metal3 │
│ 1.48  │ 295.66  │ 200.00   │ net402                                │ fanout401/A  │ Metal2 │
│ 1.47  │ 293.92  │ 200.00   │ _04982_                               │ _12400_/B    │ Metal2 │
│ 1.44  │ 287.54  │ 200.00   │ net68                                 │ _16862_/A    │ Metal3 │
│ 1.42  │ 283.32  │ 200.00   │ net28                                 │ hold3162/A   │ Metal2 │
│ 1.34  │ 267.61  │ 200.00   │ net1483                               │ fanout1476/A │ Metal2 │
│ 1.24  │ 247.70  │ 200.00   │ net1294                               │ output40/A   │ Metal3 │
│ 1.22  │ 243.49  │ 200.00   │ net529                                │ fanout527/A  │ Metal2 │
│ 1.21  │ 242.73  │ 200.00   │ net384                                │ fanout383/A  │ Metal2 │
│ 1.20  │ 240.05  │ 200.00   │ net501                                │ fanout500/A  │ Metal3 │
│ 1.17  │ 233.93  │ 200.00   │ net103                                │ output103/A  │ Metal2 │
│ 1.15  │ 229.35  │ 200.00   │ net57                                 │ _16881_/A    │ Metal2 │
│ 1.13  │ 225.96  │ 200.00   │ net396                                │ fanout394/A  │ Metal2 │
│ 1.12  │ 223.79  │ 200.00   │ net1285                               │ _16873_/A    │ Metal3 │
│ 1.09  │ 217.93  │ 200.00   │ net20                                 │ hold3159/A   │ Metal2 │
│ 1.08  │ 215.82  │ 200.00   │ net1284                               │ _16874_/A    │ Metal3 │
│ 1.07  │ 215.00  │ 200.00   │ net1288                               │ _16870_/A    │ Metal2 │
│ 1.05  │ 209.59  │ 200.00   │ net1181                               │ fanout1180/A │ Metal2 │
│ 1.02  │ 204.90  │ 200.00   │ net1290                               │ _16868_/A    │ Metal2 │
│ 1.01  │ 202.70  │ 200.00   │ net1151                               │ fanout1149/A │ Metal2 │
│ 1.00  │ 200.82  │ 200.00   │ u_picorv32.picorv32_core.alu_out[11\] │ _15229_/D    │ Metal2 │
│ 1.00  │ 199.88  │ 200.00   │ net1283                               │ _16875_/A    │ Metal3 │
│ 0.16  │ 32.42   │ 200.00   │ net396                                │ fanout394/A  │ Metal3 │
│ 0.12  │ 23.39   │ 200.00   │ net529                                │ fanout527/A  │ Metal4 │
│ 0.02  │ 4.47    │ 200.00   │ net529                                │ fanout527/A  │ Metal3 │
└───────┴─────────┴──────────┴───────────────────────────────────────┴──────────────┴────────┘
