
===========================================================================
 report_power
============================================================================
======================= nom_typ_1p20V_25C Corner ===================================

Group                    Internal    Switching      Leakage        Total
                            Power        Power        Power        Power (Watts)
------------------------------------------------------------------------
Sequential           1.162277e-02 2.027223e-03 7.153371e-07 1.365071e-02  49.5%
Combinational        1.214041e-02 1.782523e-03 1.120820e-06 1.392406e-02  50.5%
Clock                0.000000e+00 0.000000e+00 0.000000e+00 0.000000e+00   0.0%
Macro                0.000000e+00 0.000000e+00 0.000000e+00 0.000000e+00   0.0%
Pad                  0.000000e+00 0.000000e+00 0.000000e+00 0.000000e+00   0.0%
------------------------------------------------------------------------
Total                2.376317e-02 3.809745e-03 1.836165e-06 2.757475e-02 100.0%
                            86.2%        13.8%         0.0%
Writing metric power__internal__total: 0.02376316860318184
Writing metric power__switching__total: 0.003809745190665126
Writing metric power__leakage__total: 1.836164528867812e-6
Writing metric power__total: 0.027574749663472176

