2026-09-18 22:17:06 +0530: Memory Usage (422748K) : Starting running IHP-SG13G2 KLayout DRC runset on /home/jaikrishn/Documents/hardware/picorv32_axi4lite_port/phyisical_design/macros/boot_spi/runs/run_2/58-klayout-streamout/boot_spi_macro.gds
2026-09-18 22:17:06 +0530: Memory Usage (422904K) : Ruby Version for klayout: 3.3.10
2026-09-18 22:17:06 +0530: Memory Usage (424200K) : Loading database to memory is complete.
2026-09-18 22:17:06 +0530: Memory Usage (424200K) : IHP-SG13G2 KLayout DRC runset output at: /home/jaikrishn/Documents/hardware/picorv32_axi4lite_port/phyisical_design/macros/boot_spi/runs/run_2/65-klayout-drc/reports/drc.klayout.lyrdb
2026-09-18 22:17:06 +0530: Memory Usage (424384K) : Evaluate switches.
2026-09-18 22:17:06 +0530: Memory Usage (424384K) : tables selected: main
2026-09-18 22:17:06 +0530: Memory Usage (424384K) : KLayout will use 12 thread(s) in tiling mode.
2026-09-18 22:17:06 +0530: Memory Usage (424384K) : deep mode is enabled.
2026-09-18 22:17:06 +0530: Memory Usage (424384K) : FEOL enabled: true
2026-09-18 22:17:06 +0530: Memory Usage (424384K) : BEOL enabled: true
2026-09-18 22:17:06 +0530: Memory Usage (424384K) : OFFGRID enabled: true
2026-09-18 22:17:06 +0530: Memory Usage (424384K) : ANGLE enabled: true
2026-09-18 22:17:06 +0530: Memory Usage (424384K) : PIN enabled: true
2026-09-18 22:17:06 +0530: Memory Usage (424384K) : FORBIDDEN enabled: true
2026-09-18 22:17:06 +0530: Memory Usage (424384K) : RECOMMENDED enabled: false
2026-09-18 22:17:06 +0530: Memory Usage (424384K) : PreCheck DRC enabled: false
2026-09-18 22:17:06 +0530: Memory Usage (424384K) : CONNECTIVITY_RULES enabled: true.
2026-09-18 22:17:06 +0530: Memory Usage (424384K) : Read in polygons from layers.
2026-09-18 22:17:06 +0530: Memory Usage (425552K) : activ_drw has 21005 polygons
2026-09-18 22:17:06 +0530: Memory Usage (425552K) : activ_pin has 0 polygons
2026-09-18 22:17:06 +0530: Memory Usage (425552K) : activ_mask has 0 polygons
2026-09-18 22:17:06 +0530: Memory Usage (425552K) : activ_filler has 0 polygons
2026-09-18 22:17:06 +0530: Memory Usage (425552K) : activ_nofill has 0 polygons
2026-09-18 22:17:06 +0530: Memory Usage (425552K) : activ_opc has 0 polygons
2026-09-18 22:17:06 +0530: Memory Usage (425552K) : activ_iopc has 0 polygons
2026-09-18 22:17:06 +0530: Memory Usage (425552K) : activ_noqrc has 0 polygons
2026-09-18 22:17:06 +0530: Memory Usage (425552K) : biwind_drw has 0 polygons
2026-09-18 22:17:06 +0530: Memory Usage (425808K) : biwind_opc has 0 polygons
2026-09-18 22:17:06 +0530: Memory Usage (425808K) : pemwind_drw has 0 polygons
2026-09-18 22:17:06 +0530: Memory Usage (425808K) : gatpoly_drw has 18343 polygons
2026-09-18 22:17:06 +0530: Memory Usage (425808K) : gatpoly_pin has 0 polygons
2026-09-18 22:17:06 +0530: Memory Usage (425808K) : gatpoly_filler has 0 polygons
2026-09-18 22:17:06 +0530: Memory Usage (425808K) : gatpoly_nofill has 0 polygons
2026-09-18 22:17:06 +0530: Memory Usage (425808K) : gatpoly_opc has 0 polygons
2026-09-18 22:17:06 +0530: Memory Usage (425936K) : gatpoly_iopc has 0 polygons
2026-09-18 22:17:06 +0530: Memory Usage (425936K) : gatpoly_noqrc has 0 polygons
2026-09-18 22:17:06 +0530: Memory Usage (426064K) : cont_drw has 152435 polygons
2026-09-18 22:17:06 +0530: Memory Usage (426064K) : cont_opc has 0 polygons
2026-09-18 22:17:06 +0530: Memory Usage (426192K) : nsd_drw has 0 polygons
2026-09-18 22:17:06 +0530: Memory Usage (426192K) : nsd_block has 0 polygons
2026-09-18 22:17:06 +0530: Memory Usage (426192K) : metal1_drw has 30037 polygons
2026-09-18 22:17:06 +0530: Memory Usage (426192K) : metal1_pin has 13498 polygons
2026-09-18 22:17:06 +0530: Memory Usage (426192K) : metal1_mask has 0 polygons
2026-09-18 22:17:06 +0530: Memory Usage (426192K) : metal1_filler has 0 polygons
2026-09-18 22:17:06 +0530: Memory Usage (426192K) : metal1_nofill has 0 polygons
2026-09-18 22:17:06 +0530: Memory Usage (426320K) : metal1_slit has 0 polygons
2026-09-18 22:17:06 +0530: Memory Usage (426604K) : metal1_text has 13340 polygons
2026-09-18 22:17:06 +0530: Memory Usage (426604K) : metal1_opc has 0 polygons
2026-09-18 22:17:06 +0530: Memory Usage (426604K) : metal1_noqrc has 0 polygons
2026-09-18 22:17:06 +0530: Memory Usage (426732K) : metal1_res has 0 polygons
2026-09-18 22:17:06 +0530: Memory Usage (426732K) : metal1_iprobe has 0 polygons
2026-09-18 22:17:06 +0530: Memory Usage (426860K) : metal1_diffprb has 0 polygons
2026-09-18 22:17:06 +0530: Memory Usage (426860K) : passiv_drw has 0 polygons
2026-09-18 22:17:06 +0530: Memory Usage (426860K) : passiv_pin has 0 polygons
2026-09-18 22:17:06 +0530: Memory Usage (426988K) : passiv_sbump has 0 polygons
2026-09-18 22:17:06 +0530: Memory Usage (426988K) : passiv_pillar has 0 polygons
2026-09-18 22:17:06 +0530: Memory Usage (427116K) : passiv_pdl has 0 polygons
2026-09-18 22:17:06 +0530: Memory Usage (427116K) : metal2_drw has 11675 polygons
2026-09-18 22:17:06 +0530: Memory Usage (427116K) : metal2_pin has 32 polygons
2026-09-18 22:17:06 +0530: Memory Usage (427116K) : metal2_mask has 0 polygons
2026-09-18 22:17:06 +0530: Memory Usage (427116K) : metal2_filler has 0 polygons
2026-09-18 22:17:06 +0530: Memory Usage (427116K) : metal2_nofill has 0 polygons
2026-09-18 22:17:06 +0530: Memory Usage (427116K) : metal2_slit has 0 polygons
2026-09-18 22:17:06 +0530: Memory Usage (427116K) : metal2_text has 32 polygons
2026-09-18 22:17:06 +0530: Memory Usage (427244K) : metal2_opc has 0 polygons
2026-09-18 22:17:06 +0530: Memory Usage (427244K) : metal2_noqrc has 0 polygons
2026-09-18 22:17:06 +0530: Memory Usage (427372K) : metal2_res has 0 polygons
2026-09-18 22:17:06 +0530: Memory Usage (427372K) : metal2_iprobe has 0 polygons
2026-09-18 22:17:06 +0530: Memory Usage (427500K) : metal2_diffprb has 0 polygons
2026-09-18 22:17:06 +0530: Memory Usage (427500K) : baspoly_drw has 0 polygons
2026-09-18 22:17:06 +0530: Memory Usage (427500K) : baspoly_pin has 0 polygons
2026-09-18 22:17:06 +0530: Memory Usage (427628K) : psd_drw has 9976 polygons
2026-09-18 22:17:06 +0530: Memory Usage (427628K) : nldb_drw has 0 polygons
2026-09-18 22:17:06 +0530: Memory Usage (427756K) : digibnd_drw has 0 polygons
2026-09-18 22:17:06 +0530: Memory Usage (427756K) : via1_drw has 4593 polygons
2026-09-18 22:17:06 +0530: Memory Usage (427884K) : backmetal1_drw has 0 polygons
2026-09-18 22:17:06 +0530: Memory Usage (427884K) : backmetal1_pin has 0 polygons
2026-09-18 22:17:06 +0530: Memory Usage (428012K) : backmetal1_mask has 0 polygons
2026-09-18 22:17:06 +0530: Memory Usage (428012K) : backmetal1_filler has 0 polygons
2026-09-18 22:17:06 +0530: Memory Usage (428140K) : backmetal1_nofill has 0 polygons
2026-09-18 22:17:06 +0530: Memory Usage (428140K) : backmetal1_slit has 0 polygons
2026-09-18 22:17:06 +0530: Memory Usage (428140K) : backmetal1_text has 0 polygons
2026-09-18 22:17:06 +0530: Memory Usage (428268K) : backmetal1_opc has 0 polygons
2026-09-18 22:17:06 +0530: Memory Usage (428268K) : backmetal1_noqrc has 0 polygons
2026-09-18 22:17:06 +0530: Memory Usage (428396K) : backmetal1_res has 0 polygons
2026-09-18 22:17:06 +0530: Memory Usage (428396K) : backmetal1_iprobe has 0 polygons
2026-09-18 22:17:06 +0530: Memory Usage (428524K) : backmetal1_diffprb has 0 polygons
2026-09-18 22:17:06 +0530: Memory Usage (428524K) : backpassiv_drw has 0 polygons
2026-09-18 22:17:06 +0530: Memory Usage (428652K) : res_drw has 0 polygons
2026-09-18 22:17:06 +0530: Memory Usage (428652K) : sram_drw has 0 polygons
2026-09-18 22:17:06 +0530: Memory Usage (428780K) : trans_drw has 0 polygons
2026-09-18 22:17:06 +0530: Memory Usage (428780K) : ind_drw has 0 polygons
2026-09-18 22:17:06 +0530: Memory Usage (428780K) : ind_pin has 0 polygons
2026-09-18 22:17:06 +0530: Memory Usage (428908K) : ind_text has 0 polygons
2026-09-18 22:17:06 +0530: Memory Usage (428908K) : salblock_drw has 0 polygons
2026-09-18 22:17:06 +0530: Memory Usage (428908K) : via2_drw has 3691 polygons
2026-09-18 22:17:06 +0530: Memory Usage (429036K) : metal3_drw has 4927 polygons
2026-09-18 22:17:06 +0530: Memory Usage (429036K) : metal3_pin has 41 polygons
2026-09-18 22:17:06 +0530: Memory Usage (429164K) : metal3_mask has 0 polygons
2026-09-18 22:17:06 +0530: Memory Usage (429164K) : metal3_filler has 0 polygons
2026-09-18 22:17:06 +0530: Memory Usage (429292K) : metal3_nofill has 0 polygons
2026-09-18 22:17:06 +0530: Memory Usage (429292K) : metal3_slit has 0 polygons
2026-09-18 22:17:06 +0530: Memory Usage (429292K) : metal3_text has 41 polygons
2026-09-18 22:17:06 +0530: Memory Usage (429420K) : metal3_opc has 0 polygons
2026-09-18 22:17:06 +0530: Memory Usage (429420K) : metal3_noqrc has 0 polygons
2026-09-18 22:17:06 +0530: Memory Usage (429548K) : metal3_res has 0 polygons
2026-09-18 22:17:06 +0530: Memory Usage (429548K) : metal3_iprobe has 0 polygons
2026-09-18 22:17:06 +0530: Memory Usage (429676K) : metal3_diffprb has 0 polygons
2026-09-18 22:17:06 +0530: Memory Usage (429676K) : nwell_drw has 4966 polygons
2026-09-18 22:17:06 +0530: Memory Usage (429804K) : nwell_pin has 0 polygons
2026-09-18 22:17:06 +0530: Memory Usage (429804K) : nbulay_drw has 0 polygons
2026-09-18 22:17:06 +0530: Memory Usage (429932K) : nbulay_pin has 0 polygons
2026-09-18 22:17:06 +0530: Memory Usage (429932K) : nbulay_block has 0 polygons
2026-09-18 22:17:06 +0530: Memory Usage (429932K) : emwind_drw has 0 polygons
2026-09-18 22:17:06 +0530: Memory Usage (430060K) : emwind_opc has 0 polygons
2026-09-18 22:17:06 +0530: Memory Usage (430060K) : deepco_drw has 0 polygons
2026-09-18 22:17:06 +0530: Memory Usage (430188K) : deepco_drw has 0 polygons
2026-09-18 22:17:06 +0530: Memory Usage (430188K) : mim_drw has 0 polygons
2026-09-18 22:17:06 +0530: Memory Usage (430316K) : edgeseal_drw has 0 polygons
2026-09-18 22:17:06 +0530: Memory Usage (430316K) : edgeseal_bound has 0 polygons
2026-09-18 22:17:06 +0530: Memory Usage (430316K) : substrate_drw has 0 polygons
2026-09-18 22:17:06 +0530: Memory Usage (430316K) : substrate_text has 0 polygons
2026-09-18 22:17:06 +0530: Memory Usage (430316K) : dfpad_drw has 0 polygons
2026-09-18 22:17:06 +0530: Memory Usage (430572K) : dfpad_pillar has 0 polygons
2026-09-18 22:17:06 +0530: Memory Usage (430572K) : dfpad_sbump has 0 polygons
2026-09-18 22:17:06 +0530: Memory Usage (430572K) : thickgateox_drw has 0 polygons
2026-09-18 22:17:06 +0530: Memory Usage (430572K) : pldb_drw has 0 polygons
2026-09-18 22:17:06 +0530: Memory Usage (430572K) : pwell_drw has 0 polygons
2026-09-18 22:17:06 +0530: Memory Usage (430700K) : pwell_pin has 0 polygons
2026-09-18 22:17:06 +0530: Memory Usage (430700K) : pwell_block has 0 polygons
2026-09-18 22:17:06 +0530: Memory Usage (430828K) : ic_drw has 0 polygons
2026-09-18 22:17:06 +0530: Memory Usage (430828K) : via3_drw has 1211 polygons
2026-09-18 22:17:06 +0530: Memory Usage (430956K) : metal4_drw has 574 polygons
2026-09-18 22:17:06 +0530: Memory Usage (430956K) : metal4_pin has 0 polygons
2026-09-18 22:17:06 +0530: Memory Usage (431084K) : metal4_mask has 0 polygons
2026-09-18 22:17:06 +0530: Memory Usage (431084K) : metal4_filler has 0 polygons
2026-09-18 22:17:06 +0530: Memory Usage (431212K) : metal4_nofill has 0 polygons
2026-09-18 22:17:06 +0530: Memory Usage (431212K) : metal4_slit has 0 polygons
2026-09-18 22:17:06 +0530: Memory Usage (431212K) : metal4_text has 0 polygons
2026-09-18 22:17:06 +0530: Memory Usage (431340K) : metal4_opc has 0 polygons
2026-09-18 22:17:06 +0530: Memory Usage (431340K) : metal4_noqrc has 0 polygons
2026-09-18 22:17:06 +0530: Memory Usage (431468K) : metal4_res has 0 polygons
2026-09-18 22:17:06 +0530: Memory Usage (431468K) : metal4_iprobe has 0 polygons
2026-09-18 22:17:06 +0530: Memory Usage (431596K) : metal4_diffprb has 0 polygons
2026-09-18 22:17:06 +0530: Memory Usage (431596K) : heattrans_drw has 0 polygons
2026-09-18 22:17:06 +0530: Memory Usage (431724K) : heatres_drw has 0 polygons
2026-09-18 22:17:06 +0530: Memory Usage (431724K) : pempoly_drw has 0 polygons
2026-09-18 22:17:06 +0530: Memory Usage (431852K) : fbe_drw has 0 polygons
2026-09-18 22:17:06 +0530: Memory Usage (431852K) : empoly_drw has 0 polygons
2026-09-18 22:17:06 +0530: Memory Usage (431852K) : ldmos_drw has 0 polygons
2026-09-18 22:17:06 +0530: Memory Usage (431980K) : pbiwind_drw has 0 polygons
2026-09-18 22:17:06 +0530: Memory Usage (431980K) : digisub_drw has 0 polygons
2026-09-18 22:17:06 +0530: Memory Usage (432108K) : nodrc_drw has 0 polygons
2026-09-18 22:17:06 +0530: Memory Usage (432108K) : text_drw has 0 polygons
2026-09-18 22:17:06 +0530: Memory Usage (432236K) : via4_drw has 1135 polygons
2026-09-18 22:17:06 +0530: Memory Usage (432236K) : metal5_drw has 681 polygons
2026-09-18 22:17:06 +0530: Memory Usage (432364K) : metal5_pin has 0 polygons
2026-09-18 22:17:06 +0530: Memory Usage (432364K) : metal5_mask has 0 polygons
2026-09-18 22:17:06 +0530: Memory Usage (432492K) : metal5_filler has 0 polygons
2026-09-18 22:17:06 +0530: Memory Usage (432492K) : metal5_nofill has 0 polygons
2026-09-18 22:17:06 +0530: Memory Usage (432492K) : metal5_slit has 0 polygons
2026-09-18 22:17:06 +0530: Memory Usage (432620K) : metal5_text has 0 polygons
2026-09-18 22:17:06 +0530: Memory Usage (432620K) : metal5_opc has 0 polygons
2026-09-18 22:17:06 +0530: Memory Usage (432748K) : metal5_noqrc has 0 polygons
2026-09-18 22:17:06 +0530: Memory Usage (432748K) : metal5_res has 0 polygons
2026-09-18 22:17:06 +0530: Memory Usage (432876K) : metal5_iprobe has 0 polygons
2026-09-18 22:17:06 +0530: Memory Usage (432876K) : metal5_diffprb has 0 polygons
2026-09-18 22:17:06 +0530: Memory Usage (433004K) : radhard_drw has 0 polygons
2026-09-18 22:17:06 +0530: Memory Usage (433004K) : memcap_drw has 0 polygons
2026-09-18 22:17:06 +0530: Memory Usage (433004K) : varicap_drw has 0 polygons
2026-09-18 22:17:06 +0530: Memory Usage (433132K) : flash_drw has 0 polygons
2026-09-18 22:17:06 +0530: Memory Usage (433132K) : intbondvia_drw has 0 polygons
2026-09-18 22:17:06 +0530: Memory Usage (433260K) : intbondmet_drw has 0 polygons
2026-09-18 22:17:06 +0530: Memory Usage (433260K) : devbondvia_drw has 0 polygons
2026-09-18 22:17:06 +0530: Memory Usage (433388K) : devbondmet_drw has 0 polygons
2026-09-18 22:17:06 +0530: Memory Usage (433388K) : devtrench_drw has 0 polygons
2026-09-18 22:17:06 +0530: Memory Usage (433516K) : redist_drw has 0 polygons
2026-09-18 22:17:06 +0530: Memory Usage (433516K) : graphbot_drw has 0 polygons
2026-09-18 22:17:06 +0530: Memory Usage (433644K) : graphtop_drw has 0 polygons
2026-09-18 22:17:06 +0530: Memory Usage (433644K) : antvia1_drw has 0 polygons
2026-09-18 22:17:06 +0530: Memory Usage (433772K) : antmetal2_drw has 0 polygons
2026-09-18 22:17:06 +0530: Memory Usage (433772K) : graphcont_drw has 0 polygons
2026-09-18 22:17:06 +0530: Memory Usage (433772K) : siwg_drw has 0 polygons
2026-09-18 22:17:06 +0530: Memory Usage (433900K) : siwg_filler has 0 polygons
2026-09-18 22:17:06 +0530: Memory Usage (433900K) : siwg_nofill has 0 polygons
2026-09-18 22:17:06 +0530: Memory Usage (434028K) : sigrating_drw has 0 polygons
2026-09-18 22:17:06 +0530: Memory Usage (434028K) : singrating_drw has 0 polygons
2026-09-18 22:17:06 +0530: Memory Usage (434156K) : graphpas_drw has 0 polygons
2026-09-18 22:17:06 +0530: Memory Usage (434156K) : emwind3_drw has 0 polygons
2026-09-18 22:17:06 +0530: Memory Usage (434284K) : emwihv3_drw has 0 polygons
2026-09-18 22:17:06 +0530: Memory Usage (434284K) : redbulay_drw has 0 polygons
2026-09-18 22:17:06 +0530: Memory Usage (434284K) : smos_drw has 0 polygons
2026-09-18 22:17:06 +0530: Memory Usage (434412K) : graphpad_drw has 0 polygons
2026-09-18 22:17:06 +0530: Memory Usage (434412K) : polimide_drw has 0 polygons
2026-09-18 22:17:06 +0530: Memory Usage (434540K) : polimide_pin has 0 polygons
2026-09-18 22:17:06 +0530: Memory Usage (434540K) : recog_drw has 0 polygons
2026-09-18 22:17:06 +0530: Memory Usage (434668K) : recog_pin has 0 polygons
2026-09-18 22:17:06 +0530: Memory Usage (434668K) : recog_esd has 0 polygons
2026-09-18 22:17:06 +0530: Memory Usage (434796K) : recog_diode has 0 polygons
2026-09-18 22:17:06 +0530: Memory Usage (434796K) : recog_tsv has 0 polygons
2026-09-18 22:17:06 +0530: Memory Usage (434924K) : recog_iprobe has 0 polygons
2026-09-18 22:17:06 +0530: Memory Usage (434924K) : recog_diffprb has 0 polygons
2026-09-18 22:17:06 +0530: Memory Usage (434924K) : recog_pillar has 0 polygons
2026-09-18 22:17:06 +0530: Memory Usage (435052K) : recog_sbump has 0 polygons
2026-09-18 22:17:06 +0530: Memory Usage (435052K) : recog_otp has 0 polygons
2026-09-18 22:17:06 +0530: Memory Usage (435180K) : recog_pdiode has 0 polygons
2026-09-18 22:17:06 +0530: Memory Usage (435180K) : recog_mom has 0 polygons
2026-09-18 22:17:06 +0530: Memory Usage (435308K) : recog_momf has 0 polygons
2026-09-18 22:17:06 +0530: Memory Usage (435308K) : recog_pcm has 0 polygons
2026-09-18 22:17:06 +0530: Memory Usage (435436K) : colopen_drw has 0 polygons
2026-09-18 22:17:06 +0530: Memory Usage (435436K) : graphmetal1_drw has 0 polygons
2026-09-18 22:17:06 +0530: Memory Usage (435564K) : graphmetal1_filler has 0 polygons
2026-09-18 22:17:06 +0530: Memory Usage (435564K) : graphmetal1_nofill has 0 polygons
2026-09-18 22:17:06 +0530: Memory Usage (435564K) : graphmetal1_slit has 0 polygons
2026-09-18 22:17:06 +0530: Memory Usage (435692K) : graphmetal1_opc has 0 polygons
2026-09-18 22:17:06 +0530: Memory Usage (435692K) : graphmet1l_drw has 0 polygons
2026-09-18 22:17:06 +0530: Memory Usage (435820K) : graphmet1l_filler has 0 polygons
2026-09-18 22:17:06 +0530: Memory Usage (435820K) : graphmet1l_nofill has 0 polygons
2026-09-18 22:17:06 +0530: Memory Usage (435948K) : graphmet1l_slit has 0 polygons
2026-09-18 22:17:06 +0530: Memory Usage (435948K) : graphmet1l_opc has 0 polygons
2026-09-18 22:17:06 +0530: Memory Usage (436076K) : extblock_drw has 0 polygons
2026-09-18 22:17:06 +0530: Memory Usage (436076K) : nldd_drw has 0 polygons
2026-09-18 22:17:06 +0530: Memory Usage (436204K) : pldd_drw has 0 polygons
2026-09-18 22:17:06 +0530: Memory Usage (436204K) : next_drw has 0 polygons
2026-09-18 22:17:06 +0530: Memory Usage (436204K) : pext_drw has 0 polygons
2026-09-18 22:17:06 +0530: Memory Usage (436332K) : nexthv_drw has 0 polygons
2026-09-18 22:17:06 +0530: Memory Usage (436332K) : pexthv_drw has 0 polygons
2026-09-18 22:17:06 +0530: Memory Usage (436460K) : graphgate_drw has 0 polygons
2026-09-18 22:17:06 +0530: Memory Usage (436460K) : sinwg_drw has 0 polygons
2026-09-18 22:17:06 +0530: Memory Usage (436588K) : sinwg_filler has 0 polygons
2026-09-18 22:17:06 +0530: Memory Usage (436588K) : sinwg_nofill has 0 polygons
2026-09-18 22:17:06 +0530: Memory Usage (436716K) : mempad_drw has 0 polygons
2026-09-18 22:17:06 +0530: Memory Usage (436716K) : topvia1_drw has 454 polygons
2026-09-18 22:17:06 +0530: Memory Usage (436844K) : topmetal1_drw has 266 polygons
2026-09-18 22:17:06 +0530: Memory Usage (436844K) : topmetal1_pin has 7 polygons
2026-09-18 22:17:06 +0530: Memory Usage (436844K) : topmetal1_mask has 0 polygons
2026-09-18 22:17:06 +0530: Memory Usage (436972K) : topmetal1_filler has 0 polygons
2026-09-18 22:17:06 +0530: Memory Usage (436972K) : topmetal1_nofill has 0 polygons
2026-09-18 22:17:06 +0530: Memory Usage (437100K) : topmetal1_slit has 0 polygons
2026-09-18 22:17:06 +0530: Memory Usage (437100K) : topmetal1_text has 2 polygons
2026-09-18 22:17:06 +0530: Memory Usage (437228K) : topmetal1_noqrc has 0 polygons
2026-09-18 22:17:06 +0530: Memory Usage (437228K) : topmetal1_res has 0 polygons
2026-09-18 22:17:06 +0530: Memory Usage (437228K) : topmetal1_iprobe has 0 polygons
2026-09-18 22:17:06 +0530: Memory Usage (437356K) : topmetal1_diffprb has 0 polygons
2026-09-18 22:17:06 +0530: Memory Usage (437356K) : inldpwl_drw has 0 polygons
2026-09-18 22:17:06 +0530: Memory Usage (437484K) : polyres_drw has 0 polygons
2026-09-18 22:17:06 +0530: Memory Usage (437484K) : polyres_pin has 0 polygons
2026-09-18 22:17:06 +0530: Memory Usage (437612K) : vmim_drw has 0 polygons
2026-09-18 22:17:06 +0530: Memory Usage (437612K) : nbulaycut_drw has 0 polygons
2026-09-18 22:17:06 +0530: Memory Usage (437740K) : antmetal1_drw has 0 polygons
2026-09-18 22:17:06 +0530: Memory Usage (437740K) : topvia2_drw has 25 polygons
2026-09-18 22:17:06 +0530: Memory Usage (437740K) : topmetal2_drw has 39 polygons
2026-09-18 22:17:06 +0530: Memory Usage (437740K) : topmetal2_pin has 7 polygons
2026-09-18 22:17:06 +0530: Memory Usage (437740K) : topmetal2_mask has 0 polygons
2026-09-18 22:17:06 +0530: Memory Usage (437740K) : topmetal2_filler has 0 polygons
2026-09-18 22:17:06 +0530: Memory Usage (437740K) : topmetal2_nofill has 0 polygons
2026-09-18 22:17:06 +0530: Memory Usage (437740K) : topmetal2_slit has 0 polygons
2026-09-18 22:17:06 +0530: Memory Usage (437868K) : topmetal2_text has 2 polygons
2026-09-18 22:17:06 +0530: Memory Usage (437868K) : topmetal2_noqrc has 0 polygons
2026-09-18 22:17:06 +0530: Memory Usage (437868K) : topmetal2_res has 0 polygons
2026-09-18 22:17:06 +0530: Memory Usage (437868K) : topmetal2_iprobe has 0 polygons
2026-09-18 22:17:06 +0530: Memory Usage (437868K) : topmetal2_diffprb has 0 polygons
2026-09-18 22:17:06 +0530: Memory Usage (437868K) : snsring_drw has 0 polygons
2026-09-18 22:17:06 +0530: Memory Usage (437868K) : sensor_drw has 0 polygons
2026-09-18 22:17:06 +0530: Memory Usage (437868K) : snsarms_drw has 0 polygons
2026-09-18 22:17:06 +0530: Memory Usage (437868K) : snscmosvia_drw has 0 polygons
2026-09-18 22:17:06 +0530: Memory Usage (437868K) : colwind_drw has 0 polygons
2026-09-18 22:17:06 +0530: Memory Usage (437868K) : flm_drw has 0 polygons
2026-09-18 22:17:06 +0530: Memory Usage (437868K) : hafniumox_drw has 0 polygons
2026-09-18 22:17:06 +0530: Memory Usage (437868K) : memvia_drw has 0 polygons
2026-09-18 22:17:06 +0530: Memory Usage (437868K) : thinfilmres_drw has 0 polygons
2026-09-18 22:17:06 +0530: Memory Usage (437868K) : rfmem_drw has 0 polygons
2026-09-18 22:17:06 +0530: Memory Usage (437868K) : norcx_drw has 0 polygons
2026-09-18 22:17:06 +0530: Memory Usage (437868K) : norcx_m2m3 has 0 polygons
2026-09-18 22:17:06 +0530: Memory Usage (437868K) : norcx_m2m4 has 0 polygons
2026-09-18 22:17:06 +0530: Memory Usage (437868K) : norcx_m2m5 has 0 polygons
2026-09-18 22:17:06 +0530: Memory Usage (437868K) : norcx_m2tm1 has 0 polygons
2026-09-18 22:17:06 +0530: Memory Usage (437868K) : norcx_m2tm2 has 0 polygons
2026-09-18 22:17:06 +0530: Memory Usage (437868K) : norcx_m3m4 has 0 polygons
2026-09-18 22:17:06 +0530: Memory Usage (437868K) : norcx_m3m5 has 0 polygons
2026-09-18 22:17:06 +0530: Memory Usage (437868K) : norcx_m3tm1 has 0 polygons
2026-09-18 22:17:06 +0530: Memory Usage (437868K) : norcx_m3tm2 has 0 polygons
2026-09-18 22:17:06 +0530: Memory Usage (437868K) : norcx_m4m5 has 0 polygons
2026-09-18 22:17:06 +0530: Memory Usage (437868K) : norcx_m4tm1 has 0 polygons
2026-09-18 22:17:07 +0530: Memory Usage (437868K) : norcx_m4tm2 has 0 polygons
2026-09-18 22:17:07 +0530: Memory Usage (437868K) : norcx_m5tm1 has 0 polygons
2026-09-18 22:17:07 +0530: Memory Usage (437868K) : norcx_m5tm2 has 0 polygons
2026-09-18 22:17:07 +0530: Memory Usage (437868K) : norcx_tm1tm2 has 0 polygons
2026-09-18 22:17:07 +0530: Memory Usage (437868K) : norcx_m1sub has 0 polygons
2026-09-18 22:17:07 +0530: Memory Usage (437868K) : norcx_m2sub has 0 polygons
2026-09-18 22:17:07 +0530: Memory Usage (437868K) : norcx_m3sub has 0 polygons
2026-09-18 22:17:07 +0530: Memory Usage (437868K) : norcx_m4sub has 0 polygons
2026-09-18 22:17:07 +0530: Memory Usage (437868K) : norcx_m5sub has 0 polygons
2026-09-18 22:17:07 +0530: Memory Usage (437868K) : norcx_tm1sub has 0 polygons
2026-09-18 22:17:07 +0530: Memory Usage (437868K) : norcx_tm2sub has 0 polygons
2026-09-18 22:17:07 +0530: Memory Usage (437868K) : snsbotvia_drw has 0 polygons
2026-09-18 22:17:07 +0530: Memory Usage (437868K) : snstopvia_drw has 0 polygons
2026-09-18 22:17:07 +0530: Memory Usage (437868K) : deepvia_drw has 0 polygons
2026-09-18 22:17:07 +0530: Memory Usage (437868K) : fgetch_drw has 0 polygons
2026-09-18 22:17:07 +0530: Memory Usage (437868K) : ctrgat_drw has 0 polygons
2026-09-18 22:17:07 +0530: Memory Usage (437868K) : fgimp_drw has 0 polygons
2026-09-18 22:17:07 +0530: Memory Usage (437868K) : emwihv_drw has 0 polygons
2026-09-18 22:17:07 +0530: Memory Usage (437868K) : lbe_drw has 0 polygons
2026-09-18 22:17:07 +0530: Memory Usage (437868K) : alcustop_drw has 0 polygons
2026-09-18 22:17:07 +0530: Memory Usage (437868K) : nometfiller_drw has 0 polygons
2026-09-18 22:17:07 +0530: Memory Usage (437868K) : prboundary_drw has 0 polygons
2026-09-18 22:17:07 +0530: Memory Usage (437868K) : exchange0_drw has 0 polygons
2026-09-18 22:17:07 +0530: Memory Usage (437868K) : exchange0_pin has 0 polygons
2026-09-18 22:17:07 +0530: Memory Usage (437868K) : exchange0_text has 0 polygons
2026-09-18 22:17:07 +0530: Memory Usage (437868K) : exchange1_drw has 0 polygons
2026-09-18 22:17:07 +0530: Memory Usage (437868K) : exchange1_pin has 0 polygons
2026-09-18 22:17:07 +0530: Memory Usage (437868K) : exchange1_text has 0 polygons
2026-09-18 22:17:07 +0530: Memory Usage (437868K) : exchange2_drw has 0 polygons
2026-09-18 22:17:07 +0530: Memory Usage (437868K) : exchange2_pin has 0 polygons
2026-09-18 22:17:07 +0530: Memory Usage (437868K) : exchange2_text has 0 polygons
2026-09-18 22:17:07 +0530: Memory Usage (437868K) : exchange3_drw has 0 polygons
2026-09-18 22:17:07 +0530: Memory Usage (437868K) : exchange3_pin has 0 polygons
2026-09-18 22:17:07 +0530: Memory Usage (437868K) : exchange3_text has 0 polygons
2026-09-18 22:17:07 +0530: Memory Usage (437868K) : exchange4_drw has 0 polygons
2026-09-18 22:17:07 +0530: Memory Usage (437868K) : exchange4_pin has 0 polygons
2026-09-18 22:17:07 +0530: Memory Usage (437868K) : exchange4_text has 0 polygons
2026-09-18 22:17:07 +0530: Memory Usage (437868K) : isonwell_drw has 0 polygons
2026-09-18 22:17:07 +0530: Memory Usage (437868K) : Total no. of polygons in the design is 293035
2026-09-18 22:17:07 +0530: Memory Usage (437868K) : Loaded TECH DRC rules values from /home/jaikrishn/IHP-Open-PDK/ihp-sg13g2/libs.tech/klayout/python/sg13g2_pycell_lib/sg13g2_tech_mod.json
2026-09-18 22:17:07 +0530: Memory Usage (437868K) : Loaded default DRC rules values from /home/jaikrishn/IHP-Open-PDK/ihp-sg13g2/libs.tech/klayout/tech/drc/rule_decks/sg13g2_tech_default.json
2026-09-18 22:17:07 +0530: Memory Usage (437868K) : The following rules values were missing in tech json and default values were used:
2026-09-18 22:17:07 +0530: Memory Usage (437868K) :   - NW_f1_digibnd
2026-09-18 22:17:07 +0530: Memory Usage (437868K) :   - Cnt_c_digibnd
2026-09-18 22:17:07 +0530: Memory Usage (437868K) :   - Cnt_c_sram
2026-09-18 22:17:07 +0530: Memory Usage (437868K) :   - Sdiod_b
2026-09-18 22:17:07 +0530: Memory Usage (437868K) :   - Sdiod_c
2026-09-18 22:17:07 +0530: Memory Usage (439044K) : Total area of the design is 69526.574425 um^2.
2026-09-18 22:17:07 +0530: Memory Usage (439044K) : The design dimensions are 254.485 µm * 273.205 µm.
2026-09-18 22:17:07 +0530: Memory Usage (439044K) : Starting general IHP-SG13G2 derivations.
2026-09-18 22:17:07 +0530: Memory Usage (439044K) : Starting Pwell derivations
2026-09-18 22:17:07 +0530: Memory Usage (443688K) : Starting n-Activ derivations
2026-09-18 22:17:07 +0530: Memory Usage (448224K) : Starting p-Activ derivations
2026-09-18 22:17:07 +0530: Memory Usage (452192K) : Starting ptap derivations
2026-09-18 22:17:07 +0530: Memory Usage (452576K) : Starting ntap derivations
2026-09-18 22:17:07 +0530: Memory Usage (452704K) : Starting pact FET derivations
2026-09-18 22:17:07 +0530: Memory Usage (454752K) : Starting nact FET derivations
2026-09-18 22:17:07 +0530: Memory Usage (458848K) : Starting Gate derivations
2026-09-18 22:17:07 +0530: Memory Usage (460256K) : Starting cont/contbar general derivations
2026-09-18 22:17:07 +0530: Memory Usage (474648K) : Starting pad general derivations
2026-09-18 22:17:07 +0530: Memory Usage (474648K) : Starting schottky_nbl general derivations
2026-09-18 22:17:07 +0530: Memory Usage (474648K) : Starting SVaricap general derivations
2026-09-18 22:17:07 +0530: Memory Usage (474776K) : Starting HBT general derivations
2026-09-18 22:17:08 +0530: Memory Usage (474776K) : Starting IHP-SG13G2 DRC connectivity related derivations.
2026-09-18 22:17:08 +0530: Memory Usage (474776K) : Starting IHP-SG13G2 DRC connectivity setup
2026-09-18 22:17:08 +0530: Memory Usage (474956K) : Starting IHP-SG13G2 DRC rules.
2026-09-18 22:17:08 +0530: Memory Usage (474956K) : Running all FEOL rules
2026-09-18 22:17:08 +0530: Memory Usage (474956K) : Running all BEOL rules
2026-09-18 22:17:08 +0530: Memory Usage (474956K) : Running all PIN rules
2026-09-18 22:17:08 +0530: Memory Usage (474956K) : Running all FORBIDDEN rules
2026-09-18 22:17:08 +0530: Memory Usage (474956K) : Starting 5.1 NWell table
2026-09-18 22:17:08 +0530: Memory Usage (474956K) : Executing rule NW.b
2026-09-18 22:17:08 +0530: Memory Usage (477240K) : Executing rule NW.b1
2026-09-18 22:17:08 +0530: Memory Usage (477368K) : Executing rule NW.f1
2026-09-18 22:17:08 +0530: Memory Usage (477368K) : Executing rule NW.f1.digibnd
2026-09-18 22:17:08 +0530: Memory Usage (477368K) : Starting 5.2 PWell:block
2026-09-18 22:17:08 +0530: Memory Usage (477368K) : Executing rule PWB.e
2026-09-18 22:17:08 +0530: Memory Usage (477368K) : Executing rule PWB.e1
2026-09-18 22:17:08 +0530: Memory Usage (477368K) : Executing rule PWB.f
2026-09-18 22:17:08 +0530: Memory Usage (477368K) : Executing rule PWB.f1
2026-09-18 22:17:08 +0530: Memory Usage (477368K) : Starting 5.3 nBuLay table
2026-09-18 22:17:08 +0530: Memory Usage (477368K) : Executing rule NBL.b
2026-09-18 22:17:08 +0530: Memory Usage (477496K) : Executing rule NBL.c
2026-09-18 22:17:08 +0530: Memory Usage (477496K) : Executing rule NBL.d
2026-09-18 22:17:08 +0530: Memory Usage (477744K) : Executing rule NBL.e
2026-09-18 22:17:08 +0530: Memory Usage (478896K) : Executing rule NBL.f
2026-09-18 22:17:08 +0530: Memory Usage (479024K) : Starting 5.5. Activ table
2026-09-18 22:17:08 +0530: Memory Usage (479024K) : Executing rule Act.a
2026-09-18 22:17:08 +0530: Memory Usage (479024K) : Executing rule Act.b
2026-09-18 22:17:08 +0530: Memory Usage (483416K) : Starting 5.6 Activ:filler table
2026-09-18 22:17:08 +0530: Memory Usage (483416K) : Executing rule AFil.c1
2026-09-18 22:17:08 +0530: Memory Usage (483416K) : Executing rule AFil.c
2026-09-18 22:17:08 +0530: Memory Usage (483416K) : Executing rule AFil.d
2026-09-18 22:17:08 +0530: Memory Usage (483416K) : Executing rule AFil.e
2026-09-18 22:17:08 +0530: Memory Usage (483416K) : Executing rule AFil.j
2026-09-18 22:17:08 +0530: Memory Usage (483416K) : Starting 5.7. ThickGateOx table
2026-09-18 22:17:08 +0530: Memory Usage (483416K) : Executing rule TGO.f
2026-09-18 22:17:08 +0530: Memory Usage (483416K) : Starting 5.8. GatPoly table
2026-09-18 22:17:08 +0530: Memory Usage (483416K) : Executing rule Gat.a
2026-09-18 22:17:08 +0530: Memory Usage (483416K) : Executing rule Gat.b
2026-09-18 22:17:08 +0530: Memory Usage (483416K) : Executing rule Gat.d
2026-09-18 22:17:08 +0530: Memory Usage (483416K) : Executing rule Gat.a1
2026-09-18 22:17:09 +0530: Memory Usage (484496K) : Executing rule Gat.a2
2026-09-18 22:17:09 +0530: Memory Usage (485776K) : Executing rule Gat.g
2026-09-18 22:17:09 +0530: Memory Usage (485648K) : Starting 5.9 GatPoly:filler
2026-09-18 22:17:09 +0530: Memory Usage (485648K) : Executing rule GFil.d
2026-09-18 22:17:09 +0530: Memory Usage (485648K) : Executing rule GFil.e
2026-09-18 22:17:09 +0530: Memory Usage (485648K) : Executing rule GFil.i
2026-09-18 22:17:09 +0530: Memory Usage (485648K) : Starting 5.10 pSD table
2026-09-18 22:17:09 +0530: Memory Usage (485648K) : Executing rule pSD.c1
2026-09-18 22:17:09 +0530: Memory Usage (494608K) : Starting 5.14. Cont table
2026-09-18 22:17:09 +0530: Memory Usage (494608K) : Executing rule Cnt.a
2026-09-18 22:17:09 +0530: Memory Usage (512656K) : Executing rule Cnt.b
2026-09-18 22:17:10 +0530: Memory Usage (516112K) : Executing rule Cnt.c
2026-09-18 22:17:10 +0530: Memory Usage (524048K) : Executing rule Cnt.c.digibnd
2026-09-18 22:17:10 +0530: Memory Usage (524048K) : Executing rule Cnt.c.SRAM
2026-09-18 22:17:10 +0530: Memory Usage (524048K) : Executing rule Cnt.d
2026-09-18 22:17:10 +0530: Memory Usage (525712K) : Executing rule Cnt.e
2026-09-18 22:17:10 +0530: Memory Usage (525968K) : Executing rule Cnt.g1
2026-09-18 22:17:11 +0530: Memory Usage (529296K) : Executing rule Cnt.g2
2026-09-18 22:17:11 +0530: Memory Usage (533136K) : Starting 5.15. ContBar table
2026-09-18 22:17:11 +0530: Memory Usage (533136K) : Executing rule CntB.a
2026-09-18 22:17:11 +0530: Memory Usage (534160K) : Executing rule CntB.a1
2026-09-18 22:17:11 +0530: Memory Usage (534160K) : Executing rule CntB.b1
2026-09-18 22:17:11 +0530: Memory Usage (534160K) : Executing rule CntB.h1
2026-09-18 22:17:11 +0530: Memory Usage (534160K) : Starting 6.1.3 NPN Substrate-Tie table
2026-09-18 22:17:11 +0530: Memory Usage (534160K) : Starting 6.7 Schottky diode table
2026-09-18 22:17:11 +0530: Memory Usage (534160K) : Executing rule Sdiod.b
2026-09-18 22:17:11 +0530: Memory Usage (534160K) : Executing rule Sdiod.c
2026-09-18 22:17:11 +0530: Memory Usage (534160K) : Executing rule Sdiod.d
2026-09-18 22:17:11 +0530: Memory Usage (534160K) : Executing rule Sdiod.e
2026-09-18 22:17:11 +0530: Memory Usage (534160K) : Starting 7.2 Latch-up table
2026-09-18 22:17:11 +0530: Memory Usage (534160K) : Executing rule LU.b
2026-09-18 22:17:12 +0530: Memory Usage (535824K) : Starting 5.16. Metal1 table
2026-09-18 22:17:12 +0530: Memory Usage (535824K) : Executing rule M1.a
2026-09-18 22:17:12 +0530: Memory Usage (535824K) : Executing rule M1.b
2026-09-18 22:17:13 +0530: Memory Usage (543888K) : Executing rule M1.e
2026-09-18 22:17:15 +0530: Memory Usage (545296K) : Executing rule M1.f
2026-09-18 22:17:16 +0530: Memory Usage (545296K) : Executing rule M1.g
2026-09-18 22:17:16 +0530: Memory Usage (552848K) : Executing rule M1.i
2026-09-18 22:17:16 +0530: Memory Usage (561680K) : Starting 5.17 Metaln table
2026-09-18 22:17:16 +0530: Memory Usage (561680K) : Executing rule M2.a
2026-09-18 22:17:16 +0530: Memory Usage (561680K) : Executing rule M2.b
2026-09-18 22:17:16 +0530: Memory Usage (549816K) : Executing rule M2.e
2026-09-18 22:17:16 +0530: Memory Usage (549944K) : Executing rule M2.f
2026-09-18 22:17:16 +0530: Memory Usage (549944K) : Executing rule M2.g
2026-09-18 22:17:16 +0530: Memory Usage (551224K) : Executing rule M2.i
2026-09-18 22:17:16 +0530: Memory Usage (552632K) : Executing rule M3.a
2026-09-18 22:17:16 +0530: Memory Usage (552632K) : Executing rule M3.b
2026-09-18 22:17:16 +0530: Memory Usage (552760K) : Executing rule M3.e
2026-09-18 22:17:16 +0530: Memory Usage (552760K) : Executing rule M3.f
2026-09-18 22:17:16 +0530: Memory Usage (552760K) : Executing rule M3.g
2026-09-18 22:17:16 +0530: Memory Usage (552888K) : Executing rule M3.i
2026-09-18 22:17:16 +0530: Memory Usage (552756K) : Executing rule M4.a
2026-09-18 22:17:16 +0530: Memory Usage (552756K) : Executing rule M4.b
2026-09-18 22:17:16 +0530: Memory Usage (552884K) : Executing rule M4.e
2026-09-18 22:17:16 +0530: Memory Usage (552884K) : Executing rule M4.f
2026-09-18 22:17:16 +0530: Memory Usage (552884K) : Executing rule M4.g
2026-09-18 22:17:16 +0530: Memory Usage (552756K) : Executing rule M4.i
2026-09-18 22:17:16 +0530: Memory Usage (552756K) : Executing rule M5.a
2026-09-18 22:17:16 +0530: Memory Usage (552756K) : Executing rule M5.b
2026-09-18 22:17:17 +0530: Memory Usage (552884K) : Executing rule M5.e
2026-09-18 22:17:17 +0530: Memory Usage (552756K) : Executing rule M5.f
2026-09-18 22:17:17 +0530: Memory Usage (552756K) : Executing rule M5.g
2026-09-18 22:17:17 +0530: Memory Usage (552756K) : Executing rule M5.i
2026-09-18 22:17:17 +0530: Memory Usage (552756K) : Starting 5.18 Metaln:filler table
2026-09-18 22:17:17 +0530: Memory Usage (552756K) : Executing rule M1Fil.c
2026-09-18 22:17:17 +0530: Memory Usage (552756K) : Executing rule M1Fil.a2
2026-09-18 22:17:17 +0530: Memory Usage (552756K) : Executing rule M2Fil.c
2026-09-18 22:17:17 +0530: Memory Usage (552756K) : Executing rule M2Fil.a2
2026-09-18 22:17:17 +0530: Memory Usage (552756K) : Executing rule M3Fil.c
2026-09-18 22:17:17 +0530: Memory Usage (552756K) : Executing rule M3Fil.a2
2026-09-18 22:17:17 +0530: Memory Usage (552756K) : Executing rule M4Fil.c
2026-09-18 22:17:17 +0530: Memory Usage (552756K) : Executing rule M4Fil.a2
2026-09-18 22:17:17 +0530: Memory Usage (552756K) : Executing rule M5Fil.c
2026-09-18 22:17:17 +0530: Memory Usage (552756K) : Executing rule M5Fil.a2
2026-09-18 22:17:17 +0530: Memory Usage (552756K) : Starting 5.19. Via1 table
2026-09-18 22:17:17 +0530: Memory Usage (552756K) : Starting 5.19. Via1 table derivations
2026-09-18 22:17:17 +0530: Memory Usage (552756K) : Executing rule V1.a
2026-09-18 22:17:17 +0530: Memory Usage (552756K) : Executing rule V1.b
2026-09-18 22:17:17 +0530: Memory Usage (552884K) : Executing rule V1.c
2026-09-18 22:17:17 +0530: Memory Usage (552884K) : Starting 5.20. Vian table
2026-09-18 22:17:17 +0530: Memory Usage (552884K) : Executing rule V2.a
2026-09-18 22:17:17 +0530: Memory Usage (552884K) : Executing rule V2.b
2026-09-18 22:17:17 +0530: Memory Usage (553012K) : Executing rule V2.c
2026-09-18 22:17:17 +0530: Memory Usage (553012K) : Executing rule V3.a
2026-09-18 22:17:17 +0530: Memory Usage (553012K) : Executing rule V3.b
2026-09-18 22:17:17 +0530: Memory Usage (553012K) : Executing rule V3.c
2026-09-18 22:17:17 +0530: Memory Usage (553012K) : Executing rule V4.a
2026-09-18 22:17:17 +0530: Memory Usage (553012K) : Executing rule V4.b
2026-09-18 22:17:17 +0530: Memory Usage (553012K) : Executing rule V4.c
2026-09-18 22:17:17 +0530: Memory Usage (553012K) : Starting 5.21. TopVia1 table
2026-09-18 22:17:17 +0530: Memory Usage (553012K) : Executing rule TV1.a
2026-09-18 22:17:17 +0530: Memory Usage (553012K) : Executing rule TV1.b
2026-09-18 22:17:17 +0530: Memory Usage (553012K) : Executing rule TV1.c
2026-09-18 22:17:17 +0530: Memory Usage (553012K) : Executing rule TV1.d
2026-09-18 22:17:17 +0530: Memory Usage (553140K) : Starting 5.22. TopMetal1 table
2026-09-18 22:17:17 +0530: Memory Usage (553140K) : Executing rule TM1.a
2026-09-18 22:17:17 +0530: Memory Usage (553140K) : Executing rule TM1.b
2026-09-18 22:17:17 +0530: Memory Usage (553140K) : Starting 5.23 TopMetal1:filler table
2026-09-18 22:17:17 +0530: Memory Usage (553140K) : Executing rule TM1Fil.c
2026-09-18 22:17:17 +0530: Memory Usage (553140K) : Executing rule TM1Fil.a1
2026-09-18 22:17:17 +0530: Memory Usage (553140K) : Starting 5.24. TopVia2 table
2026-09-18 22:17:17 +0530: Memory Usage (553140K) : Executing rule TV2.a
2026-09-18 22:17:17 +0530: Memory Usage (553140K) : Executing rule TV2.b
2026-09-18 22:17:17 +0530: Memory Usage (553012K) : Executing rule TV2.c
2026-09-18 22:17:17 +0530: Memory Usage (553012K) : Executing rule TV2.d
2026-09-18 22:17:17 +0530: Memory Usage (553140K) : Starting 5.25. TopMetal2 table
2026-09-18 22:17:17 +0530: Memory Usage (553140K) : Executing rule TM2.a
2026-09-18 22:17:17 +0530: Memory Usage (553140K) : Executing rule TM2.b
2026-09-18 22:17:17 +0530: Memory Usage (553008K) : Starting 5.26 TopMetal2:filler table
2026-09-18 22:17:17 +0530: Memory Usage (553008K) : Executing rule TM2Fil.c
2026-09-18 22:17:17 +0530: Memory Usage (553008K) : Executing rule TM2Fil.a1
2026-09-18 22:17:17 +0530: Memory Usage (553008K) : Starting 5.27. Passiv table
2026-09-18 22:17:17 +0530: Memory Usage (553008K) : Executing rule Pas.a
2026-09-18 22:17:17 +0530: Memory Usage (553008K) : Executing rule Pas.b
2026-09-18 22:17:17 +0530: Memory Usage (553008K) : Executing rule Pas.c
2026-09-18 22:17:17 +0530: Memory Usage (553008K) : Starting 6.9.2 Copper Pillar table
2026-09-18 22:17:17 +0530: Memory Usage (553008K) : Executing rule Padc.a
2026-09-18 22:17:17 +0530: Memory Usage (553008K) : Executing rule Padc.b
2026-09-18 22:17:17 +0530: Memory Usage (553008K) : Executing rule Padc.c
2026-09-18 22:17:17 +0530: Memory Usage (553008K) : Executing rule Padb.f
2026-09-18 22:17:17 +0530: Memory Usage (553008K) : Starting 6.9 Pad table
2026-09-18 22:17:17 +0530: Memory Usage (553008K) : Executing rule Pad.m
2026-09-18 22:17:17 +0530: Memory Usage (553008K) : Executing rule Pad.i
2026-09-18 22:17:17 +0530: Memory Usage (553008K) : Starting 6.9.1 Solder Bump
2026-09-18 22:17:17 +0530: Memory Usage (553008K) : Executing rule Padb.a
2026-09-18 22:17:17 +0530: Memory Usage (553008K) : Executing rule Padb.b
2026-09-18 22:17:17 +0530: Memory Usage (553008K) : Executing rule Padb.c
2026-09-18 22:17:17 +0530: Memory Usage (553008K) : Executing rule Padb.f
2026-09-18 22:17:17 +0530: Memory Usage (553008K) : Executing rule Padb.d
2026-09-18 22:17:17 +0530: Memory Usage (553008K) : Starting 6.10 Sealring table
2026-09-18 22:17:17 +0530: Memory Usage (553008K) : Executing rule Seal.l
2026-09-18 22:17:17 +0530: Memory Usage (553008K) : Executing rule Seal.n
2026-09-18 22:17:17 +0530: Memory Usage (553008K) : Executing rule seal.b_metal1
2026-09-18 22:17:17 +0530: Memory Usage (553008K) : Executing rule seal.b_metal2
2026-09-18 22:17:17 +0530: Memory Usage (553008K) : Executing rule seal.b_metal3
2026-09-18 22:17:17 +0530: Memory Usage (553008K) : Executing rule seal.b_metal4
2026-09-18 22:17:17 +0530: Memory Usage (553008K) : Executing rule seal.b_metal5
2026-09-18 22:17:17 +0530: Memory Usage (553008K) : Executing rule seal.b_topmetal1
2026-09-18 22:17:17 +0530: Memory Usage (553008K) : Executing rule seal.b_topmetal2
2026-09-18 22:17:17 +0530: Memory Usage (553008K) : Executing rule seal.b_activ
2026-09-18 22:17:17 +0530: Memory Usage (553008K) : Executing rule seal.b_psd
2026-09-18 22:17:17 +0530: Memory Usage (553008K) : Executing rule Seal.k
2026-09-18 22:17:17 +0530: Memory Usage (553008K) : Executing rule Seal.m
2026-09-18 22:17:17 +0530: Memory Usage (553008K) : Starting 6.11 MIM table
2026-09-18 22:17:17 +0530: Memory Usage (553008K) : Executing rule MIM.c
2026-09-18 22:17:17 +0530: Memory Usage (553008K) : Executing rule MIM.d
2026-09-18 22:17:17 +0530: Memory Usage (553008K) : Starting 7.3 Metal Slits table
2026-09-18 22:17:17 +0530: Memory Usage (553008K) : Executing rule Slt.e1_M1
2026-09-18 22:17:17 +0530: Memory Usage (553008K) : Executing rule Slt.e1_M2
2026-09-18 22:17:17 +0530: Memory Usage (553008K) : Executing rule Slt.e1_M3
2026-09-18 22:17:17 +0530: Memory Usage (553008K) : Executing rule Slt.e1_M4
2026-09-18 22:17:17 +0530: Memory Usage (553008K) : Executing rule Slt.e1_M5
2026-09-18 22:17:17 +0530: Memory Usage (553008K) : Executing rule Slt.e1_TM1
2026-09-18 22:17:17 +0530: Memory Usage (553008K) : Executing rule Slt.e1_TM2
2026-09-18 22:17:17 +0530: Memory Usage (553008K) : Starting 9.1. LBE table
2026-09-18 22:17:17 +0530: Memory Usage (553008K) : Executing rule LBE.a
2026-09-18 22:17:17 +0530: Memory Usage (553008K) : Executing rule LBE.b
2026-09-18 22:17:17 +0530: Memory Usage (553008K) : Executing rule LBE.b1
2026-09-18 22:17:17 +0530: Memory Usage (553008K) : Executing rule LBE.c
2026-09-18 22:17:17 +0530: Memory Usage (553008K) : Executing rule LBE.d
2026-09-18 22:17:17 +0530: Memory Usage (553008K) : Executing rule LBE.h
2026-09-18 22:17:17 +0530: Memory Usage (553008K) : Starting 7.4. PIN table
2026-09-18 22:17:17 +0530: Memory Usage (553008K) : Executing rule Pin.a
2026-09-18 22:17:17 +0530: Memory Usage (553008K) : Executing rule Pin.b
2026-09-18 22:17:17 +0530: Memory Usage (553008K) : Executing rule Pin.e
2026-09-18 22:17:17 +0530: Memory Usage (553776K) : Executing rule Pin.f_M2
2026-09-18 22:17:17 +0530: Memory Usage (553776K) : Executing rule Pin.f_M3
2026-09-18 22:17:17 +0530: Memory Usage (553776K) : Executing rule Pin.f_M4
2026-09-18 22:17:17 +0530: Memory Usage (553904K) : Executing rule Pin.f_M5
2026-09-18 22:17:17 +0530: Memory Usage (553904K) : Executing rule Pin.g
2026-09-18 22:17:17 +0530: Memory Usage (553904K) : Executing rule Pin.h
2026-09-18 22:17:17 +0530: Memory Usage (553904K) : Starting 3.1. offgrid table
2026-09-18 22:17:17 +0530: Memory Usage (553904K) : Executing rule activ_drw_Offgrid
2026-09-18 22:17:17 +0530: Memory Usage (553904K) : Executing rule activ_mask_Offgrid
2026-09-18 22:17:17 +0530: Memory Usage (553904K) : Executing rule activ_filler_Offgrid
2026-09-18 22:17:17 +0530: Memory Usage (553904K) : Executing rule activ_opc_Offgrid
2026-09-18 22:17:17 +0530: Memory Usage (554032K) : Executing rule activ_iopc_Offgrid
2026-09-18 22:17:17 +0530: Memory Usage (554032K) : Executing rule biwind_drw_Offgrid
2026-09-18 22:17:17 +0530: Memory Usage (554032K) : Executing rule biwind_opc_Offgrid
2026-09-18 22:17:17 +0530: Memory Usage (554032K) : Executing rule pemwind_drw_Offgrid
2026-09-18 22:17:17 +0530: Memory Usage (554032K) : Executing rule gatpoly_drw_Offgrid
2026-09-18 22:17:17 +0530: Memory Usage (554032K) : Executing rule gatpoly_filler_Offgrid
2026-09-18 22:17:18 +0530: Memory Usage (554032K) : Executing rule gatpoly_opc_Offgrid
2026-09-18 22:17:18 +0530: Memory Usage (554032K) : Executing rule gatpoly_iopc_Offgrid
2026-09-18 22:17:18 +0530: Memory Usage (554032K) : Executing rule gatpoly_noqrc_Offgrid
2026-09-18 22:17:18 +0530: Memory Usage (554032K) : Executing rule cont_drw_Offgrid
2026-09-18 22:17:18 +0530: Memory Usage (568632K) : Executing rule cont_opc_Offgrid
2026-09-18 22:17:18 +0530: Memory Usage (568632K) : Executing rule nsd_drw_Offgrid
2026-09-18 22:17:18 +0530: Memory Usage (568632K) : Executing rule nsd_block_Offgrid
2026-09-18 22:17:18 +0530: Memory Usage (568632K) : Executing rule metal1_drw_Offgrid
2026-09-18 22:17:19 +0530: Memory Usage (568632K) : Executing rule metal1_mask_Offgrid
2026-09-18 22:17:19 +0530: Memory Usage (568632K) : Executing rule metal1_filler_Offgrid
2026-09-18 22:17:19 +0530: Memory Usage (568632K) : Executing rule metal1_slit_Offgrid
2026-09-18 22:17:19 +0530: Memory Usage (568632K) : Executing rule metal1_opc_Offgrid
2026-09-18 22:17:19 +0530: Memory Usage (568632K) : Executing rule metal1_noqrc_Offgrid
2026-09-18 22:17:19 +0530: Memory Usage (568632K) : Executing rule metal1_res_Offgrid
2026-09-18 22:17:19 +0530: Memory Usage (568632K) : Executing rule metal1_iprobe_Offgrid
2026-09-18 22:17:19 +0530: Memory Usage (568632K) : Executing rule metal1_diffprb_Offgrid
2026-09-18 22:17:19 +0530: Memory Usage (568632K) : Executing rule passiv_drw_Offgrid
2026-09-18 22:17:19 +0530: Memory Usage (568632K) : Executing rule passiv_pillar_Offgrid
2026-09-18 22:17:19 +0530: Memory Usage (568632K) : Executing rule passiv_sbump_Offgrid
2026-09-18 22:17:19 +0530: Memory Usage (568632K) : Executing rule passiv_pdl_Offgrid
2026-09-18 22:17:19 +0530: Memory Usage (568632K) : Executing rule metal2_drw_Offgrid
2026-09-18 22:17:19 +0530: Memory Usage (568632K) : Executing rule metal2_mask_Offgrid
2026-09-18 22:17:19 +0530: Memory Usage (568632K) : Executing rule metal2_filler_Offgrid
2026-09-18 22:17:19 +0530: Memory Usage (568632K) : Executing rule metal2_slit_Offgrid
2026-09-18 22:17:19 +0530: Memory Usage (568632K) : Executing rule metal2_opc_Offgrid
2026-09-18 22:17:19 +0530: Memory Usage (568632K) : Executing rule metal2_noqrc_Offgrid
2026-09-18 22:17:19 +0530: Memory Usage (568632K) : Executing rule metal2_res_Offgrid
2026-09-18 22:17:19 +0530: Memory Usage (568632K) : Executing rule metal2_iprobe_Offgrid
2026-09-18 22:17:19 +0530: Memory Usage (568632K) : Executing rule metal2_diffprb_Offgrid
2026-09-18 22:17:19 +0530: Memory Usage (568632K) : Executing rule baspoly_drw_Offgrid
2026-09-18 22:17:19 +0530: Memory Usage (568632K) : Executing rule psd_drw_Offgrid
2026-09-18 22:17:19 +0530: Memory Usage (568632K) : Executing rule nldb_drw_Offgrid
2026-09-18 22:17:19 +0530: Memory Usage (568632K) : Executing rule via1_drw_Offgrid
2026-09-18 22:17:19 +0530: Memory Usage (568632K) : Executing rule backmetal1_drw_Offgrid
2026-09-18 22:17:19 +0530: Memory Usage (568632K) : Executing rule backmetal1_mask_Offgrid
2026-09-18 22:17:19 +0530: Memory Usage (568632K) : Executing rule backmetal1_filler_Offgrid
2026-09-18 22:17:19 +0530: Memory Usage (568632K) : Executing rule backmetal1_slit_Offgrid
2026-09-18 22:17:19 +0530: Memory Usage (568632K) : Executing rule backmetal1_opc_Offgrid
2026-09-18 22:17:19 +0530: Memory Usage (568632K) : Executing rule backmetal1_noqrc_Offgrid
2026-09-18 22:17:19 +0530: Memory Usage (568632K) : Executing rule backmetal1_res_Offgrid
2026-09-18 22:17:19 +0530: Memory Usage (568632K) : Executing rule backmetal1_iprobe_Offgrid
2026-09-18 22:17:19 +0530: Memory Usage (568632K) : Executing rule backmetal1_diffprb_Offgrid
2026-09-18 22:17:19 +0530: Memory Usage (568632K) : Executing rule backpassiv_drw_Offgrid
2026-09-18 22:17:19 +0530: Memory Usage (568632K) : Executing rule salblock_drw_Offgrid
2026-09-18 22:17:19 +0530: Memory Usage (568632K) : Executing rule via2_drw_Offgrid
2026-09-18 22:17:19 +0530: Memory Usage (568632K) : Executing rule metal3_drw_Offgrid
2026-09-18 22:17:19 +0530: Memory Usage (568632K) : Executing rule metal3_mask_Offgrid
2026-09-18 22:17:19 +0530: Memory Usage (568632K) : Executing rule metal3_filler_Offgrid
2026-09-18 22:17:19 +0530: Memory Usage (568632K) : Executing rule metal3_slit_Offgrid
2026-09-18 22:17:19 +0530: Memory Usage (568632K) : Executing rule metal3_opc_Offgrid
2026-09-18 22:17:19 +0530: Memory Usage (568632K) : Executing rule metal3_noqrc_Offgrid
2026-09-18 22:17:19 +0530: Memory Usage (568632K) : Executing rule metal3_res_Offgrid
2026-09-18 22:17:19 +0530: Memory Usage (568632K) : Executing rule metal3_iprobe_Offgrid
2026-09-18 22:17:19 +0530: Memory Usage (568632K) : Executing rule metal3_diffprb_Offgrid
2026-09-18 22:17:19 +0530: Memory Usage (568632K) : Executing rule nwell_drw_Offgrid
2026-09-18 22:17:19 +0530: Memory Usage (568632K) : Executing rule nbulay_drw_Offgrid
2026-09-18 22:17:19 +0530: Memory Usage (568632K) : Executing rule nbulay_block_Offgrid
2026-09-18 22:17:19 +0530: Memory Usage (568632K) : Executing rule pwell_drw_Offgrid
2026-09-18 22:17:19 +0530: Memory Usage (568632K) : Executing rule pwell_block_Offgrid
2026-09-18 22:17:19 +0530: Memory Usage (568632K) : Executing rule emwind_drw_Offgrid
2026-09-18 22:17:19 +0530: Memory Usage (568632K) : Executing rule emwind_opc_Offgrid
2026-09-18 22:17:19 +0530: Memory Usage (568632K) : Executing rule deepco_drw_Offgrid
2026-09-18 22:17:19 +0530: Memory Usage (568632K) : Executing rule mim_drw_Offgrid
2026-09-18 22:17:19 +0530: Memory Usage (568632K) : Executing rule substrate_drw_Offgrid
2026-09-18 22:17:19 +0530: Memory Usage (568632K) : Executing rule ic_drw_Offgrid
2026-09-18 22:17:19 +0530: Memory Usage (568632K) : Executing rule via3_drw_Offgrid
2026-09-18 22:17:19 +0530: Memory Usage (568632K) : Executing rule pldb_drw_Offgrid
2026-09-18 22:17:19 +0530: Memory Usage (568632K) : Executing rule metal4_drw_Offgrid
2026-09-18 22:17:20 +0530: Memory Usage (568632K) : Executing rule metal4_mask_Offgrid
2026-09-18 22:17:20 +0530: Memory Usage (568632K) : Executing rule metal4_filler_Offgrid
2026-09-18 22:17:20 +0530: Memory Usage (568632K) : Executing rule metal4_slit_Offgrid
2026-09-18 22:17:20 +0530: Memory Usage (568632K) : Executing rule metal4_opc_Offgrid
2026-09-18 22:17:20 +0530: Memory Usage (568632K) : Executing rule metal4_noqrc_Offgrid
2026-09-18 22:17:20 +0530: Memory Usage (568632K) : Executing rule metal4_res_Offgrid
2026-09-18 22:17:20 +0530: Memory Usage (568632K) : Executing rule metal4_iprobe_Offgrid
2026-09-18 22:17:20 +0530: Memory Usage (568632K) : Executing rule metal4_diffprb_Offgrid
2026-09-18 22:17:20 +0530: Memory Usage (568632K) : Executing rule via4_drw_Offgrid
2026-09-18 22:17:20 +0530: Memory Usage (568760K) : Executing rule metal5_drw_Offgrid
2026-09-18 22:17:20 +0530: Memory Usage (568760K) : Executing rule metal5_mask_Offgrid
2026-09-18 22:17:20 +0530: Memory Usage (568760K) : Executing rule metal5_filler_Offgrid
2026-09-18 22:17:20 +0530: Memory Usage (568760K) : Executing rule metal5_slit_Offgrid
2026-09-18 22:17:20 +0530: Memory Usage (568760K) : Executing rule metal5_opc_Offgrid
2026-09-18 22:17:20 +0530: Memory Usage (568760K) : Executing rule metal5_noqrc_Offgrid
2026-09-18 22:17:20 +0530: Memory Usage (568760K) : Executing rule metal5_res_Offgrid
2026-09-18 22:17:20 +0530: Memory Usage (568760K) : Executing rule metal5_iprobe_Offgrid
2026-09-18 22:17:20 +0530: Memory Usage (568760K) : Executing rule metal5_diffprb_Offgrid
2026-09-18 22:17:20 +0530: Memory Usage (568760K) : Executing rule prboundary_drw_Offgrid
2026-09-18 22:17:20 +0530: Memory Usage (568760K) : Executing rule exchange0_drw_Offgrid
2026-09-18 22:17:20 +0530: Memory Usage (568760K) : Executing rule exchange1_drw_Offgrid
2026-09-18 22:17:20 +0530: Memory Usage (568760K) : Executing rule exchange2_drw_Offgrid
2026-09-18 22:17:20 +0530: Memory Usage (568760K) : Executing rule exchange3_drw_Offgrid
2026-09-18 22:17:20 +0530: Memory Usage (568760K) : Executing rule exchange4_drw_Offgrid
2026-09-18 22:17:20 +0530: Memory Usage (568760K) : Executing rule isonwell_drw_Offgrid
2026-09-18 22:17:20 +0530: Memory Usage (568760K) : Executing rule thickgateox_drw_Offgrid
2026-09-18 22:17:20 +0530: Memory Usage (568760K) : Executing rule pempoly_drw_Offgrid
2026-09-18 22:17:20 +0530: Memory Usage (568760K) : Executing rule fbe_drw_Offgrid
2026-09-18 22:17:20 +0530: Memory Usage (568760K) : Executing rule empoly_drw_Offgrid
2026-09-18 22:17:20 +0530: Memory Usage (568760K) : Executing rule ldmos_drw_Offgrid
2026-09-18 22:17:20 +0530: Memory Usage (568760K) : Executing rule pbiwind_drw_Offgrid
2026-09-18 22:17:20 +0530: Memory Usage (568760K) : Executing rule colopen_drw_Offgrid
2026-09-18 22:17:20 +0530: Memory Usage (568760K) : Executing rule extblock_drw_Offgrid
2026-09-18 22:17:20 +0530: Memory Usage (568760K) : Executing rule nldd_drw_Offgrid
2026-09-18 22:17:20 +0530: Memory Usage (568760K) : Executing rule pldd_drw_Offgrid
2026-09-18 22:17:20 +0530: Memory Usage (568760K) : Executing rule next_drw_Offgrid
2026-09-18 22:17:20 +0530: Memory Usage (568760K) : Executing rule pext_drw_Offgrid
2026-09-18 22:17:20 +0530: Memory Usage (568760K) : Executing rule nexthv_drw_Offgrid
2026-09-18 22:17:20 +0530: Memory Usage (568760K) : Executing rule pexthv_drw_Offgrid
2026-09-18 22:17:20 +0530: Memory Usage (568760K) : Executing rule graphgate_drw_Offgrid
2026-09-18 22:17:20 +0530: Memory Usage (568760K) : Executing rule mempad_drw_Offgrid
2026-09-18 22:17:20 +0530: Memory Usage (568760K) : Executing rule topvia1_drw_Offgrid
2026-09-18 22:17:20 +0530: Memory Usage (568760K) : Executing rule topmetal1_drw_Offgrid
2026-09-18 22:17:20 +0530: Memory Usage (568760K) : Executing rule topmetal1_mask_Offgrid
2026-09-18 22:17:20 +0530: Memory Usage (568760K) : Executing rule topmetal1_filler_Offgrid
2026-09-18 22:17:20 +0530: Memory Usage (568760K) : Executing rule topmetal1_slit_Offgrid
2026-09-18 22:17:20 +0530: Memory Usage (568760K) : Executing rule topmetal1_noqrc_Offgrid
2026-09-18 22:17:20 +0530: Memory Usage (568760K) : Executing rule topmetal1_res_Offgrid
2026-09-18 22:17:20 +0530: Memory Usage (568760K) : Executing rule topmetal1_iprobe_Offgrid
2026-09-18 22:17:20 +0530: Memory Usage (568760K) : Executing rule topmetal1_diffprb_Offgrid
2026-09-18 22:17:20 +0530: Memory Usage (568760K) : Executing rule inldpwl_drw_Offgrid
2026-09-18 22:17:20 +0530: Memory Usage (568760K) : Executing rule polyres_drw_Offgrid
2026-09-18 22:17:20 +0530: Memory Usage (568760K) : Executing rule vmim_drw_Offgrid
2026-09-18 22:17:20 +0530: Memory Usage (568760K) : Executing rule nbulaycut_drw_Offgrid
2026-09-18 22:17:20 +0530: Memory Usage (568760K) : Executing rule antmetal1_drw_Offgrid
2026-09-18 22:17:20 +0530: Memory Usage (568760K) : Executing rule topvia2_drw_Offgrid
2026-09-18 22:17:20 +0530: Memory Usage (568760K) : Executing rule topmetal2_drw_Offgrid
2026-09-18 22:17:20 +0530: Memory Usage (568760K) : Executing rule topmetal2_mask_Offgrid
2026-09-18 22:17:20 +0530: Memory Usage (568760K) : Executing rule topmetal2_filler_Offgrid
2026-09-18 22:17:20 +0530: Memory Usage (568888K) : Executing rule topmetal2_slit_Offgrid
2026-09-18 22:17:20 +0530: Memory Usage (568888K) : Executing rule topmetal2_noqrc_Offgrid
2026-09-18 22:17:20 +0530: Memory Usage (568888K) : Executing rule topmetal2_res_Offgrid
2026-09-18 22:17:20 +0530: Memory Usage (568888K) : Executing rule topmetal2_iprobe_Offgrid
2026-09-18 22:17:20 +0530: Memory Usage (568888K) : Executing rule topmetal2_diffprb_Offgrid
2026-09-18 22:17:20 +0530: Memory Usage (568888K) : Executing rule snsring_drw_Offgrid
2026-09-18 22:17:20 +0530: Memory Usage (568888K) : Executing rule sensor_drw_Offgrid
2026-09-18 22:17:20 +0530: Memory Usage (568888K) : Executing rule snsarms_drw_Offgrid
2026-09-18 22:17:20 +0530: Memory Usage (568888K) : Executing rule snscmosvia_drw_Offgrid
2026-09-18 22:17:20 +0530: Memory Usage (568888K) : Executing rule colwind_drw_Offgrid
2026-09-18 22:17:20 +0530: Memory Usage (568888K) : Executing rule flm_drw_Offgrid
2026-09-18 22:17:20 +0530: Memory Usage (568888K) : Executing rule hafniumox_drw_Offgrid
2026-09-18 22:17:20 +0530: Memory Usage (568888K) : Executing rule memvia_drw_Offgrid
2026-09-18 22:17:20 +0530: Memory Usage (568888K) : Executing rule thinfilmres_drw_Offgrid
2026-09-18 22:17:20 +0530: Memory Usage (568888K) : Executing rule rfmem_drw_Offgrid
2026-09-18 22:17:20 +0530: Memory Usage (568888K) : Executing rule snsbotvia_drw_Offgrid
2026-09-18 22:17:20 +0530: Memory Usage (568888K) : Executing rule snstopvia_drw_Offgrid
2026-09-18 22:17:20 +0530: Memory Usage (568888K) : Executing rule deepvia_drw_Offgrid
2026-09-18 22:17:20 +0530: Memory Usage (568888K) : Executing rule fgetch_drw_Offgrid
2026-09-18 22:17:20 +0530: Memory Usage (568888K) : Executing rule ctrgat_drw_Offgrid
2026-09-18 22:17:20 +0530: Memory Usage (568888K) : Executing rule fgimp_drw_Offgrid
2026-09-18 22:17:20 +0530: Memory Usage (568888K) : Executing rule emwihv_drw_Offgrid
2026-09-18 22:17:20 +0530: Memory Usage (568888K) : Executing rule lbe_drw_Offgrid
2026-09-18 22:17:20 +0530: Memory Usage (568888K) : Executing rule alcustop_drw_Offgrid
2026-09-18 22:17:20 +0530: Memory Usage (568888K) : Starting 3.2. angle table
2026-09-18 22:17:20 +0530: Memory Usage (568888K) : Executing rule activ_drw_Acute
2026-09-18 22:17:20 +0530: Memory Usage (568888K) : Executing rule activ_pin_Acute
2026-09-18 22:17:20 +0530: Memory Usage (568888K) : Executing rule activ_mask_Acute
2026-09-18 22:17:20 +0530: Memory Usage (568888K) : Executing rule activ_filler_Acute
2026-09-18 22:17:20 +0530: Memory Usage (568888K) : Executing rule activ_nofill_Acute
2026-09-18 22:17:20 +0530: Memory Usage (568888K) : Executing rule activ_opc_Acute
2026-09-18 22:17:21 +0530: Memory Usage (568888K) : Executing rule activ_iopc_Acute
2026-09-18 22:17:21 +0530: Memory Usage (568888K) : Executing rule activ_noqrc_Acute
2026-09-18 22:17:21 +0530: Memory Usage (568888K) : Executing rule biwind_drw_Acute
2026-09-18 22:17:21 +0530: Memory Usage (568888K) : Executing rule biwind_opc_Acute
2026-09-18 22:17:21 +0530: Memory Usage (568888K) : Executing rule pemwind_drw_Acute
2026-09-18 22:17:21 +0530: Memory Usage (568888K) : Executing rule gatpoly_drw_Acute
2026-09-18 22:17:21 +0530: Memory Usage (568888K) : Executing rule gatpoly_pin_Acute
2026-09-18 22:17:21 +0530: Memory Usage (568888K) : Executing rule gatpoly_filler_Acute
2026-09-18 22:17:21 +0530: Memory Usage (568888K) : Executing rule gatpoly_nofill_Acute
2026-09-18 22:17:21 +0530: Memory Usage (568888K) : Executing rule gatpoly_opc_Acute
2026-09-18 22:17:21 +0530: Memory Usage (568888K) : Executing rule gatpoly_iopc_Acute
2026-09-18 22:17:21 +0530: Memory Usage (568888K) : Executing rule gatpoly_noqrc_Acute
2026-09-18 22:17:21 +0530: Memory Usage (568888K) : Executing rule cont_drw_Acute
2026-09-18 22:17:21 +0530: Memory Usage (629688K) : Executing rule cont_opc_Acute
2026-09-18 22:17:21 +0530: Memory Usage (629688K) : Executing rule nsd_drw_Acute
2026-09-18 22:17:21 +0530: Memory Usage (629688K) : Executing rule nsd_block_Acute
2026-09-18 22:17:21 +0530: Memory Usage (629688K) : Executing rule metal1_drw_Acute
2026-09-18 22:17:22 +0530: Memory Usage (629688K) : Executing rule metal1_pin_Acute
2026-09-18 22:17:22 +0530: Memory Usage (629688K) : Executing rule metal1_mask_Acute
2026-09-18 22:17:22 +0530: Memory Usage (629688K) : Executing rule metal1_filler_Acute
2026-09-18 22:17:22 +0530: Memory Usage (629688K) : Executing rule metal1_nofill_Acute
2026-09-18 22:17:22 +0530: Memory Usage (627484K) : Executing rule metal1_slit_Acute
2026-09-18 22:17:22 +0530: Memory Usage (627484K) : Executing rule metal1_opc_Acute
2026-09-18 22:17:22 +0530: Memory Usage (627484K) : Executing rule metal1_noqrc_Acute
2026-09-18 22:17:22 +0530: Memory Usage (627484K) : Executing rule metal1_res_Acute
2026-09-18 22:17:22 +0530: Memory Usage (627484K) : Executing rule metal1_iprobe_Acute
2026-09-18 22:17:22 +0530: Memory Usage (627484K) : Executing rule metal1_diffprb_Acute
2026-09-18 22:17:22 +0530: Memory Usage (627484K) : Executing rule passiv_drw_Acute
2026-09-18 22:17:22 +0530: Memory Usage (627484K) : Executing rule passiv_pin_Acute
2026-09-18 22:17:22 +0530: Memory Usage (627484K) : Executing rule passiv_pillar_Acute
2026-09-18 22:17:22 +0530: Memory Usage (627484K) : Executing rule passiv_sbump_Acute
2026-09-18 22:17:22 +0530: Memory Usage (627484K) : Executing rule passiv_pdl_Acute
2026-09-18 22:17:22 +0530: Memory Usage (627484K) : Executing rule metal2_drw_Acute
2026-09-18 22:17:22 +0530: Memory Usage (627484K) : Executing rule metal2_pin_Acute
2026-09-18 22:17:22 +0530: Memory Usage (627484K) : Executing rule metal2_mask_Acute
2026-09-18 22:17:22 +0530: Memory Usage (627484K) : Executing rule metal2_filler_Acute
2026-09-18 22:17:22 +0530: Memory Usage (627484K) : Executing rule metal2_nofill_Acute
2026-09-18 22:17:22 +0530: Memory Usage (627484K) : Executing rule metal2_slit_Acute
2026-09-18 22:17:22 +0530: Memory Usage (627484K) : Executing rule metal2_opc_Acute
2026-09-18 22:17:22 +0530: Memory Usage (627484K) : Executing rule metal2_noqrc_Acute
2026-09-18 22:17:22 +0530: Memory Usage (627484K) : Executing rule metal2_res_Acute
2026-09-18 22:17:22 +0530: Memory Usage (627484K) : Executing rule metal2_iprobe_Acute
2026-09-18 22:17:22 +0530: Memory Usage (627484K) : Executing rule metal2_diffprb_Acute
2026-09-18 22:17:22 +0530: Memory Usage (627484K) : Executing rule baspoly_drw_Acute
2026-09-18 22:17:22 +0530: Memory Usage (627484K) : Executing rule baspoly_pin_Acute
2026-09-18 22:17:22 +0530: Memory Usage (627484K) : Executing rule psd_drw_Acute
2026-09-18 22:17:22 +0530: Memory Usage (627484K) : Executing rule nldb_drw_Acute
2026-09-18 22:17:22 +0530: Memory Usage (627484K) : Executing rule via1_drw_Acute
2026-09-18 22:17:22 +0530: Memory Usage (627484K) : Executing rule backmetal1_drw_Acute
2026-09-18 22:17:22 +0530: Memory Usage (627484K) : Executing rule backmetal1_pin_Acute
2026-09-18 22:17:22 +0530: Memory Usage (627484K) : Executing rule backmetal1_mask_Acute
2026-09-18 22:17:22 +0530: Memory Usage (627484K) : Executing rule backmetal1_filler_Acute
2026-09-18 22:17:22 +0530: Memory Usage (627484K) : Executing rule backmetal1_nofill_Acute
2026-09-18 22:17:22 +0530: Memory Usage (625180K) : Executing rule backmetal1_slit_Acute
2026-09-18 22:17:22 +0530: Memory Usage (625180K) : Executing rule backmetal1_opc_Acute
2026-09-18 22:17:22 +0530: Memory Usage (625180K) : Executing rule backmetal1_noqrc_Acute
2026-09-18 22:17:22 +0530: Memory Usage (625180K) : Executing rule backmetal1_res_Acute
2026-09-18 22:17:22 +0530: Memory Usage (625180K) : Executing rule backmetal1_iprobe_Acute
2026-09-18 22:17:22 +0530: Memory Usage (625180K) : Executing rule backmetal1_diffprb_Acute
2026-09-18 22:17:22 +0530: Memory Usage (625180K) : Executing rule backpassiv_drw_Acute
2026-09-18 22:17:22 +0530: Memory Usage (625180K) : Executing rule salblock_drw_Acute
2026-09-18 22:17:22 +0530: Memory Usage (625180K) : Executing rule via2_drw_Acute
2026-09-18 22:17:22 +0530: Memory Usage (625180K) : Executing rule metal3_drw_Acute
2026-09-18 22:17:22 +0530: Memory Usage (625180K) : Executing rule metal3_pin_Acute
2026-09-18 22:17:22 +0530: Memory Usage (625180K) : Executing rule metal3_mask_Acute
2026-09-18 22:17:22 +0530: Memory Usage (625180K) : Executing rule metal3_filler_Acute
2026-09-18 22:17:22 +0530: Memory Usage (625180K) : Executing rule metal3_nofill_Acute
2026-09-18 22:17:22 +0530: Memory Usage (625180K) : Executing rule metal3_slit_Acute
2026-09-18 22:17:22 +0530: Memory Usage (625180K) : Executing rule metal3_opc_Acute
2026-09-18 22:17:23 +0530: Memory Usage (625180K) : Executing rule metal3_noqrc_Acute
2026-09-18 22:17:23 +0530: Memory Usage (625180K) : Executing rule metal3_res_Acute
2026-09-18 22:17:23 +0530: Memory Usage (625180K) : Executing rule metal3_iprobe_Acute
2026-09-18 22:17:23 +0530: Memory Usage (625180K) : Executing rule metal3_diffprb_Acute
2026-09-18 22:17:23 +0530: Memory Usage (625180K) : Executing rule nwell_drw_Acute
2026-09-18 22:17:23 +0530: Memory Usage (625180K) : Executing rule nwell_pin_Acute
2026-09-18 22:17:23 +0530: Memory Usage (625180K) : Executing rule nbulay_drw_Acute
2026-09-18 22:17:23 +0530: Memory Usage (625180K) : Executing rule nbulay_pin_Acute
2026-09-18 22:17:23 +0530: Memory Usage (625180K) : Executing rule nbulay_block_Acute
2026-09-18 22:17:23 +0530: Memory Usage (625180K) : Executing rule pwell_drw_Acute
2026-09-18 22:17:23 +0530: Memory Usage (625180K) : Executing rule pwell_pin_Acute
2026-09-18 22:17:23 +0530: Memory Usage (625180K) : Executing rule pwell_block_Acute
2026-09-18 22:17:23 +0530: Memory Usage (625180K) : Executing rule emwind_drw_Acute
2026-09-18 22:17:23 +0530: Memory Usage (625180K) : Executing rule emwind_opc_Acute
2026-09-18 22:17:23 +0530: Memory Usage (625180K) : Executing rule deepco_drw_Acute
2026-09-18 22:17:23 +0530: Memory Usage (625180K) : Executing rule mim_drw_Acute
2026-09-18 22:17:23 +0530: Memory Usage (625180K) : Executing rule substrate_drw_Acute
2026-09-18 22:17:23 +0530: Memory Usage (625180K) : Executing rule ic_drw_Acute
2026-09-18 22:17:23 +0530: Memory Usage (625180K) : Executing rule via3_drw_Acute
2026-09-18 22:17:23 +0530: Memory Usage (625180K) : Executing rule pldb_drw_Acute
2026-09-18 22:17:23 +0530: Memory Usage (625180K) : Executing rule metal4_drw_Acute
2026-09-18 22:17:23 +0530: Memory Usage (624156K) : Executing rule metal4_pin_Acute
2026-09-18 22:17:23 +0530: Memory Usage (624156K) : Executing rule metal4_mask_Acute
2026-09-18 22:17:23 +0530: Memory Usage (624156K) : Executing rule metal4_filler_Acute
2026-09-18 22:17:23 +0530: Memory Usage (624156K) : Executing rule metal4_nofill_Acute
2026-09-18 22:17:23 +0530: Memory Usage (624156K) : Executing rule metal4_slit_Acute
2026-09-18 22:17:23 +0530: Memory Usage (624156K) : Executing rule metal4_opc_Acute
2026-09-18 22:17:23 +0530: Memory Usage (624156K) : Executing rule metal4_noqrc_Acute
2026-09-18 22:17:23 +0530: Memory Usage (624156K) : Executing rule metal4_res_Acute
2026-09-18 22:17:23 +0530: Memory Usage (624156K) : Executing rule metal4_iprobe_Acute
2026-09-18 22:17:23 +0530: Memory Usage (624156K) : Executing rule metal4_diffprb_Acute
2026-09-18 22:17:23 +0530: Memory Usage (624156K) : Executing rule via4_drw_Acute
2026-09-18 22:17:23 +0530: Memory Usage (624156K) : Executing rule metal5_drw_Acute
2026-09-18 22:17:23 +0530: Memory Usage (624156K) : Executing rule metal5_pin_Acute
2026-09-18 22:17:23 +0530: Memory Usage (624156K) : Executing rule metal5_mask_Acute
2026-09-18 22:17:23 +0530: Memory Usage (624156K) : Executing rule metal5_filler_Acute
2026-09-18 22:17:23 +0530: Memory Usage (624156K) : Executing rule metal5_nofill_Acute
2026-09-18 22:17:23 +0530: Memory Usage (624156K) : Executing rule metal5_slit_Acute
2026-09-18 22:17:23 +0530: Memory Usage (624156K) : Executing rule metal5_opc_Acute
2026-09-18 22:17:23 +0530: Memory Usage (624156K) : Executing rule metal5_noqrc_Acute
2026-09-18 22:17:23 +0530: Memory Usage (624156K) : Executing rule metal5_res_Acute
2026-09-18 22:17:23 +0530: Memory Usage (624156K) : Executing rule metal5_iprobe_Acute
2026-09-18 22:17:23 +0530: Memory Usage (624156K) : Executing rule metal5_diffprb_Acute
2026-09-18 22:17:23 +0530: Memory Usage (624156K) : Executing rule prboundary_drw_Acute
2026-09-18 22:17:23 +0530: Memory Usage (624156K) : Executing rule exchange0_drw_Acute
2026-09-18 22:17:23 +0530: Memory Usage (624156K) : Executing rule exchange0_pin_Acute
2026-09-18 22:17:23 +0530: Memory Usage (624156K) : Executing rule exchange1_drw_Acute
2026-09-18 22:17:23 +0530: Memory Usage (624156K) : Executing rule exchange1_pin_Acute
2026-09-18 22:17:23 +0530: Memory Usage (624156K) : Executing rule exchange2_drw_Acute
2026-09-18 22:17:23 +0530: Memory Usage (624156K) : Executing rule exchange2_pin_Acute
2026-09-18 22:17:23 +0530: Memory Usage (624156K) : Executing rule exchange3_drw_Acute
2026-09-18 22:17:23 +0530: Memory Usage (624156K) : Executing rule exchange3_pin_Acute
2026-09-18 22:17:23 +0530: Memory Usage (624156K) : Executing rule exchange4_drw_Acute
2026-09-18 22:17:23 +0530: Memory Usage (624156K) : Executing rule exchange4_pin_Acute
2026-09-18 22:17:23 +0530: Memory Usage (624156K) : Executing rule isonwell_drw_Acute
2026-09-18 22:17:23 +0530: Memory Usage (624156K) : Executing rule thickgateox_drw_Acute
2026-09-18 22:17:23 +0530: Memory Usage (624156K) : Executing rule pempoly_drw_Acute
2026-09-18 22:17:23 +0530: Memory Usage (624156K) : Executing rule fbe_drw_Acute
2026-09-18 22:17:23 +0530: Memory Usage (624156K) : Executing rule empoly_drw_Acute
2026-09-18 22:17:23 +0530: Memory Usage (624156K) : Executing rule ldmos_drw_Acute
2026-09-18 22:17:23 +0530: Memory Usage (624156K) : Executing rule pbiwind_drw_Acute
2026-09-18 22:17:23 +0530: Memory Usage (624156K) : Executing rule colopen_drw_Acute
2026-09-18 22:17:23 +0530: Memory Usage (624156K) : Executing rule extblock_drw_Acute
2026-09-18 22:17:23 +0530: Memory Usage (624156K) : Executing rule nldd_drw_Acute
2026-09-18 22:17:23 +0530: Memory Usage (624156K) : Executing rule pldd_drw_Acute
2026-09-18 22:17:23 +0530: Memory Usage (624156K) : Executing rule next_drw_Acute
2026-09-18 22:17:23 +0530: Memory Usage (624156K) : Executing rule pext_drw_Acute
2026-09-18 22:17:23 +0530: Memory Usage (624156K) : Executing rule nexthv_drw_Acute
2026-09-18 22:17:23 +0530: Memory Usage (624156K) : Executing rule pexthv_drw_Acute
2026-09-18 22:17:23 +0530: Memory Usage (623772K) : Executing rule graphgate_drw_Acute
2026-09-18 22:17:23 +0530: Memory Usage (623772K) : Executing rule mempad_drw_Acute
2026-09-18 22:17:23 +0530: Memory Usage (623772K) : Executing rule topvia1_drw_Acute
2026-09-18 22:17:23 +0530: Memory Usage (623772K) : Executing rule topmetal1_drw_Acute
2026-09-18 22:17:23 +0530: Memory Usage (623772K) : Executing rule topmetal1_pin_Acute
2026-09-18 22:17:23 +0530: Memory Usage (623772K) : Executing rule topmetal1_mask_Acute
2026-09-18 22:17:23 +0530: Memory Usage (623772K) : Executing rule topmetal1_filler_Acute
2026-09-18 22:17:23 +0530: Memory Usage (623772K) : Executing rule topmetal1_nofill_Acute
2026-09-18 22:17:23 +0530: Memory Usage (623772K) : Executing rule topmetal1_slit_Acute
2026-09-18 22:17:23 +0530: Memory Usage (623772K) : Executing rule topmetal1_noqrc_Acute
2026-09-18 22:17:24 +0530: Memory Usage (623772K) : Executing rule topmetal1_res_Acute
2026-09-18 22:17:24 +0530: Memory Usage (623772K) : Executing rule topmetal1_iprobe_Acute
2026-09-18 22:17:24 +0530: Memory Usage (623772K) : Executing rule topmetal1_diffprb_Acute
2026-09-18 22:17:24 +0530: Memory Usage (623772K) : Executing rule inldpwl_drw_Acute
2026-09-18 22:17:24 +0530: Memory Usage (623772K) : Executing rule polyres_drw_Acute
2026-09-18 22:17:24 +0530: Memory Usage (623772K) : Executing rule polyres_pin_Acute
2026-09-18 22:17:24 +0530: Memory Usage (623772K) : Executing rule vmim_drw_Acute
2026-09-18 22:17:24 +0530: Memory Usage (623772K) : Executing rule nbulaycut_drw_Acute
2026-09-18 22:17:24 +0530: Memory Usage (623772K) : Executing rule antmetal1_drw_Acute
2026-09-18 22:17:24 +0530: Memory Usage (623772K) : Executing rule topvia2_drw_Acute
2026-09-18 22:17:24 +0530: Memory Usage (623772K) : Executing rule topmetal2_drw_Acute
2026-09-18 22:17:24 +0530: Memory Usage (623772K) : Executing rule topmetal2_pin_Acute
2026-09-18 22:17:24 +0530: Memory Usage (623772K) : Executing rule topmetal2_mask_Acute
2026-09-18 22:17:24 +0530: Memory Usage (623772K) : Executing rule topmetal2_filler_Acute
2026-09-18 22:17:24 +0530: Memory Usage (623772K) : Executing rule topmetal2_nofill_Acute
2026-09-18 22:17:24 +0530: Memory Usage (623772K) : Executing rule topmetal2_slit_Acute
2026-09-18 22:17:24 +0530: Memory Usage (623772K) : Executing rule topmetal2_noqrc_Acute
2026-09-18 22:17:24 +0530: Memory Usage (623772K) : Executing rule topmetal2_res_Acute
2026-09-18 22:17:24 +0530: Memory Usage (623772K) : Executing rule topmetal2_iprobe_Acute
2026-09-18 22:17:24 +0530: Memory Usage (623772K) : Executing rule topmetal2_diffprb_Acute
2026-09-18 22:17:24 +0530: Memory Usage (623772K) : Executing rule snsring_drw_Acute
2026-09-18 22:17:24 +0530: Memory Usage (623772K) : Executing rule sensor_drw_Acute
2026-09-18 22:17:24 +0530: Memory Usage (623772K) : Executing rule snsarms_drw_Acute
2026-09-18 22:17:24 +0530: Memory Usage (623772K) : Executing rule snscmosvia_drw_Acute
2026-09-18 22:17:24 +0530: Memory Usage (623772K) : Executing rule colwind_drw_Acute
2026-09-18 22:17:24 +0530: Memory Usage (623772K) : Executing rule flm_drw_Acute
2026-09-18 22:17:24 +0530: Memory Usage (623772K) : Executing rule hafniumox_drw_Acute
2026-09-18 22:17:24 +0530: Memory Usage (623772K) : Executing rule memvia_drw_Acute
2026-09-18 22:17:24 +0530: Memory Usage (623772K) : Executing rule thinfilmres_drw_Acute
2026-09-18 22:17:24 +0530: Memory Usage (623772K) : Executing rule rfmem_drw_Acute
2026-09-18 22:17:24 +0530: Memory Usage (623772K) : Executing rule snsbotvia_drw_Acute
2026-09-18 22:17:24 +0530: Memory Usage (623772K) : Executing rule snstopvia_drw_Acute
2026-09-18 22:17:24 +0530: Memory Usage (623772K) : Executing rule deepvia_drw_Acute
2026-09-18 22:17:24 +0530: Memory Usage (623772K) : Executing rule fgetch_drw_Acute
2026-09-18 22:17:24 +0530: Memory Usage (623772K) : Executing rule ctrgat_drw_Acute
2026-09-18 22:17:24 +0530: Memory Usage (623772K) : Executing rule fgimp_drw_Acute
2026-09-18 22:17:24 +0530: Memory Usage (623772K) : Executing rule emwihv_drw_Acute
2026-09-18 22:17:24 +0530: Memory Usage (623772K) : Executing rule lbe_drw_Acute
2026-09-18 22:17:24 +0530: Memory Usage (623772K) : Executing rule alcustop_drw_Acute
2026-09-18 22:17:24 +0530: Memory Usage (623772K) : Executing rule cont_drw_Angle90
2026-09-18 22:17:25 +0530: Memory Usage (651548K) : Executing rule via1_drw_Angle90
2026-09-18 22:17:25 +0530: Memory Usage (651676K) : Executing rule via2_drw_Angle90
2026-09-18 22:17:25 +0530: Memory Usage (651804K) : Executing rule via3_drw_Angle90
2026-09-18 22:17:25 +0530: Memory Usage (651672K) : Executing rule via4_drw_Angle90
2026-09-18 22:17:25 +0530: Memory Usage (651672K) : Executing rule vmim_drw_Angle90
2026-09-18 22:17:25 +0530: Memory Usage (651672K) : Executing rule topvia1_drw_Angle90
2026-09-18 22:17:25 +0530: Memory Usage (651672K) : Executing rule topvia2_drw_Angle90
2026-09-18 22:17:25 +0530: Memory Usage (651540K) : Executing rule gatpoly_drw_Angle45
2026-09-18 22:17:25 +0530: Memory Usage (651408K) : Executing rule activ_drw_Angle45
2026-09-18 22:17:26 +0530: Memory Usage (647048K) : Executing rule metal1_drw_Angle45
2026-09-18 22:17:27 +0530: Memory Usage (657160K) : Executing rule metal2_drw_Angle45
2026-09-18 22:17:27 +0530: Memory Usage (659208K) : Executing rule metal3_drw_Angle45
2026-09-18 22:17:27 +0530: Memory Usage (659592K) : Executing rule metal4_drw_Angle45
2026-09-18 22:17:27 +0530: Memory Usage (659592K) : Executing rule metal5_drw_Angle45
2026-09-18 22:17:28 +0530: Memory Usage (659592K) : Executing rule topmetal1_drw_Angle45
2026-09-18 22:17:28 +0530: Memory Usage (659592K) : Executing rule topmetal2_drw_Angle45
2026-09-18 22:17:28 +0530: Memory Usage (659592K) : Starting 3.2. FORBIDDEN table
2026-09-18 22:17:28 +0530: Memory Usage (659592K) : Executing rule forbidden.biwind
2026-09-18 22:17:28 +0530: Memory Usage (659592K) : Executing rule forbidden.pemwind
2026-09-18 22:17:28 +0530: Memory Usage (659592K) : Executing rule forbidden.baspoly
2026-09-18 22:17:28 +0530: Memory Usage (659592K) : Executing rule forbidden.deepco
2026-09-18 22:17:28 +0530: Memory Usage (659592K) : Executing rule forbidden.pempoly
2026-09-18 22:17:28 +0530: Memory Usage (659592K) : Executing rule forbidden.empoly
2026-09-18 22:17:28 +0530: Memory Usage (659592K) : Executing rule forbidden.ldmos
2026-09-18 22:17:28 +0530: Memory Usage (659592K) : Executing rule forbidden.pbiwind
2026-09-18 22:17:28 +0530: Memory Usage (659592K) : Executing rule forbidden.nodrc
2026-09-18 22:17:28 +0530: Memory Usage (659592K) : Executing rule forbidden.flash
2026-09-18 22:17:28 +0530: Memory Usage (659592K) : Executing rule forbidden.colwind
2026-09-18 22:17:28 +0530: Memory Usage (659592K) : KLayout DRC run for tables 'main' completed in 21.5 seconds
