
===========================================================================
 report_power
============================================================================
======================= nom_slow_1p08V_125C Corner ===================================

Group                    Internal    Switching      Leakage        Total
                            Power        Power        Power        Power (Watts)
------------------------------------------------------------------------
Sequential           7.344916e-03 4.779913e-04 3.384907e-06 7.826292e-03  44.4%
Combinational        3.232255e-03 3.927879e-03 5.494414e-06 7.165628e-03  40.7%
Clock                1.280871e-03 1.342820e-03 2.852197e-06 2.626543e-03  14.9%
Macro                0.000000e+00 0.000000e+00 0.000000e+00 0.000000e+00   0.0%
Pad                  0.000000e+00 0.000000e+00 0.000000e+00 0.000000e+00   0.0%
------------------------------------------------------------------------
Total                1.185806e-02 5.748692e-03 1.173163e-05 1.761848e-02 100.0%
                            67.3%        32.6%         0.1%

