Clock: clk_i
Sources: clk_i 
Generated: no
Virtual: yes
Propagated: no
Period: 10.000000

===========================================================================
report_clock_properties
============================================================================
Clock                   Period          Waveform
----------------------------------------------------
clk_i                10.000000    0.000000  5.000000

===========================================================================
report_clock_latency
============================================================================
Clock clk_i
rise -> rise
    min     max
0.000000 0.000000 source latency
0.579844         network latency _15032_/CLK
        0.655640 network latency _14123_/CLK
---------------
0.579844 0.655640 latency
        0.075796 skew

fall -> fall
    min     max
0.000000 0.000000 source latency
0.581480         network latency _15032_/CLK
        0.655477 network latency _14123_/CLK
---------------
0.581480 0.655477 latency
        0.073997 skew



===========================================================================
report_clock_min_period
============================================================================
clk_i period_min = 6.49 fmax = 154.12
