
===========================================================================
report_checks -unconstrained
===========================================================================
======================= nom_typ_1p20V_25C Corner ===================================

Startpoint: clk_i (clock source 'clk_i')
Endpoint: u_ram/clk_i (internal pin)
Path Group: unconstrained
Path Type: max

Fanout         Cap        Slew       Delay        Time   Description
---------------------------------------------------------------------------------------------
     1    0.131351    0.109048    0.112013    5.112013 v clk_i (in)
                                                         clk_i (net)
                      0.141862    0.000000    5.112013 v clkbuf_0_clk_i/A (sg13g2_buf_16)
     2    0.113021    0.039951    0.136331    5.248344 v clkbuf_0_clk_i/X (sg13g2_buf_16)
                                                         clknet_0_clk_i (net)
                      0.046527    0.012573    5.260918 v clkbuf_1_0__f_clk_i/A (sg13g2_buf_16)
     4    0.185496    0.040323    0.099107    5.360025 v clkbuf_1_0__f_clk_i/X (sg13g2_buf_16)
                                                         clknet_1_0__leaf_clk_i (net)
                      0.117504    0.058016    5.418041 v u_ram/clk_i (ram_macro)
                                              5.418041   data arrival time
---------------------------------------------------------------------------------------------
(Path is unconstrained)




===========================================================================
report_checks --slack_max -0.01
============================================================================
======================= nom_typ_1p20V_25C Corner ===================================

No paths found.


===========================================================================
 report_check_types -max_slew -max_cap -max_fanout -violators
============================================================================
======================= nom_typ_1p20V_25C Corner ===================================

max fanout

Pin                                   Limit Fanout  Slack
---------------------------------------------------------
rst_ni                                    8     42    -34 (VIOLATED)



===========================================================================
report_parasitic_annotation -report_unannotated
============================================================================
Found 0 unannotated drivers.
Found 96 partially unannotated drivers.
 gpio0_in[0]
  u_periph0/gpio_in[31]
 gpio0_in[10]
  u_periph0/gpio_in[21]
 gpio0_in[11]
  u_periph0/gpio_in[20]
 gpio0_in[12]
  u_periph0/gpio_in[19]
 gpio0_in[13]
  u_periph0/gpio_in[18]
 gpio0_in[14]
  u_periph0/gpio_in[17]
 gpio0_in[15]
  u_periph0/gpio_in[16]
 gpio0_in[16]
  u_periph0/gpio_in[15]
 gpio0_in[17]
  u_periph0/gpio_in[14]
 gpio0_in[18]
  u_periph0/gpio_in[13]
 gpio0_in[19]
  u_periph0/gpio_in[12]
 gpio0_in[1]
  u_periph0/gpio_in[30]
 gpio0_in[20]
  u_periph0/gpio_in[11]
 gpio0_in[21]
  u_periph0/gpio_in[10]
 gpio0_in[22]
  u_periph0/gpio_in[9]
 gpio0_in[23]
  u_periph0/gpio_in[8]
 gpio0_in[24]
  u_periph0/gpio_in[7]
 gpio0_in[25]
  u_periph0/gpio_in[6]
 gpio0_in[26]
  u_periph0/gpio_in[5]
 gpio0_in[27]
  u_periph0/gpio_in[4]
 gpio0_in[28]
  u_periph0/gpio_in[3]
 gpio0_in[29]
  u_periph0/gpio_in[2]
 gpio0_in[2]
  u_periph0/gpio_in[29]
 gpio0_in[30]
  u_periph0/gpio_in[1]
 gpio0_in[31]
  u_periph0/gpio_in[0]
 gpio0_in[3]
  u_periph0/gpio_in[28]
 gpio0_in[4]
  u_periph0/gpio_in[27]
 gpio0_in[5]
  u_periph0/gpio_in[26]
 gpio0_in[6]
  u_periph0/gpio_in[25]
 gpio0_in[7]
  u_periph0/gpio_in[24]
 gpio0_in[8]
  u_periph0/gpio_in[23]
 gpio0_in[9]
  u_periph0/gpio_in[22]
 gpio1_in[0]
  u_periph1/gpio_in[31]
 gpio1_in[10]
  u_periph1/gpio_in[21]
 gpio1_in[11]
  u_periph1/gpio_in[20]
 gpio1_in[12]
  u_periph1/gpio_in[19]
 gpio1_in[13]
  u_periph1/gpio_in[18]
 gpio1_in[14]
  u_periph1/gpio_in[17]
 gpio1_in[15]
  u_periph1/gpio_in[16]
 gpio1_in[16]
  u_periph1/gpio_in[15]
 gpio1_in[17]
  u_periph1/gpio_in[14]
 gpio1_in[18]
  u_periph1/gpio_in[13]
 gpio1_in[19]
  u_periph1/gpio_in[12]
 gpio1_in[1]
  u_periph1/gpio_in[30]
 gpio1_in[20]
  u_periph1/gpio_in[11]
 gpio1_in[21]
  u_periph1/gpio_in[10]
 gpio1_in[22]
  u_periph1/gpio_in[9]
 gpio1_in[23]
  u_periph1/gpio_in[8]
 gpio1_in[24]
  u_periph1/gpio_in[7]
 gpio1_in[25]
  u_periph1/gpio_in[6]
 gpio1_in[26]
  u_periph1/gpio_in[5]
 gpio1_in[27]
  u_periph1/gpio_in[4]
 gpio1_in[28]
  u_periph1/gpio_in[3]
 gpio1_in[29]
  u_periph1/gpio_in[2]
 gpio1_in[2]
  u_periph1/gpio_in[29]
 gpio1_in[30]
  u_periph1/gpio_in[1]
 gpio1_in[31]
  u_periph1/gpio_in[0]
 gpio1_in[3]
  u_periph1/gpio_in[28]
 gpio1_in[4]
  u_periph1/gpio_in[27]
 gpio1_in[5]
  u_periph1/gpio_in[26]
 gpio1_in[6]
  u_periph1/gpio_in[25]
 gpio1_in[7]
  u_periph1/gpio_in[24]
 gpio1_in[8]
  u_periph1/gpio_in[23]
 gpio1_in[9]
  u_periph1/gpio_in[22]
 gpio2_in[0]
  u_periph2/gpio_in[31]
 gpio2_in[10]
  u_periph2/gpio_in[21]
 gpio2_in[11]
  u_periph2/gpio_in[20]
 gpio2_in[12]
  u_periph2/gpio_in[19]
 gpio2_in[13]
  u_periph2/gpio_in[18]
 gpio2_in[14]
  u_periph2/gpio_in[17]
 gpio2_in[15]
  u_periph2/gpio_in[16]
 gpio2_in[16]
  u_periph2/gpio_in[15]
 gpio2_in[17]
  u_periph2/gpio_in[14]
 gpio2_in[18]
  u_periph2/gpio_in[13]
 gpio2_in[19]
  u_periph2/gpio_in[12]
 gpio2_in[1]
  u_periph2/gpio_in[30]
 gpio2_in[20]
  u_periph2/gpio_in[11]
 gpio2_in[21]
  u_periph2/gpio_in[10]
 gpio2_in[22]
  u_periph2/gpio_in[9]
 gpio2_in[23]
  u_periph2/gpio_in[8]
 gpio2_in[24]
  u_periph2/gpio_in[7]
 gpio2_in[25]
  u_periph2/gpio_in[6]
 gpio2_in[26]
  u_periph2/gpio_in[5]
 gpio2_in[27]
  u_periph2/gpio_in[4]
 gpio2_in[28]
  u_periph2/gpio_in[3]
 gpio2_in[29]
  u_periph2/gpio_in[2]
 gpio2_in[2]
  u_periph2/gpio_in[29]
 gpio2_in[30]
  u_periph2/gpio_in[1]
 gpio2_in[31]
  u_periph2/gpio_in[0]
 gpio2_in[3]
  u_periph2/gpio_in[28]
 gpio2_in[4]
  u_periph2/gpio_in[27]
 gpio2_in[5]
  u_periph2/gpio_in[26]
 gpio2_in[6]
  u_periph2/gpio_in[25]
 gpio2_in[7]
  u_periph2/gpio_in[24]
 gpio2_in[8]
  u_periph2/gpio_in[23]
 gpio2_in[9]
  u_periph2/gpio_in[22]

===========================================================================
max slew violation count 0
max fanout violation count 1
max cap violation count 0
============================================================================

===========================================================================
check_setup -verbose -unconstrained_endpoints -multiple_clock -no_clock -no_input_delay -loops -generated_clocks
===========================================================================
Warning: There are 195 unconstrained endpoints.
  gpio0_dir[0]
  gpio0_dir[10]
  gpio0_dir[11]
  gpio0_dir[12]
  gpio0_dir[13]
  gpio0_dir[14]
  gpio0_dir[15]
  gpio0_dir[16]
  gpio0_dir[17]
  gpio0_dir[18]
  gpio0_dir[19]
  gpio0_dir[1]
  gpio0_dir[20]
  gpio0_dir[21]
  gpio0_dir[22]
  gpio0_dir[23]
  gpio0_dir[24]
  gpio0_dir[25]
  gpio0_dir[26]
  gpio0_dir[27]
  gpio0_dir[28]
  gpio0_dir[29]
  gpio0_dir[2]
  gpio0_dir[30]
  gpio0_dir[31]
  gpio0_dir[3]
  gpio0_dir[4]
  gpio0_dir[5]
  gpio0_dir[6]
  gpio0_dir[7]
  gpio0_dir[8]
  gpio0_dir[9]
  gpio0_out[0]
  gpio0_out[10]
  gpio0_out[11]
  gpio0_out[12]
  gpio0_out[13]
  gpio0_out[14]
  gpio0_out[15]
  gpio0_out[16]
  gpio0_out[17]
  gpio0_out[18]
  gpio0_out[19]
  gpio0_out[1]
  gpio0_out[20]
  gpio0_out[21]
  gpio0_out[22]
  gpio0_out[23]
  gpio0_out[24]
  gpio0_out[25]
  gpio0_out[26]
  gpio0_out[27]
  gpio0_out[28]
  gpio0_out[29]
  gpio0_out[2]
  gpio0_out[30]
  gpio0_out[31]
  gpio0_out[3]
  gpio0_out[4]
  gpio0_out[5]
  gpio0_out[6]
  gpio0_out[7]
  gpio0_out[8]
  gpio0_out[9]
  gpio1_dir[0]
  gpio1_dir[10]
  gpio1_dir[11]
  gpio1_dir[12]
  gpio1_dir[13]
  gpio1_dir[14]
  gpio1_dir[15]
  gpio1_dir[16]
  gpio1_dir[17]
  gpio1_dir[18]
  gpio1_dir[19]
  gpio1_dir[1]
  gpio1_dir[20]
  gpio1_dir[21]
  gpio1_dir[22]
  gpio1_dir[23]
  gpio1_dir[24]
  gpio1_dir[25]
  gpio1_dir[26]
  gpio1_dir[27]
  gpio1_dir[28]
  gpio1_dir[29]
  gpio1_dir[2]
  gpio1_dir[30]
  gpio1_dir[31]
  gpio1_dir[3]
  gpio1_dir[4]
  gpio1_dir[5]
  gpio1_dir[6]
  gpio1_dir[7]
  gpio1_dir[8]
  gpio1_dir[9]
  gpio1_out[0]
  gpio1_out[10]
  gpio1_out[11]
  gpio1_out[12]
  gpio1_out[13]
  gpio1_out[14]
  gpio1_out[15]
  gpio1_out[16]
  gpio1_out[17]
  gpio1_out[18]
  gpio1_out[19]
  gpio1_out[1]
  gpio1_out[20]
  gpio1_out[21]
  gpio1_out[22]
  gpio1_out[23]
  gpio1_out[24]
  gpio1_out[25]
  gpio1_out[26]
  gpio1_out[27]
  gpio1_out[28]
  gpio1_out[29]
  gpio1_out[2]
  gpio1_out[30]
  gpio1_out[31]
  gpio1_out[3]
  gpio1_out[4]
  gpio1_out[5]
  gpio1_out[6]
  gpio1_out[7]
  gpio1_out[8]
  gpio1_out[9]
  gpio2_dir[0]
  gpio2_dir[10]
  gpio2_dir[11]
  gpio2_dir[12]
  gpio2_dir[13]
  gpio2_dir[14]
  gpio2_dir[15]
  gpio2_dir[16]
  gpio2_dir[17]
  gpio2_dir[18]
  gpio2_dir[19]
  gpio2_dir[1]
  gpio2_dir[20]
  gpio2_dir[21]
  gpio2_dir[22]
  gpio2_dir[23]
  gpio2_dir[24]
  gpio2_dir[25]
  gpio2_dir[26]
  gpio2_dir[27]
  gpio2_dir[28]
  gpio2_dir[29]
  gpio2_dir[2]
  gpio2_dir[30]
  gpio2_dir[31]
  gpio2_dir[3]
  gpio2_dir[4]
  gpio2_dir[5]
  gpio2_dir[6]
  gpio2_dir[7]
  gpio2_dir[8]
  gpio2_dir[9]
  gpio2_out[0]
  gpio2_out[10]
  gpio2_out[11]
  gpio2_out[12]
  gpio2_out[13]
  gpio2_out[14]
  gpio2_out[15]
  gpio2_out[16]
  gpio2_out[17]
  gpio2_out[18]
  gpio2_out[19]
  gpio2_out[1]
  gpio2_out[20]
  gpio2_out[21]
  gpio2_out[22]
  gpio2_out[23]
  gpio2_out[24]
  gpio2_out[25]
  gpio2_out[26]
  gpio2_out[27]
  gpio2_out[28]
  gpio2_out[29]
  gpio2_out[2]
  gpio2_out[30]
  gpio2_out[31]
  gpio2_out[3]
  gpio2_out[4]
  gpio2_out[5]
  gpio2_out[6]
  gpio2_out[7]
  gpio2_out[8]
  gpio2_out[9]
  spi_cs_n
  spi_mosi
  spi_sclk
