Reading timing models for corner nom_typ_1p20V_25C…
Reading timing library for the 'nom_typ_1p20V_25C' corner at '/home/jaikrishn/IHP-Open-PDK/ihp-sg13g2/libs.ref/sg13g2_stdcell/lib/sg13g2_stdcell_typ_1p20V_25C.lib'…
Reading timing library for the 'nom_typ_1p20V_25C' corner at '/home/jaikrishn/IHP-Open-PDK/ihp-sg13g2/libs.ref/sg13g2_io/lib/sg13g2_io_typ_1p2V_3p3V_25C.lib'…
Reading OpenROAD database at '/home/jaikrishn/Documents/hardware/picorv32_axi4lite_port/phyisical_design/macros/picorv32/runs/run_2/32-openroad-repairdesignpostgpl/picorv32_macro.odb'…
Reading design constraints file at '/home/jaikrishn/Documents/hardware/picorv32_axi4lite_port/phyisical_design/macros/picorv32/constraint.sdc'…
[INFO] No information on clock propagation in input SDC file-- propagating all clocks.
+ detailed_placement -max_displacement  500 100 
Placement Analysis
---------------------------------
total displacement          0.0 u
average displacement        0.0 u
max displacement            0.0 u
original HPWL          477250.3 u
legalized HPWL         485660.2 u
delta HPWL                    2 %

[INFO DPL-0020] Mirrored 5099 instances
[INFO DPL-0021] HPWL before          485660.2 u
[INFO DPL-0022] HPWL after           477250.3 u
[INFO DPL-0023] HPWL delta               -1.7 %
Setting global connections for newly added cells…
[INFO] Setting global connections...
[INFO ODB-0403] 0 connections made, 0 conflicts skipped.
Updating metrics…
Cell type report:                       Count       Area
  Buffer                                   63     457.23
  Timing Repair Buffer                   1799   15377.04
  Inverter                                 71     386.47
  Sequential cell                        1594   78088.15
  Multi-Input combinational cell         7545   97692.74
  Total                                 11072  192001.62
Writing OpenROAD database to '/home/jaikrishn/Documents/hardware/picorv32_axi4lite_port/phyisical_design/macros/picorv32/runs/run_2/34-openroad-detailedplacement/picorv32_macro.odb'…
Writing netlist to '/home/jaikrishn/Documents/hardware/picorv32_axi4lite_port/phyisical_design/macros/picorv32/runs/run_2/34-openroad-detailedplacement/picorv32_macro.nl.v'…
Writing powered netlist to '/home/jaikrishn/Documents/hardware/picorv32_axi4lite_port/phyisical_design/macros/picorv32/runs/run_2/34-openroad-detailedplacement/picorv32_macro.pnl.v'…
Writing layout to '/home/jaikrishn/Documents/hardware/picorv32_axi4lite_port/phyisical_design/macros/picorv32/runs/run_2/34-openroad-detailedplacement/picorv32_macro.def'…
Writing timing constraints to '/home/jaikrishn/Documents/hardware/picorv32_axi4lite_port/phyisical_design/macros/picorv32/runs/run_2/34-openroad-detailedplacement/picorv32_macro.sdc'…
