Reading timing models for corner nom_fast_1p32V_m40C…
Reading timing library for the 'nom_fast_1p32V_m40C' corner at '/home/jaikrishn/IHP-Open-PDK/ihp-sg13g2/libs.ref/sg13g2_stdcell/lib/sg13g2_stdcell_fast_1p32V_m40C.lib'…
Reading timing library for the 'nom_fast_1p32V_m40C' corner at '/home/jaikrishn/IHP-Open-PDK/ihp-sg13g2/libs.ref/sg13g2_io/lib/sg13g2_io_fast_1p32V_3p6V_m40C.lib'…
Reading timing library for the 'nom_fast_1p32V_m40C' corner at '/home/jaikrishn/Documents/hardware/picorv32_axi4lite_port/phyisical_design/macros/picorv32/runs/run_12/final/lib/nom_fast_1p32V_m40C/picorv32_macro__nom_fast_1p32V_m40C.lib'…
Reading timing library for the 'nom_fast_1p32V_m40C' corner at '/home/jaikrishn/Documents/hardware/picorv32_axi4lite_port/phyisical_design/macros/interconnect/runs/run_1/final/lib/nom_fast_1p32V_m40C/interconnect_macro__nom_fast_1p32V_m40C.lib'…
Reading timing library for the 'nom_fast_1p32V_m40C' corner at '/home/jaikrishn/Documents/hardware/picorv32_axi4lite_port/phyisical_design/macros/peripherals/runs/run_5/final/lib/nom_fast_1p32V_m40C/peripherals_macro__nom_fast_1p32V_m40C.lib'…
Reading timing library for the 'nom_fast_1p32V_m40C' corner at '/home/jaikrishn/Documents/hardware/picorv32_axi4lite_port/phyisical_design/macros/boot_spi/runs/run_7/final/lib/nom_fast_1p32V_m40C/boot_spi_macro__nom_fast_1p32V_m40C.lib'…
Reading timing library for the 'nom_fast_1p32V_m40C' corner at '/home/jaikrishn/Documents/hardware/picorv32_axi4lite_port/phyisical_design/macros/ram/runs/run_1/final/lib/nom_fast_1p32V_m40C/ram_macro__nom_fast_1p32V_m40C.lib'…
Reading timing models for corner nom_slow_1p08V_125C…
Reading timing library for the 'nom_slow_1p08V_125C' corner at '/home/jaikrishn/IHP-Open-PDK/ihp-sg13g2/libs.ref/sg13g2_stdcell/lib/sg13g2_stdcell_slow_1p08V_125C.lib'…
Reading timing library for the 'nom_slow_1p08V_125C' corner at '/home/jaikrishn/IHP-Open-PDK/ihp-sg13g2/libs.ref/sg13g2_io/lib/sg13g2_io_slow_1p08V_3p0V_125C.lib'…
Reading timing library for the 'nom_slow_1p08V_125C' corner at '/home/jaikrishn/Documents/hardware/picorv32_axi4lite_port/phyisical_design/macros/picorv32/runs/run_12/final/lib/nom_slow_1p08V_125C/picorv32_macro__nom_slow_1p08V_125C.lib'…
[WARNING STA-1140] /home/jaikrishn/Documents/hardware/picorv32_axi4lite_port/phyisical_design/macros/picorv32/runs/run_12/final/lib/nom_slow_1p08V_125C/picorv32_macro__nom_slow_1p08V_125C.lib line 1, library picorv32_macro already exists.
Reading timing library for the 'nom_slow_1p08V_125C' corner at '/home/jaikrishn/Documents/hardware/picorv32_axi4lite_port/phyisical_design/macros/interconnect/runs/run_1/final/lib/nom_slow_1p08V_125C/interconnect_macro__nom_slow_1p08V_125C.lib'…
[WARNING STA-1140] /home/jaikrishn/Documents/hardware/picorv32_axi4lite_port/phyisical_design/macros/interconnect/runs/run_1/final/lib/nom_slow_1p08V_125C/interconnect_macro__nom_slow_1p08V_125C.lib line 1, library interconnect_macro already exists.
Reading timing library for the 'nom_slow_1p08V_125C' corner at '/home/jaikrishn/Documents/hardware/picorv32_axi4lite_port/phyisical_design/macros/peripherals/runs/run_5/final/lib/nom_slow_1p08V_125C/peripherals_macro__nom_slow_1p08V_125C.lib'…
[WARNING STA-1140] /home/jaikrishn/Documents/hardware/picorv32_axi4lite_port/phyisical_design/macros/peripherals/runs/run_5/final/lib/nom_slow_1p08V_125C/peripherals_macro__nom_slow_1p08V_125C.lib line 1, library peripherals_macro already exists.
Reading timing library for the 'nom_slow_1p08V_125C' corner at '/home/jaikrishn/Documents/hardware/picorv32_axi4lite_port/phyisical_design/macros/boot_spi/runs/run_7/final/lib/nom_slow_1p08V_125C/boot_spi_macro__nom_slow_1p08V_125C.lib'…
[WARNING STA-1140] /home/jaikrishn/Documents/hardware/picorv32_axi4lite_port/phyisical_design/macros/boot_spi/runs/run_7/final/lib/nom_slow_1p08V_125C/boot_spi_macro__nom_slow_1p08V_125C.lib line 1, library boot_spi_macro already exists.
Reading timing library for the 'nom_slow_1p08V_125C' corner at '/home/jaikrishn/Documents/hardware/picorv32_axi4lite_port/phyisical_design/macros/ram/runs/run_1/final/lib/nom_slow_1p08V_125C/ram_macro__nom_slow_1p08V_125C.lib'…
[WARNING STA-1140] /home/jaikrishn/Documents/hardware/picorv32_axi4lite_port/phyisical_design/macros/ram/runs/run_1/final/lib/nom_slow_1p08V_125C/ram_macro__nom_slow_1p08V_125C.lib line 1, library ram_macro already exists.
Reading timing models for corner nom_typ_1p20V_25C…
Reading timing library for the 'nom_typ_1p20V_25C' corner at '/home/jaikrishn/IHP-Open-PDK/ihp-sg13g2/libs.ref/sg13g2_stdcell/lib/sg13g2_stdcell_typ_1p20V_25C.lib'…
Reading timing library for the 'nom_typ_1p20V_25C' corner at '/home/jaikrishn/IHP-Open-PDK/ihp-sg13g2/libs.ref/sg13g2_io/lib/sg13g2_io_typ_1p2V_3p3V_25C.lib'…
Reading timing library for the 'nom_typ_1p20V_25C' corner at '/home/jaikrishn/Documents/hardware/picorv32_axi4lite_port/phyisical_design/macros/picorv32/runs/run_12/final/lib/nom_typ_1p20V_25C/picorv32_macro__nom_typ_1p20V_25C.lib'…
[WARNING STA-1140] /home/jaikrishn/Documents/hardware/picorv32_axi4lite_port/phyisical_design/macros/picorv32/runs/run_12/final/lib/nom_typ_1p20V_25C/picorv32_macro__nom_typ_1p20V_25C.lib line 1, library picorv32_macro already exists.
Reading timing library for the 'nom_typ_1p20V_25C' corner at '/home/jaikrishn/Documents/hardware/picorv32_axi4lite_port/phyisical_design/macros/interconnect/runs/run_1/final/lib/nom_typ_1p20V_25C/interconnect_macro__nom_typ_1p20V_25C.lib'…
[WARNING STA-1140] /home/jaikrishn/Documents/hardware/picorv32_axi4lite_port/phyisical_design/macros/interconnect/runs/run_1/final/lib/nom_typ_1p20V_25C/interconnect_macro__nom_typ_1p20V_25C.lib line 1, library interconnect_macro already exists.
Reading timing library for the 'nom_typ_1p20V_25C' corner at '/home/jaikrishn/Documents/hardware/picorv32_axi4lite_port/phyisical_design/macros/peripherals/runs/run_5/final/lib/nom_typ_1p20V_25C/peripherals_macro__nom_typ_1p20V_25C.lib'…
[WARNING STA-1140] /home/jaikrishn/Documents/hardware/picorv32_axi4lite_port/phyisical_design/macros/peripherals/runs/run_5/final/lib/nom_typ_1p20V_25C/peripherals_macro__nom_typ_1p20V_25C.lib line 1, library peripherals_macro already exists.
Reading timing library for the 'nom_typ_1p20V_25C' corner at '/home/jaikrishn/Documents/hardware/picorv32_axi4lite_port/phyisical_design/macros/boot_spi/runs/run_7/final/lib/nom_typ_1p20V_25C/boot_spi_macro__nom_typ_1p20V_25C.lib'…
[WARNING STA-1140] /home/jaikrishn/Documents/hardware/picorv32_axi4lite_port/phyisical_design/macros/boot_spi/runs/run_7/final/lib/nom_typ_1p20V_25C/boot_spi_macro__nom_typ_1p20V_25C.lib line 1, library boot_spi_macro already exists.
Reading timing library for the 'nom_typ_1p20V_25C' corner at '/home/jaikrishn/Documents/hardware/picorv32_axi4lite_port/phyisical_design/macros/ram/runs/run_1/final/lib/nom_typ_1p20V_25C/ram_macro__nom_typ_1p20V_25C.lib'…
[WARNING STA-1140] /home/jaikrishn/Documents/hardware/picorv32_axi4lite_port/phyisical_design/macros/ram/runs/run_1/final/lib/nom_typ_1p20V_25C/ram_macro__nom_typ_1p20V_25C.lib line 1, library ram_macro already exists.
Reading OpenROAD database at '/home/jaikrishn/Documents/hardware/picorv32_axi4lite_port/phyisical_design/runs/run_3/34-openroad-detailedplacement/soc_top.odb'…
Reading design constraints file at '/home/jaikrishn/Documents/hardware/picorv32_axi4lite_port/phyisical_design/constraint.sdc'…
[INFO] No information on clock propagation in input SDC file-- propagating all clocks.
[INFO] Configuring cts characterization…
+ configure_cts_characterization 
[INFO] Performing clock tree synthesis…
[INFO] Looking for the following net(s): clk_i
[INFO] Running Clock Tree Synthesis…
+ clock_tree_synthesis -buf_list sg13g2_buf_8 sg13g2_buf_4 sg13g2_buf_2 -root_buf sg13g2_buf_16 -sink_clustering_enable -apply_ndr half
[INFO CTS-0050] Root buffer is sg13g2_buf_16.
[INFO CTS-0051] Sink buffer is sg13g2_buf_8.
[INFO CTS-0052] The following clock buffers will be used for CTS:
                    sg13g2_buf_2
                    sg13g2_buf_4
                    sg13g2_buf_8
[INFO CTS-0049] Characterization buffer is sg13g2_buf_8.
[INFO CTS-0007] Net "clk_i" found for clock "clk".
[INFO CTS-0010]  Clock net "clk_i" has 7 sinks.
[INFO CTS-0008] TritonCTS found 1 clock nets.
[INFO CTS-0097] Characterization used 3 buffer(s) types.
[INFO CTS-0201] 8 blockages from hard placement blockages and placed macros will be used.
[INFO CTS-0027] Generating H-Tree topology for net clk_i.
[INFO CTS-0028]  Total number of sinks: 7.
[INFO CTS-0090]  Sinks will be clustered based on buffer max cap.
[INFO CTS-0030]  Number of static layers: 0.
[INFO CTS-0020]  Wire segment unit: 18900  dbu (18 um).
[INFO CTS-0023]  Original sink region: [(35200, 594940), (1902400, 2199140)].
[INFO CTS-0024]  Normalized sink region: [(1.86243, 31.4783), (100.656, 116.357)].
[INFO CTS-0025]     Width:  98.7937.
[INFO CTS-0026]     Height: 84.8783.
 Level 1
    Direction: Horizontal
    Sinks per sub-region: 4
    Sub-region size: 49.3968 X 84.8783
[INFO CTS-0034]     Segment length (rounded): 24.
[INFO CTS-0032]  Stop criterion found. Max number of sinks is 8.
[INFO CTS-0035]  Number of sinks covered: 7.
[INFO CTS-0018]     Created 3 clock buffers.
[INFO CTS-0012]     Minimum number of buffers in the clock path: 2.
[INFO CTS-0013]     Maximum number of buffers in the clock path: 2.
[INFO CTS-0015]     Created 3 clock nets.
[INFO CTS-0016]     Fanout distribution for the current clock = 3:1, 4:1..
[INFO CTS-0017]     Max level of the clock tree: 1.
[INFO CTS-0098] Clock net "clk_i"
[INFO CTS-0099]  Sinks 8
[INFO CTS-0100]  Leaf buffers 0
[INFO CTS-0101]  Average sink wire length 2929.02 um
[INFO CTS-0102]  Path depth 2 - 2
[INFO CTS-0207]  Dummy loads inserted 1
[INFO] Repairing long wires on clock nets…
[INFO RSZ-0058] Using max wire length 2960um.
Setting global connections for newly added cells…
[INFO] Setting global connections...
u_cpu matched with u_cpu
u_ic matched with u_ic
u_periph0 matched with u_periph0
u_periph1 matched with u_periph1
u_periph2 matched with u_periph2
u_boot_spi matched with u_boot_spi
u_ram matched with u_ram
[INFO ODB-0403] 8 connections made, 12 conflicts skipped, use -force to connect.
Updating metrics…
Cell type report:                       Count       Area
  Macro                                     7 1198462.38
  Clock buffer                              3     136.08
  Timing Repair Buffer                    294    2150.06
  Clock inverter                            1      34.47
  Total                                   305 1200783.00
Writing OpenROAD database to '/home/jaikrishn/Documents/hardware/picorv32_axi4lite_port/phyisical_design/runs/run_3/35-openroad-cts/soc_top.odb'…
Writing netlist to '/home/jaikrishn/Documents/hardware/picorv32_axi4lite_port/phyisical_design/runs/run_3/35-openroad-cts/soc_top.nl.v'…
Writing powered netlist to '/home/jaikrishn/Documents/hardware/picorv32_axi4lite_port/phyisical_design/runs/run_3/35-openroad-cts/soc_top.pnl.v'…
Writing layout to '/home/jaikrishn/Documents/hardware/picorv32_axi4lite_port/phyisical_design/runs/run_3/35-openroad-cts/soc_top.def'…
Writing timing constraints to '/home/jaikrishn/Documents/hardware/picorv32_axi4lite_port/phyisical_design/runs/run_3/35-openroad-cts/soc_top.sdc'…
[INFO] Legalizing…
+ detailed_placement -max_displacement  500 100 
Placement Analysis
---------------------------------
total displacement        327.4 u
average displacement        1.1 u
max displacement          296.9 u
original HPWL         1204106.9 u
legalized HPWL        1203832.4 u
delta HPWL                    0 %

[INFO DPL-0020] Mirrored 233 instances
[INFO DPL-0021] HPWL before          1203832.4 u
[INFO DPL-0022] HPWL after           1203798.7 u
[INFO DPL-0023] HPWL delta               -0.0 %
Setting global connections for newly added cells…
[INFO] Setting global connections...
u_cpu matched with u_cpu
u_ic matched with u_ic
u_periph0 matched with u_periph0
u_periph1 matched with u_periph1
u_periph2 matched with u_periph2
u_boot_spi matched with u_boot_spi
u_ram matched with u_ram
[INFO ODB-0403] 0 connections made, 12 conflicts skipped, use -force to connect.
Updating metrics…
Cell type report:                       Count       Area
  Macro                                     7 1198462.38
  Clock buffer                              3     136.08
  Timing Repair Buffer                    294    2150.06
  Clock inverter                            1      34.47
  Total                                   305 1200783.00
Writing OpenROAD database to '/home/jaikrishn/Documents/hardware/picorv32_axi4lite_port/phyisical_design/runs/run_3/35-openroad-cts/soc_top.odb'…
Writing netlist to '/home/jaikrishn/Documents/hardware/picorv32_axi4lite_port/phyisical_design/runs/run_3/35-openroad-cts/soc_top.nl.v'…
Writing powered netlist to '/home/jaikrishn/Documents/hardware/picorv32_axi4lite_port/phyisical_design/runs/run_3/35-openroad-cts/soc_top.pnl.v'…
Writing layout to '/home/jaikrishn/Documents/hardware/picorv32_axi4lite_port/phyisical_design/runs/run_3/35-openroad-cts/soc_top.def'…
Writing timing constraints to '/home/jaikrishn/Documents/hardware/picorv32_axi4lite_port/phyisical_design/runs/run_3/35-openroad-cts/soc_top.sdc'…
%OL_CREATE_REPORT cts.rpt
Total number of Clock Roots: 1.
Total number of Buffers Inserted: 3.
Total number of Clock Subnets: 3.
Total number of Sinks: 7.
Cells used:
  sg13g2_buf_16: 3
Dummys used:
  sg13g2_inv_16: 1
%OL_END_REPORT
