
 /----------------------------------------------------------------------------\
 |  yosys -- Yosys Open SYnthesis Suite                                       |
 |  Copyright (C) 2012 - 2026  Claire Xenia Wolf <claire@yosyshq.com>         |
 |  Distributed under an ISC-like license, type "license" to see terms        |
 \----------------------------------------------------------------------------/
 Yosys 0.62 (git sha1 7326bb7d6641500ecb285c291a54a662cb1e76cf, clang++ 21.1.2 -fPIC -O3)

1. Executing Verilog-2005 frontend: /home/jaikrishn/Documents/hardware/picorv32_axi4lite_port/phyisical_design/macros/boot_spi/runs/run_4/tmp/850078ac6ebe4a0d98da73589a8d946f.bb.v
Parsing SystemVerilog input from `/home/jaikrishn/Documents/hardware/picorv32_axi4lite_port/phyisical_design/macros/boot_spi/runs/run_4/tmp/850078ac6ebe4a0d98da73589a8d946f.bb.v' to AST representation.
Generating RTLIL representation for module `\sg13g2_a21o_1'.
Generating RTLIL representation for module `\sg13g2_a21o_2'.
Generating RTLIL representation for module `\sg13g2_a21oi_1'.
Generating RTLIL representation for module `\sg13g2_a21oi_2'.
Generating RTLIL representation for module `\sg13g2_a221oi_1'.
Generating RTLIL representation for module `\sg13g2_a22oi_1'.
Generating RTLIL representation for module `\sg13g2_and2_1'.
Generating RTLIL representation for module `\sg13g2_and2_2'.
Generating RTLIL representation for module `\sg13g2_and3_1'.
Generating RTLIL representation for module `\sg13g2_and3_2'.
Generating RTLIL representation for module `\sg13g2_and4_1'.
Generating RTLIL representation for module `\sg13g2_and4_2'.
Generating RTLIL representation for module `\sg13g2_antennanp'.
Generating RTLIL representation for module `\sg13g2_buf_1'.
Generating RTLIL representation for module `\sg13g2_buf_16'.
Generating RTLIL representation for module `\sg13g2_buf_2'.
Generating RTLIL representation for module `\sg13g2_buf_4'.
Generating RTLIL representation for module `\sg13g2_buf_8'.
Generating RTLIL representation for module `\sg13g2_decap_4'.
Generating RTLIL representation for module `\sg13g2_decap_8'.
Generating RTLIL representation for module `\sg13g2_dfrbp_1'.
Generating RTLIL representation for module `\sg13g2_dfrbp_2'.
Generating RTLIL representation for module `\sg13g2_dfrbpq_1'.
Generating RTLIL representation for module `\sg13g2_dfrbpq_2'.
Generating RTLIL representation for module `\sg13g2_dlhq_1'.
Generating RTLIL representation for module `\sg13g2_dlhr_1'.
Generating RTLIL representation for module `\sg13g2_dlhrq_1'.
Generating RTLIL representation for module `\sg13g2_dllr_1'.
Generating RTLIL representation for module `\sg13g2_dllrq_1'.
Generating RTLIL representation for module `\sg13g2_dlygate4sd1_1'.
Generating RTLIL representation for module `\sg13g2_dlygate4sd2_1'.
Generating RTLIL representation for module `\sg13g2_dlygate4sd3_1'.
Generating RTLIL representation for module `\sg13g2_ebufn_2'.
Generating RTLIL representation for module `\sg13g2_ebufn_4'.
Generating RTLIL representation for module `\sg13g2_ebufn_8'.
Generating RTLIL representation for module `\sg13g2_einvn_2'.
Generating RTLIL representation for module `\sg13g2_einvn_4'.
Generating RTLIL representation for module `\sg13g2_einvn_8'.
Generating RTLIL representation for module `\sg13g2_fill_1'.
Generating RTLIL representation for module `\sg13g2_fill_2'.
Generating RTLIL representation for module `\sg13g2_fill_4'.
Generating RTLIL representation for module `\sg13g2_fill_8'.
Generating RTLIL representation for module `\sg13g2_inv_1'.
Generating RTLIL representation for module `\sg13g2_inv_16'.
Generating RTLIL representation for module `\sg13g2_inv_2'.
Generating RTLIL representation for module `\sg13g2_inv_4'.
Generating RTLIL representation for module `\sg13g2_inv_8'.
Generating RTLIL representation for module `\sg13g2_lgcp_1'.
Generating RTLIL representation for module `\sg13g2_mux2_1'.
Generating RTLIL representation for module `\sg13g2_mux2_2'.
Generating RTLIL representation for module `\sg13g2_mux4_1'.
Generating RTLIL representation for module `\sg13g2_nand2_1'.
Generating RTLIL representation for module `\sg13g2_nand2_2'.
Generating RTLIL representation for module `\sg13g2_nand2b_1'.
Generating RTLIL representation for module `\sg13g2_nand2b_2'.
Generating RTLIL representation for module `\sg13g2_nand3_1'.
Generating RTLIL representation for module `\sg13g2_nand3b_1'.
Generating RTLIL representation for module `\sg13g2_nand4_1'.
Generating RTLIL representation for module `\sg13g2_nor2_1'.
Generating RTLIL representation for module `\sg13g2_nor2_2'.
Generating RTLIL representation for module `\sg13g2_nor2b_1'.
Generating RTLIL representation for module `\sg13g2_nor2b_2'.
Generating RTLIL representation for module `\sg13g2_nor3_1'.
Generating RTLIL representation for module `\sg13g2_nor3_2'.
Generating RTLIL representation for module `\sg13g2_nor4_1'.
Generating RTLIL representation for module `\sg13g2_nor4_2'.
Generating RTLIL representation for module `\sg13g2_o21ai_1'.
Generating RTLIL representation for module `\sg13g2_or2_1'.
Generating RTLIL representation for module `\sg13g2_or2_2'.
Generating RTLIL representation for module `\sg13g2_or3_1'.
Generating RTLIL representation for module `\sg13g2_or3_2'.
Generating RTLIL representation for module `\sg13g2_or4_1'.
Generating RTLIL representation for module `\sg13g2_or4_2'.
Generating RTLIL representation for module `\sg13g2_sdfbbp_1'.
Generating RTLIL representation for module `\sg13g2_sdfrbp_1'.
Generating RTLIL representation for module `\sg13g2_sdfrbp_2'.
Generating RTLIL representation for module `\sg13g2_sdfrbpq_1'.
Generating RTLIL representation for module `\sg13g2_sdfrbpq_2'.
Generating RTLIL representation for module `\sg13g2_sighold'.
Generating RTLIL representation for module `\sg13g2_slgcp_1'.
Generating RTLIL representation for module `\sg13g2_tiehi'.
Generating RTLIL representation for module `\sg13g2_tielo'.
Generating RTLIL representation for module `\sg13g2_xnor2_1'.
Generating RTLIL representation for module `\sg13g2_xor2_1'.
Successfully finished Verilog frontend.

2. Executing Verilog-2005 frontend: /home/jaikrishn/Documents/hardware/picorv32_axi4lite_port/phyisical_design/macros/boot_spi/runs/run_4/tmp/0315e4ecbf97427bb40f438493c95d6a.bb.v
Parsing SystemVerilog input from `/home/jaikrishn/Documents/hardware/picorv32_axi4lite_port/phyisical_design/macros/boot_spi/runs/run_4/tmp/0315e4ecbf97427bb40f438493c95d6a.bb.v' to AST representation.
Generating RTLIL representation for module `\sg13g2_Corner'.
Generating RTLIL representation for module `\sg13g2_Filler1000'.
Generating RTLIL representation for module `\sg13g2_Filler10000'.
Generating RTLIL representation for module `\sg13g2_Filler200'.
Generating RTLIL representation for module `\sg13g2_Filler2000'.
Generating RTLIL representation for module `\sg13g2_Filler400'.
Generating RTLIL representation for module `\sg13g2_Filler4000'.
Generating RTLIL representation for module `\sg13g2_IOPadAnalog'.
Generating RTLIL representation for module `\sg13g2_IOPadIOVdd'.
Generating RTLIL representation for module `\sg13g2_IOPadIOVss'.
Generating RTLIL representation for module `\sg13g2_IOPadIn'.
Generating RTLIL representation for module `\sg13g2_IOPadInOut16mA'.
Generating RTLIL representation for module `\sg13g2_IOPadInOut30mA'.
Generating RTLIL representation for module `\sg13g2_IOPadInOut4mA'.
Generating RTLIL representation for module `\sg13g2_IOPadOut16mA'.
Generating RTLIL representation for module `\sg13g2_IOPadOut30mA'.
Generating RTLIL representation for module `\sg13g2_IOPadOut4mA'.
Generating RTLIL representation for module `\sg13g2_IOPadTriOut16mA'.
Generating RTLIL representation for module `\sg13g2_IOPadTriOut30mA'.
Generating RTLIL representation for module `\sg13g2_IOPadTriOut4mA'.
Generating RTLIL representation for module `\sg13g2_IOPadVdd'.
Generating RTLIL representation for module `\sg13g2_IOPadVss'.
Successfully finished Verilog frontend.

3. Executing Verilog-2005 frontend: /home/jaikrishn/Documents/hardware/picorv32_axi4lite_port/rtl/macros/boot_spi_macro.sv
Parsing SystemVerilog input from `/home/jaikrishn/Documents/hardware/picorv32_axi4lite_port/rtl/macros/boot_spi_macro.sv' to AST representation.
Storing AST representation for module `$abstract\boot_spi_macro'.
Successfully finished Verilog frontend.

4. Executing Verilog-2005 frontend: /home/jaikrishn/Documents/hardware/picorv32_axi4lite_port/rtl/boot_ctrl.sv
Parsing SystemVerilog input from `/home/jaikrishn/Documents/hardware/picorv32_axi4lite_port/rtl/boot_ctrl.sv' to AST representation.
Storing AST representation for module `$abstract\boot_ctrl'.
Successfully finished Verilog frontend.

5. Executing Verilog-2005 frontend: /home/jaikrishn/Documents/hardware/picorv32_axi4lite_port/rtl/spi_master.sv
Parsing SystemVerilog input from `/home/jaikrishn/Documents/hardware/picorv32_axi4lite_port/rtl/spi_master.sv' to AST representation.
Storing AST representation for module `$abstract\spi_master'.
Successfully finished Verilog frontend.

6. Executing HIERARCHY pass (managing design hierarchy).

7. Executing AST frontend in derive mode using pre-parsed AST for module `\boot_spi_macro'.
Generating RTLIL representation for module `\boot_spi_macro'.

7.1. Analyzing design hierarchy..
Top module:  \boot_spi_macro
Parameter \CLK_DIV = 8

7.2. Executing AST frontend in derive mode using pre-parsed AST for module `\spi_master'.
Parameter \CLK_DIV = 8
Generating RTLIL representation for module `$paramod\spi_master\CLK_DIV=32'00000000000000000000000000001000'.
Parameter \FIRMWARE_WORDS = 1024

7.3. Executing AST frontend in derive mode using pre-parsed AST for module `\boot_ctrl'.
Parameter \FIRMWARE_WORDS = 1024
Generating RTLIL representation for module `$paramod\boot_ctrl\FIRMWARE_WORDS=32'00000000000000000000010000000000'.

7.4. Analyzing design hierarchy..
Top module:  \boot_spi_macro
Used module:     $paramod\spi_master\CLK_DIV=32'00000000000000000000000000001000
Used module:     $paramod\boot_ctrl\FIRMWARE_WORDS=32'00000000000000000000010000000000

7.5. Analyzing design hierarchy..
Top module:  \boot_spi_macro
Used module:     $paramod\spi_master\CLK_DIV=32'00000000000000000000000000001000
Used module:     $paramod\boot_ctrl\FIRMWARE_WORDS=32'00000000000000000000010000000000
Removing unused module `$abstract\spi_master'.
Removing unused module `$abstract\boot_ctrl'.
Removing unused module `$abstract\boot_spi_macro'.
Removed 3 unused modules.
Renaming module boot_spi_macro to boot_spi_macro.

8. Executing PROC pass (convert processes to netlists).

8.1. Executing PROC_CLEAN pass (remove empty switches from decision trees).
Cleaned up 0 empty switches.

8.2. Executing PROC_RMDEAD pass (remove dead branches from decision trees).
Marked 4 switch rules as full_case in process $proc$/home/jaikrishn/Documents/hardware/picorv32_axi4lite_port/rtl/spi_master.sv:27$1 in module $paramod\spi_master\CLK_DIV=32'00000000000000000000000000001000.
Marked 8 switch rules as full_case in process $proc$/home/jaikrishn/Documents/hardware/picorv32_axi4lite_port/rtl/boot_ctrl.sv:143$17 in module $paramod\boot_ctrl\FIRMWARE_WORDS=32'00000000000000000000010000000000.
Marked 1 switch rules as full_case in process $proc$/home/jaikrishn/Documents/hardware/picorv32_axi4lite_port/rtl/boot_ctrl.sv:64$11 in module $paramod\boot_ctrl\FIRMWARE_WORDS=32'00000000000000000000010000000000.
Removed a total of 0 dead cases.

8.3. Executing PROC_PRUNE pass (remove redundant assignments in processes).
Removed 4 redundant assignments.
Promoted 1 assignment to connection.

8.4. Executing PROC_INIT pass (extract init attributes).

8.5. Executing PROC_ARST pass (detect async resets in processes).

8.6. Executing PROC_ROM pass (convert switches to ROMs).
Converted 0 switches.
<suppressed ~18 debug messages>

8.7. Executing PROC_MUX pass (convert decision trees to multiplexers).
Creating decoders for process `$paramod\spi_master\CLK_DIV=32'00000000000000000000000000001000.$proc$/home/jaikrishn/Documents/hardware/picorv32_axi4lite_port/rtl/spi_master.sv:27$1'.
     1/7: $0\done[0:0]
     2/7: $0\busy[0:0]
     3/7: $0\sclk_r[0:0]
     4/7: $0\rx_shift[7:0]
     5/7: $0\tx_shift[7:0]
     6/7: $0\bit_cnt[3:0]
     7/7: $0\div_cnt[3:0]
Creating decoders for process `$paramod\boot_ctrl\FIRMWARE_WORDS=32'00000000000000000000010000000000.$proc$/home/jaikrishn/Documents/hardware/picorv32_axi4lite_port/rtl/boot_ctrl.sv:143$17'.
     1/8: $8\next[3:0]
     2/8: $7\next[3:0]
     3/8: $6\next[3:0]
     4/8: $5\next[3:0]
     5/8: $4\next[3:0]
     6/8: $3\next[3:0]
     7/8: $2\next[3:0]
     8/8: $1\next[3:0]
Creating decoders for process `$paramod\boot_ctrl\FIRMWARE_WORDS=32'00000000000000000000010000000000.$proc$/home/jaikrishn/Documents/hardware/picorv32_axi4lite_port/rtl/boot_ctrl.sv:64$11'.
     1/11: $0\ram_b_we_q[0:0]
     2/11: $0\spi_start_q[0:0]
     3/11: $0\state[3:0]
     4/11: $0\cpu_rst_n_q[0:0]
     5/11: $0\spi_cs_n_q[0:0]
     6/11: $0\ram_b_wdata_q[31:0]
     7/11: $0\ram_b_addr_q[31:0]
     8/11: $0\spi_tx_q[7:0]
     9/11: $0\word_asm[31:0]
    10/11: $0\byte_cnt[1:0]
    11/11: $0\word_cnt[31:0]

8.8. Executing PROC_DLATCH pass (convert process syncs to latches).
No latch inferred for signal `$paramod\boot_ctrl\FIRMWARE_WORDS=32'00000000000000000000010000000000.\next' from process `$paramod\boot_ctrl\FIRMWARE_WORDS=32'00000000000000000000010000000000.$proc$/home/jaikrishn/Documents/hardware/picorv32_axi4lite_port/rtl/boot_ctrl.sv:143$17'.

8.9. Executing PROC_DFF pass (convert process syncs to FFs).
Creating register for signal `$paramod\spi_master\CLK_DIV=32'00000000000000000000000000001000.\done' using process `$paramod\spi_master\CLK_DIV=32'00000000000000000000000000001000.$proc$/home/jaikrishn/Documents/hardware/picorv32_axi4lite_port/rtl/spi_master.sv:27$1'.
  created $dff cell `$procdff$296' with positive edge clock.
Creating register for signal `$paramod\spi_master\CLK_DIV=32'00000000000000000000000000001000.\div_cnt' using process `$paramod\spi_master\CLK_DIV=32'00000000000000000000000000001000.$proc$/home/jaikrishn/Documents/hardware/picorv32_axi4lite_port/rtl/spi_master.sv:27$1'.
  created $dff cell `$procdff$297' with positive edge clock.
Creating register for signal `$paramod\spi_master\CLK_DIV=32'00000000000000000000000000001000.\bit_cnt' using process `$paramod\spi_master\CLK_DIV=32'00000000000000000000000000001000.$proc$/home/jaikrishn/Documents/hardware/picorv32_axi4lite_port/rtl/spi_master.sv:27$1'.
  created $dff cell `$procdff$298' with positive edge clock.
Creating register for signal `$paramod\spi_master\CLK_DIV=32'00000000000000000000000000001000.\tx_shift' using process `$paramod\spi_master\CLK_DIV=32'00000000000000000000000000001000.$proc$/home/jaikrishn/Documents/hardware/picorv32_axi4lite_port/rtl/spi_master.sv:27$1'.
  created $dff cell `$procdff$299' with positive edge clock.
Creating register for signal `$paramod\spi_master\CLK_DIV=32'00000000000000000000000000001000.\rx_shift' using process `$paramod\spi_master\CLK_DIV=32'00000000000000000000000000001000.$proc$/home/jaikrishn/Documents/hardware/picorv32_axi4lite_port/rtl/spi_master.sv:27$1'.
  created $dff cell `$procdff$300' with positive edge clock.
Creating register for signal `$paramod\spi_master\CLK_DIV=32'00000000000000000000000000001000.\sclk_r' using process `$paramod\spi_master\CLK_DIV=32'00000000000000000000000000001000.$proc$/home/jaikrishn/Documents/hardware/picorv32_axi4lite_port/rtl/spi_master.sv:27$1'.
  created $dff cell `$procdff$301' with positive edge clock.
Creating register for signal `$paramod\spi_master\CLK_DIV=32'00000000000000000000000000001000.\busy' using process `$paramod\spi_master\CLK_DIV=32'00000000000000000000000000001000.$proc$/home/jaikrishn/Documents/hardware/picorv32_axi4lite_port/rtl/spi_master.sv:27$1'.
  created $dff cell `$procdff$302' with positive edge clock.
Creating register for signal `$paramod\boot_ctrl\FIRMWARE_WORDS=32'00000000000000000000010000000000.\state' using process `$paramod\boot_ctrl\FIRMWARE_WORDS=32'00000000000000000000010000000000.$proc$/home/jaikrishn/Documents/hardware/picorv32_axi4lite_port/rtl/boot_ctrl.sv:64$11'.
  created $dff cell `$procdff$303' with positive edge clock.
Creating register for signal `$paramod\boot_ctrl\FIRMWARE_WORDS=32'00000000000000000000010000000000.\word_cnt' using process `$paramod\boot_ctrl\FIRMWARE_WORDS=32'00000000000000000000010000000000.$proc$/home/jaikrishn/Documents/hardware/picorv32_axi4lite_port/rtl/boot_ctrl.sv:64$11'.
  created $dff cell `$procdff$304' with positive edge clock.
Creating register for signal `$paramod\boot_ctrl\FIRMWARE_WORDS=32'00000000000000000000010000000000.\byte_cnt' using process `$paramod\boot_ctrl\FIRMWARE_WORDS=32'00000000000000000000010000000000.$proc$/home/jaikrishn/Documents/hardware/picorv32_axi4lite_port/rtl/boot_ctrl.sv:64$11'.
  created $dff cell `$procdff$305' with positive edge clock.
Creating register for signal `$paramod\boot_ctrl\FIRMWARE_WORDS=32'00000000000000000000010000000000.\word_asm' using process `$paramod\boot_ctrl\FIRMWARE_WORDS=32'00000000000000000000010000000000.$proc$/home/jaikrishn/Documents/hardware/picorv32_axi4lite_port/rtl/boot_ctrl.sv:64$11'.
  created $dff cell `$procdff$306' with positive edge clock.
Creating register for signal `$paramod\boot_ctrl\FIRMWARE_WORDS=32'00000000000000000000010000000000.\spi_start_q' using process `$paramod\boot_ctrl\FIRMWARE_WORDS=32'00000000000000000000010000000000.$proc$/home/jaikrishn/Documents/hardware/picorv32_axi4lite_port/rtl/boot_ctrl.sv:64$11'.
  created $dff cell `$procdff$307' with positive edge clock.
Creating register for signal `$paramod\boot_ctrl\FIRMWARE_WORDS=32'00000000000000000000010000000000.\spi_tx_q' using process `$paramod\boot_ctrl\FIRMWARE_WORDS=32'00000000000000000000010000000000.$proc$/home/jaikrishn/Documents/hardware/picorv32_axi4lite_port/rtl/boot_ctrl.sv:64$11'.
  created $dff cell `$procdff$308' with positive edge clock.
Creating register for signal `$paramod\boot_ctrl\FIRMWARE_WORDS=32'00000000000000000000010000000000.\ram_b_we_q' using process `$paramod\boot_ctrl\FIRMWARE_WORDS=32'00000000000000000000010000000000.$proc$/home/jaikrishn/Documents/hardware/picorv32_axi4lite_port/rtl/boot_ctrl.sv:64$11'.
  created $dff cell `$procdff$309' with positive edge clock.
Creating register for signal `$paramod\boot_ctrl\FIRMWARE_WORDS=32'00000000000000000000010000000000.\ram_b_addr_q' using process `$paramod\boot_ctrl\FIRMWARE_WORDS=32'00000000000000000000010000000000.$proc$/home/jaikrishn/Documents/hardware/picorv32_axi4lite_port/rtl/boot_ctrl.sv:64$11'.
  created $dff cell `$procdff$310' with positive edge clock.
Creating register for signal `$paramod\boot_ctrl\FIRMWARE_WORDS=32'00000000000000000000010000000000.\ram_b_wdata_q' using process `$paramod\boot_ctrl\FIRMWARE_WORDS=32'00000000000000000000010000000000.$proc$/home/jaikrishn/Documents/hardware/picorv32_axi4lite_port/rtl/boot_ctrl.sv:64$11'.
  created $dff cell `$procdff$311' with positive edge clock.
Creating register for signal `$paramod\boot_ctrl\FIRMWARE_WORDS=32'00000000000000000000010000000000.\spi_cs_n_q' using process `$paramod\boot_ctrl\FIRMWARE_WORDS=32'00000000000000000000010000000000.$proc$/home/jaikrishn/Documents/hardware/picorv32_axi4lite_port/rtl/boot_ctrl.sv:64$11'.
  created $dff cell `$procdff$312' with positive edge clock.
Creating register for signal `$paramod\boot_ctrl\FIRMWARE_WORDS=32'00000000000000000000010000000000.\cpu_rst_n_q' using process `$paramod\boot_ctrl\FIRMWARE_WORDS=32'00000000000000000000010000000000.$proc$/home/jaikrishn/Documents/hardware/picorv32_axi4lite_port/rtl/boot_ctrl.sv:64$11'.
  created $dff cell `$procdff$313' with positive edge clock.

8.10. Executing PROC_MEMWR pass (convert process memory writes to cells).

8.11. Executing PROC_CLEAN pass (remove empty switches from decision trees).
Found and cleaned up 6 empty switches in `$paramod\spi_master\CLK_DIV=32'00000000000000000000000000001000.$proc$/home/jaikrishn/Documents/hardware/picorv32_axi4lite_port/rtl/spi_master.sv:27$1'.
Removing empty process `$paramod\spi_master\CLK_DIV=32'00000000000000000000000000001000.$proc$/home/jaikrishn/Documents/hardware/picorv32_axi4lite_port/rtl/spi_master.sv:27$1'.
Found and cleaned up 8 empty switches in `$paramod\boot_ctrl\FIRMWARE_WORDS=32'00000000000000000000010000000000.$proc$/home/jaikrishn/Documents/hardware/picorv32_axi4lite_port/rtl/boot_ctrl.sv:143$17'.
Removing empty process `$paramod\boot_ctrl\FIRMWARE_WORDS=32'00000000000000000000010000000000.$proc$/home/jaikrishn/Documents/hardware/picorv32_axi4lite_port/rtl/boot_ctrl.sv:143$17'.
Found and cleaned up 4 empty switches in `$paramod\boot_ctrl\FIRMWARE_WORDS=32'00000000000000000000010000000000.$proc$/home/jaikrishn/Documents/hardware/picorv32_axi4lite_port/rtl/boot_ctrl.sv:64$11'.
Removing empty process `$paramod\boot_ctrl\FIRMWARE_WORDS=32'00000000000000000000010000000000.$proc$/home/jaikrishn/Documents/hardware/picorv32_axi4lite_port/rtl/boot_ctrl.sv:64$11'.
Cleaned up 18 empty switches.

8.12. Executing OPT_EXPR pass (perform const folding).
Optimizing module boot_spi_macro.
Optimizing module $paramod\spi_master\CLK_DIV=32'00000000000000000000000000001000.
<suppressed ~13 debug messages>
Optimizing module $paramod\boot_ctrl\FIRMWARE_WORDS=32'00000000000000000000010000000000.
<suppressed ~17 debug messages>

9. Executing FLATTEN pass (flatten design).
Deleting now unused module $paramod\spi_master\CLK_DIV=32'00000000000000000000000000001000.
Deleting now unused module $paramod\boot_ctrl\FIRMWARE_WORDS=32'00000000000000000000010000000000.
<suppressed ~2 debug messages>

10. Executing OPT_CLEAN pass (remove unused cells and wires).
Finding unused cells or wires in module \boot_spi_macro..
Removed 5 unused cells and 121 unused wires.
<suppressed ~37 debug messages>
