
===========================================================================
report_checks -unconstrained
===========================================================================
======================= nom_typ_1p20V_25C Corner ===================================

Startpoint: mem_axi_rvalid (input port clocked by clk_i)
Endpoint: _14964_ (rising edge-triggered flip-flop clocked by clk_i)
Path Group: clk_i
Path Type: max

Fanout         Cap        Slew       Delay        Time   Description
---------------------------------------------------------------------------------------------
                                  0.000000    0.000000   clock clk_i (rise edge)
                                  0.000000    0.000000   clock network delay (propagated)
                                  2.000000    2.000000 v input external delay
     1    0.002417    0.000000    0.000000    2.000000 v mem_axi_rvalid (in)
                                                         mem_axi_rvalid (net)
                      0.000125    0.000063    2.000063 v hold3096/A (sg13g2_dlygate4sd3_1)
     1    0.002786    0.036374    0.354920    2.354983 v hold3096/X (sg13g2_dlygate4sd3_1)
                                                         net3096 (net)
                      0.036374    0.000110    2.355093 v input36/A (sg13g2_buf_1)
     2    0.070131    0.222115    0.211626    2.566719 v input36/X (sg13g2_buf_1)
                                                         net36 (net)
                      0.223509    0.014399    2.581118 v _07663_/A1 (sg13g2_o21ai_1)
     1    0.003339    0.099479    0.140769    2.721887 ^ _07663_/Y (sg13g2_o21ai_1)
                                                         _01619_ (net)
                      0.099479    0.000227    2.722114 ^ fanout703/A (sg13g2_buf_1)
     5    0.072164    0.298084    0.279830    3.001944 ^ fanout703/X (sg13g2_buf_1)
                                                         net703 (net)
                      0.298583    0.010061    3.012005 ^ fanout702/A (sg13g2_buf_1)
     4    0.044617    0.186942    0.253186    3.265191 ^ fanout702/X (sg13g2_buf_1)
                                                         net702 (net)
                      0.186990    0.002499    3.267690 ^ fanout701/A (sg13g2_buf_1)
     8    0.067848    0.280653    0.292613    3.560303 ^ fanout701/X (sg13g2_buf_1)
                                                         net701 (net)
                      0.281048    0.008676    3.568980 ^ _07665_/B (sg13g2_or2_1)
     2    0.007688    0.047968    0.148837    3.717816 ^ _07665_/X (sg13g2_or2_1)
                                                         _01621_ (net)
                      0.047969    0.000220    3.718036 ^ _07672_/A1 (sg13g2_a21o_1)
     2    0.012519    0.063637    0.130212    3.848248 ^ _07672_/X (sg13g2_a21o_1)
                                                         _01628_ (net)
                      0.063644    0.000682    3.848930 ^ fanout519/A (sg13g2_buf_1)
     8    0.050550    0.209938    0.208648    4.057578 ^ fanout519/X (sg13g2_buf_1)
                                                         net519 (net)
                      0.209999    0.002972    4.060549 ^ _11241_/A (sg13g2_nand3_1)
     1    0.004538    0.090779    0.118408    4.178957 v _11241_/Y (sg13g2_nand3_1)
                                                         _03859_ (net)
                      0.090779    0.000343    4.179300 v _11245_/A (sg13g2_nand3_1)
     2    0.010096    0.069139    0.080399    4.259698 ^ _11245_/Y (sg13g2_nand3_1)
                                                         _03863_ (net)
                      0.069143    0.000560    4.260259 ^ _11247_/B1 (sg13g2_a21o_1)
     1    0.006503    0.045070    0.091359    4.351618 ^ _11247_/X (sg13g2_a21o_1)
                                                         _03865_ (net)
                      0.045071    0.000408    4.352026 ^ fanout242/A (sg13g2_buf_1)
     4    0.102015    0.418477    0.335621    4.687647 ^ fanout242/X (sg13g2_buf_1)
                                                         net242 (net)
                      0.418492    0.002170    4.689816 ^ fanout241/A (sg13g2_buf_1)
     4    0.049977    0.208704    0.287489    4.977306 ^ fanout241/X (sg13g2_buf_1)
                                                         net241 (net)
                      0.208929    0.004623    4.981928 ^ fanout240/A (sg13g2_buf_1)
     7    0.070812    0.293485    0.299155    5.281084 ^ fanout240/X (sg13g2_buf_1)
                                                         net240 (net)
                      0.295065    0.017555    5.298638 ^ fanout239/A (sg13g2_buf_1)
     7    0.043862    0.184743    0.248227    5.546865 ^ fanout239/X (sg13g2_buf_1)
                                                         net239 (net)
                      0.184771    0.001918    5.548783 ^ fanout238/A (sg13g2_buf_1)
     8    0.045380    0.190476    0.231525    5.780308 ^ fanout238/X (sg13g2_buf_1)
                                                         net238 (net)
                      0.190695    0.005302    5.785610 ^ _11500_/C1 (sg13g2_a221oi_1)
     1    0.003806    0.145607    0.078035    5.863645 v _11500_/Y (sg13g2_a221oi_1)
                                                         _04111_ (net)
                      0.145607    0.000151    5.863796 v _11501_/B1 (sg13g2_a21o_1)
     1    0.002340    0.028586    0.141430    6.005226 v _11501_/X (sg13g2_a21o_1)
                                                         _01335_ (net)
                      0.028586    0.000088    6.005314 v _14964_/D (sg13g2_dfrbpq_1)
                                              6.005314   data arrival time

                                 10.000000   10.000000   clock clk_i (rise edge)
                                  0.000000   10.000000   clock source latency
     1    0.075958    0.000000    0.000000   10.000000 ^ clk_i (in)
                                                         clk_i (net)
                      0.026275    0.013137   10.013137 ^ clkbuf_0_clk_i/A (sg13g2_buf_16)
    16    0.329867    0.094616    0.090000   10.103137 ^ clkbuf_0_clk_i/X (sg13g2_buf_16)
                                                         clknet_0_clk_i (net)
                      0.124510    0.040509   10.143646 ^ clkbuf_4_9_0_clk_i/A (sg13g2_buf_8)
     2    0.045665    0.038827    0.119139   10.262786 ^ clkbuf_4_9_0_clk_i/X (sg13g2_buf_8)
                                                         clknet_4_9_0_clk_i (net)
                      0.039379    0.003423   10.266209 ^ clkbuf_5_18__f_clk_i/A (sg13g2_buf_16)
     4    0.065317    0.029764    0.077195   10.343404 ^ clkbuf_5_18__f_clk_i/X (sg13g2_buf_16)
                                                         clknet_5_18__leaf_clk_i (net)
                      0.029915    0.001727   10.345130 ^ clkbuf_leaf_108_clk_i/A (sg13g2_buf_8)
    12    0.062473    0.043199    0.083865   10.428996 ^ clkbuf_leaf_108_clk_i/X (sg13g2_buf_8)
                                                         clknet_leaf_108_clk_i (net)
                      0.043667    0.003513   10.432508 ^ _14964_/CLK (sg13g2_dfrbpq_1)
                                 -0.200000   10.232509   clock uncertainty
                                  0.000000   10.232509   clock reconvergence pessimism
                                 -0.109673   10.122835   library setup time
                                             10.122835   data required time
---------------------------------------------------------------------------------------------
                                             10.122835   data required time
                                             -6.005314   data arrival time
---------------------------------------------------------------------------------------------
                                              4.117521   slack (MET)




===========================================================================
report_checks --slack_max -0.01
============================================================================
======================= nom_typ_1p20V_25C Corner ===================================

No paths found.


===========================================================================
 report_check_types -max_slew -max_cap -max_fanout -violators
============================================================================
======================= nom_typ_1p20V_25C Corner ===================================

max fanout

Pin                                   Limit Fanout  Slack
---------------------------------------------------------
clkbuf_0_clk_i/X                          8     16     -8 (VIOLATED)
clkbuf_leaf_44_clk_i/X                    8     15     -7 (VIOLATED)
clkbuf_leaf_61_clk_i/X                    8     15     -7 (VIOLATED)
clkbuf_leaf_83_clk_i/X                    8     15     -7 (VIOLATED)
clkbuf_leaf_8_clk_i/X                     8     15     -7 (VIOLATED)
clkbuf_leaf_0_clk_i/X                     8     14     -6 (VIOLATED)
clkbuf_leaf_114_clk_i/X                   8     14     -6 (VIOLATED)
clkbuf_leaf_119_clk_i/X                   8     14     -6 (VIOLATED)
clkbuf_leaf_11_clk_i/X                    8     14     -6 (VIOLATED)
clkbuf_leaf_121_clk_i/X                   8     14     -6 (VIOLATED)
clkbuf_leaf_13_clk_i/X                    8     14     -6 (VIOLATED)
clkbuf_leaf_16_clk_i/X                    8     14     -6 (VIOLATED)
clkbuf_leaf_1_clk_i/X                     8     14     -6 (VIOLATED)
clkbuf_leaf_26_clk_i/X                    8     14     -6 (VIOLATED)
clkbuf_leaf_30_clk_i/X                    8     14     -6 (VIOLATED)
clkbuf_leaf_31_clk_i/X                    8     14     -6 (VIOLATED)
clkbuf_leaf_32_clk_i/X                    8     14     -6 (VIOLATED)
clkbuf_leaf_34_clk_i/X                    8     14     -6 (VIOLATED)
clkbuf_leaf_39_clk_i/X                    8     14     -6 (VIOLATED)
clkbuf_leaf_41_clk_i/X                    8     14     -6 (VIOLATED)
clkbuf_leaf_42_clk_i/X                    8     14     -6 (VIOLATED)
clkbuf_leaf_59_clk_i/X                    8     14     -6 (VIOLATED)
clkbuf_leaf_63_clk_i/X                    8     14     -6 (VIOLATED)
clkbuf_leaf_65_clk_i/X                    8     14     -6 (VIOLATED)
clkbuf_leaf_6_clk_i/X                     8     14     -6 (VIOLATED)
clkbuf_leaf_100_clk_i/X                   8     13     -5 (VIOLATED)
clkbuf_leaf_101_clk_i/X                   8     13     -5 (VIOLATED)
clkbuf_leaf_102_clk_i/X                   8     13     -5 (VIOLATED)
clkbuf_leaf_103_clk_i/X                   8     13     -5 (VIOLATED)
clkbuf_leaf_105_clk_i/X                   8     13     -5 (VIOLATED)
clkbuf_leaf_106_clk_i/X                   8     13     -5 (VIOLATED)
clkbuf_leaf_107_clk_i/X                   8     13     -5 (VIOLATED)
clkbuf_leaf_10_clk_i/X                    8     13     -5 (VIOLATED)
clkbuf_leaf_110_clk_i/X                   8     13     -5 (VIOLATED)
clkbuf_leaf_111_clk_i/X                   8     13     -5 (VIOLATED)
clkbuf_leaf_112_clk_i/X                   8     13     -5 (VIOLATED)
clkbuf_leaf_113_clk_i/X                   8     13     -5 (VIOLATED)
clkbuf_leaf_115_clk_i/X                   8     13     -5 (VIOLATED)
clkbuf_leaf_116_clk_i/X                   8     13     -5 (VIOLATED)
clkbuf_leaf_118_clk_i/X                   8     13     -5 (VIOLATED)
clkbuf_leaf_120_clk_i/X                   8     13     -5 (VIOLATED)
clkbuf_leaf_123_clk_i/X                   8     13     -5 (VIOLATED)
clkbuf_leaf_124_clk_i/X                   8     13     -5 (VIOLATED)
clkbuf_leaf_126_clk_i/X                   8     13     -5 (VIOLATED)
clkbuf_leaf_127_clk_i/X                   8     13     -5 (VIOLATED)
clkbuf_leaf_129_clk_i/X                   8     13     -5 (VIOLATED)
clkbuf_leaf_131_clk_i/X                   8     13     -5 (VIOLATED)
clkbuf_leaf_14_clk_i/X                    8     13     -5 (VIOLATED)
clkbuf_leaf_15_clk_i/X                    8     13     -5 (VIOLATED)
clkbuf_leaf_20_clk_i/X                    8     13     -5 (VIOLATED)
clkbuf_leaf_21_clk_i/X                    8     13     -5 (VIOLATED)
clkbuf_leaf_22_clk_i/X                    8     13     -5 (VIOLATED)
clkbuf_leaf_23_clk_i/X                    8     13     -5 (VIOLATED)
clkbuf_leaf_24_clk_i/X                    8     13     -5 (VIOLATED)
clkbuf_leaf_25_clk_i/X                    8     13     -5 (VIOLATED)
clkbuf_leaf_27_clk_i/X                    8     13     -5 (VIOLATED)
clkbuf_leaf_33_clk_i/X                    8     13     -5 (VIOLATED)
clkbuf_leaf_35_clk_i/X                    8     13     -5 (VIOLATED)
clkbuf_leaf_36_clk_i/X                    8     13     -5 (VIOLATED)
clkbuf_leaf_37_clk_i/X                    8     13     -5 (VIOLATED)
clkbuf_leaf_38_clk_i/X                    8     13     -5 (VIOLATED)
clkbuf_leaf_3_clk_i/X                     8     13     -5 (VIOLATED)
clkbuf_leaf_40_clk_i/X                    8     13     -5 (VIOLATED)
clkbuf_leaf_43_clk_i/X                    8     13     -5 (VIOLATED)
clkbuf_leaf_46_clk_i/X                    8     13     -5 (VIOLATED)
clkbuf_leaf_49_clk_i/X                    8     13     -5 (VIOLATED)
clkbuf_leaf_50_clk_i/X                    8     13     -5 (VIOLATED)
clkbuf_leaf_51_clk_i/X                    8     13     -5 (VIOLATED)
clkbuf_leaf_52_clk_i/X                    8     13     -5 (VIOLATED)
clkbuf_leaf_55_clk_i/X                    8     13     -5 (VIOLATED)
clkbuf_leaf_56_clk_i/X                    8     13     -5 (VIOLATED)
clkbuf_leaf_5_clk_i/X                     8     13     -5 (VIOLATED)
clkbuf_leaf_60_clk_i/X                    8     13     -5 (VIOLATED)
clkbuf_leaf_67_clk_i/X                    8     13     -5 (VIOLATED)
clkbuf_leaf_68_clk_i/X                    8     13     -5 (VIOLATED)
clkbuf_leaf_72_clk_i/X                    8     13     -5 (VIOLATED)
clkbuf_leaf_74_clk_i/X                    8     13     -5 (VIOLATED)
clkbuf_leaf_75_clk_i/X                    8     13     -5 (VIOLATED)
clkbuf_leaf_76_clk_i/X                    8     13     -5 (VIOLATED)
clkbuf_leaf_78_clk_i/X                    8     13     -5 (VIOLATED)
clkbuf_leaf_79_clk_i/X                    8     13     -5 (VIOLATED)
clkbuf_leaf_7_clk_i/X                     8     13     -5 (VIOLATED)
clkbuf_leaf_80_clk_i/X                    8     13     -5 (VIOLATED)
clkbuf_leaf_81_clk_i/X                    8     13     -5 (VIOLATED)
clkbuf_leaf_82_clk_i/X                    8     13     -5 (VIOLATED)
clkbuf_leaf_89_clk_i/X                    8     13     -5 (VIOLATED)
clkbuf_leaf_90_clk_i/X                    8     13     -5 (VIOLATED)
clkbuf_leaf_91_clk_i/X                    8     13     -5 (VIOLATED)
clkbuf_leaf_95_clk_i/X                    8     13     -5 (VIOLATED)
clkbuf_leaf_96_clk_i/X                    8     13     -5 (VIOLATED)
clkbuf_leaf_97_clk_i/X                    8     13     -5 (VIOLATED)
clkbuf_leaf_99_clk_i/X                    8     13     -5 (VIOLATED)
clkbuf_leaf_9_clk_i/X                     8     13     -5 (VIOLATED)
clkbuf_leaf_104_clk_i/X                   8     12     -4 (VIOLATED)
clkbuf_leaf_108_clk_i/X                   8     12     -4 (VIOLATED)
clkbuf_leaf_117_clk_i/X                   8     12     -4 (VIOLATED)
clkbuf_leaf_122_clk_i/X                   8     12     -4 (VIOLATED)
clkbuf_leaf_125_clk_i/X                   8     12     -4 (VIOLATED)
clkbuf_leaf_128_clk_i/X                   8     12     -4 (VIOLATED)
clkbuf_leaf_12_clk_i/X                    8     12     -4 (VIOLATED)
clkbuf_leaf_28_clk_i/X                    8     12     -4 (VIOLATED)
clkbuf_leaf_29_clk_i/X                    8     12     -4 (VIOLATED)
clkbuf_leaf_2_clk_i/X                     8     12     -4 (VIOLATED)
clkbuf_leaf_47_clk_i/X                    8     12     -4 (VIOLATED)
clkbuf_leaf_4_clk_i/X                     8     12     -4 (VIOLATED)
clkbuf_leaf_53_clk_i/X                    8     12     -4 (VIOLATED)
clkbuf_leaf_57_clk_i/X                    8     12     -4 (VIOLATED)
clkbuf_leaf_58_clk_i/X                    8     12     -4 (VIOLATED)
clkbuf_leaf_62_clk_i/X                    8     12     -4 (VIOLATED)
clkbuf_leaf_69_clk_i/X                    8     12     -4 (VIOLATED)
clkbuf_leaf_70_clk_i/X                    8     12     -4 (VIOLATED)
clkbuf_leaf_71_clk_i/X                    8     12     -4 (VIOLATED)
clkbuf_leaf_73_clk_i/X                    8     12     -4 (VIOLATED)
clkbuf_leaf_77_clk_i/X                    8     12     -4 (VIOLATED)
clkbuf_leaf_84_clk_i/X                    8     12     -4 (VIOLATED)
clkbuf_leaf_87_clk_i/X                    8     12     -4 (VIOLATED)
clkbuf_leaf_98_clk_i/X                    8     12     -4 (VIOLATED)
clkbuf_leaf_130_clk_i/X                   8     11     -3 (VIOLATED)
clkbuf_leaf_19_clk_i/X                    8     11     -3 (VIOLATED)
clkbuf_leaf_45_clk_i/X                    8     11     -3 (VIOLATED)
clkbuf_leaf_54_clk_i/X                    8     11     -3 (VIOLATED)
clkbuf_leaf_64_clk_i/X                    8     11     -3 (VIOLATED)
clkbuf_leaf_86_clk_i/X                    8     11     -3 (VIOLATED)
clkbuf_leaf_88_clk_i/X                    8     11     -3 (VIOLATED)
clkbuf_leaf_93_clk_i/X                    8     11     -3 (VIOLATED)
clkbuf_leaf_94_clk_i/X                    8     11     -3 (VIOLATED)
clkbuf_leaf_109_clk_i/X                   8     10     -2 (VIOLATED)
clkbuf_leaf_17_clk_i/X                    8     10     -2 (VIOLATED)
clkbuf_leaf_48_clk_i/X                    8     10     -2 (VIOLATED)
clkbuf_leaf_85_clk_i/X                    8     10     -2 (VIOLATED)
fanout459/X                               8     10     -2 (VIOLATED)
fanout489/X                               8     10     -2 (VIOLATED)
fanout308/X                               8      9        (VIOLATED)
fanout372/X                               8      9        (VIOLATED)



===========================================================================
report_parasitic_annotation -report_unannotated
============================================================================
Found 95 unannotated drivers.
 mem_axi_bresp[0]
 mem_axi_bresp[1]
 mem_axi_rresp[0]
 mem_axi_rresp[1]
 clkload0/X
 clkload1/X
 clkload10/X
 clkload11/X
 clkload12/Y
 clkload13/X
 clkload14/Y
 clkload15/Y
 clkload16/Y
 clkload17/Y
 clkload18/Y
 clkload19/Y
 clkload2/X
 clkload20/Y
 clkload21/Y
 clkload22/Y
 clkload23/Y
 clkload24/Y
 clkload25/Y
 clkload26/Y
 clkload27/Y
 clkload28/Y
 clkload29/Y
 clkload3/X
 clkload30/Y
 clkload31/X
 clkload32/Y
 clkload33/Y
 clkload34/Y
 clkload35/X
 clkload36/Y
 clkload37/Y
 clkload38/Y
 clkload39/Y
 clkload4/X
 clkload40/X
 clkload41/Y
 clkload42/Y
 clkload43/Y
 clkload44/Y
 clkload45/Y
 clkload46/X
 clkload47/Y
 clkload48/Y
 clkload49/Y
 clkload5/X
 clkload50/Y
 clkload51/Y
 clkload52/Y
 clkload53/Y
 clkload54/Y
 clkload55/Y
 clkload56/Y
 clkload57/Y
 clkload58/X
 clkload59/Y
 clkload6/Y
 clkload60/Y
 clkload61/Y
 clkload62/Y
 clkload63/Y
 clkload64/Y
 clkload65/Y
 clkload66/Y
 clkload67/Y
 clkload68/X
 clkload69/Y
 clkload7/Y
 clkload70/Y
 clkload71/Y
 clkload72/Y
 clkload73/Y
 clkload74/Y
 clkload75/Y
 clkload76/X
 clkload77/Y
 clkload78/Y
 clkload79/Y
 clkload8/Y
 clkload80/Y
 clkload81/X
 clkload82/Y
 clkload83/Y
 clkload84/Y
 clkload85/Y
 clkload86/X
 clkload87/Y
 clkload88/Y
 clkload89/Y
 clkload9/Y
 clkload90/Y
Found 0 partially unannotated drivers.

===========================================================================
max slew violation count 0
max fanout violation count 134
max cap violation count 0
============================================================================

===========================================================================
check_setup -verbose -unconstrained_endpoints -multiple_clock -no_clock -no_input_delay -loops -generated_clocks
===========================================================================
