Clock: clk_i
Sources: clk_i 
Generated: no
Virtual: yes
Propagated: no
Period: 10.000000

===========================================================================
report_clock_properties
============================================================================
Clock                   Period          Waveform
----------------------------------------------------
clk_i                10.000000    0.000000  5.000000

===========================================================================
report_clock_latency
============================================================================
Clock clk_i
rise -> rise
    min     max
0.000000 0.000000 source latency
0.423852         network latency _15029_/CLK
        0.483088 network latency _14018_/CLK
---------------
0.423852 0.483088 latency
        0.059236 skew

fall -> fall
    min     max
0.000000 0.000000 source latency
0.432245         network latency _15029_/CLK
        0.488355 network latency _14018_/CLK
---------------
0.432245 0.488355 latency
        0.056110 skew



===========================================================================
report_clock_min_period
============================================================================
clk_i period_min = 5.79 fmax = 172.68
