Reading timing models for corner nom_fast_1p32V_m40C…
Reading timing library for the 'nom_fast_1p32V_m40C' corner at '/home/jaikrishn/IHP-Open-PDK/ihp-sg13g2/libs.ref/sg13g2_stdcell/lib/sg13g2_stdcell_fast_1p32V_m40C.lib'…
Reading timing library for the 'nom_fast_1p32V_m40C' corner at '/home/jaikrishn/IHP-Open-PDK/ihp-sg13g2/libs.ref/sg13g2_io/lib/sg13g2_io_fast_1p32V_3p6V_m40C.lib'…
Reading timing models for corner nom_slow_1p08V_125C…
Reading timing library for the 'nom_slow_1p08V_125C' corner at '/home/jaikrishn/IHP-Open-PDK/ihp-sg13g2/libs.ref/sg13g2_stdcell/lib/sg13g2_stdcell_slow_1p08V_125C.lib'…
Reading timing library for the 'nom_slow_1p08V_125C' corner at '/home/jaikrishn/IHP-Open-PDK/ihp-sg13g2/libs.ref/sg13g2_io/lib/sg13g2_io_slow_1p08V_3p0V_125C.lib'…
Reading timing models for corner nom_typ_1p20V_25C…
Reading timing library for the 'nom_typ_1p20V_25C' corner at '/home/jaikrishn/IHP-Open-PDK/ihp-sg13g2/libs.ref/sg13g2_stdcell/lib/sg13g2_stdcell_typ_1p20V_25C.lib'…
Reading timing library for the 'nom_typ_1p20V_25C' corner at '/home/jaikrishn/IHP-Open-PDK/ihp-sg13g2/libs.ref/sg13g2_io/lib/sg13g2_io_typ_1p2V_3p3V_25C.lib'…
Reading OpenROAD database at '/home/jaikrishn/Documents/hardware/picorv32_axi4lite_port/phyisical_design/macros/picorv32/runs/run_2/28-openroad-globalplacement/picorv32_macro.odb'…
Reading design constraints file at '/home/jaikrishn/Documents/hardware/picorv32_axi4lite_port/phyisical_design/macros/picorv32/constraint.sdc'…
[INFO] No information on clock propagation in input SDC file-- propagating all clocks.
[INFO RSZ-0027] Inserted 38 sg13g2_buf_1 input buffers.
[INFO RSZ-0028] Inserted 103 sg13g2_buf_1 output buffers.
+ repair_design -verbose -max_wire_length 0.0 -slew_margin 20.0 -cap_margin 20.0
Iteration |   Area    | Resized | Buffers | Nets repaired | Remaining
---------------------------------------------------------------------
        0 |     +0.0% |       0 |       0 |             0 |      9453
     1000 |     +0.2% |       0 |      41 |            16 |      8453
     2000 |     +0.6% |       0 |     145 |            59 |      7453
     3000 |     +2.0% |       3 |     378 |           118 |      6453
     4000 |     +3.2% |       4 |     602 |           183 |      5453
     5000 |     +3.6% |       6 |     687 |           219 |      4453
     6000 |     +3.9% |       6 |     760 |           240 |      3453
     7000 |     +6.8% |       8 |    1399 |           382 |      2453
     8000 |     +8.1% |       8 |    1658 |           426 |      1453
     9000 |     +8.1% |       8 |    1658 |           426 |       453
    final |     +8.1% |       8 |    1658 |           426 |         0
---------------------------------------------------------------------
[INFO RSZ-0034] Found 359 slew violations.
[INFO RSZ-0035] Found 261 fanout violations.
[INFO RSZ-0036] Found 21 capacitance violations.
[INFO RSZ-0039] Resized 8 instances.
[INFO RSZ-0038] Inserted 1658 buffers in 426 nets.
[INFO RSZ-0042] Inserted 9 tie sg13g2_tielo instances.
[INFO RSZ-0042] Inserted 1594 tie sg13g2_tiehi instances.
+ detailed_placement -max_displacement  500 100 
Placement Analysis
---------------------------------
total displacement      37933.2 u
average displacement        3.4 u
max displacement           21.4 u
original HPWL          458110.0 u
legalized HPWL         485660.2 u
delta HPWL                    6 %

[INFO DPL-0020] Mirrored 5099 instances
[INFO DPL-0021] HPWL before          485660.2 u
[INFO DPL-0022] HPWL after           477250.3 u
[INFO DPL-0023] HPWL delta               -1.7 %
Setting global connections for newly added cells…
[INFO] Setting global connections...
[INFO ODB-0403] 6804 connections made, 0 conflicts skipped.
Updating metrics…
Cell type report:                       Count       Area
  Buffer                                   63     457.23
  Timing Repair Buffer                   1799   15377.04
  Inverter                                 71     386.47
  Sequential cell                        1594   78088.15
  Multi-Input combinational cell         7545   97692.74
  Total                                 11072  192001.62
Writing OpenROAD database to '/home/jaikrishn/Documents/hardware/picorv32_axi4lite_port/phyisical_design/macros/picorv32/runs/run_2/32-openroad-repairdesignpostgpl/picorv32_macro.odb'…
Writing netlist to '/home/jaikrishn/Documents/hardware/picorv32_axi4lite_port/phyisical_design/macros/picorv32/runs/run_2/32-openroad-repairdesignpostgpl/picorv32_macro.nl.v'…
Writing powered netlist to '/home/jaikrishn/Documents/hardware/picorv32_axi4lite_port/phyisical_design/macros/picorv32/runs/run_2/32-openroad-repairdesignpostgpl/picorv32_macro.pnl.v'…
Writing layout to '/home/jaikrishn/Documents/hardware/picorv32_axi4lite_port/phyisical_design/macros/picorv32/runs/run_2/32-openroad-repairdesignpostgpl/picorv32_macro.def'…
Writing timing constraints to '/home/jaikrishn/Documents/hardware/picorv32_axi4lite_port/phyisical_design/macros/picorv32/runs/run_2/32-openroad-repairdesignpostgpl/picorv32_macro.sdc'…
